[2025-10-07T21:54:23.815+0000] {processor.py:161} INFO - Started process (PID=45) to work on /opt/airflow/dags/airflow.py
[2025-10-07T21:54:23.817+0000] {processor.py:830} INFO - Processing file /opt/airflow/dags/airflow.py for tasks to queue
[2025-10-07T21:54:23.819+0000] {logging_mixin.py:188} INFO - [2025-10-07T21:54:23.819+0000] {dagbag.py:545} INFO - Filling up the DagBag from /opt/airflow/dags/airflow.py
[2025-10-07T21:54:23.849+0000] {logging_mixin.py:188} INFO - [2025-10-07T21:54:23.847+0000] {dagbag.py:355} ERROR - Failed to import: /opt/airflow/dags/airflow.py
Traceback (most recent call last):
  File "/home/airflow/.local/lib/python3.12/site-packages/airflow/models/dagbag.py", line 351, in parse
    loader.exec_module(new_module)
  File "<frozen importlib._bootstrap_external>", line 995, in exec_module
  File "<frozen importlib._bootstrap>", line 488, in _call_with_frames_removed
  File "/opt/airflow/dags/airflow.py", line 5, in <module>
    from src.lab import load_data, data_preprocessing, build_save_model,load_model_elbow
ModuleNotFoundError: No module named 'src'
[2025-10-07T21:54:23.849+0000] {processor.py:842} WARNING - No viable dags retrieved from /opt/airflow/dags/airflow.py
[2025-10-07T21:54:23.875+0000] {processor.py:183} INFO - Processing /opt/airflow/dags/airflow.py took 0.064 seconds
[2025-10-07T21:54:54.849+0000] {processor.py:161} INFO - Started process (PID=104) to work on /opt/airflow/dags/airflow.py
[2025-10-07T21:54:54.850+0000] {processor.py:830} INFO - Processing file /opt/airflow/dags/airflow.py for tasks to queue
[2025-10-07T21:54:54.853+0000] {logging_mixin.py:188} INFO - [2025-10-07T21:54:54.853+0000] {dagbag.py:545} INFO - Filling up the DagBag from /opt/airflow/dags/airflow.py
[2025-10-07T21:54:54.862+0000] {logging_mixin.py:188} INFO - [2025-10-07T21:54:54.859+0000] {dagbag.py:355} ERROR - Failed to import: /opt/airflow/dags/airflow.py
Traceback (most recent call last):
  File "/home/airflow/.local/lib/python3.12/site-packages/airflow/models/dagbag.py", line 351, in parse
    loader.exec_module(new_module)
  File "<frozen importlib._bootstrap_external>", line 995, in exec_module
  File "<frozen importlib._bootstrap>", line 488, in _call_with_frames_removed
  File "/opt/airflow/dags/airflow.py", line 5, in <module>
    from src.lab import load_data, data_preprocessing, build_save_model,load_model_elbow
ModuleNotFoundError: No module named 'src'
[2025-10-07T21:54:54.864+0000] {processor.py:842} WARNING - No viable dags retrieved from /opt/airflow/dags/airflow.py
[2025-10-07T21:54:54.883+0000] {processor.py:183} INFO - Processing /opt/airflow/dags/airflow.py took 0.046 seconds
[2025-10-07T21:55:24.974+0000] {processor.py:161} INFO - Started process (PID=163) to work on /opt/airflow/dags/airflow.py
[2025-10-07T21:55:24.974+0000] {processor.py:830} INFO - Processing file /opt/airflow/dags/airflow.py for tasks to queue
[2025-10-07T21:55:24.975+0000] {logging_mixin.py:188} INFO - [2025-10-07T21:55:24.975+0000] {dagbag.py:545} INFO - Filling up the DagBag from /opt/airflow/dags/airflow.py
[2025-10-07T21:55:24.979+0000] {logging_mixin.py:188} INFO - [2025-10-07T21:55:24.978+0000] {dagbag.py:355} ERROR - Failed to import: /opt/airflow/dags/airflow.py
Traceback (most recent call last):
  File "/home/airflow/.local/lib/python3.12/site-packages/airflow/models/dagbag.py", line 351, in parse
    loader.exec_module(new_module)
  File "<frozen importlib._bootstrap_external>", line 995, in exec_module
  File "<frozen importlib._bootstrap>", line 488, in _call_with_frames_removed
  File "/opt/airflow/dags/airflow.py", line 5, in <module>
    from src.lab import load_data, data_preprocessing, build_save_model,load_model_elbow
ModuleNotFoundError: No module named 'src'
[2025-10-07T21:55:24.980+0000] {processor.py:842} WARNING - No viable dags retrieved from /opt/airflow/dags/airflow.py
[2025-10-07T21:55:24.993+0000] {processor.py:183} INFO - Processing /opt/airflow/dags/airflow.py took 0.026 seconds
[2025-10-07T21:55:55.121+0000] {processor.py:161} INFO - Started process (PID=222) to work on /opt/airflow/dags/airflow.py
[2025-10-07T21:55:55.122+0000] {processor.py:830} INFO - Processing file /opt/airflow/dags/airflow.py for tasks to queue
[2025-10-07T21:55:55.129+0000] {logging_mixin.py:188} INFO - [2025-10-07T21:55:55.127+0000] {dagbag.py:545} INFO - Filling up the DagBag from /opt/airflow/dags/airflow.py
[2025-10-07T21:55:55.137+0000] {logging_mixin.py:188} INFO - [2025-10-07T21:55:55.135+0000] {dagbag.py:355} ERROR - Failed to import: /opt/airflow/dags/airflow.py
Traceback (most recent call last):
  File "/home/airflow/.local/lib/python3.12/site-packages/airflow/models/dagbag.py", line 351, in parse
    loader.exec_module(new_module)
  File "<frozen importlib._bootstrap_external>", line 995, in exec_module
  File "<frozen importlib._bootstrap>", line 488, in _call_with_frames_removed
  File "/opt/airflow/dags/airflow.py", line 5, in <module>
    from src.lab import load_data, data_preprocessing, build_save_model,load_model_elbow
ModuleNotFoundError: No module named 'src'
[2025-10-07T21:55:55.138+0000] {processor.py:842} WARNING - No viable dags retrieved from /opt/airflow/dags/airflow.py
[2025-10-07T21:55:55.163+0000] {processor.py:183} INFO - Processing /opt/airflow/dags/airflow.py took 0.054 seconds
[2025-10-07T21:56:25.324+0000] {processor.py:161} INFO - Started process (PID=281) to work on /opt/airflow/dags/airflow.py
[2025-10-07T21:56:25.324+0000] {processor.py:830} INFO - Processing file /opt/airflow/dags/airflow.py for tasks to queue
[2025-10-07T21:56:25.326+0000] {logging_mixin.py:188} INFO - [2025-10-07T21:56:25.325+0000] {dagbag.py:545} INFO - Filling up the DagBag from /opt/airflow/dags/airflow.py
[2025-10-07T21:56:25.329+0000] {logging_mixin.py:188} INFO - [2025-10-07T21:56:25.328+0000] {dagbag.py:355} ERROR - Failed to import: /opt/airflow/dags/airflow.py
Traceback (most recent call last):
  File "/home/airflow/.local/lib/python3.12/site-packages/airflow/models/dagbag.py", line 351, in parse
    loader.exec_module(new_module)
  File "<frozen importlib._bootstrap_external>", line 995, in exec_module
  File "<frozen importlib._bootstrap>", line 488, in _call_with_frames_removed
  File "/opt/airflow/dags/airflow.py", line 5, in <module>
    from src.lab import load_data, data_preprocessing, build_save_model,load_model_elbow
ModuleNotFoundError: No module named 'src'
[2025-10-07T21:56:25.330+0000] {processor.py:842} WARNING - No viable dags retrieved from /opt/airflow/dags/airflow.py
[2025-10-07T21:56:25.346+0000] {processor.py:183} INFO - Processing /opt/airflow/dags/airflow.py took 0.029 seconds
[2025-10-07T21:56:56.117+0000] {processor.py:161} INFO - Started process (PID=340) to work on /opt/airflow/dags/airflow.py
[2025-10-07T21:56:56.117+0000] {processor.py:830} INFO - Processing file /opt/airflow/dags/airflow.py for tasks to queue
[2025-10-07T21:56:56.121+0000] {logging_mixin.py:188} INFO - [2025-10-07T21:56:56.121+0000] {dagbag.py:545} INFO - Filling up the DagBag from /opt/airflow/dags/airflow.py
[2025-10-07T21:56:56.127+0000] {logging_mixin.py:188} INFO - [2025-10-07T21:56:56.126+0000] {dagbag.py:355} ERROR - Failed to import: /opt/airflow/dags/airflow.py
Traceback (most recent call last):
  File "/home/airflow/.local/lib/python3.12/site-packages/airflow/models/dagbag.py", line 351, in parse
    loader.exec_module(new_module)
  File "<frozen importlib._bootstrap_external>", line 995, in exec_module
  File "<frozen importlib._bootstrap>", line 488, in _call_with_frames_removed
  File "/opt/airflow/dags/airflow.py", line 5, in <module>
    from src.lab import load_data, data_preprocessing, build_save_model,load_model_elbow
ModuleNotFoundError: No module named 'src'
[2025-10-07T21:56:56.128+0000] {processor.py:842} WARNING - No viable dags retrieved from /opt/airflow/dags/airflow.py
[2025-10-07T21:56:56.149+0000] {processor.py:183} INFO - Processing /opt/airflow/dags/airflow.py took 0.044 seconds
[2025-10-07T21:57:26.409+0000] {processor.py:161} INFO - Started process (PID=399) to work on /opt/airflow/dags/airflow.py
[2025-10-07T21:57:26.410+0000] {processor.py:830} INFO - Processing file /opt/airflow/dags/airflow.py for tasks to queue
[2025-10-07T21:57:26.414+0000] {logging_mixin.py:188} INFO - [2025-10-07T21:57:26.414+0000] {dagbag.py:545} INFO - Filling up the DagBag from /opt/airflow/dags/airflow.py
[2025-10-07T21:57:26.425+0000] {logging_mixin.py:188} INFO - [2025-10-07T21:57:26.422+0000] {dagbag.py:355} ERROR - Failed to import: /opt/airflow/dags/airflow.py
Traceback (most recent call last):
  File "/home/airflow/.local/lib/python3.12/site-packages/airflow/models/dagbag.py", line 351, in parse
    loader.exec_module(new_module)
  File "<frozen importlib._bootstrap_external>", line 995, in exec_module
  File "<frozen importlib._bootstrap>", line 488, in _call_with_frames_removed
  File "/opt/airflow/dags/airflow.py", line 5, in <module>
    from src.lab import load_data, data_preprocessing, build_save_model,load_model_elbow
ModuleNotFoundError: No module named 'src'
[2025-10-07T21:57:26.425+0000] {processor.py:842} WARNING - No viable dags retrieved from /opt/airflow/dags/airflow.py
[2025-10-07T21:57:26.442+0000] {processor.py:183} INFO - Processing /opt/airflow/dags/airflow.py took 0.053 seconds
[2025-10-07T21:58:26.138+0000] {processor.py:161} INFO - Started process (PID=458) to work on /opt/airflow/dags/airflow.py
[2025-10-07T21:58:26.139+0000] {processor.py:830} INFO - Processing file /opt/airflow/dags/airflow.py for tasks to queue
[2025-10-07T21:58:26.141+0000] {logging_mixin.py:188} INFO - [2025-10-07T21:58:26.141+0000] {dagbag.py:545} INFO - Filling up the DagBag from /opt/airflow/dags/airflow.py
[2025-10-07T21:58:26.150+0000] {logging_mixin.py:188} INFO - [2025-10-07T21:58:26.149+0000] {dagbag.py:355} ERROR - Failed to import: /opt/airflow/dags/airflow.py
Traceback (most recent call last):
  File "/home/airflow/.local/lib/python3.12/site-packages/airflow/models/dagbag.py", line 351, in parse
    loader.exec_module(new_module)
  File "<frozen importlib._bootstrap_external>", line 995, in exec_module
  File "<frozen importlib._bootstrap>", line 488, in _call_with_frames_removed
  File "/opt/airflow/dags/airflow.py", line 5, in <module>
    from src.lab import load_data, data_preprocessing, build_save_model,load_model_elbow
ModuleNotFoundError: No module named 'src'
[2025-10-07T21:58:26.151+0000] {processor.py:842} WARNING - No viable dags retrieved from /opt/airflow/dags/airflow.py
[2025-10-07T21:58:26.179+0000] {processor.py:183} INFO - Processing /opt/airflow/dags/airflow.py took 0.050 seconds
[2025-10-07T21:59:31.243+0000] {processor.py:161} INFO - Started process (PID=517) to work on /opt/airflow/dags/airflow.py
[2025-10-07T21:59:31.247+0000] {processor.py:830} INFO - Processing file /opt/airflow/dags/airflow.py for tasks to queue
[2025-10-07T21:59:31.257+0000] {logging_mixin.py:188} INFO - [2025-10-07T21:59:31.257+0000] {dagbag.py:545} INFO - Filling up the DagBag from /opt/airflow/dags/airflow.py
[2025-10-07T21:59:31.275+0000] {logging_mixin.py:188} INFO - [2025-10-07T21:59:31.271+0000] {dagbag.py:355} ERROR - Failed to import: /opt/airflow/dags/airflow.py
Traceback (most recent call last):
  File "/home/airflow/.local/lib/python3.12/site-packages/airflow/models/dagbag.py", line 351, in parse
    loader.exec_module(new_module)
  File "<frozen importlib._bootstrap_external>", line 995, in exec_module
  File "<frozen importlib._bootstrap>", line 488, in _call_with_frames_removed
  File "/opt/airflow/dags/airflow.py", line 5, in <module>
    from src.lab import load_data, data_preprocessing, build_save_model,load_model_elbow
ModuleNotFoundError: No module named 'src'
[2025-10-07T21:59:31.279+0000] {processor.py:842} WARNING - No viable dags retrieved from /opt/airflow/dags/airflow.py
[2025-10-07T21:59:31.307+0000] {processor.py:183} INFO - Processing /opt/airflow/dags/airflow.py took 0.077 seconds
[2025-10-07T22:01:51.533+0000] {processor.py:161} INFO - Started process (PID=576) to work on /opt/airflow/dags/airflow.py
[2025-10-07T22:01:51.535+0000] {processor.py:830} INFO - Processing file /opt/airflow/dags/airflow.py for tasks to queue
[2025-10-07T22:01:51.539+0000] {logging_mixin.py:188} INFO - [2025-10-07T22:01:51.539+0000] {dagbag.py:545} INFO - Filling up the DagBag from /opt/airflow/dags/airflow.py
[2025-10-07T22:01:51.548+0000] {logging_mixin.py:188} INFO - [2025-10-07T22:01:51.547+0000] {dagbag.py:355} ERROR - Failed to import: /opt/airflow/dags/airflow.py
Traceback (most recent call last):
  File "/home/airflow/.local/lib/python3.12/site-packages/airflow/models/dagbag.py", line 351, in parse
    loader.exec_module(new_module)
  File "<frozen importlib._bootstrap_external>", line 995, in exec_module
  File "<frozen importlib._bootstrap>", line 488, in _call_with_frames_removed
  File "/opt/airflow/dags/airflow.py", line 5, in <module>
    from src.lab import load_data, data_preprocessing, build_save_model,load_model_elbow
ModuleNotFoundError: No module named 'src'
[2025-10-07T22:01:51.549+0000] {processor.py:842} WARNING - No viable dags retrieved from /opt/airflow/dags/airflow.py
[2025-10-07T22:01:51.580+0000] {processor.py:183} INFO - Processing /opt/airflow/dags/airflow.py took 0.061 seconds
[2025-10-07T22:04:54.780+0000] {processor.py:161} INFO - Started process (PID=635) to work on /opt/airflow/dags/airflow.py
[2025-10-07T22:04:54.782+0000] {processor.py:830} INFO - Processing file /opt/airflow/dags/airflow.py for tasks to queue
[2025-10-07T22:04:54.788+0000] {logging_mixin.py:188} INFO - [2025-10-07T22:04:54.787+0000] {dagbag.py:545} INFO - Filling up the DagBag from /opt/airflow/dags/airflow.py
[2025-10-07T22:04:54.799+0000] {logging_mixin.py:188} INFO - [2025-10-07T22:04:54.797+0000] {dagbag.py:355} ERROR - Failed to import: /opt/airflow/dags/airflow.py
Traceback (most recent call last):
  File "/home/airflow/.local/lib/python3.12/site-packages/airflow/models/dagbag.py", line 351, in parse
    loader.exec_module(new_module)
  File "<frozen importlib._bootstrap_external>", line 995, in exec_module
  File "<frozen importlib._bootstrap>", line 488, in _call_with_frames_removed
  File "/opt/airflow/dags/airflow.py", line 5, in <module>
    from src.lab import load_data, data_preprocessing, build_save_model,load_model_elbow
ModuleNotFoundError: No module named 'src'
[2025-10-07T22:04:54.800+0000] {processor.py:842} WARNING - No viable dags retrieved from /opt/airflow/dags/airflow.py
[2025-10-07T22:04:54.841+0000] {processor.py:183} INFO - Processing /opt/airflow/dags/airflow.py took 0.075 seconds
[2025-10-07T22:05:25.140+0000] {processor.py:161} INFO - Started process (PID=694) to work on /opt/airflow/dags/airflow.py
[2025-10-07T22:05:25.141+0000] {processor.py:830} INFO - Processing file /opt/airflow/dags/airflow.py for tasks to queue
[2025-10-07T22:05:25.145+0000] {logging_mixin.py:188} INFO - [2025-10-07T22:05:25.145+0000] {dagbag.py:545} INFO - Filling up the DagBag from /opt/airflow/dags/airflow.py
[2025-10-07T22:05:25.156+0000] {logging_mixin.py:188} INFO - [2025-10-07T22:05:25.152+0000] {dagbag.py:355} ERROR - Failed to import: /opt/airflow/dags/airflow.py
Traceback (most recent call last):
  File "/home/airflow/.local/lib/python3.12/site-packages/airflow/models/dagbag.py", line 351, in parse
    loader.exec_module(new_module)
  File "<frozen importlib._bootstrap_external>", line 995, in exec_module
  File "<frozen importlib._bootstrap>", line 488, in _call_with_frames_removed
  File "/opt/airflow/dags/airflow.py", line 5, in <module>
    from src.lab import load_data, data_preprocessing, build_save_model,load_model_elbow
ModuleNotFoundError: No module named 'src'
[2025-10-07T22:05:25.157+0000] {processor.py:842} WARNING - No viable dags retrieved from /opt/airflow/dags/airflow.py
[2025-10-07T22:05:25.181+0000] {processor.py:183} INFO - Processing /opt/airflow/dags/airflow.py took 0.051 seconds
[2025-10-07T22:05:55.358+0000] {processor.py:161} INFO - Started process (PID=753) to work on /opt/airflow/dags/airflow.py
[2025-10-07T22:05:55.359+0000] {processor.py:830} INFO - Processing file /opt/airflow/dags/airflow.py for tasks to queue
[2025-10-07T22:05:55.362+0000] {logging_mixin.py:188} INFO - [2025-10-07T22:05:55.361+0000] {dagbag.py:545} INFO - Filling up the DagBag from /opt/airflow/dags/airflow.py
[2025-10-07T22:05:55.369+0000] {logging_mixin.py:188} INFO - [2025-10-07T22:05:55.368+0000] {dagbag.py:355} ERROR - Failed to import: /opt/airflow/dags/airflow.py
Traceback (most recent call last):
  File "/home/airflow/.local/lib/python3.12/site-packages/airflow/models/dagbag.py", line 351, in parse
    loader.exec_module(new_module)
  File "<frozen importlib._bootstrap_external>", line 995, in exec_module
  File "<frozen importlib._bootstrap>", line 488, in _call_with_frames_removed
  File "/opt/airflow/dags/airflow.py", line 5, in <module>
    from src.lab import load_data, data_preprocessing, build_save_model,load_model_elbow
ModuleNotFoundError: No module named 'src'
[2025-10-07T22:05:55.370+0000] {processor.py:842} WARNING - No viable dags retrieved from /opt/airflow/dags/airflow.py
[2025-10-07T22:05:55.384+0000] {processor.py:183} INFO - Processing /opt/airflow/dags/airflow.py took 0.033 seconds
[2025-10-07T22:06:25.448+0000] {processor.py:161} INFO - Started process (PID=812) to work on /opt/airflow/dags/airflow.py
[2025-10-07T22:06:25.449+0000] {processor.py:830} INFO - Processing file /opt/airflow/dags/airflow.py for tasks to queue
[2025-10-07T22:06:25.450+0000] {logging_mixin.py:188} INFO - [2025-10-07T22:06:25.450+0000] {dagbag.py:545} INFO - Filling up the DagBag from /opt/airflow/dags/airflow.py
[2025-10-07T22:06:25.458+0000] {logging_mixin.py:188} INFO - [2025-10-07T22:06:25.457+0000] {dagbag.py:355} ERROR - Failed to import: /opt/airflow/dags/airflow.py
Traceback (most recent call last):
  File "/home/airflow/.local/lib/python3.12/site-packages/airflow/models/dagbag.py", line 351, in parse
    loader.exec_module(new_module)
  File "<frozen importlib._bootstrap_external>", line 995, in exec_module
  File "<frozen importlib._bootstrap>", line 488, in _call_with_frames_removed
  File "/opt/airflow/dags/airflow.py", line 5, in <module>
    from src.lab import load_data, data_preprocessing, build_save_model,load_model_elbow
ModuleNotFoundError: No module named 'src'
[2025-10-07T22:06:25.459+0000] {processor.py:842} WARNING - No viable dags retrieved from /opt/airflow/dags/airflow.py
[2025-10-07T22:06:25.480+0000] {processor.py:183} INFO - Processing /opt/airflow/dags/airflow.py took 0.038 seconds
[2025-10-07T22:06:55.551+0000] {processor.py:161} INFO - Started process (PID=871) to work on /opt/airflow/dags/airflow.py
[2025-10-07T22:06:55.554+0000] {processor.py:830} INFO - Processing file /opt/airflow/dags/airflow.py for tasks to queue
[2025-10-07T22:06:55.560+0000] {logging_mixin.py:188} INFO - [2025-10-07T22:06:55.559+0000] {dagbag.py:545} INFO - Filling up the DagBag from /opt/airflow/dags/airflow.py
[2025-10-07T22:06:55.568+0000] {logging_mixin.py:188} INFO - [2025-10-07T22:06:55.566+0000] {dagbag.py:355} ERROR - Failed to import: /opt/airflow/dags/airflow.py
Traceback (most recent call last):
  File "/home/airflow/.local/lib/python3.12/site-packages/airflow/models/dagbag.py", line 351, in parse
    loader.exec_module(new_module)
  File "<frozen importlib._bootstrap_external>", line 995, in exec_module
  File "<frozen importlib._bootstrap>", line 488, in _call_with_frames_removed
  File "/opt/airflow/dags/airflow.py", line 5, in <module>
    from src.lab import load_data, data_preprocessing, build_save_model,load_model_elbow
ModuleNotFoundError: No module named 'src'
[2025-10-07T22:06:55.568+0000] {processor.py:842} WARNING - No viable dags retrieved from /opt/airflow/dags/airflow.py
[2025-10-07T22:06:55.588+0000] {processor.py:183} INFO - Processing /opt/airflow/dags/airflow.py took 0.045 seconds
[2025-10-07T22:07:25.716+0000] {processor.py:161} INFO - Started process (PID=930) to work on /opt/airflow/dags/airflow.py
[2025-10-07T22:07:25.718+0000] {processor.py:830} INFO - Processing file /opt/airflow/dags/airflow.py for tasks to queue
[2025-10-07T22:07:25.720+0000] {logging_mixin.py:188} INFO - [2025-10-07T22:07:25.720+0000] {dagbag.py:545} INFO - Filling up the DagBag from /opt/airflow/dags/airflow.py
[2025-10-07T22:07:25.731+0000] {logging_mixin.py:188} INFO - [2025-10-07T22:07:25.727+0000] {dagbag.py:355} ERROR - Failed to import: /opt/airflow/dags/airflow.py
Traceback (most recent call last):
  File "/home/airflow/.local/lib/python3.12/site-packages/airflow/models/dagbag.py", line 351, in parse
    loader.exec_module(new_module)
  File "<frozen importlib._bootstrap_external>", line 995, in exec_module
  File "<frozen importlib._bootstrap>", line 488, in _call_with_frames_removed
  File "/opt/airflow/dags/airflow.py", line 5, in <module>
    from src.lab import load_data, data_preprocessing, build_save_model,load_model_elbow
ModuleNotFoundError: No module named 'src'
[2025-10-07T22:07:25.732+0000] {processor.py:842} WARNING - No viable dags retrieved from /opt/airflow/dags/airflow.py
[2025-10-07T22:07:25.747+0000] {processor.py:183} INFO - Processing /opt/airflow/dags/airflow.py took 0.040 seconds
[2025-10-07T22:07:55.777+0000] {processor.py:161} INFO - Started process (PID=989) to work on /opt/airflow/dags/airflow.py
[2025-10-07T22:07:55.778+0000] {processor.py:830} INFO - Processing file /opt/airflow/dags/airflow.py for tasks to queue
[2025-10-07T22:07:55.781+0000] {logging_mixin.py:188} INFO - [2025-10-07T22:07:55.780+0000] {dagbag.py:545} INFO - Filling up the DagBag from /opt/airflow/dags/airflow.py
[2025-10-07T22:07:55.787+0000] {logging_mixin.py:188} INFO - [2025-10-07T22:07:55.785+0000] {dagbag.py:355} ERROR - Failed to import: /opt/airflow/dags/airflow.py
Traceback (most recent call last):
  File "/home/airflow/.local/lib/python3.12/site-packages/airflow/models/dagbag.py", line 351, in parse
    loader.exec_module(new_module)
  File "<frozen importlib._bootstrap_external>", line 995, in exec_module
  File "<frozen importlib._bootstrap>", line 488, in _call_with_frames_removed
  File "/opt/airflow/dags/airflow.py", line 5, in <module>
    from src.lab import load_data, data_preprocessing, build_save_model,load_model_elbow
ModuleNotFoundError: No module named 'src'
[2025-10-07T22:07:55.787+0000] {processor.py:842} WARNING - No viable dags retrieved from /opt/airflow/dags/airflow.py
[2025-10-07T22:07:55.810+0000] {processor.py:183} INFO - Processing /opt/airflow/dags/airflow.py took 0.040 seconds
[2025-10-07T22:08:25.988+0000] {processor.py:161} INFO - Started process (PID=1048) to work on /opt/airflow/dags/airflow.py
[2025-10-07T22:08:25.989+0000] {processor.py:830} INFO - Processing file /opt/airflow/dags/airflow.py for tasks to queue
[2025-10-07T22:08:25.990+0000] {logging_mixin.py:188} INFO - [2025-10-07T22:08:25.990+0000] {dagbag.py:545} INFO - Filling up the DagBag from /opt/airflow/dags/airflow.py
[2025-10-07T22:08:25.998+0000] {logging_mixin.py:188} INFO - [2025-10-07T22:08:25.997+0000] {dagbag.py:355} ERROR - Failed to import: /opt/airflow/dags/airflow.py
Traceback (most recent call last):
  File "/home/airflow/.local/lib/python3.12/site-packages/airflow/models/dagbag.py", line 351, in parse
    loader.exec_module(new_module)
  File "<frozen importlib._bootstrap_external>", line 995, in exec_module
  File "<frozen importlib._bootstrap>", line 488, in _call_with_frames_removed
  File "/opt/airflow/dags/airflow.py", line 5, in <module>
    from src.lab import load_data, data_preprocessing, build_save_model,load_model_elbow
ModuleNotFoundError: No module named 'src'
[2025-10-07T22:08:26.000+0000] {processor.py:842} WARNING - No viable dags retrieved from /opt/airflow/dags/airflow.py
[2025-10-07T22:08:26.014+0000] {processor.py:183} INFO - Processing /opt/airflow/dags/airflow.py took 0.034 seconds
[2025-10-07T22:08:56.109+0000] {processor.py:161} INFO - Started process (PID=1107) to work on /opt/airflow/dags/airflow.py
[2025-10-07T22:08:56.110+0000] {processor.py:830} INFO - Processing file /opt/airflow/dags/airflow.py for tasks to queue
[2025-10-07T22:08:56.112+0000] {logging_mixin.py:188} INFO - [2025-10-07T22:08:56.112+0000] {dagbag.py:545} INFO - Filling up the DagBag from /opt/airflow/dags/airflow.py
[2025-10-07T22:08:56.121+0000] {logging_mixin.py:188} INFO - [2025-10-07T22:08:56.119+0000] {dagbag.py:355} ERROR - Failed to import: /opt/airflow/dags/airflow.py
Traceback (most recent call last):
  File "/home/airflow/.local/lib/python3.12/site-packages/airflow/models/dagbag.py", line 351, in parse
    loader.exec_module(new_module)
  File "<frozen importlib._bootstrap_external>", line 995, in exec_module
  File "<frozen importlib._bootstrap>", line 488, in _call_with_frames_removed
  File "/opt/airflow/dags/airflow.py", line 5, in <module>
    from src.lab import load_data, data_preprocessing, build_save_model,load_model_elbow
ModuleNotFoundError: No module named 'src'
[2025-10-07T22:08:56.121+0000] {processor.py:842} WARNING - No viable dags retrieved from /opt/airflow/dags/airflow.py
[2025-10-07T22:08:56.138+0000] {processor.py:183} INFO - Processing /opt/airflow/dags/airflow.py took 0.037 seconds
[2025-10-07T22:09:26.377+0000] {processor.py:161} INFO - Started process (PID=1166) to work on /opt/airflow/dags/airflow.py
[2025-10-07T22:09:26.378+0000] {processor.py:830} INFO - Processing file /opt/airflow/dags/airflow.py for tasks to queue
[2025-10-07T22:09:26.379+0000] {logging_mixin.py:188} INFO - [2025-10-07T22:09:26.379+0000] {dagbag.py:545} INFO - Filling up the DagBag from /opt/airflow/dags/airflow.py
[2025-10-07T22:09:26.383+0000] {logging_mixin.py:188} INFO - [2025-10-07T22:09:26.381+0000] {dagbag.py:355} ERROR - Failed to import: /opt/airflow/dags/airflow.py
Traceback (most recent call last):
  File "/home/airflow/.local/lib/python3.12/site-packages/airflow/models/dagbag.py", line 351, in parse
    loader.exec_module(new_module)
  File "<frozen importlib._bootstrap_external>", line 995, in exec_module
  File "<frozen importlib._bootstrap>", line 488, in _call_with_frames_removed
  File "/opt/airflow/dags/airflow.py", line 5, in <module>
    from src.lab import load_data, data_preprocessing, build_save_model,load_model_elbow
ModuleNotFoundError: No module named 'src'
[2025-10-07T22:09:26.384+0000] {processor.py:842} WARNING - No viable dags retrieved from /opt/airflow/dags/airflow.py
[2025-10-07T22:09:26.404+0000] {processor.py:183} INFO - Processing /opt/airflow/dags/airflow.py took 0.031 seconds
[2025-10-07T22:09:56.585+0000] {processor.py:161} INFO - Started process (PID=1225) to work on /opt/airflow/dags/airflow.py
[2025-10-07T22:09:56.586+0000] {processor.py:830} INFO - Processing file /opt/airflow/dags/airflow.py for tasks to queue
[2025-10-07T22:09:56.589+0000] {logging_mixin.py:188} INFO - [2025-10-07T22:09:56.589+0000] {dagbag.py:545} INFO - Filling up the DagBag from /opt/airflow/dags/airflow.py
[2025-10-07T22:09:56.596+0000] {logging_mixin.py:188} INFO - [2025-10-07T22:09:56.594+0000] {dagbag.py:355} ERROR - Failed to import: /opt/airflow/dags/airflow.py
Traceback (most recent call last):
  File "/home/airflow/.local/lib/python3.12/site-packages/airflow/models/dagbag.py", line 351, in parse
    loader.exec_module(new_module)
  File "<frozen importlib._bootstrap_external>", line 995, in exec_module
  File "<frozen importlib._bootstrap>", line 488, in _call_with_frames_removed
  File "/opt/airflow/dags/airflow.py", line 5, in <module>
    from src.lab import load_data, data_preprocessing, build_save_model,load_model_elbow
ModuleNotFoundError: No module named 'src'
[2025-10-07T22:09:56.596+0000] {processor.py:842} WARNING - No viable dags retrieved from /opt/airflow/dags/airflow.py
[2025-10-07T22:09:56.612+0000] {processor.py:183} INFO - Processing /opt/airflow/dags/airflow.py took 0.036 seconds
[2025-10-07T22:10:26.752+0000] {processor.py:161} INFO - Started process (PID=1284) to work on /opt/airflow/dags/airflow.py
[2025-10-07T22:10:26.752+0000] {processor.py:830} INFO - Processing file /opt/airflow/dags/airflow.py for tasks to queue
[2025-10-07T22:10:26.754+0000] {logging_mixin.py:188} INFO - [2025-10-07T22:10:26.754+0000] {dagbag.py:545} INFO - Filling up the DagBag from /opt/airflow/dags/airflow.py
[2025-10-07T22:10:26.762+0000] {logging_mixin.py:188} INFO - [2025-10-07T22:10:26.757+0000] {dagbag.py:355} ERROR - Failed to import: /opt/airflow/dags/airflow.py
Traceback (most recent call last):
  File "/home/airflow/.local/lib/python3.12/site-packages/airflow/models/dagbag.py", line 351, in parse
    loader.exec_module(new_module)
  File "<frozen importlib._bootstrap_external>", line 995, in exec_module
  File "<frozen importlib._bootstrap>", line 488, in _call_with_frames_removed
  File "/opt/airflow/dags/airflow.py", line 5, in <module>
    from src.lab import load_data, data_preprocessing, build_save_model,load_model_elbow
ModuleNotFoundError: No module named 'src'
[2025-10-07T22:10:26.765+0000] {processor.py:842} WARNING - No viable dags retrieved from /opt/airflow/dags/airflow.py
[2025-10-07T22:10:26.781+0000] {processor.py:183} INFO - Processing /opt/airflow/dags/airflow.py took 0.034 seconds
[2025-10-07T22:10:56.820+0000] {processor.py:161} INFO - Started process (PID=1343) to work on /opt/airflow/dags/airflow.py
[2025-10-07T22:10:56.821+0000] {processor.py:830} INFO - Processing file /opt/airflow/dags/airflow.py for tasks to queue
[2025-10-07T22:10:56.824+0000] {logging_mixin.py:188} INFO - [2025-10-07T22:10:56.824+0000] {dagbag.py:545} INFO - Filling up the DagBag from /opt/airflow/dags/airflow.py
[2025-10-07T22:10:56.831+0000] {logging_mixin.py:188} INFO - [2025-10-07T22:10:56.829+0000] {dagbag.py:355} ERROR - Failed to import: /opt/airflow/dags/airflow.py
Traceback (most recent call last):
  File "/home/airflow/.local/lib/python3.12/site-packages/airflow/models/dagbag.py", line 351, in parse
    loader.exec_module(new_module)
  File "<frozen importlib._bootstrap_external>", line 995, in exec_module
  File "<frozen importlib._bootstrap>", line 488, in _call_with_frames_removed
  File "/opt/airflow/dags/airflow.py", line 5, in <module>
    from src.lab import load_data, data_preprocessing, build_save_model,load_model_elbow
ModuleNotFoundError: No module named 'src'
[2025-10-07T22:10:56.831+0000] {processor.py:842} WARNING - No viable dags retrieved from /opt/airflow/dags/airflow.py
[2025-10-07T22:10:56.855+0000] {processor.py:183} INFO - Processing /opt/airflow/dags/airflow.py took 0.045 seconds
[2025-10-07T22:11:27.044+0000] {processor.py:161} INFO - Started process (PID=1402) to work on /opt/airflow/dags/airflow.py
[2025-10-07T22:11:27.045+0000] {processor.py:830} INFO - Processing file /opt/airflow/dags/airflow.py for tasks to queue
[2025-10-07T22:11:27.046+0000] {logging_mixin.py:188} INFO - [2025-10-07T22:11:27.046+0000] {dagbag.py:545} INFO - Filling up the DagBag from /opt/airflow/dags/airflow.py
[2025-10-07T22:11:27.053+0000] {logging_mixin.py:188} INFO - [2025-10-07T22:11:27.050+0000] {dagbag.py:355} ERROR - Failed to import: /opt/airflow/dags/airflow.py
Traceback (most recent call last):
  File "/home/airflow/.local/lib/python3.12/site-packages/airflow/models/dagbag.py", line 351, in parse
    loader.exec_module(new_module)
  File "<frozen importlib._bootstrap_external>", line 995, in exec_module
  File "<frozen importlib._bootstrap>", line 488, in _call_with_frames_removed
  File "/opt/airflow/dags/airflow.py", line 5, in <module>
    from src.lab import load_data, data_preprocessing, build_save_model,load_model_elbow
ModuleNotFoundError: No module named 'src'
[2025-10-07T22:11:27.054+0000] {processor.py:842} WARNING - No viable dags retrieved from /opt/airflow/dags/airflow.py
[2025-10-07T22:11:27.068+0000] {processor.py:183} INFO - Processing /opt/airflow/dags/airflow.py took 0.028 seconds
[2025-10-07T22:11:57.099+0000] {processor.py:161} INFO - Started process (PID=1461) to work on /opt/airflow/dags/airflow.py
[2025-10-07T22:11:57.100+0000] {processor.py:830} INFO - Processing file /opt/airflow/dags/airflow.py for tasks to queue
[2025-10-07T22:11:57.102+0000] {logging_mixin.py:188} INFO - [2025-10-07T22:11:57.101+0000] {dagbag.py:545} INFO - Filling up the DagBag from /opt/airflow/dags/airflow.py
[2025-10-07T22:11:57.107+0000] {logging_mixin.py:188} INFO - [2025-10-07T22:11:57.105+0000] {dagbag.py:355} ERROR - Failed to import: /opt/airflow/dags/airflow.py
Traceback (most recent call last):
  File "/home/airflow/.local/lib/python3.12/site-packages/airflow/models/dagbag.py", line 351, in parse
    loader.exec_module(new_module)
  File "<frozen importlib._bootstrap_external>", line 995, in exec_module
  File "<frozen importlib._bootstrap>", line 488, in _call_with_frames_removed
  File "/opt/airflow/dags/airflow.py", line 5, in <module>
    from src.lab import load_data, data_preprocessing, build_save_model,load_model_elbow
ModuleNotFoundError: No module named 'src'
[2025-10-07T22:11:57.107+0000] {processor.py:842} WARNING - No viable dags retrieved from /opt/airflow/dags/airflow.py
[2025-10-07T22:11:57.130+0000] {processor.py:183} INFO - Processing /opt/airflow/dags/airflow.py took 0.037 seconds
[2025-10-07T22:12:27.356+0000] {processor.py:161} INFO - Started process (PID=1520) to work on /opt/airflow/dags/airflow.py
[2025-10-07T22:12:27.356+0000] {processor.py:830} INFO - Processing file /opt/airflow/dags/airflow.py for tasks to queue
[2025-10-07T22:12:27.357+0000] {logging_mixin.py:188} INFO - [2025-10-07T22:12:27.357+0000] {dagbag.py:545} INFO - Filling up the DagBag from /opt/airflow/dags/airflow.py
[2025-10-07T22:12:27.364+0000] {logging_mixin.py:188} INFO - [2025-10-07T22:12:27.364+0000] {dagbag.py:355} ERROR - Failed to import: /opt/airflow/dags/airflow.py
Traceback (most recent call last):
  File "/home/airflow/.local/lib/python3.12/site-packages/airflow/models/dagbag.py", line 351, in parse
    loader.exec_module(new_module)
  File "<frozen importlib._bootstrap_external>", line 995, in exec_module
  File "<frozen importlib._bootstrap>", line 488, in _call_with_frames_removed
  File "/opt/airflow/dags/airflow.py", line 5, in <module>
    from src.lab import load_data, data_preprocessing, build_save_model,load_model_elbow
ModuleNotFoundError: No module named 'src'
[2025-10-07T22:12:27.365+0000] {processor.py:842} WARNING - No viable dags retrieved from /opt/airflow/dags/airflow.py
[2025-10-07T22:12:27.378+0000] {processor.py:183} INFO - Processing /opt/airflow/dags/airflow.py took 0.025 seconds
[2025-10-07T22:12:57.448+0000] {processor.py:161} INFO - Started process (PID=1579) to work on /opt/airflow/dags/airflow.py
[2025-10-07T22:12:57.450+0000] {processor.py:830} INFO - Processing file /opt/airflow/dags/airflow.py for tasks to queue
[2025-10-07T22:12:57.453+0000] {logging_mixin.py:188} INFO - [2025-10-07T22:12:57.452+0000] {dagbag.py:545} INFO - Filling up the DagBag from /opt/airflow/dags/airflow.py
[2025-10-07T22:12:57.472+0000] {logging_mixin.py:188} INFO - [2025-10-07T22:12:57.463+0000] {dagbag.py:355} ERROR - Failed to import: /opt/airflow/dags/airflow.py
Traceback (most recent call last):
  File "/home/airflow/.local/lib/python3.12/site-packages/airflow/models/dagbag.py", line 351, in parse
    loader.exec_module(new_module)
  File "<frozen importlib._bootstrap_external>", line 995, in exec_module
  File "<frozen importlib._bootstrap>", line 488, in _call_with_frames_removed
  File "/opt/airflow/dags/airflow.py", line 5, in <module>
    from src.lab import load_data, data_preprocessing, build_save_model,load_model_elbow
ModuleNotFoundError: No module named 'src'
[2025-10-07T22:12:57.472+0000] {processor.py:842} WARNING - No viable dags retrieved from /opt/airflow/dags/airflow.py
[2025-10-07T22:12:57.495+0000] {processor.py:183} INFO - Processing /opt/airflow/dags/airflow.py took 0.059 seconds
[2025-10-07T22:13:27.818+0000] {processor.py:161} INFO - Started process (PID=1638) to work on /opt/airflow/dags/airflow.py
[2025-10-07T22:13:27.820+0000] {processor.py:830} INFO - Processing file /opt/airflow/dags/airflow.py for tasks to queue
[2025-10-07T22:13:27.822+0000] {logging_mixin.py:188} INFO - [2025-10-07T22:13:27.822+0000] {dagbag.py:545} INFO - Filling up the DagBag from /opt/airflow/dags/airflow.py
[2025-10-07T22:13:27.828+0000] {logging_mixin.py:188} INFO - [2025-10-07T22:13:27.827+0000] {dagbag.py:355} ERROR - Failed to import: /opt/airflow/dags/airflow.py
Traceback (most recent call last):
  File "/home/airflow/.local/lib/python3.12/site-packages/airflow/models/dagbag.py", line 351, in parse
    loader.exec_module(new_module)
  File "<frozen importlib._bootstrap_external>", line 995, in exec_module
  File "<frozen importlib._bootstrap>", line 488, in _call_with_frames_removed
  File "/opt/airflow/dags/airflow.py", line 5, in <module>
    from src.lab import load_data, data_preprocessing, build_save_model,load_model_elbow
ModuleNotFoundError: No module named 'src'
[2025-10-07T22:13:27.828+0000] {processor.py:842} WARNING - No viable dags retrieved from /opt/airflow/dags/airflow.py
[2025-10-07T22:13:27.842+0000] {processor.py:183} INFO - Processing /opt/airflow/dags/airflow.py took 0.031 seconds
[2025-10-07T22:13:57.909+0000] {processor.py:161} INFO - Started process (PID=1697) to work on /opt/airflow/dags/airflow.py
[2025-10-07T22:13:57.910+0000] {processor.py:830} INFO - Processing file /opt/airflow/dags/airflow.py for tasks to queue
[2025-10-07T22:13:57.912+0000] {logging_mixin.py:188} INFO - [2025-10-07T22:13:57.912+0000] {dagbag.py:545} INFO - Filling up the DagBag from /opt/airflow/dags/airflow.py
[2025-10-07T22:13:57.920+0000] {logging_mixin.py:188} INFO - [2025-10-07T22:13:57.919+0000] {dagbag.py:355} ERROR - Failed to import: /opt/airflow/dags/airflow.py
Traceback (most recent call last):
  File "/home/airflow/.local/lib/python3.12/site-packages/airflow/models/dagbag.py", line 351, in parse
    loader.exec_module(new_module)
  File "<frozen importlib._bootstrap_external>", line 995, in exec_module
  File "<frozen importlib._bootstrap>", line 488, in _call_with_frames_removed
  File "/opt/airflow/dags/airflow.py", line 5, in <module>
    from src.lab import load_data, data_preprocessing, build_save_model,load_model_elbow
ModuleNotFoundError: No module named 'src'
[2025-10-07T22:13:57.920+0000] {processor.py:842} WARNING - No viable dags retrieved from /opt/airflow/dags/airflow.py
[2025-10-07T22:13:57.933+0000] {processor.py:183} INFO - Processing /opt/airflow/dags/airflow.py took 0.031 seconds
[2025-10-07T22:14:27.998+0000] {processor.py:161} INFO - Started process (PID=1756) to work on /opt/airflow/dags/airflow.py
[2025-10-07T22:14:27.999+0000] {processor.py:830} INFO - Processing file /opt/airflow/dags/airflow.py for tasks to queue
[2025-10-07T22:14:28.000+0000] {logging_mixin.py:188} INFO - [2025-10-07T22:14:28.000+0000] {dagbag.py:545} INFO - Filling up the DagBag from /opt/airflow/dags/airflow.py
[2025-10-07T22:14:28.009+0000] {logging_mixin.py:188} INFO - [2025-10-07T22:14:28.008+0000] {dagbag.py:355} ERROR - Failed to import: /opt/airflow/dags/airflow.py
Traceback (most recent call last):
  File "/home/airflow/.local/lib/python3.12/site-packages/airflow/models/dagbag.py", line 351, in parse
    loader.exec_module(new_module)
  File "<frozen importlib._bootstrap_external>", line 995, in exec_module
  File "<frozen importlib._bootstrap>", line 488, in _call_with_frames_removed
  File "/opt/airflow/dags/airflow.py", line 5, in <module>
    from src.lab import load_data, data_preprocessing, build_save_model,load_model_elbow
ModuleNotFoundError: No module named 'src'
[2025-10-07T22:14:28.009+0000] {processor.py:842} WARNING - No viable dags retrieved from /opt/airflow/dags/airflow.py
[2025-10-07T22:14:28.022+0000] {processor.py:183} INFO - Processing /opt/airflow/dags/airflow.py took 0.030 seconds
[2025-10-07T22:14:58.206+0000] {processor.py:161} INFO - Started process (PID=1815) to work on /opt/airflow/dags/airflow.py
[2025-10-07T22:14:58.206+0000] {processor.py:830} INFO - Processing file /opt/airflow/dags/airflow.py for tasks to queue
[2025-10-07T22:14:58.207+0000] {logging_mixin.py:188} INFO - [2025-10-07T22:14:58.207+0000] {dagbag.py:545} INFO - Filling up the DagBag from /opt/airflow/dags/airflow.py
[2025-10-07T22:14:58.215+0000] {logging_mixin.py:188} INFO - [2025-10-07T22:14:58.214+0000] {dagbag.py:355} ERROR - Failed to import: /opt/airflow/dags/airflow.py
Traceback (most recent call last):
  File "/home/airflow/.local/lib/python3.12/site-packages/airflow/models/dagbag.py", line 351, in parse
    loader.exec_module(new_module)
  File "<frozen importlib._bootstrap_external>", line 995, in exec_module
  File "<frozen importlib._bootstrap>", line 488, in _call_with_frames_removed
  File "/opt/airflow/dags/airflow.py", line 5, in <module>
    from src.lab import load_data, data_preprocessing, build_save_model,load_model_elbow
ModuleNotFoundError: No module named 'src'
[2025-10-07T22:14:58.215+0000] {processor.py:842} WARNING - No viable dags retrieved from /opt/airflow/dags/airflow.py
[2025-10-07T22:14:58.231+0000] {processor.py:183} INFO - Processing /opt/airflow/dags/airflow.py took 0.029 seconds
[2025-10-07T22:15:28.548+0000] {processor.py:161} INFO - Started process (PID=1874) to work on /opt/airflow/dags/airflow.py
[2025-10-07T22:15:28.550+0000] {processor.py:830} INFO - Processing file /opt/airflow/dags/airflow.py for tasks to queue
[2025-10-07T22:15:28.552+0000] {logging_mixin.py:188} INFO - [2025-10-07T22:15:28.552+0000] {dagbag.py:545} INFO - Filling up the DagBag from /opt/airflow/dags/airflow.py
[2025-10-07T22:15:28.561+0000] {logging_mixin.py:188} INFO - [2025-10-07T22:15:28.559+0000] {dagbag.py:355} ERROR - Failed to import: /opt/airflow/dags/airflow.py
Traceback (most recent call last):
  File "/home/airflow/.local/lib/python3.12/site-packages/airflow/models/dagbag.py", line 351, in parse
    loader.exec_module(new_module)
  File "<frozen importlib._bootstrap_external>", line 995, in exec_module
  File "<frozen importlib._bootstrap>", line 488, in _call_with_frames_removed
  File "/opt/airflow/dags/airflow.py", line 5, in <module>
    from src.lab import load_data, data_preprocessing, build_save_model,load_model_elbow
ModuleNotFoundError: No module named 'src'
[2025-10-07T22:15:28.563+0000] {processor.py:842} WARNING - No viable dags retrieved from /opt/airflow/dags/airflow.py
[2025-10-07T22:15:28.580+0000] {processor.py:183} INFO - Processing /opt/airflow/dags/airflow.py took 0.040 seconds
[2025-10-07T22:15:59.354+0000] {processor.py:161} INFO - Started process (PID=1933) to work on /opt/airflow/dags/airflow.py
[2025-10-07T22:15:59.356+0000] {processor.py:830} INFO - Processing file /opt/airflow/dags/airflow.py for tasks to queue
[2025-10-07T22:15:59.359+0000] {logging_mixin.py:188} INFO - [2025-10-07T22:15:59.358+0000] {dagbag.py:545} INFO - Filling up the DagBag from /opt/airflow/dags/airflow.py
[2025-10-07T22:15:59.366+0000] {logging_mixin.py:188} INFO - [2025-10-07T22:15:59.364+0000] {dagbag.py:355} ERROR - Failed to import: /opt/airflow/dags/airflow.py
Traceback (most recent call last):
  File "/home/airflow/.local/lib/python3.12/site-packages/airflow/models/dagbag.py", line 351, in parse
    loader.exec_module(new_module)
  File "<frozen importlib._bootstrap_external>", line 995, in exec_module
  File "<frozen importlib._bootstrap>", line 488, in _call_with_frames_removed
  File "/opt/airflow/dags/airflow.py", line 5, in <module>
    from src.lab import load_data, data_preprocessing, build_save_model,load_model_elbow
ModuleNotFoundError: No module named 'src'
[2025-10-07T22:15:59.366+0000] {processor.py:842} WARNING - No viable dags retrieved from /opt/airflow/dags/airflow.py
[2025-10-07T22:15:59.384+0000] {processor.py:183} INFO - Processing /opt/airflow/dags/airflow.py took 0.040 seconds
[2025-10-07T22:16:29.428+0000] {processor.py:161} INFO - Started process (PID=1992) to work on /opt/airflow/dags/airflow.py
[2025-10-07T22:16:29.429+0000] {processor.py:830} INFO - Processing file /opt/airflow/dags/airflow.py for tasks to queue
[2025-10-07T22:16:29.432+0000] {logging_mixin.py:188} INFO - [2025-10-07T22:16:29.432+0000] {dagbag.py:545} INFO - Filling up the DagBag from /opt/airflow/dags/airflow.py
[2025-10-07T22:16:29.437+0000] {logging_mixin.py:188} INFO - [2025-10-07T22:16:29.435+0000] {dagbag.py:355} ERROR - Failed to import: /opt/airflow/dags/airflow.py
Traceback (most recent call last):
  File "/home/airflow/.local/lib/python3.12/site-packages/airflow/models/dagbag.py", line 351, in parse
    loader.exec_module(new_module)
  File "<frozen importlib._bootstrap_external>", line 995, in exec_module
  File "<frozen importlib._bootstrap>", line 488, in _call_with_frames_removed
  File "/opt/airflow/dags/airflow.py", line 5, in <module>
    from src.lab import load_data, data_preprocessing, build_save_model,load_model_elbow
ModuleNotFoundError: No module named 'src'
[2025-10-07T22:16:29.437+0000] {processor.py:842} WARNING - No viable dags retrieved from /opt/airflow/dags/airflow.py
[2025-10-07T22:16:29.457+0000] {processor.py:183} INFO - Processing /opt/airflow/dags/airflow.py took 0.036 seconds
[2025-10-07T22:17:00.202+0000] {processor.py:161} INFO - Started process (PID=2051) to work on /opt/airflow/dags/airflow.py
[2025-10-07T22:17:00.202+0000] {processor.py:830} INFO - Processing file /opt/airflow/dags/airflow.py for tasks to queue
[2025-10-07T22:17:00.205+0000] {logging_mixin.py:188} INFO - [2025-10-07T22:17:00.204+0000] {dagbag.py:545} INFO - Filling up the DagBag from /opt/airflow/dags/airflow.py
[2025-10-07T22:17:00.211+0000] {logging_mixin.py:188} INFO - [2025-10-07T22:17:00.210+0000] {dagbag.py:355} ERROR - Failed to import: /opt/airflow/dags/airflow.py
Traceback (most recent call last):
  File "/home/airflow/.local/lib/python3.12/site-packages/airflow/models/dagbag.py", line 351, in parse
    loader.exec_module(new_module)
  File "<frozen importlib._bootstrap_external>", line 995, in exec_module
  File "<frozen importlib._bootstrap>", line 488, in _call_with_frames_removed
  File "/opt/airflow/dags/airflow.py", line 5, in <module>
    from src.lab import load_data, data_preprocessing, build_save_model,load_model_elbow
ModuleNotFoundError: No module named 'src'
[2025-10-07T22:17:00.212+0000] {processor.py:842} WARNING - No viable dags retrieved from /opt/airflow/dags/airflow.py
[2025-10-07T22:17:00.225+0000] {processor.py:183} INFO - Processing /opt/airflow/dags/airflow.py took 0.028 seconds
[2025-10-07T22:17:30.687+0000] {processor.py:161} INFO - Started process (PID=2110) to work on /opt/airflow/dags/airflow.py
[2025-10-07T22:17:30.688+0000] {processor.py:830} INFO - Processing file /opt/airflow/dags/airflow.py for tasks to queue
[2025-10-07T22:17:30.690+0000] {logging_mixin.py:188} INFO - [2025-10-07T22:17:30.690+0000] {dagbag.py:545} INFO - Filling up the DagBag from /opt/airflow/dags/airflow.py
[2025-10-07T22:17:30.699+0000] {logging_mixin.py:188} INFO - [2025-10-07T22:17:30.698+0000] {dagbag.py:355} ERROR - Failed to import: /opt/airflow/dags/airflow.py
Traceback (most recent call last):
  File "/home/airflow/.local/lib/python3.12/site-packages/airflow/models/dagbag.py", line 351, in parse
    loader.exec_module(new_module)
  File "<frozen importlib._bootstrap_external>", line 995, in exec_module
  File "<frozen importlib._bootstrap>", line 488, in _call_with_frames_removed
  File "/opt/airflow/dags/airflow.py", line 5, in <module>
    from src.lab import load_data, data_preprocessing, build_save_model,load_model_elbow
ModuleNotFoundError: No module named 'src'
[2025-10-07T22:17:30.699+0000] {processor.py:842} WARNING - No viable dags retrieved from /opt/airflow/dags/airflow.py
[2025-10-07T22:17:30.711+0000] {processor.py:183} INFO - Processing /opt/airflow/dags/airflow.py took 0.030 seconds
[2025-10-07T22:18:01.165+0000] {processor.py:161} INFO - Started process (PID=2169) to work on /opt/airflow/dags/airflow.py
[2025-10-07T22:18:01.167+0000] {processor.py:830} INFO - Processing file /opt/airflow/dags/airflow.py for tasks to queue
[2025-10-07T22:18:01.169+0000] {logging_mixin.py:188} INFO - [2025-10-07T22:18:01.168+0000] {dagbag.py:545} INFO - Filling up the DagBag from /opt/airflow/dags/airflow.py
[2025-10-07T22:18:01.180+0000] {logging_mixin.py:188} INFO - [2025-10-07T22:18:01.175+0000] {dagbag.py:355} ERROR - Failed to import: /opt/airflow/dags/airflow.py
Traceback (most recent call last):
  File "/home/airflow/.local/lib/python3.12/site-packages/airflow/models/dagbag.py", line 351, in parse
    loader.exec_module(new_module)
  File "<frozen importlib._bootstrap_external>", line 995, in exec_module
  File "<frozen importlib._bootstrap>", line 488, in _call_with_frames_removed
  File "/opt/airflow/dags/airflow.py", line 5, in <module>
    from src.lab import load_data, data_preprocessing, build_save_model,load_model_elbow
ModuleNotFoundError: No module named 'src'
[2025-10-07T22:18:01.181+0000] {processor.py:842} WARNING - No viable dags retrieved from /opt/airflow/dags/airflow.py
[2025-10-07T22:18:01.202+0000] {processor.py:183} INFO - Processing /opt/airflow/dags/airflow.py took 0.044 seconds
[2025-10-07T22:18:31.402+0000] {processor.py:161} INFO - Started process (PID=2228) to work on /opt/airflow/dags/airflow.py
[2025-10-07T22:18:31.404+0000] {processor.py:830} INFO - Processing file /opt/airflow/dags/airflow.py for tasks to queue
[2025-10-07T22:18:31.408+0000] {logging_mixin.py:188} INFO - [2025-10-07T22:18:31.408+0000] {dagbag.py:545} INFO - Filling up the DagBag from /opt/airflow/dags/airflow.py
[2025-10-07T22:18:31.415+0000] {logging_mixin.py:188} INFO - [2025-10-07T22:18:31.414+0000] {dagbag.py:355} ERROR - Failed to import: /opt/airflow/dags/airflow.py
Traceback (most recent call last):
  File "/home/airflow/.local/lib/python3.12/site-packages/airflow/models/dagbag.py", line 351, in parse
    loader.exec_module(new_module)
  File "<frozen importlib._bootstrap_external>", line 995, in exec_module
  File "<frozen importlib._bootstrap>", line 488, in _call_with_frames_removed
  File "/opt/airflow/dags/airflow.py", line 5, in <module>
    from src.lab import load_data, data_preprocessing, build_save_model,load_model_elbow
ModuleNotFoundError: No module named 'src'
[2025-10-07T22:18:31.416+0000] {processor.py:842} WARNING - No viable dags retrieved from /opt/airflow/dags/airflow.py
[2025-10-07T22:18:31.452+0000] {processor.py:183} INFO - Processing /opt/airflow/dags/airflow.py took 0.063 seconds
[2025-10-07T22:19:15.526+0000] {processor.py:161} INFO - Started process (PID=38) to work on /opt/airflow/dags/airflow.py
[2025-10-07T22:19:15.530+0000] {processor.py:830} INFO - Processing file /opt/airflow/dags/airflow.py for tasks to queue
[2025-10-07T22:19:15.535+0000] {logging_mixin.py:188} INFO - [2025-10-07T22:19:15.534+0000] {dagbag.py:545} INFO - Filling up the DagBag from /opt/airflow/dags/airflow.py
[2025-10-07T22:19:15.546+0000] {logging_mixin.py:188} INFO - [2025-10-07T22:19:15.543+0000] {dagbag.py:355} ERROR - Failed to import: /opt/airflow/dags/airflow.py
Traceback (most recent call last):
  File "/home/airflow/.local/lib/python3.12/site-packages/airflow/models/dagbag.py", line 351, in parse
    loader.exec_module(new_module)
  File "<frozen importlib._bootstrap_external>", line 995, in exec_module
  File "<frozen importlib._bootstrap>", line 488, in _call_with_frames_removed
  File "/opt/airflow/dags/airflow.py", line 5, in <module>
    from src.lab import load_data, data_preprocessing, build_save_model,load_model_elbow
ModuleNotFoundError: No module named 'src'
[2025-10-07T22:19:15.547+0000] {processor.py:842} WARNING - No viable dags retrieved from /opt/airflow/dags/airflow.py
[2025-10-07T22:19:15.597+0000] {processor.py:183} INFO - Processing /opt/airflow/dags/airflow.py took 0.075 seconds
[2025-10-07T22:19:46.275+0000] {processor.py:161} INFO - Started process (PID=97) to work on /opt/airflow/dags/airflow.py
[2025-10-07T22:19:46.276+0000] {processor.py:830} INFO - Processing file /opt/airflow/dags/airflow.py for tasks to queue
[2025-10-07T22:19:46.279+0000] {logging_mixin.py:188} INFO - [2025-10-07T22:19:46.279+0000] {dagbag.py:545} INFO - Filling up the DagBag from /opt/airflow/dags/airflow.py
[2025-10-07T22:19:46.291+0000] {logging_mixin.py:188} INFO - [2025-10-07T22:19:46.285+0000] {dagbag.py:355} ERROR - Failed to import: /opt/airflow/dags/airflow.py
Traceback (most recent call last):
  File "/home/airflow/.local/lib/python3.12/site-packages/airflow/models/dagbag.py", line 351, in parse
    loader.exec_module(new_module)
  File "<frozen importlib._bootstrap_external>", line 995, in exec_module
  File "<frozen importlib._bootstrap>", line 488, in _call_with_frames_removed
  File "/opt/airflow/dags/airflow.py", line 5, in <module>
    from src.lab import load_data, data_preprocessing, build_save_model,load_model_elbow
ModuleNotFoundError: No module named 'src'
[2025-10-07T22:19:46.293+0000] {processor.py:842} WARNING - No viable dags retrieved from /opt/airflow/dags/airflow.py
[2025-10-07T22:19:46.315+0000] {processor.py:183} INFO - Processing /opt/airflow/dags/airflow.py took 0.047 seconds
[2025-10-07T22:20:16.444+0000] {processor.py:161} INFO - Started process (PID=156) to work on /opt/airflow/dags/airflow.py
[2025-10-07T22:20:16.446+0000] {processor.py:830} INFO - Processing file /opt/airflow/dags/airflow.py for tasks to queue
[2025-10-07T22:20:16.451+0000] {logging_mixin.py:188} INFO - [2025-10-07T22:20:16.451+0000] {dagbag.py:545} INFO - Filling up the DagBag from /opt/airflow/dags/airflow.py
[2025-10-07T22:20:16.461+0000] {logging_mixin.py:188} INFO - [2025-10-07T22:20:16.460+0000] {dagbag.py:355} ERROR - Failed to import: /opt/airflow/dags/airflow.py
Traceback (most recent call last):
  File "/home/airflow/.local/lib/python3.12/site-packages/airflow/models/dagbag.py", line 351, in parse
    loader.exec_module(new_module)
  File "<frozen importlib._bootstrap_external>", line 995, in exec_module
  File "<frozen importlib._bootstrap>", line 488, in _call_with_frames_removed
  File "/opt/airflow/dags/airflow.py", line 5, in <module>
    from src.lab import load_data, data_preprocessing, build_save_model,load_model_elbow
ModuleNotFoundError: No module named 'src'
[2025-10-07T22:20:16.462+0000] {processor.py:842} WARNING - No viable dags retrieved from /opt/airflow/dags/airflow.py
[2025-10-07T22:20:16.483+0000] {processor.py:183} INFO - Processing /opt/airflow/dags/airflow.py took 0.047 seconds
[2025-10-07T22:20:46.871+0000] {processor.py:161} INFO - Started process (PID=215) to work on /opt/airflow/dags/airflow.py
[2025-10-07T22:20:46.872+0000] {processor.py:830} INFO - Processing file /opt/airflow/dags/airflow.py for tasks to queue
[2025-10-07T22:20:46.880+0000] {logging_mixin.py:188} INFO - [2025-10-07T22:20:46.880+0000] {dagbag.py:545} INFO - Filling up the DagBag from /opt/airflow/dags/airflow.py
[2025-10-07T22:20:46.899+0000] {logging_mixin.py:188} INFO - [2025-10-07T22:20:46.894+0000] {dagbag.py:355} ERROR - Failed to import: /opt/airflow/dags/airflow.py
Traceback (most recent call last):
  File "/home/airflow/.local/lib/python3.12/site-packages/airflow/models/dagbag.py", line 351, in parse
    loader.exec_module(new_module)
  File "<frozen importlib._bootstrap_external>", line 995, in exec_module
  File "<frozen importlib._bootstrap>", line 488, in _call_with_frames_removed
  File "/opt/airflow/dags/airflow.py", line 5, in <module>
    from src.lab import load_data, data_preprocessing, build_save_model,load_model_elbow
ModuleNotFoundError: No module named 'src'
[2025-10-07T22:20:46.899+0000] {processor.py:842} WARNING - No viable dags retrieved from /opt/airflow/dags/airflow.py
[2025-10-07T22:20:46.918+0000] {processor.py:183} INFO - Processing /opt/airflow/dags/airflow.py took 0.060 seconds
[2025-10-07T22:21:17.022+0000] {processor.py:161} INFO - Started process (PID=274) to work on /opt/airflow/dags/airflow.py
[2025-10-07T22:21:17.023+0000] {processor.py:830} INFO - Processing file /opt/airflow/dags/airflow.py for tasks to queue
[2025-10-07T22:21:17.024+0000] {logging_mixin.py:188} INFO - [2025-10-07T22:21:17.024+0000] {dagbag.py:545} INFO - Filling up the DagBag from /opt/airflow/dags/airflow.py
[2025-10-07T22:21:17.031+0000] {logging_mixin.py:188} INFO - [2025-10-07T22:21:17.028+0000] {dagbag.py:355} ERROR - Failed to import: /opt/airflow/dags/airflow.py
Traceback (most recent call last):
  File "/home/airflow/.local/lib/python3.12/site-packages/airflow/models/dagbag.py", line 351, in parse
    loader.exec_module(new_module)
  File "<frozen importlib._bootstrap_external>", line 995, in exec_module
  File "<frozen importlib._bootstrap>", line 488, in _call_with_frames_removed
  File "/opt/airflow/dags/airflow.py", line 5, in <module>
    from src.lab import load_data, data_preprocessing, build_save_model,load_model_elbow
ModuleNotFoundError: No module named 'src'
[2025-10-07T22:21:17.031+0000] {processor.py:842} WARNING - No viable dags retrieved from /opt/airflow/dags/airflow.py
[2025-10-07T22:21:17.047+0000] {processor.py:183} INFO - Processing /opt/airflow/dags/airflow.py took 0.031 seconds
[2025-10-07T22:21:47.347+0000] {processor.py:161} INFO - Started process (PID=333) to work on /opt/airflow/dags/airflow.py
[2025-10-07T22:21:47.348+0000] {processor.py:830} INFO - Processing file /opt/airflow/dags/airflow.py for tasks to queue
[2025-10-07T22:21:47.354+0000] {logging_mixin.py:188} INFO - [2025-10-07T22:21:47.354+0000] {dagbag.py:545} INFO - Filling up the DagBag from /opt/airflow/dags/airflow.py
[2025-10-07T22:21:47.363+0000] {logging_mixin.py:188} INFO - [2025-10-07T22:21:47.361+0000] {dagbag.py:355} ERROR - Failed to import: /opt/airflow/dags/airflow.py
Traceback (most recent call last):
  File "/home/airflow/.local/lib/python3.12/site-packages/airflow/models/dagbag.py", line 351, in parse
    loader.exec_module(new_module)
  File "<frozen importlib._bootstrap_external>", line 995, in exec_module
  File "<frozen importlib._bootstrap>", line 488, in _call_with_frames_removed
  File "/opt/airflow/dags/airflow.py", line 5, in <module>
    from src.lab import load_data, data_preprocessing, build_save_model,load_model_elbow
ModuleNotFoundError: No module named 'src'
[2025-10-07T22:21:47.364+0000] {processor.py:842} WARNING - No viable dags retrieved from /opt/airflow/dags/airflow.py
[2025-10-07T22:21:47.402+0000] {processor.py:183} INFO - Processing /opt/airflow/dags/airflow.py took 0.075 seconds
[2025-10-07T22:24:16.733+0000] {processor.py:161} INFO - Started process (PID=45) to work on /opt/airflow/dags/airflow.py
[2025-10-07T22:24:16.735+0000] {processor.py:830} INFO - Processing file /opt/airflow/dags/airflow.py for tasks to queue
[2025-10-07T22:24:16.739+0000] {logging_mixin.py:188} INFO - [2025-10-07T22:24:16.739+0000] {dagbag.py:545} INFO - Filling up the DagBag from /opt/airflow/dags/airflow.py
[2025-10-07T22:24:16.765+0000] {logging_mixin.py:188} INFO - [2025-10-07T22:24:16.762+0000] {dagbag.py:355} ERROR - Failed to import: /opt/airflow/dags/airflow.py
Traceback (most recent call last):
  File "/home/airflow/.local/lib/python3.12/site-packages/airflow/models/dagbag.py", line 351, in parse
    loader.exec_module(new_module)
  File "<frozen importlib._bootstrap_external>", line 995, in exec_module
  File "<frozen importlib._bootstrap>", line 488, in _call_with_frames_removed
  File "/opt/airflow/dags/airflow.py", line 10, in <module>
    from lab import load_data, data_preprocessing, build_save_model,load_model_elbow
ModuleNotFoundError: No module named 'lab'
[2025-10-07T22:24:16.766+0000] {processor.py:842} WARNING - No viable dags retrieved from /opt/airflow/dags/airflow.py
[2025-10-07T22:24:16.794+0000] {processor.py:183} INFO - Processing /opt/airflow/dags/airflow.py took 0.069 seconds
[2025-10-07T22:24:46.979+0000] {processor.py:161} INFO - Started process (PID=52) to work on /opt/airflow/dags/airflow.py
[2025-10-07T22:24:46.980+0000] {processor.py:830} INFO - Processing file /opt/airflow/dags/airflow.py for tasks to queue
[2025-10-07T22:24:46.983+0000] {logging_mixin.py:188} INFO - [2025-10-07T22:24:46.982+0000] {dagbag.py:545} INFO - Filling up the DagBag from /opt/airflow/dags/airflow.py
[2025-10-07T22:24:46.999+0000] {logging_mixin.py:188} INFO - [2025-10-07T22:24:46.997+0000] {dagbag.py:355} ERROR - Failed to import: /opt/airflow/dags/airflow.py
Traceback (most recent call last):
  File "/home/airflow/.local/lib/python3.12/site-packages/airflow/models/dagbag.py", line 351, in parse
    loader.exec_module(new_module)
  File "<frozen importlib._bootstrap_external>", line 995, in exec_module
  File "<frozen importlib._bootstrap>", line 488, in _call_with_frames_removed
  File "/opt/airflow/dags/airflow.py", line 10, in <module>
    from lab import load_data, data_preprocessing, build_save_model,load_model_elbow
ModuleNotFoundError: No module named 'lab'
[2025-10-07T22:24:46.999+0000] {processor.py:842} WARNING - No viable dags retrieved from /opt/airflow/dags/airflow.py
[2025-10-07T22:24:47.014+0000] {processor.py:183} INFO - Processing /opt/airflow/dags/airflow.py took 0.041 seconds
[2025-10-07T22:25:17.235+0000] {processor.py:161} INFO - Started process (PID=59) to work on /opt/airflow/dags/airflow.py
[2025-10-07T22:25:17.236+0000] {processor.py:830} INFO - Processing file /opt/airflow/dags/airflow.py for tasks to queue
[2025-10-07T22:25:17.239+0000] {logging_mixin.py:188} INFO - [2025-10-07T22:25:17.238+0000] {dagbag.py:545} INFO - Filling up the DagBag from /opt/airflow/dags/airflow.py
[2025-10-07T22:25:17.253+0000] {logging_mixin.py:188} INFO - [2025-10-07T22:25:17.251+0000] {dagbag.py:355} ERROR - Failed to import: /opt/airflow/dags/airflow.py
Traceback (most recent call last):
  File "/home/airflow/.local/lib/python3.12/site-packages/airflow/models/dagbag.py", line 351, in parse
    loader.exec_module(new_module)
  File "<frozen importlib._bootstrap_external>", line 995, in exec_module
  File "<frozen importlib._bootstrap>", line 488, in _call_with_frames_removed
  File "/opt/airflow/dags/airflow.py", line 10, in <module>
    from lab import load_data, data_preprocessing, build_save_model,load_model_elbow
ModuleNotFoundError: No module named 'lab'
[2025-10-07T22:25:17.253+0000] {processor.py:842} WARNING - No viable dags retrieved from /opt/airflow/dags/airflow.py
[2025-10-07T22:25:17.267+0000] {processor.py:183} INFO - Processing /opt/airflow/dags/airflow.py took 0.040 seconds
[2025-10-07T22:25:47.474+0000] {processor.py:161} INFO - Started process (PID=66) to work on /opt/airflow/dags/airflow.py
[2025-10-07T22:25:47.475+0000] {processor.py:830} INFO - Processing file /opt/airflow/dags/airflow.py for tasks to queue
[2025-10-07T22:25:47.479+0000] {logging_mixin.py:188} INFO - [2025-10-07T22:25:47.478+0000] {dagbag.py:545} INFO - Filling up the DagBag from /opt/airflow/dags/airflow.py
[2025-10-07T22:25:47.503+0000] {logging_mixin.py:188} INFO - [2025-10-07T22:25:47.501+0000] {dagbag.py:355} ERROR - Failed to import: /opt/airflow/dags/airflow.py
Traceback (most recent call last):
  File "/home/airflow/.local/lib/python3.12/site-packages/airflow/models/dagbag.py", line 351, in parse
    loader.exec_module(new_module)
  File "<frozen importlib._bootstrap_external>", line 995, in exec_module
  File "<frozen importlib._bootstrap>", line 488, in _call_with_frames_removed
  File "/opt/airflow/dags/airflow.py", line 10, in <module>
    from lab import load_data, data_preprocessing, build_save_model,load_model_elbow
ModuleNotFoundError: No module named 'lab'
[2025-10-07T22:25:47.504+0000] {processor.py:842} WARNING - No viable dags retrieved from /opt/airflow/dags/airflow.py
[2025-10-07T22:25:47.524+0000] {processor.py:183} INFO - Processing /opt/airflow/dags/airflow.py took 0.060 seconds
[2025-10-07T22:26:17.729+0000] {processor.py:161} INFO - Started process (PID=73) to work on /opt/airflow/dags/airflow.py
[2025-10-07T22:26:17.730+0000] {processor.py:830} INFO - Processing file /opt/airflow/dags/airflow.py for tasks to queue
[2025-10-07T22:26:17.731+0000] {logging_mixin.py:188} INFO - [2025-10-07T22:26:17.731+0000] {dagbag.py:545} INFO - Filling up the DagBag from /opt/airflow/dags/airflow.py
[2025-10-07T22:26:17.740+0000] {logging_mixin.py:188} INFO - [2025-10-07T22:26:17.738+0000] {dagbag.py:355} ERROR - Failed to import: /opt/airflow/dags/airflow.py
Traceback (most recent call last):
  File "/home/airflow/.local/lib/python3.12/site-packages/airflow/models/dagbag.py", line 351, in parse
    loader.exec_module(new_module)
  File "<frozen importlib._bootstrap_external>", line 995, in exec_module
  File "<frozen importlib._bootstrap>", line 488, in _call_with_frames_removed
  File "/opt/airflow/dags/airflow.py", line 10, in <module>
    from lab import load_data, data_preprocessing, build_save_model,load_model_elbow
ModuleNotFoundError: No module named 'lab'
[2025-10-07T22:26:17.740+0000] {processor.py:842} WARNING - No viable dags retrieved from /opt/airflow/dags/airflow.py
[2025-10-07T22:26:17.754+0000] {processor.py:183} INFO - Processing /opt/airflow/dags/airflow.py took 0.030 seconds
[2025-10-07T22:26:34.901+0000] {processor.py:161} INFO - Started process (PID=80) to work on /opt/airflow/dags/airflow.py
[2025-10-07T22:26:34.903+0000] {processor.py:830} INFO - Processing file /opt/airflow/dags/airflow.py for tasks to queue
[2025-10-07T22:26:34.906+0000] {logging_mixin.py:188} INFO - [2025-10-07T22:26:34.906+0000] {dagbag.py:545} INFO - Filling up the DagBag from /opt/airflow/dags/airflow.py
[2025-10-07T22:26:34.921+0000] {logging_mixin.py:188} INFO - [2025-10-07T22:26:34.919+0000] {dagbag.py:355} ERROR - Failed to import: /opt/airflow/dags/airflow.py
Traceback (most recent call last):
  File "/home/airflow/.local/lib/python3.12/site-packages/airflow/models/dagbag.py", line 351, in parse
    loader.exec_module(new_module)
  File "<frozen importlib._bootstrap_external>", line 995, in exec_module
  File "<frozen importlib._bootstrap>", line 488, in _call_with_frames_removed
  File "/opt/airflow/dags/airflow.py", line 10, in <module>
    from lab import load_data, data_preprocessing, build_save_model,load_model_elbow
ModuleNotFoundError: No module named 'lab'
[2025-10-07T22:26:34.921+0000] {processor.py:842} WARNING - No viable dags retrieved from /opt/airflow/dags/airflow.py
[2025-10-07T22:26:34.936+0000] {processor.py:183} INFO - Processing /opt/airflow/dags/airflow.py took 0.042 seconds
[2025-10-07T22:26:35.921+0000] {processor.py:161} INFO - Started process (PID=81) to work on /opt/airflow/dags/airflow.py
[2025-10-07T22:26:35.922+0000] {processor.py:830} INFO - Processing file /opt/airflow/dags/airflow.py for tasks to queue
[2025-10-07T22:26:35.924+0000] {logging_mixin.py:188} INFO - [2025-10-07T22:26:35.923+0000] {dagbag.py:545} INFO - Filling up the DagBag from /opt/airflow/dags/airflow.py
[2025-10-07T22:26:35.936+0000] {logging_mixin.py:188} INFO - [2025-10-07T22:26:35.935+0000] {dagbag.py:355} ERROR - Failed to import: /opt/airflow/dags/airflow.py
Traceback (most recent call last):
  File "/home/airflow/.local/lib/python3.12/site-packages/airflow/models/dagbag.py", line 351, in parse
    loader.exec_module(new_module)
  File "<frozen importlib._bootstrap_external>", line 995, in exec_module
  File "<frozen importlib._bootstrap>", line 488, in _call_with_frames_removed
  File "/opt/airflow/dags/airflow.py", line 10, in <module>
    from lab import load_data, data_preprocessing, build_save_model,load_model_elbow
ModuleNotFoundError: No module named 'lab'
[2025-10-07T22:26:35.937+0000] {processor.py:842} WARNING - No viable dags retrieved from /opt/airflow/dags/airflow.py
[2025-10-07T22:26:35.952+0000] {processor.py:183} INFO - Processing /opt/airflow/dags/airflow.py took 0.038 seconds
[2025-10-07T22:28:06.368+0000] {processor.py:161} INFO - Started process (PID=45) to work on /opt/airflow/dags/airflow.py
[2025-10-07T22:28:06.370+0000] {processor.py:830} INFO - Processing file /opt/airflow/dags/airflow.py for tasks to queue
[2025-10-07T22:28:06.372+0000] {logging_mixin.py:188} INFO - [2025-10-07T22:28:06.372+0000] {dagbag.py:545} INFO - Filling up the DagBag from /opt/airflow/dags/airflow.py
[2025-10-07T22:28:06.387+0000] {logging_mixin.py:188} INFO - [2025-10-07T22:28:06.385+0000] {dagbag.py:355} ERROR - Failed to import: /opt/airflow/dags/airflow.py
Traceback (most recent call last):
  File "/home/airflow/.local/lib/python3.12/site-packages/airflow/models/dagbag.py", line 351, in parse
    loader.exec_module(new_module)
  File "<frozen importlib._bootstrap_external>", line 995, in exec_module
  File "<frozen importlib._bootstrap>", line 488, in _call_with_frames_removed
  File "/opt/airflow/dags/airflow.py", line 10, in <module>
    from lab import load_data, data_preprocessing, build_save_model,load_model_elbow
ModuleNotFoundError: No module named 'lab'
[2025-10-07T22:28:06.387+0000] {processor.py:842} WARNING - No viable dags retrieved from /opt/airflow/dags/airflow.py
[2025-10-07T22:28:06.400+0000] {processor.py:183} INFO - Processing /opt/airflow/dags/airflow.py took 0.039 seconds
[2025-10-07T22:28:36.643+0000] {processor.py:161} INFO - Started process (PID=52) to work on /opt/airflow/dags/airflow.py
[2025-10-07T22:28:36.645+0000] {processor.py:830} INFO - Processing file /opt/airflow/dags/airflow.py for tasks to queue
[2025-10-07T22:28:36.650+0000] {logging_mixin.py:188} INFO - [2025-10-07T22:28:36.649+0000] {dagbag.py:545} INFO - Filling up the DagBag from /opt/airflow/dags/airflow.py
[2025-10-07T22:28:36.669+0000] {logging_mixin.py:188} INFO - [2025-10-07T22:28:36.667+0000] {dagbag.py:355} ERROR - Failed to import: /opt/airflow/dags/airflow.py
Traceback (most recent call last):
  File "/home/airflow/.local/lib/python3.12/site-packages/airflow/models/dagbag.py", line 351, in parse
    loader.exec_module(new_module)
  File "<frozen importlib._bootstrap_external>", line 995, in exec_module
  File "<frozen importlib._bootstrap>", line 488, in _call_with_frames_removed
  File "/opt/airflow/dags/airflow.py", line 10, in <module>
    from lab import load_data, data_preprocessing, build_save_model,load_model_elbow
ModuleNotFoundError: No module named 'lab'
[2025-10-07T22:28:36.670+0000] {processor.py:842} WARNING - No viable dags retrieved from /opt/airflow/dags/airflow.py
[2025-10-07T22:28:36.684+0000] {processor.py:183} INFO - Processing /opt/airflow/dags/airflow.py took 0.053 seconds
[2025-10-07T22:29:06.975+0000] {processor.py:161} INFO - Started process (PID=59) to work on /opt/airflow/dags/airflow.py
[2025-10-07T22:29:06.976+0000] {processor.py:830} INFO - Processing file /opt/airflow/dags/airflow.py for tasks to queue
[2025-10-07T22:29:06.977+0000] {logging_mixin.py:188} INFO - [2025-10-07T22:29:06.977+0000] {dagbag.py:545} INFO - Filling up the DagBag from /opt/airflow/dags/airflow.py
[2025-10-07T22:29:06.984+0000] {logging_mixin.py:188} INFO - [2025-10-07T22:29:06.983+0000] {dagbag.py:355} ERROR - Failed to import: /opt/airflow/dags/airflow.py
Traceback (most recent call last):
  File "/home/airflow/.local/lib/python3.12/site-packages/airflow/models/dagbag.py", line 351, in parse
    loader.exec_module(new_module)
  File "<frozen importlib._bootstrap_external>", line 995, in exec_module
  File "<frozen importlib._bootstrap>", line 488, in _call_with_frames_removed
  File "/opt/airflow/dags/airflow.py", line 10, in <module>
    from lab import load_data, data_preprocessing, build_save_model,load_model_elbow
ModuleNotFoundError: No module named 'lab'
[2025-10-07T22:29:06.985+0000] {processor.py:842} WARNING - No viable dags retrieved from /opt/airflow/dags/airflow.py
[2025-10-07T22:29:06.998+0000] {processor.py:183} INFO - Processing /opt/airflow/dags/airflow.py took 0.027 seconds
[2025-10-07T22:29:37.300+0000] {processor.py:161} INFO - Started process (PID=66) to work on /opt/airflow/dags/airflow.py
[2025-10-07T22:29:37.301+0000] {processor.py:830} INFO - Processing file /opt/airflow/dags/airflow.py for tasks to queue
[2025-10-07T22:29:37.304+0000] {logging_mixin.py:188} INFO - [2025-10-07T22:29:37.304+0000] {dagbag.py:545} INFO - Filling up the DagBag from /opt/airflow/dags/airflow.py
[2025-10-07T22:29:37.317+0000] {logging_mixin.py:188} INFO - [2025-10-07T22:29:37.315+0000] {dagbag.py:355} ERROR - Failed to import: /opt/airflow/dags/airflow.py
Traceback (most recent call last):
  File "/home/airflow/.local/lib/python3.12/site-packages/airflow/models/dagbag.py", line 351, in parse
    loader.exec_module(new_module)
  File "<frozen importlib._bootstrap_external>", line 995, in exec_module
  File "<frozen importlib._bootstrap>", line 488, in _call_with_frames_removed
  File "/opt/airflow/dags/airflow.py", line 10, in <module>
    from lab import load_data, data_preprocessing, build_save_model,load_model_elbow
ModuleNotFoundError: No module named 'lab'
[2025-10-07T22:29:37.318+0000] {processor.py:842} WARNING - No viable dags retrieved from /opt/airflow/dags/airflow.py
[2025-10-07T22:29:37.337+0000] {processor.py:183} INFO - Processing /opt/airflow/dags/airflow.py took 0.043 seconds
[2025-10-07T22:30:07.627+0000] {processor.py:161} INFO - Started process (PID=73) to work on /opt/airflow/dags/airflow.py
[2025-10-07T22:30:07.628+0000] {processor.py:830} INFO - Processing file /opt/airflow/dags/airflow.py for tasks to queue
[2025-10-07T22:30:07.632+0000] {logging_mixin.py:188} INFO - [2025-10-07T22:30:07.631+0000] {dagbag.py:545} INFO - Filling up the DagBag from /opt/airflow/dags/airflow.py
[2025-10-07T22:30:07.645+0000] {logging_mixin.py:188} INFO - [2025-10-07T22:30:07.644+0000] {dagbag.py:355} ERROR - Failed to import: /opt/airflow/dags/airflow.py
Traceback (most recent call last):
  File "/home/airflow/.local/lib/python3.12/site-packages/airflow/models/dagbag.py", line 351, in parse
    loader.exec_module(new_module)
  File "<frozen importlib._bootstrap_external>", line 995, in exec_module
  File "<frozen importlib._bootstrap>", line 488, in _call_with_frames_removed
  File "/opt/airflow/dags/airflow.py", line 10, in <module>
    from lab import load_data, data_preprocessing, build_save_model,load_model_elbow
ModuleNotFoundError: No module named 'lab'
[2025-10-07T22:30:07.646+0000] {processor.py:842} WARNING - No viable dags retrieved from /opt/airflow/dags/airflow.py
[2025-10-07T22:30:07.664+0000] {processor.py:183} INFO - Processing /opt/airflow/dags/airflow.py took 0.046 seconds
