[2025-10-08T00:50:04.386+0000] {processor.py:153} INFO - Started process (PID=40) to work on /opt/airflow/dags/airflow.py
[2025-10-08T00:50:04.388+0000] {processor.py:743} INFO - Processing file /opt/airflow/dags/airflow.py for tasks to queue
[2025-10-08T00:50:04.389+0000] {logging_mixin.py:137} INFO - [2025-10-08T00:50:04.389+0000] {dagbag.py:538} INFO - Filling up the DagBag from /opt/airflow/dags/airflow.py
[2025-10-08T00:50:05.107+0000] {logging_mixin.py:137} INFO - [2025-10-08T00:50:05.106+0000] {dagbag.py:343} ERROR - Failed to import: /opt/airflow/dags/airflow.py
Traceback (most recent call last):
  File "/home/airflow/.local/lib/python3.7/site-packages/airflow/models/dagbag.py", line 339, in parse
    loader.exec_module(new_module)
  File "<frozen importlib._bootstrap_external>", line 728, in exec_module
  File "<frozen importlib._bootstrap>", line 219, in _call_with_frames_removed
  File "/opt/airflow/dags/airflow.py", line 10, in <module>
    from lab import load_data, data_preprocessing, build_save_model,load_model_elbow
  File "/opt/airflow/src/lab.py", line 2, in <module>
    from sklearn.preprocessing import MinMaxScaler
ModuleNotFoundError: No module named 'sklearn'
[2025-10-08T00:50:05.107+0000] {processor.py:755} WARNING - No viable dags retrieved from /opt/airflow/dags/airflow.py
[2025-10-08T00:50:05.118+0000] {processor.py:175} INFO - Processing /opt/airflow/dags/airflow.py took 0.735 seconds
[2025-10-08T00:50:35.339+0000] {processor.py:153} INFO - Started process (PID=143) to work on /opt/airflow/dags/airflow.py
[2025-10-08T00:50:35.340+0000] {processor.py:743} INFO - Processing file /opt/airflow/dags/airflow.py for tasks to queue
[2025-10-08T00:50:35.342+0000] {logging_mixin.py:137} INFO - [2025-10-08T00:50:35.342+0000] {dagbag.py:538} INFO - Filling up the DagBag from /opt/airflow/dags/airflow.py
[2025-10-08T00:50:35.992+0000] {logging_mixin.py:137} INFO - [2025-10-08T00:50:35.988+0000] {dagbag.py:343} ERROR - Failed to import: /opt/airflow/dags/airflow.py
Traceback (most recent call last):
  File "/home/airflow/.local/lib/python3.7/site-packages/airflow/models/dagbag.py", line 339, in parse
    loader.exec_module(new_module)
  File "<frozen importlib._bootstrap_external>", line 728, in exec_module
  File "<frozen importlib._bootstrap>", line 219, in _call_with_frames_removed
  File "/opt/airflow/dags/airflow.py", line 10, in <module>
    from lab import load_data, data_preprocessing, build_save_model,load_model_elbow
  File "/opt/airflow/src/lab.py", line 2, in <module>
    from sklearn.preprocessing import MinMaxScaler
ModuleNotFoundError: No module named 'sklearn'
[2025-10-08T00:50:35.993+0000] {processor.py:755} WARNING - No viable dags retrieved from /opt/airflow/dags/airflow.py
[2025-10-08T00:50:36.005+0000] {processor.py:175} INFO - Processing /opt/airflow/dags/airflow.py took 0.668 seconds
[2025-10-08T00:51:06.577+0000] {processor.py:153} INFO - Started process (PID=230) to work on /opt/airflow/dags/airflow.py
[2025-10-08T00:51:06.577+0000] {processor.py:743} INFO - Processing file /opt/airflow/dags/airflow.py for tasks to queue
[2025-10-08T00:51:06.578+0000] {logging_mixin.py:137} INFO - [2025-10-08T00:51:06.578+0000] {dagbag.py:538} INFO - Filling up the DagBag from /opt/airflow/dags/airflow.py
[2025-10-08T00:51:06.927+0000] {logging_mixin.py:137} INFO - [2025-10-08T00:51:06.915+0000] {dagbag.py:343} ERROR - Failed to import: /opt/airflow/dags/airflow.py
Traceback (most recent call last):
  File "/home/airflow/.local/lib/python3.7/site-packages/airflow/models/dagbag.py", line 339, in parse
    loader.exec_module(new_module)
  File "<frozen importlib._bootstrap_external>", line 728, in exec_module
  File "<frozen importlib._bootstrap>", line 219, in _call_with_frames_removed
  File "/opt/airflow/dags/airflow.py", line 10, in <module>
    from lab import load_data, data_preprocessing, build_save_model,load_model_elbow
  File "/opt/airflow/src/lab.py", line 2, in <module>
    from sklearn.preprocessing import MinMaxScaler
ModuleNotFoundError: No module named 'sklearn'
[2025-10-08T00:51:06.928+0000] {processor.py:755} WARNING - No viable dags retrieved from /opt/airflow/dags/airflow.py
[2025-10-08T00:51:06.944+0000] {processor.py:175} INFO - Processing /opt/airflow/dags/airflow.py took 0.370 seconds
[2025-10-08T00:51:37.937+0000] {processor.py:153} INFO - Started process (PID=318) to work on /opt/airflow/dags/airflow.py
[2025-10-08T00:51:37.938+0000] {processor.py:743} INFO - Processing file /opt/airflow/dags/airflow.py for tasks to queue
[2025-10-08T00:51:37.939+0000] {logging_mixin.py:137} INFO - [2025-10-08T00:51:37.939+0000] {dagbag.py:538} INFO - Filling up the DagBag from /opt/airflow/dags/airflow.py
[2025-10-08T00:51:38.230+0000] {logging_mixin.py:137} INFO - [2025-10-08T00:51:38.227+0000] {dagbag.py:343} ERROR - Failed to import: /opt/airflow/dags/airflow.py
Traceback (most recent call last):
  File "/home/airflow/.local/lib/python3.7/site-packages/airflow/models/dagbag.py", line 339, in parse
    loader.exec_module(new_module)
  File "<frozen importlib._bootstrap_external>", line 728, in exec_module
  File "<frozen importlib._bootstrap>", line 219, in _call_with_frames_removed
  File "/opt/airflow/dags/airflow.py", line 10, in <module>
    from lab import load_data, data_preprocessing, build_save_model,load_model_elbow
  File "/opt/airflow/src/lab.py", line 2, in <module>
    from sklearn.preprocessing import MinMaxScaler
ModuleNotFoundError: No module named 'sklearn'
[2025-10-08T00:51:38.230+0000] {processor.py:755} WARNING - No viable dags retrieved from /opt/airflow/dags/airflow.py
[2025-10-08T00:51:38.240+0000] {processor.py:175} INFO - Processing /opt/airflow/dags/airflow.py took 0.307 seconds
[2025-10-08T00:52:08.881+0000] {processor.py:153} INFO - Started process (PID=412) to work on /opt/airflow/dags/airflow.py
[2025-10-08T00:52:08.882+0000] {processor.py:743} INFO - Processing file /opt/airflow/dags/airflow.py for tasks to queue
[2025-10-08T00:52:08.883+0000] {logging_mixin.py:137} INFO - [2025-10-08T00:52:08.882+0000] {dagbag.py:538} INFO - Filling up the DagBag from /opt/airflow/dags/airflow.py
[2025-10-08T00:52:09.120+0000] {logging_mixin.py:137} INFO - [2025-10-08T00:52:09.119+0000] {dagbag.py:343} ERROR - Failed to import: /opt/airflow/dags/airflow.py
Traceback (most recent call last):
  File "/home/airflow/.local/lib/python3.7/site-packages/airflow/models/dagbag.py", line 339, in parse
    loader.exec_module(new_module)
  File "<frozen importlib._bootstrap_external>", line 728, in exec_module
  File "<frozen importlib._bootstrap>", line 219, in _call_with_frames_removed
  File "/opt/airflow/dags/airflow.py", line 10, in <module>
    from lab import load_data, data_preprocessing, build_save_model,load_model_elbow
  File "/opt/airflow/src/lab.py", line 2, in <module>
    from sklearn.preprocessing import MinMaxScaler
ModuleNotFoundError: No module named 'sklearn'
[2025-10-08T00:52:09.121+0000] {processor.py:755} WARNING - No viable dags retrieved from /opt/airflow/dags/airflow.py
[2025-10-08T00:52:09.134+0000] {processor.py:175} INFO - Processing /opt/airflow/dags/airflow.py took 0.256 seconds
[2025-10-08T00:52:39.825+0000] {processor.py:153} INFO - Started process (PID=507) to work on /opt/airflow/dags/airflow.py
[2025-10-08T00:52:39.826+0000] {processor.py:743} INFO - Processing file /opt/airflow/dags/airflow.py for tasks to queue
[2025-10-08T00:52:39.827+0000] {logging_mixin.py:137} INFO - [2025-10-08T00:52:39.826+0000] {dagbag.py:538} INFO - Filling up the DagBag from /opt/airflow/dags/airflow.py
[2025-10-08T00:52:40.149+0000] {logging_mixin.py:137} INFO - [2025-10-08T00:52:40.147+0000] {dagbag.py:343} ERROR - Failed to import: /opt/airflow/dags/airflow.py
Traceback (most recent call last):
  File "/home/airflow/.local/lib/python3.7/site-packages/airflow/models/dagbag.py", line 339, in parse
    loader.exec_module(new_module)
  File "<frozen importlib._bootstrap_external>", line 728, in exec_module
  File "<frozen importlib._bootstrap>", line 219, in _call_with_frames_removed
  File "/opt/airflow/dags/airflow.py", line 10, in <module>
    from lab import load_data, data_preprocessing, build_save_model,load_model_elbow
  File "/opt/airflow/src/lab.py", line 2, in <module>
    from sklearn.preprocessing import MinMaxScaler
ModuleNotFoundError: No module named 'sklearn'
[2025-10-08T00:52:40.150+0000] {processor.py:755} WARNING - No viable dags retrieved from /opt/airflow/dags/airflow.py
[2025-10-08T00:52:40.161+0000] {processor.py:175} INFO - Processing /opt/airflow/dags/airflow.py took 0.338 seconds
[2025-10-08T00:54:14.173+0000] {processor.py:153} INFO - Started process (PID=102) to work on /opt/airflow/dags/airflow.py
[2025-10-08T00:54:14.174+0000] {processor.py:743} INFO - Processing file /opt/airflow/dags/airflow.py for tasks to queue
[2025-10-08T00:54:14.175+0000] {logging_mixin.py:137} INFO - [2025-10-08T00:54:14.175+0000] {dagbag.py:538} INFO - Filling up the DagBag from /opt/airflow/dags/airflow.py
[2025-10-08T00:54:15.236+0000] {logging_mixin.py:137} INFO - [2025-10-08T00:54:15.236+0000] {taskmixin.py:205} WARNING - Dependency <Task(PythonOperator): load_data_task>, data_preprocessing_task already registered for DAG: Airflow_Lab1
[2025-10-08T00:54:15.236+0000] {logging_mixin.py:137} INFO - [2025-10-08T00:54:15.236+0000] {taskmixin.py:205} WARNING - Dependency <Task(PythonOperator): data_preprocessing_task>, load_data_task already registered for DAG: Airflow_Lab1
[2025-10-08T00:54:15.237+0000] {logging_mixin.py:137} INFO - [2025-10-08T00:54:15.236+0000] {taskmixin.py:205} WARNING - Dependency <Task(PythonOperator): data_preprocessing_task>, build_save_model_task already registered for DAG: Airflow_Lab1
[2025-10-08T00:54:15.237+0000] {logging_mixin.py:137} INFO - [2025-10-08T00:54:15.237+0000] {taskmixin.py:205} WARNING - Dependency <Task(PythonOperator): build_save_model_task>, data_preprocessing_task already registered for DAG: Airflow_Lab1
[2025-10-08T00:54:15.237+0000] {logging_mixin.py:137} INFO - [2025-10-08T00:54:15.237+0000] {taskmixin.py:205} WARNING - Dependency <Task(PythonOperator): build_save_model_task>, load_model_task already registered for DAG: Airflow_Lab1
[2025-10-08T00:54:15.238+0000] {logging_mixin.py:137} INFO - [2025-10-08T00:54:15.238+0000] {taskmixin.py:205} WARNING - Dependency <Task(PythonOperator): load_model_task>, build_save_model_task already registered for DAG: Airflow_Lab1
[2025-10-08T00:54:15.241+0000] {processor.py:753} INFO - DAG(s) dict_keys(['Airflow_Lab1']) retrieved from /opt/airflow/dags/airflow.py
[2025-10-08T00:54:15.404+0000] {logging_mixin.py:137} INFO - [2025-10-08T00:54:15.404+0000] {manager.py:504} INFO - Created Permission View: can delete on DAG:Airflow_Lab1
[2025-10-08T00:54:15.419+0000] {logging_mixin.py:137} INFO - [2025-10-08T00:54:15.419+0000] {manager.py:504} INFO - Created Permission View: can read on DAG:Airflow_Lab1
[2025-10-08T00:54:15.424+0000] {logging_mixin.py:137} INFO - [2025-10-08T00:54:15.424+0000] {manager.py:504} INFO - Created Permission View: can edit on DAG:Airflow_Lab1
[2025-10-08T00:54:15.426+0000] {logging_mixin.py:137} INFO - [2025-10-08T00:54:15.425+0000] {dag.py:2690} INFO - Sync 1 DAGs
[2025-10-08T00:54:15.435+0000] {logging_mixin.py:137} INFO - [2025-10-08T00:54:15.434+0000] {dag.py:2711} INFO - Creating ORM DAG for Airflow_Lab1
[2025-10-08T00:54:15.440+0000] {logging_mixin.py:137} INFO - [2025-10-08T00:54:15.440+0000] {dag.py:3441} INFO - Setting next_dagrun for Airflow_Lab1 to None, run_after=None
[2025-10-08T00:54:15.453+0000] {processor.py:175} INFO - Processing /opt/airflow/dags/airflow.py took 1.286 seconds
[2025-10-08T00:54:45.561+0000] {processor.py:153} INFO - Started process (PID=192) to work on /opt/airflow/dags/airflow.py
[2025-10-08T00:54:45.562+0000] {processor.py:743} INFO - Processing file /opt/airflow/dags/airflow.py for tasks to queue
[2025-10-08T00:54:45.563+0000] {logging_mixin.py:137} INFO - [2025-10-08T00:54:45.563+0000] {dagbag.py:538} INFO - Filling up the DagBag from /opt/airflow/dags/airflow.py
[2025-10-08T00:54:47.178+0000] {logging_mixin.py:137} INFO - [2025-10-08T00:54:47.178+0000] {taskmixin.py:205} WARNING - Dependency <Task(PythonOperator): load_data_task>, data_preprocessing_task already registered for DAG: Airflow_Lab1
[2025-10-08T00:54:47.180+0000] {logging_mixin.py:137} INFO - [2025-10-08T00:54:47.180+0000] {taskmixin.py:205} WARNING - Dependency <Task(PythonOperator): data_preprocessing_task>, load_data_task already registered for DAG: Airflow_Lab1
[2025-10-08T00:54:47.180+0000] {logging_mixin.py:137} INFO - [2025-10-08T00:54:47.180+0000] {taskmixin.py:205} WARNING - Dependency <Task(PythonOperator): data_preprocessing_task>, build_save_model_task already registered for DAG: Airflow_Lab1
[2025-10-08T00:54:47.181+0000] {logging_mixin.py:137} INFO - [2025-10-08T00:54:47.180+0000] {taskmixin.py:205} WARNING - Dependency <Task(PythonOperator): build_save_model_task>, data_preprocessing_task already registered for DAG: Airflow_Lab1
[2025-10-08T00:54:47.186+0000] {logging_mixin.py:137} INFO - [2025-10-08T00:54:47.186+0000] {taskmixin.py:205} WARNING - Dependency <Task(PythonOperator): build_save_model_task>, load_model_task already registered for DAG: Airflow_Lab1
[2025-10-08T00:54:47.188+0000] {logging_mixin.py:137} INFO - [2025-10-08T00:54:47.188+0000] {taskmixin.py:205} WARNING - Dependency <Task(PythonOperator): load_model_task>, build_save_model_task already registered for DAG: Airflow_Lab1
[2025-10-08T00:54:47.195+0000] {processor.py:753} INFO - DAG(s) dict_keys(['Airflow_Lab1']) retrieved from /opt/airflow/dags/airflow.py
[2025-10-08T00:54:47.223+0000] {logging_mixin.py:137} INFO - [2025-10-08T00:54:47.223+0000] {dag.py:2690} INFO - Sync 1 DAGs
[2025-10-08T00:54:47.241+0000] {logging_mixin.py:137} INFO - [2025-10-08T00:54:47.241+0000] {dag.py:3441} INFO - Setting next_dagrun for Airflow_Lab1 to None, run_after=None
[2025-10-08T00:54:47.258+0000] {processor.py:175} INFO - Processing /opt/airflow/dags/airflow.py took 1.699 seconds
[2025-10-08T00:55:18.156+0000] {processor.py:153} INFO - Started process (PID=300) to work on /opt/airflow/dags/airflow.py
[2025-10-08T00:55:18.156+0000] {processor.py:743} INFO - Processing file /opt/airflow/dags/airflow.py for tasks to queue
[2025-10-08T00:55:18.157+0000] {logging_mixin.py:137} INFO - [2025-10-08T00:55:18.157+0000] {dagbag.py:538} INFO - Filling up the DagBag from /opt/airflow/dags/airflow.py
[2025-10-08T00:55:18.560+0000] {logging_mixin.py:137} INFO - [2025-10-08T00:55:18.560+0000] {taskmixin.py:205} WARNING - Dependency <Task(PythonOperator): load_data_task>, data_preprocessing_task already registered for DAG: Airflow_Lab1
[2025-10-08T00:55:18.561+0000] {logging_mixin.py:137} INFO - [2025-10-08T00:55:18.561+0000] {taskmixin.py:205} WARNING - Dependency <Task(PythonOperator): data_preprocessing_task>, load_data_task already registered for DAG: Airflow_Lab1
[2025-10-08T00:55:18.561+0000] {logging_mixin.py:137} INFO - [2025-10-08T00:55:18.561+0000] {taskmixin.py:205} WARNING - Dependency <Task(PythonOperator): data_preprocessing_task>, build_save_model_task already registered for DAG: Airflow_Lab1
[2025-10-08T00:55:18.561+0000] {logging_mixin.py:137} INFO - [2025-10-08T00:55:18.561+0000] {taskmixin.py:205} WARNING - Dependency <Task(PythonOperator): build_save_model_task>, data_preprocessing_task already registered for DAG: Airflow_Lab1
[2025-10-08T00:55:18.563+0000] {logging_mixin.py:137} INFO - [2025-10-08T00:55:18.563+0000] {taskmixin.py:205} WARNING - Dependency <Task(PythonOperator): build_save_model_task>, load_model_task already registered for DAG: Airflow_Lab1
[2025-10-08T00:55:18.563+0000] {logging_mixin.py:137} INFO - [2025-10-08T00:55:18.563+0000] {taskmixin.py:205} WARNING - Dependency <Task(PythonOperator): load_model_task>, build_save_model_task already registered for DAG: Airflow_Lab1
[2025-10-08T00:55:18.566+0000] {processor.py:753} INFO - DAG(s) dict_keys(['Airflow_Lab1']) retrieved from /opt/airflow/dags/airflow.py
[2025-10-08T00:55:18.578+0000] {logging_mixin.py:137} INFO - [2025-10-08T00:55:18.578+0000] {dag.py:2690} INFO - Sync 1 DAGs
[2025-10-08T00:55:18.590+0000] {logging_mixin.py:137} INFO - [2025-10-08T00:55:18.590+0000] {dag.py:3441} INFO - Setting next_dagrun for Airflow_Lab1 to None, run_after=None
[2025-10-08T00:55:18.602+0000] {processor.py:175} INFO - Processing /opt/airflow/dags/airflow.py took 0.448 seconds
[2025-10-08T00:55:49.052+0000] {processor.py:153} INFO - Started process (PID=395) to work on /opt/airflow/dags/airflow.py
[2025-10-08T00:55:49.053+0000] {processor.py:743} INFO - Processing file /opt/airflow/dags/airflow.py for tasks to queue
[2025-10-08T00:55:49.054+0000] {logging_mixin.py:137} INFO - [2025-10-08T00:55:49.054+0000] {dagbag.py:538} INFO - Filling up the DagBag from /opt/airflow/dags/airflow.py
[2025-10-08T00:55:49.519+0000] {logging_mixin.py:137} INFO - [2025-10-08T00:55:49.518+0000] {taskmixin.py:205} WARNING - Dependency <Task(PythonOperator): load_data_task>, data_preprocessing_task already registered for DAG: Airflow_Lab1
[2025-10-08T00:55:49.519+0000] {logging_mixin.py:137} INFO - [2025-10-08T00:55:49.519+0000] {taskmixin.py:205} WARNING - Dependency <Task(PythonOperator): data_preprocessing_task>, load_data_task already registered for DAG: Airflow_Lab1
[2025-10-08T00:55:49.519+0000] {logging_mixin.py:137} INFO - [2025-10-08T00:55:49.519+0000] {taskmixin.py:205} WARNING - Dependency <Task(PythonOperator): data_preprocessing_task>, build_save_model_task already registered for DAG: Airflow_Lab1
[2025-10-08T00:55:49.519+0000] {logging_mixin.py:137} INFO - [2025-10-08T00:55:49.519+0000] {taskmixin.py:205} WARNING - Dependency <Task(PythonOperator): build_save_model_task>, data_preprocessing_task already registered for DAG: Airflow_Lab1
[2025-10-08T00:55:49.519+0000] {logging_mixin.py:137} INFO - [2025-10-08T00:55:49.519+0000] {taskmixin.py:205} WARNING - Dependency <Task(PythonOperator): build_save_model_task>, load_model_task already registered for DAG: Airflow_Lab1
[2025-10-08T00:55:49.519+0000] {logging_mixin.py:137} INFO - [2025-10-08T00:55:49.519+0000] {taskmixin.py:205} WARNING - Dependency <Task(PythonOperator): load_model_task>, build_save_model_task already registered for DAG: Airflow_Lab1
[2025-10-08T00:55:49.522+0000] {processor.py:753} INFO - DAG(s) dict_keys(['Airflow_Lab1']) retrieved from /opt/airflow/dags/airflow.py
[2025-10-08T00:55:49.535+0000] {logging_mixin.py:137} INFO - [2025-10-08T00:55:49.534+0000] {dag.py:2690} INFO - Sync 1 DAGs
[2025-10-08T00:55:49.548+0000] {logging_mixin.py:137} INFO - [2025-10-08T00:55:49.548+0000] {dag.py:3441} INFO - Setting next_dagrun for Airflow_Lab1 to None, run_after=None
[2025-10-08T00:55:49.558+0000] {processor.py:175} INFO - Processing /opt/airflow/dags/airflow.py took 0.510 seconds
[2025-10-08T00:56:19.972+0000] {processor.py:153} INFO - Started process (PID=490) to work on /opt/airflow/dags/airflow.py
[2025-10-08T00:56:19.973+0000] {processor.py:743} INFO - Processing file /opt/airflow/dags/airflow.py for tasks to queue
[2025-10-08T00:56:19.974+0000] {logging_mixin.py:137} INFO - [2025-10-08T00:56:19.974+0000] {dagbag.py:538} INFO - Filling up the DagBag from /opt/airflow/dags/airflow.py
[2025-10-08T00:56:20.509+0000] {logging_mixin.py:137} INFO - [2025-10-08T00:56:20.509+0000] {taskmixin.py:205} WARNING - Dependency <Task(PythonOperator): load_data_task>, data_preprocessing_task already registered for DAG: Airflow_Lab1
[2025-10-08T00:56:20.509+0000] {logging_mixin.py:137} INFO - [2025-10-08T00:56:20.509+0000] {taskmixin.py:205} WARNING - Dependency <Task(PythonOperator): data_preprocessing_task>, load_data_task already registered for DAG: Airflow_Lab1
[2025-10-08T00:56:20.510+0000] {logging_mixin.py:137} INFO - [2025-10-08T00:56:20.509+0000] {taskmixin.py:205} WARNING - Dependency <Task(PythonOperator): data_preprocessing_task>, build_save_model_task already registered for DAG: Airflow_Lab1
[2025-10-08T00:56:20.510+0000] {logging_mixin.py:137} INFO - [2025-10-08T00:56:20.510+0000] {taskmixin.py:205} WARNING - Dependency <Task(PythonOperator): build_save_model_task>, data_preprocessing_task already registered for DAG: Airflow_Lab1
[2025-10-08T00:56:20.511+0000] {logging_mixin.py:137} INFO - [2025-10-08T00:56:20.511+0000] {taskmixin.py:205} WARNING - Dependency <Task(PythonOperator): build_save_model_task>, load_model_task already registered for DAG: Airflow_Lab1
[2025-10-08T00:56:20.512+0000] {logging_mixin.py:137} INFO - [2025-10-08T00:56:20.512+0000] {taskmixin.py:205} WARNING - Dependency <Task(PythonOperator): load_model_task>, build_save_model_task already registered for DAG: Airflow_Lab1
[2025-10-08T00:56:20.516+0000] {processor.py:753} INFO - DAG(s) dict_keys(['Airflow_Lab1']) retrieved from /opt/airflow/dags/airflow.py
[2025-10-08T00:56:20.528+0000] {logging_mixin.py:137} INFO - [2025-10-08T00:56:20.527+0000] {dag.py:2690} INFO - Sync 1 DAGs
[2025-10-08T00:56:20.540+0000] {logging_mixin.py:137} INFO - [2025-10-08T00:56:20.540+0000] {dag.py:3441} INFO - Setting next_dagrun for Airflow_Lab1 to None, run_after=None
[2025-10-08T00:56:20.550+0000] {processor.py:175} INFO - Processing /opt/airflow/dags/airflow.py took 0.581 seconds
[2025-10-08T00:56:50.780+0000] {processor.py:153} INFO - Started process (PID=567) to work on /opt/airflow/dags/airflow.py
[2025-10-08T00:56:50.781+0000] {processor.py:743} INFO - Processing file /opt/airflow/dags/airflow.py for tasks to queue
[2025-10-08T00:56:50.781+0000] {logging_mixin.py:137} INFO - [2025-10-08T00:56:50.781+0000] {dagbag.py:538} INFO - Filling up the DagBag from /opt/airflow/dags/airflow.py
[2025-10-08T00:56:51.212+0000] {logging_mixin.py:137} INFO - [2025-10-08T00:56:51.212+0000] {taskmixin.py:205} WARNING - Dependency <Task(PythonOperator): load_data_task>, data_preprocessing_task already registered for DAG: Airflow_Lab1
[2025-10-08T00:56:51.219+0000] {logging_mixin.py:137} INFO - [2025-10-08T00:56:51.219+0000] {taskmixin.py:205} WARNING - Dependency <Task(PythonOperator): data_preprocessing_task>, load_data_task already registered for DAG: Airflow_Lab1
[2025-10-08T00:56:51.220+0000] {logging_mixin.py:137} INFO - [2025-10-08T00:56:51.219+0000] {taskmixin.py:205} WARNING - Dependency <Task(PythonOperator): data_preprocessing_task>, build_save_model_task already registered for DAG: Airflow_Lab1
[2025-10-08T00:56:51.220+0000] {logging_mixin.py:137} INFO - [2025-10-08T00:56:51.220+0000] {taskmixin.py:205} WARNING - Dependency <Task(PythonOperator): build_save_model_task>, data_preprocessing_task already registered for DAG: Airflow_Lab1
[2025-10-08T00:56:51.220+0000] {logging_mixin.py:137} INFO - [2025-10-08T00:56:51.220+0000] {taskmixin.py:205} WARNING - Dependency <Task(PythonOperator): build_save_model_task>, load_model_task already registered for DAG: Airflow_Lab1
[2025-10-08T00:56:51.220+0000] {logging_mixin.py:137} INFO - [2025-10-08T00:56:51.220+0000] {taskmixin.py:205} WARNING - Dependency <Task(PythonOperator): load_model_task>, build_save_model_task already registered for DAG: Airflow_Lab1
[2025-10-08T00:56:51.223+0000] {processor.py:753} INFO - DAG(s) dict_keys(['Airflow_Lab1']) retrieved from /opt/airflow/dags/airflow.py
[2025-10-08T00:56:51.258+0000] {logging_mixin.py:137} INFO - [2025-10-08T00:56:51.258+0000] {dag.py:2690} INFO - Sync 1 DAGs
[2025-10-08T00:56:51.281+0000] {logging_mixin.py:137} INFO - [2025-10-08T00:56:51.281+0000] {dag.py:3441} INFO - Setting next_dagrun for Airflow_Lab1 to None, run_after=None
[2025-10-08T00:56:51.298+0000] {processor.py:175} INFO - Processing /opt/airflow/dags/airflow.py took 0.520 seconds
[2025-10-08T00:57:22.042+0000] {processor.py:153} INFO - Started process (PID=665) to work on /opt/airflow/dags/airflow.py
[2025-10-08T00:57:22.042+0000] {processor.py:743} INFO - Processing file /opt/airflow/dags/airflow.py for tasks to queue
[2025-10-08T00:57:22.043+0000] {logging_mixin.py:137} INFO - [2025-10-08T00:57:22.043+0000] {dagbag.py:538} INFO - Filling up the DagBag from /opt/airflow/dags/airflow.py
[2025-10-08T00:57:22.530+0000] {logging_mixin.py:137} INFO - [2025-10-08T00:57:22.530+0000] {taskmixin.py:205} WARNING - Dependency <Task(PythonOperator): load_data_task>, data_preprocessing_task already registered for DAG: Airflow_Lab1
[2025-10-08T00:57:22.530+0000] {logging_mixin.py:137} INFO - [2025-10-08T00:57:22.530+0000] {taskmixin.py:205} WARNING - Dependency <Task(PythonOperator): data_preprocessing_task>, load_data_task already registered for DAG: Airflow_Lab1
[2025-10-08T00:57:22.530+0000] {logging_mixin.py:137} INFO - [2025-10-08T00:57:22.530+0000] {taskmixin.py:205} WARNING - Dependency <Task(PythonOperator): data_preprocessing_task>, build_save_model_task already registered for DAG: Airflow_Lab1
[2025-10-08T00:57:22.530+0000] {logging_mixin.py:137} INFO - [2025-10-08T00:57:22.530+0000] {taskmixin.py:205} WARNING - Dependency <Task(PythonOperator): build_save_model_task>, data_preprocessing_task already registered for DAG: Airflow_Lab1
[2025-10-08T00:57:22.530+0000] {logging_mixin.py:137} INFO - [2025-10-08T00:57:22.530+0000] {taskmixin.py:205} WARNING - Dependency <Task(PythonOperator): build_save_model_task>, load_model_task already registered for DAG: Airflow_Lab1
[2025-10-08T00:57:22.531+0000] {logging_mixin.py:137} INFO - [2025-10-08T00:57:22.530+0000] {taskmixin.py:205} WARNING - Dependency <Task(PythonOperator): load_model_task>, build_save_model_task already registered for DAG: Airflow_Lab1
[2025-10-08T00:57:22.533+0000] {processor.py:753} INFO - DAG(s) dict_keys(['Airflow_Lab1']) retrieved from /opt/airflow/dags/airflow.py
[2025-10-08T00:57:22.545+0000] {logging_mixin.py:137} INFO - [2025-10-08T00:57:22.545+0000] {dag.py:2690} INFO - Sync 1 DAGs
[2025-10-08T00:57:22.559+0000] {logging_mixin.py:137} INFO - [2025-10-08T00:57:22.559+0000] {dag.py:3441} INFO - Setting next_dagrun for Airflow_Lab1 to None, run_after=None
[2025-10-08T00:57:22.577+0000] {processor.py:175} INFO - Processing /opt/airflow/dags/airflow.py took 0.537 seconds
[2025-10-08T00:57:52.950+0000] {processor.py:153} INFO - Started process (PID=760) to work on /opt/airflow/dags/airflow.py
[2025-10-08T00:57:52.952+0000] {processor.py:743} INFO - Processing file /opt/airflow/dags/airflow.py for tasks to queue
[2025-10-08T00:57:52.953+0000] {logging_mixin.py:137} INFO - [2025-10-08T00:57:52.953+0000] {dagbag.py:538} INFO - Filling up the DagBag from /opt/airflow/dags/airflow.py
[2025-10-08T00:57:53.429+0000] {logging_mixin.py:137} INFO - [2025-10-08T00:57:53.429+0000] {taskmixin.py:205} WARNING - Dependency <Task(PythonOperator): load_data_task>, data_preprocessing_task already registered for DAG: Airflow_Lab1
[2025-10-08T00:57:53.432+0000] {logging_mixin.py:137} INFO - [2025-10-08T00:57:53.432+0000] {taskmixin.py:205} WARNING - Dependency <Task(PythonOperator): data_preprocessing_task>, load_data_task already registered for DAG: Airflow_Lab1
[2025-10-08T00:57:53.432+0000] {logging_mixin.py:137} INFO - [2025-10-08T00:57:53.432+0000] {taskmixin.py:205} WARNING - Dependency <Task(PythonOperator): data_preprocessing_task>, build_save_model_task already registered for DAG: Airflow_Lab1
[2025-10-08T00:57:53.432+0000] {logging_mixin.py:137} INFO - [2025-10-08T00:57:53.432+0000] {taskmixin.py:205} WARNING - Dependency <Task(PythonOperator): build_save_model_task>, data_preprocessing_task already registered for DAG: Airflow_Lab1
[2025-10-08T00:57:53.433+0000] {logging_mixin.py:137} INFO - [2025-10-08T00:57:53.432+0000] {taskmixin.py:205} WARNING - Dependency <Task(PythonOperator): build_save_model_task>, load_model_task already registered for DAG: Airflow_Lab1
[2025-10-08T00:57:53.433+0000] {logging_mixin.py:137} INFO - [2025-10-08T00:57:53.433+0000] {taskmixin.py:205} WARNING - Dependency <Task(PythonOperator): load_model_task>, build_save_model_task already registered for DAG: Airflow_Lab1
[2025-10-08T00:57:53.436+0000] {processor.py:753} INFO - DAG(s) dict_keys(['Airflow_Lab1']) retrieved from /opt/airflow/dags/airflow.py
[2025-10-08T00:57:53.450+0000] {logging_mixin.py:137} INFO - [2025-10-08T00:57:53.450+0000] {dag.py:2690} INFO - Sync 1 DAGs
[2025-10-08T00:57:53.461+0000] {logging_mixin.py:137} INFO - [2025-10-08T00:57:53.461+0000] {dag.py:3441} INFO - Setting next_dagrun for Airflow_Lab1 to None, run_after=None
[2025-10-08T00:57:53.470+0000] {processor.py:175} INFO - Processing /opt/airflow/dags/airflow.py took 0.525 seconds
[2025-10-08T00:58:23.854+0000] {processor.py:153} INFO - Started process (PID=855) to work on /opt/airflow/dags/airflow.py
[2025-10-08T00:58:23.854+0000] {processor.py:743} INFO - Processing file /opt/airflow/dags/airflow.py for tasks to queue
[2025-10-08T00:58:23.855+0000] {logging_mixin.py:137} INFO - [2025-10-08T00:58:23.855+0000] {dagbag.py:538} INFO - Filling up the DagBag from /opt/airflow/dags/airflow.py
[2025-10-08T00:58:24.344+0000] {logging_mixin.py:137} INFO - [2025-10-08T00:58:24.343+0000] {taskmixin.py:205} WARNING - Dependency <Task(PythonOperator): load_data_task>, data_preprocessing_task already registered for DAG: Airflow_Lab1
[2025-10-08T00:58:24.344+0000] {logging_mixin.py:137} INFO - [2025-10-08T00:58:24.344+0000] {taskmixin.py:205} WARNING - Dependency <Task(PythonOperator): data_preprocessing_task>, load_data_task already registered for DAG: Airflow_Lab1
[2025-10-08T00:58:24.345+0000] {logging_mixin.py:137} INFO - [2025-10-08T00:58:24.345+0000] {taskmixin.py:205} WARNING - Dependency <Task(PythonOperator): data_preprocessing_task>, build_save_model_task already registered for DAG: Airflow_Lab1
[2025-10-08T00:58:24.347+0000] {logging_mixin.py:137} INFO - [2025-10-08T00:58:24.347+0000] {taskmixin.py:205} WARNING - Dependency <Task(PythonOperator): build_save_model_task>, data_preprocessing_task already registered for DAG: Airflow_Lab1
[2025-10-08T00:58:24.347+0000] {logging_mixin.py:137} INFO - [2025-10-08T00:58:24.347+0000] {taskmixin.py:205} WARNING - Dependency <Task(PythonOperator): build_save_model_task>, load_model_task already registered for DAG: Airflow_Lab1
[2025-10-08T00:58:24.347+0000] {logging_mixin.py:137} INFO - [2025-10-08T00:58:24.347+0000] {taskmixin.py:205} WARNING - Dependency <Task(PythonOperator): load_model_task>, build_save_model_task already registered for DAG: Airflow_Lab1
[2025-10-08T00:58:24.350+0000] {processor.py:753} INFO - DAG(s) dict_keys(['Airflow_Lab1']) retrieved from /opt/airflow/dags/airflow.py
[2025-10-08T00:58:24.363+0000] {logging_mixin.py:137} INFO - [2025-10-08T00:58:24.363+0000] {dag.py:2690} INFO - Sync 1 DAGs
[2025-10-08T00:58:24.377+0000] {logging_mixin.py:137} INFO - [2025-10-08T00:58:24.376+0000] {dag.py:3441} INFO - Setting next_dagrun for Airflow_Lab1 to None, run_after=None
[2025-10-08T00:58:24.389+0000] {processor.py:175} INFO - Processing /opt/airflow/dags/airflow.py took 0.538 seconds
[2025-10-08T00:58:54.476+0000] {processor.py:153} INFO - Started process (PID=938) to work on /opt/airflow/dags/airflow.py
[2025-10-08T00:58:54.477+0000] {processor.py:743} INFO - Processing file /opt/airflow/dags/airflow.py for tasks to queue
[2025-10-08T00:58:54.477+0000] {logging_mixin.py:137} INFO - [2025-10-08T00:58:54.477+0000] {dagbag.py:538} INFO - Filling up the DagBag from /opt/airflow/dags/airflow.py
[2025-10-08T00:58:54.860+0000] {logging_mixin.py:137} INFO - [2025-10-08T00:58:54.860+0000] {taskmixin.py:205} WARNING - Dependency <Task(PythonOperator): load_data_task>, data_preprocessing_task already registered for DAG: Airflow_Lab1
[2025-10-08T00:58:54.860+0000] {logging_mixin.py:137} INFO - [2025-10-08T00:58:54.860+0000] {taskmixin.py:205} WARNING - Dependency <Task(PythonOperator): data_preprocessing_task>, load_data_task already registered for DAG: Airflow_Lab1
[2025-10-08T00:58:54.860+0000] {logging_mixin.py:137} INFO - [2025-10-08T00:58:54.860+0000] {taskmixin.py:205} WARNING - Dependency <Task(PythonOperator): data_preprocessing_task>, build_save_model_task already registered for DAG: Airflow_Lab1
[2025-10-08T00:58:54.861+0000] {logging_mixin.py:137} INFO - [2025-10-08T00:58:54.861+0000] {taskmixin.py:205} WARNING - Dependency <Task(PythonOperator): build_save_model_task>, data_preprocessing_task already registered for DAG: Airflow_Lab1
[2025-10-08T00:58:54.861+0000] {logging_mixin.py:137} INFO - [2025-10-08T00:58:54.861+0000] {taskmixin.py:205} WARNING - Dependency <Task(PythonOperator): build_save_model_task>, load_model_task already registered for DAG: Airflow_Lab1
[2025-10-08T00:58:54.861+0000] {logging_mixin.py:137} INFO - [2025-10-08T00:58:54.861+0000] {taskmixin.py:205} WARNING - Dependency <Task(PythonOperator): load_model_task>, build_save_model_task already registered for DAG: Airflow_Lab1
[2025-10-08T00:58:54.863+0000] {processor.py:753} INFO - DAG(s) dict_keys(['Airflow_Lab1']) retrieved from /opt/airflow/dags/airflow.py
[2025-10-08T00:58:54.874+0000] {logging_mixin.py:137} INFO - [2025-10-08T00:58:54.874+0000] {dag.py:2690} INFO - Sync 1 DAGs
[2025-10-08T00:58:54.885+0000] {logging_mixin.py:137} INFO - [2025-10-08T00:58:54.884+0000] {dag.py:3441} INFO - Setting next_dagrun for Airflow_Lab1 to None, run_after=None
[2025-10-08T00:58:54.893+0000] {processor.py:175} INFO - Processing /opt/airflow/dags/airflow.py took 0.419 seconds
[2025-10-08T00:59:25.066+0000] {processor.py:153} INFO - Started process (PID=1028) to work on /opt/airflow/dags/airflow.py
[2025-10-08T00:59:25.068+0000] {processor.py:743} INFO - Processing file /opt/airflow/dags/airflow.py for tasks to queue
[2025-10-08T00:59:25.068+0000] {logging_mixin.py:137} INFO - [2025-10-08T00:59:25.068+0000] {dagbag.py:538} INFO - Filling up the DagBag from /opt/airflow/dags/airflow.py
[2025-10-08T00:59:25.546+0000] {logging_mixin.py:137} INFO - [2025-10-08T00:59:25.546+0000] {taskmixin.py:205} WARNING - Dependency <Task(PythonOperator): load_data_task>, data_preprocessing_task already registered for DAG: Airflow_Lab1
[2025-10-08T00:59:25.547+0000] {logging_mixin.py:137} INFO - [2025-10-08T00:59:25.547+0000] {taskmixin.py:205} WARNING - Dependency <Task(PythonOperator): data_preprocessing_task>, load_data_task already registered for DAG: Airflow_Lab1
[2025-10-08T00:59:25.547+0000] {logging_mixin.py:137} INFO - [2025-10-08T00:59:25.547+0000] {taskmixin.py:205} WARNING - Dependency <Task(PythonOperator): data_preprocessing_task>, build_save_model_task already registered for DAG: Airflow_Lab1
[2025-10-08T00:59:25.548+0000] {logging_mixin.py:137} INFO - [2025-10-08T00:59:25.548+0000] {taskmixin.py:205} WARNING - Dependency <Task(PythonOperator): build_save_model_task>, data_preprocessing_task already registered for DAG: Airflow_Lab1
[2025-10-08T00:59:25.548+0000] {logging_mixin.py:137} INFO - [2025-10-08T00:59:25.548+0000] {taskmixin.py:205} WARNING - Dependency <Task(PythonOperator): build_save_model_task>, load_model_task already registered for DAG: Airflow_Lab1
[2025-10-08T00:59:25.548+0000] {logging_mixin.py:137} INFO - [2025-10-08T00:59:25.548+0000] {taskmixin.py:205} WARNING - Dependency <Task(PythonOperator): load_model_task>, build_save_model_task already registered for DAG: Airflow_Lab1
[2025-10-08T00:59:25.551+0000] {processor.py:753} INFO - DAG(s) dict_keys(['Airflow_Lab1']) retrieved from /opt/airflow/dags/airflow.py
[2025-10-08T00:59:25.563+0000] {logging_mixin.py:137} INFO - [2025-10-08T00:59:25.562+0000] {dag.py:2690} INFO - Sync 1 DAGs
[2025-10-08T00:59:25.576+0000] {logging_mixin.py:137} INFO - [2025-10-08T00:59:25.575+0000] {dag.py:3441} INFO - Setting next_dagrun for Airflow_Lab1 to None, run_after=None
[2025-10-08T00:59:25.586+0000] {processor.py:175} INFO - Processing /opt/airflow/dags/airflow.py took 0.522 seconds
[2025-10-08T00:59:55.936+0000] {processor.py:153} INFO - Started process (PID=1123) to work on /opt/airflow/dags/airflow.py
[2025-10-08T00:59:55.936+0000] {processor.py:743} INFO - Processing file /opt/airflow/dags/airflow.py for tasks to queue
[2025-10-08T00:59:55.937+0000] {logging_mixin.py:137} INFO - [2025-10-08T00:59:55.937+0000] {dagbag.py:538} INFO - Filling up the DagBag from /opt/airflow/dags/airflow.py
[2025-10-08T00:59:56.327+0000] {logging_mixin.py:137} INFO - [2025-10-08T00:59:56.327+0000] {taskmixin.py:205} WARNING - Dependency <Task(PythonOperator): load_data_task>, data_preprocessing_task already registered for DAG: Airflow_Lab1
[2025-10-08T00:59:56.329+0000] {logging_mixin.py:137} INFO - [2025-10-08T00:59:56.329+0000] {taskmixin.py:205} WARNING - Dependency <Task(PythonOperator): data_preprocessing_task>, load_data_task already registered for DAG: Airflow_Lab1
[2025-10-08T00:59:56.329+0000] {logging_mixin.py:137} INFO - [2025-10-08T00:59:56.329+0000] {taskmixin.py:205} WARNING - Dependency <Task(PythonOperator): data_preprocessing_task>, build_save_model_task already registered for DAG: Airflow_Lab1
[2025-10-08T00:59:56.329+0000] {logging_mixin.py:137} INFO - [2025-10-08T00:59:56.329+0000] {taskmixin.py:205} WARNING - Dependency <Task(PythonOperator): build_save_model_task>, data_preprocessing_task already registered for DAG: Airflow_Lab1
[2025-10-08T00:59:56.333+0000] {logging_mixin.py:137} INFO - [2025-10-08T00:59:56.333+0000] {taskmixin.py:205} WARNING - Dependency <Task(PythonOperator): build_save_model_task>, load_model_task already registered for DAG: Airflow_Lab1
[2025-10-08T00:59:56.333+0000] {logging_mixin.py:137} INFO - [2025-10-08T00:59:56.333+0000] {taskmixin.py:205} WARNING - Dependency <Task(PythonOperator): load_model_task>, build_save_model_task already registered for DAG: Airflow_Lab1
[2025-10-08T00:59:56.336+0000] {processor.py:753} INFO - DAG(s) dict_keys(['Airflow_Lab1']) retrieved from /opt/airflow/dags/airflow.py
[2025-10-08T00:59:56.348+0000] {logging_mixin.py:137} INFO - [2025-10-08T00:59:56.347+0000] {dag.py:2690} INFO - Sync 1 DAGs
[2025-10-08T00:59:56.360+0000] {logging_mixin.py:137} INFO - [2025-10-08T00:59:56.360+0000] {dag.py:3441} INFO - Setting next_dagrun for Airflow_Lab1 to None, run_after=None
[2025-10-08T00:59:56.370+0000] {processor.py:175} INFO - Processing /opt/airflow/dags/airflow.py took 0.436 seconds
[2025-10-08T01:00:26.714+0000] {processor.py:153} INFO - Started process (PID=1209) to work on /opt/airflow/dags/airflow.py
[2025-10-08T01:00:26.715+0000] {processor.py:743} INFO - Processing file /opt/airflow/dags/airflow.py for tasks to queue
[2025-10-08T01:00:26.716+0000] {logging_mixin.py:137} INFO - [2025-10-08T01:00:26.716+0000] {dagbag.py:538} INFO - Filling up the DagBag from /opt/airflow/dags/airflow.py
[2025-10-08T01:00:27.201+0000] {logging_mixin.py:137} INFO - [2025-10-08T01:00:27.201+0000] {taskmixin.py:205} WARNING - Dependency <Task(PythonOperator): load_data_task>, data_preprocessing_task already registered for DAG: Airflow_Lab1
[2025-10-08T01:00:27.203+0000] {logging_mixin.py:137} INFO - [2025-10-08T01:00:27.202+0000] {taskmixin.py:205} WARNING - Dependency <Task(PythonOperator): data_preprocessing_task>, load_data_task already registered for DAG: Airflow_Lab1
[2025-10-08T01:00:27.203+0000] {logging_mixin.py:137} INFO - [2025-10-08T01:00:27.203+0000] {taskmixin.py:205} WARNING - Dependency <Task(PythonOperator): data_preprocessing_task>, build_save_model_task already registered for DAG: Airflow_Lab1
[2025-10-08T01:00:27.203+0000] {logging_mixin.py:137} INFO - [2025-10-08T01:00:27.203+0000] {taskmixin.py:205} WARNING - Dependency <Task(PythonOperator): build_save_model_task>, data_preprocessing_task already registered for DAG: Airflow_Lab1
[2025-10-08T01:00:27.203+0000] {logging_mixin.py:137} INFO - [2025-10-08T01:00:27.203+0000] {taskmixin.py:205} WARNING - Dependency <Task(PythonOperator): build_save_model_task>, load_model_task already registered for DAG: Airflow_Lab1
[2025-10-08T01:00:27.203+0000] {logging_mixin.py:137} INFO - [2025-10-08T01:00:27.203+0000] {taskmixin.py:205} WARNING - Dependency <Task(PythonOperator): load_model_task>, build_save_model_task already registered for DAG: Airflow_Lab1
[2025-10-08T01:00:27.207+0000] {processor.py:753} INFO - DAG(s) dict_keys(['Airflow_Lab1']) retrieved from /opt/airflow/dags/airflow.py
[2025-10-08T01:00:27.221+0000] {logging_mixin.py:137} INFO - [2025-10-08T01:00:27.221+0000] {dag.py:2690} INFO - Sync 1 DAGs
[2025-10-08T01:00:27.234+0000] {logging_mixin.py:137} INFO - [2025-10-08T01:00:27.234+0000] {dag.py:3441} INFO - Setting next_dagrun for Airflow_Lab1 to None, run_after=None
[2025-10-08T01:00:27.245+0000] {processor.py:175} INFO - Processing /opt/airflow/dags/airflow.py took 0.533 seconds
[2025-10-08T01:00:57.657+0000] {processor.py:153} INFO - Started process (PID=1295) to work on /opt/airflow/dags/airflow.py
[2025-10-08T01:00:57.658+0000] {processor.py:743} INFO - Processing file /opt/airflow/dags/airflow.py for tasks to queue
[2025-10-08T01:00:57.658+0000] {logging_mixin.py:137} INFO - [2025-10-08T01:00:57.658+0000] {dagbag.py:538} INFO - Filling up the DagBag from /opt/airflow/dags/airflow.py
[2025-10-08T01:00:58.054+0000] {logging_mixin.py:137} INFO - [2025-10-08T01:00:58.054+0000] {taskmixin.py:205} WARNING - Dependency <Task(PythonOperator): load_data_task>, data_preprocessing_task already registered for DAG: Airflow_Lab1
[2025-10-08T01:00:58.055+0000] {logging_mixin.py:137} INFO - [2025-10-08T01:00:58.055+0000] {taskmixin.py:205} WARNING - Dependency <Task(PythonOperator): data_preprocessing_task>, load_data_task already registered for DAG: Airflow_Lab1
[2025-10-08T01:00:58.056+0000] {logging_mixin.py:137} INFO - [2025-10-08T01:00:58.056+0000] {taskmixin.py:205} WARNING - Dependency <Task(PythonOperator): data_preprocessing_task>, build_save_model_task already registered for DAG: Airflow_Lab1
[2025-10-08T01:00:58.056+0000] {logging_mixin.py:137} INFO - [2025-10-08T01:00:58.056+0000] {taskmixin.py:205} WARNING - Dependency <Task(PythonOperator): build_save_model_task>, data_preprocessing_task already registered for DAG: Airflow_Lab1
[2025-10-08T01:00:58.056+0000] {logging_mixin.py:137} INFO - [2025-10-08T01:00:58.056+0000] {taskmixin.py:205} WARNING - Dependency <Task(PythonOperator): build_save_model_task>, load_model_task already registered for DAG: Airflow_Lab1
[2025-10-08T01:00:58.056+0000] {logging_mixin.py:137} INFO - [2025-10-08T01:00:58.056+0000] {taskmixin.py:205} WARNING - Dependency <Task(PythonOperator): load_model_task>, build_save_model_task already registered for DAG: Airflow_Lab1
[2025-10-08T01:00:58.059+0000] {processor.py:753} INFO - DAG(s) dict_keys(['Airflow_Lab1']) retrieved from /opt/airflow/dags/airflow.py
[2025-10-08T01:00:58.070+0000] {logging_mixin.py:137} INFO - [2025-10-08T01:00:58.070+0000] {dag.py:2690} INFO - Sync 1 DAGs
[2025-10-08T01:00:58.083+0000] {logging_mixin.py:137} INFO - [2025-10-08T01:00:58.083+0000] {dag.py:3441} INFO - Setting next_dagrun for Airflow_Lab1 to None, run_after=None
[2025-10-08T01:00:58.091+0000] {processor.py:175} INFO - Processing /opt/airflow/dags/airflow.py took 0.437 seconds
[2025-10-08T01:01:28.407+0000] {processor.py:153} INFO - Started process (PID=1390) to work on /opt/airflow/dags/airflow.py
[2025-10-08T01:01:28.407+0000] {processor.py:743} INFO - Processing file /opt/airflow/dags/airflow.py for tasks to queue
[2025-10-08T01:01:28.408+0000] {logging_mixin.py:137} INFO - [2025-10-08T01:01:28.408+0000] {dagbag.py:538} INFO - Filling up the DagBag from /opt/airflow/dags/airflow.py
[2025-10-08T01:01:28.868+0000] {logging_mixin.py:137} INFO - [2025-10-08T01:01:28.868+0000] {taskmixin.py:205} WARNING - Dependency <Task(PythonOperator): load_data_task>, data_preprocessing_task already registered for DAG: Airflow_Lab1
[2025-10-08T01:01:28.871+0000] {logging_mixin.py:137} INFO - [2025-10-08T01:01:28.871+0000] {taskmixin.py:205} WARNING - Dependency <Task(PythonOperator): data_preprocessing_task>, load_data_task already registered for DAG: Airflow_Lab1
[2025-10-08T01:01:28.871+0000] {logging_mixin.py:137} INFO - [2025-10-08T01:01:28.871+0000] {taskmixin.py:205} WARNING - Dependency <Task(PythonOperator): data_preprocessing_task>, build_save_model_task already registered for DAG: Airflow_Lab1
[2025-10-08T01:01:28.871+0000] {logging_mixin.py:137} INFO - [2025-10-08T01:01:28.871+0000] {taskmixin.py:205} WARNING - Dependency <Task(PythonOperator): build_save_model_task>, data_preprocessing_task already registered for DAG: Airflow_Lab1
[2025-10-08T01:01:28.871+0000] {logging_mixin.py:137} INFO - [2025-10-08T01:01:28.871+0000] {taskmixin.py:205} WARNING - Dependency <Task(PythonOperator): build_save_model_task>, load_model_task already registered for DAG: Airflow_Lab1
[2025-10-08T01:01:28.871+0000] {logging_mixin.py:137} INFO - [2025-10-08T01:01:28.871+0000] {taskmixin.py:205} WARNING - Dependency <Task(PythonOperator): load_model_task>, build_save_model_task already registered for DAG: Airflow_Lab1
[2025-10-08T01:01:28.874+0000] {processor.py:753} INFO - DAG(s) dict_keys(['Airflow_Lab1']) retrieved from /opt/airflow/dags/airflow.py
[2025-10-08T01:01:28.886+0000] {logging_mixin.py:137} INFO - [2025-10-08T01:01:28.886+0000] {dag.py:2690} INFO - Sync 1 DAGs
[2025-10-08T01:01:28.900+0000] {logging_mixin.py:137} INFO - [2025-10-08T01:01:28.900+0000] {dag.py:3441} INFO - Setting next_dagrun for Airflow_Lab1 to None, run_after=None
[2025-10-08T01:01:28.911+0000] {processor.py:175} INFO - Processing /opt/airflow/dags/airflow.py took 0.506 seconds
