[2025-10-19T16:47:13.863+0000] {taskinstance.py:1083} INFO - Dependencies all met for <TaskInstance: iris_training_pipeline.evaluate_models manual__2025-10-19T16:47:09.195571+00:00 [queued]>
[2025-10-19T16:47:13.869+0000] {taskinstance.py:1083} INFO - Dependencies all met for <TaskInstance: iris_training_pipeline.evaluate_models manual__2025-10-19T16:47:09.195571+00:00 [queued]>
[2025-10-19T16:47:13.869+0000] {taskinstance.py:1279} INFO - 
--------------------------------------------------------------------------------
[2025-10-19T16:47:13.869+0000] {taskinstance.py:1280} INFO - Starting attempt 1 of 2
[2025-10-19T16:47:13.869+0000] {taskinstance.py:1281} INFO - 
--------------------------------------------------------------------------------
[2025-10-19T16:47:13.876+0000] {taskinstance.py:1300} INFO - Executing <Task(PythonOperator): evaluate_models> on 2025-10-19 16:47:09.195571+00:00
[2025-10-19T16:47:13.880+0000] {standard_task_runner.py:55} INFO - Started process 144 to run task
[2025-10-19T16:47:13.882+0000] {standard_task_runner.py:82} INFO - Running: ['***', 'tasks', 'run', 'iris_training_pipeline', 'evaluate_models', 'manual__2025-10-19T16:47:09.195571+00:00', '--job-id', '308', '--raw', '--subdir', 'DAGS_FOLDER/***.py', '--cfg-path', '/tmp/tmpqkdkav0o']
[2025-10-19T16:47:13.883+0000] {standard_task_runner.py:83} INFO - Job 308: Subtask evaluate_models
[2025-10-19T16:47:13.974+0000] {task_command.py:388} INFO - Running <TaskInstance: iris_training_pipeline.evaluate_models manual__2025-10-19T16:47:09.195571+00:00 [running]> on host 6038a33f7310
[2025-10-19T16:47:14.021+0000] {taskinstance.py:1509} INFO - Exporting the following env vars:
AIRFLOW_CTX_DAG_OWNER=***
AIRFLOW_CTX_DAG_ID=iris_training_pipeline
AIRFLOW_CTX_TASK_ID=evaluate_models
AIRFLOW_CTX_EXECUTION_DATE=2025-10-19T16:47:09.195571+00:00
AIRFLOW_CTX_TRY_NUMBER=1
AIRFLOW_CTX_DAG_RUN_ID=manual__2025-10-19T16:47:09.195571+00:00
[2025-10-19T16:47:14.041+0000] {logging_mixin.py:137} INFO - [INFO] Evaluation for logistic_regression: {'accuracy': 0.9333333333333333, 'precision': 0.9333333333333332, 'recall': 0.9333333333333332, 'f1_score': 0.9333333333333332}
[2025-10-19T16:47:14.044+0000] {logging_mixin.py:137} INFO - [INFO] Evaluation for random_forest: {'accuracy': 0.9, 'precision': 0.9023569023569024, 'recall': 0.9, 'f1_score': 0.899749373433584}
[2025-10-19T16:47:14.045+0000] {logging_mixin.py:137} INFO - [INFO] Evaluation for svm: {'accuracy': 0.9666666666666667, 'precision': 0.9696969696969697, 'recall': 0.9666666666666667, 'f1_score': 0.9665831244778613}
[2025-10-19T16:47:14.054+0000] {logging_mixin.py:137} INFO - [DAG] Models evaluated and metrics saved
[2025-10-19T16:47:14.054+0000] {python.py:177} INFO - Done. Returned value was: None
[2025-10-19T16:47:14.061+0000] {taskinstance.py:1323} INFO - Marking task as SUCCESS. dag_id=iris_training_pipeline, task_id=evaluate_models, execution_date=20251019T164709, start_date=20251019T164713, end_date=20251019T164714
[2025-10-19T16:47:14.105+0000] {local_task_job.py:208} INFO - Task exited with return code 0
[2025-10-19T16:47:14.119+0000] {taskinstance.py:2578} INFO - 1 downstream tasks scheduled from follow-on schedule check
