[2025-10-07T21:54:26.194+0000] {processor.py:161} INFO - Started process (PID=86) to work on /home/airflow/.local/lib/python3.12/site-packages/airflow/example_dags/example_setup_teardown.py
[2025-10-07T21:54:26.197+0000] {processor.py:830} INFO - Processing file /home/airflow/.local/lib/python3.12/site-packages/airflow/example_dags/example_setup_teardown.py for tasks to queue
[2025-10-07T21:54:26.198+0000] {logging_mixin.py:188} INFO - [2025-10-07T21:54:26.197+0000] {dagbag.py:545} INFO - Filling up the DagBag from /home/airflow/.local/lib/python3.12/site-packages/airflow/example_dags/example_setup_teardown.py
[2025-10-07T21:54:26.202+0000] {processor.py:840} INFO - DAG(s) 'example_setup_teardown' retrieved from /home/airflow/.local/lib/python3.12/site-packages/airflow/example_dags/example_setup_teardown.py
[2025-10-07T21:54:26.210+0000] {logging_mixin.py:188} INFO - [2025-10-07T21:54:26.209+0000] {dag.py:3096} INFO - Sync 1 DAGs
[2025-10-07T21:54:26.226+0000] {logging_mixin.py:188} INFO - [2025-10-07T21:54:26.226+0000] {dag.py:3954} INFO - Setting next_dagrun for example_setup_teardown to 2025-10-06 00:00:00+00:00, run_after=2025-10-07 00:00:00+00:00
[2025-10-07T21:54:26.238+0000] {processor.py:183} INFO - Processing /home/airflow/.local/lib/python3.12/site-packages/airflow/example_dags/example_setup_teardown.py took 0.047 seconds
[2025-10-07T21:54:57.256+0000] {processor.py:161} INFO - Started process (PID=145) to work on /home/airflow/.local/lib/python3.12/site-packages/airflow/example_dags/example_setup_teardown.py
[2025-10-07T21:54:57.257+0000] {processor.py:830} INFO - Processing file /home/airflow/.local/lib/python3.12/site-packages/airflow/example_dags/example_setup_teardown.py for tasks to queue
[2025-10-07T21:54:57.258+0000] {logging_mixin.py:188} INFO - [2025-10-07T21:54:57.258+0000] {dagbag.py:545} INFO - Filling up the DagBag from /home/airflow/.local/lib/python3.12/site-packages/airflow/example_dags/example_setup_teardown.py
[2025-10-07T21:54:57.263+0000] {processor.py:840} INFO - DAG(s) 'example_setup_teardown' retrieved from /home/airflow/.local/lib/python3.12/site-packages/airflow/example_dags/example_setup_teardown.py
[2025-10-07T21:54:57.322+0000] {logging_mixin.py:188} INFO - [2025-10-07T21:54:57.322+0000] {dag.py:3096} INFO - Sync 1 DAGs
[2025-10-07T21:54:57.333+0000] {logging_mixin.py:188} INFO - [2025-10-07T21:54:57.333+0000] {dag.py:3954} INFO - Setting next_dagrun for example_setup_teardown to 2025-10-06 00:00:00+00:00, run_after=2025-10-07 00:00:00+00:00
[2025-10-07T21:54:57.347+0000] {processor.py:183} INFO - Processing /home/airflow/.local/lib/python3.12/site-packages/airflow/example_dags/example_setup_teardown.py took 0.095 seconds
[2025-10-07T21:55:28.247+0000] {processor.py:161} INFO - Started process (PID=204) to work on /home/airflow/.local/lib/python3.12/site-packages/airflow/example_dags/example_setup_teardown.py
[2025-10-07T21:55:28.247+0000] {processor.py:830} INFO - Processing file /home/airflow/.local/lib/python3.12/site-packages/airflow/example_dags/example_setup_teardown.py for tasks to queue
[2025-10-07T21:55:28.248+0000] {logging_mixin.py:188} INFO - [2025-10-07T21:55:28.248+0000] {dagbag.py:545} INFO - Filling up the DagBag from /home/airflow/.local/lib/python3.12/site-packages/airflow/example_dags/example_setup_teardown.py
[2025-10-07T21:55:28.252+0000] {processor.py:840} INFO - DAG(s) 'example_setup_teardown' retrieved from /home/airflow/.local/lib/python3.12/site-packages/airflow/example_dags/example_setup_teardown.py
[2025-10-07T21:55:28.262+0000] {logging_mixin.py:188} INFO - [2025-10-07T21:55:28.262+0000] {dag.py:3096} INFO - Sync 1 DAGs
[2025-10-07T21:55:28.272+0000] {logging_mixin.py:188} INFO - [2025-10-07T21:55:28.272+0000] {dag.py:3954} INFO - Setting next_dagrun for example_setup_teardown to 2025-10-06 00:00:00+00:00, run_after=2025-10-07 00:00:00+00:00
[2025-10-07T21:55:28.279+0000] {processor.py:183} INFO - Processing /home/airflow/.local/lib/python3.12/site-packages/airflow/example_dags/example_setup_teardown.py took 0.035 seconds
[2025-10-07T21:55:58.433+0000] {processor.py:161} INFO - Started process (PID=263) to work on /home/airflow/.local/lib/python3.12/site-packages/airflow/example_dags/example_setup_teardown.py
[2025-10-07T21:55:58.433+0000] {processor.py:830} INFO - Processing file /home/airflow/.local/lib/python3.12/site-packages/airflow/example_dags/example_setup_teardown.py for tasks to queue
[2025-10-07T21:55:58.434+0000] {logging_mixin.py:188} INFO - [2025-10-07T21:55:58.434+0000] {dagbag.py:545} INFO - Filling up the DagBag from /home/airflow/.local/lib/python3.12/site-packages/airflow/example_dags/example_setup_teardown.py
[2025-10-07T21:55:58.438+0000] {processor.py:840} INFO - DAG(s) 'example_setup_teardown' retrieved from /home/airflow/.local/lib/python3.12/site-packages/airflow/example_dags/example_setup_teardown.py
[2025-10-07T21:55:58.448+0000] {logging_mixin.py:188} INFO - [2025-10-07T21:55:58.448+0000] {dag.py:3096} INFO - Sync 1 DAGs
[2025-10-07T21:55:58.457+0000] {logging_mixin.py:188} INFO - [2025-10-07T21:55:58.457+0000] {dag.py:3954} INFO - Setting next_dagrun for example_setup_teardown to 2025-10-06 00:00:00+00:00, run_after=2025-10-07 00:00:00+00:00
[2025-10-07T21:55:58.465+0000] {processor.py:183} INFO - Processing /home/airflow/.local/lib/python3.12/site-packages/airflow/example_dags/example_setup_teardown.py took 0.034 seconds
[2025-10-07T21:56:28.573+0000] {processor.py:161} INFO - Started process (PID=322) to work on /home/airflow/.local/lib/python3.12/site-packages/airflow/example_dags/example_setup_teardown.py
[2025-10-07T21:56:28.574+0000] {processor.py:830} INFO - Processing file /home/airflow/.local/lib/python3.12/site-packages/airflow/example_dags/example_setup_teardown.py for tasks to queue
[2025-10-07T21:56:28.575+0000] {logging_mixin.py:188} INFO - [2025-10-07T21:56:28.575+0000] {dagbag.py:545} INFO - Filling up the DagBag from /home/airflow/.local/lib/python3.12/site-packages/airflow/example_dags/example_setup_teardown.py
[2025-10-07T21:56:28.579+0000] {processor.py:840} INFO - DAG(s) 'example_setup_teardown' retrieved from /home/airflow/.local/lib/python3.12/site-packages/airflow/example_dags/example_setup_teardown.py
[2025-10-07T21:56:28.589+0000] {logging_mixin.py:188} INFO - [2025-10-07T21:56:28.589+0000] {dag.py:3096} INFO - Sync 1 DAGs
[2025-10-07T21:56:28.598+0000] {logging_mixin.py:188} INFO - [2025-10-07T21:56:28.598+0000] {dag.py:3954} INFO - Setting next_dagrun for example_setup_teardown to 2025-10-06 00:00:00+00:00, run_after=2025-10-07 00:00:00+00:00
[2025-10-07T21:56:28.607+0000] {processor.py:183} INFO - Processing /home/airflow/.local/lib/python3.12/site-packages/airflow/example_dags/example_setup_teardown.py took 0.036 seconds
[2025-10-07T21:56:59.528+0000] {processor.py:161} INFO - Started process (PID=387) to work on /home/airflow/.local/lib/python3.12/site-packages/airflow/example_dags/example_setup_teardown.py
[2025-10-07T21:56:59.529+0000] {processor.py:830} INFO - Processing file /home/airflow/.local/lib/python3.12/site-packages/airflow/example_dags/example_setup_teardown.py for tasks to queue
[2025-10-07T21:56:59.530+0000] {logging_mixin.py:188} INFO - [2025-10-07T21:56:59.530+0000] {dagbag.py:545} INFO - Filling up the DagBag from /home/airflow/.local/lib/python3.12/site-packages/airflow/example_dags/example_setup_teardown.py
[2025-10-07T21:56:59.533+0000] {processor.py:840} INFO - DAG(s) 'example_setup_teardown' retrieved from /home/airflow/.local/lib/python3.12/site-packages/airflow/example_dags/example_setup_teardown.py
[2025-10-07T21:56:59.544+0000] {logging_mixin.py:188} INFO - [2025-10-07T21:56:59.543+0000] {dag.py:3096} INFO - Sync 1 DAGs
[2025-10-07T21:56:59.553+0000] {logging_mixin.py:188} INFO - [2025-10-07T21:56:59.553+0000] {dag.py:3954} INFO - Setting next_dagrun for example_setup_teardown to 2025-10-06 00:00:00+00:00, run_after=2025-10-07 00:00:00+00:00
[2025-10-07T21:56:59.560+0000] {processor.py:183} INFO - Processing /home/airflow/.local/lib/python3.12/site-packages/airflow/example_dags/example_setup_teardown.py took 0.035 seconds
[2025-10-07T21:57:30.620+0000] {processor.py:161} INFO - Started process (PID=446) to work on /home/airflow/.local/lib/python3.12/site-packages/airflow/example_dags/example_setup_teardown.py
[2025-10-07T21:57:30.624+0000] {processor.py:830} INFO - Processing file /home/airflow/.local/lib/python3.12/site-packages/airflow/example_dags/example_setup_teardown.py for tasks to queue
[2025-10-07T21:57:30.628+0000] {logging_mixin.py:188} INFO - [2025-10-07T21:57:30.628+0000] {dagbag.py:545} INFO - Filling up the DagBag from /home/airflow/.local/lib/python3.12/site-packages/airflow/example_dags/example_setup_teardown.py
[2025-10-07T21:57:30.641+0000] {processor.py:840} INFO - DAG(s) 'example_setup_teardown' retrieved from /home/airflow/.local/lib/python3.12/site-packages/airflow/example_dags/example_setup_teardown.py
[2025-10-07T21:57:30.685+0000] {logging_mixin.py:188} INFO - [2025-10-07T21:57:30.685+0000] {dag.py:3096} INFO - Sync 1 DAGs
[2025-10-07T21:57:30.726+0000] {logging_mixin.py:188} INFO - [2025-10-07T21:57:30.726+0000] {dag.py:3954} INFO - Setting next_dagrun for example_setup_teardown to 2025-10-06 00:00:00+00:00, run_after=2025-10-07 00:00:00+00:00
[2025-10-07T21:57:30.754+0000] {processor.py:183} INFO - Processing /home/airflow/.local/lib/python3.12/site-packages/airflow/example_dags/example_setup_teardown.py took 0.144 seconds
[2025-10-07T21:58:27.603+0000] {processor.py:161} INFO - Started process (PID=499) to work on /home/airflow/.local/lib/python3.12/site-packages/airflow/example_dags/example_setup_teardown.py
[2025-10-07T21:58:27.604+0000] {processor.py:830} INFO - Processing file /home/airflow/.local/lib/python3.12/site-packages/airflow/example_dags/example_setup_teardown.py for tasks to queue
[2025-10-07T21:58:27.606+0000] {logging_mixin.py:188} INFO - [2025-10-07T21:58:27.605+0000] {dagbag.py:545} INFO - Filling up the DagBag from /home/airflow/.local/lib/python3.12/site-packages/airflow/example_dags/example_setup_teardown.py
[2025-10-07T21:58:27.612+0000] {processor.py:840} INFO - DAG(s) 'example_setup_teardown' retrieved from /home/airflow/.local/lib/python3.12/site-packages/airflow/example_dags/example_setup_teardown.py
[2025-10-07T21:58:27.642+0000] {logging_mixin.py:188} INFO - [2025-10-07T21:58:27.641+0000] {dag.py:3096} INFO - Sync 1 DAGs
[2025-10-07T21:58:27.670+0000] {logging_mixin.py:188} INFO - [2025-10-07T21:58:27.670+0000] {dag.py:3954} INFO - Setting next_dagrun for example_setup_teardown to 2025-10-06 00:00:00+00:00, run_after=2025-10-07 00:00:00+00:00
[2025-10-07T21:58:27.725+0000] {processor.py:183} INFO - Processing /home/airflow/.local/lib/python3.12/site-packages/airflow/example_dags/example_setup_teardown.py took 0.126 seconds
[2025-10-07T21:59:35.136+0000] {processor.py:161} INFO - Started process (PID=558) to work on /home/airflow/.local/lib/python3.12/site-packages/airflow/example_dags/example_setup_teardown.py
[2025-10-07T21:59:35.138+0000] {processor.py:830} INFO - Processing file /home/airflow/.local/lib/python3.12/site-packages/airflow/example_dags/example_setup_teardown.py for tasks to queue
[2025-10-07T21:59:35.146+0000] {logging_mixin.py:188} INFO - [2025-10-07T21:59:35.145+0000] {dagbag.py:545} INFO - Filling up the DagBag from /home/airflow/.local/lib/python3.12/site-packages/airflow/example_dags/example_setup_teardown.py
[2025-10-07T21:59:35.160+0000] {processor.py:840} INFO - DAG(s) 'example_setup_teardown' retrieved from /home/airflow/.local/lib/python3.12/site-packages/airflow/example_dags/example_setup_teardown.py
[2025-10-07T21:59:35.195+0000] {logging_mixin.py:188} INFO - [2025-10-07T21:59:35.195+0000] {dag.py:3096} INFO - Sync 1 DAGs
[2025-10-07T21:59:35.222+0000] {logging_mixin.py:188} INFO - [2025-10-07T21:59:35.222+0000] {dag.py:3954} INFO - Setting next_dagrun for example_setup_teardown to 2025-10-06 00:00:00+00:00, run_after=2025-10-07 00:00:00+00:00
[2025-10-07T21:59:35.376+0000] {processor.py:183} INFO - Processing /home/airflow/.local/lib/python3.12/site-packages/airflow/example_dags/example_setup_teardown.py took 0.251 seconds
[2025-10-07T22:01:53.146+0000] {processor.py:161} INFO - Started process (PID=617) to work on /home/airflow/.local/lib/python3.12/site-packages/airflow/example_dags/example_setup_teardown.py
[2025-10-07T22:01:53.149+0000] {processor.py:830} INFO - Processing file /home/airflow/.local/lib/python3.12/site-packages/airflow/example_dags/example_setup_teardown.py for tasks to queue
[2025-10-07T22:01:53.150+0000] {logging_mixin.py:188} INFO - [2025-10-07T22:01:53.150+0000] {dagbag.py:545} INFO - Filling up the DagBag from /home/airflow/.local/lib/python3.12/site-packages/airflow/example_dags/example_setup_teardown.py
[2025-10-07T22:01:53.153+0000] {processor.py:840} INFO - DAG(s) 'example_setup_teardown' retrieved from /home/airflow/.local/lib/python3.12/site-packages/airflow/example_dags/example_setup_teardown.py
[2025-10-07T22:01:53.165+0000] {logging_mixin.py:188} INFO - [2025-10-07T22:01:53.165+0000] {dag.py:3096} INFO - Sync 1 DAGs
[2025-10-07T22:01:53.184+0000] {logging_mixin.py:188} INFO - [2025-10-07T22:01:53.184+0000] {dag.py:3954} INFO - Setting next_dagrun for example_setup_teardown to 2025-10-06 00:00:00+00:00, run_after=2025-10-07 00:00:00+00:00
[2025-10-07T22:01:53.199+0000] {processor.py:183} INFO - Processing /home/airflow/.local/lib/python3.12/site-packages/airflow/example_dags/example_setup_teardown.py took 0.056 seconds
[2025-10-07T22:04:56.456+0000] {processor.py:161} INFO - Started process (PID=676) to work on /home/airflow/.local/lib/python3.12/site-packages/airflow/example_dags/example_setup_teardown.py
[2025-10-07T22:04:56.457+0000] {processor.py:830} INFO - Processing file /home/airflow/.local/lib/python3.12/site-packages/airflow/example_dags/example_setup_teardown.py for tasks to queue
[2025-10-07T22:04:56.458+0000] {logging_mixin.py:188} INFO - [2025-10-07T22:04:56.458+0000] {dagbag.py:545} INFO - Filling up the DagBag from /home/airflow/.local/lib/python3.12/site-packages/airflow/example_dags/example_setup_teardown.py
[2025-10-07T22:04:56.462+0000] {processor.py:840} INFO - DAG(s) 'example_setup_teardown' retrieved from /home/airflow/.local/lib/python3.12/site-packages/airflow/example_dags/example_setup_teardown.py
[2025-10-07T22:04:56.475+0000] {logging_mixin.py:188} INFO - [2025-10-07T22:04:56.475+0000] {dag.py:3096} INFO - Sync 1 DAGs
[2025-10-07T22:04:56.487+0000] {logging_mixin.py:188} INFO - [2025-10-07T22:04:56.487+0000] {dag.py:3954} INFO - Setting next_dagrun for example_setup_teardown to 2025-10-06 00:00:00+00:00, run_after=2025-10-07 00:00:00+00:00
[2025-10-07T22:04:56.497+0000] {processor.py:183} INFO - Processing /home/airflow/.local/lib/python3.12/site-packages/airflow/example_dags/example_setup_teardown.py took 0.044 seconds
[2025-10-07T22:05:26.554+0000] {processor.py:161} INFO - Started process (PID=735) to work on /home/airflow/.local/lib/python3.12/site-packages/airflow/example_dags/example_setup_teardown.py
[2025-10-07T22:05:26.555+0000] {processor.py:830} INFO - Processing file /home/airflow/.local/lib/python3.12/site-packages/airflow/example_dags/example_setup_teardown.py for tasks to queue
[2025-10-07T22:05:26.560+0000] {logging_mixin.py:188} INFO - [2025-10-07T22:05:26.559+0000] {dagbag.py:545} INFO - Filling up the DagBag from /home/airflow/.local/lib/python3.12/site-packages/airflow/example_dags/example_setup_teardown.py
[2025-10-07T22:05:26.564+0000] {processor.py:840} INFO - DAG(s) 'example_setup_teardown' retrieved from /home/airflow/.local/lib/python3.12/site-packages/airflow/example_dags/example_setup_teardown.py
[2025-10-07T22:05:26.580+0000] {logging_mixin.py:188} INFO - [2025-10-07T22:05:26.579+0000] {dag.py:3096} INFO - Sync 1 DAGs
[2025-10-07T22:05:26.590+0000] {logging_mixin.py:188} INFO - [2025-10-07T22:05:26.590+0000] {dag.py:3954} INFO - Setting next_dagrun for example_setup_teardown to 2025-10-06 00:00:00+00:00, run_after=2025-10-07 00:00:00+00:00
[2025-10-07T22:05:26.599+0000] {processor.py:183} INFO - Processing /home/airflow/.local/lib/python3.12/site-packages/airflow/example_dags/example_setup_teardown.py took 0.049 seconds
[2025-10-07T22:05:56.698+0000] {processor.py:161} INFO - Started process (PID=794) to work on /home/airflow/.local/lib/python3.12/site-packages/airflow/example_dags/example_setup_teardown.py
[2025-10-07T22:05:56.700+0000] {processor.py:830} INFO - Processing file /home/airflow/.local/lib/python3.12/site-packages/airflow/example_dags/example_setup_teardown.py for tasks to queue
[2025-10-07T22:05:56.704+0000] {logging_mixin.py:188} INFO - [2025-10-07T22:05:56.701+0000] {dagbag.py:545} INFO - Filling up the DagBag from /home/airflow/.local/lib/python3.12/site-packages/airflow/example_dags/example_setup_teardown.py
[2025-10-07T22:05:56.708+0000] {processor.py:840} INFO - DAG(s) 'example_setup_teardown' retrieved from /home/airflow/.local/lib/python3.12/site-packages/airflow/example_dags/example_setup_teardown.py
[2025-10-07T22:05:56.722+0000] {logging_mixin.py:188} INFO - [2025-10-07T22:05:56.722+0000] {dag.py:3096} INFO - Sync 1 DAGs
[2025-10-07T22:05:56.734+0000] {logging_mixin.py:188} INFO - [2025-10-07T22:05:56.734+0000] {dag.py:3954} INFO - Setting next_dagrun for example_setup_teardown to 2025-10-06 00:00:00+00:00, run_after=2025-10-07 00:00:00+00:00
[2025-10-07T22:05:56.743+0000] {processor.py:183} INFO - Processing /home/airflow/.local/lib/python3.12/site-packages/airflow/example_dags/example_setup_teardown.py took 0.048 seconds
[2025-10-07T22:06:26.795+0000] {processor.py:161} INFO - Started process (PID=853) to work on /home/airflow/.local/lib/python3.12/site-packages/airflow/example_dags/example_setup_teardown.py
[2025-10-07T22:06:26.795+0000] {processor.py:830} INFO - Processing file /home/airflow/.local/lib/python3.12/site-packages/airflow/example_dags/example_setup_teardown.py for tasks to queue
[2025-10-07T22:06:26.796+0000] {logging_mixin.py:188} INFO - [2025-10-07T22:06:26.796+0000] {dagbag.py:545} INFO - Filling up the DagBag from /home/airflow/.local/lib/python3.12/site-packages/airflow/example_dags/example_setup_teardown.py
[2025-10-07T22:06:26.800+0000] {processor.py:840} INFO - DAG(s) 'example_setup_teardown' retrieved from /home/airflow/.local/lib/python3.12/site-packages/airflow/example_dags/example_setup_teardown.py
[2025-10-07T22:06:26.811+0000] {logging_mixin.py:188} INFO - [2025-10-07T22:06:26.811+0000] {dag.py:3096} INFO - Sync 1 DAGs
[2025-10-07T22:06:26.824+0000] {logging_mixin.py:188} INFO - [2025-10-07T22:06:26.824+0000] {dag.py:3954} INFO - Setting next_dagrun for example_setup_teardown to 2025-10-06 00:00:00+00:00, run_after=2025-10-07 00:00:00+00:00
[2025-10-07T22:06:26.839+0000] {processor.py:183} INFO - Processing /home/airflow/.local/lib/python3.12/site-packages/airflow/example_dags/example_setup_teardown.py took 0.048 seconds
[2025-10-07T22:06:56.897+0000] {processor.py:161} INFO - Started process (PID=912) to work on /home/airflow/.local/lib/python3.12/site-packages/airflow/example_dags/example_setup_teardown.py
[2025-10-07T22:06:56.897+0000] {processor.py:830} INFO - Processing file /home/airflow/.local/lib/python3.12/site-packages/airflow/example_dags/example_setup_teardown.py for tasks to queue
[2025-10-07T22:06:56.898+0000] {logging_mixin.py:188} INFO - [2025-10-07T22:06:56.898+0000] {dagbag.py:545} INFO - Filling up the DagBag from /home/airflow/.local/lib/python3.12/site-packages/airflow/example_dags/example_setup_teardown.py
[2025-10-07T22:06:56.902+0000] {processor.py:840} INFO - DAG(s) 'example_setup_teardown' retrieved from /home/airflow/.local/lib/python3.12/site-packages/airflow/example_dags/example_setup_teardown.py
[2025-10-07T22:06:56.922+0000] {logging_mixin.py:188} INFO - [2025-10-07T22:06:56.922+0000] {dag.py:3096} INFO - Sync 1 DAGs
[2025-10-07T22:06:56.938+0000] {logging_mixin.py:188} INFO - [2025-10-07T22:06:56.938+0000] {dag.py:3954} INFO - Setting next_dagrun for example_setup_teardown to 2025-10-06 00:00:00+00:00, run_after=2025-10-07 00:00:00+00:00
[2025-10-07T22:06:56.954+0000] {processor.py:183} INFO - Processing /home/airflow/.local/lib/python3.12/site-packages/airflow/example_dags/example_setup_teardown.py took 0.060 seconds
[2025-10-07T22:07:27.020+0000] {processor.py:161} INFO - Started process (PID=971) to work on /home/airflow/.local/lib/python3.12/site-packages/airflow/example_dags/example_setup_teardown.py
[2025-10-07T22:07:27.021+0000] {processor.py:830} INFO - Processing file /home/airflow/.local/lib/python3.12/site-packages/airflow/example_dags/example_setup_teardown.py for tasks to queue
[2025-10-07T22:07:27.022+0000] {logging_mixin.py:188} INFO - [2025-10-07T22:07:27.022+0000] {dagbag.py:545} INFO - Filling up the DagBag from /home/airflow/.local/lib/python3.12/site-packages/airflow/example_dags/example_setup_teardown.py
[2025-10-07T22:07:27.025+0000] {processor.py:840} INFO - DAG(s) 'example_setup_teardown' retrieved from /home/airflow/.local/lib/python3.12/site-packages/airflow/example_dags/example_setup_teardown.py
[2025-10-07T22:07:27.040+0000] {logging_mixin.py:188} INFO - [2025-10-07T22:07:27.039+0000] {dag.py:3096} INFO - Sync 1 DAGs
[2025-10-07T22:07:27.054+0000] {logging_mixin.py:188} INFO - [2025-10-07T22:07:27.054+0000] {dag.py:3954} INFO - Setting next_dagrun for example_setup_teardown to 2025-10-06 00:00:00+00:00, run_after=2025-10-07 00:00:00+00:00
[2025-10-07T22:07:27.068+0000] {processor.py:183} INFO - Processing /home/airflow/.local/lib/python3.12/site-packages/airflow/example_dags/example_setup_teardown.py took 0.051 seconds
[2025-10-07T22:07:57.186+0000] {processor.py:161} INFO - Started process (PID=1030) to work on /home/airflow/.local/lib/python3.12/site-packages/airflow/example_dags/example_setup_teardown.py
[2025-10-07T22:07:57.187+0000] {processor.py:830} INFO - Processing file /home/airflow/.local/lib/python3.12/site-packages/airflow/example_dags/example_setup_teardown.py for tasks to queue
[2025-10-07T22:07:57.189+0000] {logging_mixin.py:188} INFO - [2025-10-07T22:07:57.188+0000] {dagbag.py:545} INFO - Filling up the DagBag from /home/airflow/.local/lib/python3.12/site-packages/airflow/example_dags/example_setup_teardown.py
[2025-10-07T22:07:57.192+0000] {processor.py:840} INFO - DAG(s) 'example_setup_teardown' retrieved from /home/airflow/.local/lib/python3.12/site-packages/airflow/example_dags/example_setup_teardown.py
[2025-10-07T22:07:57.209+0000] {logging_mixin.py:188} INFO - [2025-10-07T22:07:57.209+0000] {dag.py:3096} INFO - Sync 1 DAGs
[2025-10-07T22:07:57.223+0000] {logging_mixin.py:188} INFO - [2025-10-07T22:07:57.223+0000] {dag.py:3954} INFO - Setting next_dagrun for example_setup_teardown to 2025-10-06 00:00:00+00:00, run_after=2025-10-07 00:00:00+00:00
[2025-10-07T22:07:57.234+0000] {processor.py:183} INFO - Processing /home/airflow/.local/lib/python3.12/site-packages/airflow/example_dags/example_setup_teardown.py took 0.051 seconds
[2025-10-07T22:08:27.324+0000] {processor.py:161} INFO - Started process (PID=1089) to work on /home/airflow/.local/lib/python3.12/site-packages/airflow/example_dags/example_setup_teardown.py
[2025-10-07T22:08:27.324+0000] {processor.py:830} INFO - Processing file /home/airflow/.local/lib/python3.12/site-packages/airflow/example_dags/example_setup_teardown.py for tasks to queue
[2025-10-07T22:08:27.325+0000] {logging_mixin.py:188} INFO - [2025-10-07T22:08:27.325+0000] {dagbag.py:545} INFO - Filling up the DagBag from /home/airflow/.local/lib/python3.12/site-packages/airflow/example_dags/example_setup_teardown.py
[2025-10-07T22:08:27.329+0000] {processor.py:840} INFO - DAG(s) 'example_setup_teardown' retrieved from /home/airflow/.local/lib/python3.12/site-packages/airflow/example_dags/example_setup_teardown.py
[2025-10-07T22:08:27.340+0000] {logging_mixin.py:188} INFO - [2025-10-07T22:08:27.340+0000] {dag.py:3096} INFO - Sync 1 DAGs
[2025-10-07T22:08:27.353+0000] {logging_mixin.py:188} INFO - [2025-10-07T22:08:27.353+0000] {dag.py:3954} INFO - Setting next_dagrun for example_setup_teardown to 2025-10-06 00:00:00+00:00, run_after=2025-10-07 00:00:00+00:00
[2025-10-07T22:08:27.369+0000] {processor.py:183} INFO - Processing /home/airflow/.local/lib/python3.12/site-packages/airflow/example_dags/example_setup_teardown.py took 0.048 seconds
[2025-10-07T22:08:57.593+0000] {processor.py:161} INFO - Started process (PID=1148) to work on /home/airflow/.local/lib/python3.12/site-packages/airflow/example_dags/example_setup_teardown.py
[2025-10-07T22:08:57.594+0000] {processor.py:830} INFO - Processing file /home/airflow/.local/lib/python3.12/site-packages/airflow/example_dags/example_setup_teardown.py for tasks to queue
[2025-10-07T22:08:57.595+0000] {logging_mixin.py:188} INFO - [2025-10-07T22:08:57.594+0000] {dagbag.py:545} INFO - Filling up the DagBag from /home/airflow/.local/lib/python3.12/site-packages/airflow/example_dags/example_setup_teardown.py
[2025-10-07T22:08:57.598+0000] {processor.py:840} INFO - DAG(s) 'example_setup_teardown' retrieved from /home/airflow/.local/lib/python3.12/site-packages/airflow/example_dags/example_setup_teardown.py
[2025-10-07T22:08:57.609+0000] {logging_mixin.py:188} INFO - [2025-10-07T22:08:57.608+0000] {dag.py:3096} INFO - Sync 1 DAGs
[2025-10-07T22:08:57.621+0000] {logging_mixin.py:188} INFO - [2025-10-07T22:08:57.620+0000] {dag.py:3954} INFO - Setting next_dagrun for example_setup_teardown to 2025-10-06 00:00:00+00:00, run_after=2025-10-07 00:00:00+00:00
[2025-10-07T22:08:57.637+0000] {processor.py:183} INFO - Processing /home/airflow/.local/lib/python3.12/site-packages/airflow/example_dags/example_setup_teardown.py took 0.047 seconds
[2025-10-07T22:09:27.782+0000] {processor.py:161} INFO - Started process (PID=1207) to work on /home/airflow/.local/lib/python3.12/site-packages/airflow/example_dags/example_setup_teardown.py
[2025-10-07T22:09:27.782+0000] {processor.py:830} INFO - Processing file /home/airflow/.local/lib/python3.12/site-packages/airflow/example_dags/example_setup_teardown.py for tasks to queue
[2025-10-07T22:09:27.783+0000] {logging_mixin.py:188} INFO - [2025-10-07T22:09:27.783+0000] {dagbag.py:545} INFO - Filling up the DagBag from /home/airflow/.local/lib/python3.12/site-packages/airflow/example_dags/example_setup_teardown.py
[2025-10-07T22:09:27.786+0000] {processor.py:840} INFO - DAG(s) 'example_setup_teardown' retrieved from /home/airflow/.local/lib/python3.12/site-packages/airflow/example_dags/example_setup_teardown.py
[2025-10-07T22:09:27.804+0000] {logging_mixin.py:188} INFO - [2025-10-07T22:09:27.803+0000] {dag.py:3096} INFO - Sync 1 DAGs
[2025-10-07T22:09:27.816+0000] {logging_mixin.py:188} INFO - [2025-10-07T22:09:27.816+0000] {dag.py:3954} INFO - Setting next_dagrun for example_setup_teardown to 2025-10-06 00:00:00+00:00, run_after=2025-10-07 00:00:00+00:00
[2025-10-07T22:09:27.828+0000] {processor.py:183} INFO - Processing /home/airflow/.local/lib/python3.12/site-packages/airflow/example_dags/example_setup_teardown.py took 0.049 seconds
[2025-10-07T22:09:58.891+0000] {processor.py:161} INFO - Started process (PID=1266) to work on /home/airflow/.local/lib/python3.12/site-packages/airflow/example_dags/example_setup_teardown.py
[2025-10-07T22:09:58.893+0000] {processor.py:830} INFO - Processing file /home/airflow/.local/lib/python3.12/site-packages/airflow/example_dags/example_setup_teardown.py for tasks to queue
[2025-10-07T22:09:58.895+0000] {logging_mixin.py:188} INFO - [2025-10-07T22:09:58.894+0000] {dagbag.py:545} INFO - Filling up the DagBag from /home/airflow/.local/lib/python3.12/site-packages/airflow/example_dags/example_setup_teardown.py
[2025-10-07T22:09:58.899+0000] {processor.py:840} INFO - DAG(s) 'example_setup_teardown' retrieved from /home/airflow/.local/lib/python3.12/site-packages/airflow/example_dags/example_setup_teardown.py
[2025-10-07T22:09:58.913+0000] {logging_mixin.py:188} INFO - [2025-10-07T22:09:58.913+0000] {dag.py:3096} INFO - Sync 1 DAGs
[2025-10-07T22:09:58.923+0000] {logging_mixin.py:188} INFO - [2025-10-07T22:09:58.923+0000] {dag.py:3954} INFO - Setting next_dagrun for example_setup_teardown to 2025-10-06 00:00:00+00:00, run_after=2025-10-07 00:00:00+00:00
[2025-10-07T22:09:58.935+0000] {processor.py:183} INFO - Processing /home/airflow/.local/lib/python3.12/site-packages/airflow/example_dags/example_setup_teardown.py took 0.047 seconds
[2025-10-07T22:10:29.065+0000] {processor.py:161} INFO - Started process (PID=1325) to work on /home/airflow/.local/lib/python3.12/site-packages/airflow/example_dags/example_setup_teardown.py
[2025-10-07T22:10:29.066+0000] {processor.py:830} INFO - Processing file /home/airflow/.local/lib/python3.12/site-packages/airflow/example_dags/example_setup_teardown.py for tasks to queue
[2025-10-07T22:10:29.067+0000] {logging_mixin.py:188} INFO - [2025-10-07T22:10:29.067+0000] {dagbag.py:545} INFO - Filling up the DagBag from /home/airflow/.local/lib/python3.12/site-packages/airflow/example_dags/example_setup_teardown.py
[2025-10-07T22:10:29.070+0000] {processor.py:840} INFO - DAG(s) 'example_setup_teardown' retrieved from /home/airflow/.local/lib/python3.12/site-packages/airflow/example_dags/example_setup_teardown.py
[2025-10-07T22:10:29.082+0000] {logging_mixin.py:188} INFO - [2025-10-07T22:10:29.081+0000] {dag.py:3096} INFO - Sync 1 DAGs
[2025-10-07T22:10:29.091+0000] {logging_mixin.py:188} INFO - [2025-10-07T22:10:29.091+0000] {dag.py:3954} INFO - Setting next_dagrun for example_setup_teardown to 2025-10-06 00:00:00+00:00, run_after=2025-10-07 00:00:00+00:00
[2025-10-07T22:10:29.102+0000] {processor.py:183} INFO - Processing /home/airflow/.local/lib/python3.12/site-packages/airflow/example_dags/example_setup_teardown.py took 0.040 seconds
[2025-10-07T22:10:59.328+0000] {processor.py:161} INFO - Started process (PID=1384) to work on /home/airflow/.local/lib/python3.12/site-packages/airflow/example_dags/example_setup_teardown.py
[2025-10-07T22:10:59.330+0000] {processor.py:830} INFO - Processing file /home/airflow/.local/lib/python3.12/site-packages/airflow/example_dags/example_setup_teardown.py for tasks to queue
[2025-10-07T22:10:59.331+0000] {logging_mixin.py:188} INFO - [2025-10-07T22:10:59.331+0000] {dagbag.py:545} INFO - Filling up the DagBag from /home/airflow/.local/lib/python3.12/site-packages/airflow/example_dags/example_setup_teardown.py
[2025-10-07T22:10:59.335+0000] {processor.py:840} INFO - DAG(s) 'example_setup_teardown' retrieved from /home/airflow/.local/lib/python3.12/site-packages/airflow/example_dags/example_setup_teardown.py
[2025-10-07T22:10:59.346+0000] {logging_mixin.py:188} INFO - [2025-10-07T22:10:59.345+0000] {dag.py:3096} INFO - Sync 1 DAGs
[2025-10-07T22:10:59.356+0000] {logging_mixin.py:188} INFO - [2025-10-07T22:10:59.356+0000] {dag.py:3954} INFO - Setting next_dagrun for example_setup_teardown to 2025-10-06 00:00:00+00:00, run_after=2025-10-07 00:00:00+00:00
[2025-10-07T22:10:59.366+0000] {processor.py:183} INFO - Processing /home/airflow/.local/lib/python3.12/site-packages/airflow/example_dags/example_setup_teardown.py took 0.041 seconds
[2025-10-07T22:11:30.364+0000] {processor.py:161} INFO - Started process (PID=1443) to work on /home/airflow/.local/lib/python3.12/site-packages/airflow/example_dags/example_setup_teardown.py
[2025-10-07T22:11:30.364+0000] {processor.py:830} INFO - Processing file /home/airflow/.local/lib/python3.12/site-packages/airflow/example_dags/example_setup_teardown.py for tasks to queue
[2025-10-07T22:11:30.365+0000] {logging_mixin.py:188} INFO - [2025-10-07T22:11:30.365+0000] {dagbag.py:545} INFO - Filling up the DagBag from /home/airflow/.local/lib/python3.12/site-packages/airflow/example_dags/example_setup_teardown.py
[2025-10-07T22:11:30.369+0000] {processor.py:840} INFO - DAG(s) 'example_setup_teardown' retrieved from /home/airflow/.local/lib/python3.12/site-packages/airflow/example_dags/example_setup_teardown.py
[2025-10-07T22:11:30.379+0000] {logging_mixin.py:188} INFO - [2025-10-07T22:11:30.379+0000] {dag.py:3096} INFO - Sync 1 DAGs
[2025-10-07T22:11:30.388+0000] {logging_mixin.py:188} INFO - [2025-10-07T22:11:30.387+0000] {dag.py:3954} INFO - Setting next_dagrun for example_setup_teardown to 2025-10-06 00:00:00+00:00, run_after=2025-10-07 00:00:00+00:00
[2025-10-07T22:11:30.395+0000] {processor.py:183} INFO - Processing /home/airflow/.local/lib/python3.12/site-packages/airflow/example_dags/example_setup_teardown.py took 0.034 seconds
[2025-10-07T22:12:00.613+0000] {processor.py:161} INFO - Started process (PID=1502) to work on /home/airflow/.local/lib/python3.12/site-packages/airflow/example_dags/example_setup_teardown.py
[2025-10-07T22:12:00.613+0000] {processor.py:830} INFO - Processing file /home/airflow/.local/lib/python3.12/site-packages/airflow/example_dags/example_setup_teardown.py for tasks to queue
[2025-10-07T22:12:00.615+0000] {logging_mixin.py:188} INFO - [2025-10-07T22:12:00.615+0000] {dagbag.py:545} INFO - Filling up the DagBag from /home/airflow/.local/lib/python3.12/site-packages/airflow/example_dags/example_setup_teardown.py
[2025-10-07T22:12:00.621+0000] {processor.py:840} INFO - DAG(s) 'example_setup_teardown' retrieved from /home/airflow/.local/lib/python3.12/site-packages/airflow/example_dags/example_setup_teardown.py
[2025-10-07T22:12:00.633+0000] {logging_mixin.py:188} INFO - [2025-10-07T22:12:00.633+0000] {dag.py:3096} INFO - Sync 1 DAGs
[2025-10-07T22:12:00.644+0000] {logging_mixin.py:188} INFO - [2025-10-07T22:12:00.644+0000] {dag.py:3954} INFO - Setting next_dagrun for example_setup_teardown to 2025-10-06 00:00:00+00:00, run_after=2025-10-07 00:00:00+00:00
[2025-10-07T22:12:00.655+0000] {processor.py:183} INFO - Processing /home/airflow/.local/lib/python3.12/site-packages/airflow/example_dags/example_setup_teardown.py took 0.045 seconds
[2025-10-07T22:12:31.581+0000] {processor.py:161} INFO - Started process (PID=1561) to work on /home/airflow/.local/lib/python3.12/site-packages/airflow/example_dags/example_setup_teardown.py
[2025-10-07T22:12:31.583+0000] {processor.py:830} INFO - Processing file /home/airflow/.local/lib/python3.12/site-packages/airflow/example_dags/example_setup_teardown.py for tasks to queue
[2025-10-07T22:12:31.586+0000] {logging_mixin.py:188} INFO - [2025-10-07T22:12:31.586+0000] {dagbag.py:545} INFO - Filling up the DagBag from /home/airflow/.local/lib/python3.12/site-packages/airflow/example_dags/example_setup_teardown.py
[2025-10-07T22:12:31.590+0000] {processor.py:840} INFO - DAG(s) 'example_setup_teardown' retrieved from /home/airflow/.local/lib/python3.12/site-packages/airflow/example_dags/example_setup_teardown.py
[2025-10-07T22:12:31.605+0000] {logging_mixin.py:188} INFO - [2025-10-07T22:12:31.605+0000] {dag.py:3096} INFO - Sync 1 DAGs
[2025-10-07T22:12:31.616+0000] {logging_mixin.py:188} INFO - [2025-10-07T22:12:31.616+0000] {dag.py:3954} INFO - Setting next_dagrun for example_setup_teardown to 2025-10-06 00:00:00+00:00, run_after=2025-10-07 00:00:00+00:00
[2025-10-07T22:12:31.625+0000] {processor.py:183} INFO - Processing /home/airflow/.local/lib/python3.12/site-packages/airflow/example_dags/example_setup_teardown.py took 0.050 seconds
[2025-10-07T22:13:01.791+0000] {processor.py:161} INFO - Started process (PID=1619) to work on /home/airflow/.local/lib/python3.12/site-packages/airflow/example_dags/example_setup_teardown.py
[2025-10-07T22:13:01.792+0000] {processor.py:830} INFO - Processing file /home/airflow/.local/lib/python3.12/site-packages/airflow/example_dags/example_setup_teardown.py for tasks to queue
[2025-10-07T22:13:01.793+0000] {logging_mixin.py:188} INFO - [2025-10-07T22:13:01.793+0000] {dagbag.py:545} INFO - Filling up the DagBag from /home/airflow/.local/lib/python3.12/site-packages/airflow/example_dags/example_setup_teardown.py
[2025-10-07T22:13:01.796+0000] {processor.py:840} INFO - DAG(s) 'example_setup_teardown' retrieved from /home/airflow/.local/lib/python3.12/site-packages/airflow/example_dags/example_setup_teardown.py
[2025-10-07T22:13:01.810+0000] {logging_mixin.py:188} INFO - [2025-10-07T22:13:01.810+0000] {dag.py:3096} INFO - Sync 1 DAGs
[2025-10-07T22:13:01.822+0000] {logging_mixin.py:188} INFO - [2025-10-07T22:13:01.822+0000] {dag.py:3954} INFO - Setting next_dagrun for example_setup_teardown to 2025-10-06 00:00:00+00:00, run_after=2025-10-07 00:00:00+00:00
[2025-10-07T22:13:01.834+0000] {processor.py:183} INFO - Processing /home/airflow/.local/lib/python3.12/site-packages/airflow/example_dags/example_setup_teardown.py took 0.046 seconds
[2025-10-07T22:13:31.974+0000] {processor.py:161} INFO - Started process (PID=1678) to work on /home/airflow/.local/lib/python3.12/site-packages/airflow/example_dags/example_setup_teardown.py
[2025-10-07T22:13:31.975+0000] {processor.py:830} INFO - Processing file /home/airflow/.local/lib/python3.12/site-packages/airflow/example_dags/example_setup_teardown.py for tasks to queue
[2025-10-07T22:13:31.978+0000] {logging_mixin.py:188} INFO - [2025-10-07T22:13:31.977+0000] {dagbag.py:545} INFO - Filling up the DagBag from /home/airflow/.local/lib/python3.12/site-packages/airflow/example_dags/example_setup_teardown.py
[2025-10-07T22:13:31.984+0000] {processor.py:840} INFO - DAG(s) 'example_setup_teardown' retrieved from /home/airflow/.local/lib/python3.12/site-packages/airflow/example_dags/example_setup_teardown.py
[2025-10-07T22:13:31.997+0000] {logging_mixin.py:188} INFO - [2025-10-07T22:13:31.997+0000] {dag.py:3096} INFO - Sync 1 DAGs
[2025-10-07T22:13:32.010+0000] {logging_mixin.py:188} INFO - [2025-10-07T22:13:32.010+0000] {dag.py:3954} INFO - Setting next_dagrun for example_setup_teardown to 2025-10-06 00:00:00+00:00, run_after=2025-10-07 00:00:00+00:00
[2025-10-07T22:13:32.022+0000] {processor.py:183} INFO - Processing /home/airflow/.local/lib/python3.12/site-packages/airflow/example_dags/example_setup_teardown.py took 0.054 seconds
[2025-10-07T22:14:02.161+0000] {processor.py:161} INFO - Started process (PID=1737) to work on /home/airflow/.local/lib/python3.12/site-packages/airflow/example_dags/example_setup_teardown.py
[2025-10-07T22:14:02.161+0000] {processor.py:830} INFO - Processing file /home/airflow/.local/lib/python3.12/site-packages/airflow/example_dags/example_setup_teardown.py for tasks to queue
[2025-10-07T22:14:02.162+0000] {logging_mixin.py:188} INFO - [2025-10-07T22:14:02.162+0000] {dagbag.py:545} INFO - Filling up the DagBag from /home/airflow/.local/lib/python3.12/site-packages/airflow/example_dags/example_setup_teardown.py
[2025-10-07T22:14:02.166+0000] {processor.py:840} INFO - DAG(s) 'example_setup_teardown' retrieved from /home/airflow/.local/lib/python3.12/site-packages/airflow/example_dags/example_setup_teardown.py
[2025-10-07T22:14:02.180+0000] {logging_mixin.py:188} INFO - [2025-10-07T22:14:02.180+0000] {dag.py:3096} INFO - Sync 1 DAGs
[2025-10-07T22:14:02.192+0000] {logging_mixin.py:188} INFO - [2025-10-07T22:14:02.192+0000] {dag.py:3954} INFO - Setting next_dagrun for example_setup_teardown to 2025-10-06 00:00:00+00:00, run_after=2025-10-07 00:00:00+00:00
[2025-10-07T22:14:02.204+0000] {processor.py:183} INFO - Processing /home/airflow/.local/lib/python3.12/site-packages/airflow/example_dags/example_setup_teardown.py took 0.047 seconds
[2025-10-07T22:14:32.522+0000] {processor.py:161} INFO - Started process (PID=1796) to work on /home/airflow/.local/lib/python3.12/site-packages/airflow/example_dags/example_setup_teardown.py
[2025-10-07T22:14:32.523+0000] {processor.py:830} INFO - Processing file /home/airflow/.local/lib/python3.12/site-packages/airflow/example_dags/example_setup_teardown.py for tasks to queue
[2025-10-07T22:14:32.524+0000] {logging_mixin.py:188} INFO - [2025-10-07T22:14:32.524+0000] {dagbag.py:545} INFO - Filling up the DagBag from /home/airflow/.local/lib/python3.12/site-packages/airflow/example_dags/example_setup_teardown.py
[2025-10-07T22:14:32.530+0000] {processor.py:840} INFO - DAG(s) 'example_setup_teardown' retrieved from /home/airflow/.local/lib/python3.12/site-packages/airflow/example_dags/example_setup_teardown.py
[2025-10-07T22:14:32.544+0000] {logging_mixin.py:188} INFO - [2025-10-07T22:14:32.543+0000] {dag.py:3096} INFO - Sync 1 DAGs
[2025-10-07T22:14:32.554+0000] {logging_mixin.py:188} INFO - [2025-10-07T22:14:32.554+0000] {dag.py:3954} INFO - Setting next_dagrun for example_setup_teardown to 2025-10-06 00:00:00+00:00, run_after=2025-10-07 00:00:00+00:00
[2025-10-07T22:14:32.566+0000] {processor.py:183} INFO - Processing /home/airflow/.local/lib/python3.12/site-packages/airflow/example_dags/example_setup_teardown.py took 0.047 seconds
[2025-10-07T22:15:02.880+0000] {processor.py:161} INFO - Started process (PID=1855) to work on /home/airflow/.local/lib/python3.12/site-packages/airflow/example_dags/example_setup_teardown.py
[2025-10-07T22:15:02.881+0000] {processor.py:830} INFO - Processing file /home/airflow/.local/lib/python3.12/site-packages/airflow/example_dags/example_setup_teardown.py for tasks to queue
[2025-10-07T22:15:02.883+0000] {logging_mixin.py:188} INFO - [2025-10-07T22:15:02.883+0000] {dagbag.py:545} INFO - Filling up the DagBag from /home/airflow/.local/lib/python3.12/site-packages/airflow/example_dags/example_setup_teardown.py
[2025-10-07T22:15:02.892+0000] {processor.py:840} INFO - DAG(s) 'example_setup_teardown' retrieved from /home/airflow/.local/lib/python3.12/site-packages/airflow/example_dags/example_setup_teardown.py
[2025-10-07T22:15:02.910+0000] {logging_mixin.py:188} INFO - [2025-10-07T22:15:02.910+0000] {dag.py:3096} INFO - Sync 1 DAGs
[2025-10-07T22:15:02.923+0000] {logging_mixin.py:188} INFO - [2025-10-07T22:15:02.922+0000] {dag.py:3954} INFO - Setting next_dagrun for example_setup_teardown to 2025-10-06 00:00:00+00:00, run_after=2025-10-07 00:00:00+00:00
[2025-10-07T22:15:02.934+0000] {processor.py:183} INFO - Processing /home/airflow/.local/lib/python3.12/site-packages/airflow/example_dags/example_setup_teardown.py took 0.062 seconds
[2025-10-07T22:15:33.652+0000] {processor.py:161} INFO - Started process (PID=1914) to work on /home/airflow/.local/lib/python3.12/site-packages/airflow/example_dags/example_setup_teardown.py
[2025-10-07T22:15:33.655+0000] {processor.py:830} INFO - Processing file /home/airflow/.local/lib/python3.12/site-packages/airflow/example_dags/example_setup_teardown.py for tasks to queue
[2025-10-07T22:15:33.658+0000] {logging_mixin.py:188} INFO - [2025-10-07T22:15:33.657+0000] {dagbag.py:545} INFO - Filling up the DagBag from /home/airflow/.local/lib/python3.12/site-packages/airflow/example_dags/example_setup_teardown.py
[2025-10-07T22:15:33.665+0000] {processor.py:840} INFO - DAG(s) 'example_setup_teardown' retrieved from /home/airflow/.local/lib/python3.12/site-packages/airflow/example_dags/example_setup_teardown.py
[2025-10-07T22:15:33.680+0000] {logging_mixin.py:188} INFO - [2025-10-07T22:15:33.679+0000] {dag.py:3096} INFO - Sync 1 DAGs
[2025-10-07T22:15:33.691+0000] {logging_mixin.py:188} INFO - [2025-10-07T22:15:33.691+0000] {dag.py:3954} INFO - Setting next_dagrun for example_setup_teardown to 2025-10-06 00:00:00+00:00, run_after=2025-10-07 00:00:00+00:00
[2025-10-07T22:15:33.703+0000] {processor.py:183} INFO - Processing /home/airflow/.local/lib/python3.12/site-packages/airflow/example_dags/example_setup_teardown.py took 0.059 seconds
[2025-10-07T22:16:04.543+0000] {processor.py:161} INFO - Started process (PID=1973) to work on /home/airflow/.local/lib/python3.12/site-packages/airflow/example_dags/example_setup_teardown.py
[2025-10-07T22:16:04.544+0000] {processor.py:830} INFO - Processing file /home/airflow/.local/lib/python3.12/site-packages/airflow/example_dags/example_setup_teardown.py for tasks to queue
[2025-10-07T22:16:04.545+0000] {logging_mixin.py:188} INFO - [2025-10-07T22:16:04.545+0000] {dagbag.py:545} INFO - Filling up the DagBag from /home/airflow/.local/lib/python3.12/site-packages/airflow/example_dags/example_setup_teardown.py
[2025-10-07T22:16:04.550+0000] {processor.py:840} INFO - DAG(s) 'example_setup_teardown' retrieved from /home/airflow/.local/lib/python3.12/site-packages/airflow/example_dags/example_setup_teardown.py
[2025-10-07T22:16:04.567+0000] {logging_mixin.py:188} INFO - [2025-10-07T22:16:04.567+0000] {dag.py:3096} INFO - Sync 1 DAGs
[2025-10-07T22:16:04.667+0000] {logging_mixin.py:188} INFO - [2025-10-07T22:16:04.667+0000] {dag.py:3954} INFO - Setting next_dagrun for example_setup_teardown to 2025-10-06 00:00:00+00:00, run_after=2025-10-07 00:00:00+00:00
[2025-10-07T22:16:04.677+0000] {processor.py:183} INFO - Processing /home/airflow/.local/lib/python3.12/site-packages/airflow/example_dags/example_setup_teardown.py took 0.141 seconds
[2025-10-07T22:16:35.294+0000] {processor.py:161} INFO - Started process (PID=2032) to work on /home/airflow/.local/lib/python3.12/site-packages/airflow/example_dags/example_setup_teardown.py
[2025-10-07T22:16:35.295+0000] {processor.py:830} INFO - Processing file /home/airflow/.local/lib/python3.12/site-packages/airflow/example_dags/example_setup_teardown.py for tasks to queue
[2025-10-07T22:16:35.298+0000] {logging_mixin.py:188} INFO - [2025-10-07T22:16:35.298+0000] {dagbag.py:545} INFO - Filling up the DagBag from /home/airflow/.local/lib/python3.12/site-packages/airflow/example_dags/example_setup_teardown.py
[2025-10-07T22:16:35.304+0000] {processor.py:840} INFO - DAG(s) 'example_setup_teardown' retrieved from /home/airflow/.local/lib/python3.12/site-packages/airflow/example_dags/example_setup_teardown.py
[2025-10-07T22:16:35.320+0000] {logging_mixin.py:188} INFO - [2025-10-07T22:16:35.320+0000] {dag.py:3096} INFO - Sync 1 DAGs
[2025-10-07T22:16:35.427+0000] {logging_mixin.py:188} INFO - [2025-10-07T22:16:35.427+0000] {dag.py:3954} INFO - Setting next_dagrun for example_setup_teardown to 2025-10-06 00:00:00+00:00, run_after=2025-10-07 00:00:00+00:00
[2025-10-07T22:16:35.437+0000] {processor.py:183} INFO - Processing /home/airflow/.local/lib/python3.12/site-packages/airflow/example_dags/example_setup_teardown.py took 0.149 seconds
[2025-10-07T22:17:05.745+0000] {processor.py:161} INFO - Started process (PID=2091) to work on /home/airflow/.local/lib/python3.12/site-packages/airflow/example_dags/example_setup_teardown.py
[2025-10-07T22:17:05.746+0000] {processor.py:830} INFO - Processing file /home/airflow/.local/lib/python3.12/site-packages/airflow/example_dags/example_setup_teardown.py for tasks to queue
[2025-10-07T22:17:05.747+0000] {logging_mixin.py:188} INFO - [2025-10-07T22:17:05.747+0000] {dagbag.py:545} INFO - Filling up the DagBag from /home/airflow/.local/lib/python3.12/site-packages/airflow/example_dags/example_setup_teardown.py
[2025-10-07T22:17:05.752+0000] {processor.py:840} INFO - DAG(s) 'example_setup_teardown' retrieved from /home/airflow/.local/lib/python3.12/site-packages/airflow/example_dags/example_setup_teardown.py
[2025-10-07T22:17:05.765+0000] {logging_mixin.py:188} INFO - [2025-10-07T22:17:05.765+0000] {dag.py:3096} INFO - Sync 1 DAGs
[2025-10-07T22:17:05.780+0000] {logging_mixin.py:188} INFO - [2025-10-07T22:17:05.780+0000] {dag.py:3954} INFO - Setting next_dagrun for example_setup_teardown to 2025-10-06 00:00:00+00:00, run_after=2025-10-07 00:00:00+00:00
[2025-10-07T22:17:05.887+0000] {processor.py:183} INFO - Processing /home/airflow/.local/lib/python3.12/site-packages/airflow/example_dags/example_setup_teardown.py took 0.147 seconds
[2025-10-07T22:17:36.577+0000] {processor.py:161} INFO - Started process (PID=2150) to work on /home/airflow/.local/lib/python3.12/site-packages/airflow/example_dags/example_setup_teardown.py
[2025-10-07T22:17:36.577+0000] {processor.py:830} INFO - Processing file /home/airflow/.local/lib/python3.12/site-packages/airflow/example_dags/example_setup_teardown.py for tasks to queue
[2025-10-07T22:17:36.579+0000] {logging_mixin.py:188} INFO - [2025-10-07T22:17:36.578+0000] {dagbag.py:545} INFO - Filling up the DagBag from /home/airflow/.local/lib/python3.12/site-packages/airflow/example_dags/example_setup_teardown.py
[2025-10-07T22:17:36.585+0000] {processor.py:840} INFO - DAG(s) 'example_setup_teardown' retrieved from /home/airflow/.local/lib/python3.12/site-packages/airflow/example_dags/example_setup_teardown.py
[2025-10-07T22:17:36.598+0000] {logging_mixin.py:188} INFO - [2025-10-07T22:17:36.598+0000] {dag.py:3096} INFO - Sync 1 DAGs
[2025-10-07T22:17:36.611+0000] {logging_mixin.py:188} INFO - [2025-10-07T22:17:36.611+0000] {dag.py:3954} INFO - Setting next_dagrun for example_setup_teardown to 2025-10-06 00:00:00+00:00, run_after=2025-10-07 00:00:00+00:00
[2025-10-07T22:17:36.624+0000] {processor.py:183} INFO - Processing /home/airflow/.local/lib/python3.12/site-packages/airflow/example_dags/example_setup_teardown.py took 0.055 seconds
[2025-10-07T22:18:06.745+0000] {processor.py:161} INFO - Started process (PID=2209) to work on /home/airflow/.local/lib/python3.12/site-packages/airflow/example_dags/example_setup_teardown.py
[2025-10-07T22:18:06.747+0000] {processor.py:830} INFO - Processing file /home/airflow/.local/lib/python3.12/site-packages/airflow/example_dags/example_setup_teardown.py for tasks to queue
[2025-10-07T22:18:06.749+0000] {logging_mixin.py:188} INFO - [2025-10-07T22:18:06.748+0000] {dagbag.py:545} INFO - Filling up the DagBag from /home/airflow/.local/lib/python3.12/site-packages/airflow/example_dags/example_setup_teardown.py
[2025-10-07T22:18:06.754+0000] {processor.py:840} INFO - DAG(s) 'example_setup_teardown' retrieved from /home/airflow/.local/lib/python3.12/site-packages/airflow/example_dags/example_setup_teardown.py
[2025-10-07T22:18:06.767+0000] {logging_mixin.py:188} INFO - [2025-10-07T22:18:06.767+0000] {dag.py:3096} INFO - Sync 1 DAGs
[2025-10-07T22:18:06.779+0000] {logging_mixin.py:188} INFO - [2025-10-07T22:18:06.779+0000] {dag.py:3954} INFO - Setting next_dagrun for example_setup_teardown to 2025-10-06 00:00:00+00:00, run_after=2025-10-07 00:00:00+00:00
[2025-10-07T22:18:06.792+0000] {processor.py:183} INFO - Processing /home/airflow/.local/lib/python3.12/site-packages/airflow/example_dags/example_setup_teardown.py took 0.053 seconds
[2025-10-07T22:18:37.743+0000] {processor.py:161} INFO - Started process (PID=2268) to work on /home/airflow/.local/lib/python3.12/site-packages/airflow/example_dags/example_setup_teardown.py
[2025-10-07T22:18:37.744+0000] {processor.py:830} INFO - Processing file /home/airflow/.local/lib/python3.12/site-packages/airflow/example_dags/example_setup_teardown.py for tasks to queue
[2025-10-07T22:18:37.746+0000] {logging_mixin.py:188} INFO - [2025-10-07T22:18:37.745+0000] {dagbag.py:545} INFO - Filling up the DagBag from /home/airflow/.local/lib/python3.12/site-packages/airflow/example_dags/example_setup_teardown.py
[2025-10-07T22:18:37.750+0000] {processor.py:840} INFO - DAG(s) 'example_setup_teardown' retrieved from /home/airflow/.local/lib/python3.12/site-packages/airflow/example_dags/example_setup_teardown.py
[2025-10-07T22:18:37.765+0000] {logging_mixin.py:188} INFO - [2025-10-07T22:18:37.765+0000] {dag.py:3096} INFO - Sync 1 DAGs
[2025-10-07T22:18:37.777+0000] {logging_mixin.py:188} INFO - [2025-10-07T22:18:37.777+0000] {dag.py:3954} INFO - Setting next_dagrun for example_setup_teardown to 2025-10-06 00:00:00+00:00, run_after=2025-10-07 00:00:00+00:00
[2025-10-07T22:18:37.789+0000] {processor.py:183} INFO - Processing /home/airflow/.local/lib/python3.12/site-packages/airflow/example_dags/example_setup_teardown.py took 0.050 seconds
[2025-10-07T22:19:17.524+0000] {processor.py:161} INFO - Started process (PID=79) to work on /home/airflow/.local/lib/python3.12/site-packages/airflow/example_dags/example_setup_teardown.py
[2025-10-07T22:19:17.525+0000] {processor.py:830} INFO - Processing file /home/airflow/.local/lib/python3.12/site-packages/airflow/example_dags/example_setup_teardown.py for tasks to queue
[2025-10-07T22:19:17.526+0000] {logging_mixin.py:188} INFO - [2025-10-07T22:19:17.526+0000] {dagbag.py:545} INFO - Filling up the DagBag from /home/airflow/.local/lib/python3.12/site-packages/airflow/example_dags/example_setup_teardown.py
[2025-10-07T22:19:17.531+0000] {processor.py:840} INFO - DAG(s) 'example_setup_teardown' retrieved from /home/airflow/.local/lib/python3.12/site-packages/airflow/example_dags/example_setup_teardown.py
[2025-10-07T22:19:17.553+0000] {logging_mixin.py:188} INFO - [2025-10-07T22:19:17.552+0000] {dag.py:3096} INFO - Sync 1 DAGs
[2025-10-07T22:19:17.575+0000] {logging_mixin.py:188} INFO - [2025-10-07T22:19:17.575+0000] {dag.py:3954} INFO - Setting next_dagrun for example_setup_teardown to 2025-10-06 00:00:00+00:00, run_after=2025-10-07 00:00:00+00:00
[2025-10-07T22:19:17.604+0000] {processor.py:183} INFO - Processing /home/airflow/.local/lib/python3.12/site-packages/airflow/example_dags/example_setup_teardown.py took 0.084 seconds
[2025-10-07T22:19:48.538+0000] {processor.py:161} INFO - Started process (PID=144) to work on /home/airflow/.local/lib/python3.12/site-packages/airflow/example_dags/example_setup_teardown.py
[2025-10-07T22:19:48.539+0000] {processor.py:830} INFO - Processing file /home/airflow/.local/lib/python3.12/site-packages/airflow/example_dags/example_setup_teardown.py for tasks to queue
[2025-10-07T22:19:48.541+0000] {logging_mixin.py:188} INFO - [2025-10-07T22:19:48.540+0000] {dagbag.py:545} INFO - Filling up the DagBag from /home/airflow/.local/lib/python3.12/site-packages/airflow/example_dags/example_setup_teardown.py
[2025-10-07T22:19:48.544+0000] {processor.py:840} INFO - DAG(s) 'example_setup_teardown' retrieved from /home/airflow/.local/lib/python3.12/site-packages/airflow/example_dags/example_setup_teardown.py
[2025-10-07T22:19:48.591+0000] {logging_mixin.py:188} INFO - [2025-10-07T22:19:48.591+0000] {dag.py:3096} INFO - Sync 1 DAGs
[2025-10-07T22:19:48.601+0000] {logging_mixin.py:188} INFO - [2025-10-07T22:19:48.601+0000] {dag.py:3954} INFO - Setting next_dagrun for example_setup_teardown to 2025-10-06 00:00:00+00:00, run_after=2025-10-07 00:00:00+00:00
[2025-10-07T22:19:48.615+0000] {processor.py:183} INFO - Processing /home/airflow/.local/lib/python3.12/site-packages/airflow/example_dags/example_setup_teardown.py took 0.079 seconds
[2025-10-07T22:20:18.911+0000] {processor.py:161} INFO - Started process (PID=203) to work on /home/airflow/.local/lib/python3.12/site-packages/airflow/example_dags/example_setup_teardown.py
[2025-10-07T22:20:18.912+0000] {processor.py:830} INFO - Processing file /home/airflow/.local/lib/python3.12/site-packages/airflow/example_dags/example_setup_teardown.py for tasks to queue
[2025-10-07T22:20:18.913+0000] {logging_mixin.py:188} INFO - [2025-10-07T22:20:18.913+0000] {dagbag.py:545} INFO - Filling up the DagBag from /home/airflow/.local/lib/python3.12/site-packages/airflow/example_dags/example_setup_teardown.py
[2025-10-07T22:20:18.917+0000] {processor.py:840} INFO - DAG(s) 'example_setup_teardown' retrieved from /home/airflow/.local/lib/python3.12/site-packages/airflow/example_dags/example_setup_teardown.py
[2025-10-07T22:20:18.933+0000] {logging_mixin.py:188} INFO - [2025-10-07T22:20:18.932+0000] {dag.py:3096} INFO - Sync 1 DAGs
[2025-10-07T22:20:18.945+0000] {logging_mixin.py:188} INFO - [2025-10-07T22:20:18.945+0000] {dag.py:3954} INFO - Setting next_dagrun for example_setup_teardown to 2025-10-06 00:00:00+00:00, run_after=2025-10-07 00:00:00+00:00
[2025-10-07T22:20:18.957+0000] {processor.py:183} INFO - Processing /home/airflow/.local/lib/python3.12/site-packages/airflow/example_dags/example_setup_teardown.py took 0.050 seconds
[2025-10-07T22:20:49.407+0000] {processor.py:161} INFO - Started process (PID=262) to work on /home/airflow/.local/lib/python3.12/site-packages/airflow/example_dags/example_setup_teardown.py
[2025-10-07T22:20:49.409+0000] {processor.py:830} INFO - Processing file /home/airflow/.local/lib/python3.12/site-packages/airflow/example_dags/example_setup_teardown.py for tasks to queue
[2025-10-07T22:20:49.410+0000] {logging_mixin.py:188} INFO - [2025-10-07T22:20:49.410+0000] {dagbag.py:545} INFO - Filling up the DagBag from /home/airflow/.local/lib/python3.12/site-packages/airflow/example_dags/example_setup_teardown.py
[2025-10-07T22:20:49.415+0000] {processor.py:840} INFO - DAG(s) 'example_setup_teardown' retrieved from /home/airflow/.local/lib/python3.12/site-packages/airflow/example_dags/example_setup_teardown.py
[2025-10-07T22:20:49.429+0000] {logging_mixin.py:188} INFO - [2025-10-07T22:20:49.428+0000] {dag.py:3096} INFO - Sync 1 DAGs
[2025-10-07T22:20:49.443+0000] {logging_mixin.py:188} INFO - [2025-10-07T22:20:49.443+0000] {dag.py:3954} INFO - Setting next_dagrun for example_setup_teardown to 2025-10-06 00:00:00+00:00, run_after=2025-10-07 00:00:00+00:00
[2025-10-07T22:20:49.459+0000] {processor.py:183} INFO - Processing /home/airflow/.local/lib/python3.12/site-packages/airflow/example_dags/example_setup_teardown.py took 0.055 seconds
[2025-10-07T22:21:19.519+0000] {processor.py:161} INFO - Started process (PID=321) to work on /home/airflow/.local/lib/python3.12/site-packages/airflow/example_dags/example_setup_teardown.py
[2025-10-07T22:21:19.519+0000] {processor.py:830} INFO - Processing file /home/airflow/.local/lib/python3.12/site-packages/airflow/example_dags/example_setup_teardown.py for tasks to queue
[2025-10-07T22:21:19.520+0000] {logging_mixin.py:188} INFO - [2025-10-07T22:21:19.520+0000] {dagbag.py:545} INFO - Filling up the DagBag from /home/airflow/.local/lib/python3.12/site-packages/airflow/example_dags/example_setup_teardown.py
[2025-10-07T22:21:19.523+0000] {processor.py:840} INFO - DAG(s) 'example_setup_teardown' retrieved from /home/airflow/.local/lib/python3.12/site-packages/airflow/example_dags/example_setup_teardown.py
[2025-10-07T22:21:19.533+0000] {logging_mixin.py:188} INFO - [2025-10-07T22:21:19.533+0000] {dag.py:3096} INFO - Sync 1 DAGs
[2025-10-07T22:21:19.542+0000] {logging_mixin.py:188} INFO - [2025-10-07T22:21:19.542+0000] {dag.py:3954} INFO - Setting next_dagrun for example_setup_teardown to 2025-10-06 00:00:00+00:00, run_after=2025-10-07 00:00:00+00:00
[2025-10-07T22:21:19.549+0000] {processor.py:183} INFO - Processing /home/airflow/.local/lib/python3.12/site-packages/airflow/example_dags/example_setup_teardown.py took 0.034 seconds
[2025-10-07T22:21:50.068+0000] {processor.py:161} INFO - Started process (PID=380) to work on /home/airflow/.local/lib/python3.12/site-packages/airflow/example_dags/example_setup_teardown.py
[2025-10-07T22:21:50.070+0000] {processor.py:830} INFO - Processing file /home/airflow/.local/lib/python3.12/site-packages/airflow/example_dags/example_setup_teardown.py for tasks to queue
[2025-10-07T22:21:50.072+0000] {logging_mixin.py:188} INFO - [2025-10-07T22:21:50.072+0000] {dagbag.py:545} INFO - Filling up the DagBag from /home/airflow/.local/lib/python3.12/site-packages/airflow/example_dags/example_setup_teardown.py
[2025-10-07T22:21:50.076+0000] {processor.py:840} INFO - DAG(s) 'example_setup_teardown' retrieved from /home/airflow/.local/lib/python3.12/site-packages/airflow/example_dags/example_setup_teardown.py
[2025-10-07T22:21:50.089+0000] {logging_mixin.py:188} INFO - [2025-10-07T22:21:50.089+0000] {dag.py:3096} INFO - Sync 1 DAGs
[2025-10-07T22:21:50.102+0000] {logging_mixin.py:188} INFO - [2025-10-07T22:21:50.102+0000] {dag.py:3954} INFO - Setting next_dagrun for example_setup_teardown to 2025-10-06 00:00:00+00:00, run_after=2025-10-07 00:00:00+00:00
[2025-10-07T22:21:50.116+0000] {processor.py:183} INFO - Processing /home/airflow/.local/lib/python3.12/site-packages/airflow/example_dags/example_setup_teardown.py took 0.051 seconds
