[2025-10-07T21:54:24.563+0000] {processor.py:161} INFO - Started process (PID=58) to work on /home/airflow/.local/lib/python3.12/site-packages/airflow/example_dags/example_python_operator.py
[2025-10-07T21:54:24.565+0000] {processor.py:830} INFO - Processing file /home/airflow/.local/lib/python3.12/site-packages/airflow/example_dags/example_python_operator.py for tasks to queue
[2025-10-07T21:54:24.567+0000] {logging_mixin.py:188} INFO - [2025-10-07T21:54:24.566+0000] {dagbag.py:545} INFO - Filling up the DagBag from /home/airflow/.local/lib/python3.12/site-packages/airflow/example_dags/example_python_operator.py
[2025-10-07T21:54:24.579+0000] {processor.py:840} INFO - DAG(s) 'example_python_operator' retrieved from /home/airflow/.local/lib/python3.12/site-packages/airflow/example_dags/example_python_operator.py
[2025-10-07T21:54:24.594+0000] {logging_mixin.py:188} INFO - [2025-10-07T21:54:24.593+0000] {dag.py:3096} INFO - Sync 1 DAGs
[2025-10-07T21:54:24.616+0000] {logging_mixin.py:188} INFO - [2025-10-07T21:54:24.615+0000] {dag.py:3954} INFO - Setting next_dagrun for example_python_operator to None, run_after=None
[2025-10-07T21:54:24.635+0000] {processor.py:183} INFO - Processing /home/airflow/.local/lib/python3.12/site-packages/airflow/example_dags/example_python_operator.py took 0.076 seconds
[2025-10-07T21:54:55.653+0000] {processor.py:161} INFO - Started process (PID=117) to work on /home/airflow/.local/lib/python3.12/site-packages/airflow/example_dags/example_python_operator.py
[2025-10-07T21:54:55.657+0000] {processor.py:830} INFO - Processing file /home/airflow/.local/lib/python3.12/site-packages/airflow/example_dags/example_python_operator.py for tasks to queue
[2025-10-07T21:54:55.658+0000] {logging_mixin.py:188} INFO - [2025-10-07T21:54:55.658+0000] {dagbag.py:545} INFO - Filling up the DagBag from /home/airflow/.local/lib/python3.12/site-packages/airflow/example_dags/example_python_operator.py
[2025-10-07T21:54:55.664+0000] {processor.py:840} INFO - DAG(s) 'example_python_operator' retrieved from /home/airflow/.local/lib/python3.12/site-packages/airflow/example_dags/example_python_operator.py
[2025-10-07T21:54:55.716+0000] {logging_mixin.py:188} INFO - [2025-10-07T21:54:55.716+0000] {dag.py:3096} INFO - Sync 1 DAGs
[2025-10-07T21:54:55.722+0000] {logging_mixin.py:188} INFO - [2025-10-07T21:54:55.721+0000] {dag.py:3954} INFO - Setting next_dagrun for example_python_operator to None, run_after=None
[2025-10-07T21:54:55.732+0000] {processor.py:183} INFO - Processing /home/airflow/.local/lib/python3.12/site-packages/airflow/example_dags/example_python_operator.py took 0.082 seconds
[2025-10-07T21:55:26.337+0000] {processor.py:161} INFO - Started process (PID=176) to work on /home/airflow/.local/lib/python3.12/site-packages/airflow/example_dags/example_python_operator.py
[2025-10-07T21:55:26.338+0000] {processor.py:830} INFO - Processing file /home/airflow/.local/lib/python3.12/site-packages/airflow/example_dags/example_python_operator.py for tasks to queue
[2025-10-07T21:55:26.340+0000] {logging_mixin.py:188} INFO - [2025-10-07T21:55:26.340+0000] {dagbag.py:545} INFO - Filling up the DagBag from /home/airflow/.local/lib/python3.12/site-packages/airflow/example_dags/example_python_operator.py
[2025-10-07T21:55:26.347+0000] {processor.py:840} INFO - DAG(s) 'example_python_operator' retrieved from /home/airflow/.local/lib/python3.12/site-packages/airflow/example_dags/example_python_operator.py
[2025-10-07T21:55:26.360+0000] {logging_mixin.py:188} INFO - [2025-10-07T21:55:26.359+0000] {dag.py:3096} INFO - Sync 1 DAGs
[2025-10-07T21:55:26.366+0000] {logging_mixin.py:188} INFO - [2025-10-07T21:55:26.366+0000] {dag.py:3954} INFO - Setting next_dagrun for example_python_operator to None, run_after=None
[2025-10-07T21:55:26.375+0000] {processor.py:183} INFO - Processing /home/airflow/.local/lib/python3.12/site-packages/airflow/example_dags/example_python_operator.py took 0.041 seconds
[2025-10-07T21:55:56.537+0000] {processor.py:161} INFO - Started process (PID=235) to work on /home/airflow/.local/lib/python3.12/site-packages/airflow/example_dags/example_python_operator.py
[2025-10-07T21:55:56.538+0000] {processor.py:830} INFO - Processing file /home/airflow/.local/lib/python3.12/site-packages/airflow/example_dags/example_python_operator.py for tasks to queue
[2025-10-07T21:55:56.539+0000] {logging_mixin.py:188} INFO - [2025-10-07T21:55:56.539+0000] {dagbag.py:545} INFO - Filling up the DagBag from /home/airflow/.local/lib/python3.12/site-packages/airflow/example_dags/example_python_operator.py
[2025-10-07T21:55:56.545+0000] {processor.py:840} INFO - DAG(s) 'example_python_operator' retrieved from /home/airflow/.local/lib/python3.12/site-packages/airflow/example_dags/example_python_operator.py
[2025-10-07T21:55:56.559+0000] {logging_mixin.py:188} INFO - [2025-10-07T21:55:56.558+0000] {dag.py:3096} INFO - Sync 1 DAGs
[2025-10-07T21:55:56.565+0000] {logging_mixin.py:188} INFO - [2025-10-07T21:55:56.565+0000] {dag.py:3954} INFO - Setting next_dagrun for example_python_operator to None, run_after=None
[2025-10-07T21:55:56.577+0000] {processor.py:183} INFO - Processing /home/airflow/.local/lib/python3.12/site-packages/airflow/example_dags/example_python_operator.py took 0.043 seconds
[2025-10-07T21:56:26.689+0000] {processor.py:161} INFO - Started process (PID=294) to work on /home/airflow/.local/lib/python3.12/site-packages/airflow/example_dags/example_python_operator.py
[2025-10-07T21:56:26.690+0000] {processor.py:830} INFO - Processing file /home/airflow/.local/lib/python3.12/site-packages/airflow/example_dags/example_python_operator.py for tasks to queue
[2025-10-07T21:56:26.691+0000] {logging_mixin.py:188} INFO - [2025-10-07T21:56:26.691+0000] {dagbag.py:545} INFO - Filling up the DagBag from /home/airflow/.local/lib/python3.12/site-packages/airflow/example_dags/example_python_operator.py
[2025-10-07T21:56:26.697+0000] {processor.py:840} INFO - DAG(s) 'example_python_operator' retrieved from /home/airflow/.local/lib/python3.12/site-packages/airflow/example_dags/example_python_operator.py
[2025-10-07T21:56:26.709+0000] {logging_mixin.py:188} INFO - [2025-10-07T21:56:26.708+0000] {dag.py:3096} INFO - Sync 1 DAGs
[2025-10-07T21:56:26.714+0000] {logging_mixin.py:188} INFO - [2025-10-07T21:56:26.714+0000] {dag.py:3954} INFO - Setting next_dagrun for example_python_operator to None, run_after=None
[2025-10-07T21:56:26.725+0000] {processor.py:183} INFO - Processing /home/airflow/.local/lib/python3.12/site-packages/airflow/example_dags/example_python_operator.py took 0.039 seconds
[2025-10-07T21:56:57.549+0000] {processor.py:161} INFO - Started process (PID=353) to work on /home/airflow/.local/lib/python3.12/site-packages/airflow/example_dags/example_python_operator.py
[2025-10-07T21:56:57.550+0000] {processor.py:830} INFO - Processing file /home/airflow/.local/lib/python3.12/site-packages/airflow/example_dags/example_python_operator.py for tasks to queue
[2025-10-07T21:56:57.551+0000] {logging_mixin.py:188} INFO - [2025-10-07T21:56:57.551+0000] {dagbag.py:545} INFO - Filling up the DagBag from /home/airflow/.local/lib/python3.12/site-packages/airflow/example_dags/example_python_operator.py
[2025-10-07T21:56:57.556+0000] {processor.py:840} INFO - DAG(s) 'example_python_operator' retrieved from /home/airflow/.local/lib/python3.12/site-packages/airflow/example_dags/example_python_operator.py
[2025-10-07T21:56:57.570+0000] {logging_mixin.py:188} INFO - [2025-10-07T21:56:57.570+0000] {dag.py:3096} INFO - Sync 1 DAGs
[2025-10-07T21:56:57.579+0000] {logging_mixin.py:188} INFO - [2025-10-07T21:56:57.579+0000] {dag.py:3954} INFO - Setting next_dagrun for example_python_operator to None, run_after=None
[2025-10-07T21:56:57.589+0000] {processor.py:183} INFO - Processing /home/airflow/.local/lib/python3.12/site-packages/airflow/example_dags/example_python_operator.py took 0.043 seconds
[2025-10-07T21:57:27.885+0000] {processor.py:161} INFO - Started process (PID=412) to work on /home/airflow/.local/lib/python3.12/site-packages/airflow/example_dags/example_python_operator.py
[2025-10-07T21:57:27.886+0000] {processor.py:830} INFO - Processing file /home/airflow/.local/lib/python3.12/site-packages/airflow/example_dags/example_python_operator.py for tasks to queue
[2025-10-07T21:57:27.887+0000] {logging_mixin.py:188} INFO - [2025-10-07T21:57:27.887+0000] {dagbag.py:545} INFO - Filling up the DagBag from /home/airflow/.local/lib/python3.12/site-packages/airflow/example_dags/example_python_operator.py
[2025-10-07T21:57:27.894+0000] {processor.py:840} INFO - DAG(s) 'example_python_operator' retrieved from /home/airflow/.local/lib/python3.12/site-packages/airflow/example_dags/example_python_operator.py
[2025-10-07T21:57:27.912+0000] {logging_mixin.py:188} INFO - [2025-10-07T21:57:27.911+0000] {dag.py:3096} INFO - Sync 1 DAGs
[2025-10-07T21:57:27.919+0000] {logging_mixin.py:188} INFO - [2025-10-07T21:57:27.919+0000] {dag.py:3954} INFO - Setting next_dagrun for example_python_operator to None, run_after=None
[2025-10-07T21:57:27.935+0000] {processor.py:183} INFO - Processing /home/airflow/.local/lib/python3.12/site-packages/airflow/example_dags/example_python_operator.py took 0.054 seconds
[2025-10-07T21:58:26.523+0000] {processor.py:161} INFO - Started process (PID=471) to work on /home/airflow/.local/lib/python3.12/site-packages/airflow/example_dags/example_python_operator.py
[2025-10-07T21:58:26.524+0000] {processor.py:830} INFO - Processing file /home/airflow/.local/lib/python3.12/site-packages/airflow/example_dags/example_python_operator.py for tasks to queue
[2025-10-07T21:58:26.525+0000] {logging_mixin.py:188} INFO - [2025-10-07T21:58:26.525+0000] {dagbag.py:545} INFO - Filling up the DagBag from /home/airflow/.local/lib/python3.12/site-packages/airflow/example_dags/example_python_operator.py
[2025-10-07T21:58:26.531+0000] {processor.py:840} INFO - DAG(s) 'example_python_operator' retrieved from /home/airflow/.local/lib/python3.12/site-packages/airflow/example_dags/example_python_operator.py
[2025-10-07T21:58:26.542+0000] {logging_mixin.py:188} INFO - [2025-10-07T21:58:26.542+0000] {dag.py:3096} INFO - Sync 1 DAGs
[2025-10-07T21:58:26.553+0000] {logging_mixin.py:188} INFO - [2025-10-07T21:58:26.553+0000] {dag.py:3954} INFO - Setting next_dagrun for example_python_operator to None, run_after=None
[2025-10-07T21:58:26.571+0000] {processor.py:183} INFO - Processing /home/airflow/.local/lib/python3.12/site-packages/airflow/example_dags/example_python_operator.py took 0.052 seconds
[2025-10-07T21:59:32.177+0000] {processor.py:161} INFO - Started process (PID=530) to work on /home/airflow/.local/lib/python3.12/site-packages/airflow/example_dags/example_python_operator.py
[2025-10-07T21:59:32.179+0000] {processor.py:830} INFO - Processing file /home/airflow/.local/lib/python3.12/site-packages/airflow/example_dags/example_python_operator.py for tasks to queue
[2025-10-07T21:59:32.182+0000] {logging_mixin.py:188} INFO - [2025-10-07T21:59:32.182+0000] {dagbag.py:545} INFO - Filling up the DagBag from /home/airflow/.local/lib/python3.12/site-packages/airflow/example_dags/example_python_operator.py
[2025-10-07T21:59:32.200+0000] {processor.py:840} INFO - DAG(s) 'example_python_operator' retrieved from /home/airflow/.local/lib/python3.12/site-packages/airflow/example_dags/example_python_operator.py
[2025-10-07T21:59:32.237+0000] {logging_mixin.py:188} INFO - [2025-10-07T21:59:32.237+0000] {dag.py:3096} INFO - Sync 1 DAGs
[2025-10-07T21:59:32.257+0000] {logging_mixin.py:188} INFO - [2025-10-07T21:59:32.256+0000] {dag.py:3954} INFO - Setting next_dagrun for example_python_operator to None, run_after=None
[2025-10-07T21:59:32.284+0000] {processor.py:183} INFO - Processing /home/airflow/.local/lib/python3.12/site-packages/airflow/example_dags/example_python_operator.py took 0.117 seconds
[2025-10-07T22:01:51.987+0000] {processor.py:161} INFO - Started process (PID=589) to work on /home/airflow/.local/lib/python3.12/site-packages/airflow/example_dags/example_python_operator.py
[2025-10-07T22:01:51.989+0000] {processor.py:830} INFO - Processing file /home/airflow/.local/lib/python3.12/site-packages/airflow/example_dags/example_python_operator.py for tasks to queue
[2025-10-07T22:01:51.992+0000] {logging_mixin.py:188} INFO - [2025-10-07T22:01:51.991+0000] {dagbag.py:545} INFO - Filling up the DagBag from /home/airflow/.local/lib/python3.12/site-packages/airflow/example_dags/example_python_operator.py
[2025-10-07T22:01:52.000+0000] {processor.py:840} INFO - DAG(s) 'example_python_operator' retrieved from /home/airflow/.local/lib/python3.12/site-packages/airflow/example_dags/example_python_operator.py
[2025-10-07T22:01:52.018+0000] {logging_mixin.py:188} INFO - [2025-10-07T22:01:52.018+0000] {dag.py:3096} INFO - Sync 1 DAGs
[2025-10-07T22:01:52.026+0000] {logging_mixin.py:188} INFO - [2025-10-07T22:01:52.026+0000] {dag.py:3954} INFO - Setting next_dagrun for example_python_operator to None, run_after=None
[2025-10-07T22:01:52.043+0000] {processor.py:183} INFO - Processing /home/airflow/.local/lib/python3.12/site-packages/airflow/example_dags/example_python_operator.py took 0.060 seconds
[2025-10-07T22:04:55.307+0000] {processor.py:161} INFO - Started process (PID=648) to work on /home/airflow/.local/lib/python3.12/site-packages/airflow/example_dags/example_python_operator.py
[2025-10-07T22:04:55.309+0000] {processor.py:830} INFO - Processing file /home/airflow/.local/lib/python3.12/site-packages/airflow/example_dags/example_python_operator.py for tasks to queue
[2025-10-07T22:04:55.310+0000] {logging_mixin.py:188} INFO - [2025-10-07T22:04:55.310+0000] {dagbag.py:545} INFO - Filling up the DagBag from /home/airflow/.local/lib/python3.12/site-packages/airflow/example_dags/example_python_operator.py
[2025-10-07T22:04:55.321+0000] {processor.py:840} INFO - DAG(s) 'example_python_operator' retrieved from /home/airflow/.local/lib/python3.12/site-packages/airflow/example_dags/example_python_operator.py
[2025-10-07T22:04:55.341+0000] {logging_mixin.py:188} INFO - [2025-10-07T22:04:55.341+0000] {dag.py:3096} INFO - Sync 1 DAGs
[2025-10-07T22:04:55.347+0000] {logging_mixin.py:188} INFO - [2025-10-07T22:04:55.347+0000] {dag.py:3954} INFO - Setting next_dagrun for example_python_operator to None, run_after=None
[2025-10-07T22:04:55.359+0000] {processor.py:183} INFO - Processing /home/airflow/.local/lib/python3.12/site-packages/airflow/example_dags/example_python_operator.py took 0.055 seconds
[2025-10-07T22:05:25.559+0000] {processor.py:161} INFO - Started process (PID=707) to work on /home/airflow/.local/lib/python3.12/site-packages/airflow/example_dags/example_python_operator.py
[2025-10-07T22:05:25.560+0000] {processor.py:830} INFO - Processing file /home/airflow/.local/lib/python3.12/site-packages/airflow/example_dags/example_python_operator.py for tasks to queue
[2025-10-07T22:05:25.561+0000] {logging_mixin.py:188} INFO - [2025-10-07T22:05:25.561+0000] {dagbag.py:545} INFO - Filling up the DagBag from /home/airflow/.local/lib/python3.12/site-packages/airflow/example_dags/example_python_operator.py
[2025-10-07T22:05:25.569+0000] {processor.py:840} INFO - DAG(s) 'example_python_operator' retrieved from /home/airflow/.local/lib/python3.12/site-packages/airflow/example_dags/example_python_operator.py
[2025-10-07T22:05:25.590+0000] {logging_mixin.py:188} INFO - [2025-10-07T22:05:25.590+0000] {dag.py:3096} INFO - Sync 1 DAGs
[2025-10-07T22:05:25.596+0000] {logging_mixin.py:188} INFO - [2025-10-07T22:05:25.596+0000] {dag.py:3954} INFO - Setting next_dagrun for example_python_operator to None, run_after=None
[2025-10-07T22:05:25.606+0000] {processor.py:183} INFO - Processing /home/airflow/.local/lib/python3.12/site-packages/airflow/example_dags/example_python_operator.py took 0.050 seconds
[2025-10-07T22:05:55.746+0000] {processor.py:161} INFO - Started process (PID=766) to work on /home/airflow/.local/lib/python3.12/site-packages/airflow/example_dags/example_python_operator.py
[2025-10-07T22:05:55.747+0000] {processor.py:830} INFO - Processing file /home/airflow/.local/lib/python3.12/site-packages/airflow/example_dags/example_python_operator.py for tasks to queue
[2025-10-07T22:05:55.748+0000] {logging_mixin.py:188} INFO - [2025-10-07T22:05:55.748+0000] {dagbag.py:545} INFO - Filling up the DagBag from /home/airflow/.local/lib/python3.12/site-packages/airflow/example_dags/example_python_operator.py
[2025-10-07T22:05:55.754+0000] {processor.py:840} INFO - DAG(s) 'example_python_operator' retrieved from /home/airflow/.local/lib/python3.12/site-packages/airflow/example_dags/example_python_operator.py
[2025-10-07T22:05:55.766+0000] {logging_mixin.py:188} INFO - [2025-10-07T22:05:55.766+0000] {dag.py:3096} INFO - Sync 1 DAGs
[2025-10-07T22:05:55.772+0000] {logging_mixin.py:188} INFO - [2025-10-07T22:05:55.772+0000] {dag.py:3954} INFO - Setting next_dagrun for example_python_operator to None, run_after=None
[2025-10-07T22:05:55.780+0000] {processor.py:183} INFO - Processing /home/airflow/.local/lib/python3.12/site-packages/airflow/example_dags/example_python_operator.py took 0.038 seconds
[2025-10-07T22:06:25.828+0000] {processor.py:161} INFO - Started process (PID=825) to work on /home/airflow/.local/lib/python3.12/site-packages/airflow/example_dags/example_python_operator.py
[2025-10-07T22:06:25.829+0000] {processor.py:830} INFO - Processing file /home/airflow/.local/lib/python3.12/site-packages/airflow/example_dags/example_python_operator.py for tasks to queue
[2025-10-07T22:06:25.831+0000] {logging_mixin.py:188} INFO - [2025-10-07T22:06:25.831+0000] {dagbag.py:545} INFO - Filling up the DagBag from /home/airflow/.local/lib/python3.12/site-packages/airflow/example_dags/example_python_operator.py
[2025-10-07T22:06:25.836+0000] {processor.py:840} INFO - DAG(s) 'example_python_operator' retrieved from /home/airflow/.local/lib/python3.12/site-packages/airflow/example_dags/example_python_operator.py
[2025-10-07T22:06:25.849+0000] {logging_mixin.py:188} INFO - [2025-10-07T22:06:25.848+0000] {dag.py:3096} INFO - Sync 1 DAGs
[2025-10-07T22:06:25.857+0000] {logging_mixin.py:188} INFO - [2025-10-07T22:06:25.857+0000] {dag.py:3954} INFO - Setting next_dagrun for example_python_operator to None, run_after=None
[2025-10-07T22:06:25.865+0000] {processor.py:183} INFO - Processing /home/airflow/.local/lib/python3.12/site-packages/airflow/example_dags/example_python_operator.py took 0.040 seconds
[2025-10-07T22:06:55.923+0000] {processor.py:161} INFO - Started process (PID=884) to work on /home/airflow/.local/lib/python3.12/site-packages/airflow/example_dags/example_python_operator.py
[2025-10-07T22:06:55.924+0000] {processor.py:830} INFO - Processing file /home/airflow/.local/lib/python3.12/site-packages/airflow/example_dags/example_python_operator.py for tasks to queue
[2025-10-07T22:06:55.925+0000] {logging_mixin.py:188} INFO - [2025-10-07T22:06:55.925+0000] {dagbag.py:545} INFO - Filling up the DagBag from /home/airflow/.local/lib/python3.12/site-packages/airflow/example_dags/example_python_operator.py
[2025-10-07T22:06:55.930+0000] {processor.py:840} INFO - DAG(s) 'example_python_operator' retrieved from /home/airflow/.local/lib/python3.12/site-packages/airflow/example_dags/example_python_operator.py
[2025-10-07T22:06:55.944+0000] {logging_mixin.py:188} INFO - [2025-10-07T22:06:55.943+0000] {dag.py:3096} INFO - Sync 1 DAGs
[2025-10-07T22:06:55.950+0000] {logging_mixin.py:188} INFO - [2025-10-07T22:06:55.950+0000] {dag.py:3954} INFO - Setting next_dagrun for example_python_operator to None, run_after=None
[2025-10-07T22:06:55.964+0000] {processor.py:183} INFO - Processing /home/airflow/.local/lib/python3.12/site-packages/airflow/example_dags/example_python_operator.py took 0.044 seconds
[2025-10-07T22:07:26.082+0000] {processor.py:161} INFO - Started process (PID=943) to work on /home/airflow/.local/lib/python3.12/site-packages/airflow/example_dags/example_python_operator.py
[2025-10-07T22:07:26.083+0000] {processor.py:830} INFO - Processing file /home/airflow/.local/lib/python3.12/site-packages/airflow/example_dags/example_python_operator.py for tasks to queue
[2025-10-07T22:07:26.084+0000] {logging_mixin.py:188} INFO - [2025-10-07T22:07:26.083+0000] {dagbag.py:545} INFO - Filling up the DagBag from /home/airflow/.local/lib/python3.12/site-packages/airflow/example_dags/example_python_operator.py
[2025-10-07T22:07:26.090+0000] {processor.py:840} INFO - DAG(s) 'example_python_operator' retrieved from /home/airflow/.local/lib/python3.12/site-packages/airflow/example_dags/example_python_operator.py
[2025-10-07T22:07:26.106+0000] {logging_mixin.py:188} INFO - [2025-10-07T22:07:26.106+0000] {dag.py:3096} INFO - Sync 1 DAGs
[2025-10-07T22:07:26.113+0000] {logging_mixin.py:188} INFO - [2025-10-07T22:07:26.113+0000] {dag.py:3954} INFO - Setting next_dagrun for example_python_operator to None, run_after=None
[2025-10-07T22:07:26.130+0000] {processor.py:183} INFO - Processing /home/airflow/.local/lib/python3.12/site-packages/airflow/example_dags/example_python_operator.py took 0.051 seconds
[2025-10-07T22:07:56.214+0000] {processor.py:161} INFO - Started process (PID=1002) to work on /home/airflow/.local/lib/python3.12/site-packages/airflow/example_dags/example_python_operator.py
[2025-10-07T22:07:56.214+0000] {processor.py:830} INFO - Processing file /home/airflow/.local/lib/python3.12/site-packages/airflow/example_dags/example_python_operator.py for tasks to queue
[2025-10-07T22:07:56.216+0000] {logging_mixin.py:188} INFO - [2025-10-07T22:07:56.215+0000] {dagbag.py:545} INFO - Filling up the DagBag from /home/airflow/.local/lib/python3.12/site-packages/airflow/example_dags/example_python_operator.py
[2025-10-07T22:07:56.221+0000] {processor.py:840} INFO - DAG(s) 'example_python_operator' retrieved from /home/airflow/.local/lib/python3.12/site-packages/airflow/example_dags/example_python_operator.py
[2025-10-07T22:07:56.238+0000] {logging_mixin.py:188} INFO - [2025-10-07T22:07:56.238+0000] {dag.py:3096} INFO - Sync 1 DAGs
[2025-10-07T22:07:56.245+0000] {logging_mixin.py:188} INFO - [2025-10-07T22:07:56.245+0000] {dag.py:3954} INFO - Setting next_dagrun for example_python_operator to None, run_after=None
[2025-10-07T22:07:56.262+0000] {processor.py:183} INFO - Processing /home/airflow/.local/lib/python3.12/site-packages/airflow/example_dags/example_python_operator.py took 0.051 seconds
[2025-10-07T22:08:26.364+0000] {processor.py:161} INFO - Started process (PID=1061) to work on /home/airflow/.local/lib/python3.12/site-packages/airflow/example_dags/example_python_operator.py
[2025-10-07T22:08:26.366+0000] {processor.py:830} INFO - Processing file /home/airflow/.local/lib/python3.12/site-packages/airflow/example_dags/example_python_operator.py for tasks to queue
[2025-10-07T22:08:26.367+0000] {logging_mixin.py:188} INFO - [2025-10-07T22:08:26.367+0000] {dagbag.py:545} INFO - Filling up the DagBag from /home/airflow/.local/lib/python3.12/site-packages/airflow/example_dags/example_python_operator.py
[2025-10-07T22:08:26.373+0000] {processor.py:840} INFO - DAG(s) 'example_python_operator' retrieved from /home/airflow/.local/lib/python3.12/site-packages/airflow/example_dags/example_python_operator.py
[2025-10-07T22:08:26.387+0000] {logging_mixin.py:188} INFO - [2025-10-07T22:08:26.387+0000] {dag.py:3096} INFO - Sync 1 DAGs
[2025-10-07T22:08:26.397+0000] {logging_mixin.py:188} INFO - [2025-10-07T22:08:26.397+0000] {dag.py:3954} INFO - Setting next_dagrun for example_python_operator to None, run_after=None
[2025-10-07T22:08:26.410+0000] {processor.py:183} INFO - Processing /home/airflow/.local/lib/python3.12/site-packages/airflow/example_dags/example_python_operator.py took 0.048 seconds
[2025-10-07T22:08:56.485+0000] {processor.py:161} INFO - Started process (PID=1120) to work on /home/airflow/.local/lib/python3.12/site-packages/airflow/example_dags/example_python_operator.py
[2025-10-07T22:08:56.485+0000] {processor.py:830} INFO - Processing file /home/airflow/.local/lib/python3.12/site-packages/airflow/example_dags/example_python_operator.py for tasks to queue
[2025-10-07T22:08:56.487+0000] {logging_mixin.py:188} INFO - [2025-10-07T22:08:56.486+0000] {dagbag.py:545} INFO - Filling up the DagBag from /home/airflow/.local/lib/python3.12/site-packages/airflow/example_dags/example_python_operator.py
[2025-10-07T22:08:56.493+0000] {processor.py:840} INFO - DAG(s) 'example_python_operator' retrieved from /home/airflow/.local/lib/python3.12/site-packages/airflow/example_dags/example_python_operator.py
[2025-10-07T22:08:56.508+0000] {logging_mixin.py:188} INFO - [2025-10-07T22:08:56.508+0000] {dag.py:3096} INFO - Sync 1 DAGs
[2025-10-07T22:08:56.519+0000] {logging_mixin.py:188} INFO - [2025-10-07T22:08:56.519+0000] {dag.py:3954} INFO - Setting next_dagrun for example_python_operator to None, run_after=None
[2025-10-07T22:08:56.535+0000] {processor.py:183} INFO - Processing /home/airflow/.local/lib/python3.12/site-packages/airflow/example_dags/example_python_operator.py took 0.053 seconds
[2025-10-07T22:09:26.747+0000] {processor.py:161} INFO - Started process (PID=1179) to work on /home/airflow/.local/lib/python3.12/site-packages/airflow/example_dags/example_python_operator.py
[2025-10-07T22:09:26.748+0000] {processor.py:830} INFO - Processing file /home/airflow/.local/lib/python3.12/site-packages/airflow/example_dags/example_python_operator.py for tasks to queue
[2025-10-07T22:09:26.751+0000] {logging_mixin.py:188} INFO - [2025-10-07T22:09:26.750+0000] {dagbag.py:545} INFO - Filling up the DagBag from /home/airflow/.local/lib/python3.12/site-packages/airflow/example_dags/example_python_operator.py
[2025-10-07T22:09:26.757+0000] {processor.py:840} INFO - DAG(s) 'example_python_operator' retrieved from /home/airflow/.local/lib/python3.12/site-packages/airflow/example_dags/example_python_operator.py
[2025-10-07T22:09:26.771+0000] {logging_mixin.py:188} INFO - [2025-10-07T22:09:26.771+0000] {dag.py:3096} INFO - Sync 1 DAGs
[2025-10-07T22:09:26.777+0000] {logging_mixin.py:188} INFO - [2025-10-07T22:09:26.777+0000] {dag.py:3954} INFO - Setting next_dagrun for example_python_operator to None, run_after=None
[2025-10-07T22:09:26.788+0000] {processor.py:183} INFO - Processing /home/airflow/.local/lib/python3.12/site-packages/airflow/example_dags/example_python_operator.py took 0.044 seconds
[2025-10-07T22:09:56.954+0000] {processor.py:161} INFO - Started process (PID=1238) to work on /home/airflow/.local/lib/python3.12/site-packages/airflow/example_dags/example_python_operator.py
[2025-10-07T22:09:56.957+0000] {processor.py:830} INFO - Processing file /home/airflow/.local/lib/python3.12/site-packages/airflow/example_dags/example_python_operator.py for tasks to queue
[2025-10-07T22:09:56.958+0000] {logging_mixin.py:188} INFO - [2025-10-07T22:09:56.958+0000] {dagbag.py:545} INFO - Filling up the DagBag from /home/airflow/.local/lib/python3.12/site-packages/airflow/example_dags/example_python_operator.py
[2025-10-07T22:09:56.963+0000] {processor.py:840} INFO - DAG(s) 'example_python_operator' retrieved from /home/airflow/.local/lib/python3.12/site-packages/airflow/example_dags/example_python_operator.py
[2025-10-07T22:09:56.975+0000] {logging_mixin.py:188} INFO - [2025-10-07T22:09:56.975+0000] {dag.py:3096} INFO - Sync 1 DAGs
[2025-10-07T22:09:56.981+0000] {logging_mixin.py:188} INFO - [2025-10-07T22:09:56.981+0000] {dag.py:3954} INFO - Setting next_dagrun for example_python_operator to None, run_after=None
[2025-10-07T22:09:56.990+0000] {processor.py:183} INFO - Processing /home/airflow/.local/lib/python3.12/site-packages/airflow/example_dags/example_python_operator.py took 0.039 seconds
[2025-10-07T22:10:27.134+0000] {processor.py:161} INFO - Started process (PID=1297) to work on /home/airflow/.local/lib/python3.12/site-packages/airflow/example_dags/example_python_operator.py
[2025-10-07T22:10:27.135+0000] {processor.py:830} INFO - Processing file /home/airflow/.local/lib/python3.12/site-packages/airflow/example_dags/example_python_operator.py for tasks to queue
[2025-10-07T22:10:27.137+0000] {logging_mixin.py:188} INFO - [2025-10-07T22:10:27.137+0000] {dagbag.py:545} INFO - Filling up the DagBag from /home/airflow/.local/lib/python3.12/site-packages/airflow/example_dags/example_python_operator.py
[2025-10-07T22:10:27.145+0000] {processor.py:840} INFO - DAG(s) 'example_python_operator' retrieved from /home/airflow/.local/lib/python3.12/site-packages/airflow/example_dags/example_python_operator.py
[2025-10-07T22:10:27.160+0000] {logging_mixin.py:188} INFO - [2025-10-07T22:10:27.159+0000] {dag.py:3096} INFO - Sync 1 DAGs
[2025-10-07T22:10:27.166+0000] {logging_mixin.py:188} INFO - [2025-10-07T22:10:27.166+0000] {dag.py:3954} INFO - Setting next_dagrun for example_python_operator to None, run_after=None
[2025-10-07T22:10:27.174+0000] {processor.py:183} INFO - Processing /home/airflow/.local/lib/python3.12/site-packages/airflow/example_dags/example_python_operator.py took 0.043 seconds
[2025-10-07T22:10:57.258+0000] {processor.py:161} INFO - Started process (PID=1356) to work on /home/airflow/.local/lib/python3.12/site-packages/airflow/example_dags/example_python_operator.py
[2025-10-07T22:10:57.259+0000] {processor.py:830} INFO - Processing file /home/airflow/.local/lib/python3.12/site-packages/airflow/example_dags/example_python_operator.py for tasks to queue
[2025-10-07T22:10:57.260+0000] {logging_mixin.py:188} INFO - [2025-10-07T22:10:57.259+0000] {dagbag.py:545} INFO - Filling up the DagBag from /home/airflow/.local/lib/python3.12/site-packages/airflow/example_dags/example_python_operator.py
[2025-10-07T22:10:57.267+0000] {processor.py:840} INFO - DAG(s) 'example_python_operator' retrieved from /home/airflow/.local/lib/python3.12/site-packages/airflow/example_dags/example_python_operator.py
[2025-10-07T22:10:57.280+0000] {logging_mixin.py:188} INFO - [2025-10-07T22:10:57.279+0000] {dag.py:3096} INFO - Sync 1 DAGs
[2025-10-07T22:10:57.288+0000] {logging_mixin.py:188} INFO - [2025-10-07T22:10:57.288+0000] {dag.py:3954} INFO - Setting next_dagrun for example_python_operator to None, run_after=None
[2025-10-07T22:10:57.298+0000] {processor.py:183} INFO - Processing /home/airflow/.local/lib/python3.12/site-packages/airflow/example_dags/example_python_operator.py took 0.044 seconds
[2025-10-07T22:11:27.386+0000] {processor.py:161} INFO - Started process (PID=1415) to work on /home/airflow/.local/lib/python3.12/site-packages/airflow/example_dags/example_python_operator.py
[2025-10-07T22:11:27.391+0000] {processor.py:830} INFO - Processing file /home/airflow/.local/lib/python3.12/site-packages/airflow/example_dags/example_python_operator.py for tasks to queue
[2025-10-07T22:11:27.392+0000] {logging_mixin.py:188} INFO - [2025-10-07T22:11:27.391+0000] {dagbag.py:545} INFO - Filling up the DagBag from /home/airflow/.local/lib/python3.12/site-packages/airflow/example_dags/example_python_operator.py
[2025-10-07T22:11:27.400+0000] {processor.py:840} INFO - DAG(s) 'example_python_operator' retrieved from /home/airflow/.local/lib/python3.12/site-packages/airflow/example_dags/example_python_operator.py
[2025-10-07T22:11:27.413+0000] {logging_mixin.py:188} INFO - [2025-10-07T22:11:27.413+0000] {dag.py:3096} INFO - Sync 1 DAGs
[2025-10-07T22:11:27.419+0000] {logging_mixin.py:188} INFO - [2025-10-07T22:11:27.419+0000] {dag.py:3954} INFO - Setting next_dagrun for example_python_operator to None, run_after=None
[2025-10-07T22:11:27.428+0000] {processor.py:183} INFO - Processing /home/airflow/.local/lib/python3.12/site-packages/airflow/example_dags/example_python_operator.py took 0.045 seconds
[2025-10-07T22:11:57.479+0000] {processor.py:161} INFO - Started process (PID=1474) to work on /home/airflow/.local/lib/python3.12/site-packages/airflow/example_dags/example_python_operator.py
[2025-10-07T22:11:57.479+0000] {processor.py:830} INFO - Processing file /home/airflow/.local/lib/python3.12/site-packages/airflow/example_dags/example_python_operator.py for tasks to queue
[2025-10-07T22:11:57.480+0000] {logging_mixin.py:188} INFO - [2025-10-07T22:11:57.480+0000] {dagbag.py:545} INFO - Filling up the DagBag from /home/airflow/.local/lib/python3.12/site-packages/airflow/example_dags/example_python_operator.py
[2025-10-07T22:11:57.485+0000] {processor.py:840} INFO - DAG(s) 'example_python_operator' retrieved from /home/airflow/.local/lib/python3.12/site-packages/airflow/example_dags/example_python_operator.py
[2025-10-07T22:11:57.496+0000] {logging_mixin.py:188} INFO - [2025-10-07T22:11:57.496+0000] {dag.py:3096} INFO - Sync 1 DAGs
[2025-10-07T22:11:57.501+0000] {logging_mixin.py:188} INFO - [2025-10-07T22:11:57.501+0000] {dag.py:3954} INFO - Setting next_dagrun for example_python_operator to None, run_after=None
[2025-10-07T22:11:57.509+0000] {processor.py:183} INFO - Processing /home/airflow/.local/lib/python3.12/site-packages/airflow/example_dags/example_python_operator.py took 0.034 seconds
[2025-10-07T22:12:27.713+0000] {processor.py:161} INFO - Started process (PID=1533) to work on /home/airflow/.local/lib/python3.12/site-packages/airflow/example_dags/example_python_operator.py
[2025-10-07T22:12:27.714+0000] {processor.py:830} INFO - Processing file /home/airflow/.local/lib/python3.12/site-packages/airflow/example_dags/example_python_operator.py for tasks to queue
[2025-10-07T22:12:27.715+0000] {logging_mixin.py:188} INFO - [2025-10-07T22:12:27.714+0000] {dagbag.py:545} INFO - Filling up the DagBag from /home/airflow/.local/lib/python3.12/site-packages/airflow/example_dags/example_python_operator.py
[2025-10-07T22:12:27.720+0000] {processor.py:840} INFO - DAG(s) 'example_python_operator' retrieved from /home/airflow/.local/lib/python3.12/site-packages/airflow/example_dags/example_python_operator.py
[2025-10-07T22:12:27.732+0000] {logging_mixin.py:188} INFO - [2025-10-07T22:12:27.732+0000] {dag.py:3096} INFO - Sync 1 DAGs
[2025-10-07T22:12:27.738+0000] {logging_mixin.py:188} INFO - [2025-10-07T22:12:27.738+0000] {dag.py:3954} INFO - Setting next_dagrun for example_python_operator to None, run_after=None
[2025-10-07T22:12:27.752+0000] {processor.py:183} INFO - Processing /home/airflow/.local/lib/python3.12/site-packages/airflow/example_dags/example_python_operator.py took 0.042 seconds
[2025-10-07T22:12:57.857+0000] {processor.py:161} INFO - Started process (PID=1592) to work on /home/airflow/.local/lib/python3.12/site-packages/airflow/example_dags/example_python_operator.py
[2025-10-07T22:12:57.858+0000] {processor.py:830} INFO - Processing file /home/airflow/.local/lib/python3.12/site-packages/airflow/example_dags/example_python_operator.py for tasks to queue
[2025-10-07T22:12:57.859+0000] {logging_mixin.py:188} INFO - [2025-10-07T22:12:57.859+0000] {dagbag.py:545} INFO - Filling up the DagBag from /home/airflow/.local/lib/python3.12/site-packages/airflow/example_dags/example_python_operator.py
[2025-10-07T22:12:57.864+0000] {processor.py:840} INFO - DAG(s) 'example_python_operator' retrieved from /home/airflow/.local/lib/python3.12/site-packages/airflow/example_dags/example_python_operator.py
[2025-10-07T22:12:57.876+0000] {logging_mixin.py:188} INFO - [2025-10-07T22:12:57.876+0000] {dag.py:3096} INFO - Sync 1 DAGs
[2025-10-07T22:12:57.884+0000] {logging_mixin.py:188} INFO - [2025-10-07T22:12:57.884+0000] {dag.py:3954} INFO - Setting next_dagrun for example_python_operator to None, run_after=None
[2025-10-07T22:12:57.898+0000] {processor.py:183} INFO - Processing /home/airflow/.local/lib/python3.12/site-packages/airflow/example_dags/example_python_operator.py took 0.044 seconds
[2025-10-07T22:13:28.169+0000] {processor.py:161} INFO - Started process (PID=1651) to work on /home/airflow/.local/lib/python3.12/site-packages/airflow/example_dags/example_python_operator.py
[2025-10-07T22:13:28.170+0000] {processor.py:830} INFO - Processing file /home/airflow/.local/lib/python3.12/site-packages/airflow/example_dags/example_python_operator.py for tasks to queue
[2025-10-07T22:13:28.171+0000] {logging_mixin.py:188} INFO - [2025-10-07T22:13:28.171+0000] {dagbag.py:545} INFO - Filling up the DagBag from /home/airflow/.local/lib/python3.12/site-packages/airflow/example_dags/example_python_operator.py
[2025-10-07T22:13:28.177+0000] {processor.py:840} INFO - DAG(s) 'example_python_operator' retrieved from /home/airflow/.local/lib/python3.12/site-packages/airflow/example_dags/example_python_operator.py
[2025-10-07T22:13:28.189+0000] {logging_mixin.py:188} INFO - [2025-10-07T22:13:28.189+0000] {dag.py:3096} INFO - Sync 1 DAGs
[2025-10-07T22:13:28.195+0000] {logging_mixin.py:188} INFO - [2025-10-07T22:13:28.195+0000] {dag.py:3954} INFO - Setting next_dagrun for example_python_operator to None, run_after=None
[2025-10-07T22:13:28.208+0000] {processor.py:183} INFO - Processing /home/airflow/.local/lib/python3.12/site-packages/airflow/example_dags/example_python_operator.py took 0.042 seconds
[2025-10-07T22:13:58.326+0000] {processor.py:161} INFO - Started process (PID=1710) to work on /home/airflow/.local/lib/python3.12/site-packages/airflow/example_dags/example_python_operator.py
[2025-10-07T22:13:58.327+0000] {processor.py:830} INFO - Processing file /home/airflow/.local/lib/python3.12/site-packages/airflow/example_dags/example_python_operator.py for tasks to queue
[2025-10-07T22:13:58.328+0000] {logging_mixin.py:188} INFO - [2025-10-07T22:13:58.328+0000] {dagbag.py:545} INFO - Filling up the DagBag from /home/airflow/.local/lib/python3.12/site-packages/airflow/example_dags/example_python_operator.py
[2025-10-07T22:13:58.333+0000] {processor.py:840} INFO - DAG(s) 'example_python_operator' retrieved from /home/airflow/.local/lib/python3.12/site-packages/airflow/example_dags/example_python_operator.py
[2025-10-07T22:13:58.346+0000] {logging_mixin.py:188} INFO - [2025-10-07T22:13:58.346+0000] {dag.py:3096} INFO - Sync 1 DAGs
[2025-10-07T22:13:58.352+0000] {logging_mixin.py:188} INFO - [2025-10-07T22:13:58.352+0000] {dag.py:3954} INFO - Setting next_dagrun for example_python_operator to None, run_after=None
[2025-10-07T22:13:58.361+0000] {processor.py:183} INFO - Processing /home/airflow/.local/lib/python3.12/site-packages/airflow/example_dags/example_python_operator.py took 0.038 seconds
[2025-10-07T22:14:28.487+0000] {processor.py:161} INFO - Started process (PID=1769) to work on /home/airflow/.local/lib/python3.12/site-packages/airflow/example_dags/example_python_operator.py
[2025-10-07T22:14:28.488+0000] {processor.py:830} INFO - Processing file /home/airflow/.local/lib/python3.12/site-packages/airflow/example_dags/example_python_operator.py for tasks to queue
[2025-10-07T22:14:28.490+0000] {logging_mixin.py:188} INFO - [2025-10-07T22:14:28.490+0000] {dagbag.py:545} INFO - Filling up the DagBag from /home/airflow/.local/lib/python3.12/site-packages/airflow/example_dags/example_python_operator.py
[2025-10-07T22:14:28.496+0000] {processor.py:840} INFO - DAG(s) 'example_python_operator' retrieved from /home/airflow/.local/lib/python3.12/site-packages/airflow/example_dags/example_python_operator.py
[2025-10-07T22:14:28.509+0000] {logging_mixin.py:188} INFO - [2025-10-07T22:14:28.509+0000] {dag.py:3096} INFO - Sync 1 DAGs
[2025-10-07T22:14:28.516+0000] {logging_mixin.py:188} INFO - [2025-10-07T22:14:28.515+0000] {dag.py:3954} INFO - Setting next_dagrun for example_python_operator to None, run_after=None
[2025-10-07T22:14:28.526+0000] {processor.py:183} INFO - Processing /home/airflow/.local/lib/python3.12/site-packages/airflow/example_dags/example_python_operator.py took 0.041 seconds
[2025-10-07T22:14:58.621+0000] {processor.py:161} INFO - Started process (PID=1828) to work on /home/airflow/.local/lib/python3.12/site-packages/airflow/example_dags/example_python_operator.py
[2025-10-07T22:14:58.622+0000] {processor.py:830} INFO - Processing file /home/airflow/.local/lib/python3.12/site-packages/airflow/example_dags/example_python_operator.py for tasks to queue
[2025-10-07T22:14:58.623+0000] {logging_mixin.py:188} INFO - [2025-10-07T22:14:58.623+0000] {dagbag.py:545} INFO - Filling up the DagBag from /home/airflow/.local/lib/python3.12/site-packages/airflow/example_dags/example_python_operator.py
[2025-10-07T22:14:58.630+0000] {processor.py:840} INFO - DAG(s) 'example_python_operator' retrieved from /home/airflow/.local/lib/python3.12/site-packages/airflow/example_dags/example_python_operator.py
[2025-10-07T22:14:58.648+0000] {logging_mixin.py:188} INFO - [2025-10-07T22:14:58.648+0000] {dag.py:3096} INFO - Sync 1 DAGs
[2025-10-07T22:14:58.658+0000] {logging_mixin.py:188} INFO - [2025-10-07T22:14:58.658+0000] {dag.py:3954} INFO - Setting next_dagrun for example_python_operator to None, run_after=None
[2025-10-07T22:14:58.677+0000] {processor.py:183} INFO - Processing /home/airflow/.local/lib/python3.12/site-packages/airflow/example_dags/example_python_operator.py took 0.060 seconds
[2025-10-07T22:15:28.913+0000] {processor.py:161} INFO - Started process (PID=1887) to work on /home/airflow/.local/lib/python3.12/site-packages/airflow/example_dags/example_python_operator.py
[2025-10-07T22:15:28.914+0000] {processor.py:830} INFO - Processing file /home/airflow/.local/lib/python3.12/site-packages/airflow/example_dags/example_python_operator.py for tasks to queue
[2025-10-07T22:15:28.915+0000] {logging_mixin.py:188} INFO - [2025-10-07T22:15:28.915+0000] {dagbag.py:545} INFO - Filling up the DagBag from /home/airflow/.local/lib/python3.12/site-packages/airflow/example_dags/example_python_operator.py
[2025-10-07T22:15:28.921+0000] {processor.py:840} INFO - DAG(s) 'example_python_operator' retrieved from /home/airflow/.local/lib/python3.12/site-packages/airflow/example_dags/example_python_operator.py
[2025-10-07T22:15:28.934+0000] {logging_mixin.py:188} INFO - [2025-10-07T22:15:28.934+0000] {dag.py:3096} INFO - Sync 1 DAGs
[2025-10-07T22:15:28.940+0000] {logging_mixin.py:188} INFO - [2025-10-07T22:15:28.940+0000] {dag.py:3954} INFO - Setting next_dagrun for example_python_operator to None, run_after=None
[2025-10-07T22:15:28.950+0000] {processor.py:183} INFO - Processing /home/airflow/.local/lib/python3.12/site-packages/airflow/example_dags/example_python_operator.py took 0.040 seconds
[2025-10-07T22:15:59.715+0000] {processor.py:161} INFO - Started process (PID=1946) to work on /home/airflow/.local/lib/python3.12/site-packages/airflow/example_dags/example_python_operator.py
[2025-10-07T22:15:59.716+0000] {processor.py:830} INFO - Processing file /home/airflow/.local/lib/python3.12/site-packages/airflow/example_dags/example_python_operator.py for tasks to queue
[2025-10-07T22:15:59.717+0000] {logging_mixin.py:188} INFO - [2025-10-07T22:15:59.716+0000] {dagbag.py:545} INFO - Filling up the DagBag from /home/airflow/.local/lib/python3.12/site-packages/airflow/example_dags/example_python_operator.py
[2025-10-07T22:15:59.722+0000] {processor.py:840} INFO - DAG(s) 'example_python_operator' retrieved from /home/airflow/.local/lib/python3.12/site-packages/airflow/example_dags/example_python_operator.py
[2025-10-07T22:15:59.736+0000] {logging_mixin.py:188} INFO - [2025-10-07T22:15:59.736+0000] {dag.py:3096} INFO - Sync 1 DAGs
[2025-10-07T22:15:59.742+0000] {logging_mixin.py:188} INFO - [2025-10-07T22:15:59.742+0000] {dag.py:3954} INFO - Setting next_dagrun for example_python_operator to None, run_after=None
[2025-10-07T22:15:59.752+0000] {processor.py:183} INFO - Processing /home/airflow/.local/lib/python3.12/site-packages/airflow/example_dags/example_python_operator.py took 0.040 seconds
[2025-10-07T22:16:29.815+0000] {processor.py:161} INFO - Started process (PID=2005) to work on /home/airflow/.local/lib/python3.12/site-packages/airflow/example_dags/example_python_operator.py
[2025-10-07T22:16:29.816+0000] {processor.py:830} INFO - Processing file /home/airflow/.local/lib/python3.12/site-packages/airflow/example_dags/example_python_operator.py for tasks to queue
[2025-10-07T22:16:29.817+0000] {logging_mixin.py:188} INFO - [2025-10-07T22:16:29.817+0000] {dagbag.py:545} INFO - Filling up the DagBag from /home/airflow/.local/lib/python3.12/site-packages/airflow/example_dags/example_python_operator.py
[2025-10-07T22:16:29.823+0000] {processor.py:840} INFO - DAG(s) 'example_python_operator' retrieved from /home/airflow/.local/lib/python3.12/site-packages/airflow/example_dags/example_python_operator.py
[2025-10-07T22:16:29.838+0000] {logging_mixin.py:188} INFO - [2025-10-07T22:16:29.838+0000] {dag.py:3096} INFO - Sync 1 DAGs
[2025-10-07T22:16:29.844+0000] {logging_mixin.py:188} INFO - [2025-10-07T22:16:29.843+0000] {dag.py:3954} INFO - Setting next_dagrun for example_python_operator to None, run_after=None
[2025-10-07T22:16:29.853+0000] {processor.py:183} INFO - Processing /home/airflow/.local/lib/python3.12/site-packages/airflow/example_dags/example_python_operator.py took 0.041 seconds
[2025-10-07T22:17:00.537+0000] {processor.py:161} INFO - Started process (PID=2064) to work on /home/airflow/.local/lib/python3.12/site-packages/airflow/example_dags/example_python_operator.py
[2025-10-07T22:17:00.538+0000] {processor.py:830} INFO - Processing file /home/airflow/.local/lib/python3.12/site-packages/airflow/example_dags/example_python_operator.py for tasks to queue
[2025-10-07T22:17:00.539+0000] {logging_mixin.py:188} INFO - [2025-10-07T22:17:00.539+0000] {dagbag.py:545} INFO - Filling up the DagBag from /home/airflow/.local/lib/python3.12/site-packages/airflow/example_dags/example_python_operator.py
[2025-10-07T22:17:00.544+0000] {processor.py:840} INFO - DAG(s) 'example_python_operator' retrieved from /home/airflow/.local/lib/python3.12/site-packages/airflow/example_dags/example_python_operator.py
[2025-10-07T22:17:00.556+0000] {logging_mixin.py:188} INFO - [2025-10-07T22:17:00.556+0000] {dag.py:3096} INFO - Sync 1 DAGs
[2025-10-07T22:17:00.562+0000] {logging_mixin.py:188} INFO - [2025-10-07T22:17:00.562+0000] {dag.py:3954} INFO - Setting next_dagrun for example_python_operator to None, run_after=None
[2025-10-07T22:17:00.575+0000] {processor.py:183} INFO - Processing /home/airflow/.local/lib/python3.12/site-packages/airflow/example_dags/example_python_operator.py took 0.041 seconds
[2025-10-07T22:17:31.581+0000] {processor.py:161} INFO - Started process (PID=2123) to work on /home/airflow/.local/lib/python3.12/site-packages/airflow/example_dags/example_python_operator.py
[2025-10-07T22:17:31.582+0000] {processor.py:830} INFO - Processing file /home/airflow/.local/lib/python3.12/site-packages/airflow/example_dags/example_python_operator.py for tasks to queue
[2025-10-07T22:17:31.583+0000] {logging_mixin.py:188} INFO - [2025-10-07T22:17:31.583+0000] {dagbag.py:545} INFO - Filling up the DagBag from /home/airflow/.local/lib/python3.12/site-packages/airflow/example_dags/example_python_operator.py
[2025-10-07T22:17:31.589+0000] {processor.py:840} INFO - DAG(s) 'example_python_operator' retrieved from /home/airflow/.local/lib/python3.12/site-packages/airflow/example_dags/example_python_operator.py
[2025-10-07T22:17:31.602+0000] {logging_mixin.py:188} INFO - [2025-10-07T22:17:31.602+0000] {dag.py:3096} INFO - Sync 1 DAGs
[2025-10-07T22:17:31.610+0000] {logging_mixin.py:188} INFO - [2025-10-07T22:17:31.609+0000] {dag.py:3954} INFO - Setting next_dagrun for example_python_operator to None, run_after=None
[2025-10-07T22:17:31.621+0000] {processor.py:183} INFO - Processing /home/airflow/.local/lib/python3.12/site-packages/airflow/example_dags/example_python_operator.py took 0.043 seconds
[2025-10-07T22:18:01.648+0000] {processor.py:161} INFO - Started process (PID=2182) to work on /home/airflow/.local/lib/python3.12/site-packages/airflow/example_dags/example_python_operator.py
[2025-10-07T22:18:01.649+0000] {processor.py:830} INFO - Processing file /home/airflow/.local/lib/python3.12/site-packages/airflow/example_dags/example_python_operator.py for tasks to queue
[2025-10-07T22:18:01.650+0000] {logging_mixin.py:188} INFO - [2025-10-07T22:18:01.650+0000] {dagbag.py:545} INFO - Filling up the DagBag from /home/airflow/.local/lib/python3.12/site-packages/airflow/example_dags/example_python_operator.py
[2025-10-07T22:18:01.657+0000] {processor.py:840} INFO - DAG(s) 'example_python_operator' retrieved from /home/airflow/.local/lib/python3.12/site-packages/airflow/example_dags/example_python_operator.py
[2025-10-07T22:18:01.670+0000] {logging_mixin.py:188} INFO - [2025-10-07T22:18:01.669+0000] {dag.py:3096} INFO - Sync 1 DAGs
[2025-10-07T22:18:01.675+0000] {logging_mixin.py:188} INFO - [2025-10-07T22:18:01.675+0000] {dag.py:3954} INFO - Setting next_dagrun for example_python_operator to None, run_after=None
[2025-10-07T22:18:01.689+0000] {processor.py:183} INFO - Processing /home/airflow/.local/lib/python3.12/site-packages/airflow/example_dags/example_python_operator.py took 0.044 seconds
[2025-10-07T22:18:31.872+0000] {processor.py:161} INFO - Started process (PID=2241) to work on /home/airflow/.local/lib/python3.12/site-packages/airflow/example_dags/example_python_operator.py
[2025-10-07T22:18:31.874+0000] {processor.py:830} INFO - Processing file /home/airflow/.local/lib/python3.12/site-packages/airflow/example_dags/example_python_operator.py for tasks to queue
[2025-10-07T22:18:31.875+0000] {logging_mixin.py:188} INFO - [2025-10-07T22:18:31.875+0000] {dagbag.py:545} INFO - Filling up the DagBag from /home/airflow/.local/lib/python3.12/site-packages/airflow/example_dags/example_python_operator.py
[2025-10-07T22:18:31.881+0000] {processor.py:840} INFO - DAG(s) 'example_python_operator' retrieved from /home/airflow/.local/lib/python3.12/site-packages/airflow/example_dags/example_python_operator.py
[2025-10-07T22:18:31.898+0000] {logging_mixin.py:188} INFO - [2025-10-07T22:18:31.898+0000] {dag.py:3096} INFO - Sync 1 DAGs
[2025-10-07T22:18:31.904+0000] {logging_mixin.py:188} INFO - [2025-10-07T22:18:31.904+0000] {dag.py:3954} INFO - Setting next_dagrun for example_python_operator to None, run_after=None
[2025-10-07T22:18:31.914+0000] {processor.py:183} INFO - Processing /home/airflow/.local/lib/python3.12/site-packages/airflow/example_dags/example_python_operator.py took 0.045 seconds
[2025-10-07T22:19:16.072+0000] {processor.py:161} INFO - Started process (PID=51) to work on /home/airflow/.local/lib/python3.12/site-packages/airflow/example_dags/example_python_operator.py
[2025-10-07T22:19:16.073+0000] {processor.py:830} INFO - Processing file /home/airflow/.local/lib/python3.12/site-packages/airflow/example_dags/example_python_operator.py for tasks to queue
[2025-10-07T22:19:16.074+0000] {logging_mixin.py:188} INFO - [2025-10-07T22:19:16.074+0000] {dagbag.py:545} INFO - Filling up the DagBag from /home/airflow/.local/lib/python3.12/site-packages/airflow/example_dags/example_python_operator.py
[2025-10-07T22:19:16.082+0000] {processor.py:840} INFO - DAG(s) 'example_python_operator' retrieved from /home/airflow/.local/lib/python3.12/site-packages/airflow/example_dags/example_python_operator.py
[2025-10-07T22:19:16.092+0000] {logging_mixin.py:188} INFO - [2025-10-07T22:19:16.092+0000] {dag.py:3096} INFO - Sync 1 DAGs
[2025-10-07T22:19:16.101+0000] {logging_mixin.py:188} INFO - [2025-10-07T22:19:16.100+0000] {dag.py:3954} INFO - Setting next_dagrun for example_python_operator to None, run_after=None
[2025-10-07T22:19:16.127+0000] {processor.py:183} INFO - Processing /home/airflow/.local/lib/python3.12/site-packages/airflow/example_dags/example_python_operator.py took 0.059 seconds
[2025-10-07T22:19:47.008+0000] {processor.py:161} INFO - Started process (PID=110) to work on /home/airflow/.local/lib/python3.12/site-packages/airflow/example_dags/example_python_operator.py
[2025-10-07T22:19:47.008+0000] {processor.py:830} INFO - Processing file /home/airflow/.local/lib/python3.12/site-packages/airflow/example_dags/example_python_operator.py for tasks to queue
[2025-10-07T22:19:47.010+0000] {logging_mixin.py:188} INFO - [2025-10-07T22:19:47.009+0000] {dagbag.py:545} INFO - Filling up the DagBag from /home/airflow/.local/lib/python3.12/site-packages/airflow/example_dags/example_python_operator.py
[2025-10-07T22:19:47.016+0000] {processor.py:840} INFO - DAG(s) 'example_python_operator' retrieved from /home/airflow/.local/lib/python3.12/site-packages/airflow/example_dags/example_python_operator.py
[2025-10-07T22:19:47.073+0000] {logging_mixin.py:188} INFO - [2025-10-07T22:19:47.073+0000] {dag.py:3096} INFO - Sync 1 DAGs
[2025-10-07T22:19:47.082+0000] {logging_mixin.py:188} INFO - [2025-10-07T22:19:47.082+0000] {dag.py:3954} INFO - Setting next_dagrun for example_python_operator to None, run_after=None
[2025-10-07T22:19:47.095+0000] {processor.py:183} INFO - Processing /home/airflow/.local/lib/python3.12/site-packages/airflow/example_dags/example_python_operator.py took 0.090 seconds
[2025-10-07T22:20:17.957+0000] {processor.py:161} INFO - Started process (PID=169) to work on /home/airflow/.local/lib/python3.12/site-packages/airflow/example_dags/example_python_operator.py
[2025-10-07T22:20:17.958+0000] {processor.py:830} INFO - Processing file /home/airflow/.local/lib/python3.12/site-packages/airflow/example_dags/example_python_operator.py for tasks to queue
[2025-10-07T22:20:17.959+0000] {logging_mixin.py:188} INFO - [2025-10-07T22:20:17.959+0000] {dagbag.py:545} INFO - Filling up the DagBag from /home/airflow/.local/lib/python3.12/site-packages/airflow/example_dags/example_python_operator.py
[2025-10-07T22:20:17.965+0000] {processor.py:840} INFO - DAG(s) 'example_python_operator' retrieved from /home/airflow/.local/lib/python3.12/site-packages/airflow/example_dags/example_python_operator.py
[2025-10-07T22:20:17.976+0000] {logging_mixin.py:188} INFO - [2025-10-07T22:20:17.976+0000] {dag.py:3096} INFO - Sync 1 DAGs
[2025-10-07T22:20:17.982+0000] {logging_mixin.py:188} INFO - [2025-10-07T22:20:17.982+0000] {dag.py:3954} INFO - Setting next_dagrun for example_python_operator to None, run_after=None
[2025-10-07T22:20:17.992+0000] {processor.py:183} INFO - Processing /home/airflow/.local/lib/python3.12/site-packages/airflow/example_dags/example_python_operator.py took 0.039 seconds
[2025-10-07T22:20:48.357+0000] {processor.py:161} INFO - Started process (PID=228) to work on /home/airflow/.local/lib/python3.12/site-packages/airflow/example_dags/example_python_operator.py
[2025-10-07T22:20:48.358+0000] {processor.py:830} INFO - Processing file /home/airflow/.local/lib/python3.12/site-packages/airflow/example_dags/example_python_operator.py for tasks to queue
[2025-10-07T22:20:48.359+0000] {logging_mixin.py:188} INFO - [2025-10-07T22:20:48.359+0000] {dagbag.py:545} INFO - Filling up the DagBag from /home/airflow/.local/lib/python3.12/site-packages/airflow/example_dags/example_python_operator.py
[2025-10-07T22:20:48.366+0000] {processor.py:840} INFO - DAG(s) 'example_python_operator' retrieved from /home/airflow/.local/lib/python3.12/site-packages/airflow/example_dags/example_python_operator.py
[2025-10-07T22:20:48.381+0000] {logging_mixin.py:188} INFO - [2025-10-07T22:20:48.381+0000] {dag.py:3096} INFO - Sync 1 DAGs
[2025-10-07T22:20:48.388+0000] {logging_mixin.py:188} INFO - [2025-10-07T22:20:48.387+0000] {dag.py:3954} INFO - Setting next_dagrun for example_python_operator to None, run_after=None
[2025-10-07T22:20:48.399+0000] {processor.py:183} INFO - Processing /home/airflow/.local/lib/python3.12/site-packages/airflow/example_dags/example_python_operator.py took 0.045 seconds
[2025-10-07T22:21:18.434+0000] {processor.py:161} INFO - Started process (PID=287) to work on /home/airflow/.local/lib/python3.12/site-packages/airflow/example_dags/example_python_operator.py
[2025-10-07T22:21:18.438+0000] {processor.py:830} INFO - Processing file /home/airflow/.local/lib/python3.12/site-packages/airflow/example_dags/example_python_operator.py for tasks to queue
[2025-10-07T22:21:18.439+0000] {logging_mixin.py:188} INFO - [2025-10-07T22:21:18.439+0000] {dagbag.py:545} INFO - Filling up the DagBag from /home/airflow/.local/lib/python3.12/site-packages/airflow/example_dags/example_python_operator.py
[2025-10-07T22:21:18.444+0000] {processor.py:840} INFO - DAG(s) 'example_python_operator' retrieved from /home/airflow/.local/lib/python3.12/site-packages/airflow/example_dags/example_python_operator.py
[2025-10-07T22:21:18.464+0000] {logging_mixin.py:188} INFO - [2025-10-07T22:21:18.464+0000] {dag.py:3096} INFO - Sync 1 DAGs
[2025-10-07T22:21:18.471+0000] {logging_mixin.py:188} INFO - [2025-10-07T22:21:18.470+0000] {dag.py:3954} INFO - Setting next_dagrun for example_python_operator to None, run_after=None
[2025-10-07T22:21:18.480+0000] {processor.py:183} INFO - Processing /home/airflow/.local/lib/python3.12/site-packages/airflow/example_dags/example_python_operator.py took 0.049 seconds
[2025-10-07T22:21:48.904+0000] {processor.py:161} INFO - Started process (PID=352) to work on /home/airflow/.local/lib/python3.12/site-packages/airflow/example_dags/example_python_operator.py
[2025-10-07T22:21:48.905+0000] {processor.py:830} INFO - Processing file /home/airflow/.local/lib/python3.12/site-packages/airflow/example_dags/example_python_operator.py for tasks to queue
[2025-10-07T22:21:48.908+0000] {logging_mixin.py:188} INFO - [2025-10-07T22:21:48.907+0000] {dagbag.py:545} INFO - Filling up the DagBag from /home/airflow/.local/lib/python3.12/site-packages/airflow/example_dags/example_python_operator.py
[2025-10-07T22:21:48.915+0000] {processor.py:840} INFO - DAG(s) 'example_python_operator' retrieved from /home/airflow/.local/lib/python3.12/site-packages/airflow/example_dags/example_python_operator.py
[2025-10-07T22:21:48.935+0000] {logging_mixin.py:188} INFO - [2025-10-07T22:21:48.935+0000] {dag.py:3096} INFO - Sync 1 DAGs
[2025-10-07T22:21:48.942+0000] {logging_mixin.py:188} INFO - [2025-10-07T22:21:48.942+0000] {dag.py:3954} INFO - Setting next_dagrun for example_python_operator to None, run_after=None
[2025-10-07T22:21:48.953+0000] {processor.py:183} INFO - Processing /home/airflow/.local/lib/python3.12/site-packages/airflow/example_dags/example_python_operator.py took 0.055 seconds
