[2025-10-07T21:54:24.374+0000] {processor.py:161} INFO - Started process (PID=56) to work on /home/airflow/.local/lib/python3.12/site-packages/airflow/example_dags/example_branch_operator.py
[2025-10-07T21:54:24.376+0000] {processor.py:830} INFO - Processing file /home/airflow/.local/lib/python3.12/site-packages/airflow/example_dags/example_branch_operator.py for tasks to queue
[2025-10-07T21:54:24.381+0000] {logging_mixin.py:188} INFO - [2025-10-07T21:54:24.381+0000] {dagbag.py:545} INFO - Filling up the DagBag from /home/airflow/.local/lib/python3.12/site-packages/airflow/example_dags/example_branch_operator.py
[2025-10-07T21:54:24.415+0000] {processor.py:840} INFO - DAG(s) 'example_branch_operator' retrieved from /home/airflow/.local/lib/python3.12/site-packages/airflow/example_dags/example_branch_operator.py
[2025-10-07T21:54:24.437+0000] {logging_mixin.py:188} INFO - [2025-10-07T21:54:24.437+0000] {dag.py:3096} INFO - Sync 1 DAGs
[2025-10-07T21:54:24.460+0000] {logging_mixin.py:188} INFO - [2025-10-07T21:54:24.460+0000] {dag.py:3954} INFO - Setting next_dagrun for example_branch_operator to 2025-10-06 00:00:00+00:00, run_after=2025-10-07 00:00:00+00:00
[2025-10-07T21:54:24.477+0000] {processor.py:183} INFO - Processing /home/airflow/.local/lib/python3.12/site-packages/airflow/example_dags/example_branch_operator.py took 0.107 seconds
[2025-10-07T21:54:55.557+0000] {processor.py:161} INFO - Started process (PID=115) to work on /home/airflow/.local/lib/python3.12/site-packages/airflow/example_dags/example_branch_operator.py
[2025-10-07T21:54:55.557+0000] {processor.py:830} INFO - Processing file /home/airflow/.local/lib/python3.12/site-packages/airflow/example_dags/example_branch_operator.py for tasks to queue
[2025-10-07T21:54:55.558+0000] {logging_mixin.py:188} INFO - [2025-10-07T21:54:55.558+0000] {dagbag.py:545} INFO - Filling up the DagBag from /home/airflow/.local/lib/python3.12/site-packages/airflow/example_dags/example_branch_operator.py
[2025-10-07T21:54:55.567+0000] {processor.py:840} INFO - DAG(s) 'example_branch_operator' retrieved from /home/airflow/.local/lib/python3.12/site-packages/airflow/example_dags/example_branch_operator.py
[2025-10-07T21:54:55.618+0000] {logging_mixin.py:188} INFO - [2025-10-07T21:54:55.618+0000] {dag.py:3096} INFO - Sync 1 DAGs
[2025-10-07T21:54:55.627+0000] {logging_mixin.py:188} INFO - [2025-10-07T21:54:55.627+0000] {dag.py:3954} INFO - Setting next_dagrun for example_branch_operator to 2025-10-06 00:00:00+00:00, run_after=2025-10-07 00:00:00+00:00
[2025-10-07T21:54:55.637+0000] {processor.py:183} INFO - Processing /home/airflow/.local/lib/python3.12/site-packages/airflow/example_dags/example_branch_operator.py took 0.084 seconds
[2025-10-07T21:55:26.277+0000] {processor.py:161} INFO - Started process (PID=174) to work on /home/airflow/.local/lib/python3.12/site-packages/airflow/example_dags/example_branch_operator.py
[2025-10-07T21:55:26.279+0000] {processor.py:830} INFO - Processing file /home/airflow/.local/lib/python3.12/site-packages/airflow/example_dags/example_branch_operator.py for tasks to queue
[2025-10-07T21:55:26.281+0000] {logging_mixin.py:188} INFO - [2025-10-07T21:55:26.281+0000] {dagbag.py:545} INFO - Filling up the DagBag from /home/airflow/.local/lib/python3.12/site-packages/airflow/example_dags/example_branch_operator.py
[2025-10-07T21:55:26.290+0000] {processor.py:840} INFO - DAG(s) 'example_branch_operator' retrieved from /home/airflow/.local/lib/python3.12/site-packages/airflow/example_dags/example_branch_operator.py
[2025-10-07T21:55:26.304+0000] {logging_mixin.py:188} INFO - [2025-10-07T21:55:26.304+0000] {dag.py:3096} INFO - Sync 1 DAGs
[2025-10-07T21:55:26.314+0000] {logging_mixin.py:188} INFO - [2025-10-07T21:55:26.314+0000] {dag.py:3954} INFO - Setting next_dagrun for example_branch_operator to 2025-10-06 00:00:00+00:00, run_after=2025-10-07 00:00:00+00:00
[2025-10-07T21:55:26.323+0000] {processor.py:183} INFO - Processing /home/airflow/.local/lib/python3.12/site-packages/airflow/example_dags/example_branch_operator.py took 0.049 seconds
[2025-10-07T21:55:56.472+0000] {processor.py:161} INFO - Started process (PID=233) to work on /home/airflow/.local/lib/python3.12/site-packages/airflow/example_dags/example_branch_operator.py
[2025-10-07T21:55:56.473+0000] {processor.py:830} INFO - Processing file /home/airflow/.local/lib/python3.12/site-packages/airflow/example_dags/example_branch_operator.py for tasks to queue
[2025-10-07T21:55:56.474+0000] {logging_mixin.py:188} INFO - [2025-10-07T21:55:56.474+0000] {dagbag.py:545} INFO - Filling up the DagBag from /home/airflow/.local/lib/python3.12/site-packages/airflow/example_dags/example_branch_operator.py
[2025-10-07T21:55:56.482+0000] {processor.py:840} INFO - DAG(s) 'example_branch_operator' retrieved from /home/airflow/.local/lib/python3.12/site-packages/airflow/example_dags/example_branch_operator.py
[2025-10-07T21:55:56.498+0000] {logging_mixin.py:188} INFO - [2025-10-07T21:55:56.498+0000] {dag.py:3096} INFO - Sync 1 DAGs
[2025-10-07T21:55:56.510+0000] {logging_mixin.py:188} INFO - [2025-10-07T21:55:56.510+0000] {dag.py:3954} INFO - Setting next_dagrun for example_branch_operator to 2025-10-06 00:00:00+00:00, run_after=2025-10-07 00:00:00+00:00
[2025-10-07T21:55:56.522+0000] {processor.py:183} INFO - Processing /home/airflow/.local/lib/python3.12/site-packages/airflow/example_dags/example_branch_operator.py took 0.053 seconds
[2025-10-07T21:56:26.633+0000] {processor.py:161} INFO - Started process (PID=292) to work on /home/airflow/.local/lib/python3.12/site-packages/airflow/example_dags/example_branch_operator.py
[2025-10-07T21:56:26.633+0000] {processor.py:830} INFO - Processing file /home/airflow/.local/lib/python3.12/site-packages/airflow/example_dags/example_branch_operator.py for tasks to queue
[2025-10-07T21:56:26.635+0000] {logging_mixin.py:188} INFO - [2025-10-07T21:56:26.634+0000] {dagbag.py:545} INFO - Filling up the DagBag from /home/airflow/.local/lib/python3.12/site-packages/airflow/example_dags/example_branch_operator.py
[2025-10-07T21:56:26.643+0000] {processor.py:840} INFO - DAG(s) 'example_branch_operator' retrieved from /home/airflow/.local/lib/python3.12/site-packages/airflow/example_dags/example_branch_operator.py
[2025-10-07T21:56:26.657+0000] {logging_mixin.py:188} INFO - [2025-10-07T21:56:26.656+0000] {dag.py:3096} INFO - Sync 1 DAGs
[2025-10-07T21:56:26.666+0000] {logging_mixin.py:188} INFO - [2025-10-07T21:56:26.666+0000] {dag.py:3954} INFO - Setting next_dagrun for example_branch_operator to 2025-10-06 00:00:00+00:00, run_after=2025-10-07 00:00:00+00:00
[2025-10-07T21:56:26.676+0000] {processor.py:183} INFO - Processing /home/airflow/.local/lib/python3.12/site-packages/airflow/example_dags/example_branch_operator.py took 0.047 seconds
[2025-10-07T21:56:57.496+0000] {processor.py:161} INFO - Started process (PID=351) to work on /home/airflow/.local/lib/python3.12/site-packages/airflow/example_dags/example_branch_operator.py
[2025-10-07T21:56:57.496+0000] {processor.py:830} INFO - Processing file /home/airflow/.local/lib/python3.12/site-packages/airflow/example_dags/example_branch_operator.py for tasks to queue
[2025-10-07T21:56:57.497+0000] {logging_mixin.py:188} INFO - [2025-10-07T21:56:57.497+0000] {dagbag.py:545} INFO - Filling up the DagBag from /home/airflow/.local/lib/python3.12/site-packages/airflow/example_dags/example_branch_operator.py
[2025-10-07T21:56:57.505+0000] {processor.py:840} INFO - DAG(s) 'example_branch_operator' retrieved from /home/airflow/.local/lib/python3.12/site-packages/airflow/example_dags/example_branch_operator.py
[2025-10-07T21:56:57.518+0000] {logging_mixin.py:188} INFO - [2025-10-07T21:56:57.518+0000] {dag.py:3096} INFO - Sync 1 DAGs
[2025-10-07T21:56:57.528+0000] {logging_mixin.py:188} INFO - [2025-10-07T21:56:57.528+0000] {dag.py:3954} INFO - Setting next_dagrun for example_branch_operator to 2025-10-06 00:00:00+00:00, run_after=2025-10-07 00:00:00+00:00
[2025-10-07T21:56:57.536+0000] {processor.py:183} INFO - Processing /home/airflow/.local/lib/python3.12/site-packages/airflow/example_dags/example_branch_operator.py took 0.043 seconds
[2025-10-07T21:57:27.806+0000] {processor.py:161} INFO - Started process (PID=410) to work on /home/airflow/.local/lib/python3.12/site-packages/airflow/example_dags/example_branch_operator.py
[2025-10-07T21:57:27.809+0000] {processor.py:830} INFO - Processing file /home/airflow/.local/lib/python3.12/site-packages/airflow/example_dags/example_branch_operator.py for tasks to queue
[2025-10-07T21:57:27.810+0000] {logging_mixin.py:188} INFO - [2025-10-07T21:57:27.810+0000] {dagbag.py:545} INFO - Filling up the DagBag from /home/airflow/.local/lib/python3.12/site-packages/airflow/example_dags/example_branch_operator.py
[2025-10-07T21:57:27.820+0000] {processor.py:840} INFO - DAG(s) 'example_branch_operator' retrieved from /home/airflow/.local/lib/python3.12/site-packages/airflow/example_dags/example_branch_operator.py
[2025-10-07T21:57:27.842+0000] {logging_mixin.py:188} INFO - [2025-10-07T21:57:27.841+0000] {dag.py:3096} INFO - Sync 1 DAGs
[2025-10-07T21:57:27.856+0000] {logging_mixin.py:188} INFO - [2025-10-07T21:57:27.856+0000] {dag.py:3954} INFO - Setting next_dagrun for example_branch_operator to 2025-10-06 00:00:00+00:00, run_after=2025-10-07 00:00:00+00:00
[2025-10-07T21:57:27.868+0000] {processor.py:183} INFO - Processing /home/airflow/.local/lib/python3.12/site-packages/airflow/example_dags/example_branch_operator.py took 0.066 seconds
[2025-10-07T21:58:26.454+0000] {processor.py:161} INFO - Started process (PID=469) to work on /home/airflow/.local/lib/python3.12/site-packages/airflow/example_dags/example_branch_operator.py
[2025-10-07T21:58:26.456+0000] {processor.py:830} INFO - Processing file /home/airflow/.local/lib/python3.12/site-packages/airflow/example_dags/example_branch_operator.py for tasks to queue
[2025-10-07T21:58:26.457+0000] {logging_mixin.py:188} INFO - [2025-10-07T21:58:26.457+0000] {dagbag.py:545} INFO - Filling up the DagBag from /home/airflow/.local/lib/python3.12/site-packages/airflow/example_dags/example_branch_operator.py
[2025-10-07T21:58:26.466+0000] {processor.py:840} INFO - DAG(s) 'example_branch_operator' retrieved from /home/airflow/.local/lib/python3.12/site-packages/airflow/example_dags/example_branch_operator.py
[2025-10-07T21:58:26.482+0000] {logging_mixin.py:188} INFO - [2025-10-07T21:58:26.482+0000] {dag.py:3096} INFO - Sync 1 DAGs
[2025-10-07T21:58:26.495+0000] {logging_mixin.py:188} INFO - [2025-10-07T21:58:26.495+0000] {dag.py:3954} INFO - Setting next_dagrun for example_branch_operator to 2025-10-06 00:00:00+00:00, run_after=2025-10-07 00:00:00+00:00
[2025-10-07T21:58:26.508+0000] {processor.py:183} INFO - Processing /home/airflow/.local/lib/python3.12/site-packages/airflow/example_dags/example_branch_operator.py took 0.057 seconds
[2025-10-07T21:59:31.969+0000] {processor.py:161} INFO - Started process (PID=528) to work on /home/airflow/.local/lib/python3.12/site-packages/airflow/example_dags/example_branch_operator.py
[2025-10-07T21:59:31.973+0000] {processor.py:830} INFO - Processing file /home/airflow/.local/lib/python3.12/site-packages/airflow/example_dags/example_branch_operator.py for tasks to queue
[2025-10-07T21:59:31.977+0000] {logging_mixin.py:188} INFO - [2025-10-07T21:59:31.976+0000] {dagbag.py:545} INFO - Filling up the DagBag from /home/airflow/.local/lib/python3.12/site-packages/airflow/example_dags/example_branch_operator.py
[2025-10-07T21:59:32.006+0000] {processor.py:840} INFO - DAG(s) 'example_branch_operator' retrieved from /home/airflow/.local/lib/python3.12/site-packages/airflow/example_dags/example_branch_operator.py
[2025-10-07T21:59:32.051+0000] {logging_mixin.py:188} INFO - [2025-10-07T21:59:32.051+0000] {dag.py:3096} INFO - Sync 1 DAGs
[2025-10-07T21:59:32.097+0000] {logging_mixin.py:188} INFO - [2025-10-07T21:59:32.096+0000] {dag.py:3954} INFO - Setting next_dagrun for example_branch_operator to 2025-10-06 00:00:00+00:00, run_after=2025-10-07 00:00:00+00:00
[2025-10-07T21:59:32.141+0000] {processor.py:183} INFO - Processing /home/airflow/.local/lib/python3.12/site-packages/airflow/example_dags/example_branch_operator.py took 0.183 seconds
[2025-10-07T22:01:51.927+0000] {processor.py:161} INFO - Started process (PID=587) to work on /home/airflow/.local/lib/python3.12/site-packages/airflow/example_dags/example_branch_operator.py
[2025-10-07T22:01:51.928+0000] {processor.py:830} INFO - Processing file /home/airflow/.local/lib/python3.12/site-packages/airflow/example_dags/example_branch_operator.py for tasks to queue
[2025-10-07T22:01:51.929+0000] {logging_mixin.py:188} INFO - [2025-10-07T22:01:51.929+0000] {dagbag.py:545} INFO - Filling up the DagBag from /home/airflow/.local/lib/python3.12/site-packages/airflow/example_dags/example_branch_operator.py
[2025-10-07T22:01:51.938+0000] {processor.py:840} INFO - DAG(s) 'example_branch_operator' retrieved from /home/airflow/.local/lib/python3.12/site-packages/airflow/example_dags/example_branch_operator.py
[2025-10-07T22:01:51.951+0000] {logging_mixin.py:188} INFO - [2025-10-07T22:01:51.951+0000] {dag.py:3096} INFO - Sync 1 DAGs
[2025-10-07T22:01:51.961+0000] {logging_mixin.py:188} INFO - [2025-10-07T22:01:51.961+0000] {dag.py:3954} INFO - Setting next_dagrun for example_branch_operator to 2025-10-06 00:00:00+00:00, run_after=2025-10-07 00:00:00+00:00
[2025-10-07T22:01:51.970+0000] {processor.py:183} INFO - Processing /home/airflow/.local/lib/python3.12/site-packages/airflow/example_dags/example_branch_operator.py took 0.045 seconds
[2025-10-07T22:04:55.225+0000] {processor.py:161} INFO - Started process (PID=646) to work on /home/airflow/.local/lib/python3.12/site-packages/airflow/example_dags/example_branch_operator.py
[2025-10-07T22:04:55.227+0000] {processor.py:830} INFO - Processing file /home/airflow/.local/lib/python3.12/site-packages/airflow/example_dags/example_branch_operator.py for tasks to queue
[2025-10-07T22:04:55.228+0000] {logging_mixin.py:188} INFO - [2025-10-07T22:04:55.228+0000] {dagbag.py:545} INFO - Filling up the DagBag from /home/airflow/.local/lib/python3.12/site-packages/airflow/example_dags/example_branch_operator.py
[2025-10-07T22:04:55.238+0000] {processor.py:840} INFO - DAG(s) 'example_branch_operator' retrieved from /home/airflow/.local/lib/python3.12/site-packages/airflow/example_dags/example_branch_operator.py
[2025-10-07T22:04:55.259+0000] {logging_mixin.py:188} INFO - [2025-10-07T22:04:55.258+0000] {dag.py:3096} INFO - Sync 1 DAGs
[2025-10-07T22:04:55.274+0000] {logging_mixin.py:188} INFO - [2025-10-07T22:04:55.274+0000] {dag.py:3954} INFO - Setting next_dagrun for example_branch_operator to 2025-10-06 00:00:00+00:00, run_after=2025-10-07 00:00:00+00:00
[2025-10-07T22:04:55.288+0000] {processor.py:183} INFO - Processing /home/airflow/.local/lib/python3.12/site-packages/airflow/example_dags/example_branch_operator.py took 0.068 seconds
[2025-10-07T22:05:25.488+0000] {processor.py:161} INFO - Started process (PID=705) to work on /home/airflow/.local/lib/python3.12/site-packages/airflow/example_dags/example_branch_operator.py
[2025-10-07T22:05:25.488+0000] {processor.py:830} INFO - Processing file /home/airflow/.local/lib/python3.12/site-packages/airflow/example_dags/example_branch_operator.py for tasks to queue
[2025-10-07T22:05:25.490+0000] {logging_mixin.py:188} INFO - [2025-10-07T22:05:25.490+0000] {dagbag.py:545} INFO - Filling up the DagBag from /home/airflow/.local/lib/python3.12/site-packages/airflow/example_dags/example_branch_operator.py
[2025-10-07T22:05:25.502+0000] {processor.py:840} INFO - DAG(s) 'example_branch_operator' retrieved from /home/airflow/.local/lib/python3.12/site-packages/airflow/example_dags/example_branch_operator.py
[2025-10-07T22:05:25.518+0000] {logging_mixin.py:188} INFO - [2025-10-07T22:05:25.518+0000] {dag.py:3096} INFO - Sync 1 DAGs
[2025-10-07T22:05:25.529+0000] {logging_mixin.py:188} INFO - [2025-10-07T22:05:25.528+0000] {dag.py:3954} INFO - Setting next_dagrun for example_branch_operator to 2025-10-06 00:00:00+00:00, run_after=2025-10-07 00:00:00+00:00
[2025-10-07T22:05:25.543+0000] {processor.py:183} INFO - Processing /home/airflow/.local/lib/python3.12/site-packages/airflow/example_dags/example_branch_operator.py took 0.057 seconds
[2025-10-07T22:05:55.672+0000] {processor.py:161} INFO - Started process (PID=764) to work on /home/airflow/.local/lib/python3.12/site-packages/airflow/example_dags/example_branch_operator.py
[2025-10-07T22:05:55.672+0000] {processor.py:830} INFO - Processing file /home/airflow/.local/lib/python3.12/site-packages/airflow/example_dags/example_branch_operator.py for tasks to queue
[2025-10-07T22:05:55.673+0000] {logging_mixin.py:188} INFO - [2025-10-07T22:05:55.673+0000] {dagbag.py:545} INFO - Filling up the DagBag from /home/airflow/.local/lib/python3.12/site-packages/airflow/example_dags/example_branch_operator.py
[2025-10-07T22:05:55.683+0000] {processor.py:840} INFO - DAG(s) 'example_branch_operator' retrieved from /home/airflow/.local/lib/python3.12/site-packages/airflow/example_dags/example_branch_operator.py
[2025-10-07T22:05:55.699+0000] {logging_mixin.py:188} INFO - [2025-10-07T22:05:55.699+0000] {dag.py:3096} INFO - Sync 1 DAGs
[2025-10-07T22:05:55.713+0000] {logging_mixin.py:188} INFO - [2025-10-07T22:05:55.713+0000] {dag.py:3954} INFO - Setting next_dagrun for example_branch_operator to 2025-10-06 00:00:00+00:00, run_after=2025-10-07 00:00:00+00:00
[2025-10-07T22:05:55.731+0000] {processor.py:183} INFO - Processing /home/airflow/.local/lib/python3.12/site-packages/airflow/example_dags/example_branch_operator.py took 0.063 seconds
[2025-10-07T22:06:25.763+0000] {processor.py:161} INFO - Started process (PID=823) to work on /home/airflow/.local/lib/python3.12/site-packages/airflow/example_dags/example_branch_operator.py
[2025-10-07T22:06:25.763+0000] {processor.py:830} INFO - Processing file /home/airflow/.local/lib/python3.12/site-packages/airflow/example_dags/example_branch_operator.py for tasks to queue
[2025-10-07T22:06:25.764+0000] {logging_mixin.py:188} INFO - [2025-10-07T22:06:25.764+0000] {dagbag.py:545} INFO - Filling up the DagBag from /home/airflow/.local/lib/python3.12/site-packages/airflow/example_dags/example_branch_operator.py
[2025-10-07T22:06:25.773+0000] {processor.py:840} INFO - DAG(s) 'example_branch_operator' retrieved from /home/airflow/.local/lib/python3.12/site-packages/airflow/example_dags/example_branch_operator.py
[2025-10-07T22:06:25.792+0000] {logging_mixin.py:188} INFO - [2025-10-07T22:06:25.791+0000] {dag.py:3096} INFO - Sync 1 DAGs
[2025-10-07T22:06:25.802+0000] {logging_mixin.py:188} INFO - [2025-10-07T22:06:25.802+0000] {dag.py:3954} INFO - Setting next_dagrun for example_branch_operator to 2025-10-06 00:00:00+00:00, run_after=2025-10-07 00:00:00+00:00
[2025-10-07T22:06:25.811+0000] {processor.py:183} INFO - Processing /home/airflow/.local/lib/python3.12/site-packages/airflow/example_dags/example_branch_operator.py took 0.052 seconds
[2025-10-07T22:06:55.855+0000] {processor.py:161} INFO - Started process (PID=882) to work on /home/airflow/.local/lib/python3.12/site-packages/airflow/example_dags/example_branch_operator.py
[2025-10-07T22:06:55.858+0000] {processor.py:830} INFO - Processing file /home/airflow/.local/lib/python3.12/site-packages/airflow/example_dags/example_branch_operator.py for tasks to queue
[2025-10-07T22:06:55.861+0000] {logging_mixin.py:188} INFO - [2025-10-07T22:06:55.861+0000] {dagbag.py:545} INFO - Filling up the DagBag from /home/airflow/.local/lib/python3.12/site-packages/airflow/example_dags/example_branch_operator.py
[2025-10-07T22:06:55.870+0000] {processor.py:840} INFO - DAG(s) 'example_branch_operator' retrieved from /home/airflow/.local/lib/python3.12/site-packages/airflow/example_dags/example_branch_operator.py
[2025-10-07T22:06:55.887+0000] {logging_mixin.py:188} INFO - [2025-10-07T22:06:55.886+0000] {dag.py:3096} INFO - Sync 1 DAGs
[2025-10-07T22:06:55.897+0000] {logging_mixin.py:188} INFO - [2025-10-07T22:06:55.897+0000] {dag.py:3954} INFO - Setting next_dagrun for example_branch_operator to 2025-10-06 00:00:00+00:00, run_after=2025-10-07 00:00:00+00:00
[2025-10-07T22:06:55.907+0000] {processor.py:183} INFO - Processing /home/airflow/.local/lib/python3.12/site-packages/airflow/example_dags/example_branch_operator.py took 0.055 seconds
[2025-10-07T22:07:26.018+0000] {processor.py:161} INFO - Started process (PID=941) to work on /home/airflow/.local/lib/python3.12/site-packages/airflow/example_dags/example_branch_operator.py
[2025-10-07T22:07:26.021+0000] {processor.py:830} INFO - Processing file /home/airflow/.local/lib/python3.12/site-packages/airflow/example_dags/example_branch_operator.py for tasks to queue
[2025-10-07T22:07:26.024+0000] {logging_mixin.py:188} INFO - [2025-10-07T22:07:26.023+0000] {dagbag.py:545} INFO - Filling up the DagBag from /home/airflow/.local/lib/python3.12/site-packages/airflow/example_dags/example_branch_operator.py
[2025-10-07T22:07:26.032+0000] {processor.py:840} INFO - DAG(s) 'example_branch_operator' retrieved from /home/airflow/.local/lib/python3.12/site-packages/airflow/example_dags/example_branch_operator.py
[2025-10-07T22:07:26.050+0000] {logging_mixin.py:188} INFO - [2025-10-07T22:07:26.050+0000] {dag.py:3096} INFO - Sync 1 DAGs
[2025-10-07T22:07:26.061+0000] {logging_mixin.py:188} INFO - [2025-10-07T22:07:26.061+0000] {dag.py:3954} INFO - Setting next_dagrun for example_branch_operator to 2025-10-06 00:00:00+00:00, run_after=2025-10-07 00:00:00+00:00
[2025-10-07T22:07:26.069+0000] {processor.py:183} INFO - Processing /home/airflow/.local/lib/python3.12/site-packages/airflow/example_dags/example_branch_operator.py took 0.055 seconds
[2025-10-07T22:07:56.150+0000] {processor.py:161} INFO - Started process (PID=1000) to work on /home/airflow/.local/lib/python3.12/site-packages/airflow/example_dags/example_branch_operator.py
[2025-10-07T22:07:56.150+0000] {processor.py:830} INFO - Processing file /home/airflow/.local/lib/python3.12/site-packages/airflow/example_dags/example_branch_operator.py for tasks to queue
[2025-10-07T22:07:56.151+0000] {logging_mixin.py:188} INFO - [2025-10-07T22:07:56.151+0000] {dagbag.py:545} INFO - Filling up the DagBag from /home/airflow/.local/lib/python3.12/site-packages/airflow/example_dags/example_branch_operator.py
[2025-10-07T22:07:56.159+0000] {processor.py:840} INFO - DAG(s) 'example_branch_operator' retrieved from /home/airflow/.local/lib/python3.12/site-packages/airflow/example_dags/example_branch_operator.py
[2025-10-07T22:07:56.176+0000] {logging_mixin.py:188} INFO - [2025-10-07T22:07:56.175+0000] {dag.py:3096} INFO - Sync 1 DAGs
[2025-10-07T22:07:56.187+0000] {logging_mixin.py:188} INFO - [2025-10-07T22:07:56.187+0000] {dag.py:3954} INFO - Setting next_dagrun for example_branch_operator to 2025-10-06 00:00:00+00:00, run_after=2025-10-07 00:00:00+00:00
[2025-10-07T22:07:56.201+0000] {processor.py:183} INFO - Processing /home/airflow/.local/lib/python3.12/site-packages/airflow/example_dags/example_branch_operator.py took 0.055 seconds
[2025-10-07T22:08:26.299+0000] {processor.py:161} INFO - Started process (PID=1059) to work on /home/airflow/.local/lib/python3.12/site-packages/airflow/example_dags/example_branch_operator.py
[2025-10-07T22:08:26.300+0000] {processor.py:830} INFO - Processing file /home/airflow/.local/lib/python3.12/site-packages/airflow/example_dags/example_branch_operator.py for tasks to queue
[2025-10-07T22:08:26.302+0000] {logging_mixin.py:188} INFO - [2025-10-07T22:08:26.302+0000] {dagbag.py:545} INFO - Filling up the DagBag from /home/airflow/.local/lib/python3.12/site-packages/airflow/example_dags/example_branch_operator.py
[2025-10-07T22:08:26.310+0000] {processor.py:840} INFO - DAG(s) 'example_branch_operator' retrieved from /home/airflow/.local/lib/python3.12/site-packages/airflow/example_dags/example_branch_operator.py
[2025-10-07T22:08:26.324+0000] {logging_mixin.py:188} INFO - [2025-10-07T22:08:26.324+0000] {dag.py:3096} INFO - Sync 1 DAGs
[2025-10-07T22:08:26.335+0000] {logging_mixin.py:188} INFO - [2025-10-07T22:08:26.335+0000] {dag.py:3954} INFO - Setting next_dagrun for example_branch_operator to 2025-10-06 00:00:00+00:00, run_after=2025-10-07 00:00:00+00:00
[2025-10-07T22:08:26.351+0000] {processor.py:183} INFO - Processing /home/airflow/.local/lib/python3.12/site-packages/airflow/example_dags/example_branch_operator.py took 0.055 seconds
[2025-10-07T22:08:56.416+0000] {processor.py:161} INFO - Started process (PID=1118) to work on /home/airflow/.local/lib/python3.12/site-packages/airflow/example_dags/example_branch_operator.py
[2025-10-07T22:08:56.419+0000] {processor.py:830} INFO - Processing file /home/airflow/.local/lib/python3.12/site-packages/airflow/example_dags/example_branch_operator.py for tasks to queue
[2025-10-07T22:08:56.421+0000] {logging_mixin.py:188} INFO - [2025-10-07T22:08:56.421+0000] {dagbag.py:545} INFO - Filling up the DagBag from /home/airflow/.local/lib/python3.12/site-packages/airflow/example_dags/example_branch_operator.py
[2025-10-07T22:08:56.431+0000] {processor.py:840} INFO - DAG(s) 'example_branch_operator' retrieved from /home/airflow/.local/lib/python3.12/site-packages/airflow/example_dags/example_branch_operator.py
[2025-10-07T22:08:56.447+0000] {logging_mixin.py:188} INFO - [2025-10-07T22:08:56.447+0000] {dag.py:3096} INFO - Sync 1 DAGs
[2025-10-07T22:08:56.459+0000] {logging_mixin.py:188} INFO - [2025-10-07T22:08:56.459+0000] {dag.py:3954} INFO - Setting next_dagrun for example_branch_operator to 2025-10-06 00:00:00+00:00, run_after=2025-10-07 00:00:00+00:00
[2025-10-07T22:08:56.468+0000] {processor.py:183} INFO - Processing /home/airflow/.local/lib/python3.12/site-packages/airflow/example_dags/example_branch_operator.py took 0.056 seconds
[2025-10-07T22:09:26.676+0000] {processor.py:161} INFO - Started process (PID=1177) to work on /home/airflow/.local/lib/python3.12/site-packages/airflow/example_dags/example_branch_operator.py
[2025-10-07T22:09:26.677+0000] {processor.py:830} INFO - Processing file /home/airflow/.local/lib/python3.12/site-packages/airflow/example_dags/example_branch_operator.py for tasks to queue
[2025-10-07T22:09:26.678+0000] {logging_mixin.py:188} INFO - [2025-10-07T22:09:26.678+0000] {dagbag.py:545} INFO - Filling up the DagBag from /home/airflow/.local/lib/python3.12/site-packages/airflow/example_dags/example_branch_operator.py
[2025-10-07T22:09:26.686+0000] {processor.py:840} INFO - DAG(s) 'example_branch_operator' retrieved from /home/airflow/.local/lib/python3.12/site-packages/airflow/example_dags/example_branch_operator.py
[2025-10-07T22:09:26.704+0000] {logging_mixin.py:188} INFO - [2025-10-07T22:09:26.704+0000] {dag.py:3096} INFO - Sync 1 DAGs
[2025-10-07T22:09:26.715+0000] {logging_mixin.py:188} INFO - [2025-10-07T22:09:26.715+0000] {dag.py:3954} INFO - Setting next_dagrun for example_branch_operator to 2025-10-06 00:00:00+00:00, run_after=2025-10-07 00:00:00+00:00
[2025-10-07T22:09:26.728+0000] {processor.py:183} INFO - Processing /home/airflow/.local/lib/python3.12/site-packages/airflow/example_dags/example_branch_operator.py took 0.055 seconds
[2025-10-07T22:09:56.887+0000] {processor.py:161} INFO - Started process (PID=1236) to work on /home/airflow/.local/lib/python3.12/site-packages/airflow/example_dags/example_branch_operator.py
[2025-10-07T22:09:56.888+0000] {processor.py:830} INFO - Processing file /home/airflow/.local/lib/python3.12/site-packages/airflow/example_dags/example_branch_operator.py for tasks to queue
[2025-10-07T22:09:56.889+0000] {logging_mixin.py:188} INFO - [2025-10-07T22:09:56.889+0000] {dagbag.py:545} INFO - Filling up the DagBag from /home/airflow/.local/lib/python3.12/site-packages/airflow/example_dags/example_branch_operator.py
[2025-10-07T22:09:56.897+0000] {processor.py:840} INFO - DAG(s) 'example_branch_operator' retrieved from /home/airflow/.local/lib/python3.12/site-packages/airflow/example_dags/example_branch_operator.py
[2025-10-07T22:09:56.912+0000] {logging_mixin.py:188} INFO - [2025-10-07T22:09:56.911+0000] {dag.py:3096} INFO - Sync 1 DAGs
[2025-10-07T22:09:56.922+0000] {logging_mixin.py:188} INFO - [2025-10-07T22:09:56.922+0000] {dag.py:3954} INFO - Setting next_dagrun for example_branch_operator to 2025-10-06 00:00:00+00:00, run_after=2025-10-07 00:00:00+00:00
[2025-10-07T22:09:56.938+0000] {processor.py:183} INFO - Processing /home/airflow/.local/lib/python3.12/site-packages/airflow/example_dags/example_branch_operator.py took 0.055 seconds
[2025-10-07T22:10:27.070+0000] {processor.py:161} INFO - Started process (PID=1295) to work on /home/airflow/.local/lib/python3.12/site-packages/airflow/example_dags/example_branch_operator.py
[2025-10-07T22:10:27.073+0000] {processor.py:830} INFO - Processing file /home/airflow/.local/lib/python3.12/site-packages/airflow/example_dags/example_branch_operator.py for tasks to queue
[2025-10-07T22:10:27.075+0000] {logging_mixin.py:188} INFO - [2025-10-07T22:10:27.074+0000] {dagbag.py:545} INFO - Filling up the DagBag from /home/airflow/.local/lib/python3.12/site-packages/airflow/example_dags/example_branch_operator.py
[2025-10-07T22:10:27.085+0000] {processor.py:840} INFO - DAG(s) 'example_branch_operator' retrieved from /home/airflow/.local/lib/python3.12/site-packages/airflow/example_dags/example_branch_operator.py
[2025-10-07T22:10:27.100+0000] {logging_mixin.py:188} INFO - [2025-10-07T22:10:27.099+0000] {dag.py:3096} INFO - Sync 1 DAGs
[2025-10-07T22:10:27.110+0000] {logging_mixin.py:188} INFO - [2025-10-07T22:10:27.110+0000] {dag.py:3954} INFO - Setting next_dagrun for example_branch_operator to 2025-10-06 00:00:00+00:00, run_after=2025-10-07 00:00:00+00:00
[2025-10-07T22:10:27.119+0000] {processor.py:183} INFO - Processing /home/airflow/.local/lib/python3.12/site-packages/airflow/example_dags/example_branch_operator.py took 0.052 seconds
[2025-10-07T22:10:57.193+0000] {processor.py:161} INFO - Started process (PID=1354) to work on /home/airflow/.local/lib/python3.12/site-packages/airflow/example_dags/example_branch_operator.py
[2025-10-07T22:10:57.195+0000] {processor.py:830} INFO - Processing file /home/airflow/.local/lib/python3.12/site-packages/airflow/example_dags/example_branch_operator.py for tasks to queue
[2025-10-07T22:10:57.197+0000] {logging_mixin.py:188} INFO - [2025-10-07T22:10:57.197+0000] {dagbag.py:545} INFO - Filling up the DagBag from /home/airflow/.local/lib/python3.12/site-packages/airflow/example_dags/example_branch_operator.py
[2025-10-07T22:10:57.206+0000] {processor.py:840} INFO - DAG(s) 'example_branch_operator' retrieved from /home/airflow/.local/lib/python3.12/site-packages/airflow/example_dags/example_branch_operator.py
[2025-10-07T22:10:57.223+0000] {logging_mixin.py:188} INFO - [2025-10-07T22:10:57.223+0000] {dag.py:3096} INFO - Sync 1 DAGs
[2025-10-07T22:10:57.234+0000] {logging_mixin.py:188} INFO - [2025-10-07T22:10:57.234+0000] {dag.py:3954} INFO - Setting next_dagrun for example_branch_operator to 2025-10-06 00:00:00+00:00, run_after=2025-10-07 00:00:00+00:00
[2025-10-07T22:10:57.242+0000] {processor.py:183} INFO - Processing /home/airflow/.local/lib/python3.12/site-packages/airflow/example_dags/example_branch_operator.py took 0.053 seconds
[2025-10-07T22:11:27.328+0000] {processor.py:161} INFO - Started process (PID=1413) to work on /home/airflow/.local/lib/python3.12/site-packages/airflow/example_dags/example_branch_operator.py
[2025-10-07T22:11:27.331+0000] {processor.py:830} INFO - Processing file /home/airflow/.local/lib/python3.12/site-packages/airflow/example_dags/example_branch_operator.py for tasks to queue
[2025-10-07T22:11:27.332+0000] {logging_mixin.py:188} INFO - [2025-10-07T22:11:27.332+0000] {dagbag.py:545} INFO - Filling up the DagBag from /home/airflow/.local/lib/python3.12/site-packages/airflow/example_dags/example_branch_operator.py
[2025-10-07T22:11:27.340+0000] {processor.py:840} INFO - DAG(s) 'example_branch_operator' retrieved from /home/airflow/.local/lib/python3.12/site-packages/airflow/example_dags/example_branch_operator.py
[2025-10-07T22:11:27.353+0000] {logging_mixin.py:188} INFO - [2025-10-07T22:11:27.353+0000] {dag.py:3096} INFO - Sync 1 DAGs
[2025-10-07T22:11:27.363+0000] {logging_mixin.py:188} INFO - [2025-10-07T22:11:27.363+0000] {dag.py:3954} INFO - Setting next_dagrun for example_branch_operator to 2025-10-06 00:00:00+00:00, run_after=2025-10-07 00:00:00+00:00
[2025-10-07T22:11:27.372+0000] {processor.py:183} INFO - Processing /home/airflow/.local/lib/python3.12/site-packages/airflow/example_dags/example_branch_operator.py took 0.047 seconds
[2025-10-07T22:11:57.421+0000] {processor.py:161} INFO - Started process (PID=1472) to work on /home/airflow/.local/lib/python3.12/site-packages/airflow/example_dags/example_branch_operator.py
[2025-10-07T22:11:57.421+0000] {processor.py:830} INFO - Processing file /home/airflow/.local/lib/python3.12/site-packages/airflow/example_dags/example_branch_operator.py for tasks to queue
[2025-10-07T22:11:57.422+0000] {logging_mixin.py:188} INFO - [2025-10-07T22:11:57.422+0000] {dagbag.py:545} INFO - Filling up the DagBag from /home/airflow/.local/lib/python3.12/site-packages/airflow/example_dags/example_branch_operator.py
[2025-10-07T22:11:57.431+0000] {processor.py:840} INFO - DAG(s) 'example_branch_operator' retrieved from /home/airflow/.local/lib/python3.12/site-packages/airflow/example_dags/example_branch_operator.py
[2025-10-07T22:11:57.447+0000] {logging_mixin.py:188} INFO - [2025-10-07T22:11:57.447+0000] {dag.py:3096} INFO - Sync 1 DAGs
[2025-10-07T22:11:57.457+0000] {logging_mixin.py:188} INFO - [2025-10-07T22:11:57.457+0000] {dag.py:3954} INFO - Setting next_dagrun for example_branch_operator to 2025-10-06 00:00:00+00:00, run_after=2025-10-07 00:00:00+00:00
[2025-10-07T22:11:57.467+0000] {processor.py:183} INFO - Processing /home/airflow/.local/lib/python3.12/site-packages/airflow/example_dags/example_branch_operator.py took 0.049 seconds
[2025-10-07T22:12:27.645+0000] {processor.py:161} INFO - Started process (PID=1531) to work on /home/airflow/.local/lib/python3.12/site-packages/airflow/example_dags/example_branch_operator.py
[2025-10-07T22:12:27.646+0000] {processor.py:830} INFO - Processing file /home/airflow/.local/lib/python3.12/site-packages/airflow/example_dags/example_branch_operator.py for tasks to queue
[2025-10-07T22:12:27.647+0000] {logging_mixin.py:188} INFO - [2025-10-07T22:12:27.647+0000] {dagbag.py:545} INFO - Filling up the DagBag from /home/airflow/.local/lib/python3.12/site-packages/airflow/example_dags/example_branch_operator.py
[2025-10-07T22:12:27.657+0000] {processor.py:840} INFO - DAG(s) 'example_branch_operator' retrieved from /home/airflow/.local/lib/python3.12/site-packages/airflow/example_dags/example_branch_operator.py
[2025-10-07T22:12:27.672+0000] {logging_mixin.py:188} INFO - [2025-10-07T22:12:27.672+0000] {dag.py:3096} INFO - Sync 1 DAGs
[2025-10-07T22:12:27.683+0000] {logging_mixin.py:188} INFO - [2025-10-07T22:12:27.683+0000] {dag.py:3954} INFO - Setting next_dagrun for example_branch_operator to 2025-10-06 00:00:00+00:00, run_after=2025-10-07 00:00:00+00:00
[2025-10-07T22:12:27.694+0000] {processor.py:183} INFO - Processing /home/airflow/.local/lib/python3.12/site-packages/airflow/example_dags/example_branch_operator.py took 0.053 seconds
[2025-10-07T22:12:57.788+0000] {processor.py:161} INFO - Started process (PID=1590) to work on /home/airflow/.local/lib/python3.12/site-packages/airflow/example_dags/example_branch_operator.py
[2025-10-07T22:12:57.791+0000] {processor.py:830} INFO - Processing file /home/airflow/.local/lib/python3.12/site-packages/airflow/example_dags/example_branch_operator.py for tasks to queue
[2025-10-07T22:12:57.792+0000] {logging_mixin.py:188} INFO - [2025-10-07T22:12:57.792+0000] {dagbag.py:545} INFO - Filling up the DagBag from /home/airflow/.local/lib/python3.12/site-packages/airflow/example_dags/example_branch_operator.py
[2025-10-07T22:12:57.802+0000] {processor.py:840} INFO - DAG(s) 'example_branch_operator' retrieved from /home/airflow/.local/lib/python3.12/site-packages/airflow/example_dags/example_branch_operator.py
[2025-10-07T22:12:57.820+0000] {logging_mixin.py:188} INFO - [2025-10-07T22:12:57.820+0000] {dag.py:3096} INFO - Sync 1 DAGs
[2025-10-07T22:12:57.831+0000] {logging_mixin.py:188} INFO - [2025-10-07T22:12:57.831+0000] {dag.py:3954} INFO - Setting next_dagrun for example_branch_operator to 2025-10-06 00:00:00+00:00, run_after=2025-10-07 00:00:00+00:00
[2025-10-07T22:12:57.843+0000] {processor.py:183} INFO - Processing /home/airflow/.local/lib/python3.12/site-packages/airflow/example_dags/example_branch_operator.py took 0.058 seconds
[2025-10-07T22:13:28.108+0000] {processor.py:161} INFO - Started process (PID=1649) to work on /home/airflow/.local/lib/python3.12/site-packages/airflow/example_dags/example_branch_operator.py
[2025-10-07T22:13:28.109+0000] {processor.py:830} INFO - Processing file /home/airflow/.local/lib/python3.12/site-packages/airflow/example_dags/example_branch_operator.py for tasks to queue
[2025-10-07T22:13:28.111+0000] {logging_mixin.py:188} INFO - [2025-10-07T22:13:28.111+0000] {dagbag.py:545} INFO - Filling up the DagBag from /home/airflow/.local/lib/python3.12/site-packages/airflow/example_dags/example_branch_operator.py
[2025-10-07T22:13:28.120+0000] {processor.py:840} INFO - DAG(s) 'example_branch_operator' retrieved from /home/airflow/.local/lib/python3.12/site-packages/airflow/example_dags/example_branch_operator.py
[2025-10-07T22:13:28.134+0000] {logging_mixin.py:188} INFO - [2025-10-07T22:13:28.134+0000] {dag.py:3096} INFO - Sync 1 DAGs
[2025-10-07T22:13:28.145+0000] {logging_mixin.py:188} INFO - [2025-10-07T22:13:28.145+0000] {dag.py:3954} INFO - Setting next_dagrun for example_branch_operator to 2025-10-06 00:00:00+00:00, run_after=2025-10-07 00:00:00+00:00
[2025-10-07T22:13:28.155+0000] {processor.py:183} INFO - Processing /home/airflow/.local/lib/python3.12/site-packages/airflow/example_dags/example_branch_operator.py took 0.051 seconds
[2025-10-07T22:13:58.261+0000] {processor.py:161} INFO - Started process (PID=1708) to work on /home/airflow/.local/lib/python3.12/site-packages/airflow/example_dags/example_branch_operator.py
[2025-10-07T22:13:58.262+0000] {processor.py:830} INFO - Processing file /home/airflow/.local/lib/python3.12/site-packages/airflow/example_dags/example_branch_operator.py for tasks to queue
[2025-10-07T22:13:58.263+0000] {logging_mixin.py:188} INFO - [2025-10-07T22:13:58.263+0000] {dagbag.py:545} INFO - Filling up the DagBag from /home/airflow/.local/lib/python3.12/site-packages/airflow/example_dags/example_branch_operator.py
[2025-10-07T22:13:58.273+0000] {processor.py:840} INFO - DAG(s) 'example_branch_operator' retrieved from /home/airflow/.local/lib/python3.12/site-packages/airflow/example_dags/example_branch_operator.py
[2025-10-07T22:13:58.289+0000] {logging_mixin.py:188} INFO - [2025-10-07T22:13:58.289+0000] {dag.py:3096} INFO - Sync 1 DAGs
[2025-10-07T22:13:58.300+0000] {logging_mixin.py:188} INFO - [2025-10-07T22:13:58.300+0000] {dag.py:3954} INFO - Setting next_dagrun for example_branch_operator to 2025-10-06 00:00:00+00:00, run_after=2025-10-07 00:00:00+00:00
[2025-10-07T22:13:58.310+0000] {processor.py:183} INFO - Processing /home/airflow/.local/lib/python3.12/site-packages/airflow/example_dags/example_branch_operator.py took 0.052 seconds
[2025-10-07T22:14:28.356+0000] {processor.py:161} INFO - Started process (PID=1767) to work on /home/airflow/.local/lib/python3.12/site-packages/airflow/example_dags/example_branch_operator.py
[2025-10-07T22:14:28.356+0000] {processor.py:830} INFO - Processing file /home/airflow/.local/lib/python3.12/site-packages/airflow/example_dags/example_branch_operator.py for tasks to queue
[2025-10-07T22:14:28.357+0000] {logging_mixin.py:188} INFO - [2025-10-07T22:14:28.357+0000] {dagbag.py:545} INFO - Filling up the DagBag from /home/airflow/.local/lib/python3.12/site-packages/airflow/example_dags/example_branch_operator.py
[2025-10-07T22:14:28.365+0000] {processor.py:840} INFO - DAG(s) 'example_branch_operator' retrieved from /home/airflow/.local/lib/python3.12/site-packages/airflow/example_dags/example_branch_operator.py
[2025-10-07T22:14:28.377+0000] {logging_mixin.py:188} INFO - [2025-10-07T22:14:28.377+0000] {dag.py:3096} INFO - Sync 1 DAGs
[2025-10-07T22:14:28.387+0000] {logging_mixin.py:188} INFO - [2025-10-07T22:14:28.387+0000] {dag.py:3954} INFO - Setting next_dagrun for example_branch_operator to 2025-10-06 00:00:00+00:00, run_after=2025-10-07 00:00:00+00:00
[2025-10-07T22:14:28.473+0000] {processor.py:183} INFO - Processing /home/airflow/.local/lib/python3.12/site-packages/airflow/example_dags/example_branch_operator.py took 0.119 seconds
[2025-10-07T22:14:58.562+0000] {processor.py:161} INFO - Started process (PID=1826) to work on /home/airflow/.local/lib/python3.12/site-packages/airflow/example_dags/example_branch_operator.py
[2025-10-07T22:14:58.563+0000] {processor.py:830} INFO - Processing file /home/airflow/.local/lib/python3.12/site-packages/airflow/example_dags/example_branch_operator.py for tasks to queue
[2025-10-07T22:14:58.564+0000] {logging_mixin.py:188} INFO - [2025-10-07T22:14:58.564+0000] {dagbag.py:545} INFO - Filling up the DagBag from /home/airflow/.local/lib/python3.12/site-packages/airflow/example_dags/example_branch_operator.py
[2025-10-07T22:14:58.573+0000] {processor.py:840} INFO - DAG(s) 'example_branch_operator' retrieved from /home/airflow/.local/lib/python3.12/site-packages/airflow/example_dags/example_branch_operator.py
[2025-10-07T22:14:58.587+0000] {logging_mixin.py:188} INFO - [2025-10-07T22:14:58.587+0000] {dag.py:3096} INFO - Sync 1 DAGs
[2025-10-07T22:14:58.600+0000] {logging_mixin.py:188} INFO - [2025-10-07T22:14:58.600+0000] {dag.py:3954} INFO - Setting next_dagrun for example_branch_operator to 2025-10-06 00:00:00+00:00, run_after=2025-10-07 00:00:00+00:00
[2025-10-07T22:14:58.719+0000] {processor.py:183} INFO - Processing /home/airflow/.local/lib/python3.12/site-packages/airflow/example_dags/example_branch_operator.py took 0.161 seconds
[2025-10-07T22:15:28.823+0000] {processor.py:161} INFO - Started process (PID=1885) to work on /home/airflow/.local/lib/python3.12/site-packages/airflow/example_dags/example_branch_operator.py
[2025-10-07T22:15:28.826+0000] {processor.py:830} INFO - Processing file /home/airflow/.local/lib/python3.12/site-packages/airflow/example_dags/example_branch_operator.py for tasks to queue
[2025-10-07T22:15:28.827+0000] {logging_mixin.py:188} INFO - [2025-10-07T22:15:28.827+0000] {dagbag.py:545} INFO - Filling up the DagBag from /home/airflow/.local/lib/python3.12/site-packages/airflow/example_dags/example_branch_operator.py
[2025-10-07T22:15:28.836+0000] {processor.py:840} INFO - DAG(s) 'example_branch_operator' retrieved from /home/airflow/.local/lib/python3.12/site-packages/airflow/example_dags/example_branch_operator.py
[2025-10-07T22:15:28.852+0000] {logging_mixin.py:188} INFO - [2025-10-07T22:15:28.852+0000] {dag.py:3096} INFO - Sync 1 DAGs
[2025-10-07T22:15:28.863+0000] {logging_mixin.py:188} INFO - [2025-10-07T22:15:28.863+0000] {dag.py:3954} INFO - Setting next_dagrun for example_branch_operator to 2025-10-06 00:00:00+00:00, run_after=2025-10-07 00:00:00+00:00
[2025-10-07T22:15:28.967+0000] {processor.py:183} INFO - Processing /home/airflow/.local/lib/python3.12/site-packages/airflow/example_dags/example_branch_operator.py took 0.147 seconds
[2025-10-07T22:15:59.652+0000] {processor.py:161} INFO - Started process (PID=1944) to work on /home/airflow/.local/lib/python3.12/site-packages/airflow/example_dags/example_branch_operator.py
[2025-10-07T22:15:59.655+0000] {processor.py:830} INFO - Processing file /home/airflow/.local/lib/python3.12/site-packages/airflow/example_dags/example_branch_operator.py for tasks to queue
[2025-10-07T22:15:59.656+0000] {logging_mixin.py:188} INFO - [2025-10-07T22:15:59.656+0000] {dagbag.py:545} INFO - Filling up the DagBag from /home/airflow/.local/lib/python3.12/site-packages/airflow/example_dags/example_branch_operator.py
[2025-10-07T22:15:59.664+0000] {processor.py:840} INFO - DAG(s) 'example_branch_operator' retrieved from /home/airflow/.local/lib/python3.12/site-packages/airflow/example_dags/example_branch_operator.py
[2025-10-07T22:15:59.678+0000] {logging_mixin.py:188} INFO - [2025-10-07T22:15:59.678+0000] {dag.py:3096} INFO - Sync 1 DAGs
[2025-10-07T22:15:59.690+0000] {logging_mixin.py:188} INFO - [2025-10-07T22:15:59.690+0000] {dag.py:3954} INFO - Setting next_dagrun for example_branch_operator to 2025-10-06 00:00:00+00:00, run_after=2025-10-07 00:00:00+00:00
[2025-10-07T22:15:59.702+0000] {processor.py:183} INFO - Processing /home/airflow/.local/lib/python3.12/site-packages/airflow/example_dags/example_branch_operator.py took 0.054 seconds
[2025-10-07T22:16:29.756+0000] {processor.py:161} INFO - Started process (PID=2003) to work on /home/airflow/.local/lib/python3.12/site-packages/airflow/example_dags/example_branch_operator.py
[2025-10-07T22:16:29.757+0000] {processor.py:830} INFO - Processing file /home/airflow/.local/lib/python3.12/site-packages/airflow/example_dags/example_branch_operator.py for tasks to queue
[2025-10-07T22:16:29.758+0000] {logging_mixin.py:188} INFO - [2025-10-07T22:16:29.758+0000] {dagbag.py:545} INFO - Filling up the DagBag from /home/airflow/.local/lib/python3.12/site-packages/airflow/example_dags/example_branch_operator.py
[2025-10-07T22:16:29.766+0000] {processor.py:840} INFO - DAG(s) 'example_branch_operator' retrieved from /home/airflow/.local/lib/python3.12/site-packages/airflow/example_dags/example_branch_operator.py
[2025-10-07T22:16:29.780+0000] {logging_mixin.py:188} INFO - [2025-10-07T22:16:29.780+0000] {dag.py:3096} INFO - Sync 1 DAGs
[2025-10-07T22:16:29.790+0000] {logging_mixin.py:188} INFO - [2025-10-07T22:16:29.790+0000] {dag.py:3954} INFO - Setting next_dagrun for example_branch_operator to 2025-10-06 00:00:00+00:00, run_after=2025-10-07 00:00:00+00:00
[2025-10-07T22:16:29.799+0000] {processor.py:183} INFO - Processing /home/airflow/.local/lib/python3.12/site-packages/airflow/example_dags/example_branch_operator.py took 0.046 seconds
[2025-10-07T22:17:00.472+0000] {processor.py:161} INFO - Started process (PID=2062) to work on /home/airflow/.local/lib/python3.12/site-packages/airflow/example_dags/example_branch_operator.py
[2025-10-07T22:17:00.472+0000] {processor.py:830} INFO - Processing file /home/airflow/.local/lib/python3.12/site-packages/airflow/example_dags/example_branch_operator.py for tasks to queue
[2025-10-07T22:17:00.473+0000] {logging_mixin.py:188} INFO - [2025-10-07T22:17:00.473+0000] {dagbag.py:545} INFO - Filling up the DagBag from /home/airflow/.local/lib/python3.12/site-packages/airflow/example_dags/example_branch_operator.py
[2025-10-07T22:17:00.482+0000] {processor.py:840} INFO - DAG(s) 'example_branch_operator' retrieved from /home/airflow/.local/lib/python3.12/site-packages/airflow/example_dags/example_branch_operator.py
[2025-10-07T22:17:00.497+0000] {logging_mixin.py:188} INFO - [2025-10-07T22:17:00.497+0000] {dag.py:3096} INFO - Sync 1 DAGs
[2025-10-07T22:17:00.511+0000] {logging_mixin.py:188} INFO - [2025-10-07T22:17:00.511+0000] {dag.py:3954} INFO - Setting next_dagrun for example_branch_operator to 2025-10-06 00:00:00+00:00, run_after=2025-10-07 00:00:00+00:00
[2025-10-07T22:17:00.521+0000] {processor.py:183} INFO - Processing /home/airflow/.local/lib/python3.12/site-packages/airflow/example_dags/example_branch_operator.py took 0.052 seconds
[2025-10-07T22:17:31.527+0000] {processor.py:161} INFO - Started process (PID=2121) to work on /home/airflow/.local/lib/python3.12/site-packages/airflow/example_dags/example_branch_operator.py
[2025-10-07T22:17:31.527+0000] {processor.py:830} INFO - Processing file /home/airflow/.local/lib/python3.12/site-packages/airflow/example_dags/example_branch_operator.py for tasks to queue
[2025-10-07T22:17:31.528+0000] {logging_mixin.py:188} INFO - [2025-10-07T22:17:31.528+0000] {dagbag.py:545} INFO - Filling up the DagBag from /home/airflow/.local/lib/python3.12/site-packages/airflow/example_dags/example_branch_operator.py
[2025-10-07T22:17:31.535+0000] {processor.py:840} INFO - DAG(s) 'example_branch_operator' retrieved from /home/airflow/.local/lib/python3.12/site-packages/airflow/example_dags/example_branch_operator.py
[2025-10-07T22:17:31.548+0000] {logging_mixin.py:188} INFO - [2025-10-07T22:17:31.548+0000] {dag.py:3096} INFO - Sync 1 DAGs
[2025-10-07T22:17:31.557+0000] {logging_mixin.py:188} INFO - [2025-10-07T22:17:31.557+0000] {dag.py:3954} INFO - Setting next_dagrun for example_branch_operator to 2025-10-06 00:00:00+00:00, run_after=2025-10-07 00:00:00+00:00
[2025-10-07T22:17:31.565+0000] {processor.py:183} INFO - Processing /home/airflow/.local/lib/python3.12/site-packages/airflow/example_dags/example_branch_operator.py took 0.041 seconds
[2025-10-07T22:18:01.587+0000] {processor.py:161} INFO - Started process (PID=2180) to work on /home/airflow/.local/lib/python3.12/site-packages/airflow/example_dags/example_branch_operator.py
[2025-10-07T22:18:01.588+0000] {processor.py:830} INFO - Processing file /home/airflow/.local/lib/python3.12/site-packages/airflow/example_dags/example_branch_operator.py for tasks to queue
[2025-10-07T22:18:01.589+0000] {logging_mixin.py:188} INFO - [2025-10-07T22:18:01.589+0000] {dagbag.py:545} INFO - Filling up the DagBag from /home/airflow/.local/lib/python3.12/site-packages/airflow/example_dags/example_branch_operator.py
[2025-10-07T22:18:01.598+0000] {processor.py:840} INFO - DAG(s) 'example_branch_operator' retrieved from /home/airflow/.local/lib/python3.12/site-packages/airflow/example_dags/example_branch_operator.py
[2025-10-07T22:18:01.612+0000] {logging_mixin.py:188} INFO - [2025-10-07T22:18:01.612+0000] {dag.py:3096} INFO - Sync 1 DAGs
[2025-10-07T22:18:01.624+0000] {logging_mixin.py:188} INFO - [2025-10-07T22:18:01.623+0000] {dag.py:3954} INFO - Setting next_dagrun for example_branch_operator to 2025-10-06 00:00:00+00:00, run_after=2025-10-07 00:00:00+00:00
[2025-10-07T22:18:01.633+0000] {processor.py:183} INFO - Processing /home/airflow/.local/lib/python3.12/site-packages/airflow/example_dags/example_branch_operator.py took 0.049 seconds
[2025-10-07T22:18:31.806+0000] {processor.py:161} INFO - Started process (PID=2239) to work on /home/airflow/.local/lib/python3.12/site-packages/airflow/example_dags/example_branch_operator.py
[2025-10-07T22:18:31.807+0000] {processor.py:830} INFO - Processing file /home/airflow/.local/lib/python3.12/site-packages/airflow/example_dags/example_branch_operator.py for tasks to queue
[2025-10-07T22:18:31.808+0000] {logging_mixin.py:188} INFO - [2025-10-07T22:18:31.808+0000] {dagbag.py:545} INFO - Filling up the DagBag from /home/airflow/.local/lib/python3.12/site-packages/airflow/example_dags/example_branch_operator.py
[2025-10-07T22:18:31.818+0000] {processor.py:840} INFO - DAG(s) 'example_branch_operator' retrieved from /home/airflow/.local/lib/python3.12/site-packages/airflow/example_dags/example_branch_operator.py
[2025-10-07T22:18:31.833+0000] {logging_mixin.py:188} INFO - [2025-10-07T22:18:31.832+0000] {dag.py:3096} INFO - Sync 1 DAGs
[2025-10-07T22:18:31.844+0000] {logging_mixin.py:188} INFO - [2025-10-07T22:18:31.844+0000] {dag.py:3954} INFO - Setting next_dagrun for example_branch_operator to 2025-10-06 00:00:00+00:00, run_after=2025-10-07 00:00:00+00:00
[2025-10-07T22:18:31.857+0000] {processor.py:183} INFO - Processing /home/airflow/.local/lib/python3.12/site-packages/airflow/example_dags/example_branch_operator.py took 0.054 seconds
[2025-10-07T22:19:15.982+0000] {processor.py:161} INFO - Started process (PID=49) to work on /home/airflow/.local/lib/python3.12/site-packages/airflow/example_dags/example_branch_operator.py
[2025-10-07T22:19:15.984+0000] {processor.py:830} INFO - Processing file /home/airflow/.local/lib/python3.12/site-packages/airflow/example_dags/example_branch_operator.py for tasks to queue
[2025-10-07T22:19:15.985+0000] {logging_mixin.py:188} INFO - [2025-10-07T22:19:15.985+0000] {dagbag.py:545} INFO - Filling up the DagBag from /home/airflow/.local/lib/python3.12/site-packages/airflow/example_dags/example_branch_operator.py
[2025-10-07T22:19:15.996+0000] {processor.py:840} INFO - DAG(s) 'example_branch_operator' retrieved from /home/airflow/.local/lib/python3.12/site-packages/airflow/example_dags/example_branch_operator.py
[2025-10-07T22:19:16.007+0000] {logging_mixin.py:188} INFO - [2025-10-07T22:19:16.007+0000] {dag.py:3096} INFO - Sync 1 DAGs
[2025-10-07T22:19:16.028+0000] {logging_mixin.py:188} INFO - [2025-10-07T22:19:16.028+0000] {dag.py:3954} INFO - Setting next_dagrun for example_branch_operator to 2025-10-06 00:00:00+00:00, run_after=2025-10-07 00:00:00+00:00
[2025-10-07T22:19:16.056+0000] {processor.py:183} INFO - Processing /home/airflow/.local/lib/python3.12/site-packages/airflow/example_dags/example_branch_operator.py took 0.078 seconds
[2025-10-07T22:19:46.905+0000] {processor.py:161} INFO - Started process (PID=108) to work on /home/airflow/.local/lib/python3.12/site-packages/airflow/example_dags/example_branch_operator.py
[2025-10-07T22:19:46.908+0000] {processor.py:830} INFO - Processing file /home/airflow/.local/lib/python3.12/site-packages/airflow/example_dags/example_branch_operator.py for tasks to queue
[2025-10-07T22:19:46.911+0000] {logging_mixin.py:188} INFO - [2025-10-07T22:19:46.911+0000] {dagbag.py:545} INFO - Filling up the DagBag from /home/airflow/.local/lib/python3.12/site-packages/airflow/example_dags/example_branch_operator.py
[2025-10-07T22:19:46.921+0000] {processor.py:840} INFO - DAG(s) 'example_branch_operator' retrieved from /home/airflow/.local/lib/python3.12/site-packages/airflow/example_dags/example_branch_operator.py
[2025-10-07T22:19:46.976+0000] {logging_mixin.py:188} INFO - [2025-10-07T22:19:46.976+0000] {dag.py:3096} INFO - Sync 1 DAGs
[2025-10-07T22:19:46.986+0000] {logging_mixin.py:188} INFO - [2025-10-07T22:19:46.986+0000] {dag.py:3954} INFO - Setting next_dagrun for example_branch_operator to 2025-10-06 00:00:00+00:00, run_after=2025-10-07 00:00:00+00:00
[2025-10-07T22:19:46.995+0000] {processor.py:183} INFO - Processing /home/airflow/.local/lib/python3.12/site-packages/airflow/example_dags/example_branch_operator.py took 0.093 seconds
[2025-10-07T22:20:17.870+0000] {processor.py:161} INFO - Started process (PID=167) to work on /home/airflow/.local/lib/python3.12/site-packages/airflow/example_dags/example_branch_operator.py
[2025-10-07T22:20:17.872+0000] {processor.py:830} INFO - Processing file /home/airflow/.local/lib/python3.12/site-packages/airflow/example_dags/example_branch_operator.py for tasks to queue
[2025-10-07T22:20:17.874+0000] {logging_mixin.py:188} INFO - [2025-10-07T22:20:17.874+0000] {dagbag.py:545} INFO - Filling up the DagBag from /home/airflow/.local/lib/python3.12/site-packages/airflow/example_dags/example_branch_operator.py
[2025-10-07T22:20:17.882+0000] {processor.py:840} INFO - DAG(s) 'example_branch_operator' retrieved from /home/airflow/.local/lib/python3.12/site-packages/airflow/example_dags/example_branch_operator.py
[2025-10-07T22:20:17.899+0000] {logging_mixin.py:188} INFO - [2025-10-07T22:20:17.899+0000] {dag.py:3096} INFO - Sync 1 DAGs
[2025-10-07T22:20:17.918+0000] {logging_mixin.py:188} INFO - [2025-10-07T22:20:17.918+0000] {dag.py:3954} INFO - Setting next_dagrun for example_branch_operator to 2025-10-06 00:00:00+00:00, run_after=2025-10-07 00:00:00+00:00
[2025-10-07T22:20:17.934+0000] {processor.py:183} INFO - Processing /home/airflow/.local/lib/python3.12/site-packages/airflow/example_dags/example_branch_operator.py took 0.068 seconds
[2025-10-07T22:20:48.280+0000] {processor.py:161} INFO - Started process (PID=226) to work on /home/airflow/.local/lib/python3.12/site-packages/airflow/example_dags/example_branch_operator.py
[2025-10-07T22:20:48.284+0000] {processor.py:830} INFO - Processing file /home/airflow/.local/lib/python3.12/site-packages/airflow/example_dags/example_branch_operator.py for tasks to queue
[2025-10-07T22:20:48.288+0000] {logging_mixin.py:188} INFO - [2025-10-07T22:20:48.288+0000] {dagbag.py:545} INFO - Filling up the DagBag from /home/airflow/.local/lib/python3.12/site-packages/airflow/example_dags/example_branch_operator.py
[2025-10-07T22:20:48.297+0000] {processor.py:840} INFO - DAG(s) 'example_branch_operator' retrieved from /home/airflow/.local/lib/python3.12/site-packages/airflow/example_dags/example_branch_operator.py
[2025-10-07T22:20:48.316+0000] {logging_mixin.py:188} INFO - [2025-10-07T22:20:48.316+0000] {dag.py:3096} INFO - Sync 1 DAGs
[2025-10-07T22:20:48.328+0000] {logging_mixin.py:188} INFO - [2025-10-07T22:20:48.328+0000] {dag.py:3954} INFO - Setting next_dagrun for example_branch_operator to 2025-10-06 00:00:00+00:00, run_after=2025-10-07 00:00:00+00:00
[2025-10-07T22:20:48.337+0000] {processor.py:183} INFO - Processing /home/airflow/.local/lib/python3.12/site-packages/airflow/example_dags/example_branch_operator.py took 0.061 seconds
[2025-10-07T22:21:18.367+0000] {processor.py:161} INFO - Started process (PID=285) to work on /home/airflow/.local/lib/python3.12/site-packages/airflow/example_dags/example_branch_operator.py
[2025-10-07T22:21:18.369+0000] {processor.py:830} INFO - Processing file /home/airflow/.local/lib/python3.12/site-packages/airflow/example_dags/example_branch_operator.py for tasks to queue
[2025-10-07T22:21:18.370+0000] {logging_mixin.py:188} INFO - [2025-10-07T22:21:18.370+0000] {dagbag.py:545} INFO - Filling up the DagBag from /home/airflow/.local/lib/python3.12/site-packages/airflow/example_dags/example_branch_operator.py
[2025-10-07T22:21:18.378+0000] {processor.py:840} INFO - DAG(s) 'example_branch_operator' retrieved from /home/airflow/.local/lib/python3.12/site-packages/airflow/example_dags/example_branch_operator.py
[2025-10-07T22:21:18.395+0000] {logging_mixin.py:188} INFO - [2025-10-07T22:21:18.395+0000] {dag.py:3096} INFO - Sync 1 DAGs
[2025-10-07T22:21:18.410+0000] {logging_mixin.py:188} INFO - [2025-10-07T22:21:18.409+0000] {dag.py:3954} INFO - Setting next_dagrun for example_branch_operator to 2025-10-06 00:00:00+00:00, run_after=2025-10-07 00:00:00+00:00
[2025-10-07T22:21:18.419+0000] {processor.py:183} INFO - Processing /home/airflow/.local/lib/python3.12/site-packages/airflow/example_dags/example_branch_operator.py took 0.055 seconds
[2025-10-07T22:21:48.817+0000] {processor.py:161} INFO - Started process (PID=350) to work on /home/airflow/.local/lib/python3.12/site-packages/airflow/example_dags/example_branch_operator.py
[2025-10-07T22:21:48.819+0000] {processor.py:830} INFO - Processing file /home/airflow/.local/lib/python3.12/site-packages/airflow/example_dags/example_branch_operator.py for tasks to queue
[2025-10-07T22:21:48.821+0000] {logging_mixin.py:188} INFO - [2025-10-07T22:21:48.820+0000] {dagbag.py:545} INFO - Filling up the DagBag from /home/airflow/.local/lib/python3.12/site-packages/airflow/example_dags/example_branch_operator.py
[2025-10-07T22:21:48.832+0000] {processor.py:840} INFO - DAG(s) 'example_branch_operator' retrieved from /home/airflow/.local/lib/python3.12/site-packages/airflow/example_dags/example_branch_operator.py
[2025-10-07T22:21:48.857+0000] {logging_mixin.py:188} INFO - [2025-10-07T22:21:48.857+0000] {dag.py:3096} INFO - Sync 1 DAGs
[2025-10-07T22:21:48.872+0000] {logging_mixin.py:188} INFO - [2025-10-07T22:21:48.872+0000] {dag.py:3954} INFO - Setting next_dagrun for example_branch_operator to 2025-10-06 00:00:00+00:00, run_after=2025-10-07 00:00:00+00:00
[2025-10-07T22:21:48.884+0000] {processor.py:183} INFO - Processing /home/airflow/.local/lib/python3.12/site-packages/airflow/example_dags/example_branch_operator.py took 0.071 seconds
