[2025-10-07T21:54:25.328+0000] {processor.py:161} INFO - Started process (PID=72) to work on /home/airflow/.local/lib/python3.12/site-packages/airflow/example_dags/example_nested_branch_dag.py
[2025-10-07T21:54:25.329+0000] {processor.py:830} INFO - Processing file /home/airflow/.local/lib/python3.12/site-packages/airflow/example_dags/example_nested_branch_dag.py for tasks to queue
[2025-10-07T21:54:25.330+0000] {logging_mixin.py:188} INFO - [2025-10-07T21:54:25.330+0000] {dagbag.py:545} INFO - Filling up the DagBag from /home/airflow/.local/lib/python3.12/site-packages/airflow/example_dags/example_nested_branch_dag.py
[2025-10-07T21:54:25.345+0000] {processor.py:840} INFO - DAG(s) 'example_nested_branch_dag' retrieved from /home/airflow/.local/lib/python3.12/site-packages/airflow/example_dags/example_nested_branch_dag.py
[2025-10-07T21:54:25.364+0000] {logging_mixin.py:188} INFO - [2025-10-07T21:54:25.364+0000] {dag.py:3096} INFO - Sync 1 DAGs
[2025-10-07T21:54:25.395+0000] {logging_mixin.py:188} INFO - [2025-10-07T21:54:25.395+0000] {dag.py:3954} INFO - Setting next_dagrun for example_nested_branch_dag to 2025-10-06 00:00:00+00:00, run_after=2025-10-07 00:00:00+00:00
[2025-10-07T21:54:25.414+0000] {processor.py:183} INFO - Processing /home/airflow/.local/lib/python3.12/site-packages/airflow/example_dags/example_nested_branch_dag.py took 0.094 seconds
[2025-10-07T21:54:56.483+0000] {processor.py:161} INFO - Started process (PID=131) to work on /home/airflow/.local/lib/python3.12/site-packages/airflow/example_dags/example_nested_branch_dag.py
[2025-10-07T21:54:56.485+0000] {processor.py:830} INFO - Processing file /home/airflow/.local/lib/python3.12/site-packages/airflow/example_dags/example_nested_branch_dag.py for tasks to queue
[2025-10-07T21:54:56.486+0000] {logging_mixin.py:188} INFO - [2025-10-07T21:54:56.486+0000] {dagbag.py:545} INFO - Filling up the DagBag from /home/airflow/.local/lib/python3.12/site-packages/airflow/example_dags/example_nested_branch_dag.py
[2025-10-07T21:54:56.492+0000] {processor.py:840} INFO - DAG(s) 'example_nested_branch_dag' retrieved from /home/airflow/.local/lib/python3.12/site-packages/airflow/example_dags/example_nested_branch_dag.py
[2025-10-07T21:54:56.545+0000] {logging_mixin.py:188} INFO - [2025-10-07T21:54:56.545+0000] {dag.py:3096} INFO - Sync 1 DAGs
[2025-10-07T21:54:56.555+0000] {logging_mixin.py:188} INFO - [2025-10-07T21:54:56.555+0000] {dag.py:3954} INFO - Setting next_dagrun for example_nested_branch_dag to 2025-10-06 00:00:00+00:00, run_after=2025-10-07 00:00:00+00:00
[2025-10-07T21:54:56.569+0000] {processor.py:183} INFO - Processing /home/airflow/.local/lib/python3.12/site-packages/airflow/example_dags/example_nested_branch_dag.py took 0.089 seconds
[2025-10-07T21:55:26.775+0000] {processor.py:161} INFO - Started process (PID=190) to work on /home/airflow/.local/lib/python3.12/site-packages/airflow/example_dags/example_nested_branch_dag.py
[2025-10-07T21:55:26.776+0000] {processor.py:830} INFO - Processing file /home/airflow/.local/lib/python3.12/site-packages/airflow/example_dags/example_nested_branch_dag.py for tasks to queue
[2025-10-07T21:55:26.778+0000] {logging_mixin.py:188} INFO - [2025-10-07T21:55:26.778+0000] {dagbag.py:545} INFO - Filling up the DagBag from /home/airflow/.local/lib/python3.12/site-packages/airflow/example_dags/example_nested_branch_dag.py
[2025-10-07T21:55:26.783+0000] {processor.py:840} INFO - DAG(s) 'example_nested_branch_dag' retrieved from /home/airflow/.local/lib/python3.12/site-packages/airflow/example_dags/example_nested_branch_dag.py
[2025-10-07T21:55:26.794+0000] {logging_mixin.py:188} INFO - [2025-10-07T21:55:26.794+0000] {dag.py:3096} INFO - Sync 1 DAGs
[2025-10-07T21:55:26.804+0000] {logging_mixin.py:188} INFO - [2025-10-07T21:55:26.804+0000] {dag.py:3954} INFO - Setting next_dagrun for example_nested_branch_dag to 2025-10-06 00:00:00+00:00, run_after=2025-10-07 00:00:00+00:00
[2025-10-07T21:55:26.815+0000] {processor.py:183} INFO - Processing /home/airflow/.local/lib/python3.12/site-packages/airflow/example_dags/example_nested_branch_dag.py took 0.043 seconds
[2025-10-07T21:55:56.996+0000] {processor.py:161} INFO - Started process (PID=249) to work on /home/airflow/.local/lib/python3.12/site-packages/airflow/example_dags/example_nested_branch_dag.py
[2025-10-07T21:55:56.997+0000] {processor.py:830} INFO - Processing file /home/airflow/.local/lib/python3.12/site-packages/airflow/example_dags/example_nested_branch_dag.py for tasks to queue
[2025-10-07T21:55:56.998+0000] {logging_mixin.py:188} INFO - [2025-10-07T21:55:56.998+0000] {dagbag.py:545} INFO - Filling up the DagBag from /home/airflow/.local/lib/python3.12/site-packages/airflow/example_dags/example_nested_branch_dag.py
[2025-10-07T21:55:57.003+0000] {processor.py:840} INFO - DAG(s) 'example_nested_branch_dag' retrieved from /home/airflow/.local/lib/python3.12/site-packages/airflow/example_dags/example_nested_branch_dag.py
[2025-10-07T21:55:57.014+0000] {logging_mixin.py:188} INFO - [2025-10-07T21:55:57.014+0000] {dag.py:3096} INFO - Sync 1 DAGs
[2025-10-07T21:55:57.026+0000] {logging_mixin.py:188} INFO - [2025-10-07T21:55:57.025+0000] {dag.py:3954} INFO - Setting next_dagrun for example_nested_branch_dag to 2025-10-06 00:00:00+00:00, run_after=2025-10-07 00:00:00+00:00
[2025-10-07T21:55:57.037+0000] {processor.py:183} INFO - Processing /home/airflow/.local/lib/python3.12/site-packages/airflow/example_dags/example_nested_branch_dag.py took 0.044 seconds
[2025-10-07T21:56:27.145+0000] {processor.py:161} INFO - Started process (PID=308) to work on /home/airflow/.local/lib/python3.12/site-packages/airflow/example_dags/example_nested_branch_dag.py
[2025-10-07T21:56:27.147+0000] {processor.py:830} INFO - Processing file /home/airflow/.local/lib/python3.12/site-packages/airflow/example_dags/example_nested_branch_dag.py for tasks to queue
[2025-10-07T21:56:27.149+0000] {logging_mixin.py:188} INFO - [2025-10-07T21:56:27.148+0000] {dagbag.py:545} INFO - Filling up the DagBag from /home/airflow/.local/lib/python3.12/site-packages/airflow/example_dags/example_nested_branch_dag.py
[2025-10-07T21:56:27.154+0000] {processor.py:840} INFO - DAG(s) 'example_nested_branch_dag' retrieved from /home/airflow/.local/lib/python3.12/site-packages/airflow/example_dags/example_nested_branch_dag.py
[2025-10-07T21:56:27.166+0000] {logging_mixin.py:188} INFO - [2025-10-07T21:56:27.166+0000] {dag.py:3096} INFO - Sync 1 DAGs
[2025-10-07T21:56:27.177+0000] {logging_mixin.py:188} INFO - [2025-10-07T21:56:27.177+0000] {dag.py:3954} INFO - Setting next_dagrun for example_nested_branch_dag to 2025-10-06 00:00:00+00:00, run_after=2025-10-07 00:00:00+00:00
[2025-10-07T21:56:27.189+0000] {processor.py:183} INFO - Processing /home/airflow/.local/lib/python3.12/site-packages/airflow/example_dags/example_nested_branch_dag.py took 0.047 seconds
[2025-10-07T21:56:58.086+0000] {processor.py:161} INFO - Started process (PID=367) to work on /home/airflow/.local/lib/python3.12/site-packages/airflow/example_dags/example_nested_branch_dag.py
[2025-10-07T21:56:58.087+0000] {processor.py:830} INFO - Processing file /home/airflow/.local/lib/python3.12/site-packages/airflow/example_dags/example_nested_branch_dag.py for tasks to queue
[2025-10-07T21:56:58.088+0000] {logging_mixin.py:188} INFO - [2025-10-07T21:56:58.088+0000] {dagbag.py:545} INFO - Filling up the DagBag from /home/airflow/.local/lib/python3.12/site-packages/airflow/example_dags/example_nested_branch_dag.py
[2025-10-07T21:56:58.093+0000] {processor.py:840} INFO - DAG(s) 'example_nested_branch_dag' retrieved from /home/airflow/.local/lib/python3.12/site-packages/airflow/example_dags/example_nested_branch_dag.py
[2025-10-07T21:56:58.104+0000] {logging_mixin.py:188} INFO - [2025-10-07T21:56:58.104+0000] {dag.py:3096} INFO - Sync 1 DAGs
[2025-10-07T21:56:58.113+0000] {logging_mixin.py:188} INFO - [2025-10-07T21:56:58.113+0000] {dag.py:3954} INFO - Setting next_dagrun for example_nested_branch_dag to 2025-10-06 00:00:00+00:00, run_after=2025-10-07 00:00:00+00:00
[2025-10-07T21:56:58.120+0000] {processor.py:183} INFO - Processing /home/airflow/.local/lib/python3.12/site-packages/airflow/example_dags/example_nested_branch_dag.py took 0.037 seconds
[2025-10-07T21:57:28.635+0000] {processor.py:161} INFO - Started process (PID=426) to work on /home/airflow/.local/lib/python3.12/site-packages/airflow/example_dags/example_nested_branch_dag.py
[2025-10-07T21:57:28.638+0000] {processor.py:830} INFO - Processing file /home/airflow/.local/lib/python3.12/site-packages/airflow/example_dags/example_nested_branch_dag.py for tasks to queue
[2025-10-07T21:57:28.641+0000] {logging_mixin.py:188} INFO - [2025-10-07T21:57:28.640+0000] {dagbag.py:545} INFO - Filling up the DagBag from /home/airflow/.local/lib/python3.12/site-packages/airflow/example_dags/example_nested_branch_dag.py
[2025-10-07T21:57:28.653+0000] {processor.py:840} INFO - DAG(s) 'example_nested_branch_dag' retrieved from /home/airflow/.local/lib/python3.12/site-packages/airflow/example_dags/example_nested_branch_dag.py
[2025-10-07T21:57:28.682+0000] {logging_mixin.py:188} INFO - [2025-10-07T21:57:28.681+0000] {dag.py:3096} INFO - Sync 1 DAGs
[2025-10-07T21:57:28.711+0000] {logging_mixin.py:188} INFO - [2025-10-07T21:57:28.710+0000] {dag.py:3954} INFO - Setting next_dagrun for example_nested_branch_dag to 2025-10-06 00:00:00+00:00, run_after=2025-10-07 00:00:00+00:00
[2025-10-07T21:57:28.738+0000] {processor.py:183} INFO - Processing /home/airflow/.local/lib/python3.12/site-packages/airflow/example_dags/example_nested_branch_dag.py took 0.110 seconds
[2025-10-07T21:58:27.025+0000] {processor.py:161} INFO - Started process (PID=485) to work on /home/airflow/.local/lib/python3.12/site-packages/airflow/example_dags/example_nested_branch_dag.py
[2025-10-07T21:58:27.026+0000] {processor.py:830} INFO - Processing file /home/airflow/.local/lib/python3.12/site-packages/airflow/example_dags/example_nested_branch_dag.py for tasks to queue
[2025-10-07T21:58:27.027+0000] {logging_mixin.py:188} INFO - [2025-10-07T21:58:27.027+0000] {dagbag.py:545} INFO - Filling up the DagBag from /home/airflow/.local/lib/python3.12/site-packages/airflow/example_dags/example_nested_branch_dag.py
[2025-10-07T21:58:27.033+0000] {processor.py:840} INFO - DAG(s) 'example_nested_branch_dag' retrieved from /home/airflow/.local/lib/python3.12/site-packages/airflow/example_dags/example_nested_branch_dag.py
[2025-10-07T21:58:27.048+0000] {logging_mixin.py:188} INFO - [2025-10-07T21:58:27.048+0000] {dag.py:3096} INFO - Sync 1 DAGs
[2025-10-07T21:58:27.059+0000] {logging_mixin.py:188} INFO - [2025-10-07T21:58:27.059+0000] {dag.py:3954} INFO - Setting next_dagrun for example_nested_branch_dag to 2025-10-06 00:00:00+00:00, run_after=2025-10-07 00:00:00+00:00
[2025-10-07T21:58:27.072+0000] {processor.py:183} INFO - Processing /home/airflow/.local/lib/python3.12/site-packages/airflow/example_dags/example_nested_branch_dag.py took 0.050 seconds
[2025-10-07T21:59:33.871+0000] {processor.py:161} INFO - Started process (PID=544) to work on /home/airflow/.local/lib/python3.12/site-packages/airflow/example_dags/example_nested_branch_dag.py
[2025-10-07T21:59:33.874+0000] {processor.py:830} INFO - Processing file /home/airflow/.local/lib/python3.12/site-packages/airflow/example_dags/example_nested_branch_dag.py for tasks to queue
[2025-10-07T21:59:33.878+0000] {logging_mixin.py:188} INFO - [2025-10-07T21:59:33.877+0000] {dagbag.py:545} INFO - Filling up the DagBag from /home/airflow/.local/lib/python3.12/site-packages/airflow/example_dags/example_nested_branch_dag.py
[2025-10-07T21:59:33.896+0000] {processor.py:840} INFO - DAG(s) 'example_nested_branch_dag' retrieved from /home/airflow/.local/lib/python3.12/site-packages/airflow/example_dags/example_nested_branch_dag.py
[2025-10-07T21:59:33.949+0000] {logging_mixin.py:188} INFO - [2025-10-07T21:59:33.948+0000] {dag.py:3096} INFO - Sync 1 DAGs
[2025-10-07T21:59:33.989+0000] {logging_mixin.py:188} INFO - [2025-10-07T21:59:33.989+0000] {dag.py:3954} INFO - Setting next_dagrun for example_nested_branch_dag to 2025-10-06 00:00:00+00:00, run_after=2025-10-07 00:00:00+00:00
[2025-10-07T21:59:34.043+0000] {processor.py:183} INFO - Processing /home/airflow/.local/lib/python3.12/site-packages/airflow/example_dags/example_nested_branch_dag.py took 0.182 seconds
[2025-10-07T22:01:52.601+0000] {processor.py:161} INFO - Started process (PID=603) to work on /home/airflow/.local/lib/python3.12/site-packages/airflow/example_dags/example_nested_branch_dag.py
[2025-10-07T22:01:52.602+0000] {processor.py:830} INFO - Processing file /home/airflow/.local/lib/python3.12/site-packages/airflow/example_dags/example_nested_branch_dag.py for tasks to queue
[2025-10-07T22:01:52.603+0000] {logging_mixin.py:188} INFO - [2025-10-07T22:01:52.603+0000] {dagbag.py:545} INFO - Filling up the DagBag from /home/airflow/.local/lib/python3.12/site-packages/airflow/example_dags/example_nested_branch_dag.py
[2025-10-07T22:01:52.609+0000] {processor.py:840} INFO - DAG(s) 'example_nested_branch_dag' retrieved from /home/airflow/.local/lib/python3.12/site-packages/airflow/example_dags/example_nested_branch_dag.py
[2025-10-07T22:01:52.624+0000] {logging_mixin.py:188} INFO - [2025-10-07T22:01:52.624+0000] {dag.py:3096} INFO - Sync 1 DAGs
[2025-10-07T22:01:52.637+0000] {logging_mixin.py:188} INFO - [2025-10-07T22:01:52.636+0000] {dag.py:3954} INFO - Setting next_dagrun for example_nested_branch_dag to 2025-10-06 00:00:00+00:00, run_after=2025-10-07 00:00:00+00:00
[2025-10-07T22:01:52.647+0000] {processor.py:183} INFO - Processing /home/airflow/.local/lib/python3.12/site-packages/airflow/example_dags/example_nested_branch_dag.py took 0.049 seconds
[2025-10-07T22:04:55.917+0000] {processor.py:161} INFO - Started process (PID=662) to work on /home/airflow/.local/lib/python3.12/site-packages/airflow/example_dags/example_nested_branch_dag.py
[2025-10-07T22:04:55.919+0000] {processor.py:830} INFO - Processing file /home/airflow/.local/lib/python3.12/site-packages/airflow/example_dags/example_nested_branch_dag.py for tasks to queue
[2025-10-07T22:04:55.920+0000] {logging_mixin.py:188} INFO - [2025-10-07T22:04:55.920+0000] {dagbag.py:545} INFO - Filling up the DagBag from /home/airflow/.local/lib/python3.12/site-packages/airflow/example_dags/example_nested_branch_dag.py
[2025-10-07T22:04:55.926+0000] {processor.py:840} INFO - DAG(s) 'example_nested_branch_dag' retrieved from /home/airflow/.local/lib/python3.12/site-packages/airflow/example_dags/example_nested_branch_dag.py
[2025-10-07T22:04:55.944+0000] {logging_mixin.py:188} INFO - [2025-10-07T22:04:55.944+0000] {dag.py:3096} INFO - Sync 1 DAGs
[2025-10-07T22:04:55.963+0000] {logging_mixin.py:188} INFO - [2025-10-07T22:04:55.963+0000] {dag.py:3954} INFO - Setting next_dagrun for example_nested_branch_dag to 2025-10-06 00:00:00+00:00, run_after=2025-10-07 00:00:00+00:00
[2025-10-07T22:04:55.979+0000] {processor.py:183} INFO - Processing /home/airflow/.local/lib/python3.12/site-packages/airflow/example_dags/example_nested_branch_dag.py took 0.066 seconds
[2025-10-07T22:05:26.068+0000] {processor.py:161} INFO - Started process (PID=721) to work on /home/airflow/.local/lib/python3.12/site-packages/airflow/example_dags/example_nested_branch_dag.py
[2025-10-07T22:05:26.069+0000] {processor.py:830} INFO - Processing file /home/airflow/.local/lib/python3.12/site-packages/airflow/example_dags/example_nested_branch_dag.py for tasks to queue
[2025-10-07T22:05:26.070+0000] {logging_mixin.py:188} INFO - [2025-10-07T22:05:26.070+0000] {dagbag.py:545} INFO - Filling up the DagBag from /home/airflow/.local/lib/python3.12/site-packages/airflow/example_dags/example_nested_branch_dag.py
[2025-10-07T22:05:26.075+0000] {processor.py:840} INFO - DAG(s) 'example_nested_branch_dag' retrieved from /home/airflow/.local/lib/python3.12/site-packages/airflow/example_dags/example_nested_branch_dag.py
[2025-10-07T22:05:26.095+0000] {logging_mixin.py:188} INFO - [2025-10-07T22:05:26.094+0000] {dag.py:3096} INFO - Sync 1 DAGs
[2025-10-07T22:05:26.108+0000] {logging_mixin.py:188} INFO - [2025-10-07T22:05:26.108+0000] {dag.py:3954} INFO - Setting next_dagrun for example_nested_branch_dag to 2025-10-06 00:00:00+00:00, run_after=2025-10-07 00:00:00+00:00
[2025-10-07T22:05:26.122+0000] {processor.py:183} INFO - Processing /home/airflow/.local/lib/python3.12/site-packages/airflow/example_dags/example_nested_branch_dag.py took 0.056 seconds
[2025-10-07T22:05:56.250+0000] {processor.py:161} INFO - Started process (PID=780) to work on /home/airflow/.local/lib/python3.12/site-packages/airflow/example_dags/example_nested_branch_dag.py
[2025-10-07T22:05:56.251+0000] {processor.py:830} INFO - Processing file /home/airflow/.local/lib/python3.12/site-packages/airflow/example_dags/example_nested_branch_dag.py for tasks to queue
[2025-10-07T22:05:56.252+0000] {logging_mixin.py:188} INFO - [2025-10-07T22:05:56.252+0000] {dagbag.py:545} INFO - Filling up the DagBag from /home/airflow/.local/lib/python3.12/site-packages/airflow/example_dags/example_nested_branch_dag.py
[2025-10-07T22:05:56.257+0000] {processor.py:840} INFO - DAG(s) 'example_nested_branch_dag' retrieved from /home/airflow/.local/lib/python3.12/site-packages/airflow/example_dags/example_nested_branch_dag.py
[2025-10-07T22:05:56.273+0000] {logging_mixin.py:188} INFO - [2025-10-07T22:05:56.273+0000] {dag.py:3096} INFO - Sync 1 DAGs
[2025-10-07T22:05:56.286+0000] {logging_mixin.py:188} INFO - [2025-10-07T22:05:56.286+0000] {dag.py:3954} INFO - Setting next_dagrun for example_nested_branch_dag to 2025-10-06 00:00:00+00:00, run_after=2025-10-07 00:00:00+00:00
[2025-10-07T22:05:56.301+0000] {processor.py:183} INFO - Processing /home/airflow/.local/lib/python3.12/site-packages/airflow/example_dags/example_nested_branch_dag.py took 0.053 seconds
[2025-10-07T22:06:26.317+0000] {processor.py:161} INFO - Started process (PID=839) to work on /home/airflow/.local/lib/python3.12/site-packages/airflow/example_dags/example_nested_branch_dag.py
[2025-10-07T22:06:26.320+0000] {processor.py:830} INFO - Processing file /home/airflow/.local/lib/python3.12/site-packages/airflow/example_dags/example_nested_branch_dag.py for tasks to queue
[2025-10-07T22:06:26.321+0000] {logging_mixin.py:188} INFO - [2025-10-07T22:06:26.321+0000] {dagbag.py:545} INFO - Filling up the DagBag from /home/airflow/.local/lib/python3.12/site-packages/airflow/example_dags/example_nested_branch_dag.py
[2025-10-07T22:06:26.327+0000] {processor.py:840} INFO - DAG(s) 'example_nested_branch_dag' retrieved from /home/airflow/.local/lib/python3.12/site-packages/airflow/example_dags/example_nested_branch_dag.py
[2025-10-07T22:06:26.342+0000] {logging_mixin.py:188} INFO - [2025-10-07T22:06:26.342+0000] {dag.py:3096} INFO - Sync 1 DAGs
[2025-10-07T22:06:26.354+0000] {logging_mixin.py:188} INFO - [2025-10-07T22:06:26.354+0000] {dag.py:3954} INFO - Setting next_dagrun for example_nested_branch_dag to 2025-10-06 00:00:00+00:00, run_after=2025-10-07 00:00:00+00:00
[2025-10-07T22:06:26.368+0000] {processor.py:183} INFO - Processing /home/airflow/.local/lib/python3.12/site-packages/airflow/example_dags/example_nested_branch_dag.py took 0.054 seconds
[2025-10-07T22:06:56.390+0000] {processor.py:161} INFO - Started process (PID=898) to work on /home/airflow/.local/lib/python3.12/site-packages/airflow/example_dags/example_nested_branch_dag.py
[2025-10-07T22:06:56.390+0000] {processor.py:830} INFO - Processing file /home/airflow/.local/lib/python3.12/site-packages/airflow/example_dags/example_nested_branch_dag.py for tasks to queue
[2025-10-07T22:06:56.392+0000] {logging_mixin.py:188} INFO - [2025-10-07T22:06:56.391+0000] {dagbag.py:545} INFO - Filling up the DagBag from /home/airflow/.local/lib/python3.12/site-packages/airflow/example_dags/example_nested_branch_dag.py
[2025-10-07T22:06:56.397+0000] {processor.py:840} INFO - DAG(s) 'example_nested_branch_dag' retrieved from /home/airflow/.local/lib/python3.12/site-packages/airflow/example_dags/example_nested_branch_dag.py
[2025-10-07T22:06:56.408+0000] {logging_mixin.py:188} INFO - [2025-10-07T22:06:56.408+0000] {dag.py:3096} INFO - Sync 1 DAGs
[2025-10-07T22:06:56.419+0000] {logging_mixin.py:188} INFO - [2025-10-07T22:06:56.418+0000] {dag.py:3954} INFO - Setting next_dagrun for example_nested_branch_dag to 2025-10-06 00:00:00+00:00, run_after=2025-10-07 00:00:00+00:00
[2025-10-07T22:06:56.431+0000] {processor.py:183} INFO - Processing /home/airflow/.local/lib/python3.12/site-packages/airflow/example_dags/example_nested_branch_dag.py took 0.044 seconds
[2025-10-07T22:07:26.549+0000] {processor.py:161} INFO - Started process (PID=957) to work on /home/airflow/.local/lib/python3.12/site-packages/airflow/example_dags/example_nested_branch_dag.py
[2025-10-07T22:07:26.550+0000] {processor.py:830} INFO - Processing file /home/airflow/.local/lib/python3.12/site-packages/airflow/example_dags/example_nested_branch_dag.py for tasks to queue
[2025-10-07T22:07:26.551+0000] {logging_mixin.py:188} INFO - [2025-10-07T22:07:26.550+0000] {dagbag.py:545} INFO - Filling up the DagBag from /home/airflow/.local/lib/python3.12/site-packages/airflow/example_dags/example_nested_branch_dag.py
[2025-10-07T22:07:26.556+0000] {processor.py:840} INFO - DAG(s) 'example_nested_branch_dag' retrieved from /home/airflow/.local/lib/python3.12/site-packages/airflow/example_dags/example_nested_branch_dag.py
[2025-10-07T22:07:26.567+0000] {logging_mixin.py:188} INFO - [2025-10-07T22:07:26.567+0000] {dag.py:3096} INFO - Sync 1 DAGs
[2025-10-07T22:07:26.578+0000] {logging_mixin.py:188} INFO - [2025-10-07T22:07:26.578+0000] {dag.py:3954} INFO - Setting next_dagrun for example_nested_branch_dag to 2025-10-06 00:00:00+00:00, run_after=2025-10-07 00:00:00+00:00
[2025-10-07T22:07:26.589+0000] {processor.py:183} INFO - Processing /home/airflow/.local/lib/python3.12/site-packages/airflow/example_dags/example_nested_branch_dag.py took 0.044 seconds
[2025-10-07T22:07:56.717+0000] {processor.py:161} INFO - Started process (PID=1016) to work on /home/airflow/.local/lib/python3.12/site-packages/airflow/example_dags/example_nested_branch_dag.py
[2025-10-07T22:07:56.718+0000] {processor.py:830} INFO - Processing file /home/airflow/.local/lib/python3.12/site-packages/airflow/example_dags/example_nested_branch_dag.py for tasks to queue
[2025-10-07T22:07:56.719+0000] {logging_mixin.py:188} INFO - [2025-10-07T22:07:56.719+0000] {dagbag.py:545} INFO - Filling up the DagBag from /home/airflow/.local/lib/python3.12/site-packages/airflow/example_dags/example_nested_branch_dag.py
[2025-10-07T22:07:56.725+0000] {processor.py:840} INFO - DAG(s) 'example_nested_branch_dag' retrieved from /home/airflow/.local/lib/python3.12/site-packages/airflow/example_dags/example_nested_branch_dag.py
[2025-10-07T22:07:56.736+0000] {logging_mixin.py:188} INFO - [2025-10-07T22:07:56.736+0000] {dag.py:3096} INFO - Sync 1 DAGs
[2025-10-07T22:07:56.747+0000] {logging_mixin.py:188} INFO - [2025-10-07T22:07:56.747+0000] {dag.py:3954} INFO - Setting next_dagrun for example_nested_branch_dag to 2025-10-06 00:00:00+00:00, run_after=2025-10-07 00:00:00+00:00
[2025-10-07T22:07:56.757+0000] {processor.py:183} INFO - Processing /home/airflow/.local/lib/python3.12/site-packages/airflow/example_dags/example_nested_branch_dag.py took 0.042 seconds
[2025-10-07T22:08:26.798+0000] {processor.py:161} INFO - Started process (PID=1074) to work on /home/airflow/.local/lib/python3.12/site-packages/airflow/example_dags/example_nested_branch_dag.py
[2025-10-07T22:08:26.801+0000] {processor.py:830} INFO - Processing file /home/airflow/.local/lib/python3.12/site-packages/airflow/example_dags/example_nested_branch_dag.py for tasks to queue
[2025-10-07T22:08:26.802+0000] {logging_mixin.py:188} INFO - [2025-10-07T22:08:26.802+0000] {dagbag.py:545} INFO - Filling up the DagBag from /home/airflow/.local/lib/python3.12/site-packages/airflow/example_dags/example_nested_branch_dag.py
[2025-10-07T22:08:26.809+0000] {processor.py:840} INFO - DAG(s) 'example_nested_branch_dag' retrieved from /home/airflow/.local/lib/python3.12/site-packages/airflow/example_dags/example_nested_branch_dag.py
[2025-10-07T22:08:26.823+0000] {logging_mixin.py:188} INFO - [2025-10-07T22:08:26.823+0000] {dag.py:3096} INFO - Sync 1 DAGs
[2025-10-07T22:08:26.834+0000] {logging_mixin.py:188} INFO - [2025-10-07T22:08:26.833+0000] {dag.py:3954} INFO - Setting next_dagrun for example_nested_branch_dag to 2025-10-06 00:00:00+00:00, run_after=2025-10-07 00:00:00+00:00
[2025-10-07T22:08:26.843+0000] {processor.py:183} INFO - Processing /home/airflow/.local/lib/python3.12/site-packages/airflow/example_dags/example_nested_branch_dag.py took 0.048 seconds
[2025-10-07T22:08:56.895+0000] {processor.py:161} INFO - Started process (PID=1133) to work on /home/airflow/.local/lib/python3.12/site-packages/airflow/example_dags/example_nested_branch_dag.py
[2025-10-07T22:08:56.896+0000] {processor.py:830} INFO - Processing file /home/airflow/.local/lib/python3.12/site-packages/airflow/example_dags/example_nested_branch_dag.py for tasks to queue
[2025-10-07T22:08:56.897+0000] {logging_mixin.py:188} INFO - [2025-10-07T22:08:56.897+0000] {dagbag.py:545} INFO - Filling up the DagBag from /home/airflow/.local/lib/python3.12/site-packages/airflow/example_dags/example_nested_branch_dag.py
[2025-10-07T22:08:56.902+0000] {processor.py:840} INFO - DAG(s) 'example_nested_branch_dag' retrieved from /home/airflow/.local/lib/python3.12/site-packages/airflow/example_dags/example_nested_branch_dag.py
[2025-10-07T22:08:56.917+0000] {logging_mixin.py:188} INFO - [2025-10-07T22:08:56.917+0000] {dag.py:3096} INFO - Sync 1 DAGs
[2025-10-07T22:08:56.928+0000] {logging_mixin.py:188} INFO - [2025-10-07T22:08:56.928+0000] {dag.py:3954} INFO - Setting next_dagrun for example_nested_branch_dag to 2025-10-06 00:00:00+00:00, run_after=2025-10-07 00:00:00+00:00
[2025-10-07T22:08:56.941+0000] {processor.py:183} INFO - Processing /home/airflow/.local/lib/python3.12/site-packages/airflow/example_dags/example_nested_branch_dag.py took 0.049 seconds
[2025-10-07T22:09:27.151+0000] {processor.py:161} INFO - Started process (PID=1192) to work on /home/airflow/.local/lib/python3.12/site-packages/airflow/example_dags/example_nested_branch_dag.py
[2025-10-07T22:09:27.152+0000] {processor.py:830} INFO - Processing file /home/airflow/.local/lib/python3.12/site-packages/airflow/example_dags/example_nested_branch_dag.py for tasks to queue
[2025-10-07T22:09:27.153+0000] {logging_mixin.py:188} INFO - [2025-10-07T22:09:27.153+0000] {dagbag.py:545} INFO - Filling up the DagBag from /home/airflow/.local/lib/python3.12/site-packages/airflow/example_dags/example_nested_branch_dag.py
[2025-10-07T22:09:27.158+0000] {processor.py:840} INFO - DAG(s) 'example_nested_branch_dag' retrieved from /home/airflow/.local/lib/python3.12/site-packages/airflow/example_dags/example_nested_branch_dag.py
[2025-10-07T22:09:27.169+0000] {logging_mixin.py:188} INFO - [2025-10-07T22:09:27.169+0000] {dag.py:3096} INFO - Sync 1 DAGs
[2025-10-07T22:09:27.180+0000] {logging_mixin.py:188} INFO - [2025-10-07T22:09:27.179+0000] {dag.py:3954} INFO - Setting next_dagrun for example_nested_branch_dag to 2025-10-06 00:00:00+00:00, run_after=2025-10-07 00:00:00+00:00
[2025-10-07T22:09:27.191+0000] {processor.py:183} INFO - Processing /home/airflow/.local/lib/python3.12/site-packages/airflow/example_dags/example_nested_branch_dag.py took 0.042 seconds
[2025-10-07T22:09:57.337+0000] {processor.py:161} INFO - Started process (PID=1251) to work on /home/airflow/.local/lib/python3.12/site-packages/airflow/example_dags/example_nested_branch_dag.py
[2025-10-07T22:09:57.338+0000] {processor.py:830} INFO - Processing file /home/airflow/.local/lib/python3.12/site-packages/airflow/example_dags/example_nested_branch_dag.py for tasks to queue
[2025-10-07T22:09:57.339+0000] {logging_mixin.py:188} INFO - [2025-10-07T22:09:57.339+0000] {dagbag.py:545} INFO - Filling up the DagBag from /home/airflow/.local/lib/python3.12/site-packages/airflow/example_dags/example_nested_branch_dag.py
[2025-10-07T22:09:57.345+0000] {processor.py:840} INFO - DAG(s) 'example_nested_branch_dag' retrieved from /home/airflow/.local/lib/python3.12/site-packages/airflow/example_dags/example_nested_branch_dag.py
[2025-10-07T22:09:57.356+0000] {logging_mixin.py:188} INFO - [2025-10-07T22:09:57.356+0000] {dag.py:3096} INFO - Sync 1 DAGs
[2025-10-07T22:09:57.368+0000] {logging_mixin.py:188} INFO - [2025-10-07T22:09:57.368+0000] {dag.py:3954} INFO - Setting next_dagrun for example_nested_branch_dag to 2025-10-06 00:00:00+00:00, run_after=2025-10-07 00:00:00+00:00
[2025-10-07T22:09:57.380+0000] {processor.py:183} INFO - Processing /home/airflow/.local/lib/python3.12/site-packages/airflow/example_dags/example_nested_branch_dag.py took 0.046 seconds
[2025-10-07T22:10:27.518+0000] {processor.py:161} INFO - Started process (PID=1310) to work on /home/airflow/.local/lib/python3.12/site-packages/airflow/example_dags/example_nested_branch_dag.py
[2025-10-07T22:10:27.519+0000] {processor.py:830} INFO - Processing file /home/airflow/.local/lib/python3.12/site-packages/airflow/example_dags/example_nested_branch_dag.py for tasks to queue
[2025-10-07T22:10:27.520+0000] {logging_mixin.py:188} INFO - [2025-10-07T22:10:27.519+0000] {dagbag.py:545} INFO - Filling up the DagBag from /home/airflow/.local/lib/python3.12/site-packages/airflow/example_dags/example_nested_branch_dag.py
[2025-10-07T22:10:27.525+0000] {processor.py:840} INFO - DAG(s) 'example_nested_branch_dag' retrieved from /home/airflow/.local/lib/python3.12/site-packages/airflow/example_dags/example_nested_branch_dag.py
[2025-10-07T22:10:27.535+0000] {logging_mixin.py:188} INFO - [2025-10-07T22:10:27.535+0000] {dag.py:3096} INFO - Sync 1 DAGs
[2025-10-07T22:10:27.546+0000] {logging_mixin.py:188} INFO - [2025-10-07T22:10:27.546+0000] {dag.py:3954} INFO - Setting next_dagrun for example_nested_branch_dag to 2025-10-06 00:00:00+00:00, run_after=2025-10-07 00:00:00+00:00
[2025-10-07T22:10:27.559+0000] {processor.py:183} INFO - Processing /home/airflow/.local/lib/python3.12/site-packages/airflow/example_dags/example_nested_branch_dag.py took 0.044 seconds
[2025-10-07T22:10:57.652+0000] {processor.py:161} INFO - Started process (PID=1369) to work on /home/airflow/.local/lib/python3.12/site-packages/airflow/example_dags/example_nested_branch_dag.py
[2025-10-07T22:10:57.652+0000] {processor.py:830} INFO - Processing file /home/airflow/.local/lib/python3.12/site-packages/airflow/example_dags/example_nested_branch_dag.py for tasks to queue
[2025-10-07T22:10:57.653+0000] {logging_mixin.py:188} INFO - [2025-10-07T22:10:57.653+0000] {dagbag.py:545} INFO - Filling up the DagBag from /home/airflow/.local/lib/python3.12/site-packages/airflow/example_dags/example_nested_branch_dag.py
[2025-10-07T22:10:57.659+0000] {processor.py:840} INFO - DAG(s) 'example_nested_branch_dag' retrieved from /home/airflow/.local/lib/python3.12/site-packages/airflow/example_dags/example_nested_branch_dag.py
[2025-10-07T22:10:57.670+0000] {logging_mixin.py:188} INFO - [2025-10-07T22:10:57.670+0000] {dag.py:3096} INFO - Sync 1 DAGs
[2025-10-07T22:10:57.682+0000] {logging_mixin.py:188} INFO - [2025-10-07T22:10:57.682+0000] {dag.py:3954} INFO - Setting next_dagrun for example_nested_branch_dag to 2025-10-06 00:00:00+00:00, run_after=2025-10-07 00:00:00+00:00
[2025-10-07T22:10:57.695+0000] {processor.py:183} INFO - Processing /home/airflow/.local/lib/python3.12/site-packages/airflow/example_dags/example_nested_branch_dag.py took 0.046 seconds
[2025-10-07T22:11:27.760+0000] {processor.py:161} INFO - Started process (PID=1428) to work on /home/airflow/.local/lib/python3.12/site-packages/airflow/example_dags/example_nested_branch_dag.py
[2025-10-07T22:11:27.761+0000] {processor.py:830} INFO - Processing file /home/airflow/.local/lib/python3.12/site-packages/airflow/example_dags/example_nested_branch_dag.py for tasks to queue
[2025-10-07T22:11:27.762+0000] {logging_mixin.py:188} INFO - [2025-10-07T22:11:27.762+0000] {dagbag.py:545} INFO - Filling up the DagBag from /home/airflow/.local/lib/python3.12/site-packages/airflow/example_dags/example_nested_branch_dag.py
[2025-10-07T22:11:27.767+0000] {processor.py:840} INFO - DAG(s) 'example_nested_branch_dag' retrieved from /home/airflow/.local/lib/python3.12/site-packages/airflow/example_dags/example_nested_branch_dag.py
[2025-10-07T22:11:27.780+0000] {logging_mixin.py:188} INFO - [2025-10-07T22:11:27.780+0000] {dag.py:3096} INFO - Sync 1 DAGs
[2025-10-07T22:11:27.790+0000] {logging_mixin.py:188} INFO - [2025-10-07T22:11:27.790+0000] {dag.py:3954} INFO - Setting next_dagrun for example_nested_branch_dag to 2025-10-06 00:00:00+00:00, run_after=2025-10-07 00:00:00+00:00
[2025-10-07T22:11:27.803+0000] {processor.py:183} INFO - Processing /home/airflow/.local/lib/python3.12/site-packages/airflow/example_dags/example_nested_branch_dag.py took 0.045 seconds
[2025-10-07T22:11:57.862+0000] {processor.py:161} INFO - Started process (PID=1487) to work on /home/airflow/.local/lib/python3.12/site-packages/airflow/example_dags/example_nested_branch_dag.py
[2025-10-07T22:11:57.862+0000] {processor.py:830} INFO - Processing file /home/airflow/.local/lib/python3.12/site-packages/airflow/example_dags/example_nested_branch_dag.py for tasks to queue
[2025-10-07T22:11:57.863+0000] {logging_mixin.py:188} INFO - [2025-10-07T22:11:57.863+0000] {dagbag.py:545} INFO - Filling up the DagBag from /home/airflow/.local/lib/python3.12/site-packages/airflow/example_dags/example_nested_branch_dag.py
[2025-10-07T22:11:57.868+0000] {processor.py:840} INFO - DAG(s) 'example_nested_branch_dag' retrieved from /home/airflow/.local/lib/python3.12/site-packages/airflow/example_dags/example_nested_branch_dag.py
[2025-10-07T22:11:57.879+0000] {logging_mixin.py:188} INFO - [2025-10-07T22:11:57.879+0000] {dag.py:3096} INFO - Sync 1 DAGs
[2025-10-07T22:11:57.890+0000] {logging_mixin.py:188} INFO - [2025-10-07T22:11:57.890+0000] {dag.py:3954} INFO - Setting next_dagrun for example_nested_branch_dag to 2025-10-06 00:00:00+00:00, run_after=2025-10-07 00:00:00+00:00
[2025-10-07T22:11:57.899+0000] {processor.py:183} INFO - Processing /home/airflow/.local/lib/python3.12/site-packages/airflow/example_dags/example_nested_branch_dag.py took 0.041 seconds
[2025-10-07T22:12:28.107+0000] {processor.py:161} INFO - Started process (PID=1546) to work on /home/airflow/.local/lib/python3.12/site-packages/airflow/example_dags/example_nested_branch_dag.py
[2025-10-07T22:12:28.108+0000] {processor.py:830} INFO - Processing file /home/airflow/.local/lib/python3.12/site-packages/airflow/example_dags/example_nested_branch_dag.py for tasks to queue
[2025-10-07T22:12:28.110+0000] {logging_mixin.py:188} INFO - [2025-10-07T22:12:28.109+0000] {dagbag.py:545} INFO - Filling up the DagBag from /home/airflow/.local/lib/python3.12/site-packages/airflow/example_dags/example_nested_branch_dag.py
[2025-10-07T22:12:28.116+0000] {processor.py:840} INFO - DAG(s) 'example_nested_branch_dag' retrieved from /home/airflow/.local/lib/python3.12/site-packages/airflow/example_dags/example_nested_branch_dag.py
[2025-10-07T22:12:28.130+0000] {logging_mixin.py:188} INFO - [2025-10-07T22:12:28.130+0000] {dag.py:3096} INFO - Sync 1 DAGs
[2025-10-07T22:12:28.141+0000] {logging_mixin.py:188} INFO - [2025-10-07T22:12:28.141+0000] {dag.py:3954} INFO - Setting next_dagrun for example_nested_branch_dag to 2025-10-06 00:00:00+00:00, run_after=2025-10-07 00:00:00+00:00
[2025-10-07T22:12:28.152+0000] {processor.py:183} INFO - Processing /home/airflow/.local/lib/python3.12/site-packages/airflow/example_dags/example_nested_branch_dag.py took 0.050 seconds
[2025-10-07T22:12:58.270+0000] {processor.py:161} INFO - Started process (PID=1605) to work on /home/airflow/.local/lib/python3.12/site-packages/airflow/example_dags/example_nested_branch_dag.py
[2025-10-07T22:12:58.271+0000] {processor.py:830} INFO - Processing file /home/airflow/.local/lib/python3.12/site-packages/airflow/example_dags/example_nested_branch_dag.py for tasks to queue
[2025-10-07T22:12:58.272+0000] {logging_mixin.py:188} INFO - [2025-10-07T22:12:58.272+0000] {dagbag.py:545} INFO - Filling up the DagBag from /home/airflow/.local/lib/python3.12/site-packages/airflow/example_dags/example_nested_branch_dag.py
[2025-10-07T22:12:58.278+0000] {processor.py:840} INFO - DAG(s) 'example_nested_branch_dag' retrieved from /home/airflow/.local/lib/python3.12/site-packages/airflow/example_dags/example_nested_branch_dag.py
[2025-10-07T22:12:58.292+0000] {logging_mixin.py:188} INFO - [2025-10-07T22:12:58.292+0000] {dag.py:3096} INFO - Sync 1 DAGs
[2025-10-07T22:12:58.303+0000] {logging_mixin.py:188} INFO - [2025-10-07T22:12:58.303+0000] {dag.py:3954} INFO - Setting next_dagrun for example_nested_branch_dag to 2025-10-06 00:00:00+00:00, run_after=2025-10-07 00:00:00+00:00
[2025-10-07T22:12:58.316+0000] {processor.py:183} INFO - Processing /home/airflow/.local/lib/python3.12/site-packages/airflow/example_dags/example_nested_branch_dag.py took 0.048 seconds
[2025-10-07T22:13:28.538+0000] {processor.py:161} INFO - Started process (PID=1664) to work on /home/airflow/.local/lib/python3.12/site-packages/airflow/example_dags/example_nested_branch_dag.py
[2025-10-07T22:13:28.539+0000] {processor.py:830} INFO - Processing file /home/airflow/.local/lib/python3.12/site-packages/airflow/example_dags/example_nested_branch_dag.py for tasks to queue
[2025-10-07T22:13:28.540+0000] {logging_mixin.py:188} INFO - [2025-10-07T22:13:28.540+0000] {dagbag.py:545} INFO - Filling up the DagBag from /home/airflow/.local/lib/python3.12/site-packages/airflow/example_dags/example_nested_branch_dag.py
[2025-10-07T22:13:28.545+0000] {processor.py:840} INFO - DAG(s) 'example_nested_branch_dag' retrieved from /home/airflow/.local/lib/python3.12/site-packages/airflow/example_dags/example_nested_branch_dag.py
[2025-10-07T22:13:28.557+0000] {logging_mixin.py:188} INFO - [2025-10-07T22:13:28.557+0000] {dag.py:3096} INFO - Sync 1 DAGs
[2025-10-07T22:13:28.568+0000] {logging_mixin.py:188} INFO - [2025-10-07T22:13:28.568+0000] {dag.py:3954} INFO - Setting next_dagrun for example_nested_branch_dag to 2025-10-06 00:00:00+00:00, run_after=2025-10-07 00:00:00+00:00
[2025-10-07T22:13:28.579+0000] {processor.py:183} INFO - Processing /home/airflow/.local/lib/python3.12/site-packages/airflow/example_dags/example_nested_branch_dag.py took 0.045 seconds
[2025-10-07T22:13:58.696+0000] {processor.py:161} INFO - Started process (PID=1723) to work on /home/airflow/.local/lib/python3.12/site-packages/airflow/example_dags/example_nested_branch_dag.py
[2025-10-07T22:13:58.698+0000] {processor.py:830} INFO - Processing file /home/airflow/.local/lib/python3.12/site-packages/airflow/example_dags/example_nested_branch_dag.py for tasks to queue
[2025-10-07T22:13:58.699+0000] {logging_mixin.py:188} INFO - [2025-10-07T22:13:58.699+0000] {dagbag.py:545} INFO - Filling up the DagBag from /home/airflow/.local/lib/python3.12/site-packages/airflow/example_dags/example_nested_branch_dag.py
[2025-10-07T22:13:58.704+0000] {processor.py:840} INFO - DAG(s) 'example_nested_branch_dag' retrieved from /home/airflow/.local/lib/python3.12/site-packages/airflow/example_dags/example_nested_branch_dag.py
[2025-10-07T22:13:58.717+0000] {logging_mixin.py:188} INFO - [2025-10-07T22:13:58.717+0000] {dag.py:3096} INFO - Sync 1 DAGs
[2025-10-07T22:13:58.728+0000] {logging_mixin.py:188} INFO - [2025-10-07T22:13:58.728+0000] {dag.py:3954} INFO - Setting next_dagrun for example_nested_branch_dag to 2025-10-06 00:00:00+00:00, run_after=2025-10-07 00:00:00+00:00
[2025-10-07T22:13:58.738+0000] {processor.py:183} INFO - Processing /home/airflow/.local/lib/python3.12/site-packages/airflow/example_dags/example_nested_branch_dag.py took 0.045 seconds
[2025-10-07T22:14:29.132+0000] {processor.py:161} INFO - Started process (PID=1782) to work on /home/airflow/.local/lib/python3.12/site-packages/airflow/example_dags/example_nested_branch_dag.py
[2025-10-07T22:14:29.134+0000] {processor.py:830} INFO - Processing file /home/airflow/.local/lib/python3.12/site-packages/airflow/example_dags/example_nested_branch_dag.py for tasks to queue
[2025-10-07T22:14:29.135+0000] {logging_mixin.py:188} INFO - [2025-10-07T22:14:29.134+0000] {dagbag.py:545} INFO - Filling up the DagBag from /home/airflow/.local/lib/python3.12/site-packages/airflow/example_dags/example_nested_branch_dag.py
[2025-10-07T22:14:29.140+0000] {processor.py:840} INFO - DAG(s) 'example_nested_branch_dag' retrieved from /home/airflow/.local/lib/python3.12/site-packages/airflow/example_dags/example_nested_branch_dag.py
[2025-10-07T22:14:29.151+0000] {logging_mixin.py:188} INFO - [2025-10-07T22:14:29.151+0000] {dag.py:3096} INFO - Sync 1 DAGs
[2025-10-07T22:14:29.164+0000] {logging_mixin.py:188} INFO - [2025-10-07T22:14:29.164+0000] {dag.py:3954} INFO - Setting next_dagrun for example_nested_branch_dag to 2025-10-06 00:00:00+00:00, run_after=2025-10-07 00:00:00+00:00
[2025-10-07T22:14:29.175+0000] {processor.py:183} INFO - Processing /home/airflow/.local/lib/python3.12/site-packages/airflow/example_dags/example_nested_branch_dag.py took 0.047 seconds
[2025-10-07T22:14:59.426+0000] {processor.py:161} INFO - Started process (PID=1841) to work on /home/airflow/.local/lib/python3.12/site-packages/airflow/example_dags/example_nested_branch_dag.py
[2025-10-07T22:14:59.428+0000] {processor.py:830} INFO - Processing file /home/airflow/.local/lib/python3.12/site-packages/airflow/example_dags/example_nested_branch_dag.py for tasks to queue
[2025-10-07T22:14:59.430+0000] {logging_mixin.py:188} INFO - [2025-10-07T22:14:59.430+0000] {dagbag.py:545} INFO - Filling up the DagBag from /home/airflow/.local/lib/python3.12/site-packages/airflow/example_dags/example_nested_branch_dag.py
[2025-10-07T22:14:59.441+0000] {processor.py:840} INFO - DAG(s) 'example_nested_branch_dag' retrieved from /home/airflow/.local/lib/python3.12/site-packages/airflow/example_dags/example_nested_branch_dag.py
[2025-10-07T22:14:59.459+0000] {logging_mixin.py:188} INFO - [2025-10-07T22:14:59.459+0000] {dag.py:3096} INFO - Sync 1 DAGs
[2025-10-07T22:14:59.472+0000] {logging_mixin.py:188} INFO - [2025-10-07T22:14:59.472+0000] {dag.py:3954} INFO - Setting next_dagrun for example_nested_branch_dag to 2025-10-06 00:00:00+00:00, run_after=2025-10-07 00:00:00+00:00
[2025-10-07T22:14:59.483+0000] {processor.py:183} INFO - Processing /home/airflow/.local/lib/python3.12/site-packages/airflow/example_dags/example_nested_branch_dag.py took 0.063 seconds
[2025-10-07T22:15:30.665+0000] {processor.py:161} INFO - Started process (PID=1900) to work on /home/airflow/.local/lib/python3.12/site-packages/airflow/example_dags/example_nested_branch_dag.py
[2025-10-07T22:15:30.666+0000] {processor.py:830} INFO - Processing file /home/airflow/.local/lib/python3.12/site-packages/airflow/example_dags/example_nested_branch_dag.py for tasks to queue
[2025-10-07T22:15:30.669+0000] {logging_mixin.py:188} INFO - [2025-10-07T22:15:30.668+0000] {dagbag.py:545} INFO - Filling up the DagBag from /home/airflow/.local/lib/python3.12/site-packages/airflow/example_dags/example_nested_branch_dag.py
[2025-10-07T22:15:30.680+0000] {processor.py:840} INFO - DAG(s) 'example_nested_branch_dag' retrieved from /home/airflow/.local/lib/python3.12/site-packages/airflow/example_dags/example_nested_branch_dag.py
[2025-10-07T22:15:30.710+0000] {logging_mixin.py:188} INFO - [2025-10-07T22:15:30.710+0000] {dag.py:3096} INFO - Sync 1 DAGs
[2025-10-07T22:15:30.839+0000] {logging_mixin.py:188} INFO - [2025-10-07T22:15:30.839+0000] {dag.py:3954} INFO - Setting next_dagrun for example_nested_branch_dag to 2025-10-06 00:00:00+00:00, run_after=2025-10-07 00:00:00+00:00
[2025-10-07T22:15:30.850+0000] {processor.py:183} INFO - Processing /home/airflow/.local/lib/python3.12/site-packages/airflow/example_dags/example_nested_branch_dag.py took 0.190 seconds
[2025-10-07T22:16:01.362+0000] {processor.py:161} INFO - Started process (PID=1959) to work on /home/airflow/.local/lib/python3.12/site-packages/airflow/example_dags/example_nested_branch_dag.py
[2025-10-07T22:16:01.362+0000] {processor.py:830} INFO - Processing file /home/airflow/.local/lib/python3.12/site-packages/airflow/example_dags/example_nested_branch_dag.py for tasks to queue
[2025-10-07T22:16:01.363+0000] {logging_mixin.py:188} INFO - [2025-10-07T22:16:01.363+0000] {dagbag.py:545} INFO - Filling up the DagBag from /home/airflow/.local/lib/python3.12/site-packages/airflow/example_dags/example_nested_branch_dag.py
[2025-10-07T22:16:01.369+0000] {processor.py:840} INFO - DAG(s) 'example_nested_branch_dag' retrieved from /home/airflow/.local/lib/python3.12/site-packages/airflow/example_dags/example_nested_branch_dag.py
[2025-10-07T22:16:01.383+0000] {logging_mixin.py:188} INFO - [2025-10-07T22:16:01.382+0000] {dag.py:3096} INFO - Sync 1 DAGs
[2025-10-07T22:16:01.396+0000] {logging_mixin.py:188} INFO - [2025-10-07T22:16:01.395+0000] {dag.py:3954} INFO - Setting next_dagrun for example_nested_branch_dag to 2025-10-06 00:00:00+00:00, run_after=2025-10-07 00:00:00+00:00
[2025-10-07T22:16:01.506+0000] {processor.py:183} INFO - Processing /home/airflow/.local/lib/python3.12/site-packages/airflow/example_dags/example_nested_branch_dag.py took 0.147 seconds
[2025-10-07T22:16:32.265+0000] {processor.py:161} INFO - Started process (PID=2018) to work on /home/airflow/.local/lib/python3.12/site-packages/airflow/example_dags/example_nested_branch_dag.py
[2025-10-07T22:16:32.266+0000] {processor.py:830} INFO - Processing file /home/airflow/.local/lib/python3.12/site-packages/airflow/example_dags/example_nested_branch_dag.py for tasks to queue
[2025-10-07T22:16:32.269+0000] {logging_mixin.py:188} INFO - [2025-10-07T22:16:32.269+0000] {dagbag.py:545} INFO - Filling up the DagBag from /home/airflow/.local/lib/python3.12/site-packages/airflow/example_dags/example_nested_branch_dag.py
[2025-10-07T22:16:32.275+0000] {processor.py:840} INFO - DAG(s) 'example_nested_branch_dag' retrieved from /home/airflow/.local/lib/python3.12/site-packages/airflow/example_dags/example_nested_branch_dag.py
[2025-10-07T22:16:32.285+0000] {logging_mixin.py:188} INFO - [2025-10-07T22:16:32.285+0000] {dag.py:3096} INFO - Sync 1 DAGs
[2025-10-07T22:16:32.296+0000] {logging_mixin.py:188} INFO - [2025-10-07T22:16:32.296+0000] {dag.py:3954} INFO - Setting next_dagrun for example_nested_branch_dag to 2025-10-06 00:00:00+00:00, run_after=2025-10-07 00:00:00+00:00
[2025-10-07T22:16:32.399+0000] {processor.py:183} INFO - Processing /home/airflow/.local/lib/python3.12/site-packages/airflow/example_dags/example_nested_branch_dag.py took 0.137 seconds
[2025-10-07T22:17:02.969+0000] {processor.py:161} INFO - Started process (PID=2077) to work on /home/airflow/.local/lib/python3.12/site-packages/airflow/example_dags/example_nested_branch_dag.py
[2025-10-07T22:17:02.972+0000] {processor.py:830} INFO - Processing file /home/airflow/.local/lib/python3.12/site-packages/airflow/example_dags/example_nested_branch_dag.py for tasks to queue
[2025-10-07T22:17:02.973+0000] {logging_mixin.py:188} INFO - [2025-10-07T22:17:02.973+0000] {dagbag.py:545} INFO - Filling up the DagBag from /home/airflow/.local/lib/python3.12/site-packages/airflow/example_dags/example_nested_branch_dag.py
[2025-10-07T22:17:02.978+0000] {processor.py:840} INFO - DAG(s) 'example_nested_branch_dag' retrieved from /home/airflow/.local/lib/python3.12/site-packages/airflow/example_dags/example_nested_branch_dag.py
[2025-10-07T22:17:02.990+0000] {logging_mixin.py:188} INFO - [2025-10-07T22:17:02.990+0000] {dag.py:3096} INFO - Sync 1 DAGs
[2025-10-07T22:17:03.004+0000] {logging_mixin.py:188} INFO - [2025-10-07T22:17:03.004+0000] {dag.py:3954} INFO - Setting next_dagrun for example_nested_branch_dag to 2025-10-06 00:00:00+00:00, run_after=2025-10-07 00:00:00+00:00
[2025-10-07T22:17:03.015+0000] {processor.py:183} INFO - Processing /home/airflow/.local/lib/python3.12/site-packages/airflow/example_dags/example_nested_branch_dag.py took 0.049 seconds
[2025-10-07T22:17:33.042+0000] {processor.py:161} INFO - Started process (PID=2136) to work on /home/airflow/.local/lib/python3.12/site-packages/airflow/example_dags/example_nested_branch_dag.py
[2025-10-07T22:17:33.044+0000] {processor.py:830} INFO - Processing file /home/airflow/.local/lib/python3.12/site-packages/airflow/example_dags/example_nested_branch_dag.py for tasks to queue
[2025-10-07T22:17:33.045+0000] {logging_mixin.py:188} INFO - [2025-10-07T22:17:33.045+0000] {dagbag.py:545} INFO - Filling up the DagBag from /home/airflow/.local/lib/python3.12/site-packages/airflow/example_dags/example_nested_branch_dag.py
[2025-10-07T22:17:33.051+0000] {processor.py:840} INFO - DAG(s) 'example_nested_branch_dag' retrieved from /home/airflow/.local/lib/python3.12/site-packages/airflow/example_dags/example_nested_branch_dag.py
[2025-10-07T22:17:33.061+0000] {logging_mixin.py:188} INFO - [2025-10-07T22:17:33.061+0000] {dag.py:3096} INFO - Sync 1 DAGs
[2025-10-07T22:17:33.072+0000] {logging_mixin.py:188} INFO - [2025-10-07T22:17:33.072+0000] {dag.py:3954} INFO - Setting next_dagrun for example_nested_branch_dag to 2025-10-06 00:00:00+00:00, run_after=2025-10-07 00:00:00+00:00
[2025-10-07T22:17:33.083+0000] {processor.py:183} INFO - Processing /home/airflow/.local/lib/python3.12/site-packages/airflow/example_dags/example_nested_branch_dag.py took 0.044 seconds
[2025-10-07T22:18:03.148+0000] {processor.py:161} INFO - Started process (PID=2195) to work on /home/airflow/.local/lib/python3.12/site-packages/airflow/example_dags/example_nested_branch_dag.py
[2025-10-07T22:18:03.151+0000] {processor.py:830} INFO - Processing file /home/airflow/.local/lib/python3.12/site-packages/airflow/example_dags/example_nested_branch_dag.py for tasks to queue
[2025-10-07T22:18:03.152+0000] {logging_mixin.py:188} INFO - [2025-10-07T22:18:03.152+0000] {dagbag.py:545} INFO - Filling up the DagBag from /home/airflow/.local/lib/python3.12/site-packages/airflow/example_dags/example_nested_branch_dag.py
[2025-10-07T22:18:03.159+0000] {processor.py:840} INFO - DAG(s) 'example_nested_branch_dag' retrieved from /home/airflow/.local/lib/python3.12/site-packages/airflow/example_dags/example_nested_branch_dag.py
[2025-10-07T22:18:03.181+0000] {logging_mixin.py:188} INFO - [2025-10-07T22:18:03.181+0000] {dag.py:3096} INFO - Sync 1 DAGs
[2025-10-07T22:18:03.193+0000] {logging_mixin.py:188} INFO - [2025-10-07T22:18:03.193+0000] {dag.py:3954} INFO - Setting next_dagrun for example_nested_branch_dag to 2025-10-06 00:00:00+00:00, run_after=2025-10-07 00:00:00+00:00
[2025-10-07T22:18:03.208+0000] {processor.py:183} INFO - Processing /home/airflow/.local/lib/python3.12/site-packages/airflow/example_dags/example_nested_branch_dag.py took 0.063 seconds
[2025-10-07T22:18:33.298+0000] {processor.py:161} INFO - Started process (PID=2254) to work on /home/airflow/.local/lib/python3.12/site-packages/airflow/example_dags/example_nested_branch_dag.py
[2025-10-07T22:18:33.300+0000] {processor.py:830} INFO - Processing file /home/airflow/.local/lib/python3.12/site-packages/airflow/example_dags/example_nested_branch_dag.py for tasks to queue
[2025-10-07T22:18:33.301+0000] {logging_mixin.py:188} INFO - [2025-10-07T22:18:33.300+0000] {dagbag.py:545} INFO - Filling up the DagBag from /home/airflow/.local/lib/python3.12/site-packages/airflow/example_dags/example_nested_branch_dag.py
[2025-10-07T22:18:33.306+0000] {processor.py:840} INFO - DAG(s) 'example_nested_branch_dag' retrieved from /home/airflow/.local/lib/python3.12/site-packages/airflow/example_dags/example_nested_branch_dag.py
[2025-10-07T22:18:33.319+0000] {logging_mixin.py:188} INFO - [2025-10-07T22:18:33.319+0000] {dag.py:3096} INFO - Sync 1 DAGs
[2025-10-07T22:18:33.331+0000] {logging_mixin.py:188} INFO - [2025-10-07T22:18:33.331+0000] {dag.py:3954} INFO - Setting next_dagrun for example_nested_branch_dag to 2025-10-06 00:00:00+00:00, run_after=2025-10-07 00:00:00+00:00
[2025-10-07T22:18:33.345+0000] {processor.py:183} INFO - Processing /home/airflow/.local/lib/python3.12/site-packages/airflow/example_dags/example_nested_branch_dag.py took 0.050 seconds
[2025-10-07T22:19:16.795+0000] {processor.py:161} INFO - Started process (PID=65) to work on /home/airflow/.local/lib/python3.12/site-packages/airflow/example_dags/example_nested_branch_dag.py
[2025-10-07T22:19:16.797+0000] {processor.py:830} INFO - Processing file /home/airflow/.local/lib/python3.12/site-packages/airflow/example_dags/example_nested_branch_dag.py for tasks to queue
[2025-10-07T22:19:16.799+0000] {logging_mixin.py:188} INFO - [2025-10-07T22:19:16.799+0000] {dagbag.py:545} INFO - Filling up the DagBag from /home/airflow/.local/lib/python3.12/site-packages/airflow/example_dags/example_nested_branch_dag.py
[2025-10-07T22:19:16.807+0000] {processor.py:840} INFO - DAG(s) 'example_nested_branch_dag' retrieved from /home/airflow/.local/lib/python3.12/site-packages/airflow/example_dags/example_nested_branch_dag.py
[2025-10-07T22:19:16.817+0000] {logging_mixin.py:188} INFO - [2025-10-07T22:19:16.816+0000] {dag.py:3096} INFO - Sync 1 DAGs
[2025-10-07T22:19:16.832+0000] {logging_mixin.py:188} INFO - [2025-10-07T22:19:16.832+0000] {dag.py:3954} INFO - Setting next_dagrun for example_nested_branch_dag to 2025-10-06 00:00:00+00:00, run_after=2025-10-07 00:00:00+00:00
[2025-10-07T22:19:16.848+0000] {processor.py:183} INFO - Processing /home/airflow/.local/lib/python3.12/site-packages/airflow/example_dags/example_nested_branch_dag.py took 0.059 seconds
[2025-10-07T22:19:47.782+0000] {processor.py:161} INFO - Started process (PID=124) to work on /home/airflow/.local/lib/python3.12/site-packages/airflow/example_dags/example_nested_branch_dag.py
[2025-10-07T22:19:47.782+0000] {processor.py:830} INFO - Processing file /home/airflow/.local/lib/python3.12/site-packages/airflow/example_dags/example_nested_branch_dag.py for tasks to queue
[2025-10-07T22:19:47.783+0000] {logging_mixin.py:188} INFO - [2025-10-07T22:19:47.783+0000] {dagbag.py:545} INFO - Filling up the DagBag from /home/airflow/.local/lib/python3.12/site-packages/airflow/example_dags/example_nested_branch_dag.py
[2025-10-07T22:19:47.789+0000] {processor.py:840} INFO - DAG(s) 'example_nested_branch_dag' retrieved from /home/airflow/.local/lib/python3.12/site-packages/airflow/example_dags/example_nested_branch_dag.py
[2025-10-07T22:19:47.843+0000] {logging_mixin.py:188} INFO - [2025-10-07T22:19:47.843+0000] {dag.py:3096} INFO - Sync 1 DAGs
[2025-10-07T22:19:47.853+0000] {logging_mixin.py:188} INFO - [2025-10-07T22:19:47.853+0000] {dag.py:3954} INFO - Setting next_dagrun for example_nested_branch_dag to 2025-10-06 00:00:00+00:00, run_after=2025-10-07 00:00:00+00:00
[2025-10-07T22:19:47.868+0000] {processor.py:183} INFO - Processing /home/airflow/.local/lib/python3.12/site-packages/airflow/example_dags/example_nested_branch_dag.py took 0.090 seconds
[2025-10-07T22:20:18.495+0000] {processor.py:161} INFO - Started process (PID=189) to work on /home/airflow/.local/lib/python3.12/site-packages/airflow/example_dags/example_nested_branch_dag.py
[2025-10-07T22:20:18.496+0000] {processor.py:830} INFO - Processing file /home/airflow/.local/lib/python3.12/site-packages/airflow/example_dags/example_nested_branch_dag.py for tasks to queue
[2025-10-07T22:20:18.498+0000] {logging_mixin.py:188} INFO - [2025-10-07T22:20:18.498+0000] {dagbag.py:545} INFO - Filling up the DagBag from /home/airflow/.local/lib/python3.12/site-packages/airflow/example_dags/example_nested_branch_dag.py
[2025-10-07T22:20:18.503+0000] {processor.py:840} INFO - DAG(s) 'example_nested_branch_dag' retrieved from /home/airflow/.local/lib/python3.12/site-packages/airflow/example_dags/example_nested_branch_dag.py
[2025-10-07T22:20:18.518+0000] {logging_mixin.py:188} INFO - [2025-10-07T22:20:18.518+0000] {dag.py:3096} INFO - Sync 1 DAGs
[2025-10-07T22:20:18.529+0000] {logging_mixin.py:188} INFO - [2025-10-07T22:20:18.529+0000] {dag.py:3954} INFO - Setting next_dagrun for example_nested_branch_dag to 2025-10-06 00:00:00+00:00, run_after=2025-10-07 00:00:00+00:00
[2025-10-07T22:20:18.538+0000] {processor.py:183} INFO - Processing /home/airflow/.local/lib/python3.12/site-packages/airflow/example_dags/example_nested_branch_dag.py took 0.046 seconds
[2025-10-07T22:20:48.926+0000] {processor.py:161} INFO - Started process (PID=248) to work on /home/airflow/.local/lib/python3.12/site-packages/airflow/example_dags/example_nested_branch_dag.py
[2025-10-07T22:20:48.927+0000] {processor.py:830} INFO - Processing file /home/airflow/.local/lib/python3.12/site-packages/airflow/example_dags/example_nested_branch_dag.py for tasks to queue
[2025-10-07T22:20:48.929+0000] {logging_mixin.py:188} INFO - [2025-10-07T22:20:48.928+0000] {dagbag.py:545} INFO - Filling up the DagBag from /home/airflow/.local/lib/python3.12/site-packages/airflow/example_dags/example_nested_branch_dag.py
[2025-10-07T22:20:48.935+0000] {processor.py:840} INFO - DAG(s) 'example_nested_branch_dag' retrieved from /home/airflow/.local/lib/python3.12/site-packages/airflow/example_dags/example_nested_branch_dag.py
[2025-10-07T22:20:48.949+0000] {logging_mixin.py:188} INFO - [2025-10-07T22:20:48.949+0000] {dag.py:3096} INFO - Sync 1 DAGs
[2025-10-07T22:20:48.963+0000] {logging_mixin.py:188} INFO - [2025-10-07T22:20:48.963+0000] {dag.py:3954} INFO - Setting next_dagrun for example_nested_branch_dag to 2025-10-06 00:00:00+00:00, run_after=2025-10-07 00:00:00+00:00
[2025-10-07T22:20:48.974+0000] {processor.py:183} INFO - Processing /home/airflow/.local/lib/python3.12/site-packages/airflow/example_dags/example_nested_branch_dag.py took 0.052 seconds
[2025-10-07T22:21:19.039+0000] {processor.py:161} INFO - Started process (PID=307) to work on /home/airflow/.local/lib/python3.12/site-packages/airflow/example_dags/example_nested_branch_dag.py
[2025-10-07T22:21:19.041+0000] {processor.py:830} INFO - Processing file /home/airflow/.local/lib/python3.12/site-packages/airflow/example_dags/example_nested_branch_dag.py for tasks to queue
[2025-10-07T22:21:19.042+0000] {logging_mixin.py:188} INFO - [2025-10-07T22:21:19.042+0000] {dagbag.py:545} INFO - Filling up the DagBag from /home/airflow/.local/lib/python3.12/site-packages/airflow/example_dags/example_nested_branch_dag.py
[2025-10-07T22:21:19.048+0000] {processor.py:840} INFO - DAG(s) 'example_nested_branch_dag' retrieved from /home/airflow/.local/lib/python3.12/site-packages/airflow/example_dags/example_nested_branch_dag.py
[2025-10-07T22:21:19.063+0000] {logging_mixin.py:188} INFO - [2025-10-07T22:21:19.063+0000] {dag.py:3096} INFO - Sync 1 DAGs
[2025-10-07T22:21:19.078+0000] {logging_mixin.py:188} INFO - [2025-10-07T22:21:19.078+0000] {dag.py:3954} INFO - Setting next_dagrun for example_nested_branch_dag to 2025-10-06 00:00:00+00:00, run_after=2025-10-07 00:00:00+00:00
[2025-10-07T22:21:19.090+0000] {processor.py:183} INFO - Processing /home/airflow/.local/lib/python3.12/site-packages/airflow/example_dags/example_nested_branch_dag.py took 0.054 seconds
[2025-10-07T22:21:49.543+0000] {processor.py:161} INFO - Started process (PID=366) to work on /home/airflow/.local/lib/python3.12/site-packages/airflow/example_dags/example_nested_branch_dag.py
[2025-10-07T22:21:49.545+0000] {processor.py:830} INFO - Processing file /home/airflow/.local/lib/python3.12/site-packages/airflow/example_dags/example_nested_branch_dag.py for tasks to queue
[2025-10-07T22:21:49.546+0000] {logging_mixin.py:188} INFO - [2025-10-07T22:21:49.546+0000] {dagbag.py:545} INFO - Filling up the DagBag from /home/airflow/.local/lib/python3.12/site-packages/airflow/example_dags/example_nested_branch_dag.py
[2025-10-07T22:21:49.552+0000] {processor.py:840} INFO - DAG(s) 'example_nested_branch_dag' retrieved from /home/airflow/.local/lib/python3.12/site-packages/airflow/example_dags/example_nested_branch_dag.py
[2025-10-07T22:21:49.567+0000] {logging_mixin.py:188} INFO - [2025-10-07T22:21:49.567+0000] {dag.py:3096} INFO - Sync 1 DAGs
[2025-10-07T22:21:49.580+0000] {logging_mixin.py:188} INFO - [2025-10-07T22:21:49.580+0000] {dag.py:3954} INFO - Setting next_dagrun for example_nested_branch_dag to 2025-10-06 00:00:00+00:00, run_after=2025-10-07 00:00:00+00:00
[2025-10-07T22:21:49.599+0000] {processor.py:183} INFO - Processing /home/airflow/.local/lib/python3.12/site-packages/airflow/example_dags/example_nested_branch_dag.py took 0.059 seconds
