[2025-10-07T21:54:24.489+0000] {processor.py:161} INFO - Started process (PID=57) to work on /home/airflow/.local/lib/python3.12/site-packages/airflow/example_dags/example_branch_python_dop_operator_3.py
[2025-10-07T21:54:24.490+0000] {processor.py:830} INFO - Processing file /home/airflow/.local/lib/python3.12/site-packages/airflow/example_dags/example_branch_python_dop_operator_3.py for tasks to queue
[2025-10-07T21:54:24.491+0000] {logging_mixin.py:188} INFO - [2025-10-07T21:54:24.491+0000] {dagbag.py:545} INFO - Filling up the DagBag from /home/airflow/.local/lib/python3.12/site-packages/airflow/example_dags/example_branch_python_dop_operator_3.py
[2025-10-07T21:54:24.504+0000] {processor.py:840} INFO - DAG(s) 'example_branch_dop_operator_v3' retrieved from /home/airflow/.local/lib/python3.12/site-packages/airflow/example_dags/example_branch_python_dop_operator_3.py
[2025-10-07T21:54:24.514+0000] {logging_mixin.py:188} INFO - [2025-10-07T21:54:24.514+0000] {dag.py:3096} INFO - Sync 1 DAGs
[2025-10-07T21:54:24.532+0000] {logging_mixin.py:188} INFO - [2025-10-07T21:54:24.532+0000] {dag.py:3954} INFO - Setting next_dagrun for example_branch_dop_operator_v3 to 2025-10-07 21:53:00+00:00, run_after=2025-10-07 21:54:00+00:00
[2025-10-07T21:54:24.547+0000] {processor.py:183} INFO - Processing /home/airflow/.local/lib/python3.12/site-packages/airflow/example_dags/example_branch_python_dop_operator_3.py took 0.062 seconds
[2025-10-07T21:54:55.573+0000] {processor.py:161} INFO - Started process (PID=116) to work on /home/airflow/.local/lib/python3.12/site-packages/airflow/example_dags/example_branch_python_dop_operator_3.py
[2025-10-07T21:54:55.577+0000] {processor.py:830} INFO - Processing file /home/airflow/.local/lib/python3.12/site-packages/airflow/example_dags/example_branch_python_dop_operator_3.py for tasks to queue
[2025-10-07T21:54:55.578+0000] {logging_mixin.py:188} INFO - [2025-10-07T21:54:55.578+0000] {dagbag.py:545} INFO - Filling up the DagBag from /home/airflow/.local/lib/python3.12/site-packages/airflow/example_dags/example_branch_python_dop_operator_3.py
[2025-10-07T21:54:55.585+0000] {processor.py:840} INFO - DAG(s) 'example_branch_dop_operator_v3' retrieved from /home/airflow/.local/lib/python3.12/site-packages/airflow/example_dags/example_branch_python_dop_operator_3.py
[2025-10-07T21:54:55.633+0000] {logging_mixin.py:188} INFO - [2025-10-07T21:54:55.633+0000] {dag.py:3096} INFO - Sync 1 DAGs
[2025-10-07T21:54:55.644+0000] {logging_mixin.py:188} INFO - [2025-10-07T21:54:55.644+0000] {dag.py:3954} INFO - Setting next_dagrun for example_branch_dop_operator_v3 to 2025-10-07 21:53:00+00:00, run_after=2025-10-07 21:54:00+00:00
[2025-10-07T21:54:55.653+0000] {processor.py:183} INFO - Processing /home/airflow/.local/lib/python3.12/site-packages/airflow/example_dags/example_branch_python_dop_operator_3.py took 0.083 seconds
[2025-10-07T21:55:26.322+0000] {processor.py:161} INFO - Started process (PID=175) to work on /home/airflow/.local/lib/python3.12/site-packages/airflow/example_dags/example_branch_python_dop_operator_3.py
[2025-10-07T21:55:26.323+0000] {processor.py:830} INFO - Processing file /home/airflow/.local/lib/python3.12/site-packages/airflow/example_dags/example_branch_python_dop_operator_3.py for tasks to queue
[2025-10-07T21:55:26.324+0000] {logging_mixin.py:188} INFO - [2025-10-07T21:55:26.324+0000] {dagbag.py:545} INFO - Filling up the DagBag from /home/airflow/.local/lib/python3.12/site-packages/airflow/example_dags/example_branch_python_dop_operator_3.py
[2025-10-07T21:55:26.328+0000] {processor.py:840} INFO - DAG(s) 'example_branch_dop_operator_v3' retrieved from /home/airflow/.local/lib/python3.12/site-packages/airflow/example_dags/example_branch_python_dop_operator_3.py
[2025-10-07T21:55:26.339+0000] {logging_mixin.py:188} INFO - [2025-10-07T21:55:26.339+0000] {dag.py:3096} INFO - Sync 1 DAGs
[2025-10-07T21:55:26.352+0000] {logging_mixin.py:188} INFO - [2025-10-07T21:55:26.352+0000] {dag.py:3954} INFO - Setting next_dagrun for example_branch_dop_operator_v3 to 2025-10-07 21:54:00+00:00, run_after=2025-10-07 21:55:00+00:00
[2025-10-07T21:55:26.361+0000] {processor.py:183} INFO - Processing /home/airflow/.local/lib/python3.12/site-packages/airflow/example_dags/example_branch_python_dop_operator_3.py took 0.042 seconds
[2025-10-07T21:55:56.509+0000] {processor.py:161} INFO - Started process (PID=234) to work on /home/airflow/.local/lib/python3.12/site-packages/airflow/example_dags/example_branch_python_dop_operator_3.py
[2025-10-07T21:55:56.510+0000] {processor.py:830} INFO - Processing file /home/airflow/.local/lib/python3.12/site-packages/airflow/example_dags/example_branch_python_dop_operator_3.py for tasks to queue
[2025-10-07T21:55:56.512+0000] {logging_mixin.py:188} INFO - [2025-10-07T21:55:56.511+0000] {dagbag.py:545} INFO - Filling up the DagBag from /home/airflow/.local/lib/python3.12/site-packages/airflow/example_dags/example_branch_python_dop_operator_3.py
[2025-10-07T21:55:56.517+0000] {processor.py:840} INFO - DAG(s) 'example_branch_dop_operator_v3' retrieved from /home/airflow/.local/lib/python3.12/site-packages/airflow/example_dags/example_branch_python_dop_operator_3.py
[2025-10-07T21:55:56.528+0000] {logging_mixin.py:188} INFO - [2025-10-07T21:55:56.528+0000] {dag.py:3096} INFO - Sync 1 DAGs
[2025-10-07T21:55:56.540+0000] {logging_mixin.py:188} INFO - [2025-10-07T21:55:56.540+0000] {dag.py:3954} INFO - Setting next_dagrun for example_branch_dop_operator_v3 to 2025-10-07 21:54:00+00:00, run_after=2025-10-07 21:55:00+00:00
[2025-10-07T21:55:56.555+0000] {processor.py:183} INFO - Processing /home/airflow/.local/lib/python3.12/site-packages/airflow/example_dags/example_branch_python_dop_operator_3.py took 0.049 seconds
[2025-10-07T21:56:26.642+0000] {processor.py:161} INFO - Started process (PID=293) to work on /home/airflow/.local/lib/python3.12/site-packages/airflow/example_dags/example_branch_python_dop_operator_3.py
[2025-10-07T21:56:26.643+0000] {processor.py:830} INFO - Processing file /home/airflow/.local/lib/python3.12/site-packages/airflow/example_dags/example_branch_python_dop_operator_3.py for tasks to queue
[2025-10-07T21:56:26.645+0000] {logging_mixin.py:188} INFO - [2025-10-07T21:56:26.644+0000] {dagbag.py:545} INFO - Filling up the DagBag from /home/airflow/.local/lib/python3.12/site-packages/airflow/example_dags/example_branch_python_dop_operator_3.py
[2025-10-07T21:56:26.650+0000] {processor.py:840} INFO - DAG(s) 'example_branch_dop_operator_v3' retrieved from /home/airflow/.local/lib/python3.12/site-packages/airflow/example_dags/example_branch_python_dop_operator_3.py
[2025-10-07T21:56:26.660+0000] {logging_mixin.py:188} INFO - [2025-10-07T21:56:26.660+0000] {dag.py:3096} INFO - Sync 1 DAGs
[2025-10-07T21:56:26.671+0000] {logging_mixin.py:188} INFO - [2025-10-07T21:56:26.670+0000] {dag.py:3954} INFO - Setting next_dagrun for example_branch_dop_operator_v3 to 2025-10-07 21:55:00+00:00, run_after=2025-10-07 21:56:00+00:00
[2025-10-07T21:56:26.681+0000] {processor.py:183} INFO - Processing /home/airflow/.local/lib/python3.12/site-packages/airflow/example_dags/example_branch_python_dop_operator_3.py took 0.042 seconds
[2025-10-07T21:56:57.547+0000] {processor.py:161} INFO - Started process (PID=352) to work on /home/airflow/.local/lib/python3.12/site-packages/airflow/example_dags/example_branch_python_dop_operator_3.py
[2025-10-07T21:56:57.549+0000] {processor.py:830} INFO - Processing file /home/airflow/.local/lib/python3.12/site-packages/airflow/example_dags/example_branch_python_dop_operator_3.py for tasks to queue
[2025-10-07T21:56:57.551+0000] {logging_mixin.py:188} INFO - [2025-10-07T21:56:57.550+0000] {dagbag.py:545} INFO - Filling up the DagBag from /home/airflow/.local/lib/python3.12/site-packages/airflow/example_dags/example_branch_python_dop_operator_3.py
[2025-10-07T21:56:57.555+0000] {processor.py:840} INFO - DAG(s) 'example_branch_dop_operator_v3' retrieved from /home/airflow/.local/lib/python3.12/site-packages/airflow/example_dags/example_branch_python_dop_operator_3.py
[2025-10-07T21:56:57.568+0000] {logging_mixin.py:188} INFO - [2025-10-07T21:56:57.568+0000] {dag.py:3096} INFO - Sync 1 DAGs
[2025-10-07T21:56:57.580+0000] {logging_mixin.py:188} INFO - [2025-10-07T21:56:57.580+0000] {dag.py:3954} INFO - Setting next_dagrun for example_branch_dop_operator_v3 to 2025-10-07 21:55:00+00:00, run_after=2025-10-07 21:56:00+00:00
[2025-10-07T21:56:57.589+0000] {processor.py:183} INFO - Processing /home/airflow/.local/lib/python3.12/site-packages/airflow/example_dags/example_branch_python_dop_operator_3.py took 0.046 seconds
[2025-10-07T21:57:27.855+0000] {processor.py:161} INFO - Started process (PID=411) to work on /home/airflow/.local/lib/python3.12/site-packages/airflow/example_dags/example_branch_python_dop_operator_3.py
[2025-10-07T21:57:27.856+0000] {processor.py:830} INFO - Processing file /home/airflow/.local/lib/python3.12/site-packages/airflow/example_dags/example_branch_python_dop_operator_3.py for tasks to queue
[2025-10-07T21:57:27.858+0000] {logging_mixin.py:188} INFO - [2025-10-07T21:57:27.858+0000] {dagbag.py:545} INFO - Filling up the DagBag from /home/airflow/.local/lib/python3.12/site-packages/airflow/example_dags/example_branch_python_dop_operator_3.py
[2025-10-07T21:57:27.864+0000] {processor.py:840} INFO - DAG(s) 'example_branch_dop_operator_v3' retrieved from /home/airflow/.local/lib/python3.12/site-packages/airflow/example_dags/example_branch_python_dop_operator_3.py
[2025-10-07T21:57:27.877+0000] {logging_mixin.py:188} INFO - [2025-10-07T21:57:27.877+0000] {dag.py:3096} INFO - Sync 1 DAGs
[2025-10-07T21:57:27.891+0000] {logging_mixin.py:188} INFO - [2025-10-07T21:57:27.891+0000] {dag.py:3954} INFO - Setting next_dagrun for example_branch_dop_operator_v3 to 2025-10-07 21:56:00+00:00, run_after=2025-10-07 21:57:00+00:00
[2025-10-07T21:57:27.907+0000] {processor.py:183} INFO - Processing /home/airflow/.local/lib/python3.12/site-packages/airflow/example_dags/example_branch_python_dop_operator_3.py took 0.055 seconds
[2025-10-07T21:58:26.485+0000] {processor.py:161} INFO - Started process (PID=470) to work on /home/airflow/.local/lib/python3.12/site-packages/airflow/example_dags/example_branch_python_dop_operator_3.py
[2025-10-07T21:58:26.486+0000] {processor.py:830} INFO - Processing file /home/airflow/.local/lib/python3.12/site-packages/airflow/example_dags/example_branch_python_dop_operator_3.py for tasks to queue
[2025-10-07T21:58:26.487+0000] {logging_mixin.py:188} INFO - [2025-10-07T21:58:26.487+0000] {dagbag.py:545} INFO - Filling up the DagBag from /home/airflow/.local/lib/python3.12/site-packages/airflow/example_dags/example_branch_python_dop_operator_3.py
[2025-10-07T21:58:26.496+0000] {processor.py:840} INFO - DAG(s) 'example_branch_dop_operator_v3' retrieved from /home/airflow/.local/lib/python3.12/site-packages/airflow/example_dags/example_branch_python_dop_operator_3.py
[2025-10-07T21:58:26.511+0000] {logging_mixin.py:188} INFO - [2025-10-07T21:58:26.511+0000] {dag.py:3096} INFO - Sync 1 DAGs
[2025-10-07T21:58:26.523+0000] {logging_mixin.py:188} INFO - [2025-10-07T21:58:26.523+0000] {dag.py:3954} INFO - Setting next_dagrun for example_branch_dop_operator_v3 to 2025-10-07 21:57:00+00:00, run_after=2025-10-07 21:58:00+00:00
[2025-10-07T21:58:26.532+0000] {processor.py:183} INFO - Processing /home/airflow/.local/lib/python3.12/site-packages/airflow/example_dags/example_branch_python_dop_operator_3.py took 0.050 seconds
[2025-10-07T21:59:32.008+0000] {processor.py:161} INFO - Started process (PID=529) to work on /home/airflow/.local/lib/python3.12/site-packages/airflow/example_dags/example_branch_python_dop_operator_3.py
[2025-10-07T21:59:32.012+0000] {processor.py:830} INFO - Processing file /home/airflow/.local/lib/python3.12/site-packages/airflow/example_dags/example_branch_python_dop_operator_3.py for tasks to queue
[2025-10-07T21:59:32.015+0000] {logging_mixin.py:188} INFO - [2025-10-07T21:59:32.014+0000] {dagbag.py:545} INFO - Filling up the DagBag from /home/airflow/.local/lib/python3.12/site-packages/airflow/example_dags/example_branch_python_dop_operator_3.py
[2025-10-07T21:59:32.028+0000] {processor.py:840} INFO - DAG(s) 'example_branch_dop_operator_v3' retrieved from /home/airflow/.local/lib/python3.12/site-packages/airflow/example_dags/example_branch_python_dop_operator_3.py
[2025-10-07T21:59:32.060+0000] {logging_mixin.py:188} INFO - [2025-10-07T21:59:32.060+0000] {dag.py:3096} INFO - Sync 1 DAGs
[2025-10-07T21:59:32.100+0000] {logging_mixin.py:188} INFO - [2025-10-07T21:59:32.099+0000] {dag.py:3954} INFO - Setting next_dagrun for example_branch_dop_operator_v3 to 2025-10-07 21:58:00+00:00, run_after=2025-10-07 21:59:00+00:00
[2025-10-07T21:59:32.135+0000] {processor.py:183} INFO - Processing /home/airflow/.local/lib/python3.12/site-packages/airflow/example_dags/example_branch_python_dop_operator_3.py took 0.137 seconds
[2025-10-07T22:01:51.982+0000] {processor.py:161} INFO - Started process (PID=588) to work on /home/airflow/.local/lib/python3.12/site-packages/airflow/example_dags/example_branch_python_dop_operator_3.py
[2025-10-07T22:01:51.983+0000] {processor.py:830} INFO - Processing file /home/airflow/.local/lib/python3.12/site-packages/airflow/example_dags/example_branch_python_dop_operator_3.py for tasks to queue
[2025-10-07T22:01:51.984+0000] {logging_mixin.py:188} INFO - [2025-10-07T22:01:51.984+0000] {dagbag.py:545} INFO - Filling up the DagBag from /home/airflow/.local/lib/python3.12/site-packages/airflow/example_dags/example_branch_python_dop_operator_3.py
[2025-10-07T22:01:51.989+0000] {processor.py:840} INFO - DAG(s) 'example_branch_dop_operator_v3' retrieved from /home/airflow/.local/lib/python3.12/site-packages/airflow/example_dags/example_branch_python_dop_operator_3.py
[2025-10-07T22:01:52.006+0000] {logging_mixin.py:188} INFO - [2025-10-07T22:01:52.005+0000] {dag.py:3096} INFO - Sync 1 DAGs
[2025-10-07T22:01:52.024+0000] {logging_mixin.py:188} INFO - [2025-10-07T22:01:52.024+0000] {dag.py:3954} INFO - Setting next_dagrun for example_branch_dop_operator_v3 to 2025-10-07 22:00:00+00:00, run_after=2025-10-07 22:01:00+00:00
[2025-10-07T22:01:52.040+0000] {processor.py:183} INFO - Processing /home/airflow/.local/lib/python3.12/site-packages/airflow/example_dags/example_branch_python_dop_operator_3.py took 0.061 seconds
[2025-10-07T22:04:55.283+0000] {processor.py:161} INFO - Started process (PID=647) to work on /home/airflow/.local/lib/python3.12/site-packages/airflow/example_dags/example_branch_python_dop_operator_3.py
[2025-10-07T22:04:55.285+0000] {processor.py:830} INFO - Processing file /home/airflow/.local/lib/python3.12/site-packages/airflow/example_dags/example_branch_python_dop_operator_3.py for tasks to queue
[2025-10-07T22:04:55.286+0000] {logging_mixin.py:188} INFO - [2025-10-07T22:04:55.286+0000] {dagbag.py:545} INFO - Filling up the DagBag from /home/airflow/.local/lib/python3.12/site-packages/airflow/example_dags/example_branch_python_dop_operator_3.py
[2025-10-07T22:04:55.290+0000] {processor.py:840} INFO - DAG(s) 'example_branch_dop_operator_v3' retrieved from /home/airflow/.local/lib/python3.12/site-packages/airflow/example_dags/example_branch_python_dop_operator_3.py
[2025-10-07T22:04:55.304+0000] {logging_mixin.py:188} INFO - [2025-10-07T22:04:55.304+0000] {dag.py:3096} INFO - Sync 1 DAGs
[2025-10-07T22:04:55.319+0000] {logging_mixin.py:188} INFO - [2025-10-07T22:04:55.319+0000] {dag.py:3954} INFO - Setting next_dagrun for example_branch_dop_operator_v3 to 2025-10-07 22:03:00+00:00, run_after=2025-10-07 22:04:00+00:00
[2025-10-07T22:04:55.338+0000] {processor.py:183} INFO - Processing /home/airflow/.local/lib/python3.12/site-packages/airflow/example_dags/example_branch_python_dop_operator_3.py took 0.058 seconds
[2025-10-07T22:05:25.550+0000] {processor.py:161} INFO - Started process (PID=706) to work on /home/airflow/.local/lib/python3.12/site-packages/airflow/example_dags/example_branch_python_dop_operator_3.py
[2025-10-07T22:05:25.551+0000] {processor.py:830} INFO - Processing file /home/airflow/.local/lib/python3.12/site-packages/airflow/example_dags/example_branch_python_dop_operator_3.py for tasks to queue
[2025-10-07T22:05:25.552+0000] {logging_mixin.py:188} INFO - [2025-10-07T22:05:25.552+0000] {dagbag.py:545} INFO - Filling up the DagBag from /home/airflow/.local/lib/python3.12/site-packages/airflow/example_dags/example_branch_python_dop_operator_3.py
[2025-10-07T22:05:25.557+0000] {processor.py:840} INFO - DAG(s) 'example_branch_dop_operator_v3' retrieved from /home/airflow/.local/lib/python3.12/site-packages/airflow/example_dags/example_branch_python_dop_operator_3.py
[2025-10-07T22:05:25.571+0000] {logging_mixin.py:188} INFO - [2025-10-07T22:05:25.570+0000] {dag.py:3096} INFO - Sync 1 DAGs
[2025-10-07T22:05:25.581+0000] {logging_mixin.py:188} INFO - [2025-10-07T22:05:25.581+0000] {dag.py:3954} INFO - Setting next_dagrun for example_branch_dop_operator_v3 to 2025-10-07 22:04:00+00:00, run_after=2025-10-07 22:05:00+00:00
[2025-10-07T22:05:25.599+0000] {processor.py:183} INFO - Processing /home/airflow/.local/lib/python3.12/site-packages/airflow/example_dags/example_branch_python_dop_operator_3.py took 0.051 seconds
[2025-10-07T22:05:55.699+0000] {processor.py:161} INFO - Started process (PID=765) to work on /home/airflow/.local/lib/python3.12/site-packages/airflow/example_dags/example_branch_python_dop_operator_3.py
[2025-10-07T22:05:55.699+0000] {processor.py:830} INFO - Processing file /home/airflow/.local/lib/python3.12/site-packages/airflow/example_dags/example_branch_python_dop_operator_3.py for tasks to queue
[2025-10-07T22:05:55.704+0000] {logging_mixin.py:188} INFO - [2025-10-07T22:05:55.703+0000] {dagbag.py:545} INFO - Filling up the DagBag from /home/airflow/.local/lib/python3.12/site-packages/airflow/example_dags/example_branch_python_dop_operator_3.py
[2025-10-07T22:05:55.710+0000] {processor.py:840} INFO - DAG(s) 'example_branch_dop_operator_v3' retrieved from /home/airflow/.local/lib/python3.12/site-packages/airflow/example_dags/example_branch_python_dop_operator_3.py
[2025-10-07T22:05:55.724+0000] {logging_mixin.py:188} INFO - [2025-10-07T22:05:55.724+0000] {dag.py:3096} INFO - Sync 1 DAGs
[2025-10-07T22:05:55.736+0000] {logging_mixin.py:188} INFO - [2025-10-07T22:05:55.736+0000] {dag.py:3954} INFO - Setting next_dagrun for example_branch_dop_operator_v3 to 2025-10-07 22:04:00+00:00, run_after=2025-10-07 22:05:00+00:00
[2025-10-07T22:05:55.744+0000] {processor.py:183} INFO - Processing /home/airflow/.local/lib/python3.12/site-packages/airflow/example_dags/example_branch_python_dop_operator_3.py took 0.048 seconds
[2025-10-07T22:06:25.804+0000] {processor.py:161} INFO - Started process (PID=824) to work on /home/airflow/.local/lib/python3.12/site-packages/airflow/example_dags/example_branch_python_dop_operator_3.py
[2025-10-07T22:06:25.805+0000] {processor.py:830} INFO - Processing file /home/airflow/.local/lib/python3.12/site-packages/airflow/example_dags/example_branch_python_dop_operator_3.py for tasks to queue
[2025-10-07T22:06:25.806+0000] {logging_mixin.py:188} INFO - [2025-10-07T22:06:25.806+0000] {dagbag.py:545} INFO - Filling up the DagBag from /home/airflow/.local/lib/python3.12/site-packages/airflow/example_dags/example_branch_python_dop_operator_3.py
[2025-10-07T22:06:25.810+0000] {processor.py:840} INFO - DAG(s) 'example_branch_dop_operator_v3' retrieved from /home/airflow/.local/lib/python3.12/site-packages/airflow/example_dags/example_branch_python_dop_operator_3.py
[2025-10-07T22:06:25.821+0000] {logging_mixin.py:188} INFO - [2025-10-07T22:06:25.821+0000] {dag.py:3096} INFO - Sync 1 DAGs
[2025-10-07T22:06:25.835+0000] {logging_mixin.py:188} INFO - [2025-10-07T22:06:25.835+0000] {dag.py:3954} INFO - Setting next_dagrun for example_branch_dop_operator_v3 to 2025-10-07 22:05:00+00:00, run_after=2025-10-07 22:06:00+00:00
[2025-10-07T22:06:25.853+0000] {processor.py:183} INFO - Processing /home/airflow/.local/lib/python3.12/site-packages/airflow/example_dags/example_branch_python_dop_operator_3.py took 0.052 seconds
[2025-10-07T22:06:55.891+0000] {processor.py:161} INFO - Started process (PID=883) to work on /home/airflow/.local/lib/python3.12/site-packages/airflow/example_dags/example_branch_python_dop_operator_3.py
[2025-10-07T22:06:55.891+0000] {processor.py:830} INFO - Processing file /home/airflow/.local/lib/python3.12/site-packages/airflow/example_dags/example_branch_python_dop_operator_3.py for tasks to queue
[2025-10-07T22:06:55.892+0000] {logging_mixin.py:188} INFO - [2025-10-07T22:06:55.892+0000] {dagbag.py:545} INFO - Filling up the DagBag from /home/airflow/.local/lib/python3.12/site-packages/airflow/example_dags/example_branch_python_dop_operator_3.py
[2025-10-07T22:06:55.896+0000] {processor.py:840} INFO - DAG(s) 'example_branch_dop_operator_v3' retrieved from /home/airflow/.local/lib/python3.12/site-packages/airflow/example_dags/example_branch_python_dop_operator_3.py
[2025-10-07T22:06:55.907+0000] {logging_mixin.py:188} INFO - [2025-10-07T22:06:55.907+0000] {dag.py:3096} INFO - Sync 1 DAGs
[2025-10-07T22:06:55.919+0000] {logging_mixin.py:188} INFO - [2025-10-07T22:06:55.918+0000] {dag.py:3954} INFO - Setting next_dagrun for example_branch_dop_operator_v3 to 2025-10-07 22:05:00+00:00, run_after=2025-10-07 22:06:00+00:00
[2025-10-07T22:06:55.928+0000] {processor.py:183} INFO - Processing /home/airflow/.local/lib/python3.12/site-packages/airflow/example_dags/example_branch_python_dop_operator_3.py took 0.040 seconds
[2025-10-07T22:07:26.050+0000] {processor.py:161} INFO - Started process (PID=942) to work on /home/airflow/.local/lib/python3.12/site-packages/airflow/example_dags/example_branch_python_dop_operator_3.py
[2025-10-07T22:07:26.053+0000] {processor.py:830} INFO - Processing file /home/airflow/.local/lib/python3.12/site-packages/airflow/example_dags/example_branch_python_dop_operator_3.py for tasks to queue
[2025-10-07T22:07:26.055+0000] {logging_mixin.py:188} INFO - [2025-10-07T22:07:26.055+0000] {dagbag.py:545} INFO - Filling up the DagBag from /home/airflow/.local/lib/python3.12/site-packages/airflow/example_dags/example_branch_python_dop_operator_3.py
[2025-10-07T22:07:26.059+0000] {processor.py:840} INFO - DAG(s) 'example_branch_dop_operator_v3' retrieved from /home/airflow/.local/lib/python3.12/site-packages/airflow/example_dags/example_branch_python_dop_operator_3.py
[2025-10-07T22:07:26.070+0000] {logging_mixin.py:188} INFO - [2025-10-07T22:07:26.069+0000] {dag.py:3096} INFO - Sync 1 DAGs
[2025-10-07T22:07:26.084+0000] {logging_mixin.py:188} INFO - [2025-10-07T22:07:26.084+0000] {dag.py:3954} INFO - Setting next_dagrun for example_branch_dop_operator_v3 to 2025-10-07 22:06:00+00:00, run_after=2025-10-07 22:07:00+00:00
[2025-10-07T22:07:26.103+0000] {processor.py:183} INFO - Processing /home/airflow/.local/lib/python3.12/site-packages/airflow/example_dags/example_branch_python_dop_operator_3.py took 0.055 seconds
[2025-10-07T22:07:56.160+0000] {processor.py:161} INFO - Started process (PID=1001) to work on /home/airflow/.local/lib/python3.12/site-packages/airflow/example_dags/example_branch_python_dop_operator_3.py
[2025-10-07T22:07:56.161+0000] {processor.py:830} INFO - Processing file /home/airflow/.local/lib/python3.12/site-packages/airflow/example_dags/example_branch_python_dop_operator_3.py for tasks to queue
[2025-10-07T22:07:56.162+0000] {logging_mixin.py:188} INFO - [2025-10-07T22:07:56.162+0000] {dagbag.py:545} INFO - Filling up the DagBag from /home/airflow/.local/lib/python3.12/site-packages/airflow/example_dags/example_branch_python_dop_operator_3.py
[2025-10-07T22:07:56.168+0000] {processor.py:840} INFO - DAG(s) 'example_branch_dop_operator_v3' retrieved from /home/airflow/.local/lib/python3.12/site-packages/airflow/example_dags/example_branch_python_dop_operator_3.py
[2025-10-07T22:07:56.182+0000] {logging_mixin.py:188} INFO - [2025-10-07T22:07:56.182+0000] {dag.py:3096} INFO - Sync 1 DAGs
[2025-10-07T22:07:56.195+0000] {logging_mixin.py:188} INFO - [2025-10-07T22:07:56.194+0000] {dag.py:3954} INFO - Setting next_dagrun for example_branch_dop_operator_v3 to 2025-10-07 22:06:00+00:00, run_after=2025-10-07 22:07:00+00:00
[2025-10-07T22:07:56.207+0000] {processor.py:183} INFO - Processing /home/airflow/.local/lib/python3.12/site-packages/airflow/example_dags/example_branch_python_dop_operator_3.py took 0.051 seconds
[2025-10-07T22:08:26.313+0000] {processor.py:161} INFO - Started process (PID=1060) to work on /home/airflow/.local/lib/python3.12/site-packages/airflow/example_dags/example_branch_python_dop_operator_3.py
[2025-10-07T22:08:26.314+0000] {processor.py:830} INFO - Processing file /home/airflow/.local/lib/python3.12/site-packages/airflow/example_dags/example_branch_python_dop_operator_3.py for tasks to queue
[2025-10-07T22:08:26.315+0000] {logging_mixin.py:188} INFO - [2025-10-07T22:08:26.315+0000] {dagbag.py:545} INFO - Filling up the DagBag from /home/airflow/.local/lib/python3.12/site-packages/airflow/example_dags/example_branch_python_dop_operator_3.py
[2025-10-07T22:08:26.320+0000] {processor.py:840} INFO - DAG(s) 'example_branch_dop_operator_v3' retrieved from /home/airflow/.local/lib/python3.12/site-packages/airflow/example_dags/example_branch_python_dop_operator_3.py
[2025-10-07T22:08:26.330+0000] {logging_mixin.py:188} INFO - [2025-10-07T22:08:26.330+0000] {dag.py:3096} INFO - Sync 1 DAGs
[2025-10-07T22:08:26.344+0000] {logging_mixin.py:188} INFO - [2025-10-07T22:08:26.344+0000] {dag.py:3954} INFO - Setting next_dagrun for example_branch_dop_operator_v3 to 2025-10-07 22:07:00+00:00, run_after=2025-10-07 22:08:00+00:00
[2025-10-07T22:08:26.357+0000] {processor.py:183} INFO - Processing /home/airflow/.local/lib/python3.12/site-packages/airflow/example_dags/example_branch_python_dop_operator_3.py took 0.047 seconds
[2025-10-07T22:08:56.447+0000] {processor.py:161} INFO - Started process (PID=1119) to work on /home/airflow/.local/lib/python3.12/site-packages/airflow/example_dags/example_branch_python_dop_operator_3.py
[2025-10-07T22:08:56.451+0000] {processor.py:830} INFO - Processing file /home/airflow/.local/lib/python3.12/site-packages/airflow/example_dags/example_branch_python_dop_operator_3.py for tasks to queue
[2025-10-07T22:08:56.452+0000] {logging_mixin.py:188} INFO - [2025-10-07T22:08:56.452+0000] {dagbag.py:545} INFO - Filling up the DagBag from /home/airflow/.local/lib/python3.12/site-packages/airflow/example_dags/example_branch_python_dop_operator_3.py
[2025-10-07T22:08:56.456+0000] {processor.py:840} INFO - DAG(s) 'example_branch_dop_operator_v3' retrieved from /home/airflow/.local/lib/python3.12/site-packages/airflow/example_dags/example_branch_python_dop_operator_3.py
[2025-10-07T22:08:56.467+0000] {logging_mixin.py:188} INFO - [2025-10-07T22:08:56.467+0000] {dag.py:3096} INFO - Sync 1 DAGs
[2025-10-07T22:08:56.481+0000] {logging_mixin.py:188} INFO - [2025-10-07T22:08:56.480+0000] {dag.py:3954} INFO - Setting next_dagrun for example_branch_dop_operator_v3 to 2025-10-07 22:07:00+00:00, run_after=2025-10-07 22:08:00+00:00
[2025-10-07T22:08:56.490+0000] {processor.py:183} INFO - Processing /home/airflow/.local/lib/python3.12/site-packages/airflow/example_dags/example_branch_python_dop_operator_3.py took 0.046 seconds
[2025-10-07T22:09:26.716+0000] {processor.py:161} INFO - Started process (PID=1178) to work on /home/airflow/.local/lib/python3.12/site-packages/airflow/example_dags/example_branch_python_dop_operator_3.py
[2025-10-07T22:09:26.717+0000] {processor.py:830} INFO - Processing file /home/airflow/.local/lib/python3.12/site-packages/airflow/example_dags/example_branch_python_dop_operator_3.py for tasks to queue
[2025-10-07T22:09:26.718+0000] {logging_mixin.py:188} INFO - [2025-10-07T22:09:26.718+0000] {dagbag.py:545} INFO - Filling up the DagBag from /home/airflow/.local/lib/python3.12/site-packages/airflow/example_dags/example_branch_python_dop_operator_3.py
[2025-10-07T22:09:26.723+0000] {processor.py:840} INFO - DAG(s) 'example_branch_dop_operator_v3' retrieved from /home/airflow/.local/lib/python3.12/site-packages/airflow/example_dags/example_branch_python_dop_operator_3.py
[2025-10-07T22:09:26.734+0000] {logging_mixin.py:188} INFO - [2025-10-07T22:09:26.734+0000] {dag.py:3096} INFO - Sync 1 DAGs
[2025-10-07T22:09:26.748+0000] {logging_mixin.py:188} INFO - [2025-10-07T22:09:26.748+0000] {dag.py:3954} INFO - Setting next_dagrun for example_branch_dop_operator_v3 to 2025-10-07 22:08:00+00:00, run_after=2025-10-07 22:09:00+00:00
[2025-10-07T22:09:26.762+0000] {processor.py:183} INFO - Processing /home/airflow/.local/lib/python3.12/site-packages/airflow/example_dags/example_branch_python_dop_operator_3.py took 0.049 seconds
[2025-10-07T22:09:56.911+0000] {processor.py:161} INFO - Started process (PID=1237) to work on /home/airflow/.local/lib/python3.12/site-packages/airflow/example_dags/example_branch_python_dop_operator_3.py
[2025-10-07T22:09:56.911+0000] {processor.py:830} INFO - Processing file /home/airflow/.local/lib/python3.12/site-packages/airflow/example_dags/example_branch_python_dop_operator_3.py for tasks to queue
[2025-10-07T22:09:56.912+0000] {logging_mixin.py:188} INFO - [2025-10-07T22:09:56.912+0000] {dagbag.py:545} INFO - Filling up the DagBag from /home/airflow/.local/lib/python3.12/site-packages/airflow/example_dags/example_branch_python_dop_operator_3.py
[2025-10-07T22:09:56.917+0000] {processor.py:840} INFO - DAG(s) 'example_branch_dop_operator_v3' retrieved from /home/airflow/.local/lib/python3.12/site-packages/airflow/example_dags/example_branch_python_dop_operator_3.py
[2025-10-07T22:09:56.933+0000] {logging_mixin.py:188} INFO - [2025-10-07T22:09:56.932+0000] {dag.py:3096} INFO - Sync 1 DAGs
[2025-10-07T22:09:56.945+0000] {logging_mixin.py:188} INFO - [2025-10-07T22:09:56.945+0000] {dag.py:3954} INFO - Setting next_dagrun for example_branch_dop_operator_v3 to 2025-10-07 22:08:00+00:00, run_after=2025-10-07 22:09:00+00:00
[2025-10-07T22:09:56.953+0000] {processor.py:183} INFO - Processing /home/airflow/.local/lib/python3.12/site-packages/airflow/example_dags/example_branch_python_dop_operator_3.py took 0.046 seconds
[2025-10-07T22:10:27.118+0000] {processor.py:161} INFO - Started process (PID=1296) to work on /home/airflow/.local/lib/python3.12/site-packages/airflow/example_dags/example_branch_python_dop_operator_3.py
[2025-10-07T22:10:27.118+0000] {processor.py:830} INFO - Processing file /home/airflow/.local/lib/python3.12/site-packages/airflow/example_dags/example_branch_python_dop_operator_3.py for tasks to queue
[2025-10-07T22:10:27.120+0000] {logging_mixin.py:188} INFO - [2025-10-07T22:10:27.119+0000] {dagbag.py:545} INFO - Filling up the DagBag from /home/airflow/.local/lib/python3.12/site-packages/airflow/example_dags/example_branch_python_dop_operator_3.py
[2025-10-07T22:10:27.125+0000] {processor.py:840} INFO - DAG(s) 'example_branch_dop_operator_v3' retrieved from /home/airflow/.local/lib/python3.12/site-packages/airflow/example_dags/example_branch_python_dop_operator_3.py
[2025-10-07T22:10:27.136+0000] {logging_mixin.py:188} INFO - [2025-10-07T22:10:27.136+0000] {dag.py:3096} INFO - Sync 1 DAGs
[2025-10-07T22:10:27.148+0000] {logging_mixin.py:188} INFO - [2025-10-07T22:10:27.148+0000] {dag.py:3954} INFO - Setting next_dagrun for example_branch_dop_operator_v3 to 2025-10-07 22:09:00+00:00, run_after=2025-10-07 22:10:00+00:00
[2025-10-07T22:10:27.160+0000] {processor.py:183} INFO - Processing /home/airflow/.local/lib/python3.12/site-packages/airflow/example_dags/example_branch_python_dop_operator_3.py took 0.045 seconds
[2025-10-07T22:10:57.237+0000] {processor.py:161} INFO - Started process (PID=1355) to work on /home/airflow/.local/lib/python3.12/site-packages/airflow/example_dags/example_branch_python_dop_operator_3.py
[2025-10-07T22:10:57.237+0000] {processor.py:830} INFO - Processing file /home/airflow/.local/lib/python3.12/site-packages/airflow/example_dags/example_branch_python_dop_operator_3.py for tasks to queue
[2025-10-07T22:10:57.238+0000] {logging_mixin.py:188} INFO - [2025-10-07T22:10:57.238+0000] {dagbag.py:545} INFO - Filling up the DagBag from /home/airflow/.local/lib/python3.12/site-packages/airflow/example_dags/example_branch_python_dop_operator_3.py
[2025-10-07T22:10:57.243+0000] {processor.py:840} INFO - DAG(s) 'example_branch_dop_operator_v3' retrieved from /home/airflow/.local/lib/python3.12/site-packages/airflow/example_dags/example_branch_python_dop_operator_3.py
[2025-10-07T22:10:57.254+0000] {logging_mixin.py:188} INFO - [2025-10-07T22:10:57.253+0000] {dag.py:3096} INFO - Sync 1 DAGs
[2025-10-07T22:10:57.267+0000] {logging_mixin.py:188} INFO - [2025-10-07T22:10:57.267+0000] {dag.py:3954} INFO - Setting next_dagrun for example_branch_dop_operator_v3 to 2025-10-07 22:09:00+00:00, run_after=2025-10-07 22:10:00+00:00
[2025-10-07T22:10:57.282+0000] {processor.py:183} INFO - Processing /home/airflow/.local/lib/python3.12/site-packages/airflow/example_dags/example_branch_python_dop_operator_3.py took 0.048 seconds
[2025-10-07T22:11:27.372+0000] {processor.py:161} INFO - Started process (PID=1414) to work on /home/airflow/.local/lib/python3.12/site-packages/airflow/example_dags/example_branch_python_dop_operator_3.py
[2025-10-07T22:11:27.373+0000] {processor.py:830} INFO - Processing file /home/airflow/.local/lib/python3.12/site-packages/airflow/example_dags/example_branch_python_dop_operator_3.py for tasks to queue
[2025-10-07T22:11:27.376+0000] {logging_mixin.py:188} INFO - [2025-10-07T22:11:27.376+0000] {dagbag.py:545} INFO - Filling up the DagBag from /home/airflow/.local/lib/python3.12/site-packages/airflow/example_dags/example_branch_python_dop_operator_3.py
[2025-10-07T22:11:27.381+0000] {processor.py:840} INFO - DAG(s) 'example_branch_dop_operator_v3' retrieved from /home/airflow/.local/lib/python3.12/site-packages/airflow/example_dags/example_branch_python_dop_operator_3.py
[2025-10-07T22:11:27.391+0000] {logging_mixin.py:188} INFO - [2025-10-07T22:11:27.391+0000] {dag.py:3096} INFO - Sync 1 DAGs
[2025-10-07T22:11:27.403+0000] {logging_mixin.py:188} INFO - [2025-10-07T22:11:27.403+0000] {dag.py:3954} INFO - Setting next_dagrun for example_branch_dop_operator_v3 to 2025-10-07 22:10:00+00:00, run_after=2025-10-07 22:11:00+00:00
[2025-10-07T22:11:27.414+0000] {processor.py:183} INFO - Processing /home/airflow/.local/lib/python3.12/site-packages/airflow/example_dags/example_branch_python_dop_operator_3.py took 0.044 seconds
[2025-10-07T22:11:57.431+0000] {processor.py:161} INFO - Started process (PID=1473) to work on /home/airflow/.local/lib/python3.12/site-packages/airflow/example_dags/example_branch_python_dop_operator_3.py
[2025-10-07T22:11:57.431+0000] {processor.py:830} INFO - Processing file /home/airflow/.local/lib/python3.12/site-packages/airflow/example_dags/example_branch_python_dop_operator_3.py for tasks to queue
[2025-10-07T22:11:57.433+0000] {logging_mixin.py:188} INFO - [2025-10-07T22:11:57.432+0000] {dagbag.py:545} INFO - Filling up the DagBag from /home/airflow/.local/lib/python3.12/site-packages/airflow/example_dags/example_branch_python_dop_operator_3.py
[2025-10-07T22:11:57.437+0000] {processor.py:840} INFO - DAG(s) 'example_branch_dop_operator_v3' retrieved from /home/airflow/.local/lib/python3.12/site-packages/airflow/example_dags/example_branch_python_dop_operator_3.py
[2025-10-07T22:11:57.447+0000] {logging_mixin.py:188} INFO - [2025-10-07T22:11:57.447+0000] {dag.py:3096} INFO - Sync 1 DAGs
[2025-10-07T22:11:57.457+0000] {logging_mixin.py:188} INFO - [2025-10-07T22:11:57.457+0000] {dag.py:3954} INFO - Setting next_dagrun for example_branch_dop_operator_v3 to 2025-10-07 22:10:00+00:00, run_after=2025-10-07 22:11:00+00:00
[2025-10-07T22:11:57.467+0000] {processor.py:183} INFO - Processing /home/airflow/.local/lib/python3.12/site-packages/airflow/example_dags/example_branch_python_dop_operator_3.py took 0.039 seconds
[2025-10-07T22:12:27.673+0000] {processor.py:161} INFO - Started process (PID=1532) to work on /home/airflow/.local/lib/python3.12/site-packages/airflow/example_dags/example_branch_python_dop_operator_3.py
[2025-10-07T22:12:27.674+0000] {processor.py:830} INFO - Processing file /home/airflow/.local/lib/python3.12/site-packages/airflow/example_dags/example_branch_python_dop_operator_3.py for tasks to queue
[2025-10-07T22:12:27.675+0000] {logging_mixin.py:188} INFO - [2025-10-07T22:12:27.675+0000] {dagbag.py:545} INFO - Filling up the DagBag from /home/airflow/.local/lib/python3.12/site-packages/airflow/example_dags/example_branch_python_dop_operator_3.py
[2025-10-07T22:12:27.680+0000] {processor.py:840} INFO - DAG(s) 'example_branch_dop_operator_v3' retrieved from /home/airflow/.local/lib/python3.12/site-packages/airflow/example_dags/example_branch_python_dop_operator_3.py
[2025-10-07T22:12:27.693+0000] {logging_mixin.py:188} INFO - [2025-10-07T22:12:27.693+0000] {dag.py:3096} INFO - Sync 1 DAGs
[2025-10-07T22:12:27.705+0000] {logging_mixin.py:188} INFO - [2025-10-07T22:12:27.705+0000] {dag.py:3954} INFO - Setting next_dagrun for example_branch_dop_operator_v3 to 2025-10-07 22:11:00+00:00, run_after=2025-10-07 22:12:00+00:00
[2025-10-07T22:12:27.715+0000] {processor.py:183} INFO - Processing /home/airflow/.local/lib/python3.12/site-packages/airflow/example_dags/example_branch_python_dop_operator_3.py took 0.046 seconds
[2025-10-07T22:12:57.824+0000] {processor.py:161} INFO - Started process (PID=1591) to work on /home/airflow/.local/lib/python3.12/site-packages/airflow/example_dags/example_branch_python_dop_operator_3.py
[2025-10-07T22:12:57.825+0000] {processor.py:830} INFO - Processing file /home/airflow/.local/lib/python3.12/site-packages/airflow/example_dags/example_branch_python_dop_operator_3.py for tasks to queue
[2025-10-07T22:12:57.826+0000] {logging_mixin.py:188} INFO - [2025-10-07T22:12:57.826+0000] {dagbag.py:545} INFO - Filling up the DagBag from /home/airflow/.local/lib/python3.12/site-packages/airflow/example_dags/example_branch_python_dop_operator_3.py
[2025-10-07T22:12:57.830+0000] {processor.py:840} INFO - DAG(s) 'example_branch_dop_operator_v3' retrieved from /home/airflow/.local/lib/python3.12/site-packages/airflow/example_dags/example_branch_python_dop_operator_3.py
[2025-10-07T22:12:57.843+0000] {logging_mixin.py:188} INFO - [2025-10-07T22:12:57.843+0000] {dag.py:3096} INFO - Sync 1 DAGs
[2025-10-07T22:12:57.856+0000] {logging_mixin.py:188} INFO - [2025-10-07T22:12:57.856+0000] {dag.py:3954} INFO - Setting next_dagrun for example_branch_dop_operator_v3 to 2025-10-07 22:11:00+00:00, run_after=2025-10-07 22:12:00+00:00
[2025-10-07T22:12:57.865+0000] {processor.py:183} INFO - Processing /home/airflow/.local/lib/python3.12/site-packages/airflow/example_dags/example_branch_python_dop_operator_3.py took 0.044 seconds
[2025-10-07T22:13:28.133+0000] {processor.py:161} INFO - Started process (PID=1650) to work on /home/airflow/.local/lib/python3.12/site-packages/airflow/example_dags/example_branch_python_dop_operator_3.py
[2025-10-07T22:13:28.134+0000] {processor.py:830} INFO - Processing file /home/airflow/.local/lib/python3.12/site-packages/airflow/example_dags/example_branch_python_dop_operator_3.py for tasks to queue
[2025-10-07T22:13:28.138+0000] {logging_mixin.py:188} INFO - [2025-10-07T22:13:28.138+0000] {dagbag.py:545} INFO - Filling up the DagBag from /home/airflow/.local/lib/python3.12/site-packages/airflow/example_dags/example_branch_python_dop_operator_3.py
[2025-10-07T22:13:28.143+0000] {processor.py:840} INFO - DAG(s) 'example_branch_dop_operator_v3' retrieved from /home/airflow/.local/lib/python3.12/site-packages/airflow/example_dags/example_branch_python_dop_operator_3.py
[2025-10-07T22:13:28.155+0000] {logging_mixin.py:188} INFO - [2025-10-07T22:13:28.155+0000] {dag.py:3096} INFO - Sync 1 DAGs
[2025-10-07T22:13:28.168+0000] {logging_mixin.py:188} INFO - [2025-10-07T22:13:28.167+0000] {dag.py:3954} INFO - Setting next_dagrun for example_branch_dop_operator_v3 to 2025-10-07 22:12:00+00:00, run_after=2025-10-07 22:13:00+00:00
[2025-10-07T22:13:28.176+0000] {processor.py:183} INFO - Processing /home/airflow/.local/lib/python3.12/site-packages/airflow/example_dags/example_branch_python_dop_operator_3.py took 0.046 seconds
[2025-10-07T22:13:58.302+0000] {processor.py:161} INFO - Started process (PID=1709) to work on /home/airflow/.local/lib/python3.12/site-packages/airflow/example_dags/example_branch_python_dop_operator_3.py
[2025-10-07T22:13:58.303+0000] {processor.py:830} INFO - Processing file /home/airflow/.local/lib/python3.12/site-packages/airflow/example_dags/example_branch_python_dop_operator_3.py for tasks to queue
[2025-10-07T22:13:58.304+0000] {logging_mixin.py:188} INFO - [2025-10-07T22:13:58.304+0000] {dagbag.py:545} INFO - Filling up the DagBag from /home/airflow/.local/lib/python3.12/site-packages/airflow/example_dags/example_branch_python_dop_operator_3.py
[2025-10-07T22:13:58.309+0000] {processor.py:840} INFO - DAG(s) 'example_branch_dop_operator_v3' retrieved from /home/airflow/.local/lib/python3.12/site-packages/airflow/example_dags/example_branch_python_dop_operator_3.py
[2025-10-07T22:13:58.319+0000] {logging_mixin.py:188} INFO - [2025-10-07T22:13:58.319+0000] {dag.py:3096} INFO - Sync 1 DAGs
[2025-10-07T22:13:58.331+0000] {logging_mixin.py:188} INFO - [2025-10-07T22:13:58.331+0000] {dag.py:3954} INFO - Setting next_dagrun for example_branch_dop_operator_v3 to 2025-10-07 22:12:00+00:00, run_after=2025-10-07 22:13:00+00:00
[2025-10-07T22:13:58.341+0000] {processor.py:183} INFO - Processing /home/airflow/.local/lib/python3.12/site-packages/airflow/example_dags/example_branch_python_dop_operator_3.py took 0.042 seconds
[2025-10-07T22:14:28.486+0000] {processor.py:161} INFO - Started process (PID=1768) to work on /home/airflow/.local/lib/python3.12/site-packages/airflow/example_dags/example_branch_python_dop_operator_3.py
[2025-10-07T22:14:28.488+0000] {processor.py:830} INFO - Processing file /home/airflow/.local/lib/python3.12/site-packages/airflow/example_dags/example_branch_python_dop_operator_3.py for tasks to queue
[2025-10-07T22:14:28.490+0000] {logging_mixin.py:188} INFO - [2025-10-07T22:14:28.489+0000] {dagbag.py:545} INFO - Filling up the DagBag from /home/airflow/.local/lib/python3.12/site-packages/airflow/example_dags/example_branch_python_dop_operator_3.py
[2025-10-07T22:14:28.495+0000] {processor.py:840} INFO - DAG(s) 'example_branch_dop_operator_v3' retrieved from /home/airflow/.local/lib/python3.12/site-packages/airflow/example_dags/example_branch_python_dop_operator_3.py
[2025-10-07T22:14:28.506+0000] {logging_mixin.py:188} INFO - [2025-10-07T22:14:28.506+0000] {dag.py:3096} INFO - Sync 1 DAGs
[2025-10-07T22:14:28.517+0000] {logging_mixin.py:188} INFO - [2025-10-07T22:14:28.517+0000] {dag.py:3954} INFO - Setting next_dagrun for example_branch_dop_operator_v3 to 2025-10-07 22:13:00+00:00, run_after=2025-10-07 22:14:00+00:00
[2025-10-07T22:14:28.527+0000] {processor.py:183} INFO - Processing /home/airflow/.local/lib/python3.12/site-packages/airflow/example_dags/example_branch_python_dop_operator_3.py took 0.044 seconds
[2025-10-07T22:14:58.562+0000] {processor.py:161} INFO - Started process (PID=1827) to work on /home/airflow/.local/lib/python3.12/site-packages/airflow/example_dags/example_branch_python_dop_operator_3.py
[2025-10-07T22:14:58.563+0000] {processor.py:830} INFO - Processing file /home/airflow/.local/lib/python3.12/site-packages/airflow/example_dags/example_branch_python_dop_operator_3.py for tasks to queue
[2025-10-07T22:14:58.565+0000] {logging_mixin.py:188} INFO - [2025-10-07T22:14:58.564+0000] {dagbag.py:545} INFO - Filling up the DagBag from /home/airflow/.local/lib/python3.12/site-packages/airflow/example_dags/example_branch_python_dop_operator_3.py
[2025-10-07T22:14:58.570+0000] {processor.py:840} INFO - DAG(s) 'example_branch_dop_operator_v3' retrieved from /home/airflow/.local/lib/python3.12/site-packages/airflow/example_dags/example_branch_python_dop_operator_3.py
[2025-10-07T22:14:58.582+0000] {logging_mixin.py:188} INFO - [2025-10-07T22:14:58.581+0000] {dag.py:3096} INFO - Sync 1 DAGs
[2025-10-07T22:14:58.592+0000] {logging_mixin.py:188} INFO - [2025-10-07T22:14:58.592+0000] {dag.py:3954} INFO - Setting next_dagrun for example_branch_dop_operator_v3 to 2025-10-07 22:13:00+00:00, run_after=2025-10-07 22:14:00+00:00
[2025-10-07T22:14:58.603+0000] {processor.py:183} INFO - Processing /home/airflow/.local/lib/python3.12/site-packages/airflow/example_dags/example_branch_python_dop_operator_3.py took 0.044 seconds
[2025-10-07T22:15:28.856+0000] {processor.py:161} INFO - Started process (PID=1886) to work on /home/airflow/.local/lib/python3.12/site-packages/airflow/example_dags/example_branch_python_dop_operator_3.py
[2025-10-07T22:15:28.857+0000] {processor.py:830} INFO - Processing file /home/airflow/.local/lib/python3.12/site-packages/airflow/example_dags/example_branch_python_dop_operator_3.py for tasks to queue
[2025-10-07T22:15:28.858+0000] {logging_mixin.py:188} INFO - [2025-10-07T22:15:28.858+0000] {dagbag.py:545} INFO - Filling up the DagBag from /home/airflow/.local/lib/python3.12/site-packages/airflow/example_dags/example_branch_python_dop_operator_3.py
[2025-10-07T22:15:28.862+0000] {processor.py:840} INFO - DAG(s) 'example_branch_dop_operator_v3' retrieved from /home/airflow/.local/lib/python3.12/site-packages/airflow/example_dags/example_branch_python_dop_operator_3.py
[2025-10-07T22:15:28.872+0000] {logging_mixin.py:188} INFO - [2025-10-07T22:15:28.872+0000] {dag.py:3096} INFO - Sync 1 DAGs
[2025-10-07T22:15:28.887+0000] {logging_mixin.py:188} INFO - [2025-10-07T22:15:28.887+0000] {dag.py:3954} INFO - Setting next_dagrun for example_branch_dop_operator_v3 to 2025-10-07 22:14:00+00:00, run_after=2025-10-07 22:15:00+00:00
[2025-10-07T22:15:28.898+0000] {processor.py:183} INFO - Processing /home/airflow/.local/lib/python3.12/site-packages/airflow/example_dags/example_branch_python_dop_operator_3.py took 0.045 seconds
[2025-10-07T22:15:59.667+0000] {processor.py:161} INFO - Started process (PID=1945) to work on /home/airflow/.local/lib/python3.12/site-packages/airflow/example_dags/example_branch_python_dop_operator_3.py
[2025-10-07T22:15:59.668+0000] {processor.py:830} INFO - Processing file /home/airflow/.local/lib/python3.12/site-packages/airflow/example_dags/example_branch_python_dop_operator_3.py for tasks to queue
[2025-10-07T22:15:59.669+0000] {logging_mixin.py:188} INFO - [2025-10-07T22:15:59.669+0000] {dagbag.py:545} INFO - Filling up the DagBag from /home/airflow/.local/lib/python3.12/site-packages/airflow/example_dags/example_branch_python_dop_operator_3.py
[2025-10-07T22:15:59.674+0000] {processor.py:840} INFO - DAG(s) 'example_branch_dop_operator_v3' retrieved from /home/airflow/.local/lib/python3.12/site-packages/airflow/example_dags/example_branch_python_dop_operator_3.py
[2025-10-07T22:15:59.685+0000] {logging_mixin.py:188} INFO - [2025-10-07T22:15:59.684+0000] {dag.py:3096} INFO - Sync 1 DAGs
[2025-10-07T22:15:59.699+0000] {logging_mixin.py:188} INFO - [2025-10-07T22:15:59.699+0000] {dag.py:3954} INFO - Setting next_dagrun for example_branch_dop_operator_v3 to 2025-10-07 22:14:00+00:00, run_after=2025-10-07 22:15:00+00:00
[2025-10-07T22:15:59.708+0000] {processor.py:183} INFO - Processing /home/airflow/.local/lib/python3.12/site-packages/airflow/example_dags/example_branch_python_dop_operator_3.py took 0.044 seconds
[2025-10-07T22:16:29.806+0000] {processor.py:161} INFO - Started process (PID=2004) to work on /home/airflow/.local/lib/python3.12/site-packages/airflow/example_dags/example_branch_python_dop_operator_3.py
[2025-10-07T22:16:29.807+0000] {processor.py:830} INFO - Processing file /home/airflow/.local/lib/python3.12/site-packages/airflow/example_dags/example_branch_python_dop_operator_3.py for tasks to queue
[2025-10-07T22:16:29.808+0000] {logging_mixin.py:188} INFO - [2025-10-07T22:16:29.807+0000] {dagbag.py:545} INFO - Filling up the DagBag from /home/airflow/.local/lib/python3.12/site-packages/airflow/example_dags/example_branch_python_dop_operator_3.py
[2025-10-07T22:16:29.812+0000] {processor.py:840} INFO - DAG(s) 'example_branch_dop_operator_v3' retrieved from /home/airflow/.local/lib/python3.12/site-packages/airflow/example_dags/example_branch_python_dop_operator_3.py
[2025-10-07T22:16:29.823+0000] {logging_mixin.py:188} INFO - [2025-10-07T22:16:29.823+0000] {dag.py:3096} INFO - Sync 1 DAGs
[2025-10-07T22:16:29.837+0000] {logging_mixin.py:188} INFO - [2025-10-07T22:16:29.837+0000] {dag.py:3954} INFO - Setting next_dagrun for example_branch_dop_operator_v3 to 2025-10-07 22:15:00+00:00, run_after=2025-10-07 22:16:00+00:00
[2025-10-07T22:16:29.847+0000] {processor.py:183} INFO - Processing /home/airflow/.local/lib/python3.12/site-packages/airflow/example_dags/example_branch_python_dop_operator_3.py took 0.044 seconds
[2025-10-07T22:17:00.500+0000] {processor.py:161} INFO - Started process (PID=2063) to work on /home/airflow/.local/lib/python3.12/site-packages/airflow/example_dags/example_branch_python_dop_operator_3.py
[2025-10-07T22:17:00.502+0000] {processor.py:830} INFO - Processing file /home/airflow/.local/lib/python3.12/site-packages/airflow/example_dags/example_branch_python_dop_operator_3.py for tasks to queue
[2025-10-07T22:17:00.503+0000] {logging_mixin.py:188} INFO - [2025-10-07T22:17:00.503+0000] {dagbag.py:545} INFO - Filling up the DagBag from /home/airflow/.local/lib/python3.12/site-packages/airflow/example_dags/example_branch_python_dop_operator_3.py
[2025-10-07T22:17:00.507+0000] {processor.py:840} INFO - DAG(s) 'example_branch_dop_operator_v3' retrieved from /home/airflow/.local/lib/python3.12/site-packages/airflow/example_dags/example_branch_python_dop_operator_3.py
[2025-10-07T22:17:00.519+0000] {logging_mixin.py:188} INFO - [2025-10-07T22:17:00.518+0000] {dag.py:3096} INFO - Sync 1 DAGs
[2025-10-07T22:17:00.530+0000] {logging_mixin.py:188} INFO - [2025-10-07T22:17:00.530+0000] {dag.py:3954} INFO - Setting next_dagrun for example_branch_dop_operator_v3 to 2025-10-07 22:16:00+00:00, run_after=2025-10-07 22:17:00+00:00
[2025-10-07T22:17:00.539+0000] {processor.py:183} INFO - Processing /home/airflow/.local/lib/python3.12/site-packages/airflow/example_dags/example_branch_python_dop_operator_3.py took 0.042 seconds
[2025-10-07T22:17:31.576+0000] {processor.py:161} INFO - Started process (PID=2122) to work on /home/airflow/.local/lib/python3.12/site-packages/airflow/example_dags/example_branch_python_dop_operator_3.py
[2025-10-07T22:17:31.577+0000] {processor.py:830} INFO - Processing file /home/airflow/.local/lib/python3.12/site-packages/airflow/example_dags/example_branch_python_dop_operator_3.py for tasks to queue
[2025-10-07T22:17:31.578+0000] {logging_mixin.py:188} INFO - [2025-10-07T22:17:31.578+0000] {dagbag.py:545} INFO - Filling up the DagBag from /home/airflow/.local/lib/python3.12/site-packages/airflow/example_dags/example_branch_python_dop_operator_3.py
[2025-10-07T22:17:31.583+0000] {processor.py:840} INFO - DAG(s) 'example_branch_dop_operator_v3' retrieved from /home/airflow/.local/lib/python3.12/site-packages/airflow/example_dags/example_branch_python_dop_operator_3.py
[2025-10-07T22:17:31.593+0000] {logging_mixin.py:188} INFO - [2025-10-07T22:17:31.593+0000] {dag.py:3096} INFO - Sync 1 DAGs
[2025-10-07T22:17:31.605+0000] {logging_mixin.py:188} INFO - [2025-10-07T22:17:31.605+0000] {dag.py:3954} INFO - Setting next_dagrun for example_branch_dop_operator_v3 to 2025-10-07 22:16:00+00:00, run_after=2025-10-07 22:17:00+00:00
[2025-10-07T22:17:31.617+0000] {processor.py:183} INFO - Processing /home/airflow/.local/lib/python3.12/site-packages/airflow/example_dags/example_branch_python_dop_operator_3.py took 0.044 seconds
[2025-10-07T22:18:01.646+0000] {processor.py:161} INFO - Started process (PID=2181) to work on /home/airflow/.local/lib/python3.12/site-packages/airflow/example_dags/example_branch_python_dop_operator_3.py
[2025-10-07T22:18:01.649+0000] {processor.py:830} INFO - Processing file /home/airflow/.local/lib/python3.12/site-packages/airflow/example_dags/example_branch_python_dop_operator_3.py for tasks to queue
[2025-10-07T22:18:01.650+0000] {logging_mixin.py:188} INFO - [2025-10-07T22:18:01.650+0000] {dagbag.py:545} INFO - Filling up the DagBag from /home/airflow/.local/lib/python3.12/site-packages/airflow/example_dags/example_branch_python_dop_operator_3.py
[2025-10-07T22:18:01.654+0000] {processor.py:840} INFO - DAG(s) 'example_branch_dop_operator_v3' retrieved from /home/airflow/.local/lib/python3.12/site-packages/airflow/example_dags/example_branch_python_dop_operator_3.py
[2025-10-07T22:18:01.667+0000] {logging_mixin.py:188} INFO - [2025-10-07T22:18:01.667+0000] {dag.py:3096} INFO - Sync 1 DAGs
[2025-10-07T22:18:01.681+0000] {logging_mixin.py:188} INFO - [2025-10-07T22:18:01.681+0000] {dag.py:3954} INFO - Setting next_dagrun for example_branch_dop_operator_v3 to 2025-10-07 22:17:00+00:00, run_after=2025-10-07 22:18:00+00:00
[2025-10-07T22:18:01.694+0000] {processor.py:183} INFO - Processing /home/airflow/.local/lib/python3.12/site-packages/airflow/example_dags/example_branch_python_dop_operator_3.py took 0.051 seconds
[2025-10-07T22:18:31.820+0000] {processor.py:161} INFO - Started process (PID=2240) to work on /home/airflow/.local/lib/python3.12/site-packages/airflow/example_dags/example_branch_python_dop_operator_3.py
[2025-10-07T22:18:31.821+0000] {processor.py:830} INFO - Processing file /home/airflow/.local/lib/python3.12/site-packages/airflow/example_dags/example_branch_python_dop_operator_3.py for tasks to queue
[2025-10-07T22:18:31.822+0000] {logging_mixin.py:188} INFO - [2025-10-07T22:18:31.822+0000] {dagbag.py:545} INFO - Filling up the DagBag from /home/airflow/.local/lib/python3.12/site-packages/airflow/example_dags/example_branch_python_dop_operator_3.py
[2025-10-07T22:18:31.826+0000] {processor.py:840} INFO - DAG(s) 'example_branch_dop_operator_v3' retrieved from /home/airflow/.local/lib/python3.12/site-packages/airflow/example_dags/example_branch_python_dop_operator_3.py
[2025-10-07T22:18:31.841+0000] {logging_mixin.py:188} INFO - [2025-10-07T22:18:31.841+0000] {dag.py:3096} INFO - Sync 1 DAGs
[2025-10-07T22:18:31.854+0000] {logging_mixin.py:188} INFO - [2025-10-07T22:18:31.854+0000] {dag.py:3954} INFO - Setting next_dagrun for example_branch_dop_operator_v3 to 2025-10-07 22:17:00+00:00, run_after=2025-10-07 22:18:00+00:00
[2025-10-07T22:18:31.865+0000] {processor.py:183} INFO - Processing /home/airflow/.local/lib/python3.12/site-packages/airflow/example_dags/example_branch_python_dop_operator_3.py took 0.048 seconds
[2025-10-07T22:19:16.003+0000] {processor.py:161} INFO - Started process (PID=50) to work on /home/airflow/.local/lib/python3.12/site-packages/airflow/example_dags/example_branch_python_dop_operator_3.py
[2025-10-07T22:19:16.004+0000] {processor.py:830} INFO - Processing file /home/airflow/.local/lib/python3.12/site-packages/airflow/example_dags/example_branch_python_dop_operator_3.py for tasks to queue
[2025-10-07T22:19:16.005+0000] {logging_mixin.py:188} INFO - [2025-10-07T22:19:16.005+0000] {dagbag.py:545} INFO - Filling up the DagBag from /home/airflow/.local/lib/python3.12/site-packages/airflow/example_dags/example_branch_python_dop_operator_3.py
[2025-10-07T22:19:16.012+0000] {processor.py:840} INFO - DAG(s) 'example_branch_dop_operator_v3' retrieved from /home/airflow/.local/lib/python3.12/site-packages/airflow/example_dags/example_branch_python_dop_operator_3.py
[2025-10-07T22:19:16.021+0000] {logging_mixin.py:188} INFO - [2025-10-07T22:19:16.021+0000] {dag.py:3096} INFO - Sync 1 DAGs
[2025-10-07T22:19:16.044+0000] {logging_mixin.py:188} INFO - [2025-10-07T22:19:16.044+0000] {dag.py:3954} INFO - Setting next_dagrun for example_branch_dop_operator_v3 to 2025-10-07 22:18:00+00:00, run_after=2025-10-07 22:19:00+00:00
[2025-10-07T22:19:16.062+0000] {processor.py:183} INFO - Processing /home/airflow/.local/lib/python3.12/site-packages/airflow/example_dags/example_branch_python_dop_operator_3.py took 0.069 seconds
[2025-10-07T22:19:46.958+0000] {processor.py:161} INFO - Started process (PID=109) to work on /home/airflow/.local/lib/python3.12/site-packages/airflow/example_dags/example_branch_python_dop_operator_3.py
[2025-10-07T22:19:46.958+0000] {processor.py:830} INFO - Processing file /home/airflow/.local/lib/python3.12/site-packages/airflow/example_dags/example_branch_python_dop_operator_3.py for tasks to queue
[2025-10-07T22:19:46.959+0000] {logging_mixin.py:188} INFO - [2025-10-07T22:19:46.959+0000] {dagbag.py:545} INFO - Filling up the DagBag from /home/airflow/.local/lib/python3.12/site-packages/airflow/example_dags/example_branch_python_dop_operator_3.py
[2025-10-07T22:19:46.963+0000] {processor.py:840} INFO - DAG(s) 'example_branch_dop_operator_v3' retrieved from /home/airflow/.local/lib/python3.12/site-packages/airflow/example_dags/example_branch_python_dop_operator_3.py
[2025-10-07T22:19:47.015+0000] {logging_mixin.py:188} INFO - [2025-10-07T22:19:47.015+0000] {dag.py:3096} INFO - Sync 1 DAGs
[2025-10-07T22:19:47.026+0000] {logging_mixin.py:188} INFO - [2025-10-07T22:19:47.026+0000] {dag.py:3954} INFO - Setting next_dagrun for example_branch_dop_operator_v3 to 2025-10-07 22:18:00+00:00, run_after=2025-10-07 22:19:00+00:00
[2025-10-07T22:19:47.044+0000] {processor.py:183} INFO - Processing /home/airflow/.local/lib/python3.12/site-packages/airflow/example_dags/example_branch_python_dop_operator_3.py took 0.089 seconds
[2025-10-07T22:20:17.885+0000] {processor.py:161} INFO - Started process (PID=168) to work on /home/airflow/.local/lib/python3.12/site-packages/airflow/example_dags/example_branch_python_dop_operator_3.py
[2025-10-07T22:20:17.885+0000] {processor.py:830} INFO - Processing file /home/airflow/.local/lib/python3.12/site-packages/airflow/example_dags/example_branch_python_dop_operator_3.py for tasks to queue
[2025-10-07T22:20:17.886+0000] {logging_mixin.py:188} INFO - [2025-10-07T22:20:17.886+0000] {dagbag.py:545} INFO - Filling up the DagBag from /home/airflow/.local/lib/python3.12/site-packages/airflow/example_dags/example_branch_python_dop_operator_3.py
[2025-10-07T22:20:17.891+0000] {processor.py:840} INFO - DAG(s) 'example_branch_dop_operator_v3' retrieved from /home/airflow/.local/lib/python3.12/site-packages/airflow/example_dags/example_branch_python_dop_operator_3.py
[2025-10-07T22:20:17.903+0000] {logging_mixin.py:188} INFO - [2025-10-07T22:20:17.903+0000] {dag.py:3096} INFO - Sync 1 DAGs
[2025-10-07T22:20:17.920+0000] {logging_mixin.py:188} INFO - [2025-10-07T22:20:17.920+0000] {dag.py:3954} INFO - Setting next_dagrun for example_branch_dop_operator_v3 to 2025-10-07 22:19:00+00:00, run_after=2025-10-07 22:20:00+00:00
[2025-10-07T22:20:17.938+0000] {processor.py:183} INFO - Processing /home/airflow/.local/lib/python3.12/site-packages/airflow/example_dags/example_branch_python_dop_operator_3.py took 0.056 seconds
[2025-10-07T22:20:48.318+0000] {processor.py:161} INFO - Started process (PID=227) to work on /home/airflow/.local/lib/python3.12/site-packages/airflow/example_dags/example_branch_python_dop_operator_3.py
[2025-10-07T22:20:48.320+0000] {processor.py:830} INFO - Processing file /home/airflow/.local/lib/python3.12/site-packages/airflow/example_dags/example_branch_python_dop_operator_3.py for tasks to queue
[2025-10-07T22:20:48.321+0000] {logging_mixin.py:188} INFO - [2025-10-07T22:20:48.321+0000] {dagbag.py:545} INFO - Filling up the DagBag from /home/airflow/.local/lib/python3.12/site-packages/airflow/example_dags/example_branch_python_dop_operator_3.py
[2025-10-07T22:20:48.326+0000] {processor.py:840} INFO - DAG(s) 'example_branch_dop_operator_v3' retrieved from /home/airflow/.local/lib/python3.12/site-packages/airflow/example_dags/example_branch_python_dop_operator_3.py
[2025-10-07T22:20:48.344+0000] {logging_mixin.py:188} INFO - [2025-10-07T22:20:48.344+0000] {dag.py:3096} INFO - Sync 1 DAGs
[2025-10-07T22:20:48.358+0000] {logging_mixin.py:188} INFO - [2025-10-07T22:20:48.357+0000] {dag.py:3954} INFO - Setting next_dagrun for example_branch_dop_operator_v3 to 2025-10-07 22:19:00+00:00, run_after=2025-10-07 22:20:00+00:00
[2025-10-07T22:20:48.371+0000] {processor.py:183} INFO - Processing /home/airflow/.local/lib/python3.12/site-packages/airflow/example_dags/example_branch_python_dop_operator_3.py took 0.056 seconds
[2025-10-07T22:21:18.420+0000] {processor.py:161} INFO - Started process (PID=286) to work on /home/airflow/.local/lib/python3.12/site-packages/airflow/example_dags/example_branch_python_dop_operator_3.py
[2025-10-07T22:21:18.422+0000] {processor.py:830} INFO - Processing file /home/airflow/.local/lib/python3.12/site-packages/airflow/example_dags/example_branch_python_dop_operator_3.py for tasks to queue
[2025-10-07T22:21:18.424+0000] {logging_mixin.py:188} INFO - [2025-10-07T22:21:18.424+0000] {dagbag.py:545} INFO - Filling up the DagBag from /home/airflow/.local/lib/python3.12/site-packages/airflow/example_dags/example_branch_python_dop_operator_3.py
[2025-10-07T22:21:18.428+0000] {processor.py:840} INFO - DAG(s) 'example_branch_dop_operator_v3' retrieved from /home/airflow/.local/lib/python3.12/site-packages/airflow/example_dags/example_branch_python_dop_operator_3.py
[2025-10-07T22:21:18.438+0000] {logging_mixin.py:188} INFO - [2025-10-07T22:21:18.438+0000] {dag.py:3096} INFO - Sync 1 DAGs
[2025-10-07T22:21:18.452+0000] {logging_mixin.py:188} INFO - [2025-10-07T22:21:18.451+0000] {dag.py:3954} INFO - Setting next_dagrun for example_branch_dop_operator_v3 to 2025-10-07 22:20:00+00:00, run_after=2025-10-07 22:21:00+00:00
[2025-10-07T22:21:18.468+0000] {processor.py:183} INFO - Processing /home/airflow/.local/lib/python3.12/site-packages/airflow/example_dags/example_branch_python_dop_operator_3.py took 0.050 seconds
[2025-10-07T22:21:48.877+0000] {processor.py:161} INFO - Started process (PID=351) to work on /home/airflow/.local/lib/python3.12/site-packages/airflow/example_dags/example_branch_python_dop_operator_3.py
[2025-10-07T22:21:48.878+0000] {processor.py:830} INFO - Processing file /home/airflow/.local/lib/python3.12/site-packages/airflow/example_dags/example_branch_python_dop_operator_3.py for tasks to queue
[2025-10-07T22:21:48.879+0000] {logging_mixin.py:188} INFO - [2025-10-07T22:21:48.879+0000] {dagbag.py:545} INFO - Filling up the DagBag from /home/airflow/.local/lib/python3.12/site-packages/airflow/example_dags/example_branch_python_dop_operator_3.py
[2025-10-07T22:21:48.885+0000] {processor.py:840} INFO - DAG(s) 'example_branch_dop_operator_v3' retrieved from /home/airflow/.local/lib/python3.12/site-packages/airflow/example_dags/example_branch_python_dop_operator_3.py
[2025-10-07T22:21:48.898+0000] {logging_mixin.py:188} INFO - [2025-10-07T22:21:48.897+0000] {dag.py:3096} INFO - Sync 1 DAGs
[2025-10-07T22:21:48.913+0000] {logging_mixin.py:188} INFO - [2025-10-07T22:21:48.913+0000] {dag.py:3954} INFO - Setting next_dagrun for example_branch_dop_operator_v3 to 2025-10-07 22:20:00+00:00, run_after=2025-10-07 22:21:00+00:00
[2025-10-07T22:21:48.929+0000] {processor.py:183} INFO - Processing /home/airflow/.local/lib/python3.12/site-packages/airflow/example_dags/example_branch_python_dop_operator_3.py took 0.056 seconds
