[2025-10-07T21:54:26.349+0000] {processor.py:161} INFO - Started process (PID=91) to work on /home/airflow/.local/lib/python3.12/site-packages/airflow/example_dags/example_external_task_marker_dag.py
[2025-10-07T21:54:26.350+0000] {processor.py:830} INFO - Processing file /home/airflow/.local/lib/python3.12/site-packages/airflow/example_dags/example_external_task_marker_dag.py for tasks to queue
[2025-10-07T21:54:26.352+0000] {logging_mixin.py:188} INFO - [2025-10-07T21:54:26.351+0000] {dagbag.py:545} INFO - Filling up the DagBag from /home/airflow/.local/lib/python3.12/site-packages/airflow/example_dags/example_external_task_marker_dag.py
[2025-10-07T21:54:26.357+0000] {processor.py:840} INFO - DAG(s) 'example_external_task_marker_parent', 'example_external_task_marker_child' retrieved from /home/airflow/.local/lib/python3.12/site-packages/airflow/example_dags/example_external_task_marker_dag.py
[2025-10-07T21:54:26.367+0000] {logging_mixin.py:188} INFO - [2025-10-07T21:54:26.367+0000] {dag.py:3096} INFO - Sync 2 DAGs
[2025-10-07T21:54:26.375+0000] {logging_mixin.py:188} INFO - [2025-10-07T21:54:26.375+0000] {dag.py:3954} INFO - Setting next_dagrun for example_external_task_marker_child to None, run_after=None
[2025-10-07T21:54:26.378+0000] {logging_mixin.py:188} INFO - [2025-10-07T21:54:26.378+0000] {dag.py:3954} INFO - Setting next_dagrun for example_external_task_marker_parent to None, run_after=None
[2025-10-07T21:54:26.386+0000] {processor.py:183} INFO - Processing /home/airflow/.local/lib/python3.12/site-packages/airflow/example_dags/example_external_task_marker_dag.py took 0.041 seconds
[2025-10-07T21:54:57.566+0000] {processor.py:161} INFO - Started process (PID=150) to work on /home/airflow/.local/lib/python3.12/site-packages/airflow/example_dags/example_external_task_marker_dag.py
[2025-10-07T21:54:57.566+0000] {processor.py:830} INFO - Processing file /home/airflow/.local/lib/python3.12/site-packages/airflow/example_dags/example_external_task_marker_dag.py for tasks to queue
[2025-10-07T21:54:57.569+0000] {logging_mixin.py:188} INFO - [2025-10-07T21:54:57.569+0000] {dagbag.py:545} INFO - Filling up the DagBag from /home/airflow/.local/lib/python3.12/site-packages/airflow/example_dags/example_external_task_marker_dag.py
[2025-10-07T21:54:57.575+0000] {processor.py:840} INFO - DAG(s) 'example_external_task_marker_parent', 'example_external_task_marker_child' retrieved from /home/airflow/.local/lib/python3.12/site-packages/airflow/example_dags/example_external_task_marker_dag.py
[2025-10-07T21:54:57.643+0000] {logging_mixin.py:188} INFO - [2025-10-07T21:54:57.643+0000] {dag.py:3096} INFO - Sync 2 DAGs
[2025-10-07T21:54:57.649+0000] {logging_mixin.py:188} INFO - [2025-10-07T21:54:57.649+0000] {dag.py:3954} INFO - Setting next_dagrun for example_external_task_marker_child to None, run_after=None
[2025-10-07T21:54:57.652+0000] {logging_mixin.py:188} INFO - [2025-10-07T21:54:57.652+0000] {dag.py:3954} INFO - Setting next_dagrun for example_external_task_marker_parent to None, run_after=None
[2025-10-07T21:54:57.663+0000] {processor.py:183} INFO - Processing /home/airflow/.local/lib/python3.12/site-packages/airflow/example_dags/example_external_task_marker_dag.py took 0.100 seconds
[2025-10-07T21:55:28.392+0000] {processor.py:161} INFO - Started process (PID=209) to work on /home/airflow/.local/lib/python3.12/site-packages/airflow/example_dags/example_external_task_marker_dag.py
[2025-10-07T21:55:28.393+0000] {processor.py:830} INFO - Processing file /home/airflow/.local/lib/python3.12/site-packages/airflow/example_dags/example_external_task_marker_dag.py for tasks to queue
[2025-10-07T21:55:28.395+0000] {logging_mixin.py:188} INFO - [2025-10-07T21:55:28.395+0000] {dagbag.py:545} INFO - Filling up the DagBag from /home/airflow/.local/lib/python3.12/site-packages/airflow/example_dags/example_external_task_marker_dag.py
[2025-10-07T21:55:28.399+0000] {processor.py:840} INFO - DAG(s) 'example_external_task_marker_parent', 'example_external_task_marker_child' retrieved from /home/airflow/.local/lib/python3.12/site-packages/airflow/example_dags/example_external_task_marker_dag.py
[2025-10-07T21:55:28.414+0000] {logging_mixin.py:188} INFO - [2025-10-07T21:55:28.414+0000] {dag.py:3096} INFO - Sync 2 DAGs
[2025-10-07T21:55:28.423+0000] {logging_mixin.py:188} INFO - [2025-10-07T21:55:28.423+0000] {dag.py:3954} INFO - Setting next_dagrun for example_external_task_marker_child to None, run_after=None
[2025-10-07T21:55:28.426+0000] {logging_mixin.py:188} INFO - [2025-10-07T21:55:28.426+0000] {dag.py:3954} INFO - Setting next_dagrun for example_external_task_marker_parent to None, run_after=None
[2025-10-07T21:55:28.437+0000] {processor.py:183} INFO - Processing /home/airflow/.local/lib/python3.12/site-packages/airflow/example_dags/example_external_task_marker_dag.py took 0.048 seconds
[2025-10-07T21:55:58.578+0000] {processor.py:161} INFO - Started process (PID=268) to work on /home/airflow/.local/lib/python3.12/site-packages/airflow/example_dags/example_external_task_marker_dag.py
[2025-10-07T21:55:58.578+0000] {processor.py:830} INFO - Processing file /home/airflow/.local/lib/python3.12/site-packages/airflow/example_dags/example_external_task_marker_dag.py for tasks to queue
[2025-10-07T21:55:58.579+0000] {logging_mixin.py:188} INFO - [2025-10-07T21:55:58.579+0000] {dagbag.py:545} INFO - Filling up the DagBag from /home/airflow/.local/lib/python3.12/site-packages/airflow/example_dags/example_external_task_marker_dag.py
[2025-10-07T21:55:58.583+0000] {processor.py:840} INFO - DAG(s) 'example_external_task_marker_parent', 'example_external_task_marker_child' retrieved from /home/airflow/.local/lib/python3.12/site-packages/airflow/example_dags/example_external_task_marker_dag.py
[2025-10-07T21:55:58.596+0000] {logging_mixin.py:188} INFO - [2025-10-07T21:55:58.596+0000] {dag.py:3096} INFO - Sync 2 DAGs
[2025-10-07T21:55:58.603+0000] {logging_mixin.py:188} INFO - [2025-10-07T21:55:58.603+0000] {dag.py:3954} INFO - Setting next_dagrun for example_external_task_marker_child to None, run_after=None
[2025-10-07T21:55:58.605+0000] {logging_mixin.py:188} INFO - [2025-10-07T21:55:58.605+0000] {dag.py:3954} INFO - Setting next_dagrun for example_external_task_marker_parent to None, run_after=None
[2025-10-07T21:55:58.616+0000] {processor.py:183} INFO - Processing /home/airflow/.local/lib/python3.12/site-packages/airflow/example_dags/example_external_task_marker_dag.py took 0.041 seconds
[2025-10-07T21:56:28.724+0000] {processor.py:161} INFO - Started process (PID=327) to work on /home/airflow/.local/lib/python3.12/site-packages/airflow/example_dags/example_external_task_marker_dag.py
[2025-10-07T21:56:28.727+0000] {processor.py:830} INFO - Processing file /home/airflow/.local/lib/python3.12/site-packages/airflow/example_dags/example_external_task_marker_dag.py for tasks to queue
[2025-10-07T21:56:28.728+0000] {logging_mixin.py:188} INFO - [2025-10-07T21:56:28.728+0000] {dagbag.py:545} INFO - Filling up the DagBag from /home/airflow/.local/lib/python3.12/site-packages/airflow/example_dags/example_external_task_marker_dag.py
[2025-10-07T21:56:28.732+0000] {processor.py:840} INFO - DAG(s) 'example_external_task_marker_parent', 'example_external_task_marker_child' retrieved from /home/airflow/.local/lib/python3.12/site-packages/airflow/example_dags/example_external_task_marker_dag.py
[2025-10-07T21:56:28.743+0000] {logging_mixin.py:188} INFO - [2025-10-07T21:56:28.743+0000] {dag.py:3096} INFO - Sync 2 DAGs
[2025-10-07T21:56:28.750+0000] {logging_mixin.py:188} INFO - [2025-10-07T21:56:28.750+0000] {dag.py:3954} INFO - Setting next_dagrun for example_external_task_marker_child to None, run_after=None
[2025-10-07T21:56:28.753+0000] {logging_mixin.py:188} INFO - [2025-10-07T21:56:28.753+0000] {dag.py:3954} INFO - Setting next_dagrun for example_external_task_marker_parent to None, run_after=None
[2025-10-07T21:56:28.763+0000] {processor.py:183} INFO - Processing /home/airflow/.local/lib/python3.12/site-packages/airflow/example_dags/example_external_task_marker_dag.py took 0.042 seconds
[2025-10-07T21:56:59.687+0000] {processor.py:161} INFO - Started process (PID=392) to work on /home/airflow/.local/lib/python3.12/site-packages/airflow/example_dags/example_external_task_marker_dag.py
[2025-10-07T21:56:59.689+0000] {processor.py:830} INFO - Processing file /home/airflow/.local/lib/python3.12/site-packages/airflow/example_dags/example_external_task_marker_dag.py for tasks to queue
[2025-10-07T21:56:59.690+0000] {logging_mixin.py:188} INFO - [2025-10-07T21:56:59.689+0000] {dagbag.py:545} INFO - Filling up the DagBag from /home/airflow/.local/lib/python3.12/site-packages/airflow/example_dags/example_external_task_marker_dag.py
[2025-10-07T21:56:59.693+0000] {processor.py:840} INFO - DAG(s) 'example_external_task_marker_child', 'example_external_task_marker_parent' retrieved from /home/airflow/.local/lib/python3.12/site-packages/airflow/example_dags/example_external_task_marker_dag.py
[2025-10-07T21:56:59.707+0000] {logging_mixin.py:188} INFO - [2025-10-07T21:56:59.707+0000] {dag.py:3096} INFO - Sync 2 DAGs
[2025-10-07T21:56:59.715+0000] {logging_mixin.py:188} INFO - [2025-10-07T21:56:59.715+0000] {dag.py:3954} INFO - Setting next_dagrun for example_external_task_marker_child to None, run_after=None
[2025-10-07T21:56:59.717+0000] {logging_mixin.py:188} INFO - [2025-10-07T21:56:59.717+0000] {dag.py:3954} INFO - Setting next_dagrun for example_external_task_marker_parent to None, run_after=None
[2025-10-07T21:56:59.728+0000] {processor.py:183} INFO - Processing /home/airflow/.local/lib/python3.12/site-packages/airflow/example_dags/example_external_task_marker_dag.py took 0.045 seconds
[2025-10-07T21:57:31.066+0000] {processor.py:161} INFO - Started process (PID=451) to work on /home/airflow/.local/lib/python3.12/site-packages/airflow/example_dags/example_external_task_marker_dag.py
[2025-10-07T21:57:31.068+0000] {processor.py:830} INFO - Processing file /home/airflow/.local/lib/python3.12/site-packages/airflow/example_dags/example_external_task_marker_dag.py for tasks to queue
[2025-10-07T21:57:31.072+0000] {logging_mixin.py:188} INFO - [2025-10-07T21:57:31.071+0000] {dagbag.py:545} INFO - Filling up the DagBag from /home/airflow/.local/lib/python3.12/site-packages/airflow/example_dags/example_external_task_marker_dag.py
[2025-10-07T21:57:31.082+0000] {processor.py:840} INFO - DAG(s) 'example_external_task_marker_child', 'example_external_task_marker_parent' retrieved from /home/airflow/.local/lib/python3.12/site-packages/airflow/example_dags/example_external_task_marker_dag.py
[2025-10-07T21:57:31.121+0000] {logging_mixin.py:188} INFO - [2025-10-07T21:57:31.121+0000] {dag.py:3096} INFO - Sync 2 DAGs
[2025-10-07T21:57:31.140+0000] {logging_mixin.py:188} INFO - [2025-10-07T21:57:31.139+0000] {dag.py:3954} INFO - Setting next_dagrun for example_external_task_marker_child to None, run_after=None
[2025-10-07T21:57:31.145+0000] {logging_mixin.py:188} INFO - [2025-10-07T21:57:31.145+0000] {dag.py:3954} INFO - Setting next_dagrun for example_external_task_marker_parent to None, run_after=None
[2025-10-07T21:57:31.172+0000] {processor.py:183} INFO - Processing /home/airflow/.local/lib/python3.12/site-packages/airflow/example_dags/example_external_task_marker_dag.py took 0.115 seconds
[2025-10-07T21:58:30.583+0000] {processor.py:161} INFO - Started process (PID=504) to work on /home/airflow/.local/lib/python3.12/site-packages/airflow/example_dags/example_external_task_marker_dag.py
[2025-10-07T21:58:30.584+0000] {processor.py:830} INFO - Processing file /home/airflow/.local/lib/python3.12/site-packages/airflow/example_dags/example_external_task_marker_dag.py for tasks to queue
[2025-10-07T21:58:30.589+0000] {logging_mixin.py:188} INFO - [2025-10-07T21:58:30.588+0000] {dagbag.py:545} INFO - Filling up the DagBag from /home/airflow/.local/lib/python3.12/site-packages/airflow/example_dags/example_external_task_marker_dag.py
[2025-10-07T21:58:30.616+0000] {processor.py:840} INFO - DAG(s) 'example_external_task_marker_parent', 'example_external_task_marker_child' retrieved from /home/airflow/.local/lib/python3.12/site-packages/airflow/example_dags/example_external_task_marker_dag.py
[2025-10-07T21:58:30.851+0000] {logging_mixin.py:188} INFO - [2025-10-07T21:58:30.850+0000] {dag.py:3096} INFO - Sync 2 DAGs
[2025-10-07T21:58:30.912+0000] {logging_mixin.py:188} INFO - [2025-10-07T21:58:30.912+0000] {dag.py:3954} INFO - Setting next_dagrun for example_external_task_marker_child to None, run_after=None
[2025-10-07T21:58:30.966+0000] {logging_mixin.py:188} INFO - [2025-10-07T21:58:30.965+0000] {dag.py:3954} INFO - Setting next_dagrun for example_external_task_marker_parent to None, run_after=None
[2025-10-07T21:58:31.087+0000] {processor.py:183} INFO - Processing /home/airflow/.local/lib/python3.12/site-packages/airflow/example_dags/example_external_task_marker_dag.py took 0.539 seconds
[2025-10-07T21:59:35.552+0000] {processor.py:161} INFO - Started process (PID=563) to work on /home/airflow/.local/lib/python3.12/site-packages/airflow/example_dags/example_external_task_marker_dag.py
[2025-10-07T21:59:35.554+0000] {processor.py:830} INFO - Processing file /home/airflow/.local/lib/python3.12/site-packages/airflow/example_dags/example_external_task_marker_dag.py for tasks to queue
[2025-10-07T21:59:35.558+0000] {logging_mixin.py:188} INFO - [2025-10-07T21:59:35.558+0000] {dagbag.py:545} INFO - Filling up the DagBag from /home/airflow/.local/lib/python3.12/site-packages/airflow/example_dags/example_external_task_marker_dag.py
[2025-10-07T21:59:35.563+0000] {processor.py:840} INFO - DAG(s) 'example_external_task_marker_child', 'example_external_task_marker_parent' retrieved from /home/airflow/.local/lib/python3.12/site-packages/airflow/example_dags/example_external_task_marker_dag.py
[2025-10-07T21:59:35.593+0000] {logging_mixin.py:188} INFO - [2025-10-07T21:59:35.593+0000] {dag.py:3096} INFO - Sync 2 DAGs
[2025-10-07T21:59:35.604+0000] {logging_mixin.py:188} INFO - [2025-10-07T21:59:35.604+0000] {dag.py:3954} INFO - Setting next_dagrun for example_external_task_marker_child to None, run_after=None
[2025-10-07T21:59:35.606+0000] {logging_mixin.py:188} INFO - [2025-10-07T21:59:35.606+0000] {dag.py:3954} INFO - Setting next_dagrun for example_external_task_marker_parent to None, run_after=None
[2025-10-07T21:59:35.615+0000] {processor.py:183} INFO - Processing /home/airflow/.local/lib/python3.12/site-packages/airflow/example_dags/example_external_task_marker_dag.py took 0.068 seconds
[2025-10-07T22:01:53.379+0000] {processor.py:161} INFO - Started process (PID=622) to work on /home/airflow/.local/lib/python3.12/site-packages/airflow/example_dags/example_external_task_marker_dag.py
[2025-10-07T22:01:53.381+0000] {processor.py:830} INFO - Processing file /home/airflow/.local/lib/python3.12/site-packages/airflow/example_dags/example_external_task_marker_dag.py for tasks to queue
[2025-10-07T22:01:53.382+0000] {logging_mixin.py:188} INFO - [2025-10-07T22:01:53.382+0000] {dagbag.py:545} INFO - Filling up the DagBag from /home/airflow/.local/lib/python3.12/site-packages/airflow/example_dags/example_external_task_marker_dag.py
[2025-10-07T22:01:53.385+0000] {processor.py:840} INFO - DAG(s) 'example_external_task_marker_parent', 'example_external_task_marker_child' retrieved from /home/airflow/.local/lib/python3.12/site-packages/airflow/example_dags/example_external_task_marker_dag.py
[2025-10-07T22:01:53.401+0000] {logging_mixin.py:188} INFO - [2025-10-07T22:01:53.401+0000] {dag.py:3096} INFO - Sync 2 DAGs
[2025-10-07T22:01:53.410+0000] {logging_mixin.py:188} INFO - [2025-10-07T22:01:53.410+0000] {dag.py:3954} INFO - Setting next_dagrun for example_external_task_marker_child to None, run_after=None
[2025-10-07T22:01:53.412+0000] {logging_mixin.py:188} INFO - [2025-10-07T22:01:53.412+0000] {dag.py:3954} INFO - Setting next_dagrun for example_external_task_marker_parent to None, run_after=None
[2025-10-07T22:01:53.422+0000] {processor.py:183} INFO - Processing /home/airflow/.local/lib/python3.12/site-packages/airflow/example_dags/example_external_task_marker_dag.py took 0.047 seconds
[2025-10-07T22:04:56.643+0000] {processor.py:161} INFO - Started process (PID=681) to work on /home/airflow/.local/lib/python3.12/site-packages/airflow/example_dags/example_external_task_marker_dag.py
[2025-10-07T22:04:56.644+0000] {processor.py:830} INFO - Processing file /home/airflow/.local/lib/python3.12/site-packages/airflow/example_dags/example_external_task_marker_dag.py for tasks to queue
[2025-10-07T22:04:56.646+0000] {logging_mixin.py:188} INFO - [2025-10-07T22:04:56.645+0000] {dagbag.py:545} INFO - Filling up the DagBag from /home/airflow/.local/lib/python3.12/site-packages/airflow/example_dags/example_external_task_marker_dag.py
[2025-10-07T22:04:56.649+0000] {processor.py:840} INFO - DAG(s) 'example_external_task_marker_parent', 'example_external_task_marker_child' retrieved from /home/airflow/.local/lib/python3.12/site-packages/airflow/example_dags/example_external_task_marker_dag.py
[2025-10-07T22:04:56.662+0000] {logging_mixin.py:188} INFO - [2025-10-07T22:04:56.662+0000] {dag.py:3096} INFO - Sync 2 DAGs
[2025-10-07T22:04:56.674+0000] {logging_mixin.py:188} INFO - [2025-10-07T22:04:56.673+0000] {dag.py:3954} INFO - Setting next_dagrun for example_external_task_marker_child to None, run_after=None
[2025-10-07T22:04:56.676+0000] {logging_mixin.py:188} INFO - [2025-10-07T22:04:56.675+0000] {dag.py:3954} INFO - Setting next_dagrun for example_external_task_marker_parent to None, run_after=None
[2025-10-07T22:04:56.685+0000] {processor.py:183} INFO - Processing /home/airflow/.local/lib/python3.12/site-packages/airflow/example_dags/example_external_task_marker_dag.py took 0.045 seconds
[2025-10-07T22:05:26.719+0000] {processor.py:161} INFO - Started process (PID=740) to work on /home/airflow/.local/lib/python3.12/site-packages/airflow/example_dags/example_external_task_marker_dag.py
[2025-10-07T22:05:26.721+0000] {processor.py:830} INFO - Processing file /home/airflow/.local/lib/python3.12/site-packages/airflow/example_dags/example_external_task_marker_dag.py for tasks to queue
[2025-10-07T22:05:26.722+0000] {logging_mixin.py:188} INFO - [2025-10-07T22:05:26.721+0000] {dagbag.py:545} INFO - Filling up the DagBag from /home/airflow/.local/lib/python3.12/site-packages/airflow/example_dags/example_external_task_marker_dag.py
[2025-10-07T22:05:26.725+0000] {processor.py:840} INFO - DAG(s) 'example_external_task_marker_child', 'example_external_task_marker_parent' retrieved from /home/airflow/.local/lib/python3.12/site-packages/airflow/example_dags/example_external_task_marker_dag.py
[2025-10-07T22:05:26.736+0000] {logging_mixin.py:188} INFO - [2025-10-07T22:05:26.736+0000] {dag.py:3096} INFO - Sync 2 DAGs
[2025-10-07T22:05:26.743+0000] {logging_mixin.py:188} INFO - [2025-10-07T22:05:26.743+0000] {dag.py:3954} INFO - Setting next_dagrun for example_external_task_marker_child to None, run_after=None
[2025-10-07T22:05:26.745+0000] {logging_mixin.py:188} INFO - [2025-10-07T22:05:26.745+0000] {dag.py:3954} INFO - Setting next_dagrun for example_external_task_marker_parent to None, run_after=None
[2025-10-07T22:05:26.757+0000] {processor.py:183} INFO - Processing /home/airflow/.local/lib/python3.12/site-packages/airflow/example_dags/example_external_task_marker_dag.py took 0.041 seconds
[2025-10-07T22:05:56.855+0000] {processor.py:161} INFO - Started process (PID=799) to work on /home/airflow/.local/lib/python3.12/site-packages/airflow/example_dags/example_external_task_marker_dag.py
[2025-10-07T22:05:56.856+0000] {processor.py:830} INFO - Processing file /home/airflow/.local/lib/python3.12/site-packages/airflow/example_dags/example_external_task_marker_dag.py for tasks to queue
[2025-10-07T22:05:56.858+0000] {logging_mixin.py:188} INFO - [2025-10-07T22:05:56.858+0000] {dagbag.py:545} INFO - Filling up the DagBag from /home/airflow/.local/lib/python3.12/site-packages/airflow/example_dags/example_external_task_marker_dag.py
[2025-10-07T22:05:56.861+0000] {processor.py:840} INFO - DAG(s) 'example_external_task_marker_child', 'example_external_task_marker_parent' retrieved from /home/airflow/.local/lib/python3.12/site-packages/airflow/example_dags/example_external_task_marker_dag.py
[2025-10-07T22:05:56.874+0000] {logging_mixin.py:188} INFO - [2025-10-07T22:05:56.874+0000] {dag.py:3096} INFO - Sync 2 DAGs
[2025-10-07T22:05:56.883+0000] {logging_mixin.py:188} INFO - [2025-10-07T22:05:56.883+0000] {dag.py:3954} INFO - Setting next_dagrun for example_external_task_marker_child to None, run_after=None
[2025-10-07T22:05:56.885+0000] {logging_mixin.py:188} INFO - [2025-10-07T22:05:56.885+0000] {dag.py:3954} INFO - Setting next_dagrun for example_external_task_marker_parent to None, run_after=None
[2025-10-07T22:05:56.893+0000] {processor.py:183} INFO - Processing /home/airflow/.local/lib/python3.12/site-packages/airflow/example_dags/example_external_task_marker_dag.py took 0.042 seconds
[2025-10-07T22:06:26.935+0000] {processor.py:161} INFO - Started process (PID=858) to work on /home/airflow/.local/lib/python3.12/site-packages/airflow/example_dags/example_external_task_marker_dag.py
[2025-10-07T22:06:26.936+0000] {processor.py:830} INFO - Processing file /home/airflow/.local/lib/python3.12/site-packages/airflow/example_dags/example_external_task_marker_dag.py for tasks to queue
[2025-10-07T22:06:26.937+0000] {logging_mixin.py:188} INFO - [2025-10-07T22:06:26.937+0000] {dagbag.py:545} INFO - Filling up the DagBag from /home/airflow/.local/lib/python3.12/site-packages/airflow/example_dags/example_external_task_marker_dag.py
[2025-10-07T22:06:26.940+0000] {processor.py:840} INFO - DAG(s) 'example_external_task_marker_child', 'example_external_task_marker_parent' retrieved from /home/airflow/.local/lib/python3.12/site-packages/airflow/example_dags/example_external_task_marker_dag.py
[2025-10-07T22:06:26.952+0000] {logging_mixin.py:188} INFO - [2025-10-07T22:06:26.952+0000] {dag.py:3096} INFO - Sync 2 DAGs
[2025-10-07T22:06:26.960+0000] {logging_mixin.py:188} INFO - [2025-10-07T22:06:26.960+0000] {dag.py:3954} INFO - Setting next_dagrun for example_external_task_marker_child to None, run_after=None
[2025-10-07T22:06:26.964+0000] {logging_mixin.py:188} INFO - [2025-10-07T22:06:26.963+0000] {dag.py:3954} INFO - Setting next_dagrun for example_external_task_marker_parent to None, run_after=None
[2025-10-07T22:06:26.976+0000] {processor.py:183} INFO - Processing /home/airflow/.local/lib/python3.12/site-packages/airflow/example_dags/example_external_task_marker_dag.py took 0.044 seconds
[2025-10-07T22:06:57.054+0000] {processor.py:161} INFO - Started process (PID=917) to work on /home/airflow/.local/lib/python3.12/site-packages/airflow/example_dags/example_external_task_marker_dag.py
[2025-10-07T22:06:57.059+0000] {processor.py:830} INFO - Processing file /home/airflow/.local/lib/python3.12/site-packages/airflow/example_dags/example_external_task_marker_dag.py for tasks to queue
[2025-10-07T22:06:57.060+0000] {logging_mixin.py:188} INFO - [2025-10-07T22:06:57.060+0000] {dagbag.py:545} INFO - Filling up the DagBag from /home/airflow/.local/lib/python3.12/site-packages/airflow/example_dags/example_external_task_marker_dag.py
[2025-10-07T22:06:57.064+0000] {processor.py:840} INFO - DAG(s) 'example_external_task_marker_child', 'example_external_task_marker_parent' retrieved from /home/airflow/.local/lib/python3.12/site-packages/airflow/example_dags/example_external_task_marker_dag.py
[2025-10-07T22:06:57.081+0000] {logging_mixin.py:188} INFO - [2025-10-07T22:06:57.080+0000] {dag.py:3096} INFO - Sync 2 DAGs
[2025-10-07T22:06:57.089+0000] {logging_mixin.py:188} INFO - [2025-10-07T22:06:57.089+0000] {dag.py:3954} INFO - Setting next_dagrun for example_external_task_marker_child to None, run_after=None
[2025-10-07T22:06:57.091+0000] {logging_mixin.py:188} INFO - [2025-10-07T22:06:57.091+0000] {dag.py:3954} INFO - Setting next_dagrun for example_external_task_marker_parent to None, run_after=None
[2025-10-07T22:06:57.103+0000] {processor.py:183} INFO - Processing /home/airflow/.local/lib/python3.12/site-packages/airflow/example_dags/example_external_task_marker_dag.py took 0.051 seconds
[2025-10-07T22:07:27.154+0000] {processor.py:161} INFO - Started process (PID=976) to work on /home/airflow/.local/lib/python3.12/site-packages/airflow/example_dags/example_external_task_marker_dag.py
[2025-10-07T22:07:27.155+0000] {processor.py:830} INFO - Processing file /home/airflow/.local/lib/python3.12/site-packages/airflow/example_dags/example_external_task_marker_dag.py for tasks to queue
[2025-10-07T22:07:27.156+0000] {logging_mixin.py:188} INFO - [2025-10-07T22:07:27.156+0000] {dagbag.py:545} INFO - Filling up the DagBag from /home/airflow/.local/lib/python3.12/site-packages/airflow/example_dags/example_external_task_marker_dag.py
[2025-10-07T22:07:27.159+0000] {processor.py:840} INFO - DAG(s) 'example_external_task_marker_parent', 'example_external_task_marker_child' retrieved from /home/airflow/.local/lib/python3.12/site-packages/airflow/example_dags/example_external_task_marker_dag.py
[2025-10-07T22:07:27.174+0000] {logging_mixin.py:188} INFO - [2025-10-07T22:07:27.174+0000] {dag.py:3096} INFO - Sync 2 DAGs
[2025-10-07T22:07:27.181+0000] {logging_mixin.py:188} INFO - [2025-10-07T22:07:27.180+0000] {dag.py:3954} INFO - Setting next_dagrun for example_external_task_marker_child to None, run_after=None
[2025-10-07T22:07:27.183+0000] {logging_mixin.py:188} INFO - [2025-10-07T22:07:27.183+0000] {dag.py:3954} INFO - Setting next_dagrun for example_external_task_marker_parent to None, run_after=None
[2025-10-07T22:07:27.194+0000] {processor.py:183} INFO - Processing /home/airflow/.local/lib/python3.12/site-packages/airflow/example_dags/example_external_task_marker_dag.py took 0.044 seconds
[2025-10-07T22:07:57.367+0000] {processor.py:161} INFO - Started process (PID=1035) to work on /home/airflow/.local/lib/python3.12/site-packages/airflow/example_dags/example_external_task_marker_dag.py
[2025-10-07T22:07:57.368+0000] {processor.py:830} INFO - Processing file /home/airflow/.local/lib/python3.12/site-packages/airflow/example_dags/example_external_task_marker_dag.py for tasks to queue
[2025-10-07T22:07:57.369+0000] {logging_mixin.py:188} INFO - [2025-10-07T22:07:57.369+0000] {dagbag.py:545} INFO - Filling up the DagBag from /home/airflow/.local/lib/python3.12/site-packages/airflow/example_dags/example_external_task_marker_dag.py
[2025-10-07T22:07:57.372+0000] {processor.py:840} INFO - DAG(s) 'example_external_task_marker_parent', 'example_external_task_marker_child' retrieved from /home/airflow/.local/lib/python3.12/site-packages/airflow/example_dags/example_external_task_marker_dag.py
[2025-10-07T22:07:57.386+0000] {logging_mixin.py:188} INFO - [2025-10-07T22:07:57.386+0000] {dag.py:3096} INFO - Sync 2 DAGs
[2025-10-07T22:07:57.393+0000] {logging_mixin.py:188} INFO - [2025-10-07T22:07:57.393+0000] {dag.py:3954} INFO - Setting next_dagrun for example_external_task_marker_child to None, run_after=None
[2025-10-07T22:07:57.395+0000] {logging_mixin.py:188} INFO - [2025-10-07T22:07:57.395+0000] {dag.py:3954} INFO - Setting next_dagrun for example_external_task_marker_parent to None, run_after=None
[2025-10-07T22:07:57.403+0000] {processor.py:183} INFO - Processing /home/airflow/.local/lib/python3.12/site-packages/airflow/example_dags/example_external_task_marker_dag.py took 0.039 seconds
[2025-10-07T22:08:27.454+0000] {processor.py:161} INFO - Started process (PID=1094) to work on /home/airflow/.local/lib/python3.12/site-packages/airflow/example_dags/example_external_task_marker_dag.py
[2025-10-07T22:08:27.455+0000] {processor.py:830} INFO - Processing file /home/airflow/.local/lib/python3.12/site-packages/airflow/example_dags/example_external_task_marker_dag.py for tasks to queue
[2025-10-07T22:08:27.456+0000] {logging_mixin.py:188} INFO - [2025-10-07T22:08:27.456+0000] {dagbag.py:545} INFO - Filling up the DagBag from /home/airflow/.local/lib/python3.12/site-packages/airflow/example_dags/example_external_task_marker_dag.py
[2025-10-07T22:08:27.459+0000] {processor.py:840} INFO - DAG(s) 'example_external_task_marker_parent', 'example_external_task_marker_child' retrieved from /home/airflow/.local/lib/python3.12/site-packages/airflow/example_dags/example_external_task_marker_dag.py
[2025-10-07T22:08:27.478+0000] {logging_mixin.py:188} INFO - [2025-10-07T22:08:27.478+0000] {dag.py:3096} INFO - Sync 2 DAGs
[2025-10-07T22:08:27.484+0000] {logging_mixin.py:188} INFO - [2025-10-07T22:08:27.484+0000] {dag.py:3954} INFO - Setting next_dagrun for example_external_task_marker_child to None, run_after=None
[2025-10-07T22:08:27.487+0000] {logging_mixin.py:188} INFO - [2025-10-07T22:08:27.487+0000] {dag.py:3954} INFO - Setting next_dagrun for example_external_task_marker_parent to None, run_after=None
[2025-10-07T22:08:27.499+0000] {processor.py:183} INFO - Processing /home/airflow/.local/lib/python3.12/site-packages/airflow/example_dags/example_external_task_marker_dag.py took 0.048 seconds
[2025-10-07T22:08:57.758+0000] {processor.py:161} INFO - Started process (PID=1153) to work on /home/airflow/.local/lib/python3.12/site-packages/airflow/example_dags/example_external_task_marker_dag.py
[2025-10-07T22:08:57.759+0000] {processor.py:830} INFO - Processing file /home/airflow/.local/lib/python3.12/site-packages/airflow/example_dags/example_external_task_marker_dag.py for tasks to queue
[2025-10-07T22:08:57.760+0000] {logging_mixin.py:188} INFO - [2025-10-07T22:08:57.760+0000] {dagbag.py:545} INFO - Filling up the DagBag from /home/airflow/.local/lib/python3.12/site-packages/airflow/example_dags/example_external_task_marker_dag.py
[2025-10-07T22:08:57.763+0000] {processor.py:840} INFO - DAG(s) 'example_external_task_marker_child', 'example_external_task_marker_parent' retrieved from /home/airflow/.local/lib/python3.12/site-packages/airflow/example_dags/example_external_task_marker_dag.py
[2025-10-07T22:08:57.779+0000] {logging_mixin.py:188} INFO - [2025-10-07T22:08:57.778+0000] {dag.py:3096} INFO - Sync 2 DAGs
[2025-10-07T22:08:57.786+0000] {logging_mixin.py:188} INFO - [2025-10-07T22:08:57.786+0000] {dag.py:3954} INFO - Setting next_dagrun for example_external_task_marker_child to None, run_after=None
[2025-10-07T22:08:57.788+0000] {logging_mixin.py:188} INFO - [2025-10-07T22:08:57.788+0000] {dag.py:3954} INFO - Setting next_dagrun for example_external_task_marker_parent to None, run_after=None
[2025-10-07T22:08:57.799+0000] {processor.py:183} INFO - Processing /home/airflow/.local/lib/python3.12/site-packages/airflow/example_dags/example_external_task_marker_dag.py took 0.044 seconds
[2025-10-07T22:09:27.951+0000] {processor.py:161} INFO - Started process (PID=1212) to work on /home/airflow/.local/lib/python3.12/site-packages/airflow/example_dags/example_external_task_marker_dag.py
[2025-10-07T22:09:27.952+0000] {processor.py:830} INFO - Processing file /home/airflow/.local/lib/python3.12/site-packages/airflow/example_dags/example_external_task_marker_dag.py for tasks to queue
[2025-10-07T22:09:27.954+0000] {logging_mixin.py:188} INFO - [2025-10-07T22:09:27.953+0000] {dagbag.py:545} INFO - Filling up the DagBag from /home/airflow/.local/lib/python3.12/site-packages/airflow/example_dags/example_external_task_marker_dag.py
[2025-10-07T22:09:27.958+0000] {processor.py:840} INFO - DAG(s) 'example_external_task_marker_parent', 'example_external_task_marker_child' retrieved from /home/airflow/.local/lib/python3.12/site-packages/airflow/example_dags/example_external_task_marker_dag.py
[2025-10-07T22:09:27.973+0000] {logging_mixin.py:188} INFO - [2025-10-07T22:09:27.973+0000] {dag.py:3096} INFO - Sync 2 DAGs
[2025-10-07T22:09:27.979+0000] {logging_mixin.py:188} INFO - [2025-10-07T22:09:27.979+0000] {dag.py:3954} INFO - Setting next_dagrun for example_external_task_marker_child to None, run_after=None
[2025-10-07T22:09:27.983+0000] {logging_mixin.py:188} INFO - [2025-10-07T22:09:27.983+0000] {dag.py:3954} INFO - Setting next_dagrun for example_external_task_marker_parent to None, run_after=None
[2025-10-07T22:09:27.995+0000] {processor.py:183} INFO - Processing /home/airflow/.local/lib/python3.12/site-packages/airflow/example_dags/example_external_task_marker_dag.py took 0.046 seconds
[2025-10-07T22:09:59.055+0000] {processor.py:161} INFO - Started process (PID=1271) to work on /home/airflow/.local/lib/python3.12/site-packages/airflow/example_dags/example_external_task_marker_dag.py
[2025-10-07T22:09:59.055+0000] {processor.py:830} INFO - Processing file /home/airflow/.local/lib/python3.12/site-packages/airflow/example_dags/example_external_task_marker_dag.py for tasks to queue
[2025-10-07T22:09:59.056+0000] {logging_mixin.py:188} INFO - [2025-10-07T22:09:59.056+0000] {dagbag.py:545} INFO - Filling up the DagBag from /home/airflow/.local/lib/python3.12/site-packages/airflow/example_dags/example_external_task_marker_dag.py
[2025-10-07T22:09:59.060+0000] {processor.py:840} INFO - DAG(s) 'example_external_task_marker_child', 'example_external_task_marker_parent' retrieved from /home/airflow/.local/lib/python3.12/site-packages/airflow/example_dags/example_external_task_marker_dag.py
[2025-10-07T22:09:59.074+0000] {logging_mixin.py:188} INFO - [2025-10-07T22:09:59.074+0000] {dag.py:3096} INFO - Sync 2 DAGs
[2025-10-07T22:09:59.080+0000] {logging_mixin.py:188} INFO - [2025-10-07T22:09:59.080+0000] {dag.py:3954} INFO - Setting next_dagrun for example_external_task_marker_child to None, run_after=None
[2025-10-07T22:09:59.082+0000] {logging_mixin.py:188} INFO - [2025-10-07T22:09:59.082+0000] {dag.py:3954} INFO - Setting next_dagrun for example_external_task_marker_parent to None, run_after=None
[2025-10-07T22:09:59.090+0000] {processor.py:183} INFO - Processing /home/airflow/.local/lib/python3.12/site-packages/airflow/example_dags/example_external_task_marker_dag.py took 0.038 seconds
[2025-10-07T22:10:29.220+0000] {processor.py:161} INFO - Started process (PID=1330) to work on /home/airflow/.local/lib/python3.12/site-packages/airflow/example_dags/example_external_task_marker_dag.py
[2025-10-07T22:10:29.221+0000] {processor.py:830} INFO - Processing file /home/airflow/.local/lib/python3.12/site-packages/airflow/example_dags/example_external_task_marker_dag.py for tasks to queue
[2025-10-07T22:10:29.222+0000] {logging_mixin.py:188} INFO - [2025-10-07T22:10:29.222+0000] {dagbag.py:545} INFO - Filling up the DagBag from /home/airflow/.local/lib/python3.12/site-packages/airflow/example_dags/example_external_task_marker_dag.py
[2025-10-07T22:10:29.226+0000] {processor.py:840} INFO - DAG(s) 'example_external_task_marker_parent', 'example_external_task_marker_child' retrieved from /home/airflow/.local/lib/python3.12/site-packages/airflow/example_dags/example_external_task_marker_dag.py
[2025-10-07T22:10:29.239+0000] {logging_mixin.py:188} INFO - [2025-10-07T22:10:29.239+0000] {dag.py:3096} INFO - Sync 2 DAGs
[2025-10-07T22:10:29.247+0000] {logging_mixin.py:188} INFO - [2025-10-07T22:10:29.247+0000] {dag.py:3954} INFO - Setting next_dagrun for example_external_task_marker_child to None, run_after=None
[2025-10-07T22:10:29.250+0000] {logging_mixin.py:188} INFO - [2025-10-07T22:10:29.250+0000] {dag.py:3954} INFO - Setting next_dagrun for example_external_task_marker_parent to None, run_after=None
[2025-10-07T22:10:29.258+0000] {processor.py:183} INFO - Processing /home/airflow/.local/lib/python3.12/site-packages/airflow/example_dags/example_external_task_marker_dag.py took 0.042 seconds
[2025-10-07T22:10:59.467+0000] {processor.py:161} INFO - Started process (PID=1389) to work on /home/airflow/.local/lib/python3.12/site-packages/airflow/example_dags/example_external_task_marker_dag.py
[2025-10-07T22:10:59.468+0000] {processor.py:830} INFO - Processing file /home/airflow/.local/lib/python3.12/site-packages/airflow/example_dags/example_external_task_marker_dag.py for tasks to queue
[2025-10-07T22:10:59.469+0000] {logging_mixin.py:188} INFO - [2025-10-07T22:10:59.468+0000] {dagbag.py:545} INFO - Filling up the DagBag from /home/airflow/.local/lib/python3.12/site-packages/airflow/example_dags/example_external_task_marker_dag.py
[2025-10-07T22:10:59.472+0000] {processor.py:840} INFO - DAG(s) 'example_external_task_marker_child', 'example_external_task_marker_parent' retrieved from /home/airflow/.local/lib/python3.12/site-packages/airflow/example_dags/example_external_task_marker_dag.py
[2025-10-07T22:10:59.484+0000] {logging_mixin.py:188} INFO - [2025-10-07T22:10:59.484+0000] {dag.py:3096} INFO - Sync 2 DAGs
[2025-10-07T22:10:59.492+0000] {logging_mixin.py:188} INFO - [2025-10-07T22:10:59.492+0000] {dag.py:3954} INFO - Setting next_dagrun for example_external_task_marker_child to None, run_after=None
[2025-10-07T22:10:59.493+0000] {logging_mixin.py:188} INFO - [2025-10-07T22:10:59.493+0000] {dag.py:3954} INFO - Setting next_dagrun for example_external_task_marker_parent to None, run_after=None
[2025-10-07T22:10:59.501+0000] {processor.py:183} INFO - Processing /home/airflow/.local/lib/python3.12/site-packages/airflow/example_dags/example_external_task_marker_dag.py took 0.038 seconds
[2025-10-07T22:11:30.516+0000] {processor.py:161} INFO - Started process (PID=1448) to work on /home/airflow/.local/lib/python3.12/site-packages/airflow/example_dags/example_external_task_marker_dag.py
[2025-10-07T22:11:30.517+0000] {processor.py:830} INFO - Processing file /home/airflow/.local/lib/python3.12/site-packages/airflow/example_dags/example_external_task_marker_dag.py for tasks to queue
[2025-10-07T22:11:30.518+0000] {logging_mixin.py:188} INFO - [2025-10-07T22:11:30.518+0000] {dagbag.py:545} INFO - Filling up the DagBag from /home/airflow/.local/lib/python3.12/site-packages/airflow/example_dags/example_external_task_marker_dag.py
[2025-10-07T22:11:30.522+0000] {processor.py:840} INFO - DAG(s) 'example_external_task_marker_parent', 'example_external_task_marker_child' retrieved from /home/airflow/.local/lib/python3.12/site-packages/airflow/example_dags/example_external_task_marker_dag.py
[2025-10-07T22:11:30.535+0000] {logging_mixin.py:188} INFO - [2025-10-07T22:11:30.535+0000] {dag.py:3096} INFO - Sync 2 DAGs
[2025-10-07T22:11:30.541+0000] {logging_mixin.py:188} INFO - [2025-10-07T22:11:30.541+0000] {dag.py:3954} INFO - Setting next_dagrun for example_external_task_marker_child to None, run_after=None
[2025-10-07T22:11:30.543+0000] {logging_mixin.py:188} INFO - [2025-10-07T22:11:30.543+0000] {dag.py:3954} INFO - Setting next_dagrun for example_external_task_marker_parent to None, run_after=None
[2025-10-07T22:11:30.552+0000] {processor.py:183} INFO - Processing /home/airflow/.local/lib/python3.12/site-packages/airflow/example_dags/example_external_task_marker_dag.py took 0.039 seconds
[2025-10-07T22:12:00.762+0000] {processor.py:161} INFO - Started process (PID=1507) to work on /home/airflow/.local/lib/python3.12/site-packages/airflow/example_dags/example_external_task_marker_dag.py
[2025-10-07T22:12:00.762+0000] {processor.py:830} INFO - Processing file /home/airflow/.local/lib/python3.12/site-packages/airflow/example_dags/example_external_task_marker_dag.py for tasks to queue
[2025-10-07T22:12:00.763+0000] {logging_mixin.py:188} INFO - [2025-10-07T22:12:00.763+0000] {dagbag.py:545} INFO - Filling up the DagBag from /home/airflow/.local/lib/python3.12/site-packages/airflow/example_dags/example_external_task_marker_dag.py
[2025-10-07T22:12:00.767+0000] {processor.py:840} INFO - DAG(s) 'example_external_task_marker_child', 'example_external_task_marker_parent' retrieved from /home/airflow/.local/lib/python3.12/site-packages/airflow/example_dags/example_external_task_marker_dag.py
[2025-10-07T22:12:00.781+0000] {logging_mixin.py:188} INFO - [2025-10-07T22:12:00.781+0000] {dag.py:3096} INFO - Sync 2 DAGs
[2025-10-07T22:12:00.788+0000] {logging_mixin.py:188} INFO - [2025-10-07T22:12:00.787+0000] {dag.py:3954} INFO - Setting next_dagrun for example_external_task_marker_child to None, run_after=None
[2025-10-07T22:12:00.789+0000] {logging_mixin.py:188} INFO - [2025-10-07T22:12:00.789+0000] {dag.py:3954} INFO - Setting next_dagrun for example_external_task_marker_parent to None, run_after=None
[2025-10-07T22:12:00.799+0000] {processor.py:183} INFO - Processing /home/airflow/.local/lib/python3.12/site-packages/airflow/example_dags/example_external_task_marker_dag.py took 0.040 seconds
[2025-10-07T22:12:31.808+0000] {processor.py:161} INFO - Started process (PID=1566) to work on /home/airflow/.local/lib/python3.12/site-packages/airflow/example_dags/example_external_task_marker_dag.py
[2025-10-07T22:12:31.809+0000] {processor.py:830} INFO - Processing file /home/airflow/.local/lib/python3.12/site-packages/airflow/example_dags/example_external_task_marker_dag.py for tasks to queue
[2025-10-07T22:12:31.810+0000] {logging_mixin.py:188} INFO - [2025-10-07T22:12:31.810+0000] {dagbag.py:545} INFO - Filling up the DagBag from /home/airflow/.local/lib/python3.12/site-packages/airflow/example_dags/example_external_task_marker_dag.py
[2025-10-07T22:12:31.814+0000] {processor.py:840} INFO - DAG(s) 'example_external_task_marker_child', 'example_external_task_marker_parent' retrieved from /home/airflow/.local/lib/python3.12/site-packages/airflow/example_dags/example_external_task_marker_dag.py
[2025-10-07T22:12:31.825+0000] {logging_mixin.py:188} INFO - [2025-10-07T22:12:31.825+0000] {dag.py:3096} INFO - Sync 2 DAGs
[2025-10-07T22:12:31.832+0000] {logging_mixin.py:188} INFO - [2025-10-07T22:12:31.832+0000] {dag.py:3954} INFO - Setting next_dagrun for example_external_task_marker_child to None, run_after=None
[2025-10-07T22:12:31.834+0000] {logging_mixin.py:188} INFO - [2025-10-07T22:12:31.834+0000] {dag.py:3954} INFO - Setting next_dagrun for example_external_task_marker_parent to None, run_after=None
[2025-10-07T22:12:31.844+0000] {processor.py:183} INFO - Processing /home/airflow/.local/lib/python3.12/site-packages/airflow/example_dags/example_external_task_marker_dag.py took 0.040 seconds
[2025-10-07T22:13:02.040+0000] {processor.py:161} INFO - Started process (PID=1625) to work on /home/airflow/.local/lib/python3.12/site-packages/airflow/example_dags/example_external_task_marker_dag.py
[2025-10-07T22:13:02.040+0000] {processor.py:830} INFO - Processing file /home/airflow/.local/lib/python3.12/site-packages/airflow/example_dags/example_external_task_marker_dag.py for tasks to queue
[2025-10-07T22:13:02.042+0000] {logging_mixin.py:188} INFO - [2025-10-07T22:13:02.042+0000] {dagbag.py:545} INFO - Filling up the DagBag from /home/airflow/.local/lib/python3.12/site-packages/airflow/example_dags/example_external_task_marker_dag.py
[2025-10-07T22:13:02.047+0000] {processor.py:840} INFO - DAG(s) 'example_external_task_marker_child', 'example_external_task_marker_parent' retrieved from /home/airflow/.local/lib/python3.12/site-packages/airflow/example_dags/example_external_task_marker_dag.py
[2025-10-07T22:13:02.065+0000] {logging_mixin.py:188} INFO - [2025-10-07T22:13:02.064+0000] {dag.py:3096} INFO - Sync 2 DAGs
[2025-10-07T22:13:02.074+0000] {logging_mixin.py:188} INFO - [2025-10-07T22:13:02.074+0000] {dag.py:3954} INFO - Setting next_dagrun for example_external_task_marker_child to None, run_after=None
[2025-10-07T22:13:02.077+0000] {logging_mixin.py:188} INFO - [2025-10-07T22:13:02.076+0000] {dag.py:3954} INFO - Setting next_dagrun for example_external_task_marker_parent to None, run_after=None
[2025-10-07T22:13:02.088+0000] {processor.py:183} INFO - Processing /home/airflow/.local/lib/python3.12/site-packages/airflow/example_dags/example_external_task_marker_dag.py took 0.053 seconds
[2025-10-07T22:13:32.129+0000] {processor.py:161} INFO - Started process (PID=1683) to work on /home/airflow/.local/lib/python3.12/site-packages/airflow/example_dags/example_external_task_marker_dag.py
[2025-10-07T22:13:32.130+0000] {processor.py:830} INFO - Processing file /home/airflow/.local/lib/python3.12/site-packages/airflow/example_dags/example_external_task_marker_dag.py for tasks to queue
[2025-10-07T22:13:32.133+0000] {logging_mixin.py:188} INFO - [2025-10-07T22:13:32.133+0000] {dagbag.py:545} INFO - Filling up the DagBag from /home/airflow/.local/lib/python3.12/site-packages/airflow/example_dags/example_external_task_marker_dag.py
[2025-10-07T22:13:32.137+0000] {processor.py:840} INFO - DAG(s) 'example_external_task_marker_child', 'example_external_task_marker_parent' retrieved from /home/airflow/.local/lib/python3.12/site-packages/airflow/example_dags/example_external_task_marker_dag.py
[2025-10-07T22:13:32.149+0000] {logging_mixin.py:188} INFO - [2025-10-07T22:13:32.149+0000] {dag.py:3096} INFO - Sync 2 DAGs
[2025-10-07T22:13:32.156+0000] {logging_mixin.py:188} INFO - [2025-10-07T22:13:32.156+0000] {dag.py:3954} INFO - Setting next_dagrun for example_external_task_marker_child to None, run_after=None
[2025-10-07T22:13:32.159+0000] {logging_mixin.py:188} INFO - [2025-10-07T22:13:32.159+0000] {dag.py:3954} INFO - Setting next_dagrun for example_external_task_marker_parent to None, run_after=None
[2025-10-07T22:13:32.168+0000] {processor.py:183} INFO - Processing /home/airflow/.local/lib/python3.12/site-packages/airflow/example_dags/example_external_task_marker_dag.py took 0.042 seconds
[2025-10-07T22:14:02.331+0000] {processor.py:161} INFO - Started process (PID=1742) to work on /home/airflow/.local/lib/python3.12/site-packages/airflow/example_dags/example_external_task_marker_dag.py
[2025-10-07T22:14:02.332+0000] {processor.py:830} INFO - Processing file /home/airflow/.local/lib/python3.12/site-packages/airflow/example_dags/example_external_task_marker_dag.py for tasks to queue
[2025-10-07T22:14:02.333+0000] {logging_mixin.py:188} INFO - [2025-10-07T22:14:02.333+0000] {dagbag.py:545} INFO - Filling up the DagBag from /home/airflow/.local/lib/python3.12/site-packages/airflow/example_dags/example_external_task_marker_dag.py
[2025-10-07T22:14:02.336+0000] {processor.py:840} INFO - DAG(s) 'example_external_task_marker_child', 'example_external_task_marker_parent' retrieved from /home/airflow/.local/lib/python3.12/site-packages/airflow/example_dags/example_external_task_marker_dag.py
[2025-10-07T22:14:02.350+0000] {logging_mixin.py:188} INFO - [2025-10-07T22:14:02.350+0000] {dag.py:3096} INFO - Sync 2 DAGs
[2025-10-07T22:14:02.356+0000] {logging_mixin.py:188} INFO - [2025-10-07T22:14:02.356+0000] {dag.py:3954} INFO - Setting next_dagrun for example_external_task_marker_child to None, run_after=None
[2025-10-07T22:14:02.358+0000] {logging_mixin.py:188} INFO - [2025-10-07T22:14:02.358+0000] {dag.py:3954} INFO - Setting next_dagrun for example_external_task_marker_parent to None, run_after=None
[2025-10-07T22:14:02.367+0000] {processor.py:183} INFO - Processing /home/airflow/.local/lib/python3.12/site-packages/airflow/example_dags/example_external_task_marker_dag.py took 0.039 seconds
[2025-10-07T22:14:32.684+0000] {processor.py:161} INFO - Started process (PID=1801) to work on /home/airflow/.local/lib/python3.12/site-packages/airflow/example_dags/example_external_task_marker_dag.py
[2025-10-07T22:14:32.685+0000] {processor.py:830} INFO - Processing file /home/airflow/.local/lib/python3.12/site-packages/airflow/example_dags/example_external_task_marker_dag.py for tasks to queue
[2025-10-07T22:14:32.686+0000] {logging_mixin.py:188} INFO - [2025-10-07T22:14:32.686+0000] {dagbag.py:545} INFO - Filling up the DagBag from /home/airflow/.local/lib/python3.12/site-packages/airflow/example_dags/example_external_task_marker_dag.py
[2025-10-07T22:14:32.689+0000] {processor.py:840} INFO - DAG(s) 'example_external_task_marker_parent', 'example_external_task_marker_child' retrieved from /home/airflow/.local/lib/python3.12/site-packages/airflow/example_dags/example_external_task_marker_dag.py
[2025-10-07T22:14:32.704+0000] {logging_mixin.py:188} INFO - [2025-10-07T22:14:32.704+0000] {dag.py:3096} INFO - Sync 2 DAGs
[2025-10-07T22:14:32.712+0000] {logging_mixin.py:188} INFO - [2025-10-07T22:14:32.711+0000] {dag.py:3954} INFO - Setting next_dagrun for example_external_task_marker_child to None, run_after=None
[2025-10-07T22:14:32.714+0000] {logging_mixin.py:188} INFO - [2025-10-07T22:14:32.714+0000] {dag.py:3954} INFO - Setting next_dagrun for example_external_task_marker_parent to None, run_after=None
[2025-10-07T22:14:32.723+0000] {processor.py:183} INFO - Processing /home/airflow/.local/lib/python3.12/site-packages/airflow/example_dags/example_external_task_marker_dag.py took 0.042 seconds
[2025-10-07T22:15:03.046+0000] {processor.py:161} INFO - Started process (PID=1860) to work on /home/airflow/.local/lib/python3.12/site-packages/airflow/example_dags/example_external_task_marker_dag.py
[2025-10-07T22:15:03.046+0000] {processor.py:830} INFO - Processing file /home/airflow/.local/lib/python3.12/site-packages/airflow/example_dags/example_external_task_marker_dag.py for tasks to queue
[2025-10-07T22:15:03.049+0000] {logging_mixin.py:188} INFO - [2025-10-07T22:15:03.049+0000] {dagbag.py:545} INFO - Filling up the DagBag from /home/airflow/.local/lib/python3.12/site-packages/airflow/example_dags/example_external_task_marker_dag.py
[2025-10-07T22:15:03.052+0000] {processor.py:840} INFO - DAG(s) 'example_external_task_marker_parent', 'example_external_task_marker_child' retrieved from /home/airflow/.local/lib/python3.12/site-packages/airflow/example_dags/example_external_task_marker_dag.py
[2025-10-07T22:15:03.067+0000] {logging_mixin.py:188} INFO - [2025-10-07T22:15:03.067+0000] {dag.py:3096} INFO - Sync 2 DAGs
[2025-10-07T22:15:03.074+0000] {logging_mixin.py:188} INFO - [2025-10-07T22:15:03.073+0000] {dag.py:3954} INFO - Setting next_dagrun for example_external_task_marker_child to None, run_after=None
[2025-10-07T22:15:03.076+0000] {logging_mixin.py:188} INFO - [2025-10-07T22:15:03.075+0000] {dag.py:3954} INFO - Setting next_dagrun for example_external_task_marker_parent to None, run_after=None
[2025-10-07T22:15:03.085+0000] {processor.py:183} INFO - Processing /home/airflow/.local/lib/python3.12/site-packages/airflow/example_dags/example_external_task_marker_dag.py took 0.043 seconds
[2025-10-07T22:15:33.816+0000] {processor.py:161} INFO - Started process (PID=1919) to work on /home/airflow/.local/lib/python3.12/site-packages/airflow/example_dags/example_external_task_marker_dag.py
[2025-10-07T22:15:33.816+0000] {processor.py:830} INFO - Processing file /home/airflow/.local/lib/python3.12/site-packages/airflow/example_dags/example_external_task_marker_dag.py for tasks to queue
[2025-10-07T22:15:33.817+0000] {logging_mixin.py:188} INFO - [2025-10-07T22:15:33.817+0000] {dagbag.py:545} INFO - Filling up the DagBag from /home/airflow/.local/lib/python3.12/site-packages/airflow/example_dags/example_external_task_marker_dag.py
[2025-10-07T22:15:33.821+0000] {processor.py:840} INFO - DAG(s) 'example_external_task_marker_child', 'example_external_task_marker_parent' retrieved from /home/airflow/.local/lib/python3.12/site-packages/airflow/example_dags/example_external_task_marker_dag.py
[2025-10-07T22:15:33.834+0000] {logging_mixin.py:188} INFO - [2025-10-07T22:15:33.834+0000] {dag.py:3096} INFO - Sync 2 DAGs
[2025-10-07T22:15:33.840+0000] {logging_mixin.py:188} INFO - [2025-10-07T22:15:33.840+0000] {dag.py:3954} INFO - Setting next_dagrun for example_external_task_marker_child to None, run_after=None
[2025-10-07T22:15:33.842+0000] {logging_mixin.py:188} INFO - [2025-10-07T22:15:33.842+0000] {dag.py:3954} INFO - Setting next_dagrun for example_external_task_marker_parent to None, run_after=None
[2025-10-07T22:15:33.850+0000] {processor.py:183} INFO - Processing /home/airflow/.local/lib/python3.12/site-packages/airflow/example_dags/example_external_task_marker_dag.py took 0.038 seconds
[2025-10-07T22:16:04.812+0000] {processor.py:161} INFO - Started process (PID=1978) to work on /home/airflow/.local/lib/python3.12/site-packages/airflow/example_dags/example_external_task_marker_dag.py
[2025-10-07T22:16:04.813+0000] {processor.py:830} INFO - Processing file /home/airflow/.local/lib/python3.12/site-packages/airflow/example_dags/example_external_task_marker_dag.py for tasks to queue
[2025-10-07T22:16:04.813+0000] {logging_mixin.py:188} INFO - [2025-10-07T22:16:04.813+0000] {dagbag.py:545} INFO - Filling up the DagBag from /home/airflow/.local/lib/python3.12/site-packages/airflow/example_dags/example_external_task_marker_dag.py
[2025-10-07T22:16:04.817+0000] {processor.py:840} INFO - DAG(s) 'example_external_task_marker_parent', 'example_external_task_marker_child' retrieved from /home/airflow/.local/lib/python3.12/site-packages/airflow/example_dags/example_external_task_marker_dag.py
[2025-10-07T22:16:04.830+0000] {logging_mixin.py:188} INFO - [2025-10-07T22:16:04.830+0000] {dag.py:3096} INFO - Sync 2 DAGs
[2025-10-07T22:16:04.837+0000] {logging_mixin.py:188} INFO - [2025-10-07T22:16:04.837+0000] {dag.py:3954} INFO - Setting next_dagrun for example_external_task_marker_child to None, run_after=None
[2025-10-07T22:16:04.839+0000] {logging_mixin.py:188} INFO - [2025-10-07T22:16:04.839+0000] {dag.py:3954} INFO - Setting next_dagrun for example_external_task_marker_parent to None, run_after=None
[2025-10-07T22:16:04.850+0000] {processor.py:183} INFO - Processing /home/airflow/.local/lib/python3.12/site-packages/airflow/example_dags/example_external_task_marker_dag.py took 0.041 seconds
[2025-10-07T22:16:35.721+0000] {processor.py:161} INFO - Started process (PID=2037) to work on /home/airflow/.local/lib/python3.12/site-packages/airflow/example_dags/example_external_task_marker_dag.py
[2025-10-07T22:16:35.721+0000] {processor.py:830} INFO - Processing file /home/airflow/.local/lib/python3.12/site-packages/airflow/example_dags/example_external_task_marker_dag.py for tasks to queue
[2025-10-07T22:16:35.722+0000] {logging_mixin.py:188} INFO - [2025-10-07T22:16:35.722+0000] {dagbag.py:545} INFO - Filling up the DagBag from /home/airflow/.local/lib/python3.12/site-packages/airflow/example_dags/example_external_task_marker_dag.py
[2025-10-07T22:16:35.726+0000] {processor.py:840} INFO - DAG(s) 'example_external_task_marker_parent', 'example_external_task_marker_child' retrieved from /home/airflow/.local/lib/python3.12/site-packages/airflow/example_dags/example_external_task_marker_dag.py
[2025-10-07T22:16:35.740+0000] {logging_mixin.py:188} INFO - [2025-10-07T22:16:35.740+0000] {dag.py:3096} INFO - Sync 2 DAGs
[2025-10-07T22:16:35.828+0000] {logging_mixin.py:188} INFO - [2025-10-07T22:16:35.828+0000] {dag.py:3954} INFO - Setting next_dagrun for example_external_task_marker_child to None, run_after=None
[2025-10-07T22:16:35.830+0000] {logging_mixin.py:188} INFO - [2025-10-07T22:16:35.830+0000] {dag.py:3954} INFO - Setting next_dagrun for example_external_task_marker_parent to None, run_after=None
[2025-10-07T22:16:35.837+0000] {processor.py:183} INFO - Processing /home/airflow/.local/lib/python3.12/site-packages/airflow/example_dags/example_external_task_marker_dag.py took 0.119 seconds
[2025-10-07T22:17:06.179+0000] {processor.py:161} INFO - Started process (PID=2096) to work on /home/airflow/.local/lib/python3.12/site-packages/airflow/example_dags/example_external_task_marker_dag.py
[2025-10-07T22:17:06.179+0000] {processor.py:830} INFO - Processing file /home/airflow/.local/lib/python3.12/site-packages/airflow/example_dags/example_external_task_marker_dag.py for tasks to queue
[2025-10-07T22:17:06.180+0000] {logging_mixin.py:188} INFO - [2025-10-07T22:17:06.180+0000] {dagbag.py:545} INFO - Filling up the DagBag from /home/airflow/.local/lib/python3.12/site-packages/airflow/example_dags/example_external_task_marker_dag.py
[2025-10-07T22:17:06.183+0000] {processor.py:840} INFO - DAG(s) 'example_external_task_marker_parent', 'example_external_task_marker_child' retrieved from /home/airflow/.local/lib/python3.12/site-packages/airflow/example_dags/example_external_task_marker_dag.py
[2025-10-07T22:17:06.198+0000] {logging_mixin.py:188} INFO - [2025-10-07T22:17:06.198+0000] {dag.py:3096} INFO - Sync 2 DAGs
[2025-10-07T22:17:06.288+0000] {logging_mixin.py:188} INFO - [2025-10-07T22:17:06.287+0000] {dag.py:3954} INFO - Setting next_dagrun for example_external_task_marker_child to None, run_after=None
[2025-10-07T22:17:06.289+0000] {logging_mixin.py:188} INFO - [2025-10-07T22:17:06.289+0000] {dag.py:3954} INFO - Setting next_dagrun for example_external_task_marker_parent to None, run_after=None
[2025-10-07T22:17:06.295+0000] {processor.py:183} INFO - Processing /home/airflow/.local/lib/python3.12/site-packages/airflow/example_dags/example_external_task_marker_dag.py took 0.120 seconds
[2025-10-07T22:17:36.742+0000] {processor.py:161} INFO - Started process (PID=2155) to work on /home/airflow/.local/lib/python3.12/site-packages/airflow/example_dags/example_external_task_marker_dag.py
[2025-10-07T22:17:36.744+0000] {processor.py:830} INFO - Processing file /home/airflow/.local/lib/python3.12/site-packages/airflow/example_dags/example_external_task_marker_dag.py for tasks to queue
[2025-10-07T22:17:36.745+0000] {logging_mixin.py:188} INFO - [2025-10-07T22:17:36.745+0000] {dagbag.py:545} INFO - Filling up the DagBag from /home/airflow/.local/lib/python3.12/site-packages/airflow/example_dags/example_external_task_marker_dag.py
[2025-10-07T22:17:36.748+0000] {processor.py:840} INFO - DAG(s) 'example_external_task_marker_parent', 'example_external_task_marker_child' retrieved from /home/airflow/.local/lib/python3.12/site-packages/airflow/example_dags/example_external_task_marker_dag.py
[2025-10-07T22:17:36.762+0000] {logging_mixin.py:188} INFO - [2025-10-07T22:17:36.762+0000] {dag.py:3096} INFO - Sync 2 DAGs
[2025-10-07T22:17:36.769+0000] {logging_mixin.py:188} INFO - [2025-10-07T22:17:36.769+0000] {dag.py:3954} INFO - Setting next_dagrun for example_external_task_marker_child to None, run_after=None
[2025-10-07T22:17:36.771+0000] {logging_mixin.py:188} INFO - [2025-10-07T22:17:36.771+0000] {dag.py:3954} INFO - Setting next_dagrun for example_external_task_marker_parent to None, run_after=None
[2025-10-07T22:17:36.780+0000] {processor.py:183} INFO - Processing /home/airflow/.local/lib/python3.12/site-packages/airflow/example_dags/example_external_task_marker_dag.py took 0.041 seconds
[2025-10-07T22:18:06.907+0000] {processor.py:161} INFO - Started process (PID=2214) to work on /home/airflow/.local/lib/python3.12/site-packages/airflow/example_dags/example_external_task_marker_dag.py
[2025-10-07T22:18:06.908+0000] {processor.py:830} INFO - Processing file /home/airflow/.local/lib/python3.12/site-packages/airflow/example_dags/example_external_task_marker_dag.py for tasks to queue
[2025-10-07T22:18:06.909+0000] {logging_mixin.py:188} INFO - [2025-10-07T22:18:06.909+0000] {dagbag.py:545} INFO - Filling up the DagBag from /home/airflow/.local/lib/python3.12/site-packages/airflow/example_dags/example_external_task_marker_dag.py
[2025-10-07T22:18:06.913+0000] {processor.py:840} INFO - DAG(s) 'example_external_task_marker_parent', 'example_external_task_marker_child' retrieved from /home/airflow/.local/lib/python3.12/site-packages/airflow/example_dags/example_external_task_marker_dag.py
[2025-10-07T22:18:06.925+0000] {logging_mixin.py:188} INFO - [2025-10-07T22:18:06.925+0000] {dag.py:3096} INFO - Sync 2 DAGs
[2025-10-07T22:18:06.932+0000] {logging_mixin.py:188} INFO - [2025-10-07T22:18:06.932+0000] {dag.py:3954} INFO - Setting next_dagrun for example_external_task_marker_child to None, run_after=None
[2025-10-07T22:18:06.934+0000] {logging_mixin.py:188} INFO - [2025-10-07T22:18:06.934+0000] {dag.py:3954} INFO - Setting next_dagrun for example_external_task_marker_parent to None, run_after=None
[2025-10-07T22:18:06.943+0000] {processor.py:183} INFO - Processing /home/airflow/.local/lib/python3.12/site-packages/airflow/example_dags/example_external_task_marker_dag.py took 0.039 seconds
[2025-10-07T22:18:37.867+0000] {processor.py:161} INFO - Started process (PID=2273) to work on /home/airflow/.local/lib/python3.12/site-packages/airflow/example_dags/example_external_task_marker_dag.py
[2025-10-07T22:18:37.871+0000] {processor.py:830} INFO - Processing file /home/airflow/.local/lib/python3.12/site-packages/airflow/example_dags/example_external_task_marker_dag.py for tasks to queue
[2025-10-07T22:18:37.873+0000] {logging_mixin.py:188} INFO - [2025-10-07T22:18:37.873+0000] {dagbag.py:545} INFO - Filling up the DagBag from /home/airflow/.local/lib/python3.12/site-packages/airflow/example_dags/example_external_task_marker_dag.py
[2025-10-07T22:18:37.877+0000] {processor.py:840} INFO - DAG(s) 'example_external_task_marker_child', 'example_external_task_marker_parent' retrieved from /home/airflow/.local/lib/python3.12/site-packages/airflow/example_dags/example_external_task_marker_dag.py
[2025-10-07T22:18:37.893+0000] {logging_mixin.py:188} INFO - [2025-10-07T22:18:37.893+0000] {dag.py:3096} INFO - Sync 2 DAGs
[2025-10-07T22:18:37.898+0000] {logging_mixin.py:188} INFO - [2025-10-07T22:18:37.898+0000] {dag.py:3954} INFO - Setting next_dagrun for example_external_task_marker_child to None, run_after=None
[2025-10-07T22:18:37.901+0000] {logging_mixin.py:188} INFO - [2025-10-07T22:18:37.901+0000] {dag.py:3954} INFO - Setting next_dagrun for example_external_task_marker_parent to None, run_after=None
[2025-10-07T22:18:37.912+0000] {processor.py:183} INFO - Processing /home/airflow/.local/lib/python3.12/site-packages/airflow/example_dags/example_external_task_marker_dag.py took 0.048 seconds
[2025-10-07T22:19:17.807+0000] {processor.py:161} INFO - Started process (PID=84) to work on /home/airflow/.local/lib/python3.12/site-packages/airflow/example_dags/example_external_task_marker_dag.py
[2025-10-07T22:19:17.808+0000] {processor.py:830} INFO - Processing file /home/airflow/.local/lib/python3.12/site-packages/airflow/example_dags/example_external_task_marker_dag.py for tasks to queue
[2025-10-07T22:19:17.809+0000] {logging_mixin.py:188} INFO - [2025-10-07T22:19:17.809+0000] {dagbag.py:545} INFO - Filling up the DagBag from /home/airflow/.local/lib/python3.12/site-packages/airflow/example_dags/example_external_task_marker_dag.py
[2025-10-07T22:19:17.813+0000] {processor.py:840} INFO - DAG(s) 'example_external_task_marker_parent', 'example_external_task_marker_child' retrieved from /home/airflow/.local/lib/python3.12/site-packages/airflow/example_dags/example_external_task_marker_dag.py
[2025-10-07T22:19:17.824+0000] {logging_mixin.py:188} INFO - [2025-10-07T22:19:17.824+0000] {dag.py:3096} INFO - Sync 2 DAGs
[2025-10-07T22:19:17.840+0000] {logging_mixin.py:188} INFO - [2025-10-07T22:19:17.840+0000] {dag.py:3954} INFO - Setting next_dagrun for example_external_task_marker_child to None, run_after=None
[2025-10-07T22:19:17.843+0000] {logging_mixin.py:188} INFO - [2025-10-07T22:19:17.843+0000] {dag.py:3954} INFO - Setting next_dagrun for example_external_task_marker_parent to None, run_after=None
[2025-10-07T22:19:17.859+0000] {processor.py:183} INFO - Processing /home/airflow/.local/lib/python3.12/site-packages/airflow/example_dags/example_external_task_marker_dag.py took 0.055 seconds
[2025-10-07T22:19:48.730+0000] {processor.py:161} INFO - Started process (PID=149) to work on /home/airflow/.local/lib/python3.12/site-packages/airflow/example_dags/example_external_task_marker_dag.py
[2025-10-07T22:19:48.730+0000] {processor.py:830} INFO - Processing file /home/airflow/.local/lib/python3.12/site-packages/airflow/example_dags/example_external_task_marker_dag.py for tasks to queue
[2025-10-07T22:19:48.732+0000] {logging_mixin.py:188} INFO - [2025-10-07T22:19:48.732+0000] {dagbag.py:545} INFO - Filling up the DagBag from /home/airflow/.local/lib/python3.12/site-packages/airflow/example_dags/example_external_task_marker_dag.py
[2025-10-07T22:19:48.736+0000] {processor.py:840} INFO - DAG(s) 'example_external_task_marker_child', 'example_external_task_marker_parent' retrieved from /home/airflow/.local/lib/python3.12/site-packages/airflow/example_dags/example_external_task_marker_dag.py
[2025-10-07T22:19:48.795+0000] {logging_mixin.py:188} INFO - [2025-10-07T22:19:48.795+0000] {dag.py:3096} INFO - Sync 2 DAGs
[2025-10-07T22:19:48.800+0000] {logging_mixin.py:188} INFO - [2025-10-07T22:19:48.800+0000] {dag.py:3954} INFO - Setting next_dagrun for example_external_task_marker_child to None, run_after=None
[2025-10-07T22:19:48.802+0000] {logging_mixin.py:188} INFO - [2025-10-07T22:19:48.802+0000] {dag.py:3954} INFO - Setting next_dagrun for example_external_task_marker_parent to None, run_after=None
[2025-10-07T22:19:48.815+0000] {processor.py:183} INFO - Processing /home/airflow/.local/lib/python3.12/site-packages/airflow/example_dags/example_external_task_marker_dag.py took 0.088 seconds
[2025-10-07T22:20:19.123+0000] {processor.py:161} INFO - Started process (PID=208) to work on /home/airflow/.local/lib/python3.12/site-packages/airflow/example_dags/example_external_task_marker_dag.py
[2025-10-07T22:20:19.125+0000] {processor.py:830} INFO - Processing file /home/airflow/.local/lib/python3.12/site-packages/airflow/example_dags/example_external_task_marker_dag.py for tasks to queue
[2025-10-07T22:20:19.126+0000] {logging_mixin.py:188} INFO - [2025-10-07T22:20:19.126+0000] {dagbag.py:545} INFO - Filling up the DagBag from /home/airflow/.local/lib/python3.12/site-packages/airflow/example_dags/example_external_task_marker_dag.py
[2025-10-07T22:20:19.129+0000] {processor.py:840} INFO - DAG(s) 'example_external_task_marker_parent', 'example_external_task_marker_child' retrieved from /home/airflow/.local/lib/python3.12/site-packages/airflow/example_dags/example_external_task_marker_dag.py
[2025-10-07T22:20:19.143+0000] {logging_mixin.py:188} INFO - [2025-10-07T22:20:19.143+0000] {dag.py:3096} INFO - Sync 2 DAGs
[2025-10-07T22:20:19.149+0000] {logging_mixin.py:188} INFO - [2025-10-07T22:20:19.149+0000] {dag.py:3954} INFO - Setting next_dagrun for example_external_task_marker_child to None, run_after=None
[2025-10-07T22:20:19.151+0000] {logging_mixin.py:188} INFO - [2025-10-07T22:20:19.151+0000] {dag.py:3954} INFO - Setting next_dagrun for example_external_task_marker_parent to None, run_after=None
[2025-10-07T22:20:19.160+0000] {processor.py:183} INFO - Processing /home/airflow/.local/lib/python3.12/site-packages/airflow/example_dags/example_external_task_marker_dag.py took 0.040 seconds
[2025-10-07T22:20:49.578+0000] {processor.py:161} INFO - Started process (PID=267) to work on /home/airflow/.local/lib/python3.12/site-packages/airflow/example_dags/example_external_task_marker_dag.py
[2025-10-07T22:20:49.579+0000] {processor.py:830} INFO - Processing file /home/airflow/.local/lib/python3.12/site-packages/airflow/example_dags/example_external_task_marker_dag.py for tasks to queue
[2025-10-07T22:20:49.581+0000] {logging_mixin.py:188} INFO - [2025-10-07T22:20:49.581+0000] {dagbag.py:545} INFO - Filling up the DagBag from /home/airflow/.local/lib/python3.12/site-packages/airflow/example_dags/example_external_task_marker_dag.py
[2025-10-07T22:20:49.585+0000] {processor.py:840} INFO - DAG(s) 'example_external_task_marker_parent', 'example_external_task_marker_child' retrieved from /home/airflow/.local/lib/python3.12/site-packages/airflow/example_dags/example_external_task_marker_dag.py
[2025-10-07T22:20:49.601+0000] {logging_mixin.py:188} INFO - [2025-10-07T22:20:49.601+0000] {dag.py:3096} INFO - Sync 2 DAGs
[2025-10-07T22:20:49.607+0000] {logging_mixin.py:188} INFO - [2025-10-07T22:20:49.607+0000] {dag.py:3954} INFO - Setting next_dagrun for example_external_task_marker_child to None, run_after=None
[2025-10-07T22:20:49.609+0000] {logging_mixin.py:188} INFO - [2025-10-07T22:20:49.609+0000] {dag.py:3954} INFO - Setting next_dagrun for example_external_task_marker_parent to None, run_after=None
[2025-10-07T22:20:49.617+0000] {processor.py:183} INFO - Processing /home/airflow/.local/lib/python3.12/site-packages/airflow/example_dags/example_external_task_marker_dag.py took 0.043 seconds
[2025-10-07T22:21:19.684+0000] {processor.py:161} INFO - Started process (PID=326) to work on /home/airflow/.local/lib/python3.12/site-packages/airflow/example_dags/example_external_task_marker_dag.py
[2025-10-07T22:21:19.686+0000] {processor.py:830} INFO - Processing file /home/airflow/.local/lib/python3.12/site-packages/airflow/example_dags/example_external_task_marker_dag.py for tasks to queue
[2025-10-07T22:21:19.687+0000] {logging_mixin.py:188} INFO - [2025-10-07T22:21:19.687+0000] {dagbag.py:545} INFO - Filling up the DagBag from /home/airflow/.local/lib/python3.12/site-packages/airflow/example_dags/example_external_task_marker_dag.py
[2025-10-07T22:21:19.691+0000] {processor.py:840} INFO - DAG(s) 'example_external_task_marker_child', 'example_external_task_marker_parent' retrieved from /home/airflow/.local/lib/python3.12/site-packages/airflow/example_dags/example_external_task_marker_dag.py
[2025-10-07T22:21:19.706+0000] {logging_mixin.py:188} INFO - [2025-10-07T22:21:19.706+0000] {dag.py:3096} INFO - Sync 2 DAGs
[2025-10-07T22:21:19.712+0000] {logging_mixin.py:188} INFO - [2025-10-07T22:21:19.712+0000] {dag.py:3954} INFO - Setting next_dagrun for example_external_task_marker_child to None, run_after=None
[2025-10-07T22:21:19.714+0000] {logging_mixin.py:188} INFO - [2025-10-07T22:21:19.714+0000] {dag.py:3954} INFO - Setting next_dagrun for example_external_task_marker_parent to None, run_after=None
[2025-10-07T22:21:19.722+0000] {processor.py:183} INFO - Processing /home/airflow/.local/lib/python3.12/site-packages/airflow/example_dags/example_external_task_marker_dag.py took 0.040 seconds
[2025-10-07T22:21:50.296+0000] {processor.py:161} INFO - Started process (PID=385) to work on /home/airflow/.local/lib/python3.12/site-packages/airflow/example_dags/example_external_task_marker_dag.py
[2025-10-07T22:21:50.297+0000] {processor.py:830} INFO - Processing file /home/airflow/.local/lib/python3.12/site-packages/airflow/example_dags/example_external_task_marker_dag.py for tasks to queue
[2025-10-07T22:21:50.298+0000] {logging_mixin.py:188} INFO - [2025-10-07T22:21:50.298+0000] {dagbag.py:545} INFO - Filling up the DagBag from /home/airflow/.local/lib/python3.12/site-packages/airflow/example_dags/example_external_task_marker_dag.py
[2025-10-07T22:21:50.302+0000] {processor.py:840} INFO - DAG(s) 'example_external_task_marker_child', 'example_external_task_marker_parent' retrieved from /home/airflow/.local/lib/python3.12/site-packages/airflow/example_dags/example_external_task_marker_dag.py
[2025-10-07T22:21:50.315+0000] {logging_mixin.py:188} INFO - [2025-10-07T22:21:50.315+0000] {dag.py:3096} INFO - Sync 2 DAGs
[2025-10-07T22:21:50.322+0000] {logging_mixin.py:188} INFO - [2025-10-07T22:21:50.322+0000] {dag.py:3954} INFO - Setting next_dagrun for example_external_task_marker_child to None, run_after=None
[2025-10-07T22:21:50.324+0000] {logging_mixin.py:188} INFO - [2025-10-07T22:21:50.324+0000] {dag.py:3954} INFO - Setting next_dagrun for example_external_task_marker_parent to None, run_after=None
[2025-10-07T22:21:50.332+0000] {processor.py:183} INFO - Processing /home/airflow/.local/lib/python3.12/site-packages/airflow/example_dags/example_external_task_marker_dag.py took 0.040 seconds
