[2025-10-07T21:54:25.149+0000] {processor.py:161} INFO - Started process (PID=68) to work on /home/airflow/.local/lib/python3.12/site-packages/airflow/example_dags/example_sla_dag.py
[2025-10-07T21:54:25.150+0000] {processor.py:830} INFO - Processing file /home/airflow/.local/lib/python3.12/site-packages/airflow/example_dags/example_sla_dag.py for tasks to queue
[2025-10-07T21:54:25.151+0000] {logging_mixin.py:188} INFO - [2025-10-07T21:54:25.151+0000] {dagbag.py:545} INFO - Filling up the DagBag from /home/airflow/.local/lib/python3.12/site-packages/airflow/example_dags/example_sla_dag.py
[2025-10-07T21:54:25.173+0000] {processor.py:840} INFO - DAG(s) 'example_sla_dag' retrieved from /home/airflow/.local/lib/python3.12/site-packages/airflow/example_dags/example_sla_dag.py
[2025-10-07T21:54:25.201+0000] {logging_mixin.py:188} INFO - [2025-10-07T21:54:25.200+0000] {dag.py:3096} INFO - Sync 1 DAGs
[2025-10-07T21:54:25.227+0000] {logging_mixin.py:188} INFO - [2025-10-07T21:54:25.226+0000] {dag.py:3954} INFO - Setting next_dagrun for example_sla_dag to 2025-10-07 21:52:00+00:00, run_after=2025-10-07 21:54:00+00:00
[2025-10-07T21:54:25.242+0000] {processor.py:183} INFO - Processing /home/airflow/.local/lib/python3.12/site-packages/airflow/example_dags/example_sla_dag.py took 0.098 seconds
[2025-10-07T21:54:56.239+0000] {processor.py:161} INFO - Started process (PID=127) to work on /home/airflow/.local/lib/python3.12/site-packages/airflow/example_dags/example_sla_dag.py
[2025-10-07T21:54:56.240+0000] {processor.py:830} INFO - Processing file /home/airflow/.local/lib/python3.12/site-packages/airflow/example_dags/example_sla_dag.py for tasks to queue
[2025-10-07T21:54:56.241+0000] {logging_mixin.py:188} INFO - [2025-10-07T21:54:56.241+0000] {dagbag.py:545} INFO - Filling up the DagBag from /home/airflow/.local/lib/python3.12/site-packages/airflow/example_dags/example_sla_dag.py
[2025-10-07T21:54:56.245+0000] {processor.py:840} INFO - DAG(s) 'example_sla_dag' retrieved from /home/airflow/.local/lib/python3.12/site-packages/airflow/example_dags/example_sla_dag.py
[2025-10-07T21:54:56.289+0000] {logging_mixin.py:188} INFO - [2025-10-07T21:54:56.289+0000] {dag.py:3096} INFO - Sync 1 DAGs
[2025-10-07T21:54:56.298+0000] {logging_mixin.py:188} INFO - [2025-10-07T21:54:56.298+0000] {dag.py:3954} INFO - Setting next_dagrun for example_sla_dag to 2025-10-07 21:52:00+00:00, run_after=2025-10-07 21:54:00+00:00
[2025-10-07T21:54:56.309+0000] {processor.py:183} INFO - Processing /home/airflow/.local/lib/python3.12/site-packages/airflow/example_dags/example_sla_dag.py took 0.073 seconds
[2025-10-07T21:55:26.671+0000] {processor.py:161} INFO - Started process (PID=186) to work on /home/airflow/.local/lib/python3.12/site-packages/airflow/example_dags/example_sla_dag.py
[2025-10-07T21:55:26.672+0000] {processor.py:830} INFO - Processing file /home/airflow/.local/lib/python3.12/site-packages/airflow/example_dags/example_sla_dag.py for tasks to queue
[2025-10-07T21:55:26.673+0000] {logging_mixin.py:188} INFO - [2025-10-07T21:55:26.672+0000] {dagbag.py:545} INFO - Filling up the DagBag from /home/airflow/.local/lib/python3.12/site-packages/airflow/example_dags/example_sla_dag.py
[2025-10-07T21:55:26.677+0000] {processor.py:840} INFO - DAG(s) 'example_sla_dag' retrieved from /home/airflow/.local/lib/python3.12/site-packages/airflow/example_dags/example_sla_dag.py
[2025-10-07T21:55:26.687+0000] {logging_mixin.py:188} INFO - [2025-10-07T21:55:26.687+0000] {dag.py:3096} INFO - Sync 1 DAGs
[2025-10-07T21:55:26.698+0000] {logging_mixin.py:188} INFO - [2025-10-07T21:55:26.697+0000] {dag.py:3954} INFO - Setting next_dagrun for example_sla_dag to 2025-10-07 21:52:00+00:00, run_after=2025-10-07 21:54:00+00:00
[2025-10-07T21:55:26.708+0000] {processor.py:183} INFO - Processing /home/airflow/.local/lib/python3.12/site-packages/airflow/example_dags/example_sla_dag.py took 0.040 seconds
[2025-10-07T21:55:56.890+0000] {processor.py:161} INFO - Started process (PID=245) to work on /home/airflow/.local/lib/python3.12/site-packages/airflow/example_dags/example_sla_dag.py
[2025-10-07T21:55:56.891+0000] {processor.py:830} INFO - Processing file /home/airflow/.local/lib/python3.12/site-packages/airflow/example_dags/example_sla_dag.py for tasks to queue
[2025-10-07T21:55:56.893+0000] {logging_mixin.py:188} INFO - [2025-10-07T21:55:56.892+0000] {dagbag.py:545} INFO - Filling up the DagBag from /home/airflow/.local/lib/python3.12/site-packages/airflow/example_dags/example_sla_dag.py
[2025-10-07T21:55:56.898+0000] {processor.py:840} INFO - DAG(s) 'example_sla_dag' retrieved from /home/airflow/.local/lib/python3.12/site-packages/airflow/example_dags/example_sla_dag.py
[2025-10-07T21:55:56.908+0000] {logging_mixin.py:188} INFO - [2025-10-07T21:55:56.908+0000] {dag.py:3096} INFO - Sync 1 DAGs
[2025-10-07T21:55:56.919+0000] {logging_mixin.py:188} INFO - [2025-10-07T21:55:56.919+0000] {dag.py:3954} INFO - Setting next_dagrun for example_sla_dag to 2025-10-07 21:52:00+00:00, run_after=2025-10-07 21:54:00+00:00
[2025-10-07T21:55:56.929+0000] {processor.py:183} INFO - Processing /home/airflow/.local/lib/python3.12/site-packages/airflow/example_dags/example_sla_dag.py took 0.042 seconds
[2025-10-07T21:56:27.041+0000] {processor.py:161} INFO - Started process (PID=304) to work on /home/airflow/.local/lib/python3.12/site-packages/airflow/example_dags/example_sla_dag.py
[2025-10-07T21:56:27.042+0000] {processor.py:830} INFO - Processing file /home/airflow/.local/lib/python3.12/site-packages/airflow/example_dags/example_sla_dag.py for tasks to queue
[2025-10-07T21:56:27.043+0000] {logging_mixin.py:188} INFO - [2025-10-07T21:56:27.043+0000] {dagbag.py:545} INFO - Filling up the DagBag from /home/airflow/.local/lib/python3.12/site-packages/airflow/example_dags/example_sla_dag.py
[2025-10-07T21:56:27.047+0000] {processor.py:840} INFO - DAG(s) 'example_sla_dag' retrieved from /home/airflow/.local/lib/python3.12/site-packages/airflow/example_dags/example_sla_dag.py
[2025-10-07T21:56:27.057+0000] {logging_mixin.py:188} INFO - [2025-10-07T21:56:27.057+0000] {dag.py:3096} INFO - Sync 1 DAGs
[2025-10-07T21:56:27.069+0000] {logging_mixin.py:188} INFO - [2025-10-07T21:56:27.068+0000] {dag.py:3954} INFO - Setting next_dagrun for example_sla_dag to 2025-10-07 21:54:00+00:00, run_after=2025-10-07 21:56:00+00:00
[2025-10-07T21:56:27.077+0000] {processor.py:183} INFO - Processing /home/airflow/.local/lib/python3.12/site-packages/airflow/example_dags/example_sla_dag.py took 0.039 seconds
[2025-10-07T21:56:57.938+0000] {processor.py:161} INFO - Started process (PID=363) to work on /home/airflow/.local/lib/python3.12/site-packages/airflow/example_dags/example_sla_dag.py
[2025-10-07T21:56:57.939+0000] {processor.py:830} INFO - Processing file /home/airflow/.local/lib/python3.12/site-packages/airflow/example_dags/example_sla_dag.py for tasks to queue
[2025-10-07T21:56:57.940+0000] {logging_mixin.py:188} INFO - [2025-10-07T21:56:57.940+0000] {dagbag.py:545} INFO - Filling up the DagBag from /home/airflow/.local/lib/python3.12/site-packages/airflow/example_dags/example_sla_dag.py
[2025-10-07T21:56:57.945+0000] {processor.py:840} INFO - DAG(s) 'example_sla_dag' retrieved from /home/airflow/.local/lib/python3.12/site-packages/airflow/example_dags/example_sla_dag.py
[2025-10-07T21:56:57.956+0000] {logging_mixin.py:188} INFO - [2025-10-07T21:56:57.956+0000] {dag.py:3096} INFO - Sync 1 DAGs
[2025-10-07T21:56:57.969+0000] {logging_mixin.py:188} INFO - [2025-10-07T21:56:57.969+0000] {dag.py:3954} INFO - Setting next_dagrun for example_sla_dag to 2025-10-07 21:54:00+00:00, run_after=2025-10-07 21:56:00+00:00
[2025-10-07T21:56:57.980+0000] {processor.py:183} INFO - Processing /home/airflow/.local/lib/python3.12/site-packages/airflow/example_dags/example_sla_dag.py took 0.045 seconds
[2025-10-07T21:57:28.450+0000] {processor.py:161} INFO - Started process (PID=422) to work on /home/airflow/.local/lib/python3.12/site-packages/airflow/example_dags/example_sla_dag.py
[2025-10-07T21:57:28.451+0000] {processor.py:830} INFO - Processing file /home/airflow/.local/lib/python3.12/site-packages/airflow/example_dags/example_sla_dag.py for tasks to queue
[2025-10-07T21:57:28.452+0000] {logging_mixin.py:188} INFO - [2025-10-07T21:57:28.452+0000] {dagbag.py:545} INFO - Filling up the DagBag from /home/airflow/.local/lib/python3.12/site-packages/airflow/example_dags/example_sla_dag.py
[2025-10-07T21:57:28.459+0000] {processor.py:840} INFO - DAG(s) 'example_sla_dag' retrieved from /home/airflow/.local/lib/python3.12/site-packages/airflow/example_dags/example_sla_dag.py
[2025-10-07T21:57:28.477+0000] {logging_mixin.py:188} INFO - [2025-10-07T21:57:28.477+0000] {dag.py:3096} INFO - Sync 1 DAGs
[2025-10-07T21:57:28.500+0000] {logging_mixin.py:188} INFO - [2025-10-07T21:57:28.500+0000] {dag.py:3954} INFO - Setting next_dagrun for example_sla_dag to 2025-10-07 21:54:00+00:00, run_after=2025-10-07 21:56:00+00:00
[2025-10-07T21:57:28.521+0000] {processor.py:183} INFO - Processing /home/airflow/.local/lib/python3.12/site-packages/airflow/example_dags/example_sla_dag.py took 0.077 seconds
[2025-10-07T21:58:26.916+0000] {processor.py:161} INFO - Started process (PID=481) to work on /home/airflow/.local/lib/python3.12/site-packages/airflow/example_dags/example_sla_dag.py
[2025-10-07T21:58:26.916+0000] {processor.py:830} INFO - Processing file /home/airflow/.local/lib/python3.12/site-packages/airflow/example_dags/example_sla_dag.py for tasks to queue
[2025-10-07T21:58:26.919+0000] {logging_mixin.py:188} INFO - [2025-10-07T21:58:26.918+0000] {dagbag.py:545} INFO - Filling up the DagBag from /home/airflow/.local/lib/python3.12/site-packages/airflow/example_dags/example_sla_dag.py
[2025-10-07T21:58:26.923+0000] {processor.py:840} INFO - DAG(s) 'example_sla_dag' retrieved from /home/airflow/.local/lib/python3.12/site-packages/airflow/example_dags/example_sla_dag.py
[2025-10-07T21:58:26.938+0000] {logging_mixin.py:188} INFO - [2025-10-07T21:58:26.938+0000] {dag.py:3096} INFO - Sync 1 DAGs
[2025-10-07T21:58:26.953+0000] {logging_mixin.py:188} INFO - [2025-10-07T21:58:26.953+0000] {dag.py:3954} INFO - Setting next_dagrun for example_sla_dag to 2025-10-07 21:56:00+00:00, run_after=2025-10-07 21:58:00+00:00
[2025-10-07T21:58:26.967+0000] {processor.py:183} INFO - Processing /home/airflow/.local/lib/python3.12/site-packages/airflow/example_dags/example_sla_dag.py took 0.055 seconds
[2025-10-07T21:59:33.508+0000] {processor.py:161} INFO - Started process (PID=540) to work on /home/airflow/.local/lib/python3.12/site-packages/airflow/example_dags/example_sla_dag.py
[2025-10-07T21:59:33.514+0000] {processor.py:830} INFO - Processing file /home/airflow/.local/lib/python3.12/site-packages/airflow/example_dags/example_sla_dag.py for tasks to queue
[2025-10-07T21:59:33.520+0000] {logging_mixin.py:188} INFO - [2025-10-07T21:59:33.519+0000] {dagbag.py:545} INFO - Filling up the DagBag from /home/airflow/.local/lib/python3.12/site-packages/airflow/example_dags/example_sla_dag.py
[2025-10-07T21:59:33.534+0000] {processor.py:840} INFO - DAG(s) 'example_sla_dag' retrieved from /home/airflow/.local/lib/python3.12/site-packages/airflow/example_dags/example_sla_dag.py
[2025-10-07T21:59:33.577+0000] {logging_mixin.py:188} INFO - [2025-10-07T21:59:33.577+0000] {dag.py:3096} INFO - Sync 1 DAGs
[2025-10-07T21:59:33.613+0000] {logging_mixin.py:188} INFO - [2025-10-07T21:59:33.613+0000] {dag.py:3954} INFO - Setting next_dagrun for example_sla_dag to 2025-10-07 21:56:00+00:00, run_after=2025-10-07 21:58:00+00:00
[2025-10-07T21:59:33.647+0000] {processor.py:183} INFO - Processing /home/airflow/.local/lib/python3.12/site-packages/airflow/example_dags/example_sla_dag.py took 0.150 seconds
[2025-10-07T22:01:52.451+0000] {processor.py:161} INFO - Started process (PID=599) to work on /home/airflow/.local/lib/python3.12/site-packages/airflow/example_dags/example_sla_dag.py
[2025-10-07T22:01:52.454+0000] {processor.py:830} INFO - Processing file /home/airflow/.local/lib/python3.12/site-packages/airflow/example_dags/example_sla_dag.py for tasks to queue
[2025-10-07T22:01:52.456+0000] {logging_mixin.py:188} INFO - [2025-10-07T22:01:52.456+0000] {dagbag.py:545} INFO - Filling up the DagBag from /home/airflow/.local/lib/python3.12/site-packages/airflow/example_dags/example_sla_dag.py
[2025-10-07T22:01:52.461+0000] {processor.py:840} INFO - DAG(s) 'example_sla_dag' retrieved from /home/airflow/.local/lib/python3.12/site-packages/airflow/example_dags/example_sla_dag.py
[2025-10-07T22:01:52.474+0000] {logging_mixin.py:188} INFO - [2025-10-07T22:01:52.474+0000] {dag.py:3096} INFO - Sync 1 DAGs
[2025-10-07T22:01:52.488+0000] {logging_mixin.py:188} INFO - [2025-10-07T22:01:52.488+0000] {dag.py:3954} INFO - Setting next_dagrun for example_sla_dag to 2025-10-07 21:58:00+00:00, run_after=2025-10-07 22:00:00+00:00
[2025-10-07T22:01:52.507+0000] {processor.py:183} INFO - Processing /home/airflow/.local/lib/python3.12/site-packages/airflow/example_dags/example_sla_dag.py took 0.060 seconds
[2025-10-07T22:04:55.789+0000] {processor.py:161} INFO - Started process (PID=658) to work on /home/airflow/.local/lib/python3.12/site-packages/airflow/example_dags/example_sla_dag.py
[2025-10-07T22:04:55.790+0000] {processor.py:830} INFO - Processing file /home/airflow/.local/lib/python3.12/site-packages/airflow/example_dags/example_sla_dag.py for tasks to queue
[2025-10-07T22:04:55.791+0000] {logging_mixin.py:188} INFO - [2025-10-07T22:04:55.791+0000] {dagbag.py:545} INFO - Filling up the DagBag from /home/airflow/.local/lib/python3.12/site-packages/airflow/example_dags/example_sla_dag.py
[2025-10-07T22:04:55.796+0000] {processor.py:840} INFO - DAG(s) 'example_sla_dag' retrieved from /home/airflow/.local/lib/python3.12/site-packages/airflow/example_dags/example_sla_dag.py
[2025-10-07T22:04:55.813+0000] {logging_mixin.py:188} INFO - [2025-10-07T22:04:55.812+0000] {dag.py:3096} INFO - Sync 1 DAGs
[2025-10-07T22:04:55.828+0000] {logging_mixin.py:188} INFO - [2025-10-07T22:04:55.828+0000] {dag.py:3954} INFO - Setting next_dagrun for example_sla_dag to 2025-10-07 22:02:00+00:00, run_after=2025-10-07 22:04:00+00:00
[2025-10-07T22:04:55.844+0000] {processor.py:183} INFO - Processing /home/airflow/.local/lib/python3.12/site-packages/airflow/example_dags/example_sla_dag.py took 0.058 seconds
[2025-10-07T22:05:25.949+0000] {processor.py:161} INFO - Started process (PID=717) to work on /home/airflow/.local/lib/python3.12/site-packages/airflow/example_dags/example_sla_dag.py
[2025-10-07T22:05:25.949+0000] {processor.py:830} INFO - Processing file /home/airflow/.local/lib/python3.12/site-packages/airflow/example_dags/example_sla_dag.py for tasks to queue
[2025-10-07T22:05:25.950+0000] {logging_mixin.py:188} INFO - [2025-10-07T22:05:25.950+0000] {dagbag.py:545} INFO - Filling up the DagBag from /home/airflow/.local/lib/python3.12/site-packages/airflow/example_dags/example_sla_dag.py
[2025-10-07T22:05:25.955+0000] {processor.py:840} INFO - DAG(s) 'example_sla_dag' retrieved from /home/airflow/.local/lib/python3.12/site-packages/airflow/example_dags/example_sla_dag.py
[2025-10-07T22:05:25.969+0000] {logging_mixin.py:188} INFO - [2025-10-07T22:05:25.969+0000] {dag.py:3096} INFO - Sync 1 DAGs
[2025-10-07T22:05:25.982+0000] {logging_mixin.py:188} INFO - [2025-10-07T22:05:25.982+0000] {dag.py:3954} INFO - Setting next_dagrun for example_sla_dag to 2025-10-07 22:02:00+00:00, run_after=2025-10-07 22:04:00+00:00
[2025-10-07T22:05:25.992+0000] {processor.py:183} INFO - Processing /home/airflow/.local/lib/python3.12/site-packages/airflow/example_dags/example_sla_dag.py took 0.047 seconds
[2025-10-07T22:05:56.055+0000] {processor.py:161} INFO - Started process (PID=776) to work on /home/airflow/.local/lib/python3.12/site-packages/airflow/example_dags/example_sla_dag.py
[2025-10-07T22:05:56.056+0000] {processor.py:830} INFO - Processing file /home/airflow/.local/lib/python3.12/site-packages/airflow/example_dags/example_sla_dag.py for tasks to queue
[2025-10-07T22:05:56.057+0000] {logging_mixin.py:188} INFO - [2025-10-07T22:05:56.057+0000] {dagbag.py:545} INFO - Filling up the DagBag from /home/airflow/.local/lib/python3.12/site-packages/airflow/example_dags/example_sla_dag.py
[2025-10-07T22:05:56.062+0000] {processor.py:840} INFO - DAG(s) 'example_sla_dag' retrieved from /home/airflow/.local/lib/python3.12/site-packages/airflow/example_dags/example_sla_dag.py
[2025-10-07T22:05:56.074+0000] {logging_mixin.py:188} INFO - [2025-10-07T22:05:56.073+0000] {dag.py:3096} INFO - Sync 1 DAGs
[2025-10-07T22:05:56.089+0000] {logging_mixin.py:188} INFO - [2025-10-07T22:05:56.089+0000] {dag.py:3954} INFO - Setting next_dagrun for example_sla_dag to 2025-10-07 22:02:00+00:00, run_after=2025-10-07 22:04:00+00:00
[2025-10-07T22:05:56.101+0000] {processor.py:183} INFO - Processing /home/airflow/.local/lib/python3.12/site-packages/airflow/example_dags/example_sla_dag.py took 0.050 seconds
[2025-10-07T22:06:26.126+0000] {processor.py:161} INFO - Started process (PID=834) to work on /home/airflow/.local/lib/python3.12/site-packages/airflow/example_dags/example_sla_dag.py
[2025-10-07T22:06:26.127+0000] {processor.py:830} INFO - Processing file /home/airflow/.local/lib/python3.12/site-packages/airflow/example_dags/example_sla_dag.py for tasks to queue
[2025-10-07T22:06:26.128+0000] {logging_mixin.py:188} INFO - [2025-10-07T22:06:26.128+0000] {dagbag.py:545} INFO - Filling up the DagBag from /home/airflow/.local/lib/python3.12/site-packages/airflow/example_dags/example_sla_dag.py
[2025-10-07T22:06:26.132+0000] {processor.py:840} INFO - DAG(s) 'example_sla_dag' retrieved from /home/airflow/.local/lib/python3.12/site-packages/airflow/example_dags/example_sla_dag.py
[2025-10-07T22:06:26.142+0000] {logging_mixin.py:188} INFO - [2025-10-07T22:06:26.142+0000] {dag.py:3096} INFO - Sync 1 DAGs
[2025-10-07T22:06:26.153+0000] {logging_mixin.py:188} INFO - [2025-10-07T22:06:26.153+0000] {dag.py:3954} INFO - Setting next_dagrun for example_sla_dag to 2025-10-07 22:04:00+00:00, run_after=2025-10-07 22:06:00+00:00
[2025-10-07T22:06:26.161+0000] {processor.py:183} INFO - Processing /home/airflow/.local/lib/python3.12/site-packages/airflow/example_dags/example_sla_dag.py took 0.038 seconds
[2025-10-07T22:06:56.217+0000] {processor.py:161} INFO - Started process (PID=893) to work on /home/airflow/.local/lib/python3.12/site-packages/airflow/example_dags/example_sla_dag.py
[2025-10-07T22:06:56.221+0000] {processor.py:830} INFO - Processing file /home/airflow/.local/lib/python3.12/site-packages/airflow/example_dags/example_sla_dag.py for tasks to queue
[2025-10-07T22:06:56.225+0000] {logging_mixin.py:188} INFO - [2025-10-07T22:06:56.224+0000] {dagbag.py:545} INFO - Filling up the DagBag from /home/airflow/.local/lib/python3.12/site-packages/airflow/example_dags/example_sla_dag.py
[2025-10-07T22:06:56.229+0000] {processor.py:840} INFO - DAG(s) 'example_sla_dag' retrieved from /home/airflow/.local/lib/python3.12/site-packages/airflow/example_dags/example_sla_dag.py
[2025-10-07T22:06:56.240+0000] {logging_mixin.py:188} INFO - [2025-10-07T22:06:56.240+0000] {dag.py:3096} INFO - Sync 1 DAGs
[2025-10-07T22:06:56.253+0000] {logging_mixin.py:188} INFO - [2025-10-07T22:06:56.253+0000] {dag.py:3954} INFO - Setting next_dagrun for example_sla_dag to 2025-10-07 22:04:00+00:00, run_after=2025-10-07 22:06:00+00:00
[2025-10-07T22:06:56.262+0000] {processor.py:183} INFO - Processing /home/airflow/.local/lib/python3.12/site-packages/airflow/example_dags/example_sla_dag.py took 0.048 seconds
[2025-10-07T22:07:26.365+0000] {processor.py:161} INFO - Started process (PID=952) to work on /home/airflow/.local/lib/python3.12/site-packages/airflow/example_dags/example_sla_dag.py
[2025-10-07T22:07:26.372+0000] {processor.py:830} INFO - Processing file /home/airflow/.local/lib/python3.12/site-packages/airflow/example_dags/example_sla_dag.py for tasks to queue
[2025-10-07T22:07:26.373+0000] {logging_mixin.py:188} INFO - [2025-10-07T22:07:26.373+0000] {dagbag.py:545} INFO - Filling up the DagBag from /home/airflow/.local/lib/python3.12/site-packages/airflow/example_dags/example_sla_dag.py
[2025-10-07T22:07:26.378+0000] {processor.py:840} INFO - DAG(s) 'example_sla_dag' retrieved from /home/airflow/.local/lib/python3.12/site-packages/airflow/example_dags/example_sla_dag.py
[2025-10-07T22:07:26.390+0000] {logging_mixin.py:188} INFO - [2025-10-07T22:07:26.390+0000] {dag.py:3096} INFO - Sync 1 DAGs
[2025-10-07T22:07:26.402+0000] {logging_mixin.py:188} INFO - [2025-10-07T22:07:26.402+0000] {dag.py:3954} INFO - Setting next_dagrun for example_sla_dag to 2025-10-07 22:04:00+00:00, run_after=2025-10-07 22:06:00+00:00
[2025-10-07T22:07:26.412+0000] {processor.py:183} INFO - Processing /home/airflow/.local/lib/python3.12/site-packages/airflow/example_dags/example_sla_dag.py took 0.050 seconds
[2025-10-07T22:07:56.556+0000] {processor.py:161} INFO - Started process (PID=1011) to work on /home/airflow/.local/lib/python3.12/site-packages/airflow/example_dags/example_sla_dag.py
[2025-10-07T22:07:56.557+0000] {processor.py:830} INFO - Processing file /home/airflow/.local/lib/python3.12/site-packages/airflow/example_dags/example_sla_dag.py for tasks to queue
[2025-10-07T22:07:56.558+0000] {logging_mixin.py:188} INFO - [2025-10-07T22:07:56.558+0000] {dagbag.py:545} INFO - Filling up the DagBag from /home/airflow/.local/lib/python3.12/site-packages/airflow/example_dags/example_sla_dag.py
[2025-10-07T22:07:56.562+0000] {processor.py:840} INFO - DAG(s) 'example_sla_dag' retrieved from /home/airflow/.local/lib/python3.12/site-packages/airflow/example_dags/example_sla_dag.py
[2025-10-07T22:07:56.581+0000] {logging_mixin.py:188} INFO - [2025-10-07T22:07:56.581+0000] {dag.py:3096} INFO - Sync 1 DAGs
[2025-10-07T22:07:56.597+0000] {logging_mixin.py:188} INFO - [2025-10-07T22:07:56.597+0000] {dag.py:3954} INFO - Setting next_dagrun for example_sla_dag to 2025-10-07 22:04:00+00:00, run_after=2025-10-07 22:06:00+00:00
[2025-10-07T22:07:56.609+0000] {processor.py:183} INFO - Processing /home/airflow/.local/lib/python3.12/site-packages/airflow/example_dags/example_sla_dag.py took 0.055 seconds
[2025-10-07T22:08:26.680+0000] {processor.py:161} INFO - Started process (PID=1070) to work on /home/airflow/.local/lib/python3.12/site-packages/airflow/example_dags/example_sla_dag.py
[2025-10-07T22:08:26.681+0000] {processor.py:830} INFO - Processing file /home/airflow/.local/lib/python3.12/site-packages/airflow/example_dags/example_sla_dag.py for tasks to queue
[2025-10-07T22:08:26.683+0000] {logging_mixin.py:188} INFO - [2025-10-07T22:08:26.682+0000] {dagbag.py:545} INFO - Filling up the DagBag from /home/airflow/.local/lib/python3.12/site-packages/airflow/example_dags/example_sla_dag.py
[2025-10-07T22:08:26.688+0000] {processor.py:840} INFO - DAG(s) 'example_sla_dag' retrieved from /home/airflow/.local/lib/python3.12/site-packages/airflow/example_dags/example_sla_dag.py
[2025-10-07T22:08:26.703+0000] {logging_mixin.py:188} INFO - [2025-10-07T22:08:26.703+0000] {dag.py:3096} INFO - Sync 1 DAGs
[2025-10-07T22:08:26.715+0000] {logging_mixin.py:188} INFO - [2025-10-07T22:08:26.714+0000] {dag.py:3954} INFO - Setting next_dagrun for example_sla_dag to 2025-10-07 22:06:00+00:00, run_after=2025-10-07 22:08:00+00:00
[2025-10-07T22:08:26.724+0000] {processor.py:183} INFO - Processing /home/airflow/.local/lib/python3.12/site-packages/airflow/example_dags/example_sla_dag.py took 0.046 seconds
[2025-10-07T22:08:56.755+0000] {processor.py:161} INFO - Started process (PID=1129) to work on /home/airflow/.local/lib/python3.12/site-packages/airflow/example_dags/example_sla_dag.py
[2025-10-07T22:08:56.756+0000] {processor.py:830} INFO - Processing file /home/airflow/.local/lib/python3.12/site-packages/airflow/example_dags/example_sla_dag.py for tasks to queue
[2025-10-07T22:08:56.757+0000] {logging_mixin.py:188} INFO - [2025-10-07T22:08:56.757+0000] {dagbag.py:545} INFO - Filling up the DagBag from /home/airflow/.local/lib/python3.12/site-packages/airflow/example_dags/example_sla_dag.py
[2025-10-07T22:08:56.765+0000] {processor.py:840} INFO - DAG(s) 'example_sla_dag' retrieved from /home/airflow/.local/lib/python3.12/site-packages/airflow/example_dags/example_sla_dag.py
[2025-10-07T22:08:56.777+0000] {logging_mixin.py:188} INFO - [2025-10-07T22:08:56.777+0000] {dag.py:3096} INFO - Sync 1 DAGs
[2025-10-07T22:08:56.791+0000] {logging_mixin.py:188} INFO - [2025-10-07T22:08:56.791+0000] {dag.py:3954} INFO - Setting next_dagrun for example_sla_dag to 2025-10-07 22:06:00+00:00, run_after=2025-10-07 22:08:00+00:00
[2025-10-07T22:08:56.804+0000] {processor.py:183} INFO - Processing /home/airflow/.local/lib/python3.12/site-packages/airflow/example_dags/example_sla_dag.py took 0.052 seconds
[2025-10-07T22:09:27.037+0000] {processor.py:161} INFO - Started process (PID=1188) to work on /home/airflow/.local/lib/python3.12/site-packages/airflow/example_dags/example_sla_dag.py
[2025-10-07T22:09:27.039+0000] {processor.py:830} INFO - Processing file /home/airflow/.local/lib/python3.12/site-packages/airflow/example_dags/example_sla_dag.py for tasks to queue
[2025-10-07T22:09:27.040+0000] {logging_mixin.py:188} INFO - [2025-10-07T22:09:27.040+0000] {dagbag.py:545} INFO - Filling up the DagBag from /home/airflow/.local/lib/python3.12/site-packages/airflow/example_dags/example_sla_dag.py
[2025-10-07T22:09:27.045+0000] {processor.py:840} INFO - DAG(s) 'example_sla_dag' retrieved from /home/airflow/.local/lib/python3.12/site-packages/airflow/example_dags/example_sla_dag.py
[2025-10-07T22:09:27.055+0000] {logging_mixin.py:188} INFO - [2025-10-07T22:09:27.055+0000] {dag.py:3096} INFO - Sync 1 DAGs
[2025-10-07T22:09:27.067+0000] {logging_mixin.py:188} INFO - [2025-10-07T22:09:27.067+0000] {dag.py:3954} INFO - Setting next_dagrun for example_sla_dag to 2025-10-07 22:06:00+00:00, run_after=2025-10-07 22:08:00+00:00
[2025-10-07T22:09:27.076+0000] {processor.py:183} INFO - Processing /home/airflow/.local/lib/python3.12/site-packages/airflow/example_dags/example_sla_dag.py took 0.042 seconds
[2025-10-07T22:09:57.232+0000] {processor.py:161} INFO - Started process (PID=1247) to work on /home/airflow/.local/lib/python3.12/site-packages/airflow/example_dags/example_sla_dag.py
[2025-10-07T22:09:57.232+0000] {processor.py:830} INFO - Processing file /home/airflow/.local/lib/python3.12/site-packages/airflow/example_dags/example_sla_dag.py for tasks to queue
[2025-10-07T22:09:57.233+0000] {logging_mixin.py:188} INFO - [2025-10-07T22:09:57.233+0000] {dagbag.py:545} INFO - Filling up the DagBag from /home/airflow/.local/lib/python3.12/site-packages/airflow/example_dags/example_sla_dag.py
[2025-10-07T22:09:57.238+0000] {processor.py:840} INFO - DAG(s) 'example_sla_dag' retrieved from /home/airflow/.local/lib/python3.12/site-packages/airflow/example_dags/example_sla_dag.py
[2025-10-07T22:09:57.248+0000] {logging_mixin.py:188} INFO - [2025-10-07T22:09:57.248+0000] {dag.py:3096} INFO - Sync 1 DAGs
[2025-10-07T22:09:57.260+0000] {logging_mixin.py:188} INFO - [2025-10-07T22:09:57.260+0000] {dag.py:3954} INFO - Setting next_dagrun for example_sla_dag to 2025-10-07 22:06:00+00:00, run_after=2025-10-07 22:08:00+00:00
[2025-10-07T22:09:57.269+0000] {processor.py:183} INFO - Processing /home/airflow/.local/lib/python3.12/site-packages/airflow/example_dags/example_sla_dag.py took 0.041 seconds
[2025-10-07T22:10:27.409+0000] {processor.py:161} INFO - Started process (PID=1306) to work on /home/airflow/.local/lib/python3.12/site-packages/airflow/example_dags/example_sla_dag.py
[2025-10-07T22:10:27.410+0000] {processor.py:830} INFO - Processing file /home/airflow/.local/lib/python3.12/site-packages/airflow/example_dags/example_sla_dag.py for tasks to queue
[2025-10-07T22:10:27.411+0000] {logging_mixin.py:188} INFO - [2025-10-07T22:10:27.411+0000] {dagbag.py:545} INFO - Filling up the DagBag from /home/airflow/.local/lib/python3.12/site-packages/airflow/example_dags/example_sla_dag.py
[2025-10-07T22:10:27.416+0000] {processor.py:840} INFO - DAG(s) 'example_sla_dag' retrieved from /home/airflow/.local/lib/python3.12/site-packages/airflow/example_dags/example_sla_dag.py
[2025-10-07T22:10:27.426+0000] {logging_mixin.py:188} INFO - [2025-10-07T22:10:27.426+0000] {dag.py:3096} INFO - Sync 1 DAGs
[2025-10-07T22:10:27.437+0000] {logging_mixin.py:188} INFO - [2025-10-07T22:10:27.437+0000] {dag.py:3954} INFO - Setting next_dagrun for example_sla_dag to 2025-10-07 22:08:00+00:00, run_after=2025-10-07 22:10:00+00:00
[2025-10-07T22:10:27.446+0000] {processor.py:183} INFO - Processing /home/airflow/.local/lib/python3.12/site-packages/airflow/example_dags/example_sla_dag.py took 0.040 seconds
[2025-10-07T22:10:57.545+0000] {processor.py:161} INFO - Started process (PID=1365) to work on /home/airflow/.local/lib/python3.12/site-packages/airflow/example_dags/example_sla_dag.py
[2025-10-07T22:10:57.546+0000] {processor.py:830} INFO - Processing file /home/airflow/.local/lib/python3.12/site-packages/airflow/example_dags/example_sla_dag.py for tasks to queue
[2025-10-07T22:10:57.546+0000] {logging_mixin.py:188} INFO - [2025-10-07T22:10:57.546+0000] {dagbag.py:545} INFO - Filling up the DagBag from /home/airflow/.local/lib/python3.12/site-packages/airflow/example_dags/example_sla_dag.py
[2025-10-07T22:10:57.551+0000] {processor.py:840} INFO - DAG(s) 'example_sla_dag' retrieved from /home/airflow/.local/lib/python3.12/site-packages/airflow/example_dags/example_sla_dag.py
[2025-10-07T22:10:57.561+0000] {logging_mixin.py:188} INFO - [2025-10-07T22:10:57.561+0000] {dag.py:3096} INFO - Sync 1 DAGs
[2025-10-07T22:10:57.571+0000] {logging_mixin.py:188} INFO - [2025-10-07T22:10:57.571+0000] {dag.py:3954} INFO - Setting next_dagrun for example_sla_dag to 2025-10-07 22:08:00+00:00, run_after=2025-10-07 22:10:00+00:00
[2025-10-07T22:10:57.580+0000] {processor.py:183} INFO - Processing /home/airflow/.local/lib/python3.12/site-packages/airflow/example_dags/example_sla_dag.py took 0.038 seconds
[2025-10-07T22:11:27.660+0000] {processor.py:161} INFO - Started process (PID=1424) to work on /home/airflow/.local/lib/python3.12/site-packages/airflow/example_dags/example_sla_dag.py
[2025-10-07T22:11:27.661+0000] {processor.py:830} INFO - Processing file /home/airflow/.local/lib/python3.12/site-packages/airflow/example_dags/example_sla_dag.py for tasks to queue
[2025-10-07T22:11:27.662+0000] {logging_mixin.py:188} INFO - [2025-10-07T22:11:27.661+0000] {dagbag.py:545} INFO - Filling up the DagBag from /home/airflow/.local/lib/python3.12/site-packages/airflow/example_dags/example_sla_dag.py
[2025-10-07T22:11:27.667+0000] {processor.py:840} INFO - DAG(s) 'example_sla_dag' retrieved from /home/airflow/.local/lib/python3.12/site-packages/airflow/example_dags/example_sla_dag.py
[2025-10-07T22:11:27.678+0000] {logging_mixin.py:188} INFO - [2025-10-07T22:11:27.678+0000] {dag.py:3096} INFO - Sync 1 DAGs
[2025-10-07T22:11:27.690+0000] {logging_mixin.py:188} INFO - [2025-10-07T22:11:27.690+0000] {dag.py:3954} INFO - Setting next_dagrun for example_sla_dag to 2025-10-07 22:08:00+00:00, run_after=2025-10-07 22:10:00+00:00
[2025-10-07T22:11:27.701+0000] {processor.py:183} INFO - Processing /home/airflow/.local/lib/python3.12/site-packages/airflow/example_dags/example_sla_dag.py took 0.044 seconds
[2025-10-07T22:11:57.756+0000] {processor.py:161} INFO - Started process (PID=1483) to work on /home/airflow/.local/lib/python3.12/site-packages/airflow/example_dags/example_sla_dag.py
[2025-10-07T22:11:57.757+0000] {processor.py:830} INFO - Processing file /home/airflow/.local/lib/python3.12/site-packages/airflow/example_dags/example_sla_dag.py for tasks to queue
[2025-10-07T22:11:57.758+0000] {logging_mixin.py:188} INFO - [2025-10-07T22:11:57.758+0000] {dagbag.py:545} INFO - Filling up the DagBag from /home/airflow/.local/lib/python3.12/site-packages/airflow/example_dags/example_sla_dag.py
[2025-10-07T22:11:57.763+0000] {processor.py:840} INFO - DAG(s) 'example_sla_dag' retrieved from /home/airflow/.local/lib/python3.12/site-packages/airflow/example_dags/example_sla_dag.py
[2025-10-07T22:11:57.773+0000] {logging_mixin.py:188} INFO - [2025-10-07T22:11:57.773+0000] {dag.py:3096} INFO - Sync 1 DAGs
[2025-10-07T22:11:57.786+0000] {logging_mixin.py:188} INFO - [2025-10-07T22:11:57.786+0000] {dag.py:3954} INFO - Setting next_dagrun for example_sla_dag to 2025-10-07 22:08:00+00:00, run_after=2025-10-07 22:10:00+00:00
[2025-10-07T22:11:57.796+0000] {processor.py:183} INFO - Processing /home/airflow/.local/lib/python3.12/site-packages/airflow/example_dags/example_sla_dag.py took 0.042 seconds
[2025-10-07T22:12:27.985+0000] {processor.py:161} INFO - Started process (PID=1542) to work on /home/airflow/.local/lib/python3.12/site-packages/airflow/example_dags/example_sla_dag.py
[2025-10-07T22:12:27.986+0000] {processor.py:830} INFO - Processing file /home/airflow/.local/lib/python3.12/site-packages/airflow/example_dags/example_sla_dag.py for tasks to queue
[2025-10-07T22:12:27.987+0000] {logging_mixin.py:188} INFO - [2025-10-07T22:12:27.987+0000] {dagbag.py:545} INFO - Filling up the DagBag from /home/airflow/.local/lib/python3.12/site-packages/airflow/example_dags/example_sla_dag.py
[2025-10-07T22:12:27.991+0000] {processor.py:840} INFO - DAG(s) 'example_sla_dag' retrieved from /home/airflow/.local/lib/python3.12/site-packages/airflow/example_dags/example_sla_dag.py
[2025-10-07T22:12:28.002+0000] {logging_mixin.py:188} INFO - [2025-10-07T22:12:28.002+0000] {dag.py:3096} INFO - Sync 1 DAGs
[2025-10-07T22:12:28.014+0000] {logging_mixin.py:188} INFO - [2025-10-07T22:12:28.014+0000] {dag.py:3954} INFO - Setting next_dagrun for example_sla_dag to 2025-10-07 22:10:00+00:00, run_after=2025-10-07 22:12:00+00:00
[2025-10-07T22:12:28.025+0000] {processor.py:183} INFO - Processing /home/airflow/.local/lib/python3.12/site-packages/airflow/example_dags/example_sla_dag.py took 0.044 seconds
[2025-10-07T22:12:58.114+0000] {processor.py:161} INFO - Started process (PID=1601) to work on /home/airflow/.local/lib/python3.12/site-packages/airflow/example_dags/example_sla_dag.py
[2025-10-07T22:12:58.114+0000] {processor.py:830} INFO - Processing file /home/airflow/.local/lib/python3.12/site-packages/airflow/example_dags/example_sla_dag.py for tasks to queue
[2025-10-07T22:12:58.116+0000] {logging_mixin.py:188} INFO - [2025-10-07T22:12:58.115+0000] {dagbag.py:545} INFO - Filling up the DagBag from /home/airflow/.local/lib/python3.12/site-packages/airflow/example_dags/example_sla_dag.py
[2025-10-07T22:12:58.121+0000] {processor.py:840} INFO - DAG(s) 'example_sla_dag' retrieved from /home/airflow/.local/lib/python3.12/site-packages/airflow/example_dags/example_sla_dag.py
[2025-10-07T22:12:58.133+0000] {logging_mixin.py:188} INFO - [2025-10-07T22:12:58.133+0000] {dag.py:3096} INFO - Sync 1 DAGs
[2025-10-07T22:12:58.144+0000] {logging_mixin.py:188} INFO - [2025-10-07T22:12:58.144+0000] {dag.py:3954} INFO - Setting next_dagrun for example_sla_dag to 2025-10-07 22:10:00+00:00, run_after=2025-10-07 22:12:00+00:00
[2025-10-07T22:12:58.159+0000] {processor.py:183} INFO - Processing /home/airflow/.local/lib/python3.12/site-packages/airflow/example_dags/example_sla_dag.py took 0.049 seconds
[2025-10-07T22:13:28.429+0000] {processor.py:161} INFO - Started process (PID=1660) to work on /home/airflow/.local/lib/python3.12/site-packages/airflow/example_dags/example_sla_dag.py
[2025-10-07T22:13:28.432+0000] {processor.py:830} INFO - Processing file /home/airflow/.local/lib/python3.12/site-packages/airflow/example_dags/example_sla_dag.py for tasks to queue
[2025-10-07T22:13:28.433+0000] {logging_mixin.py:188} INFO - [2025-10-07T22:13:28.432+0000] {dagbag.py:545} INFO - Filling up the DagBag from /home/airflow/.local/lib/python3.12/site-packages/airflow/example_dags/example_sla_dag.py
[2025-10-07T22:13:28.437+0000] {processor.py:840} INFO - DAG(s) 'example_sla_dag' retrieved from /home/airflow/.local/lib/python3.12/site-packages/airflow/example_dags/example_sla_dag.py
[2025-10-07T22:13:28.447+0000] {logging_mixin.py:188} INFO - [2025-10-07T22:13:28.447+0000] {dag.py:3096} INFO - Sync 1 DAGs
[2025-10-07T22:13:28.459+0000] {logging_mixin.py:188} INFO - [2025-10-07T22:13:28.458+0000] {dag.py:3954} INFO - Setting next_dagrun for example_sla_dag to 2025-10-07 22:10:00+00:00, run_after=2025-10-07 22:12:00+00:00
[2025-10-07T22:13:28.473+0000] {processor.py:183} INFO - Processing /home/airflow/.local/lib/python3.12/site-packages/airflow/example_dags/example_sla_dag.py took 0.046 seconds
[2025-10-07T22:13:58.587+0000] {processor.py:161} INFO - Started process (PID=1719) to work on /home/airflow/.local/lib/python3.12/site-packages/airflow/example_dags/example_sla_dag.py
[2025-10-07T22:13:58.589+0000] {processor.py:830} INFO - Processing file /home/airflow/.local/lib/python3.12/site-packages/airflow/example_dags/example_sla_dag.py for tasks to queue
[2025-10-07T22:13:58.590+0000] {logging_mixin.py:188} INFO - [2025-10-07T22:13:58.590+0000] {dagbag.py:545} INFO - Filling up the DagBag from /home/airflow/.local/lib/python3.12/site-packages/airflow/example_dags/example_sla_dag.py
[2025-10-07T22:13:58.595+0000] {processor.py:840} INFO - DAG(s) 'example_sla_dag' retrieved from /home/airflow/.local/lib/python3.12/site-packages/airflow/example_dags/example_sla_dag.py
[2025-10-07T22:13:58.606+0000] {logging_mixin.py:188} INFO - [2025-10-07T22:13:58.606+0000] {dag.py:3096} INFO - Sync 1 DAGs
[2025-10-07T22:13:58.617+0000] {logging_mixin.py:188} INFO - [2025-10-07T22:13:58.617+0000] {dag.py:3954} INFO - Setting next_dagrun for example_sla_dag to 2025-10-07 22:10:00+00:00, run_after=2025-10-07 22:12:00+00:00
[2025-10-07T22:13:58.626+0000] {processor.py:183} INFO - Processing /home/airflow/.local/lib/python3.12/site-packages/airflow/example_dags/example_sla_dag.py took 0.041 seconds
[2025-10-07T22:14:28.991+0000] {processor.py:161} INFO - Started process (PID=1778) to work on /home/airflow/.local/lib/python3.12/site-packages/airflow/example_dags/example_sla_dag.py
[2025-10-07T22:14:28.993+0000] {processor.py:830} INFO - Processing file /home/airflow/.local/lib/python3.12/site-packages/airflow/example_dags/example_sla_dag.py for tasks to queue
[2025-10-07T22:14:28.994+0000] {logging_mixin.py:188} INFO - [2025-10-07T22:14:28.994+0000] {dagbag.py:545} INFO - Filling up the DagBag from /home/airflow/.local/lib/python3.12/site-packages/airflow/example_dags/example_sla_dag.py
[2025-10-07T22:14:28.998+0000] {processor.py:840} INFO - DAG(s) 'example_sla_dag' retrieved from /home/airflow/.local/lib/python3.12/site-packages/airflow/example_dags/example_sla_dag.py
[2025-10-07T22:14:29.008+0000] {logging_mixin.py:188} INFO - [2025-10-07T22:14:29.008+0000] {dag.py:3096} INFO - Sync 1 DAGs
[2025-10-07T22:14:29.019+0000] {logging_mixin.py:188} INFO - [2025-10-07T22:14:29.019+0000] {dag.py:3954} INFO - Setting next_dagrun for example_sla_dag to 2025-10-07 22:12:00+00:00, run_after=2025-10-07 22:14:00+00:00
[2025-10-07T22:14:29.028+0000] {processor.py:183} INFO - Processing /home/airflow/.local/lib/python3.12/site-packages/airflow/example_dags/example_sla_dag.py took 0.040 seconds
[2025-10-07T22:14:59.289+0000] {processor.py:161} INFO - Started process (PID=1837) to work on /home/airflow/.local/lib/python3.12/site-packages/airflow/example_dags/example_sla_dag.py
[2025-10-07T22:14:59.289+0000] {processor.py:830} INFO - Processing file /home/airflow/.local/lib/python3.12/site-packages/airflow/example_dags/example_sla_dag.py for tasks to queue
[2025-10-07T22:14:59.291+0000] {logging_mixin.py:188} INFO - [2025-10-07T22:14:59.291+0000] {dagbag.py:545} INFO - Filling up the DagBag from /home/airflow/.local/lib/python3.12/site-packages/airflow/example_dags/example_sla_dag.py
[2025-10-07T22:14:59.297+0000] {processor.py:840} INFO - DAG(s) 'example_sla_dag' retrieved from /home/airflow/.local/lib/python3.12/site-packages/airflow/example_dags/example_sla_dag.py
[2025-10-07T22:14:59.311+0000] {logging_mixin.py:188} INFO - [2025-10-07T22:14:59.311+0000] {dag.py:3096} INFO - Sync 1 DAGs
[2025-10-07T22:14:59.328+0000] {logging_mixin.py:188} INFO - [2025-10-07T22:14:59.328+0000] {dag.py:3954} INFO - Setting next_dagrun for example_sla_dag to 2025-10-07 22:12:00+00:00, run_after=2025-10-07 22:14:00+00:00
[2025-10-07T22:14:59.338+0000] {processor.py:183} INFO - Processing /home/airflow/.local/lib/python3.12/site-packages/airflow/example_dags/example_sla_dag.py took 0.053 seconds
[2025-10-07T22:15:30.329+0000] {processor.py:161} INFO - Started process (PID=1896) to work on /home/airflow/.local/lib/python3.12/site-packages/airflow/example_dags/example_sla_dag.py
[2025-10-07T22:15:30.329+0000] {processor.py:830} INFO - Processing file /home/airflow/.local/lib/python3.12/site-packages/airflow/example_dags/example_sla_dag.py for tasks to queue
[2025-10-07T22:15:30.331+0000] {logging_mixin.py:188} INFO - [2025-10-07T22:15:30.330+0000] {dagbag.py:545} INFO - Filling up the DagBag from /home/airflow/.local/lib/python3.12/site-packages/airflow/example_dags/example_sla_dag.py
[2025-10-07T22:15:30.336+0000] {processor.py:840} INFO - DAG(s) 'example_sla_dag' retrieved from /home/airflow/.local/lib/python3.12/site-packages/airflow/example_dags/example_sla_dag.py
[2025-10-07T22:15:30.349+0000] {logging_mixin.py:188} INFO - [2025-10-07T22:15:30.349+0000] {dag.py:3096} INFO - Sync 1 DAGs
[2025-10-07T22:15:30.362+0000] {logging_mixin.py:188} INFO - [2025-10-07T22:15:30.362+0000] {dag.py:3954} INFO - Setting next_dagrun for example_sla_dag to 2025-10-07 22:12:00+00:00, run_after=2025-10-07 22:14:00+00:00
[2025-10-07T22:15:30.486+0000] {processor.py:183} INFO - Processing /home/airflow/.local/lib/python3.12/site-packages/airflow/example_dags/example_sla_dag.py took 0.161 seconds
[2025-10-07T22:16:01.108+0000] {processor.py:161} INFO - Started process (PID=1955) to work on /home/airflow/.local/lib/python3.12/site-packages/airflow/example_dags/example_sla_dag.py
[2025-10-07T22:16:01.109+0000] {processor.py:830} INFO - Processing file /home/airflow/.local/lib/python3.12/site-packages/airflow/example_dags/example_sla_dag.py for tasks to queue
[2025-10-07T22:16:01.110+0000] {logging_mixin.py:188} INFO - [2025-10-07T22:16:01.110+0000] {dagbag.py:545} INFO - Filling up the DagBag from /home/airflow/.local/lib/python3.12/site-packages/airflow/example_dags/example_sla_dag.py
[2025-10-07T22:16:01.115+0000] {processor.py:840} INFO - DAG(s) 'example_sla_dag' retrieved from /home/airflow/.local/lib/python3.12/site-packages/airflow/example_dags/example_sla_dag.py
[2025-10-07T22:16:01.127+0000] {logging_mixin.py:188} INFO - [2025-10-07T22:16:01.127+0000] {dag.py:3096} INFO - Sync 1 DAGs
[2025-10-07T22:16:01.143+0000] {logging_mixin.py:188} INFO - [2025-10-07T22:16:01.143+0000] {dag.py:3954} INFO - Setting next_dagrun for example_sla_dag to 2025-10-07 22:14:00+00:00, run_after=2025-10-07 22:16:00+00:00
[2025-10-07T22:16:01.245+0000] {processor.py:183} INFO - Processing /home/airflow/.local/lib/python3.12/site-packages/airflow/example_dags/example_sla_dag.py took 0.140 seconds
[2025-10-07T22:16:32.101+0000] {processor.py:161} INFO - Started process (PID=2014) to work on /home/airflow/.local/lib/python3.12/site-packages/airflow/example_dags/example_sla_dag.py
[2025-10-07T22:16:32.101+0000] {processor.py:830} INFO - Processing file /home/airflow/.local/lib/python3.12/site-packages/airflow/example_dags/example_sla_dag.py for tasks to queue
[2025-10-07T22:16:32.105+0000] {logging_mixin.py:188} INFO - [2025-10-07T22:16:32.104+0000] {dagbag.py:545} INFO - Filling up the DagBag from /home/airflow/.local/lib/python3.12/site-packages/airflow/example_dags/example_sla_dag.py
[2025-10-07T22:16:32.110+0000] {processor.py:840} INFO - DAG(s) 'example_sla_dag' retrieved from /home/airflow/.local/lib/python3.12/site-packages/airflow/example_dags/example_sla_dag.py
[2025-10-07T22:16:32.124+0000] {logging_mixin.py:188} INFO - [2025-10-07T22:16:32.124+0000] {dag.py:3096} INFO - Sync 1 DAGs
[2025-10-07T22:16:32.136+0000] {logging_mixin.py:188} INFO - [2025-10-07T22:16:32.136+0000] {dag.py:3954} INFO - Setting next_dagrun for example_sla_dag to 2025-10-07 22:14:00+00:00, run_after=2025-10-07 22:16:00+00:00
[2025-10-07T22:16:32.146+0000] {processor.py:183} INFO - Processing /home/airflow/.local/lib/python3.12/site-packages/airflow/example_dags/example_sla_dag.py took 0.048 seconds
[2025-10-07T22:17:02.822+0000] {processor.py:161} INFO - Started process (PID=2073) to work on /home/airflow/.local/lib/python3.12/site-packages/airflow/example_dags/example_sla_dag.py
[2025-10-07T22:17:02.823+0000] {processor.py:830} INFO - Processing file /home/airflow/.local/lib/python3.12/site-packages/airflow/example_dags/example_sla_dag.py for tasks to queue
[2025-10-07T22:17:02.824+0000] {logging_mixin.py:188} INFO - [2025-10-07T22:17:02.824+0000] {dagbag.py:545} INFO - Filling up the DagBag from /home/airflow/.local/lib/python3.12/site-packages/airflow/example_dags/example_sla_dag.py
[2025-10-07T22:17:02.829+0000] {processor.py:840} INFO - DAG(s) 'example_sla_dag' retrieved from /home/airflow/.local/lib/python3.12/site-packages/airflow/example_dags/example_sla_dag.py
[2025-10-07T22:17:02.841+0000] {logging_mixin.py:188} INFO - [2025-10-07T22:17:02.840+0000] {dag.py:3096} INFO - Sync 1 DAGs
[2025-10-07T22:17:02.852+0000] {logging_mixin.py:188} INFO - [2025-10-07T22:17:02.852+0000] {dag.py:3954} INFO - Setting next_dagrun for example_sla_dag to 2025-10-07 22:14:00+00:00, run_after=2025-10-07 22:16:00+00:00
[2025-10-07T22:17:02.862+0000] {processor.py:183} INFO - Processing /home/airflow/.local/lib/python3.12/site-packages/airflow/example_dags/example_sla_dag.py took 0.043 seconds
[2025-10-07T22:17:32.896+0000] {processor.py:161} INFO - Started process (PID=2131) to work on /home/airflow/.local/lib/python3.12/site-packages/airflow/example_dags/example_sla_dag.py
[2025-10-07T22:17:32.896+0000] {processor.py:830} INFO - Processing file /home/airflow/.local/lib/python3.12/site-packages/airflow/example_dags/example_sla_dag.py for tasks to queue
[2025-10-07T22:17:32.897+0000] {logging_mixin.py:188} INFO - [2025-10-07T22:17:32.897+0000] {dagbag.py:545} INFO - Filling up the DagBag from /home/airflow/.local/lib/python3.12/site-packages/airflow/example_dags/example_sla_dag.py
[2025-10-07T22:17:32.902+0000] {processor.py:840} INFO - DAG(s) 'example_sla_dag' retrieved from /home/airflow/.local/lib/python3.12/site-packages/airflow/example_dags/example_sla_dag.py
[2025-10-07T22:17:32.911+0000] {logging_mixin.py:188} INFO - [2025-10-07T22:17:32.911+0000] {dag.py:3096} INFO - Sync 1 DAGs
[2025-10-07T22:17:32.921+0000] {logging_mixin.py:188} INFO - [2025-10-07T22:17:32.921+0000] {dag.py:3954} INFO - Setting next_dagrun for example_sla_dag to 2025-10-07 22:14:00+00:00, run_after=2025-10-07 22:16:00+00:00
[2025-10-07T22:17:32.928+0000] {processor.py:183} INFO - Processing /home/airflow/.local/lib/python3.12/site-packages/airflow/example_dags/example_sla_dag.py took 0.035 seconds
[2025-10-07T22:18:02.974+0000] {processor.py:161} INFO - Started process (PID=2190) to work on /home/airflow/.local/lib/python3.12/site-packages/airflow/example_dags/example_sla_dag.py
[2025-10-07T22:18:02.974+0000] {processor.py:830} INFO - Processing file /home/airflow/.local/lib/python3.12/site-packages/airflow/example_dags/example_sla_dag.py for tasks to queue
[2025-10-07T22:18:02.975+0000] {logging_mixin.py:188} INFO - [2025-10-07T22:18:02.975+0000] {dagbag.py:545} INFO - Filling up the DagBag from /home/airflow/.local/lib/python3.12/site-packages/airflow/example_dags/example_sla_dag.py
[2025-10-07T22:18:02.980+0000] {processor.py:840} INFO - DAG(s) 'example_sla_dag' retrieved from /home/airflow/.local/lib/python3.12/site-packages/airflow/example_dags/example_sla_dag.py
[2025-10-07T22:18:02.992+0000] {logging_mixin.py:188} INFO - [2025-10-07T22:18:02.991+0000] {dag.py:3096} INFO - Sync 1 DAGs
[2025-10-07T22:18:03.004+0000] {logging_mixin.py:188} INFO - [2025-10-07T22:18:03.004+0000] {dag.py:3954} INFO - Setting next_dagrun for example_sla_dag to 2025-10-07 22:16:00+00:00, run_after=2025-10-07 22:18:00+00:00
[2025-10-07T22:18:03.012+0000] {processor.py:183} INFO - Processing /home/airflow/.local/lib/python3.12/site-packages/airflow/example_dags/example_sla_dag.py took 0.041 seconds
[2025-10-07T22:18:33.099+0000] {processor.py:161} INFO - Started process (PID=2249) to work on /home/airflow/.local/lib/python3.12/site-packages/airflow/example_dags/example_sla_dag.py
[2025-10-07T22:18:33.101+0000] {processor.py:830} INFO - Processing file /home/airflow/.local/lib/python3.12/site-packages/airflow/example_dags/example_sla_dag.py for tasks to queue
[2025-10-07T22:18:33.104+0000] {logging_mixin.py:188} INFO - [2025-10-07T22:18:33.103+0000] {dagbag.py:545} INFO - Filling up the DagBag from /home/airflow/.local/lib/python3.12/site-packages/airflow/example_dags/example_sla_dag.py
[2025-10-07T22:18:33.112+0000] {processor.py:840} INFO - DAG(s) 'example_sla_dag' retrieved from /home/airflow/.local/lib/python3.12/site-packages/airflow/example_dags/example_sla_dag.py
[2025-10-07T22:18:33.127+0000] {logging_mixin.py:188} INFO - [2025-10-07T22:18:33.127+0000] {dag.py:3096} INFO - Sync 1 DAGs
[2025-10-07T22:18:33.140+0000] {logging_mixin.py:188} INFO - [2025-10-07T22:18:33.140+0000] {dag.py:3954} INFO - Setting next_dagrun for example_sla_dag to 2025-10-07 22:16:00+00:00, run_after=2025-10-07 22:18:00+00:00
[2025-10-07T22:18:33.151+0000] {processor.py:183} INFO - Processing /home/airflow/.local/lib/python3.12/site-packages/airflow/example_dags/example_sla_dag.py took 0.057 seconds
[2025-10-07T22:19:16.607+0000] {processor.py:161} INFO - Started process (PID=61) to work on /home/airflow/.local/lib/python3.12/site-packages/airflow/example_dags/example_sla_dag.py
[2025-10-07T22:19:16.611+0000] {processor.py:830} INFO - Processing file /home/airflow/.local/lib/python3.12/site-packages/airflow/example_dags/example_sla_dag.py for tasks to queue
[2025-10-07T22:19:16.612+0000] {logging_mixin.py:188} INFO - [2025-10-07T22:19:16.612+0000] {dagbag.py:545} INFO - Filling up the DagBag from /home/airflow/.local/lib/python3.12/site-packages/airflow/example_dags/example_sla_dag.py
[2025-10-07T22:19:16.632+0000] {processor.py:840} INFO - DAG(s) 'example_sla_dag' retrieved from /home/airflow/.local/lib/python3.12/site-packages/airflow/example_dags/example_sla_dag.py
[2025-10-07T22:19:16.647+0000] {logging_mixin.py:188} INFO - [2025-10-07T22:19:16.646+0000] {dag.py:3096} INFO - Sync 1 DAGs
[2025-10-07T22:19:16.665+0000] {logging_mixin.py:188} INFO - [2025-10-07T22:19:16.665+0000] {dag.py:3954} INFO - Setting next_dagrun for example_sla_dag to 2025-10-07 22:16:00+00:00, run_after=2025-10-07 22:18:00+00:00
[2025-10-07T22:19:16.687+0000] {processor.py:183} INFO - Processing /home/airflow/.local/lib/python3.12/site-packages/airflow/example_dags/example_sla_dag.py took 0.084 seconds
[2025-10-07T22:19:47.576+0000] {processor.py:161} INFO - Started process (PID=120) to work on /home/airflow/.local/lib/python3.12/site-packages/airflow/example_dags/example_sla_dag.py
[2025-10-07T22:19:47.577+0000] {processor.py:830} INFO - Processing file /home/airflow/.local/lib/python3.12/site-packages/airflow/example_dags/example_sla_dag.py for tasks to queue
[2025-10-07T22:19:47.578+0000] {logging_mixin.py:188} INFO - [2025-10-07T22:19:47.578+0000] {dagbag.py:545} INFO - Filling up the DagBag from /home/airflow/.local/lib/python3.12/site-packages/airflow/example_dags/example_sla_dag.py
[2025-10-07T22:19:47.582+0000] {processor.py:840} INFO - DAG(s) 'example_sla_dag' retrieved from /home/airflow/.local/lib/python3.12/site-packages/airflow/example_dags/example_sla_dag.py
[2025-10-07T22:19:47.629+0000] {logging_mixin.py:188} INFO - [2025-10-07T22:19:47.629+0000] {dag.py:3096} INFO - Sync 1 DAGs
[2025-10-07T22:19:47.644+0000] {logging_mixin.py:188} INFO - [2025-10-07T22:19:47.644+0000] {dag.py:3954} INFO - Setting next_dagrun for example_sla_dag to 2025-10-07 22:16:00+00:00, run_after=2025-10-07 22:18:00+00:00
[2025-10-07T22:19:47.659+0000] {processor.py:183} INFO - Processing /home/airflow/.local/lib/python3.12/site-packages/airflow/example_dags/example_sla_dag.py took 0.087 seconds
[2025-10-07T22:20:18.354+0000] {processor.py:161} INFO - Started process (PID=179) to work on /home/airflow/.local/lib/python3.12/site-packages/airflow/example_dags/example_sla_dag.py
[2025-10-07T22:20:18.355+0000] {processor.py:830} INFO - Processing file /home/airflow/.local/lib/python3.12/site-packages/airflow/example_dags/example_sla_dag.py for tasks to queue
[2025-10-07T22:20:18.356+0000] {logging_mixin.py:188} INFO - [2025-10-07T22:20:18.356+0000] {dagbag.py:545} INFO - Filling up the DagBag from /home/airflow/.local/lib/python3.12/site-packages/airflow/example_dags/example_sla_dag.py
[2025-10-07T22:20:18.361+0000] {processor.py:840} INFO - DAG(s) 'example_sla_dag' retrieved from /home/airflow/.local/lib/python3.12/site-packages/airflow/example_dags/example_sla_dag.py
[2025-10-07T22:20:18.378+0000] {logging_mixin.py:188} INFO - [2025-10-07T22:20:18.377+0000] {dag.py:3096} INFO - Sync 1 DAGs
[2025-10-07T22:20:18.393+0000] {logging_mixin.py:188} INFO - [2025-10-07T22:20:18.393+0000] {dag.py:3954} INFO - Setting next_dagrun for example_sla_dag to 2025-10-07 22:18:00+00:00, run_after=2025-10-07 22:20:00+00:00
[2025-10-07T22:20:18.410+0000] {processor.py:183} INFO - Processing /home/airflow/.local/lib/python3.12/site-packages/airflow/example_dags/example_sla_dag.py took 0.059 seconds
[2025-10-07T22:20:48.797+0000] {processor.py:161} INFO - Started process (PID=244) to work on /home/airflow/.local/lib/python3.12/site-packages/airflow/example_dags/example_sla_dag.py
[2025-10-07T22:20:48.798+0000] {processor.py:830} INFO - Processing file /home/airflow/.local/lib/python3.12/site-packages/airflow/example_dags/example_sla_dag.py for tasks to queue
[2025-10-07T22:20:48.799+0000] {logging_mixin.py:188} INFO - [2025-10-07T22:20:48.799+0000] {dagbag.py:545} INFO - Filling up the DagBag from /home/airflow/.local/lib/python3.12/site-packages/airflow/example_dags/example_sla_dag.py
[2025-10-07T22:20:48.804+0000] {processor.py:840} INFO - DAG(s) 'example_sla_dag' retrieved from /home/airflow/.local/lib/python3.12/site-packages/airflow/example_dags/example_sla_dag.py
[2025-10-07T22:20:48.824+0000] {logging_mixin.py:188} INFO - [2025-10-07T22:20:48.823+0000] {dag.py:3096} INFO - Sync 1 DAGs
[2025-10-07T22:20:48.841+0000] {logging_mixin.py:188} INFO - [2025-10-07T22:20:48.841+0000] {dag.py:3954} INFO - Setting next_dagrun for example_sla_dag to 2025-10-07 22:18:00+00:00, run_after=2025-10-07 22:20:00+00:00
[2025-10-07T22:20:48.855+0000] {processor.py:183} INFO - Processing /home/airflow/.local/lib/python3.12/site-packages/airflow/example_dags/example_sla_dag.py took 0.061 seconds
[2025-10-07T22:21:18.880+0000] {processor.py:161} INFO - Started process (PID=303) to work on /home/airflow/.local/lib/python3.12/site-packages/airflow/example_dags/example_sla_dag.py
[2025-10-07T22:21:18.881+0000] {processor.py:830} INFO - Processing file /home/airflow/.local/lib/python3.12/site-packages/airflow/example_dags/example_sla_dag.py for tasks to queue
[2025-10-07T22:21:18.882+0000] {logging_mixin.py:188} INFO - [2025-10-07T22:21:18.882+0000] {dagbag.py:545} INFO - Filling up the DagBag from /home/airflow/.local/lib/python3.12/site-packages/airflow/example_dags/example_sla_dag.py
[2025-10-07T22:21:18.887+0000] {processor.py:840} INFO - DAG(s) 'example_sla_dag' retrieved from /home/airflow/.local/lib/python3.12/site-packages/airflow/example_dags/example_sla_dag.py
[2025-10-07T22:21:18.898+0000] {logging_mixin.py:188} INFO - [2025-10-07T22:21:18.897+0000] {dag.py:3096} INFO - Sync 1 DAGs
[2025-10-07T22:21:18.911+0000] {logging_mixin.py:188} INFO - [2025-10-07T22:21:18.911+0000] {dag.py:3954} INFO - Setting next_dagrun for example_sla_dag to 2025-10-07 22:18:00+00:00, run_after=2025-10-07 22:20:00+00:00
[2025-10-07T22:21:18.923+0000] {processor.py:183} INFO - Processing /home/airflow/.local/lib/python3.12/site-packages/airflow/example_dags/example_sla_dag.py took 0.045 seconds
[2025-10-07T22:21:49.420+0000] {processor.py:161} INFO - Started process (PID=362) to work on /home/airflow/.local/lib/python3.12/site-packages/airflow/example_dags/example_sla_dag.py
[2025-10-07T22:21:49.424+0000] {processor.py:830} INFO - Processing file /home/airflow/.local/lib/python3.12/site-packages/airflow/example_dags/example_sla_dag.py for tasks to queue
[2025-10-07T22:21:49.425+0000] {logging_mixin.py:188} INFO - [2025-10-07T22:21:49.425+0000] {dagbag.py:545} INFO - Filling up the DagBag from /home/airflow/.local/lib/python3.12/site-packages/airflow/example_dags/example_sla_dag.py
[2025-10-07T22:21:49.430+0000] {processor.py:840} INFO - DAG(s) 'example_sla_dag' retrieved from /home/airflow/.local/lib/python3.12/site-packages/airflow/example_dags/example_sla_dag.py
[2025-10-07T22:21:49.441+0000] {logging_mixin.py:188} INFO - [2025-10-07T22:21:49.441+0000] {dag.py:3096} INFO - Sync 1 DAGs
[2025-10-07T22:21:49.454+0000] {logging_mixin.py:188} INFO - [2025-10-07T22:21:49.454+0000] {dag.py:3954} INFO - Setting next_dagrun for example_sla_dag to 2025-10-07 22:18:00+00:00, run_after=2025-10-07 22:20:00+00:00
[2025-10-07T22:21:49.463+0000] {processor.py:183} INFO - Processing /home/airflow/.local/lib/python3.12/site-packages/airflow/example_dags/example_sla_dag.py took 0.046 seconds
