[2025-10-07T21:54:26.280+0000] {processor.py:161} INFO - Started process (PID=89) to work on /home/airflow/.local/lib/python3.12/site-packages/airflow/example_dags/example_bash_decorator.py
[2025-10-07T21:54:26.281+0000] {processor.py:830} INFO - Processing file /home/airflow/.local/lib/python3.12/site-packages/airflow/example_dags/example_bash_decorator.py for tasks to queue
[2025-10-07T21:54:26.282+0000] {logging_mixin.py:188} INFO - [2025-10-07T21:54:26.282+0000] {dagbag.py:545} INFO - Filling up the DagBag from /home/airflow/.local/lib/python3.12/site-packages/airflow/example_dags/example_bash_decorator.py
[2025-10-07T21:54:26.293+0000] {processor.py:840} INFO - DAG(s) 'example_bash_decorator' retrieved from /home/airflow/.local/lib/python3.12/site-packages/airflow/example_dags/example_bash_decorator.py
[2025-10-07T21:54:26.305+0000] {logging_mixin.py:188} INFO - [2025-10-07T21:54:26.305+0000] {dag.py:3096} INFO - Sync 1 DAGs
[2025-10-07T21:54:26.312+0000] {logging_mixin.py:188} INFO - [2025-10-07T21:54:26.312+0000] {dag.py:3954} INFO - Setting next_dagrun for example_bash_decorator to None, run_after=None
[2025-10-07T21:54:26.321+0000] {processor.py:183} INFO - Processing /home/airflow/.local/lib/python3.12/site-packages/airflow/example_dags/example_bash_decorator.py took 0.046 seconds
[2025-10-07T21:54:57.456+0000] {processor.py:161} INFO - Started process (PID=148) to work on /home/airflow/.local/lib/python3.12/site-packages/airflow/example_dags/example_bash_decorator.py
[2025-10-07T21:54:57.457+0000] {processor.py:830} INFO - Processing file /home/airflow/.local/lib/python3.12/site-packages/airflow/example_dags/example_bash_decorator.py for tasks to queue
[2025-10-07T21:54:57.458+0000] {logging_mixin.py:188} INFO - [2025-10-07T21:54:57.458+0000] {dagbag.py:545} INFO - Filling up the DagBag from /home/airflow/.local/lib/python3.12/site-packages/airflow/example_dags/example_bash_decorator.py
[2025-10-07T21:54:57.467+0000] {processor.py:840} INFO - DAG(s) 'example_bash_decorator' retrieved from /home/airflow/.local/lib/python3.12/site-packages/airflow/example_dags/example_bash_decorator.py
[2025-10-07T21:54:57.527+0000] {logging_mixin.py:188} INFO - [2025-10-07T21:54:57.527+0000] {dag.py:3096} INFO - Sync 1 DAGs
[2025-10-07T21:54:57.533+0000] {logging_mixin.py:188} INFO - [2025-10-07T21:54:57.533+0000] {dag.py:3954} INFO - Setting next_dagrun for example_bash_decorator to None, run_after=None
[2025-10-07T21:54:57.549+0000] {processor.py:183} INFO - Processing /home/airflow/.local/lib/python3.12/site-packages/airflow/example_dags/example_bash_decorator.py took 0.096 seconds
[2025-10-07T21:55:28.345+0000] {processor.py:161} INFO - Started process (PID=207) to work on /home/airflow/.local/lib/python3.12/site-packages/airflow/example_dags/example_bash_decorator.py
[2025-10-07T21:55:28.346+0000] {processor.py:830} INFO - Processing file /home/airflow/.local/lib/python3.12/site-packages/airflow/example_dags/example_bash_decorator.py for tasks to queue
[2025-10-07T21:55:28.346+0000] {logging_mixin.py:188} INFO - [2025-10-07T21:55:28.346+0000] {dagbag.py:545} INFO - Filling up the DagBag from /home/airflow/.local/lib/python3.12/site-packages/airflow/example_dags/example_bash_decorator.py
[2025-10-07T21:55:28.353+0000] {processor.py:840} INFO - DAG(s) 'example_bash_decorator' retrieved from /home/airflow/.local/lib/python3.12/site-packages/airflow/example_dags/example_bash_decorator.py
[2025-10-07T21:55:28.365+0000] {logging_mixin.py:188} INFO - [2025-10-07T21:55:28.365+0000] {dag.py:3096} INFO - Sync 1 DAGs
[2025-10-07T21:55:28.371+0000] {logging_mixin.py:188} INFO - [2025-10-07T21:55:28.370+0000] {dag.py:3954} INFO - Setting next_dagrun for example_bash_decorator to None, run_after=None
[2025-10-07T21:55:28.379+0000] {processor.py:183} INFO - Processing /home/airflow/.local/lib/python3.12/site-packages/airflow/example_dags/example_bash_decorator.py took 0.037 seconds
[2025-10-07T21:55:58.530+0000] {processor.py:161} INFO - Started process (PID=266) to work on /home/airflow/.local/lib/python3.12/site-packages/airflow/example_dags/example_bash_decorator.py
[2025-10-07T21:55:58.531+0000] {processor.py:830} INFO - Processing file /home/airflow/.local/lib/python3.12/site-packages/airflow/example_dags/example_bash_decorator.py for tasks to queue
[2025-10-07T21:55:58.532+0000] {logging_mixin.py:188} INFO - [2025-10-07T21:55:58.532+0000] {dagbag.py:545} INFO - Filling up the DagBag from /home/airflow/.local/lib/python3.12/site-packages/airflow/example_dags/example_bash_decorator.py
[2025-10-07T21:55:58.538+0000] {processor.py:840} INFO - DAG(s) 'example_bash_decorator' retrieved from /home/airflow/.local/lib/python3.12/site-packages/airflow/example_dags/example_bash_decorator.py
[2025-10-07T21:55:58.549+0000] {logging_mixin.py:188} INFO - [2025-10-07T21:55:58.549+0000] {dag.py:3096} INFO - Sync 1 DAGs
[2025-10-07T21:55:58.555+0000] {logging_mixin.py:188} INFO - [2025-10-07T21:55:58.554+0000] {dag.py:3954} INFO - Setting next_dagrun for example_bash_decorator to None, run_after=None
[2025-10-07T21:55:58.562+0000] {processor.py:183} INFO - Processing /home/airflow/.local/lib/python3.12/site-packages/airflow/example_dags/example_bash_decorator.py took 0.035 seconds
[2025-10-07T21:56:28.673+0000] {processor.py:161} INFO - Started process (PID=325) to work on /home/airflow/.local/lib/python3.12/site-packages/airflow/example_dags/example_bash_decorator.py
[2025-10-07T21:56:28.674+0000] {processor.py:830} INFO - Processing file /home/airflow/.local/lib/python3.12/site-packages/airflow/example_dags/example_bash_decorator.py for tasks to queue
[2025-10-07T21:56:28.675+0000] {logging_mixin.py:188} INFO - [2025-10-07T21:56:28.675+0000] {dagbag.py:545} INFO - Filling up the DagBag from /home/airflow/.local/lib/python3.12/site-packages/airflow/example_dags/example_bash_decorator.py
[2025-10-07T21:56:28.682+0000] {processor.py:840} INFO - DAG(s) 'example_bash_decorator' retrieved from /home/airflow/.local/lib/python3.12/site-packages/airflow/example_dags/example_bash_decorator.py
[2025-10-07T21:56:28.694+0000] {logging_mixin.py:188} INFO - [2025-10-07T21:56:28.694+0000] {dag.py:3096} INFO - Sync 1 DAGs
[2025-10-07T21:56:28.700+0000] {logging_mixin.py:188} INFO - [2025-10-07T21:56:28.700+0000] {dag.py:3954} INFO - Setting next_dagrun for example_bash_decorator to None, run_after=None
[2025-10-07T21:56:28.711+0000] {processor.py:183} INFO - Processing /home/airflow/.local/lib/python3.12/site-packages/airflow/example_dags/example_bash_decorator.py took 0.041 seconds
[2025-10-07T21:56:59.626+0000] {processor.py:161} INFO - Started process (PID=390) to work on /home/airflow/.local/lib/python3.12/site-packages/airflow/example_dags/example_bash_decorator.py
[2025-10-07T21:56:59.628+0000] {processor.py:830} INFO - Processing file /home/airflow/.local/lib/python3.12/site-packages/airflow/example_dags/example_bash_decorator.py for tasks to queue
[2025-10-07T21:56:59.629+0000] {logging_mixin.py:188} INFO - [2025-10-07T21:56:59.629+0000] {dagbag.py:545} INFO - Filling up the DagBag from /home/airflow/.local/lib/python3.12/site-packages/airflow/example_dags/example_bash_decorator.py
[2025-10-07T21:56:59.636+0000] {processor.py:840} INFO - DAG(s) 'example_bash_decorator' retrieved from /home/airflow/.local/lib/python3.12/site-packages/airflow/example_dags/example_bash_decorator.py
[2025-10-07T21:56:59.652+0000] {logging_mixin.py:188} INFO - [2025-10-07T21:56:59.652+0000] {dag.py:3096} INFO - Sync 1 DAGs
[2025-10-07T21:56:59.659+0000] {logging_mixin.py:188} INFO - [2025-10-07T21:56:59.659+0000] {dag.py:3954} INFO - Setting next_dagrun for example_bash_decorator to None, run_after=None
[2025-10-07T21:56:59.672+0000] {processor.py:183} INFO - Processing /home/airflow/.local/lib/python3.12/site-packages/airflow/example_dags/example_bash_decorator.py took 0.049 seconds
[2025-10-07T21:57:30.908+0000] {processor.py:161} INFO - Started process (PID=449) to work on /home/airflow/.local/lib/python3.12/site-packages/airflow/example_dags/example_bash_decorator.py
[2025-10-07T21:57:30.912+0000] {processor.py:830} INFO - Processing file /home/airflow/.local/lib/python3.12/site-packages/airflow/example_dags/example_bash_decorator.py for tasks to queue
[2025-10-07T21:57:30.915+0000] {logging_mixin.py:188} INFO - [2025-10-07T21:57:30.915+0000] {dagbag.py:545} INFO - Filling up the DagBag from /home/airflow/.local/lib/python3.12/site-packages/airflow/example_dags/example_bash_decorator.py
[2025-10-07T21:57:30.937+0000] {processor.py:840} INFO - DAG(s) 'example_bash_decorator' retrieved from /home/airflow/.local/lib/python3.12/site-packages/airflow/example_dags/example_bash_decorator.py
[2025-10-07T21:57:30.972+0000] {logging_mixin.py:188} INFO - [2025-10-07T21:57:30.971+0000] {dag.py:3096} INFO - Sync 1 DAGs
[2025-10-07T21:57:30.990+0000] {logging_mixin.py:188} INFO - [2025-10-07T21:57:30.990+0000] {dag.py:3954} INFO - Setting next_dagrun for example_bash_decorator to None, run_after=None
[2025-10-07T21:57:31.021+0000] {processor.py:183} INFO - Processing /home/airflow/.local/lib/python3.12/site-packages/airflow/example_dags/example_bash_decorator.py took 0.123 seconds
[2025-10-07T21:58:29.732+0000] {processor.py:161} INFO - Started process (PID=502) to work on /home/airflow/.local/lib/python3.12/site-packages/airflow/example_dags/example_bash_decorator.py
[2025-10-07T21:58:29.737+0000] {processor.py:830} INFO - Processing file /home/airflow/.local/lib/python3.12/site-packages/airflow/example_dags/example_bash_decorator.py for tasks to queue
[2025-10-07T21:58:29.742+0000] {logging_mixin.py:188} INFO - [2025-10-07T21:58:29.741+0000] {dagbag.py:545} INFO - Filling up the DagBag from /home/airflow/.local/lib/python3.12/site-packages/airflow/example_dags/example_bash_decorator.py
[2025-10-07T21:58:29.795+0000] {processor.py:840} INFO - DAG(s) 'example_bash_decorator' retrieved from /home/airflow/.local/lib/python3.12/site-packages/airflow/example_dags/example_bash_decorator.py
[2025-10-07T21:58:29.973+0000] {logging_mixin.py:188} INFO - [2025-10-07T21:58:29.973+0000] {dag.py:3096} INFO - Sync 1 DAGs
[2025-10-07T21:58:30.022+0000] {logging_mixin.py:188} INFO - [2025-10-07T21:58:30.022+0000] {dag.py:3954} INFO - Setting next_dagrun for example_bash_decorator to None, run_after=None
[2025-10-07T21:58:30.375+0000] {processor.py:183} INFO - Processing /home/airflow/.local/lib/python3.12/site-packages/airflow/example_dags/example_bash_decorator.py took 0.709 seconds
[2025-10-07T21:59:35.464+0000] {processor.py:161} INFO - Started process (PID=561) to work on /home/airflow/.local/lib/python3.12/site-packages/airflow/example_dags/example_bash_decorator.py
[2025-10-07T21:59:35.465+0000] {processor.py:830} INFO - Processing file /home/airflow/.local/lib/python3.12/site-packages/airflow/example_dags/example_bash_decorator.py for tasks to queue
[2025-10-07T21:59:35.468+0000] {logging_mixin.py:188} INFO - [2025-10-07T21:59:35.468+0000] {dagbag.py:545} INFO - Filling up the DagBag from /home/airflow/.local/lib/python3.12/site-packages/airflow/example_dags/example_bash_decorator.py
[2025-10-07T21:59:35.485+0000] {processor.py:840} INFO - DAG(s) 'example_bash_decorator' retrieved from /home/airflow/.local/lib/python3.12/site-packages/airflow/example_dags/example_bash_decorator.py
[2025-10-07T21:59:35.502+0000] {logging_mixin.py:188} INFO - [2025-10-07T21:59:35.502+0000] {dag.py:3096} INFO - Sync 1 DAGs
[2025-10-07T21:59:35.513+0000] {logging_mixin.py:188} INFO - [2025-10-07T21:59:35.512+0000] {dag.py:3954} INFO - Setting next_dagrun for example_bash_decorator to None, run_after=None
[2025-10-07T21:59:35.530+0000] {processor.py:183} INFO - Processing /home/airflow/.local/lib/python3.12/site-packages/airflow/example_dags/example_bash_decorator.py took 0.069 seconds
[2025-10-07T22:01:53.294+0000] {processor.py:161} INFO - Started process (PID=620) to work on /home/airflow/.local/lib/python3.12/site-packages/airflow/example_dags/example_bash_decorator.py
[2025-10-07T22:01:53.297+0000] {processor.py:830} INFO - Processing file /home/airflow/.local/lib/python3.12/site-packages/airflow/example_dags/example_bash_decorator.py for tasks to queue
[2025-10-07T22:01:53.299+0000] {logging_mixin.py:188} INFO - [2025-10-07T22:01:53.299+0000] {dagbag.py:545} INFO - Filling up the DagBag from /home/airflow/.local/lib/python3.12/site-packages/airflow/example_dags/example_bash_decorator.py
[2025-10-07T22:01:53.309+0000] {processor.py:840} INFO - DAG(s) 'example_bash_decorator' retrieved from /home/airflow/.local/lib/python3.12/site-packages/airflow/example_dags/example_bash_decorator.py
[2025-10-07T22:01:53.327+0000] {logging_mixin.py:188} INFO - [2025-10-07T22:01:53.327+0000] {dag.py:3096} INFO - Sync 1 DAGs
[2025-10-07T22:01:53.344+0000] {logging_mixin.py:188} INFO - [2025-10-07T22:01:53.344+0000] {dag.py:3954} INFO - Setting next_dagrun for example_bash_decorator to None, run_after=None
[2025-10-07T22:01:53.363+0000] {processor.py:183} INFO - Processing /home/airflow/.local/lib/python3.12/site-packages/airflow/example_dags/example_bash_decorator.py took 0.083 seconds
[2025-10-07T22:04:56.577+0000] {processor.py:161} INFO - Started process (PID=679) to work on /home/airflow/.local/lib/python3.12/site-packages/airflow/example_dags/example_bash_decorator.py
[2025-10-07T22:04:56.578+0000] {processor.py:830} INFO - Processing file /home/airflow/.local/lib/python3.12/site-packages/airflow/example_dags/example_bash_decorator.py for tasks to queue
[2025-10-07T22:04:56.579+0000] {logging_mixin.py:188} INFO - [2025-10-07T22:04:56.579+0000] {dagbag.py:545} INFO - Filling up the DagBag from /home/airflow/.local/lib/python3.12/site-packages/airflow/example_dags/example_bash_decorator.py
[2025-10-07T22:04:56.587+0000] {processor.py:840} INFO - DAG(s) 'example_bash_decorator' retrieved from /home/airflow/.local/lib/python3.12/site-packages/airflow/example_dags/example_bash_decorator.py
[2025-10-07T22:04:56.604+0000] {logging_mixin.py:188} INFO - [2025-10-07T22:04:56.604+0000] {dag.py:3096} INFO - Sync 1 DAGs
[2025-10-07T22:04:56.612+0000] {logging_mixin.py:188} INFO - [2025-10-07T22:04:56.612+0000] {dag.py:3954} INFO - Setting next_dagrun for example_bash_decorator to None, run_after=None
[2025-10-07T22:04:56.626+0000] {processor.py:183} INFO - Processing /home/airflow/.local/lib/python3.12/site-packages/airflow/example_dags/example_bash_decorator.py took 0.052 seconds
[2025-10-07T22:05:26.655+0000] {processor.py:161} INFO - Started process (PID=738) to work on /home/airflow/.local/lib/python3.12/site-packages/airflow/example_dags/example_bash_decorator.py
[2025-10-07T22:05:26.656+0000] {processor.py:830} INFO - Processing file /home/airflow/.local/lib/python3.12/site-packages/airflow/example_dags/example_bash_decorator.py for tasks to queue
[2025-10-07T22:05:26.658+0000] {logging_mixin.py:188} INFO - [2025-10-07T22:05:26.658+0000] {dagbag.py:545} INFO - Filling up the DagBag from /home/airflow/.local/lib/python3.12/site-packages/airflow/example_dags/example_bash_decorator.py
[2025-10-07T22:05:26.665+0000] {processor.py:840} INFO - DAG(s) 'example_bash_decorator' retrieved from /home/airflow/.local/lib/python3.12/site-packages/airflow/example_dags/example_bash_decorator.py
[2025-10-07T22:05:26.678+0000] {logging_mixin.py:188} INFO - [2025-10-07T22:05:26.678+0000] {dag.py:3096} INFO - Sync 1 DAGs
[2025-10-07T22:05:26.684+0000] {logging_mixin.py:188} INFO - [2025-10-07T22:05:26.684+0000] {dag.py:3954} INFO - Setting next_dagrun for example_bash_decorator to None, run_after=None
[2025-10-07T22:05:26.703+0000] {processor.py:183} INFO - Processing /home/airflow/.local/lib/python3.12/site-packages/airflow/example_dags/example_bash_decorator.py took 0.051 seconds
[2025-10-07T22:05:56.794+0000] {processor.py:161} INFO - Started process (PID=797) to work on /home/airflow/.local/lib/python3.12/site-packages/airflow/example_dags/example_bash_decorator.py
[2025-10-07T22:05:56.794+0000] {processor.py:830} INFO - Processing file /home/airflow/.local/lib/python3.12/site-packages/airflow/example_dags/example_bash_decorator.py for tasks to queue
[2025-10-07T22:05:56.796+0000] {logging_mixin.py:188} INFO - [2025-10-07T22:05:56.796+0000] {dagbag.py:545} INFO - Filling up the DagBag from /home/airflow/.local/lib/python3.12/site-packages/airflow/example_dags/example_bash_decorator.py
[2025-10-07T22:05:56.806+0000] {processor.py:840} INFO - DAG(s) 'example_bash_decorator' retrieved from /home/airflow/.local/lib/python3.12/site-packages/airflow/example_dags/example_bash_decorator.py
[2025-10-07T22:05:56.821+0000] {logging_mixin.py:188} INFO - [2025-10-07T22:05:56.821+0000] {dag.py:3096} INFO - Sync 1 DAGs
[2025-10-07T22:05:56.828+0000] {logging_mixin.py:188} INFO - [2025-10-07T22:05:56.828+0000] {dag.py:3954} INFO - Setting next_dagrun for example_bash_decorator to None, run_after=None
[2025-10-07T22:05:56.841+0000] {processor.py:183} INFO - Processing /home/airflow/.local/lib/python3.12/site-packages/airflow/example_dags/example_bash_decorator.py took 0.051 seconds
[2025-10-07T22:06:26.880+0000] {processor.py:161} INFO - Started process (PID=856) to work on /home/airflow/.local/lib/python3.12/site-packages/airflow/example_dags/example_bash_decorator.py
[2025-10-07T22:06:26.881+0000] {processor.py:830} INFO - Processing file /home/airflow/.local/lib/python3.12/site-packages/airflow/example_dags/example_bash_decorator.py for tasks to queue
[2025-10-07T22:06:26.885+0000] {logging_mixin.py:188} INFO - [2025-10-07T22:06:26.885+0000] {dagbag.py:545} INFO - Filling up the DagBag from /home/airflow/.local/lib/python3.12/site-packages/airflow/example_dags/example_bash_decorator.py
[2025-10-07T22:06:26.891+0000] {processor.py:840} INFO - DAG(s) 'example_bash_decorator' retrieved from /home/airflow/.local/lib/python3.12/site-packages/airflow/example_dags/example_bash_decorator.py
[2025-10-07T22:06:26.907+0000] {logging_mixin.py:188} INFO - [2025-10-07T22:06:26.907+0000] {dag.py:3096} INFO - Sync 1 DAGs
[2025-10-07T22:06:26.914+0000] {logging_mixin.py:188} INFO - [2025-10-07T22:06:26.913+0000] {dag.py:3954} INFO - Setting next_dagrun for example_bash_decorator to None, run_after=None
[2025-10-07T22:06:26.922+0000] {processor.py:183} INFO - Processing /home/airflow/.local/lib/python3.12/site-packages/airflow/example_dags/example_bash_decorator.py took 0.045 seconds
[2025-10-07T22:06:57.010+0000] {processor.py:161} INFO - Started process (PID=915) to work on /home/airflow/.local/lib/python3.12/site-packages/airflow/example_dags/example_bash_decorator.py
[2025-10-07T22:06:57.011+0000] {processor.py:830} INFO - Processing file /home/airflow/.local/lib/python3.12/site-packages/airflow/example_dags/example_bash_decorator.py for tasks to queue
[2025-10-07T22:06:57.012+0000] {logging_mixin.py:188} INFO - [2025-10-07T22:06:57.011+0000] {dagbag.py:545} INFO - Filling up the DagBag from /home/airflow/.local/lib/python3.12/site-packages/airflow/example_dags/example_bash_decorator.py
[2025-10-07T22:06:57.018+0000] {processor.py:840} INFO - DAG(s) 'example_bash_decorator' retrieved from /home/airflow/.local/lib/python3.12/site-packages/airflow/example_dags/example_bash_decorator.py
[2025-10-07T22:06:57.028+0000] {logging_mixin.py:188} INFO - [2025-10-07T22:06:57.028+0000] {dag.py:3096} INFO - Sync 1 DAGs
[2025-10-07T22:06:57.034+0000] {logging_mixin.py:188} INFO - [2025-10-07T22:06:57.034+0000] {dag.py:3954} INFO - Setting next_dagrun for example_bash_decorator to None, run_after=None
[2025-10-07T22:06:57.041+0000] {processor.py:183} INFO - Processing /home/airflow/.local/lib/python3.12/site-packages/airflow/example_dags/example_bash_decorator.py took 0.034 seconds
[2025-10-07T22:07:27.088+0000] {processor.py:161} INFO - Started process (PID=974) to work on /home/airflow/.local/lib/python3.12/site-packages/airflow/example_dags/example_bash_decorator.py
[2025-10-07T22:07:27.089+0000] {processor.py:830} INFO - Processing file /home/airflow/.local/lib/python3.12/site-packages/airflow/example_dags/example_bash_decorator.py for tasks to queue
[2025-10-07T22:07:27.091+0000] {logging_mixin.py:188} INFO - [2025-10-07T22:07:27.090+0000] {dagbag.py:545} INFO - Filling up the DagBag from /home/airflow/.local/lib/python3.12/site-packages/airflow/example_dags/example_bash_decorator.py
[2025-10-07T22:07:27.098+0000] {processor.py:840} INFO - DAG(s) 'example_bash_decorator' retrieved from /home/airflow/.local/lib/python3.12/site-packages/airflow/example_dags/example_bash_decorator.py
[2025-10-07T22:07:27.118+0000] {logging_mixin.py:188} INFO - [2025-10-07T22:07:27.118+0000] {dag.py:3096} INFO - Sync 1 DAGs
[2025-10-07T22:07:27.125+0000] {logging_mixin.py:188} INFO - [2025-10-07T22:07:27.125+0000] {dag.py:3954} INFO - Setting next_dagrun for example_bash_decorator to None, run_after=None
[2025-10-07T22:07:27.137+0000] {processor.py:183} INFO - Processing /home/airflow/.local/lib/python3.12/site-packages/airflow/example_dags/example_bash_decorator.py took 0.053 seconds
[2025-10-07T22:07:57.305+0000] {processor.py:161} INFO - Started process (PID=1033) to work on /home/airflow/.local/lib/python3.12/site-packages/airflow/example_dags/example_bash_decorator.py
[2025-10-07T22:07:57.305+0000] {processor.py:830} INFO - Processing file /home/airflow/.local/lib/python3.12/site-packages/airflow/example_dags/example_bash_decorator.py for tasks to queue
[2025-10-07T22:07:57.306+0000] {logging_mixin.py:188} INFO - [2025-10-07T22:07:57.306+0000] {dagbag.py:545} INFO - Filling up the DagBag from /home/airflow/.local/lib/python3.12/site-packages/airflow/example_dags/example_bash_decorator.py
[2025-10-07T22:07:57.313+0000] {processor.py:840} INFO - DAG(s) 'example_bash_decorator' retrieved from /home/airflow/.local/lib/python3.12/site-packages/airflow/example_dags/example_bash_decorator.py
[2025-10-07T22:07:57.332+0000] {logging_mixin.py:188} INFO - [2025-10-07T22:07:57.332+0000] {dag.py:3096} INFO - Sync 1 DAGs
[2025-10-07T22:07:57.340+0000] {logging_mixin.py:188} INFO - [2025-10-07T22:07:57.340+0000] {dag.py:3954} INFO - Setting next_dagrun for example_bash_decorator to None, run_after=None
[2025-10-07T22:07:57.354+0000] {processor.py:183} INFO - Processing /home/airflow/.local/lib/python3.12/site-packages/airflow/example_dags/example_bash_decorator.py took 0.052 seconds
[2025-10-07T22:08:27.401+0000] {processor.py:161} INFO - Started process (PID=1092) to work on /home/airflow/.local/lib/python3.12/site-packages/airflow/example_dags/example_bash_decorator.py
[2025-10-07T22:08:27.402+0000] {processor.py:830} INFO - Processing file /home/airflow/.local/lib/python3.12/site-packages/airflow/example_dags/example_bash_decorator.py for tasks to queue
[2025-10-07T22:08:27.404+0000] {logging_mixin.py:188} INFO - [2025-10-07T22:08:27.403+0000] {dagbag.py:545} INFO - Filling up the DagBag from /home/airflow/.local/lib/python3.12/site-packages/airflow/example_dags/example_bash_decorator.py
[2025-10-07T22:08:27.410+0000] {processor.py:840} INFO - DAG(s) 'example_bash_decorator' retrieved from /home/airflow/.local/lib/python3.12/site-packages/airflow/example_dags/example_bash_decorator.py
[2025-10-07T22:08:27.425+0000] {logging_mixin.py:188} INFO - [2025-10-07T22:08:27.424+0000] {dag.py:3096} INFO - Sync 1 DAGs
[2025-10-07T22:08:27.432+0000] {logging_mixin.py:188} INFO - [2025-10-07T22:08:27.432+0000] {dag.py:3954} INFO - Setting next_dagrun for example_bash_decorator to None, run_after=None
[2025-10-07T22:08:27.441+0000] {processor.py:183} INFO - Processing /home/airflow/.local/lib/python3.12/site-packages/airflow/example_dags/example_bash_decorator.py took 0.043 seconds
[2025-10-07T22:08:57.660+0000] {processor.py:161} INFO - Started process (PID=1151) to work on /home/airflow/.local/lib/python3.12/site-packages/airflow/example_dags/example_bash_decorator.py
[2025-10-07T22:08:57.660+0000] {processor.py:830} INFO - Processing file /home/airflow/.local/lib/python3.12/site-packages/airflow/example_dags/example_bash_decorator.py for tasks to queue
[2025-10-07T22:08:57.661+0000] {logging_mixin.py:188} INFO - [2025-10-07T22:08:57.661+0000] {dagbag.py:545} INFO - Filling up the DagBag from /home/airflow/.local/lib/python3.12/site-packages/airflow/example_dags/example_bash_decorator.py
[2025-10-07T22:08:57.668+0000] {processor.py:840} INFO - DAG(s) 'example_bash_decorator' retrieved from /home/airflow/.local/lib/python3.12/site-packages/airflow/example_dags/example_bash_decorator.py
[2025-10-07T22:08:57.683+0000] {logging_mixin.py:188} INFO - [2025-10-07T22:08:57.683+0000] {dag.py:3096} INFO - Sync 1 DAGs
[2025-10-07T22:08:57.689+0000] {logging_mixin.py:188} INFO - [2025-10-07T22:08:57.689+0000] {dag.py:3954} INFO - Setting next_dagrun for example_bash_decorator to None, run_after=None
[2025-10-07T22:08:57.702+0000] {processor.py:183} INFO - Processing /home/airflow/.local/lib/python3.12/site-packages/airflow/example_dags/example_bash_decorator.py took 0.045 seconds
[2025-10-07T22:09:27.845+0000] {processor.py:161} INFO - Started process (PID=1210) to work on /home/airflow/.local/lib/python3.12/site-packages/airflow/example_dags/example_bash_decorator.py
[2025-10-07T22:09:27.847+0000] {processor.py:830} INFO - Processing file /home/airflow/.local/lib/python3.12/site-packages/airflow/example_dags/example_bash_decorator.py for tasks to queue
[2025-10-07T22:09:27.849+0000] {logging_mixin.py:188} INFO - [2025-10-07T22:09:27.849+0000] {dagbag.py:545} INFO - Filling up the DagBag from /home/airflow/.local/lib/python3.12/site-packages/airflow/example_dags/example_bash_decorator.py
[2025-10-07T22:09:27.856+0000] {processor.py:840} INFO - DAG(s) 'example_bash_decorator' retrieved from /home/airflow/.local/lib/python3.12/site-packages/airflow/example_dags/example_bash_decorator.py
[2025-10-07T22:09:27.871+0000] {logging_mixin.py:188} INFO - [2025-10-07T22:09:27.871+0000] {dag.py:3096} INFO - Sync 1 DAGs
[2025-10-07T22:09:27.877+0000] {logging_mixin.py:188} INFO - [2025-10-07T22:09:27.876+0000] {dag.py:3954} INFO - Setting next_dagrun for example_bash_decorator to None, run_after=None
[2025-10-07T22:09:27.888+0000] {processor.py:183} INFO - Processing /home/airflow/.local/lib/python3.12/site-packages/airflow/example_dags/example_bash_decorator.py took 0.046 seconds
[2025-10-07T22:09:59.001+0000] {processor.py:161} INFO - Started process (PID=1269) to work on /home/airflow/.local/lib/python3.12/site-packages/airflow/example_dags/example_bash_decorator.py
[2025-10-07T22:09:59.002+0000] {processor.py:830} INFO - Processing file /home/airflow/.local/lib/python3.12/site-packages/airflow/example_dags/example_bash_decorator.py for tasks to queue
[2025-10-07T22:09:59.003+0000] {logging_mixin.py:188} INFO - [2025-10-07T22:09:59.003+0000] {dagbag.py:545} INFO - Filling up the DagBag from /home/airflow/.local/lib/python3.12/site-packages/airflow/example_dags/example_bash_decorator.py
[2025-10-07T22:09:59.011+0000] {processor.py:840} INFO - DAG(s) 'example_bash_decorator' retrieved from /home/airflow/.local/lib/python3.12/site-packages/airflow/example_dags/example_bash_decorator.py
[2025-10-07T22:09:59.026+0000] {logging_mixin.py:188} INFO - [2025-10-07T22:09:59.026+0000] {dag.py:3096} INFO - Sync 1 DAGs
[2025-10-07T22:09:59.031+0000] {logging_mixin.py:188} INFO - [2025-10-07T22:09:59.031+0000] {dag.py:3954} INFO - Setting next_dagrun for example_bash_decorator to None, run_after=None
[2025-10-07T22:09:59.042+0000] {processor.py:183} INFO - Processing /home/airflow/.local/lib/python3.12/site-packages/airflow/example_dags/example_bash_decorator.py took 0.044 seconds
[2025-10-07T22:10:29.160+0000] {processor.py:161} INFO - Started process (PID=1328) to work on /home/airflow/.local/lib/python3.12/site-packages/airflow/example_dags/example_bash_decorator.py
[2025-10-07T22:10:29.161+0000] {processor.py:830} INFO - Processing file /home/airflow/.local/lib/python3.12/site-packages/airflow/example_dags/example_bash_decorator.py for tasks to queue
[2025-10-07T22:10:29.163+0000] {logging_mixin.py:188} INFO - [2025-10-07T22:10:29.162+0000] {dagbag.py:545} INFO - Filling up the DagBag from /home/airflow/.local/lib/python3.12/site-packages/airflow/example_dags/example_bash_decorator.py
[2025-10-07T22:10:29.171+0000] {processor.py:840} INFO - DAG(s) 'example_bash_decorator' retrieved from /home/airflow/.local/lib/python3.12/site-packages/airflow/example_dags/example_bash_decorator.py
[2025-10-07T22:10:29.185+0000] {logging_mixin.py:188} INFO - [2025-10-07T22:10:29.185+0000] {dag.py:3096} INFO - Sync 1 DAGs
[2025-10-07T22:10:29.192+0000] {logging_mixin.py:188} INFO - [2025-10-07T22:10:29.192+0000] {dag.py:3954} INFO - Setting next_dagrun for example_bash_decorator to None, run_after=None
[2025-10-07T22:10:29.202+0000] {processor.py:183} INFO - Processing /home/airflow/.local/lib/python3.12/site-packages/airflow/example_dags/example_bash_decorator.py took 0.045 seconds
[2025-10-07T22:10:59.416+0000] {processor.py:161} INFO - Started process (PID=1387) to work on /home/airflow/.local/lib/python3.12/site-packages/airflow/example_dags/example_bash_decorator.py
[2025-10-07T22:10:59.417+0000] {processor.py:830} INFO - Processing file /home/airflow/.local/lib/python3.12/site-packages/airflow/example_dags/example_bash_decorator.py for tasks to queue
[2025-10-07T22:10:59.418+0000] {logging_mixin.py:188} INFO - [2025-10-07T22:10:59.418+0000] {dagbag.py:545} INFO - Filling up the DagBag from /home/airflow/.local/lib/python3.12/site-packages/airflow/example_dags/example_bash_decorator.py
[2025-10-07T22:10:59.425+0000] {processor.py:840} INFO - DAG(s) 'example_bash_decorator' retrieved from /home/airflow/.local/lib/python3.12/site-packages/airflow/example_dags/example_bash_decorator.py
[2025-10-07T22:10:59.436+0000] {logging_mixin.py:188} INFO - [2025-10-07T22:10:59.436+0000] {dag.py:3096} INFO - Sync 1 DAGs
[2025-10-07T22:10:59.443+0000] {logging_mixin.py:188} INFO - [2025-10-07T22:10:59.443+0000] {dag.py:3954} INFO - Setting next_dagrun for example_bash_decorator to None, run_after=None
[2025-10-07T22:10:59.454+0000] {processor.py:183} INFO - Processing /home/airflow/.local/lib/python3.12/site-packages/airflow/example_dags/example_bash_decorator.py took 0.041 seconds
[2025-10-07T22:11:30.462+0000] {processor.py:161} INFO - Started process (PID=1446) to work on /home/airflow/.local/lib/python3.12/site-packages/airflow/example_dags/example_bash_decorator.py
[2025-10-07T22:11:30.463+0000] {processor.py:830} INFO - Processing file /home/airflow/.local/lib/python3.12/site-packages/airflow/example_dags/example_bash_decorator.py for tasks to queue
[2025-10-07T22:11:30.463+0000] {logging_mixin.py:188} INFO - [2025-10-07T22:11:30.463+0000] {dagbag.py:545} INFO - Filling up the DagBag from /home/airflow/.local/lib/python3.12/site-packages/airflow/example_dags/example_bash_decorator.py
[2025-10-07T22:11:30.471+0000] {processor.py:840} INFO - DAG(s) 'example_bash_decorator' retrieved from /home/airflow/.local/lib/python3.12/site-packages/airflow/example_dags/example_bash_decorator.py
[2025-10-07T22:11:30.484+0000] {logging_mixin.py:188} INFO - [2025-10-07T22:11:30.484+0000] {dag.py:3096} INFO - Sync 1 DAGs
[2025-10-07T22:11:30.490+0000] {logging_mixin.py:188} INFO - [2025-10-07T22:11:30.490+0000] {dag.py:3954} INFO - Setting next_dagrun for example_bash_decorator to None, run_after=None
[2025-10-07T22:11:30.504+0000] {processor.py:183} INFO - Processing /home/airflow/.local/lib/python3.12/site-packages/airflow/example_dags/example_bash_decorator.py took 0.045 seconds
[2025-10-07T22:12:00.709+0000] {processor.py:161} INFO - Started process (PID=1505) to work on /home/airflow/.local/lib/python3.12/site-packages/airflow/example_dags/example_bash_decorator.py
[2025-10-07T22:12:00.710+0000] {processor.py:830} INFO - Processing file /home/airflow/.local/lib/python3.12/site-packages/airflow/example_dags/example_bash_decorator.py for tasks to queue
[2025-10-07T22:12:00.710+0000] {logging_mixin.py:188} INFO - [2025-10-07T22:12:00.710+0000] {dagbag.py:545} INFO - Filling up the DagBag from /home/airflow/.local/lib/python3.12/site-packages/airflow/example_dags/example_bash_decorator.py
[2025-10-07T22:12:00.717+0000] {processor.py:840} INFO - DAG(s) 'example_bash_decorator' retrieved from /home/airflow/.local/lib/python3.12/site-packages/airflow/example_dags/example_bash_decorator.py
[2025-10-07T22:12:00.731+0000] {logging_mixin.py:188} INFO - [2025-10-07T22:12:00.731+0000] {dag.py:3096} INFO - Sync 1 DAGs
[2025-10-07T22:12:00.738+0000] {logging_mixin.py:188} INFO - [2025-10-07T22:12:00.738+0000] {dag.py:3954} INFO - Setting next_dagrun for example_bash_decorator to None, run_after=None
[2025-10-07T22:12:00.748+0000] {processor.py:183} INFO - Processing /home/airflow/.local/lib/python3.12/site-packages/airflow/example_dags/example_bash_decorator.py took 0.042 seconds
[2025-10-07T22:12:31.751+0000] {processor.py:161} INFO - Started process (PID=1564) to work on /home/airflow/.local/lib/python3.12/site-packages/airflow/example_dags/example_bash_decorator.py
[2025-10-07T22:12:31.752+0000] {processor.py:830} INFO - Processing file /home/airflow/.local/lib/python3.12/site-packages/airflow/example_dags/example_bash_decorator.py for tasks to queue
[2025-10-07T22:12:31.753+0000] {logging_mixin.py:188} INFO - [2025-10-07T22:12:31.753+0000] {dagbag.py:545} INFO - Filling up the DagBag from /home/airflow/.local/lib/python3.12/site-packages/airflow/example_dags/example_bash_decorator.py
[2025-10-07T22:12:31.759+0000] {processor.py:840} INFO - DAG(s) 'example_bash_decorator' retrieved from /home/airflow/.local/lib/python3.12/site-packages/airflow/example_dags/example_bash_decorator.py
[2025-10-07T22:12:31.771+0000] {logging_mixin.py:188} INFO - [2025-10-07T22:12:31.771+0000] {dag.py:3096} INFO - Sync 1 DAGs
[2025-10-07T22:12:31.777+0000] {logging_mixin.py:188} INFO - [2025-10-07T22:12:31.777+0000] {dag.py:3954} INFO - Setting next_dagrun for example_bash_decorator to None, run_after=None
[2025-10-07T22:12:31.789+0000] {processor.py:183} INFO - Processing /home/airflow/.local/lib/python3.12/site-packages/airflow/example_dags/example_bash_decorator.py took 0.040 seconds
[2025-10-07T22:13:01.909+0000] {processor.py:161} INFO - Started process (PID=1623) to work on /home/airflow/.local/lib/python3.12/site-packages/airflow/example_dags/example_bash_decorator.py
[2025-10-07T22:13:01.909+0000] {processor.py:830} INFO - Processing file /home/airflow/.local/lib/python3.12/site-packages/airflow/example_dags/example_bash_decorator.py for tasks to queue
[2025-10-07T22:13:01.912+0000] {logging_mixin.py:188} INFO - [2025-10-07T22:13:01.911+0000] {dagbag.py:545} INFO - Filling up the DagBag from /home/airflow/.local/lib/python3.12/site-packages/airflow/example_dags/example_bash_decorator.py
[2025-10-07T22:13:01.918+0000] {processor.py:840} INFO - DAG(s) 'example_bash_decorator' retrieved from /home/airflow/.local/lib/python3.12/site-packages/airflow/example_dags/example_bash_decorator.py
[2025-10-07T22:13:01.936+0000] {logging_mixin.py:188} INFO - [2025-10-07T22:13:01.936+0000] {dag.py:3096} INFO - Sync 1 DAGs
[2025-10-07T22:13:01.945+0000] {logging_mixin.py:188} INFO - [2025-10-07T22:13:01.944+0000] {dag.py:3954} INFO - Setting next_dagrun for example_bash_decorator to None, run_after=None
[2025-10-07T22:13:01.956+0000] {processor.py:183} INFO - Processing /home/airflow/.local/lib/python3.12/site-packages/airflow/example_dags/example_bash_decorator.py took 0.051 seconds
[2025-10-07T22:13:32.079+0000] {processor.py:161} INFO - Started process (PID=1681) to work on /home/airflow/.local/lib/python3.12/site-packages/airflow/example_dags/example_bash_decorator.py
[2025-10-07T22:13:32.079+0000] {processor.py:830} INFO - Processing file /home/airflow/.local/lib/python3.12/site-packages/airflow/example_dags/example_bash_decorator.py for tasks to queue
[2025-10-07T22:13:32.080+0000] {logging_mixin.py:188} INFO - [2025-10-07T22:13:32.080+0000] {dagbag.py:545} INFO - Filling up the DagBag from /home/airflow/.local/lib/python3.12/site-packages/airflow/example_dags/example_bash_decorator.py
[2025-10-07T22:13:32.087+0000] {processor.py:840} INFO - DAG(s) 'example_bash_decorator' retrieved from /home/airflow/.local/lib/python3.12/site-packages/airflow/example_dags/example_bash_decorator.py
[2025-10-07T22:13:32.099+0000] {logging_mixin.py:188} INFO - [2025-10-07T22:13:32.099+0000] {dag.py:3096} INFO - Sync 1 DAGs
[2025-10-07T22:13:32.107+0000] {logging_mixin.py:188} INFO - [2025-10-07T22:13:32.107+0000] {dag.py:3954} INFO - Setting next_dagrun for example_bash_decorator to None, run_after=None
[2025-10-07T22:13:32.116+0000] {processor.py:183} INFO - Processing /home/airflow/.local/lib/python3.12/site-packages/airflow/example_dags/example_bash_decorator.py took 0.040 seconds
[2025-10-07T22:14:02.271+0000] {processor.py:161} INFO - Started process (PID=1740) to work on /home/airflow/.local/lib/python3.12/site-packages/airflow/example_dags/example_bash_decorator.py
[2025-10-07T22:14:02.272+0000] {processor.py:830} INFO - Processing file /home/airflow/.local/lib/python3.12/site-packages/airflow/example_dags/example_bash_decorator.py for tasks to queue
[2025-10-07T22:14:02.273+0000] {logging_mixin.py:188} INFO - [2025-10-07T22:14:02.273+0000] {dagbag.py:545} INFO - Filling up the DagBag from /home/airflow/.local/lib/python3.12/site-packages/airflow/example_dags/example_bash_decorator.py
[2025-10-07T22:14:02.286+0000] {processor.py:840} INFO - DAG(s) 'example_bash_decorator' retrieved from /home/airflow/.local/lib/python3.12/site-packages/airflow/example_dags/example_bash_decorator.py
[2025-10-07T22:14:02.301+0000] {logging_mixin.py:188} INFO - [2025-10-07T22:14:02.300+0000] {dag.py:3096} INFO - Sync 1 DAGs
[2025-10-07T22:14:02.307+0000] {logging_mixin.py:188} INFO - [2025-10-07T22:14:02.307+0000] {dag.py:3954} INFO - Setting next_dagrun for example_bash_decorator to None, run_after=None
[2025-10-07T22:14:02.317+0000] {processor.py:183} INFO - Processing /home/airflow/.local/lib/python3.12/site-packages/airflow/example_dags/example_bash_decorator.py took 0.050 seconds
[2025-10-07T22:14:32.583+0000] {processor.py:161} INFO - Started process (PID=1799) to work on /home/airflow/.local/lib/python3.12/site-packages/airflow/example_dags/example_bash_decorator.py
[2025-10-07T22:14:32.584+0000] {processor.py:830} INFO - Processing file /home/airflow/.local/lib/python3.12/site-packages/airflow/example_dags/example_bash_decorator.py for tasks to queue
[2025-10-07T22:14:32.585+0000] {logging_mixin.py:188} INFO - [2025-10-07T22:14:32.585+0000] {dagbag.py:545} INFO - Filling up the DagBag from /home/airflow/.local/lib/python3.12/site-packages/airflow/example_dags/example_bash_decorator.py
[2025-10-07T22:14:32.592+0000] {processor.py:840} INFO - DAG(s) 'example_bash_decorator' retrieved from /home/airflow/.local/lib/python3.12/site-packages/airflow/example_dags/example_bash_decorator.py
[2025-10-07T22:14:32.605+0000] {logging_mixin.py:188} INFO - [2025-10-07T22:14:32.605+0000] {dag.py:3096} INFO - Sync 1 DAGs
[2025-10-07T22:14:32.612+0000] {logging_mixin.py:188} INFO - [2025-10-07T22:14:32.612+0000] {dag.py:3954} INFO - Setting next_dagrun for example_bash_decorator to None, run_after=None
[2025-10-07T22:14:32.624+0000] {processor.py:183} INFO - Processing /home/airflow/.local/lib/python3.12/site-packages/airflow/example_dags/example_bash_decorator.py took 0.044 seconds
[2025-10-07T22:15:02.992+0000] {processor.py:161} INFO - Started process (PID=1858) to work on /home/airflow/.local/lib/python3.12/site-packages/airflow/example_dags/example_bash_decorator.py
[2025-10-07T22:15:02.993+0000] {processor.py:830} INFO - Processing file /home/airflow/.local/lib/python3.12/site-packages/airflow/example_dags/example_bash_decorator.py for tasks to queue
[2025-10-07T22:15:02.994+0000] {logging_mixin.py:188} INFO - [2025-10-07T22:15:02.994+0000] {dagbag.py:545} INFO - Filling up the DagBag from /home/airflow/.local/lib/python3.12/site-packages/airflow/example_dags/example_bash_decorator.py
[2025-10-07T22:15:03.001+0000] {processor.py:840} INFO - DAG(s) 'example_bash_decorator' retrieved from /home/airflow/.local/lib/python3.12/site-packages/airflow/example_dags/example_bash_decorator.py
[2025-10-07T22:15:03.013+0000] {logging_mixin.py:188} INFO - [2025-10-07T22:15:03.013+0000] {dag.py:3096} INFO - Sync 1 DAGs
[2025-10-07T22:15:03.019+0000] {logging_mixin.py:188} INFO - [2025-10-07T22:15:03.019+0000] {dag.py:3954} INFO - Setting next_dagrun for example_bash_decorator to None, run_after=None
[2025-10-07T22:15:03.032+0000] {processor.py:183} INFO - Processing /home/airflow/.local/lib/python3.12/site-packages/airflow/example_dags/example_bash_decorator.py took 0.043 seconds
[2025-10-07T22:15:33.763+0000] {processor.py:161} INFO - Started process (PID=1917) to work on /home/airflow/.local/lib/python3.12/site-packages/airflow/example_dags/example_bash_decorator.py
[2025-10-07T22:15:33.765+0000] {processor.py:830} INFO - Processing file /home/airflow/.local/lib/python3.12/site-packages/airflow/example_dags/example_bash_decorator.py for tasks to queue
[2025-10-07T22:15:33.767+0000] {logging_mixin.py:188} INFO - [2025-10-07T22:15:33.766+0000] {dagbag.py:545} INFO - Filling up the DagBag from /home/airflow/.local/lib/python3.12/site-packages/airflow/example_dags/example_bash_decorator.py
[2025-10-07T22:15:33.773+0000] {processor.py:840} INFO - DAG(s) 'example_bash_decorator' retrieved from /home/airflow/.local/lib/python3.12/site-packages/airflow/example_dags/example_bash_decorator.py
[2025-10-07T22:15:33.786+0000] {logging_mixin.py:188} INFO - [2025-10-07T22:15:33.785+0000] {dag.py:3096} INFO - Sync 1 DAGs
[2025-10-07T22:15:33.792+0000] {logging_mixin.py:188} INFO - [2025-10-07T22:15:33.792+0000] {dag.py:3954} INFO - Setting next_dagrun for example_bash_decorator to None, run_after=None
[2025-10-07T22:15:33.802+0000] {processor.py:183} INFO - Processing /home/airflow/.local/lib/python3.12/site-packages/airflow/example_dags/example_bash_decorator.py took 0.042 seconds
[2025-10-07T22:16:04.692+0000] {processor.py:161} INFO - Started process (PID=1976) to work on /home/airflow/.local/lib/python3.12/site-packages/airflow/example_dags/example_bash_decorator.py
[2025-10-07T22:16:04.693+0000] {processor.py:830} INFO - Processing file /home/airflow/.local/lib/python3.12/site-packages/airflow/example_dags/example_bash_decorator.py for tasks to queue
[2025-10-07T22:16:04.694+0000] {logging_mixin.py:188} INFO - [2025-10-07T22:16:04.694+0000] {dagbag.py:545} INFO - Filling up the DagBag from /home/airflow/.local/lib/python3.12/site-packages/airflow/example_dags/example_bash_decorator.py
[2025-10-07T22:16:04.701+0000] {processor.py:840} INFO - DAG(s) 'example_bash_decorator' retrieved from /home/airflow/.local/lib/python3.12/site-packages/airflow/example_dags/example_bash_decorator.py
[2025-10-07T22:16:04.715+0000] {logging_mixin.py:188} INFO - [2025-10-07T22:16:04.715+0000] {dag.py:3096} INFO - Sync 1 DAGs
[2025-10-07T22:16:04.724+0000] {logging_mixin.py:188} INFO - [2025-10-07T22:16:04.724+0000] {dag.py:3954} INFO - Setting next_dagrun for example_bash_decorator to None, run_after=None
[2025-10-07T22:16:04.734+0000] {processor.py:183} INFO - Processing /home/airflow/.local/lib/python3.12/site-packages/airflow/example_dags/example_bash_decorator.py took 0.044 seconds
[2025-10-07T22:16:35.456+0000] {processor.py:161} INFO - Started process (PID=2035) to work on /home/airflow/.local/lib/python3.12/site-packages/airflow/example_dags/example_bash_decorator.py
[2025-10-07T22:16:35.456+0000] {processor.py:830} INFO - Processing file /home/airflow/.local/lib/python3.12/site-packages/airflow/example_dags/example_bash_decorator.py for tasks to queue
[2025-10-07T22:16:35.458+0000] {logging_mixin.py:188} INFO - [2025-10-07T22:16:35.457+0000] {dagbag.py:545} INFO - Filling up the DagBag from /home/airflow/.local/lib/python3.12/site-packages/airflow/example_dags/example_bash_decorator.py
[2025-10-07T22:16:35.464+0000] {processor.py:840} INFO - DAG(s) 'example_bash_decorator' retrieved from /home/airflow/.local/lib/python3.12/site-packages/airflow/example_dags/example_bash_decorator.py
[2025-10-07T22:16:35.476+0000] {logging_mixin.py:188} INFO - [2025-10-07T22:16:35.476+0000] {dag.py:3096} INFO - Sync 1 DAGs
[2025-10-07T22:16:35.570+0000] {logging_mixin.py:188} INFO - [2025-10-07T22:16:35.570+0000] {dag.py:3954} INFO - Setting next_dagrun for example_bash_decorator to None, run_after=None
[2025-10-07T22:16:35.580+0000] {processor.py:183} INFO - Processing /home/airflow/.local/lib/python3.12/site-packages/airflow/example_dags/example_bash_decorator.py took 0.127 seconds
[2025-10-07T22:17:05.914+0000] {processor.py:161} INFO - Started process (PID=2094) to work on /home/airflow/.local/lib/python3.12/site-packages/airflow/example_dags/example_bash_decorator.py
[2025-10-07T22:17:05.914+0000] {processor.py:830} INFO - Processing file /home/airflow/.local/lib/python3.12/site-packages/airflow/example_dags/example_bash_decorator.py for tasks to queue
[2025-10-07T22:17:05.915+0000] {logging_mixin.py:188} INFO - [2025-10-07T22:17:05.915+0000] {dagbag.py:545} INFO - Filling up the DagBag from /home/airflow/.local/lib/python3.12/site-packages/airflow/example_dags/example_bash_decorator.py
[2025-10-07T22:17:05.921+0000] {processor.py:840} INFO - DAG(s) 'example_bash_decorator' retrieved from /home/airflow/.local/lib/python3.12/site-packages/airflow/example_dags/example_bash_decorator.py
[2025-10-07T22:17:05.935+0000] {logging_mixin.py:188} INFO - [2025-10-07T22:17:05.934+0000] {dag.py:3096} INFO - Sync 1 DAGs
[2025-10-07T22:17:06.029+0000] {logging_mixin.py:188} INFO - [2025-10-07T22:17:06.029+0000] {dag.py:3954} INFO - Setting next_dagrun for example_bash_decorator to None, run_after=None
[2025-10-07T22:17:06.040+0000] {processor.py:183} INFO - Processing /home/airflow/.local/lib/python3.12/site-packages/airflow/example_dags/example_bash_decorator.py took 0.129 seconds
[2025-10-07T22:17:36.686+0000] {processor.py:161} INFO - Started process (PID=2153) to work on /home/airflow/.local/lib/python3.12/site-packages/airflow/example_dags/example_bash_decorator.py
[2025-10-07T22:17:36.686+0000] {processor.py:830} INFO - Processing file /home/airflow/.local/lib/python3.12/site-packages/airflow/example_dags/example_bash_decorator.py for tasks to queue
[2025-10-07T22:17:36.687+0000] {logging_mixin.py:188} INFO - [2025-10-07T22:17:36.687+0000] {dagbag.py:545} INFO - Filling up the DagBag from /home/airflow/.local/lib/python3.12/site-packages/airflow/example_dags/example_bash_decorator.py
[2025-10-07T22:17:36.695+0000] {processor.py:840} INFO - DAG(s) 'example_bash_decorator' retrieved from /home/airflow/.local/lib/python3.12/site-packages/airflow/example_dags/example_bash_decorator.py
[2025-10-07T22:17:36.708+0000] {logging_mixin.py:188} INFO - [2025-10-07T22:17:36.708+0000] {dag.py:3096} INFO - Sync 1 DAGs
[2025-10-07T22:17:36.716+0000] {logging_mixin.py:188} INFO - [2025-10-07T22:17:36.716+0000] {dag.py:3954} INFO - Setting next_dagrun for example_bash_decorator to None, run_after=None
[2025-10-07T22:17:36.727+0000] {processor.py:183} INFO - Processing /home/airflow/.local/lib/python3.12/site-packages/airflow/example_dags/example_bash_decorator.py took 0.044 seconds
[2025-10-07T22:18:06.854+0000] {processor.py:161} INFO - Started process (PID=2212) to work on /home/airflow/.local/lib/python3.12/site-packages/airflow/example_dags/example_bash_decorator.py
[2025-10-07T22:18:06.855+0000] {processor.py:830} INFO - Processing file /home/airflow/.local/lib/python3.12/site-packages/airflow/example_dags/example_bash_decorator.py for tasks to queue
[2025-10-07T22:18:06.856+0000] {logging_mixin.py:188} INFO - [2025-10-07T22:18:06.855+0000] {dagbag.py:545} INFO - Filling up the DagBag from /home/airflow/.local/lib/python3.12/site-packages/airflow/example_dags/example_bash_decorator.py
[2025-10-07T22:18:06.863+0000] {processor.py:840} INFO - DAG(s) 'example_bash_decorator' retrieved from /home/airflow/.local/lib/python3.12/site-packages/airflow/example_dags/example_bash_decorator.py
[2025-10-07T22:18:06.877+0000] {logging_mixin.py:188} INFO - [2025-10-07T22:18:06.877+0000] {dag.py:3096} INFO - Sync 1 DAGs
[2025-10-07T22:18:06.883+0000] {logging_mixin.py:188} INFO - [2025-10-07T22:18:06.883+0000] {dag.py:3954} INFO - Setting next_dagrun for example_bash_decorator to None, run_after=None
[2025-10-07T22:18:06.893+0000] {processor.py:183} INFO - Processing /home/airflow/.local/lib/python3.12/site-packages/airflow/example_dags/example_bash_decorator.py took 0.043 seconds
[2025-10-07T22:18:37.813+0000] {processor.py:161} INFO - Started process (PID=2271) to work on /home/airflow/.local/lib/python3.12/site-packages/airflow/example_dags/example_bash_decorator.py
[2025-10-07T22:18:37.814+0000] {processor.py:830} INFO - Processing file /home/airflow/.local/lib/python3.12/site-packages/airflow/example_dags/example_bash_decorator.py for tasks to queue
[2025-10-07T22:18:37.815+0000] {logging_mixin.py:188} INFO - [2025-10-07T22:18:37.815+0000] {dagbag.py:545} INFO - Filling up the DagBag from /home/airflow/.local/lib/python3.12/site-packages/airflow/example_dags/example_bash_decorator.py
[2025-10-07T22:18:37.821+0000] {processor.py:840} INFO - DAG(s) 'example_bash_decorator' retrieved from /home/airflow/.local/lib/python3.12/site-packages/airflow/example_dags/example_bash_decorator.py
[2025-10-07T22:18:37.835+0000] {logging_mixin.py:188} INFO - [2025-10-07T22:18:37.835+0000] {dag.py:3096} INFO - Sync 1 DAGs
[2025-10-07T22:18:37.842+0000] {logging_mixin.py:188} INFO - [2025-10-07T22:18:37.842+0000] {dag.py:3954} INFO - Setting next_dagrun for example_bash_decorator to None, run_after=None
[2025-10-07T22:18:37.853+0000] {processor.py:183} INFO - Processing /home/airflow/.local/lib/python3.12/site-packages/airflow/example_dags/example_bash_decorator.py took 0.043 seconds
[2025-10-07T22:19:17.660+0000] {processor.py:161} INFO - Started process (PID=82) to work on /home/airflow/.local/lib/python3.12/site-packages/airflow/example_dags/example_bash_decorator.py
[2025-10-07T22:19:17.661+0000] {processor.py:830} INFO - Processing file /home/airflow/.local/lib/python3.12/site-packages/airflow/example_dags/example_bash_decorator.py for tasks to queue
[2025-10-07T22:19:17.666+0000] {logging_mixin.py:188} INFO - [2025-10-07T22:19:17.665+0000] {dagbag.py:545} INFO - Filling up the DagBag from /home/airflow/.local/lib/python3.12/site-packages/airflow/example_dags/example_bash_decorator.py
[2025-10-07T22:19:17.692+0000] {processor.py:840} INFO - DAG(s) 'example_bash_decorator' retrieved from /home/airflow/.local/lib/python3.12/site-packages/airflow/example_dags/example_bash_decorator.py
[2025-10-07T22:19:17.712+0000] {logging_mixin.py:188} INFO - [2025-10-07T22:19:17.711+0000] {dag.py:3096} INFO - Sync 1 DAGs
[2025-10-07T22:19:17.723+0000] {logging_mixin.py:188} INFO - [2025-10-07T22:19:17.722+0000] {dag.py:3954} INFO - Setting next_dagrun for example_bash_decorator to None, run_after=None
[2025-10-07T22:19:17.741+0000] {processor.py:183} INFO - Processing /home/airflow/.local/lib/python3.12/site-packages/airflow/example_dags/example_bash_decorator.py took 0.089 seconds
[2025-10-07T22:19:48.648+0000] {processor.py:161} INFO - Started process (PID=147) to work on /home/airflow/.local/lib/python3.12/site-packages/airflow/example_dags/example_bash_decorator.py
[2025-10-07T22:19:48.649+0000] {processor.py:830} INFO - Processing file /home/airflow/.local/lib/python3.12/site-packages/airflow/example_dags/example_bash_decorator.py for tasks to queue
[2025-10-07T22:19:48.651+0000] {logging_mixin.py:188} INFO - [2025-10-07T22:19:48.651+0000] {dagbag.py:545} INFO - Filling up the DagBag from /home/airflow/.local/lib/python3.12/site-packages/airflow/example_dags/example_bash_decorator.py
[2025-10-07T22:19:48.657+0000] {processor.py:840} INFO - DAG(s) 'example_bash_decorator' retrieved from /home/airflow/.local/lib/python3.12/site-packages/airflow/example_dags/example_bash_decorator.py
[2025-10-07T22:19:48.702+0000] {logging_mixin.py:188} INFO - [2025-10-07T22:19:48.702+0000] {dag.py:3096} INFO - Sync 1 DAGs
[2025-10-07T22:19:48.708+0000] {logging_mixin.py:188} INFO - [2025-10-07T22:19:48.708+0000] {dag.py:3954} INFO - Setting next_dagrun for example_bash_decorator to None, run_after=None
[2025-10-07T22:19:48.717+0000] {processor.py:183} INFO - Processing /home/airflow/.local/lib/python3.12/site-packages/airflow/example_dags/example_bash_decorator.py took 0.072 seconds
[2025-10-07T22:20:19.061+0000] {processor.py:161} INFO - Started process (PID=206) to work on /home/airflow/.local/lib/python3.12/site-packages/airflow/example_dags/example_bash_decorator.py
[2025-10-07T22:20:19.061+0000] {processor.py:830} INFO - Processing file /home/airflow/.local/lib/python3.12/site-packages/airflow/example_dags/example_bash_decorator.py for tasks to queue
[2025-10-07T22:20:19.062+0000] {logging_mixin.py:188} INFO - [2025-10-07T22:20:19.062+0000] {dagbag.py:545} INFO - Filling up the DagBag from /home/airflow/.local/lib/python3.12/site-packages/airflow/example_dags/example_bash_decorator.py
[2025-10-07T22:20:19.073+0000] {processor.py:840} INFO - DAG(s) 'example_bash_decorator' retrieved from /home/airflow/.local/lib/python3.12/site-packages/airflow/example_dags/example_bash_decorator.py
[2025-10-07T22:20:19.089+0000] {logging_mixin.py:188} INFO - [2025-10-07T22:20:19.089+0000] {dag.py:3096} INFO - Sync 1 DAGs
[2025-10-07T22:20:19.095+0000] {logging_mixin.py:188} INFO - [2025-10-07T22:20:19.095+0000] {dag.py:3954} INFO - Setting next_dagrun for example_bash_decorator to None, run_after=None
[2025-10-07T22:20:19.110+0000] {processor.py:183} INFO - Processing /home/airflow/.local/lib/python3.12/site-packages/airflow/example_dags/example_bash_decorator.py took 0.052 seconds
[2025-10-07T22:20:49.512+0000] {processor.py:161} INFO - Started process (PID=265) to work on /home/airflow/.local/lib/python3.12/site-packages/airflow/example_dags/example_bash_decorator.py
[2025-10-07T22:20:49.513+0000] {processor.py:830} INFO - Processing file /home/airflow/.local/lib/python3.12/site-packages/airflow/example_dags/example_bash_decorator.py for tasks to queue
[2025-10-07T22:20:49.515+0000] {logging_mixin.py:188} INFO - [2025-10-07T22:20:49.514+0000] {dagbag.py:545} INFO - Filling up the DagBag from /home/airflow/.local/lib/python3.12/site-packages/airflow/example_dags/example_bash_decorator.py
[2025-10-07T22:20:49.522+0000] {processor.py:840} INFO - DAG(s) 'example_bash_decorator' retrieved from /home/airflow/.local/lib/python3.12/site-packages/airflow/example_dags/example_bash_decorator.py
[2025-10-07T22:20:49.539+0000] {logging_mixin.py:188} INFO - [2025-10-07T22:20:49.539+0000] {dag.py:3096} INFO - Sync 1 DAGs
[2025-10-07T22:20:49.547+0000] {logging_mixin.py:188} INFO - [2025-10-07T22:20:49.547+0000] {dag.py:3954} INFO - Setting next_dagrun for example_bash_decorator to None, run_after=None
[2025-10-07T22:20:49.559+0000] {processor.py:183} INFO - Processing /home/airflow/.local/lib/python3.12/site-packages/airflow/example_dags/example_bash_decorator.py took 0.051 seconds
[2025-10-07T22:21:19.621+0000] {processor.py:161} INFO - Started process (PID=324) to work on /home/airflow/.local/lib/python3.12/site-packages/airflow/example_dags/example_bash_decorator.py
[2025-10-07T22:21:19.623+0000] {processor.py:830} INFO - Processing file /home/airflow/.local/lib/python3.12/site-packages/airflow/example_dags/example_bash_decorator.py for tasks to queue
[2025-10-07T22:21:19.625+0000] {logging_mixin.py:188} INFO - [2025-10-07T22:21:19.624+0000] {dagbag.py:545} INFO - Filling up the DagBag from /home/airflow/.local/lib/python3.12/site-packages/airflow/example_dags/example_bash_decorator.py
[2025-10-07T22:21:19.632+0000] {processor.py:840} INFO - DAG(s) 'example_bash_decorator' retrieved from /home/airflow/.local/lib/python3.12/site-packages/airflow/example_dags/example_bash_decorator.py
[2025-10-07T22:21:19.651+0000] {logging_mixin.py:188} INFO - [2025-10-07T22:21:19.651+0000] {dag.py:3096} INFO - Sync 1 DAGs
[2025-10-07T22:21:19.658+0000] {logging_mixin.py:188} INFO - [2025-10-07T22:21:19.658+0000] {dag.py:3954} INFO - Setting next_dagrun for example_bash_decorator to None, run_after=None
[2025-10-07T22:21:19.671+0000] {processor.py:183} INFO - Processing /home/airflow/.local/lib/python3.12/site-packages/airflow/example_dags/example_bash_decorator.py took 0.053 seconds
[2025-10-07T22:21:50.186+0000] {processor.py:161} INFO - Started process (PID=383) to work on /home/airflow/.local/lib/python3.12/site-packages/airflow/example_dags/example_bash_decorator.py
[2025-10-07T22:21:50.188+0000] {processor.py:830} INFO - Processing file /home/airflow/.local/lib/python3.12/site-packages/airflow/example_dags/example_bash_decorator.py for tasks to queue
[2025-10-07T22:21:50.190+0000] {logging_mixin.py:188} INFO - [2025-10-07T22:21:50.190+0000] {dagbag.py:545} INFO - Filling up the DagBag from /home/airflow/.local/lib/python3.12/site-packages/airflow/example_dags/example_bash_decorator.py
[2025-10-07T22:21:50.198+0000] {processor.py:840} INFO - DAG(s) 'example_bash_decorator' retrieved from /home/airflow/.local/lib/python3.12/site-packages/airflow/example_dags/example_bash_decorator.py
[2025-10-07T22:21:50.212+0000] {logging_mixin.py:188} INFO - [2025-10-07T22:21:50.212+0000] {dag.py:3096} INFO - Sync 1 DAGs
[2025-10-07T22:21:50.219+0000] {logging_mixin.py:188} INFO - [2025-10-07T22:21:50.219+0000] {dag.py:3954} INFO - Setting next_dagrun for example_bash_decorator to None, run_after=None
[2025-10-07T22:21:50.280+0000] {processor.py:183} INFO - Processing /home/airflow/.local/lib/python3.12/site-packages/airflow/example_dags/example_bash_decorator.py took 0.097 seconds
