[2025-10-07T21:54:25.319+0000] {processor.py:161} INFO - Started process (PID=71) to work on /home/airflow/.local/lib/python3.12/site-packages/airflow/example_dags/example_complex.py
[2025-10-07T21:54:25.319+0000] {processor.py:830} INFO - Processing file /home/airflow/.local/lib/python3.12/site-packages/airflow/example_dags/example_complex.py for tasks to queue
[2025-10-07T21:54:25.321+0000] {logging_mixin.py:188} INFO - [2025-10-07T21:54:25.321+0000] {dagbag.py:545} INFO - Filling up the DagBag from /home/airflow/.local/lib/python3.12/site-packages/airflow/example_dags/example_complex.py
[2025-10-07T21:54:25.338+0000] {processor.py:840} INFO - DAG(s) 'example_complex' retrieved from /home/airflow/.local/lib/python3.12/site-packages/airflow/example_dags/example_complex.py
[2025-10-07T21:54:25.358+0000] {logging_mixin.py:188} INFO - [2025-10-07T21:54:25.358+0000] {dag.py:3096} INFO - Sync 1 DAGs
[2025-10-07T21:54:25.375+0000] {logging_mixin.py:188} INFO - [2025-10-07T21:54:25.375+0000] {dag.py:3954} INFO - Setting next_dagrun for example_complex to None, run_after=None
[2025-10-07T21:54:25.414+0000] {processor.py:183} INFO - Processing /home/airflow/.local/lib/python3.12/site-packages/airflow/example_dags/example_complex.py took 0.100 seconds
[2025-10-07T21:54:56.397+0000] {processor.py:161} INFO - Started process (PID=130) to work on /home/airflow/.local/lib/python3.12/site-packages/airflow/example_dags/example_complex.py
[2025-10-07T21:54:56.398+0000] {processor.py:830} INFO - Processing file /home/airflow/.local/lib/python3.12/site-packages/airflow/example_dags/example_complex.py for tasks to queue
[2025-10-07T21:54:56.399+0000] {logging_mixin.py:188} INFO - [2025-10-07T21:54:56.399+0000] {dagbag.py:545} INFO - Filling up the DagBag from /home/airflow/.local/lib/python3.12/site-packages/airflow/example_dags/example_complex.py
[2025-10-07T21:54:56.405+0000] {processor.py:840} INFO - DAG(s) 'example_complex' retrieved from /home/airflow/.local/lib/python3.12/site-packages/airflow/example_dags/example_complex.py
[2025-10-07T21:54:56.459+0000] {logging_mixin.py:188} INFO - [2025-10-07T21:54:56.459+0000] {dag.py:3096} INFO - Sync 1 DAGs
[2025-10-07T21:54:56.465+0000] {logging_mixin.py:188} INFO - [2025-10-07T21:54:56.465+0000] {dag.py:3954} INFO - Setting next_dagrun for example_complex to None, run_after=None
[2025-10-07T21:54:56.476+0000] {processor.py:183} INFO - Processing /home/airflow/.local/lib/python3.12/site-packages/airflow/example_dags/example_complex.py took 0.082 seconds
[2025-10-07T21:55:26.768+0000] {processor.py:161} INFO - Started process (PID=189) to work on /home/airflow/.local/lib/python3.12/site-packages/airflow/example_dags/example_complex.py
[2025-10-07T21:55:26.769+0000] {processor.py:830} INFO - Processing file /home/airflow/.local/lib/python3.12/site-packages/airflow/example_dags/example_complex.py for tasks to queue
[2025-10-07T21:55:26.770+0000] {logging_mixin.py:188} INFO - [2025-10-07T21:55:26.770+0000] {dagbag.py:545} INFO - Filling up the DagBag from /home/airflow/.local/lib/python3.12/site-packages/airflow/example_dags/example_complex.py
[2025-10-07T21:55:26.775+0000] {processor.py:840} INFO - DAG(s) 'example_complex' retrieved from /home/airflow/.local/lib/python3.12/site-packages/airflow/example_dags/example_complex.py
[2025-10-07T21:55:26.791+0000] {logging_mixin.py:188} INFO - [2025-10-07T21:55:26.791+0000] {dag.py:3096} INFO - Sync 1 DAGs
[2025-10-07T21:55:26.798+0000] {logging_mixin.py:188} INFO - [2025-10-07T21:55:26.798+0000] {dag.py:3954} INFO - Setting next_dagrun for example_complex to None, run_after=None
[2025-10-07T21:55:26.809+0000] {processor.py:183} INFO - Processing /home/airflow/.local/lib/python3.12/site-packages/airflow/example_dags/example_complex.py took 0.044 seconds
[2025-10-07T21:55:56.984+0000] {processor.py:161} INFO - Started process (PID=248) to work on /home/airflow/.local/lib/python3.12/site-packages/airflow/example_dags/example_complex.py
[2025-10-07T21:55:56.984+0000] {processor.py:830} INFO - Processing file /home/airflow/.local/lib/python3.12/site-packages/airflow/example_dags/example_complex.py for tasks to queue
[2025-10-07T21:55:56.986+0000] {logging_mixin.py:188} INFO - [2025-10-07T21:55:56.986+0000] {dagbag.py:545} INFO - Filling up the DagBag from /home/airflow/.local/lib/python3.12/site-packages/airflow/example_dags/example_complex.py
[2025-10-07T21:55:56.993+0000] {processor.py:840} INFO - DAG(s) 'example_complex' retrieved from /home/airflow/.local/lib/python3.12/site-packages/airflow/example_dags/example_complex.py
[2025-10-07T21:55:57.008+0000] {logging_mixin.py:188} INFO - [2025-10-07T21:55:57.008+0000] {dag.py:3096} INFO - Sync 1 DAGs
[2025-10-07T21:55:57.015+0000] {logging_mixin.py:188} INFO - [2025-10-07T21:55:57.015+0000] {dag.py:3954} INFO - Setting next_dagrun for example_complex to None, run_after=None
[2025-10-07T21:55:57.025+0000] {processor.py:183} INFO - Processing /home/airflow/.local/lib/python3.12/site-packages/airflow/example_dags/example_complex.py took 0.046 seconds
[2025-10-07T21:56:27.119+0000] {processor.py:161} INFO - Started process (PID=307) to work on /home/airflow/.local/lib/python3.12/site-packages/airflow/example_dags/example_complex.py
[2025-10-07T21:56:27.120+0000] {processor.py:830} INFO - Processing file /home/airflow/.local/lib/python3.12/site-packages/airflow/example_dags/example_complex.py for tasks to queue
[2025-10-07T21:56:27.121+0000] {logging_mixin.py:188} INFO - [2025-10-07T21:56:27.121+0000] {dagbag.py:545} INFO - Filling up the DagBag from /home/airflow/.local/lib/python3.12/site-packages/airflow/example_dags/example_complex.py
[2025-10-07T21:56:27.127+0000] {processor.py:840} INFO - DAG(s) 'example_complex' retrieved from /home/airflow/.local/lib/python3.12/site-packages/airflow/example_dags/example_complex.py
[2025-10-07T21:56:27.143+0000] {logging_mixin.py:188} INFO - [2025-10-07T21:56:27.143+0000] {dag.py:3096} INFO - Sync 1 DAGs
[2025-10-07T21:56:27.150+0000] {logging_mixin.py:188} INFO - [2025-10-07T21:56:27.150+0000] {dag.py:3954} INFO - Setting next_dagrun for example_complex to None, run_after=None
[2025-10-07T21:56:27.164+0000] {processor.py:183} INFO - Processing /home/airflow/.local/lib/python3.12/site-packages/airflow/example_dags/example_complex.py took 0.048 seconds
[2025-10-07T21:56:58.036+0000] {processor.py:161} INFO - Started process (PID=366) to work on /home/airflow/.local/lib/python3.12/site-packages/airflow/example_dags/example_complex.py
[2025-10-07T21:56:58.038+0000] {processor.py:830} INFO - Processing file /home/airflow/.local/lib/python3.12/site-packages/airflow/example_dags/example_complex.py for tasks to queue
[2025-10-07T21:56:58.039+0000] {logging_mixin.py:188} INFO - [2025-10-07T21:56:58.038+0000] {dagbag.py:545} INFO - Filling up the DagBag from /home/airflow/.local/lib/python3.12/site-packages/airflow/example_dags/example_complex.py
[2025-10-07T21:56:58.043+0000] {processor.py:840} INFO - DAG(s) 'example_complex' retrieved from /home/airflow/.local/lib/python3.12/site-packages/airflow/example_dags/example_complex.py
[2025-10-07T21:56:58.058+0000] {logging_mixin.py:188} INFO - [2025-10-07T21:56:58.058+0000] {dag.py:3096} INFO - Sync 1 DAGs
[2025-10-07T21:56:58.064+0000] {logging_mixin.py:188} INFO - [2025-10-07T21:56:58.064+0000] {dag.py:3954} INFO - Setting next_dagrun for example_complex to None, run_after=None
[2025-10-07T21:56:58.076+0000] {processor.py:183} INFO - Processing /home/airflow/.local/lib/python3.12/site-packages/airflow/example_dags/example_complex.py took 0.042 seconds
[2025-10-07T21:57:28.625+0000] {processor.py:161} INFO - Started process (PID=425) to work on /home/airflow/.local/lib/python3.12/site-packages/airflow/example_dags/example_complex.py
[2025-10-07T21:57:28.627+0000] {processor.py:830} INFO - Processing file /home/airflow/.local/lib/python3.12/site-packages/airflow/example_dags/example_complex.py for tasks to queue
[2025-10-07T21:57:28.629+0000] {logging_mixin.py:188} INFO - [2025-10-07T21:57:28.629+0000] {dagbag.py:545} INFO - Filling up the DagBag from /home/airflow/.local/lib/python3.12/site-packages/airflow/example_dags/example_complex.py
[2025-10-07T21:57:28.641+0000] {processor.py:840} INFO - DAG(s) 'example_complex' retrieved from /home/airflow/.local/lib/python3.12/site-packages/airflow/example_dags/example_complex.py
[2025-10-07T21:57:28.684+0000] {logging_mixin.py:188} INFO - [2025-10-07T21:57:28.683+0000] {dag.py:3096} INFO - Sync 1 DAGs
[2025-10-07T21:57:28.700+0000] {logging_mixin.py:188} INFO - [2025-10-07T21:57:28.700+0000] {dag.py:3954} INFO - Setting next_dagrun for example_complex to None, run_after=None
[2025-10-07T21:57:28.729+0000] {processor.py:183} INFO - Processing /home/airflow/.local/lib/python3.12/site-packages/airflow/example_dags/example_complex.py took 0.110 seconds
[2025-10-07T21:58:27.023+0000] {processor.py:161} INFO - Started process (PID=484) to work on /home/airflow/.local/lib/python3.12/site-packages/airflow/example_dags/example_complex.py
[2025-10-07T21:58:27.025+0000] {processor.py:830} INFO - Processing file /home/airflow/.local/lib/python3.12/site-packages/airflow/example_dags/example_complex.py for tasks to queue
[2025-10-07T21:58:27.027+0000] {logging_mixin.py:188} INFO - [2025-10-07T21:58:27.026+0000] {dagbag.py:545} INFO - Filling up the DagBag from /home/airflow/.local/lib/python3.12/site-packages/airflow/example_dags/example_complex.py
[2025-10-07T21:58:27.032+0000] {processor.py:840} INFO - DAG(s) 'example_complex' retrieved from /home/airflow/.local/lib/python3.12/site-packages/airflow/example_dags/example_complex.py
[2025-10-07T21:58:27.056+0000] {logging_mixin.py:188} INFO - [2025-10-07T21:58:27.056+0000] {dag.py:3096} INFO - Sync 1 DAGs
[2025-10-07T21:58:27.065+0000] {logging_mixin.py:188} INFO - [2025-10-07T21:58:27.065+0000] {dag.py:3954} INFO - Setting next_dagrun for example_complex to None, run_after=None
[2025-10-07T21:58:27.078+0000] {processor.py:183} INFO - Processing /home/airflow/.local/lib/python3.12/site-packages/airflow/example_dags/example_complex.py took 0.058 seconds
[2025-10-07T21:59:33.779+0000] {processor.py:161} INFO - Started process (PID=543) to work on /home/airflow/.local/lib/python3.12/site-packages/airflow/example_dags/example_complex.py
[2025-10-07T21:59:33.783+0000] {processor.py:830} INFO - Processing file /home/airflow/.local/lib/python3.12/site-packages/airflow/example_dags/example_complex.py for tasks to queue
[2025-10-07T21:59:33.786+0000] {logging_mixin.py:188} INFO - [2025-10-07T21:59:33.785+0000] {dagbag.py:545} INFO - Filling up the DagBag from /home/airflow/.local/lib/python3.12/site-packages/airflow/example_dags/example_complex.py
[2025-10-07T21:59:33.805+0000] {processor.py:840} INFO - DAG(s) 'example_complex' retrieved from /home/airflow/.local/lib/python3.12/site-packages/airflow/example_dags/example_complex.py
[2025-10-07T21:59:33.860+0000] {logging_mixin.py:188} INFO - [2025-10-07T21:59:33.859+0000] {dag.py:3096} INFO - Sync 1 DAGs
[2025-10-07T21:59:33.879+0000] {logging_mixin.py:188} INFO - [2025-10-07T21:59:33.879+0000] {dag.py:3954} INFO - Setting next_dagrun for example_complex to None, run_after=None
[2025-10-07T21:59:33.909+0000] {processor.py:183} INFO - Processing /home/airflow/.local/lib/python3.12/site-packages/airflow/example_dags/example_complex.py took 0.146 seconds
[2025-10-07T22:01:52.536+0000] {processor.py:161} INFO - Started process (PID=602) to work on /home/airflow/.local/lib/python3.12/site-packages/airflow/example_dags/example_complex.py
[2025-10-07T22:01:52.540+0000] {processor.py:830} INFO - Processing file /home/airflow/.local/lib/python3.12/site-packages/airflow/example_dags/example_complex.py for tasks to queue
[2025-10-07T22:01:52.542+0000] {logging_mixin.py:188} INFO - [2025-10-07T22:01:52.542+0000] {dagbag.py:545} INFO - Filling up the DagBag from /home/airflow/.local/lib/python3.12/site-packages/airflow/example_dags/example_complex.py
[2025-10-07T22:01:52.557+0000] {processor.py:840} INFO - DAG(s) 'example_complex' retrieved from /home/airflow/.local/lib/python3.12/site-packages/airflow/example_dags/example_complex.py
[2025-10-07T22:01:52.579+0000] {logging_mixin.py:188} INFO - [2025-10-07T22:01:52.579+0000] {dag.py:3096} INFO - Sync 1 DAGs
[2025-10-07T22:01:52.591+0000] {logging_mixin.py:188} INFO - [2025-10-07T22:01:52.590+0000] {dag.py:3954} INFO - Setting next_dagrun for example_complex to None, run_after=None
[2025-10-07T22:01:52.602+0000] {processor.py:183} INFO - Processing /home/airflow/.local/lib/python3.12/site-packages/airflow/example_dags/example_complex.py took 0.070 seconds
[2025-10-07T22:04:55.913+0000] {processor.py:161} INFO - Started process (PID=661) to work on /home/airflow/.local/lib/python3.12/site-packages/airflow/example_dags/example_complex.py
[2025-10-07T22:04:55.914+0000] {processor.py:830} INFO - Processing file /home/airflow/.local/lib/python3.12/site-packages/airflow/example_dags/example_complex.py for tasks to queue
[2025-10-07T22:04:55.915+0000] {logging_mixin.py:188} INFO - [2025-10-07T22:04:55.915+0000] {dagbag.py:545} INFO - Filling up the DagBag from /home/airflow/.local/lib/python3.12/site-packages/airflow/example_dags/example_complex.py
[2025-10-07T22:04:55.922+0000] {processor.py:840} INFO - DAG(s) 'example_complex' retrieved from /home/airflow/.local/lib/python3.12/site-packages/airflow/example_dags/example_complex.py
[2025-10-07T22:04:55.944+0000] {logging_mixin.py:188} INFO - [2025-10-07T22:04:55.944+0000] {dag.py:3096} INFO - Sync 1 DAGs
[2025-10-07T22:04:55.959+0000] {logging_mixin.py:188} INFO - [2025-10-07T22:04:55.959+0000] {dag.py:3954} INFO - Setting next_dagrun for example_complex to None, run_after=None
[2025-10-07T22:04:55.973+0000] {processor.py:183} INFO - Processing /home/airflow/.local/lib/python3.12/site-packages/airflow/example_dags/example_complex.py took 0.063 seconds
[2025-10-07T22:05:26.014+0000] {processor.py:161} INFO - Started process (PID=720) to work on /home/airflow/.local/lib/python3.12/site-packages/airflow/example_dags/example_complex.py
[2025-10-07T22:05:26.014+0000] {processor.py:830} INFO - Processing file /home/airflow/.local/lib/python3.12/site-packages/airflow/example_dags/example_complex.py for tasks to queue
[2025-10-07T22:05:26.015+0000] {logging_mixin.py:188} INFO - [2025-10-07T22:05:26.015+0000] {dagbag.py:545} INFO - Filling up the DagBag from /home/airflow/.local/lib/python3.12/site-packages/airflow/example_dags/example_complex.py
[2025-10-07T22:05:26.020+0000] {processor.py:840} INFO - DAG(s) 'example_complex' retrieved from /home/airflow/.local/lib/python3.12/site-packages/airflow/example_dags/example_complex.py
[2025-10-07T22:05:26.039+0000] {logging_mixin.py:188} INFO - [2025-10-07T22:05:26.039+0000] {dag.py:3096} INFO - Sync 1 DAGs
[2025-10-07T22:05:26.048+0000] {logging_mixin.py:188} INFO - [2025-10-07T22:05:26.048+0000] {dag.py:3954} INFO - Setting next_dagrun for example_complex to None, run_after=None
[2025-10-07T22:05:26.061+0000] {processor.py:183} INFO - Processing /home/airflow/.local/lib/python3.12/site-packages/airflow/example_dags/example_complex.py took 0.051 seconds
[2025-10-07T22:05:56.207+0000] {processor.py:161} INFO - Started process (PID=779) to work on /home/airflow/.local/lib/python3.12/site-packages/airflow/example_dags/example_complex.py
[2025-10-07T22:05:56.208+0000] {processor.py:830} INFO - Processing file /home/airflow/.local/lib/python3.12/site-packages/airflow/example_dags/example_complex.py for tasks to queue
[2025-10-07T22:05:56.209+0000] {logging_mixin.py:188} INFO - [2025-10-07T22:05:56.208+0000] {dagbag.py:545} INFO - Filling up the DagBag from /home/airflow/.local/lib/python3.12/site-packages/airflow/example_dags/example_complex.py
[2025-10-07T22:05:56.214+0000] {processor.py:840} INFO - DAG(s) 'example_complex' retrieved from /home/airflow/.local/lib/python3.12/site-packages/airflow/example_dags/example_complex.py
[2025-10-07T22:05:56.227+0000] {logging_mixin.py:188} INFO - [2025-10-07T22:05:56.226+0000] {dag.py:3096} INFO - Sync 1 DAGs
[2025-10-07T22:05:56.232+0000] {logging_mixin.py:188} INFO - [2025-10-07T22:05:56.232+0000] {dag.py:3954} INFO - Setting next_dagrun for example_complex to None, run_after=None
[2025-10-07T22:05:56.239+0000] {processor.py:183} INFO - Processing /home/airflow/.local/lib/python3.12/site-packages/airflow/example_dags/example_complex.py took 0.035 seconds
[2025-10-07T22:06:26.277+0000] {processor.py:161} INFO - Started process (PID=838) to work on /home/airflow/.local/lib/python3.12/site-packages/airflow/example_dags/example_complex.py
[2025-10-07T22:06:26.278+0000] {processor.py:830} INFO - Processing file /home/airflow/.local/lib/python3.12/site-packages/airflow/example_dags/example_complex.py for tasks to queue
[2025-10-07T22:06:26.280+0000] {logging_mixin.py:188} INFO - [2025-10-07T22:06:26.280+0000] {dagbag.py:545} INFO - Filling up the DagBag from /home/airflow/.local/lib/python3.12/site-packages/airflow/example_dags/example_complex.py
[2025-10-07T22:06:26.287+0000] {processor.py:840} INFO - DAG(s) 'example_complex' retrieved from /home/airflow/.local/lib/python3.12/site-packages/airflow/example_dags/example_complex.py
[2025-10-07T22:06:26.302+0000] {logging_mixin.py:188} INFO - [2025-10-07T22:06:26.302+0000] {dag.py:3096} INFO - Sync 1 DAGs
[2025-10-07T22:06:26.308+0000] {logging_mixin.py:188} INFO - [2025-10-07T22:06:26.308+0000] {dag.py:3954} INFO - Setting next_dagrun for example_complex to None, run_after=None
[2025-10-07T22:06:26.316+0000] {processor.py:183} INFO - Processing /home/airflow/.local/lib/python3.12/site-packages/airflow/example_dags/example_complex.py took 0.042 seconds
[2025-10-07T22:06:56.340+0000] {processor.py:161} INFO - Started process (PID=897) to work on /home/airflow/.local/lib/python3.12/site-packages/airflow/example_dags/example_complex.py
[2025-10-07T22:06:56.341+0000] {processor.py:830} INFO - Processing file /home/airflow/.local/lib/python3.12/site-packages/airflow/example_dags/example_complex.py for tasks to queue
[2025-10-07T22:06:56.343+0000] {logging_mixin.py:188} INFO - [2025-10-07T22:06:56.343+0000] {dagbag.py:545} INFO - Filling up the DagBag from /home/airflow/.local/lib/python3.12/site-packages/airflow/example_dags/example_complex.py
[2025-10-07T22:06:56.349+0000] {processor.py:840} INFO - DAG(s) 'example_complex' retrieved from /home/airflow/.local/lib/python3.12/site-packages/airflow/example_dags/example_complex.py
[2025-10-07T22:06:56.363+0000] {logging_mixin.py:188} INFO - [2025-10-07T22:06:56.363+0000] {dag.py:3096} INFO - Sync 1 DAGs
[2025-10-07T22:06:56.368+0000] {logging_mixin.py:188} INFO - [2025-10-07T22:06:56.368+0000] {dag.py:3954} INFO - Setting next_dagrun for example_complex to None, run_after=None
[2025-10-07T22:06:56.377+0000] {processor.py:183} INFO - Processing /home/airflow/.local/lib/python3.12/site-packages/airflow/example_dags/example_complex.py took 0.040 seconds
[2025-10-07T22:07:26.490+0000] {processor.py:161} INFO - Started process (PID=956) to work on /home/airflow/.local/lib/python3.12/site-packages/airflow/example_dags/example_complex.py
[2025-10-07T22:07:26.491+0000] {processor.py:830} INFO - Processing file /home/airflow/.local/lib/python3.12/site-packages/airflow/example_dags/example_complex.py for tasks to queue
[2025-10-07T22:07:26.493+0000] {logging_mixin.py:188} INFO - [2025-10-07T22:07:26.492+0000] {dagbag.py:545} INFO - Filling up the DagBag from /home/airflow/.local/lib/python3.12/site-packages/airflow/example_dags/example_complex.py
[2025-10-07T22:07:26.502+0000] {processor.py:840} INFO - DAG(s) 'example_complex' retrieved from /home/airflow/.local/lib/python3.12/site-packages/airflow/example_dags/example_complex.py
[2025-10-07T22:07:26.520+0000] {logging_mixin.py:188} INFO - [2025-10-07T22:07:26.520+0000] {dag.py:3096} INFO - Sync 1 DAGs
[2025-10-07T22:07:26.527+0000] {logging_mixin.py:188} INFO - [2025-10-07T22:07:26.527+0000] {dag.py:3954} INFO - Setting next_dagrun for example_complex to None, run_after=None
[2025-10-07T22:07:26.536+0000] {processor.py:183} INFO - Processing /home/airflow/.local/lib/python3.12/site-packages/airflow/example_dags/example_complex.py took 0.050 seconds
[2025-10-07T22:07:56.663+0000] {processor.py:161} INFO - Started process (PID=1015) to work on /home/airflow/.local/lib/python3.12/site-packages/airflow/example_dags/example_complex.py
[2025-10-07T22:07:56.664+0000] {processor.py:830} INFO - Processing file /home/airflow/.local/lib/python3.12/site-packages/airflow/example_dags/example_complex.py for tasks to queue
[2025-10-07T22:07:56.665+0000] {logging_mixin.py:188} INFO - [2025-10-07T22:07:56.665+0000] {dagbag.py:545} INFO - Filling up the DagBag from /home/airflow/.local/lib/python3.12/site-packages/airflow/example_dags/example_complex.py
[2025-10-07T22:07:56.670+0000] {processor.py:840} INFO - DAG(s) 'example_complex' retrieved from /home/airflow/.local/lib/python3.12/site-packages/airflow/example_dags/example_complex.py
[2025-10-07T22:07:56.685+0000] {logging_mixin.py:188} INFO - [2025-10-07T22:07:56.685+0000] {dag.py:3096} INFO - Sync 1 DAGs
[2025-10-07T22:07:56.693+0000] {logging_mixin.py:188} INFO - [2025-10-07T22:07:56.693+0000] {dag.py:3954} INFO - Setting next_dagrun for example_complex to None, run_after=None
[2025-10-07T22:07:56.705+0000] {processor.py:183} INFO - Processing /home/airflow/.local/lib/python3.12/site-packages/airflow/example_dags/example_complex.py took 0.045 seconds
[2025-10-07T22:08:26.769+0000] {processor.py:161} INFO - Started process (PID=1073) to work on /home/airflow/.local/lib/python3.12/site-packages/airflow/example_dags/example_complex.py
[2025-10-07T22:08:26.771+0000] {processor.py:830} INFO - Processing file /home/airflow/.local/lib/python3.12/site-packages/airflow/example_dags/example_complex.py for tasks to queue
[2025-10-07T22:08:26.772+0000] {logging_mixin.py:188} INFO - [2025-10-07T22:08:26.772+0000] {dagbag.py:545} INFO - Filling up the DagBag from /home/airflow/.local/lib/python3.12/site-packages/airflow/example_dags/example_complex.py
[2025-10-07T22:08:26.779+0000] {processor.py:840} INFO - DAG(s) 'example_complex' retrieved from /home/airflow/.local/lib/python3.12/site-packages/airflow/example_dags/example_complex.py
[2025-10-07T22:08:26.796+0000] {logging_mixin.py:188} INFO - [2025-10-07T22:08:26.796+0000] {dag.py:3096} INFO - Sync 1 DAGs
[2025-10-07T22:08:26.803+0000] {logging_mixin.py:188} INFO - [2025-10-07T22:08:26.803+0000] {dag.py:3954} INFO - Setting next_dagrun for example_complex to None, run_after=None
[2025-10-07T22:08:26.818+0000] {processor.py:183} INFO - Processing /home/airflow/.local/lib/python3.12/site-packages/airflow/example_dags/example_complex.py took 0.051 seconds
[2025-10-07T22:08:56.867+0000] {processor.py:161} INFO - Started process (PID=1132) to work on /home/airflow/.local/lib/python3.12/site-packages/airflow/example_dags/example_complex.py
[2025-10-07T22:08:56.868+0000] {processor.py:830} INFO - Processing file /home/airflow/.local/lib/python3.12/site-packages/airflow/example_dags/example_complex.py for tasks to queue
[2025-10-07T22:08:56.870+0000] {logging_mixin.py:188} INFO - [2025-10-07T22:08:56.870+0000] {dagbag.py:545} INFO - Filling up the DagBag from /home/airflow/.local/lib/python3.12/site-packages/airflow/example_dags/example_complex.py
[2025-10-07T22:08:56.875+0000] {processor.py:840} INFO - DAG(s) 'example_complex' retrieved from /home/airflow/.local/lib/python3.12/site-packages/airflow/example_dags/example_complex.py
[2025-10-07T22:08:56.894+0000] {logging_mixin.py:188} INFO - [2025-10-07T22:08:56.894+0000] {dag.py:3096} INFO - Sync 1 DAGs
[2025-10-07T22:08:56.902+0000] {logging_mixin.py:188} INFO - [2025-10-07T22:08:56.902+0000] {dag.py:3954} INFO - Setting next_dagrun for example_complex to None, run_after=None
[2025-10-07T22:08:56.916+0000] {processor.py:183} INFO - Processing /home/airflow/.local/lib/python3.12/site-packages/airflow/example_dags/example_complex.py took 0.053 seconds
[2025-10-07T22:09:27.142+0000] {processor.py:161} INFO - Started process (PID=1191) to work on /home/airflow/.local/lib/python3.12/site-packages/airflow/example_dags/example_complex.py
[2025-10-07T22:09:27.142+0000] {processor.py:830} INFO - Processing file /home/airflow/.local/lib/python3.12/site-packages/airflow/example_dags/example_complex.py for tasks to queue
[2025-10-07T22:09:27.143+0000] {logging_mixin.py:188} INFO - [2025-10-07T22:09:27.143+0000] {dagbag.py:545} INFO - Filling up the DagBag from /home/airflow/.local/lib/python3.12/site-packages/airflow/example_dags/example_complex.py
[2025-10-07T22:09:27.148+0000] {processor.py:840} INFO - DAG(s) 'example_complex' retrieved from /home/airflow/.local/lib/python3.12/site-packages/airflow/example_dags/example_complex.py
[2025-10-07T22:09:27.164+0000] {logging_mixin.py:188} INFO - [2025-10-07T22:09:27.164+0000] {dag.py:3096} INFO - Sync 1 DAGs
[2025-10-07T22:09:27.170+0000] {logging_mixin.py:188} INFO - [2025-10-07T22:09:27.170+0000] {dag.py:3954} INFO - Setting next_dagrun for example_complex to None, run_after=None
[2025-10-07T22:09:27.185+0000] {processor.py:183} INFO - Processing /home/airflow/.local/lib/python3.12/site-packages/airflow/example_dags/example_complex.py took 0.046 seconds
[2025-10-07T22:09:57.295+0000] {processor.py:161} INFO - Started process (PID=1250) to work on /home/airflow/.local/lib/python3.12/site-packages/airflow/example_dags/example_complex.py
[2025-10-07T22:09:57.298+0000] {processor.py:830} INFO - Processing file /home/airflow/.local/lib/python3.12/site-packages/airflow/example_dags/example_complex.py for tasks to queue
[2025-10-07T22:09:57.299+0000] {logging_mixin.py:188} INFO - [2025-10-07T22:09:57.299+0000] {dagbag.py:545} INFO - Filling up the DagBag from /home/airflow/.local/lib/python3.12/site-packages/airflow/example_dags/example_complex.py
[2025-10-07T22:09:57.305+0000] {processor.py:840} INFO - DAG(s) 'example_complex' retrieved from /home/airflow/.local/lib/python3.12/site-packages/airflow/example_dags/example_complex.py
[2025-10-07T22:09:57.326+0000] {logging_mixin.py:188} INFO - [2025-10-07T22:09:57.326+0000] {dag.py:3096} INFO - Sync 1 DAGs
[2025-10-07T22:09:57.333+0000] {logging_mixin.py:188} INFO - [2025-10-07T22:09:57.333+0000] {dag.py:3954} INFO - Setting next_dagrun for example_complex to None, run_after=None
[2025-10-07T22:09:57.342+0000] {processor.py:183} INFO - Processing /home/airflow/.local/lib/python3.12/site-packages/airflow/example_dags/example_complex.py took 0.050 seconds
[2025-10-07T22:10:27.474+0000] {processor.py:161} INFO - Started process (PID=1309) to work on /home/airflow/.local/lib/python3.12/site-packages/airflow/example_dags/example_complex.py
[2025-10-07T22:10:27.477+0000] {processor.py:830} INFO - Processing file /home/airflow/.local/lib/python3.12/site-packages/airflow/example_dags/example_complex.py for tasks to queue
[2025-10-07T22:10:27.479+0000] {logging_mixin.py:188} INFO - [2025-10-07T22:10:27.479+0000] {dagbag.py:545} INFO - Filling up the DagBag from /home/airflow/.local/lib/python3.12/site-packages/airflow/example_dags/example_complex.py
[2025-10-07T22:10:27.486+0000] {processor.py:840} INFO - DAG(s) 'example_complex' retrieved from /home/airflow/.local/lib/python3.12/site-packages/airflow/example_dags/example_complex.py
[2025-10-07T22:10:27.503+0000] {logging_mixin.py:188} INFO - [2025-10-07T22:10:27.503+0000] {dag.py:3096} INFO - Sync 1 DAGs
[2025-10-07T22:10:27.510+0000] {logging_mixin.py:188} INFO - [2025-10-07T22:10:27.510+0000] {dag.py:3954} INFO - Setting next_dagrun for example_complex to None, run_after=None
[2025-10-07T22:10:27.520+0000] {processor.py:183} INFO - Processing /home/airflow/.local/lib/python3.12/site-packages/airflow/example_dags/example_complex.py took 0.049 seconds
[2025-10-07T22:10:57.643+0000] {processor.py:161} INFO - Started process (PID=1368) to work on /home/airflow/.local/lib/python3.12/site-packages/airflow/example_dags/example_complex.py
[2025-10-07T22:10:57.643+0000] {processor.py:830} INFO - Processing file /home/airflow/.local/lib/python3.12/site-packages/airflow/example_dags/example_complex.py for tasks to queue
[2025-10-07T22:10:57.644+0000] {logging_mixin.py:188} INFO - [2025-10-07T22:10:57.644+0000] {dagbag.py:545} INFO - Filling up the DagBag from /home/airflow/.local/lib/python3.12/site-packages/airflow/example_dags/example_complex.py
[2025-10-07T22:10:57.650+0000] {processor.py:840} INFO - DAG(s) 'example_complex' retrieved from /home/airflow/.local/lib/python3.12/site-packages/airflow/example_dags/example_complex.py
[2025-10-07T22:10:57.666+0000] {logging_mixin.py:188} INFO - [2025-10-07T22:10:57.666+0000] {dag.py:3096} INFO - Sync 1 DAGs
[2025-10-07T22:10:57.675+0000] {logging_mixin.py:188} INFO - [2025-10-07T22:10:57.675+0000] {dag.py:3954} INFO - Setting next_dagrun for example_complex to None, run_after=None
[2025-10-07T22:10:57.686+0000] {processor.py:183} INFO - Processing /home/airflow/.local/lib/python3.12/site-packages/airflow/example_dags/example_complex.py took 0.047 seconds
[2025-10-07T22:11:27.758+0000] {processor.py:161} INFO - Started process (PID=1427) to work on /home/airflow/.local/lib/python3.12/site-packages/airflow/example_dags/example_complex.py
[2025-10-07T22:11:27.760+0000] {processor.py:830} INFO - Processing file /home/airflow/.local/lib/python3.12/site-packages/airflow/example_dags/example_complex.py for tasks to queue
[2025-10-07T22:11:27.762+0000] {logging_mixin.py:188} INFO - [2025-10-07T22:11:27.761+0000] {dagbag.py:545} INFO - Filling up the DagBag from /home/airflow/.local/lib/python3.12/site-packages/airflow/example_dags/example_complex.py
[2025-10-07T22:11:27.767+0000] {processor.py:840} INFO - DAG(s) 'example_complex' retrieved from /home/airflow/.local/lib/python3.12/site-packages/airflow/example_dags/example_complex.py
[2025-10-07T22:11:27.782+0000] {logging_mixin.py:188} INFO - [2025-10-07T22:11:27.782+0000] {dag.py:3096} INFO - Sync 1 DAGs
[2025-10-07T22:11:27.788+0000] {logging_mixin.py:188} INFO - [2025-10-07T22:11:27.788+0000] {dag.py:3954} INFO - Setting next_dagrun for example_complex to None, run_after=None
[2025-10-07T22:11:27.799+0000] {processor.py:183} INFO - Processing /home/airflow/.local/lib/python3.12/site-packages/airflow/example_dags/example_complex.py took 0.044 seconds
[2025-10-07T22:11:57.853+0000] {processor.py:161} INFO - Started process (PID=1486) to work on /home/airflow/.local/lib/python3.12/site-packages/airflow/example_dags/example_complex.py
[2025-10-07T22:11:57.853+0000] {processor.py:830} INFO - Processing file /home/airflow/.local/lib/python3.12/site-packages/airflow/example_dags/example_complex.py for tasks to queue
[2025-10-07T22:11:57.854+0000] {logging_mixin.py:188} INFO - [2025-10-07T22:11:57.854+0000] {dagbag.py:545} INFO - Filling up the DagBag from /home/airflow/.local/lib/python3.12/site-packages/airflow/example_dags/example_complex.py
[2025-10-07T22:11:57.859+0000] {processor.py:840} INFO - DAG(s) 'example_complex' retrieved from /home/airflow/.local/lib/python3.12/site-packages/airflow/example_dags/example_complex.py
[2025-10-07T22:11:57.875+0000] {logging_mixin.py:188} INFO - [2025-10-07T22:11:57.875+0000] {dag.py:3096} INFO - Sync 1 DAGs
[2025-10-07T22:11:57.884+0000] {logging_mixin.py:188} INFO - [2025-10-07T22:11:57.884+0000] {dag.py:3954} INFO - Setting next_dagrun for example_complex to None, run_after=None
[2025-10-07T22:11:57.895+0000] {processor.py:183} INFO - Processing /home/airflow/.local/lib/python3.12/site-packages/airflow/example_dags/example_complex.py took 0.045 seconds
[2025-10-07T22:12:28.061+0000] {processor.py:161} INFO - Started process (PID=1545) to work on /home/airflow/.local/lib/python3.12/site-packages/airflow/example_dags/example_complex.py
[2025-10-07T22:12:28.062+0000] {processor.py:830} INFO - Processing file /home/airflow/.local/lib/python3.12/site-packages/airflow/example_dags/example_complex.py for tasks to queue
[2025-10-07T22:12:28.063+0000] {logging_mixin.py:188} INFO - [2025-10-07T22:12:28.063+0000] {dagbag.py:545} INFO - Filling up the DagBag from /home/airflow/.local/lib/python3.12/site-packages/airflow/example_dags/example_complex.py
[2025-10-07T22:12:28.069+0000] {processor.py:840} INFO - DAG(s) 'example_complex' retrieved from /home/airflow/.local/lib/python3.12/site-packages/airflow/example_dags/example_complex.py
[2025-10-07T22:12:28.085+0000] {logging_mixin.py:188} INFO - [2025-10-07T22:12:28.085+0000] {dag.py:3096} INFO - Sync 1 DAGs
[2025-10-07T22:12:28.092+0000] {logging_mixin.py:188} INFO - [2025-10-07T22:12:28.092+0000] {dag.py:3954} INFO - Setting next_dagrun for example_complex to None, run_after=None
[2025-10-07T22:12:28.105+0000] {processor.py:183} INFO - Processing /home/airflow/.local/lib/python3.12/site-packages/airflow/example_dags/example_complex.py took 0.047 seconds
[2025-10-07T22:12:58.223+0000] {processor.py:161} INFO - Started process (PID=1604) to work on /home/airflow/.local/lib/python3.12/site-packages/airflow/example_dags/example_complex.py
[2025-10-07T22:12:58.223+0000] {processor.py:830} INFO - Processing file /home/airflow/.local/lib/python3.12/site-packages/airflow/example_dags/example_complex.py for tasks to queue
[2025-10-07T22:12:58.225+0000] {logging_mixin.py:188} INFO - [2025-10-07T22:12:58.225+0000] {dagbag.py:545} INFO - Filling up the DagBag from /home/airflow/.local/lib/python3.12/site-packages/airflow/example_dags/example_complex.py
[2025-10-07T22:12:58.230+0000] {processor.py:840} INFO - DAG(s) 'example_complex' retrieved from /home/airflow/.local/lib/python3.12/site-packages/airflow/example_dags/example_complex.py
[2025-10-07T22:12:58.246+0000] {logging_mixin.py:188} INFO - [2025-10-07T22:12:58.246+0000] {dag.py:3096} INFO - Sync 1 DAGs
[2025-10-07T22:12:58.252+0000] {logging_mixin.py:188} INFO - [2025-10-07T22:12:58.252+0000] {dag.py:3954} INFO - Setting next_dagrun for example_complex to None, run_after=None
[2025-10-07T22:12:58.263+0000] {processor.py:183} INFO - Processing /home/airflow/.local/lib/python3.12/site-packages/airflow/example_dags/example_complex.py took 0.044 seconds
[2025-10-07T22:13:28.493+0000] {processor.py:161} INFO - Started process (PID=1663) to work on /home/airflow/.local/lib/python3.12/site-packages/airflow/example_dags/example_complex.py
[2025-10-07T22:13:28.493+0000] {processor.py:830} INFO - Processing file /home/airflow/.local/lib/python3.12/site-packages/airflow/example_dags/example_complex.py for tasks to queue
[2025-10-07T22:13:28.495+0000] {logging_mixin.py:188} INFO - [2025-10-07T22:13:28.494+0000] {dagbag.py:545} INFO - Filling up the DagBag from /home/airflow/.local/lib/python3.12/site-packages/airflow/example_dags/example_complex.py
[2025-10-07T22:13:28.500+0000] {processor.py:840} INFO - DAG(s) 'example_complex' retrieved from /home/airflow/.local/lib/python3.12/site-packages/airflow/example_dags/example_complex.py
[2025-10-07T22:13:28.514+0000] {logging_mixin.py:188} INFO - [2025-10-07T22:13:28.514+0000] {dag.py:3096} INFO - Sync 1 DAGs
[2025-10-07T22:13:28.520+0000] {logging_mixin.py:188} INFO - [2025-10-07T22:13:28.520+0000] {dag.py:3954} INFO - Setting next_dagrun for example_complex to None, run_after=None
[2025-10-07T22:13:28.531+0000] {processor.py:183} INFO - Processing /home/airflow/.local/lib/python3.12/site-packages/airflow/example_dags/example_complex.py took 0.042 seconds
[2025-10-07T22:13:58.670+0000] {processor.py:161} INFO - Started process (PID=1722) to work on /home/airflow/.local/lib/python3.12/site-packages/airflow/example_dags/example_complex.py
[2025-10-07T22:13:58.671+0000] {processor.py:830} INFO - Processing file /home/airflow/.local/lib/python3.12/site-packages/airflow/example_dags/example_complex.py for tasks to queue
[2025-10-07T22:13:58.672+0000] {logging_mixin.py:188} INFO - [2025-10-07T22:13:58.672+0000] {dagbag.py:545} INFO - Filling up the DagBag from /home/airflow/.local/lib/python3.12/site-packages/airflow/example_dags/example_complex.py
[2025-10-07T22:13:58.678+0000] {processor.py:840} INFO - DAG(s) 'example_complex' retrieved from /home/airflow/.local/lib/python3.12/site-packages/airflow/example_dags/example_complex.py
[2025-10-07T22:13:58.694+0000] {logging_mixin.py:188} INFO - [2025-10-07T22:13:58.694+0000] {dag.py:3096} INFO - Sync 1 DAGs
[2025-10-07T22:13:58.700+0000] {logging_mixin.py:188} INFO - [2025-10-07T22:13:58.700+0000] {dag.py:3954} INFO - Setting next_dagrun for example_complex to None, run_after=None
[2025-10-07T22:13:58.714+0000] {processor.py:183} INFO - Processing /home/airflow/.local/lib/python3.12/site-packages/airflow/example_dags/example_complex.py took 0.047 seconds
[2025-10-07T22:14:29.085+0000] {processor.py:161} INFO - Started process (PID=1781) to work on /home/airflow/.local/lib/python3.12/site-packages/airflow/example_dags/example_complex.py
[2025-10-07T22:14:29.086+0000] {processor.py:830} INFO - Processing file /home/airflow/.local/lib/python3.12/site-packages/airflow/example_dags/example_complex.py for tasks to queue
[2025-10-07T22:14:29.087+0000] {logging_mixin.py:188} INFO - [2025-10-07T22:14:29.087+0000] {dagbag.py:545} INFO - Filling up the DagBag from /home/airflow/.local/lib/python3.12/site-packages/airflow/example_dags/example_complex.py
[2025-10-07T22:14:29.092+0000] {processor.py:840} INFO - DAG(s) 'example_complex' retrieved from /home/airflow/.local/lib/python3.12/site-packages/airflow/example_dags/example_complex.py
[2025-10-07T22:14:29.106+0000] {logging_mixin.py:188} INFO - [2025-10-07T22:14:29.106+0000] {dag.py:3096} INFO - Sync 1 DAGs
[2025-10-07T22:14:29.112+0000] {logging_mixin.py:188} INFO - [2025-10-07T22:14:29.112+0000] {dag.py:3954} INFO - Setting next_dagrun for example_complex to None, run_after=None
[2025-10-07T22:14:29.120+0000] {processor.py:183} INFO - Processing /home/airflow/.local/lib/python3.12/site-packages/airflow/example_dags/example_complex.py took 0.037 seconds
[2025-10-07T22:14:59.392+0000] {processor.py:161} INFO - Started process (PID=1840) to work on /home/airflow/.local/lib/python3.12/site-packages/airflow/example_dags/example_complex.py
[2025-10-07T22:14:59.392+0000] {processor.py:830} INFO - Processing file /home/airflow/.local/lib/python3.12/site-packages/airflow/example_dags/example_complex.py for tasks to queue
[2025-10-07T22:14:59.394+0000] {logging_mixin.py:188} INFO - [2025-10-07T22:14:59.394+0000] {dagbag.py:545} INFO - Filling up the DagBag from /home/airflow/.local/lib/python3.12/site-packages/airflow/example_dags/example_complex.py
[2025-10-07T22:14:59.403+0000] {processor.py:840} INFO - DAG(s) 'example_complex' retrieved from /home/airflow/.local/lib/python3.12/site-packages/airflow/example_dags/example_complex.py
[2025-10-07T22:14:59.424+0000] {logging_mixin.py:188} INFO - [2025-10-07T22:14:59.423+0000] {dag.py:3096} INFO - Sync 1 DAGs
[2025-10-07T22:14:59.433+0000] {logging_mixin.py:188} INFO - [2025-10-07T22:14:59.432+0000] {dag.py:3954} INFO - Setting next_dagrun for example_complex to None, run_after=None
[2025-10-07T22:14:59.448+0000] {processor.py:183} INFO - Processing /home/airflow/.local/lib/python3.12/site-packages/airflow/example_dags/example_complex.py took 0.060 seconds
[2025-10-07T22:15:30.517+0000] {processor.py:161} INFO - Started process (PID=1899) to work on /home/airflow/.local/lib/python3.12/site-packages/airflow/example_dags/example_complex.py
[2025-10-07T22:15:30.522+0000] {processor.py:830} INFO - Processing file /home/airflow/.local/lib/python3.12/site-packages/airflow/example_dags/example_complex.py for tasks to queue
[2025-10-07T22:15:30.524+0000] {logging_mixin.py:188} INFO - [2025-10-07T22:15:30.524+0000] {dagbag.py:545} INFO - Filling up the DagBag from /home/airflow/.local/lib/python3.12/site-packages/airflow/example_dags/example_complex.py
[2025-10-07T22:15:30.535+0000] {processor.py:840} INFO - DAG(s) 'example_complex' retrieved from /home/airflow/.local/lib/python3.12/site-packages/airflow/example_dags/example_complex.py
[2025-10-07T22:15:30.555+0000] {logging_mixin.py:188} INFO - [2025-10-07T22:15:30.555+0000] {dag.py:3096} INFO - Sync 1 DAGs
[2025-10-07T22:15:30.683+0000] {logging_mixin.py:188} INFO - [2025-10-07T22:15:30.683+0000] {dag.py:3954} INFO - Setting next_dagrun for example_complex to None, run_after=None
[2025-10-07T22:15:30.715+0000] {processor.py:183} INFO - Processing /home/airflow/.local/lib/python3.12/site-packages/airflow/example_dags/example_complex.py took 0.202 seconds
[2025-10-07T22:16:01.261+0000] {processor.py:161} INFO - Started process (PID=1958) to work on /home/airflow/.local/lib/python3.12/site-packages/airflow/example_dags/example_complex.py
[2025-10-07T22:16:01.262+0000] {processor.py:830} INFO - Processing file /home/airflow/.local/lib/python3.12/site-packages/airflow/example_dags/example_complex.py for tasks to queue
[2025-10-07T22:16:01.263+0000] {logging_mixin.py:188} INFO - [2025-10-07T22:16:01.263+0000] {dagbag.py:545} INFO - Filling up the DagBag from /home/airflow/.local/lib/python3.12/site-packages/airflow/example_dags/example_complex.py
[2025-10-07T22:16:01.268+0000] {processor.py:840} INFO - DAG(s) 'example_complex' retrieved from /home/airflow/.local/lib/python3.12/site-packages/airflow/example_dags/example_complex.py
[2025-10-07T22:16:01.285+0000] {logging_mixin.py:188} INFO - [2025-10-07T22:16:01.285+0000] {dag.py:3096} INFO - Sync 1 DAGs
[2025-10-07T22:16:01.292+0000] {logging_mixin.py:188} INFO - [2025-10-07T22:16:01.291+0000] {dag.py:3954} INFO - Setting next_dagrun for example_complex to None, run_after=None
[2025-10-07T22:16:01.397+0000] {processor.py:183} INFO - Processing /home/airflow/.local/lib/python3.12/site-packages/airflow/example_dags/example_complex.py took 0.139 seconds
[2025-10-07T22:16:32.224+0000] {processor.py:161} INFO - Started process (PID=2017) to work on /home/airflow/.local/lib/python3.12/site-packages/airflow/example_dags/example_complex.py
[2025-10-07T22:16:32.226+0000] {processor.py:830} INFO - Processing file /home/airflow/.local/lib/python3.12/site-packages/airflow/example_dags/example_complex.py for tasks to queue
[2025-10-07T22:16:32.229+0000] {logging_mixin.py:188} INFO - [2025-10-07T22:16:32.229+0000] {dagbag.py:545} INFO - Filling up the DagBag from /home/airflow/.local/lib/python3.12/site-packages/airflow/example_dags/example_complex.py
[2025-10-07T22:16:32.234+0000] {processor.py:840} INFO - DAG(s) 'example_complex' retrieved from /home/airflow/.local/lib/python3.12/site-packages/airflow/example_dags/example_complex.py
[2025-10-07T22:16:32.251+0000] {logging_mixin.py:188} INFO - [2025-10-07T22:16:32.251+0000] {dag.py:3096} INFO - Sync 1 DAGs
[2025-10-07T22:16:32.257+0000] {logging_mixin.py:188} INFO - [2025-10-07T22:16:32.256+0000] {dag.py:3954} INFO - Setting next_dagrun for example_complex to None, run_after=None
[2025-10-07T22:16:32.265+0000] {processor.py:183} INFO - Processing /home/airflow/.local/lib/python3.12/site-packages/airflow/example_dags/example_complex.py took 0.045 seconds
[2025-10-07T22:17:02.967+0000] {processor.py:161} INFO - Started process (PID=2076) to work on /home/airflow/.local/lib/python3.12/site-packages/airflow/example_dags/example_complex.py
[2025-10-07T22:17:02.967+0000] {processor.py:830} INFO - Processing file /home/airflow/.local/lib/python3.12/site-packages/airflow/example_dags/example_complex.py for tasks to queue
[2025-10-07T22:17:02.968+0000] {logging_mixin.py:188} INFO - [2025-10-07T22:17:02.968+0000] {dagbag.py:545} INFO - Filling up the DagBag from /home/airflow/.local/lib/python3.12/site-packages/airflow/example_dags/example_complex.py
[2025-10-07T22:17:02.973+0000] {processor.py:840} INFO - DAG(s) 'example_complex' retrieved from /home/airflow/.local/lib/python3.12/site-packages/airflow/example_dags/example_complex.py
[2025-10-07T22:17:02.994+0000] {logging_mixin.py:188} INFO - [2025-10-07T22:17:02.994+0000] {dag.py:3096} INFO - Sync 1 DAGs
[2025-10-07T22:17:03.000+0000] {logging_mixin.py:188} INFO - [2025-10-07T22:17:03.000+0000] {dag.py:3954} INFO - Setting next_dagrun for example_complex to None, run_after=None
[2025-10-07T22:17:03.011+0000] {processor.py:183} INFO - Processing /home/airflow/.local/lib/python3.12/site-packages/airflow/example_dags/example_complex.py took 0.047 seconds
[2025-10-07T22:17:33.038+0000] {processor.py:161} INFO - Started process (PID=2135) to work on /home/airflow/.local/lib/python3.12/site-packages/airflow/example_dags/example_complex.py
[2025-10-07T22:17:33.039+0000] {processor.py:830} INFO - Processing file /home/airflow/.local/lib/python3.12/site-packages/airflow/example_dags/example_complex.py for tasks to queue
[2025-10-07T22:17:33.040+0000] {logging_mixin.py:188} INFO - [2025-10-07T22:17:33.039+0000] {dagbag.py:545} INFO - Filling up the DagBag from /home/airflow/.local/lib/python3.12/site-packages/airflow/example_dags/example_complex.py
[2025-10-07T22:17:33.045+0000] {processor.py:840} INFO - DAG(s) 'example_complex' retrieved from /home/airflow/.local/lib/python3.12/site-packages/airflow/example_dags/example_complex.py
[2025-10-07T22:17:33.061+0000] {logging_mixin.py:188} INFO - [2025-10-07T22:17:33.061+0000] {dag.py:3096} INFO - Sync 1 DAGs
[2025-10-07T22:17:33.067+0000] {logging_mixin.py:188} INFO - [2025-10-07T22:17:33.067+0000] {dag.py:3954} INFO - Setting next_dagrun for example_complex to None, run_after=None
[2025-10-07T22:17:33.079+0000] {processor.py:183} INFO - Processing /home/airflow/.local/lib/python3.12/site-packages/airflow/example_dags/example_complex.py took 0.044 seconds
[2025-10-07T22:18:03.132+0000] {processor.py:161} INFO - Started process (PID=2194) to work on /home/airflow/.local/lib/python3.12/site-packages/airflow/example_dags/example_complex.py
[2025-10-07T22:18:03.133+0000] {processor.py:830} INFO - Processing file /home/airflow/.local/lib/python3.12/site-packages/airflow/example_dags/example_complex.py for tasks to queue
[2025-10-07T22:18:03.135+0000] {logging_mixin.py:188} INFO - [2025-10-07T22:18:03.135+0000] {dagbag.py:545} INFO - Filling up the DagBag from /home/airflow/.local/lib/python3.12/site-packages/airflow/example_dags/example_complex.py
[2025-10-07T22:18:03.141+0000] {processor.py:840} INFO - DAG(s) 'example_complex' retrieved from /home/airflow/.local/lib/python3.12/site-packages/airflow/example_dags/example_complex.py
[2025-10-07T22:18:03.157+0000] {logging_mixin.py:188} INFO - [2025-10-07T22:18:03.157+0000] {dag.py:3096} INFO - Sync 1 DAGs
[2025-10-07T22:18:03.163+0000] {logging_mixin.py:188} INFO - [2025-10-07T22:18:03.163+0000] {dag.py:3954} INFO - Setting next_dagrun for example_complex to None, run_after=None
[2025-10-07T22:18:03.176+0000] {processor.py:183} INFO - Processing /home/airflow/.local/lib/python3.12/site-packages/airflow/example_dags/example_complex.py took 0.047 seconds
[2025-10-07T22:18:33.263+0000] {processor.py:161} INFO - Started process (PID=2253) to work on /home/airflow/.local/lib/python3.12/site-packages/airflow/example_dags/example_complex.py
[2025-10-07T22:18:33.265+0000] {processor.py:830} INFO - Processing file /home/airflow/.local/lib/python3.12/site-packages/airflow/example_dags/example_complex.py for tasks to queue
[2025-10-07T22:18:33.266+0000] {logging_mixin.py:188} INFO - [2025-10-07T22:18:33.266+0000] {dagbag.py:545} INFO - Filling up the DagBag from /home/airflow/.local/lib/python3.12/site-packages/airflow/example_dags/example_complex.py
[2025-10-07T22:18:33.272+0000] {processor.py:840} INFO - DAG(s) 'example_complex' retrieved from /home/airflow/.local/lib/python3.12/site-packages/airflow/example_dags/example_complex.py
[2025-10-07T22:18:33.287+0000] {logging_mixin.py:188} INFO - [2025-10-07T22:18:33.287+0000] {dag.py:3096} INFO - Sync 1 DAGs
[2025-10-07T22:18:33.294+0000] {logging_mixin.py:188} INFO - [2025-10-07T22:18:33.294+0000] {dag.py:3954} INFO - Setting next_dagrun for example_complex to None, run_after=None
[2025-10-07T22:18:33.304+0000] {processor.py:183} INFO - Processing /home/airflow/.local/lib/python3.12/site-packages/airflow/example_dags/example_complex.py took 0.044 seconds
[2025-10-07T22:19:16.734+0000] {processor.py:161} INFO - Started process (PID=64) to work on /home/airflow/.local/lib/python3.12/site-packages/airflow/example_dags/example_complex.py
[2025-10-07T22:19:16.736+0000] {processor.py:830} INFO - Processing file /home/airflow/.local/lib/python3.12/site-packages/airflow/example_dags/example_complex.py for tasks to queue
[2025-10-07T22:19:16.739+0000] {logging_mixin.py:188} INFO - [2025-10-07T22:19:16.738+0000] {dagbag.py:545} INFO - Filling up the DagBag from /home/airflow/.local/lib/python3.12/site-packages/airflow/example_dags/example_complex.py
[2025-10-07T22:19:16.750+0000] {processor.py:840} INFO - DAG(s) 'example_complex' retrieved from /home/airflow/.local/lib/python3.12/site-packages/airflow/example_dags/example_complex.py
[2025-10-07T22:19:16.762+0000] {logging_mixin.py:188} INFO - [2025-10-07T22:19:16.762+0000] {dag.py:3096} INFO - Sync 1 DAGs
[2025-10-07T22:19:16.778+0000] {logging_mixin.py:188} INFO - [2025-10-07T22:19:16.777+0000] {dag.py:3954} INFO - Setting next_dagrun for example_complex to None, run_after=None
[2025-10-07T22:19:16.792+0000] {processor.py:183} INFO - Processing /home/airflow/.local/lib/python3.12/site-packages/airflow/example_dags/example_complex.py took 0.067 seconds
[2025-10-07T22:19:47.684+0000] {processor.py:161} INFO - Started process (PID=123) to work on /home/airflow/.local/lib/python3.12/site-packages/airflow/example_dags/example_complex.py
[2025-10-07T22:19:47.685+0000] {processor.py:830} INFO - Processing file /home/airflow/.local/lib/python3.12/site-packages/airflow/example_dags/example_complex.py for tasks to queue
[2025-10-07T22:19:47.686+0000] {logging_mixin.py:188} INFO - [2025-10-07T22:19:47.686+0000] {dagbag.py:545} INFO - Filling up the DagBag from /home/airflow/.local/lib/python3.12/site-packages/airflow/example_dags/example_complex.py
[2025-10-07T22:19:47.692+0000] {processor.py:840} INFO - DAG(s) 'example_complex' retrieved from /home/airflow/.local/lib/python3.12/site-packages/airflow/example_dags/example_complex.py
[2025-10-07T22:19:47.754+0000] {logging_mixin.py:188} INFO - [2025-10-07T22:19:47.754+0000] {dag.py:3096} INFO - Sync 1 DAGs
[2025-10-07T22:19:47.760+0000] {logging_mixin.py:188} INFO - [2025-10-07T22:19:47.760+0000] {dag.py:3954} INFO - Setting next_dagrun for example_complex to None, run_after=None
[2025-10-07T22:19:47.775+0000] {processor.py:183} INFO - Processing /home/airflow/.local/lib/python3.12/site-packages/airflow/example_dags/example_complex.py took 0.093 seconds
[2025-10-07T22:20:18.472+0000] {processor.py:161} INFO - Started process (PID=188) to work on /home/airflow/.local/lib/python3.12/site-packages/airflow/example_dags/example_complex.py
[2025-10-07T22:20:18.473+0000] {processor.py:830} INFO - Processing file /home/airflow/.local/lib/python3.12/site-packages/airflow/example_dags/example_complex.py for tasks to queue
[2025-10-07T22:20:18.474+0000] {logging_mixin.py:188} INFO - [2025-10-07T22:20:18.474+0000] {dagbag.py:545} INFO - Filling up the DagBag from /home/airflow/.local/lib/python3.12/site-packages/airflow/example_dags/example_complex.py
[2025-10-07T22:20:18.482+0000] {processor.py:840} INFO - DAG(s) 'example_complex' retrieved from /home/airflow/.local/lib/python3.12/site-packages/airflow/example_dags/example_complex.py
[2025-10-07T22:20:18.502+0000] {logging_mixin.py:188} INFO - [2025-10-07T22:20:18.502+0000] {dag.py:3096} INFO - Sync 1 DAGs
[2025-10-07T22:20:18.509+0000] {logging_mixin.py:188} INFO - [2025-10-07T22:20:18.509+0000] {dag.py:3954} INFO - Setting next_dagrun for example_complex to None, run_after=None
[2025-10-07T22:20:18.523+0000] {processor.py:183} INFO - Processing /home/airflow/.local/lib/python3.12/site-packages/airflow/example_dags/example_complex.py took 0.055 seconds
[2025-10-07T22:20:48.872+0000] {processor.py:161} INFO - Started process (PID=247) to work on /home/airflow/.local/lib/python3.12/site-packages/airflow/example_dags/example_complex.py
[2025-10-07T22:20:48.873+0000] {processor.py:830} INFO - Processing file /home/airflow/.local/lib/python3.12/site-packages/airflow/example_dags/example_complex.py for tasks to queue
[2025-10-07T22:20:48.874+0000] {logging_mixin.py:188} INFO - [2025-10-07T22:20:48.874+0000] {dagbag.py:545} INFO - Filling up the DagBag from /home/airflow/.local/lib/python3.12/site-packages/airflow/example_dags/example_complex.py
[2025-10-07T22:20:48.881+0000] {processor.py:840} INFO - DAG(s) 'example_complex' retrieved from /home/airflow/.local/lib/python3.12/site-packages/airflow/example_dags/example_complex.py
[2025-10-07T22:20:48.898+0000] {logging_mixin.py:188} INFO - [2025-10-07T22:20:48.898+0000] {dag.py:3096} INFO - Sync 1 DAGs
[2025-10-07T22:20:48.907+0000] {logging_mixin.py:188} INFO - [2025-10-07T22:20:48.907+0000] {dag.py:3954} INFO - Setting next_dagrun for example_complex to None, run_after=None
[2025-10-07T22:20:48.920+0000] {processor.py:183} INFO - Processing /home/airflow/.local/lib/python3.12/site-packages/airflow/example_dags/example_complex.py took 0.051 seconds
[2025-10-07T22:21:18.984+0000] {processor.py:161} INFO - Started process (PID=306) to work on /home/airflow/.local/lib/python3.12/site-packages/airflow/example_dags/example_complex.py
[2025-10-07T22:21:18.986+0000] {processor.py:830} INFO - Processing file /home/airflow/.local/lib/python3.12/site-packages/airflow/example_dags/example_complex.py for tasks to queue
[2025-10-07T22:21:18.987+0000] {logging_mixin.py:188} INFO - [2025-10-07T22:21:18.987+0000] {dagbag.py:545} INFO - Filling up the DagBag from /home/airflow/.local/lib/python3.12/site-packages/airflow/example_dags/example_complex.py
[2025-10-07T22:21:18.993+0000] {processor.py:840} INFO - DAG(s) 'example_complex' retrieved from /home/airflow/.local/lib/python3.12/site-packages/airflow/example_dags/example_complex.py
[2025-10-07T22:21:19.012+0000] {logging_mixin.py:188} INFO - [2025-10-07T22:21:19.011+0000] {dag.py:3096} INFO - Sync 1 DAGs
[2025-10-07T22:21:19.019+0000] {logging_mixin.py:188} INFO - [2025-10-07T22:21:19.019+0000] {dag.py:3954} INFO - Setting next_dagrun for example_complex to None, run_after=None
[2025-10-07T22:21:19.032+0000] {processor.py:183} INFO - Processing /home/airflow/.local/lib/python3.12/site-packages/airflow/example_dags/example_complex.py took 0.051 seconds
[2025-10-07T22:21:49.520+0000] {processor.py:161} INFO - Started process (PID=365) to work on /home/airflow/.local/lib/python3.12/site-packages/airflow/example_dags/example_complex.py
[2025-10-07T22:21:49.521+0000] {processor.py:830} INFO - Processing file /home/airflow/.local/lib/python3.12/site-packages/airflow/example_dags/example_complex.py for tasks to queue
[2025-10-07T22:21:49.522+0000] {logging_mixin.py:188} INFO - [2025-10-07T22:21:49.522+0000] {dagbag.py:545} INFO - Filling up the DagBag from /home/airflow/.local/lib/python3.12/site-packages/airflow/example_dags/example_complex.py
[2025-10-07T22:21:49.529+0000] {processor.py:840} INFO - DAG(s) 'example_complex' retrieved from /home/airflow/.local/lib/python3.12/site-packages/airflow/example_dags/example_complex.py
[2025-10-07T22:21:49.545+0000] {logging_mixin.py:188} INFO - [2025-10-07T22:21:49.545+0000] {dag.py:3096} INFO - Sync 1 DAGs
[2025-10-07T22:21:49.552+0000] {logging_mixin.py:188} INFO - [2025-10-07T22:21:49.552+0000] {dag.py:3954} INFO - Setting next_dagrun for example_complex to None, run_after=None
[2025-10-07T22:21:49.564+0000] {processor.py:183} INFO - Processing /home/airflow/.local/lib/python3.12/site-packages/airflow/example_dags/example_complex.py took 0.048 seconds
