[2025-10-07T21:54:23.901+0000] {processor.py:161} INFO - Started process (PID=47) to work on /home/airflow/.local/lib/python3.12/site-packages/airflow/example_dags/example_latest_only.py
[2025-10-07T21:54:23.904+0000] {processor.py:830} INFO - Processing file /home/airflow/.local/lib/python3.12/site-packages/airflow/example_dags/example_latest_only.py for tasks to queue
[2025-10-07T21:54:23.905+0000] {logging_mixin.py:188} INFO - [2025-10-07T21:54:23.905+0000] {dagbag.py:545} INFO - Filling up the DagBag from /home/airflow/.local/lib/python3.12/site-packages/airflow/example_dags/example_latest_only.py
[2025-10-07T21:54:23.912+0000] {processor.py:840} INFO - DAG(s) 'latest_only' retrieved from /home/airflow/.local/lib/python3.12/site-packages/airflow/example_dags/example_latest_only.py
[2025-10-07T21:54:23.931+0000] {logging_mixin.py:188} INFO - [2025-10-07T21:54:23.931+0000] {dag.py:3096} INFO - Sync 1 DAGs
[2025-10-07T21:54:23.951+0000] {logging_mixin.py:188} INFO - [2025-10-07T21:54:23.951+0000] {dag.py:3954} INFO - Setting next_dagrun for latest_only to 2025-10-07 16:00:00+00:00, run_after=2025-10-07 20:00:00+00:00
[2025-10-07T21:54:23.966+0000] {processor.py:183} INFO - Processing /home/airflow/.local/lib/python3.12/site-packages/airflow/example_dags/example_latest_only.py took 0.074 seconds
[2025-10-07T21:54:54.899+0000] {processor.py:161} INFO - Started process (PID=106) to work on /home/airflow/.local/lib/python3.12/site-packages/airflow/example_dags/example_latest_only.py
[2025-10-07T21:54:54.900+0000] {processor.py:830} INFO - Processing file /home/airflow/.local/lib/python3.12/site-packages/airflow/example_dags/example_latest_only.py for tasks to queue
[2025-10-07T21:54:54.902+0000] {logging_mixin.py:188} INFO - [2025-10-07T21:54:54.901+0000] {dagbag.py:545} INFO - Filling up the DagBag from /home/airflow/.local/lib/python3.12/site-packages/airflow/example_dags/example_latest_only.py
[2025-10-07T21:54:54.907+0000] {processor.py:840} INFO - DAG(s) 'latest_only' retrieved from /home/airflow/.local/lib/python3.12/site-packages/airflow/example_dags/example_latest_only.py
[2025-10-07T21:54:55.057+0000] {logging_mixin.py:188} INFO - [2025-10-07T21:54:55.057+0000] {dag.py:3096} INFO - Sync 1 DAGs
[2025-10-07T21:54:55.069+0000] {logging_mixin.py:188} INFO - [2025-10-07T21:54:55.068+0000] {dag.py:3954} INFO - Setting next_dagrun for latest_only to 2025-10-07 16:00:00+00:00, run_after=2025-10-07 20:00:00+00:00
[2025-10-07T21:54:55.081+0000] {processor.py:183} INFO - Processing /home/airflow/.local/lib/python3.12/site-packages/airflow/example_dags/example_latest_only.py took 0.186 seconds
[2025-10-07T21:55:26.009+0000] {processor.py:161} INFO - Started process (PID=165) to work on /home/airflow/.local/lib/python3.12/site-packages/airflow/example_dags/example_latest_only.py
[2025-10-07T21:55:26.011+0000] {processor.py:830} INFO - Processing file /home/airflow/.local/lib/python3.12/site-packages/airflow/example_dags/example_latest_only.py for tasks to queue
[2025-10-07T21:55:26.012+0000] {logging_mixin.py:188} INFO - [2025-10-07T21:55:26.012+0000] {dagbag.py:545} INFO - Filling up the DagBag from /home/airflow/.local/lib/python3.12/site-packages/airflow/example_dags/example_latest_only.py
[2025-10-07T21:55:26.018+0000] {processor.py:840} INFO - DAG(s) 'latest_only' retrieved from /home/airflow/.local/lib/python3.12/site-packages/airflow/example_dags/example_latest_only.py
[2025-10-07T21:55:26.033+0000] {logging_mixin.py:188} INFO - [2025-10-07T21:55:26.033+0000] {dag.py:3096} INFO - Sync 1 DAGs
[2025-10-07T21:55:26.047+0000] {logging_mixin.py:188} INFO - [2025-10-07T21:55:26.047+0000] {dag.py:3954} INFO - Setting next_dagrun for latest_only to 2025-10-07 16:00:00+00:00, run_after=2025-10-07 20:00:00+00:00
[2025-10-07T21:55:26.060+0000] {processor.py:183} INFO - Processing /home/airflow/.local/lib/python3.12/site-packages/airflow/example_dags/example_latest_only.py took 0.056 seconds
[2025-10-07T21:55:56.145+0000] {processor.py:161} INFO - Started process (PID=224) to work on /home/airflow/.local/lib/python3.12/site-packages/airflow/example_dags/example_latest_only.py
[2025-10-07T21:55:56.146+0000] {processor.py:830} INFO - Processing file /home/airflow/.local/lib/python3.12/site-packages/airflow/example_dags/example_latest_only.py for tasks to queue
[2025-10-07T21:55:56.148+0000] {logging_mixin.py:188} INFO - [2025-10-07T21:55:56.148+0000] {dagbag.py:545} INFO - Filling up the DagBag from /home/airflow/.local/lib/python3.12/site-packages/airflow/example_dags/example_latest_only.py
[2025-10-07T21:55:56.155+0000] {processor.py:840} INFO - DAG(s) 'latest_only' retrieved from /home/airflow/.local/lib/python3.12/site-packages/airflow/example_dags/example_latest_only.py
[2025-10-07T21:55:56.182+0000] {logging_mixin.py:188} INFO - [2025-10-07T21:55:56.182+0000] {dag.py:3096} INFO - Sync 1 DAGs
[2025-10-07T21:55:56.199+0000] {logging_mixin.py:188} INFO - [2025-10-07T21:55:56.199+0000] {dag.py:3954} INFO - Setting next_dagrun for latest_only to 2025-10-07 16:00:00+00:00, run_after=2025-10-07 20:00:00+00:00
[2025-10-07T21:55:56.212+0000] {processor.py:183} INFO - Processing /home/airflow/.local/lib/python3.12/site-packages/airflow/example_dags/example_latest_only.py took 0.072 seconds
[2025-10-07T21:56:26.354+0000] {processor.py:161} INFO - Started process (PID=283) to work on /home/airflow/.local/lib/python3.12/site-packages/airflow/example_dags/example_latest_only.py
[2025-10-07T21:56:26.358+0000] {processor.py:830} INFO - Processing file /home/airflow/.local/lib/python3.12/site-packages/airflow/example_dags/example_latest_only.py for tasks to queue
[2025-10-07T21:56:26.360+0000] {logging_mixin.py:188} INFO - [2025-10-07T21:56:26.360+0000] {dagbag.py:545} INFO - Filling up the DagBag from /home/airflow/.local/lib/python3.12/site-packages/airflow/example_dags/example_latest_only.py
[2025-10-07T21:56:26.365+0000] {processor.py:840} INFO - DAG(s) 'latest_only' retrieved from /home/airflow/.local/lib/python3.12/site-packages/airflow/example_dags/example_latest_only.py
[2025-10-07T21:56:26.379+0000] {logging_mixin.py:188} INFO - [2025-10-07T21:56:26.379+0000] {dag.py:3096} INFO - Sync 1 DAGs
[2025-10-07T21:56:26.393+0000] {logging_mixin.py:188} INFO - [2025-10-07T21:56:26.392+0000] {dag.py:3954} INFO - Setting next_dagrun for latest_only to 2025-10-07 16:00:00+00:00, run_after=2025-10-07 20:00:00+00:00
[2025-10-07T21:56:26.404+0000] {processor.py:183} INFO - Processing /home/airflow/.local/lib/python3.12/site-packages/airflow/example_dags/example_latest_only.py took 0.055 seconds
[2025-10-07T21:56:57.147+0000] {processor.py:161} INFO - Started process (PID=342) to work on /home/airflow/.local/lib/python3.12/site-packages/airflow/example_dags/example_latest_only.py
[2025-10-07T21:56:57.149+0000] {processor.py:830} INFO - Processing file /home/airflow/.local/lib/python3.12/site-packages/airflow/example_dags/example_latest_only.py for tasks to queue
[2025-10-07T21:56:57.152+0000] {logging_mixin.py:188} INFO - [2025-10-07T21:56:57.152+0000] {dagbag.py:545} INFO - Filling up the DagBag from /home/airflow/.local/lib/python3.12/site-packages/airflow/example_dags/example_latest_only.py
[2025-10-07T21:56:57.162+0000] {processor.py:840} INFO - DAG(s) 'latest_only' retrieved from /home/airflow/.local/lib/python3.12/site-packages/airflow/example_dags/example_latest_only.py
[2025-10-07T21:56:57.179+0000] {logging_mixin.py:188} INFO - [2025-10-07T21:56:57.179+0000] {dag.py:3096} INFO - Sync 1 DAGs
[2025-10-07T21:56:57.198+0000] {logging_mixin.py:188} INFO - [2025-10-07T21:56:57.198+0000] {dag.py:3954} INFO - Setting next_dagrun for latest_only to 2025-10-07 16:00:00+00:00, run_after=2025-10-07 20:00:00+00:00
[2025-10-07T21:56:57.210+0000] {processor.py:183} INFO - Processing /home/airflow/.local/lib/python3.12/site-packages/airflow/example_dags/example_latest_only.py took 0.070 seconds
[2025-10-07T21:57:27.428+0000] {processor.py:161} INFO - Started process (PID=401) to work on /home/airflow/.local/lib/python3.12/site-packages/airflow/example_dags/example_latest_only.py
[2025-10-07T21:57:27.430+0000] {processor.py:830} INFO - Processing file /home/airflow/.local/lib/python3.12/site-packages/airflow/example_dags/example_latest_only.py for tasks to queue
[2025-10-07T21:57:27.434+0000] {logging_mixin.py:188} INFO - [2025-10-07T21:57:27.434+0000] {dagbag.py:545} INFO - Filling up the DagBag from /home/airflow/.local/lib/python3.12/site-packages/airflow/example_dags/example_latest_only.py
[2025-10-07T21:57:27.461+0000] {processor.py:840} INFO - DAG(s) 'latest_only' retrieved from /home/airflow/.local/lib/python3.12/site-packages/airflow/example_dags/example_latest_only.py
[2025-10-07T21:57:27.481+0000] {logging_mixin.py:188} INFO - [2025-10-07T21:57:27.480+0000] {dag.py:3096} INFO - Sync 1 DAGs
[2025-10-07T21:57:27.498+0000] {logging_mixin.py:188} INFO - [2025-10-07T21:57:27.498+0000] {dag.py:3954} INFO - Setting next_dagrun for latest_only to 2025-10-07 16:00:00+00:00, run_after=2025-10-07 20:00:00+00:00
[2025-10-07T21:57:27.514+0000] {processor.py:183} INFO - Processing /home/airflow/.local/lib/python3.12/site-packages/airflow/example_dags/example_latest_only.py took 0.092 seconds
[2025-10-07T21:58:26.192+0000] {processor.py:161} INFO - Started process (PID=460) to work on /home/airflow/.local/lib/python3.12/site-packages/airflow/example_dags/example_latest_only.py
[2025-10-07T21:58:26.195+0000] {processor.py:830} INFO - Processing file /home/airflow/.local/lib/python3.12/site-packages/airflow/example_dags/example_latest_only.py for tasks to queue
[2025-10-07T21:58:26.196+0000] {logging_mixin.py:188} INFO - [2025-10-07T21:58:26.196+0000] {dagbag.py:545} INFO - Filling up the DagBag from /home/airflow/.local/lib/python3.12/site-packages/airflow/example_dags/example_latest_only.py
[2025-10-07T21:58:26.199+0000] {processor.py:840} INFO - DAG(s) 'latest_only' retrieved from /home/airflow/.local/lib/python3.12/site-packages/airflow/example_dags/example_latest_only.py
[2025-10-07T21:58:26.210+0000] {logging_mixin.py:188} INFO - [2025-10-07T21:58:26.210+0000] {dag.py:3096} INFO - Sync 1 DAGs
[2025-10-07T21:58:26.224+0000] {logging_mixin.py:188} INFO - [2025-10-07T21:58:26.223+0000] {dag.py:3954} INFO - Setting next_dagrun for latest_only to 2025-10-07 16:00:00+00:00, run_after=2025-10-07 20:00:00+00:00
[2025-10-07T21:58:26.241+0000] {processor.py:183} INFO - Processing /home/airflow/.local/lib/python3.12/site-packages/airflow/example_dags/example_latest_only.py took 0.052 seconds
[2025-10-07T21:59:31.341+0000] {processor.py:161} INFO - Started process (PID=519) to work on /home/airflow/.local/lib/python3.12/site-packages/airflow/example_dags/example_latest_only.py
[2025-10-07T21:59:31.343+0000] {processor.py:830} INFO - Processing file /home/airflow/.local/lib/python3.12/site-packages/airflow/example_dags/example_latest_only.py for tasks to queue
[2025-10-07T21:59:31.344+0000] {logging_mixin.py:188} INFO - [2025-10-07T21:59:31.344+0000] {dagbag.py:545} INFO - Filling up the DagBag from /home/airflow/.local/lib/python3.12/site-packages/airflow/example_dags/example_latest_only.py
[2025-10-07T21:59:31.350+0000] {processor.py:840} INFO - DAG(s) 'latest_only' retrieved from /home/airflow/.local/lib/python3.12/site-packages/airflow/example_dags/example_latest_only.py
[2025-10-07T21:59:31.373+0000] {logging_mixin.py:188} INFO - [2025-10-07T21:59:31.373+0000] {dag.py:3096} INFO - Sync 1 DAGs
[2025-10-07T21:59:31.392+0000] {logging_mixin.py:188} INFO - [2025-10-07T21:59:31.392+0000] {dag.py:3954} INFO - Setting next_dagrun for latest_only to 2025-10-07 16:00:00+00:00, run_after=2025-10-07 20:00:00+00:00
[2025-10-07T21:59:31.415+0000] {processor.py:183} INFO - Processing /home/airflow/.local/lib/python3.12/site-packages/airflow/example_dags/example_latest_only.py took 0.079 seconds
[2025-10-07T22:01:51.605+0000] {processor.py:161} INFO - Started process (PID=578) to work on /home/airflow/.local/lib/python3.12/site-packages/airflow/example_dags/example_latest_only.py
[2025-10-07T22:01:51.606+0000] {processor.py:830} INFO - Processing file /home/airflow/.local/lib/python3.12/site-packages/airflow/example_dags/example_latest_only.py for tasks to queue
[2025-10-07T22:01:51.608+0000] {logging_mixin.py:188} INFO - [2025-10-07T22:01:51.607+0000] {dagbag.py:545} INFO - Filling up the DagBag from /home/airflow/.local/lib/python3.12/site-packages/airflow/example_dags/example_latest_only.py
[2025-10-07T22:01:51.611+0000] {processor.py:840} INFO - DAG(s) 'latest_only' retrieved from /home/airflow/.local/lib/python3.12/site-packages/airflow/example_dags/example_latest_only.py
[2025-10-07T22:01:51.624+0000] {logging_mixin.py:188} INFO - [2025-10-07T22:01:51.623+0000] {dag.py:3096} INFO - Sync 1 DAGs
[2025-10-07T22:01:51.636+0000] {logging_mixin.py:188} INFO - [2025-10-07T22:01:51.636+0000] {dag.py:3954} INFO - Setting next_dagrun for latest_only to 2025-10-07 16:00:00+00:00, run_after=2025-10-07 20:00:00+00:00
[2025-10-07T22:01:51.650+0000] {processor.py:183} INFO - Processing /home/airflow/.local/lib/python3.12/site-packages/airflow/example_dags/example_latest_only.py took 0.050 seconds
[2025-10-07T22:04:54.872+0000] {processor.py:161} INFO - Started process (PID=637) to work on /home/airflow/.local/lib/python3.12/site-packages/airflow/example_dags/example_latest_only.py
[2025-10-07T22:04:54.874+0000] {processor.py:830} INFO - Processing file /home/airflow/.local/lib/python3.12/site-packages/airflow/example_dags/example_latest_only.py for tasks to queue
[2025-10-07T22:04:54.875+0000] {logging_mixin.py:188} INFO - [2025-10-07T22:04:54.875+0000] {dagbag.py:545} INFO - Filling up the DagBag from /home/airflow/.local/lib/python3.12/site-packages/airflow/example_dags/example_latest_only.py
[2025-10-07T22:04:54.878+0000] {processor.py:840} INFO - DAG(s) 'latest_only' retrieved from /home/airflow/.local/lib/python3.12/site-packages/airflow/example_dags/example_latest_only.py
[2025-10-07T22:04:54.898+0000] {logging_mixin.py:188} INFO - [2025-10-07T22:04:54.898+0000] {dag.py:3096} INFO - Sync 1 DAGs
[2025-10-07T22:04:54.915+0000] {logging_mixin.py:188} INFO - [2025-10-07T22:04:54.915+0000] {dag.py:3954} INFO - Setting next_dagrun for latest_only to 2025-10-07 16:00:00+00:00, run_after=2025-10-07 20:00:00+00:00
[2025-10-07T22:04:54.930+0000] {processor.py:183} INFO - Processing /home/airflow/.local/lib/python3.12/site-packages/airflow/example_dags/example_latest_only.py took 0.070 seconds
[2025-10-07T22:05:25.197+0000] {processor.py:161} INFO - Started process (PID=696) to work on /home/airflow/.local/lib/python3.12/site-packages/airflow/example_dags/example_latest_only.py
[2025-10-07T22:05:25.198+0000] {processor.py:830} INFO - Processing file /home/airflow/.local/lib/python3.12/site-packages/airflow/example_dags/example_latest_only.py for tasks to queue
[2025-10-07T22:05:25.200+0000] {logging_mixin.py:188} INFO - [2025-10-07T22:05:25.200+0000] {dagbag.py:545} INFO - Filling up the DagBag from /home/airflow/.local/lib/python3.12/site-packages/airflow/example_dags/example_latest_only.py
[2025-10-07T22:05:25.203+0000] {processor.py:840} INFO - DAG(s) 'latest_only' retrieved from /home/airflow/.local/lib/python3.12/site-packages/airflow/example_dags/example_latest_only.py
[2025-10-07T22:05:25.219+0000] {logging_mixin.py:188} INFO - [2025-10-07T22:05:25.219+0000] {dag.py:3096} INFO - Sync 1 DAGs
[2025-10-07T22:05:25.231+0000] {logging_mixin.py:188} INFO - [2025-10-07T22:05:25.231+0000] {dag.py:3954} INFO - Setting next_dagrun for latest_only to 2025-10-07 16:00:00+00:00, run_after=2025-10-07 20:00:00+00:00
[2025-10-07T22:05:25.241+0000] {processor.py:183} INFO - Processing /home/airflow/.local/lib/python3.12/site-packages/airflow/example_dags/example_latest_only.py took 0.047 seconds
[2025-10-07T22:05:55.400+0000] {processor.py:161} INFO - Started process (PID=755) to work on /home/airflow/.local/lib/python3.12/site-packages/airflow/example_dags/example_latest_only.py
[2025-10-07T22:05:55.402+0000] {processor.py:830} INFO - Processing file /home/airflow/.local/lib/python3.12/site-packages/airflow/example_dags/example_latest_only.py for tasks to queue
[2025-10-07T22:05:55.403+0000] {logging_mixin.py:188} INFO - [2025-10-07T22:05:55.403+0000] {dagbag.py:545} INFO - Filling up the DagBag from /home/airflow/.local/lib/python3.12/site-packages/airflow/example_dags/example_latest_only.py
[2025-10-07T22:05:55.406+0000] {processor.py:840} INFO - DAG(s) 'latest_only' retrieved from /home/airflow/.local/lib/python3.12/site-packages/airflow/example_dags/example_latest_only.py
[2025-10-07T22:05:55.418+0000] {logging_mixin.py:188} INFO - [2025-10-07T22:05:55.417+0000] {dag.py:3096} INFO - Sync 1 DAGs
[2025-10-07T22:05:55.433+0000] {logging_mixin.py:188} INFO - [2025-10-07T22:05:55.432+0000] {dag.py:3954} INFO - Setting next_dagrun for latest_only to 2025-10-07 16:00:00+00:00, run_after=2025-10-07 20:00:00+00:00
[2025-10-07T22:05:55.451+0000] {processor.py:183} INFO - Processing /home/airflow/.local/lib/python3.12/site-packages/airflow/example_dags/example_latest_only.py took 0.055 seconds
[2025-10-07T22:06:25.494+0000] {processor.py:161} INFO - Started process (PID=814) to work on /home/airflow/.local/lib/python3.12/site-packages/airflow/example_dags/example_latest_only.py
[2025-10-07T22:06:25.495+0000] {processor.py:830} INFO - Processing file /home/airflow/.local/lib/python3.12/site-packages/airflow/example_dags/example_latest_only.py for tasks to queue
[2025-10-07T22:06:25.496+0000] {logging_mixin.py:188} INFO - [2025-10-07T22:06:25.496+0000] {dagbag.py:545} INFO - Filling up the DagBag from /home/airflow/.local/lib/python3.12/site-packages/airflow/example_dags/example_latest_only.py
[2025-10-07T22:06:25.498+0000] {processor.py:840} INFO - DAG(s) 'latest_only' retrieved from /home/airflow/.local/lib/python3.12/site-packages/airflow/example_dags/example_latest_only.py
[2025-10-07T22:06:25.511+0000] {logging_mixin.py:188} INFO - [2025-10-07T22:06:25.511+0000] {dag.py:3096} INFO - Sync 1 DAGs
[2025-10-07T22:06:25.523+0000] {logging_mixin.py:188} INFO - [2025-10-07T22:06:25.523+0000] {dag.py:3954} INFO - Setting next_dagrun for latest_only to 2025-10-07 16:00:00+00:00, run_after=2025-10-07 20:00:00+00:00
[2025-10-07T22:06:25.539+0000] {processor.py:183} INFO - Processing /home/airflow/.local/lib/python3.12/site-packages/airflow/example_dags/example_latest_only.py took 0.048 seconds
[2025-10-07T22:06:55.602+0000] {processor.py:161} INFO - Started process (PID=873) to work on /home/airflow/.local/lib/python3.12/site-packages/airflow/example_dags/example_latest_only.py
[2025-10-07T22:06:55.603+0000] {processor.py:830} INFO - Processing file /home/airflow/.local/lib/python3.12/site-packages/airflow/example_dags/example_latest_only.py for tasks to queue
[2025-10-07T22:06:55.605+0000] {logging_mixin.py:188} INFO - [2025-10-07T22:06:55.604+0000] {dagbag.py:545} INFO - Filling up the DagBag from /home/airflow/.local/lib/python3.12/site-packages/airflow/example_dags/example_latest_only.py
[2025-10-07T22:06:55.607+0000] {processor.py:840} INFO - DAG(s) 'latest_only' retrieved from /home/airflow/.local/lib/python3.12/site-packages/airflow/example_dags/example_latest_only.py
[2025-10-07T22:06:55.618+0000] {logging_mixin.py:188} INFO - [2025-10-07T22:06:55.617+0000] {dag.py:3096} INFO - Sync 1 DAGs
[2025-10-07T22:06:55.633+0000] {logging_mixin.py:188} INFO - [2025-10-07T22:06:55.633+0000] {dag.py:3954} INFO - Setting next_dagrun for latest_only to 2025-10-07 16:00:00+00:00, run_after=2025-10-07 20:00:00+00:00
[2025-10-07T22:06:55.648+0000] {processor.py:183} INFO - Processing /home/airflow/.local/lib/python3.12/site-packages/airflow/example_dags/example_latest_only.py took 0.049 seconds
[2025-10-07T22:07:25.765+0000] {processor.py:161} INFO - Started process (PID=932) to work on /home/airflow/.local/lib/python3.12/site-packages/airflow/example_dags/example_latest_only.py
[2025-10-07T22:07:25.766+0000] {processor.py:830} INFO - Processing file /home/airflow/.local/lib/python3.12/site-packages/airflow/example_dags/example_latest_only.py for tasks to queue
[2025-10-07T22:07:25.767+0000] {logging_mixin.py:188} INFO - [2025-10-07T22:07:25.767+0000] {dagbag.py:545} INFO - Filling up the DagBag from /home/airflow/.local/lib/python3.12/site-packages/airflow/example_dags/example_latest_only.py
[2025-10-07T22:07:25.770+0000] {processor.py:840} INFO - DAG(s) 'latest_only' retrieved from /home/airflow/.local/lib/python3.12/site-packages/airflow/example_dags/example_latest_only.py
[2025-10-07T22:07:25.781+0000] {logging_mixin.py:188} INFO - [2025-10-07T22:07:25.781+0000] {dag.py:3096} INFO - Sync 1 DAGs
[2025-10-07T22:07:25.793+0000] {logging_mixin.py:188} INFO - [2025-10-07T22:07:25.792+0000] {dag.py:3954} INFO - Setting next_dagrun for latest_only to 2025-10-07 16:00:00+00:00, run_after=2025-10-07 20:00:00+00:00
[2025-10-07T22:07:25.801+0000] {processor.py:183} INFO - Processing /home/airflow/.local/lib/python3.12/site-packages/airflow/example_dags/example_latest_only.py took 0.040 seconds
[2025-10-07T22:07:55.827+0000] {processor.py:161} INFO - Started process (PID=991) to work on /home/airflow/.local/lib/python3.12/site-packages/airflow/example_dags/example_latest_only.py
[2025-10-07T22:07:55.827+0000] {processor.py:830} INFO - Processing file /home/airflow/.local/lib/python3.12/site-packages/airflow/example_dags/example_latest_only.py for tasks to queue
[2025-10-07T22:07:55.829+0000] {logging_mixin.py:188} INFO - [2025-10-07T22:07:55.829+0000] {dagbag.py:545} INFO - Filling up the DagBag from /home/airflow/.local/lib/python3.12/site-packages/airflow/example_dags/example_latest_only.py
[2025-10-07T22:07:55.833+0000] {processor.py:840} INFO - DAG(s) 'latest_only' retrieved from /home/airflow/.local/lib/python3.12/site-packages/airflow/example_dags/example_latest_only.py
[2025-10-07T22:07:55.849+0000] {logging_mixin.py:188} INFO - [2025-10-07T22:07:55.849+0000] {dag.py:3096} INFO - Sync 1 DAGs
[2025-10-07T22:07:55.862+0000] {logging_mixin.py:188} INFO - [2025-10-07T22:07:55.862+0000] {dag.py:3954} INFO - Setting next_dagrun for latest_only to 2025-10-07 16:00:00+00:00, run_after=2025-10-07 20:00:00+00:00
[2025-10-07T22:07:55.876+0000] {processor.py:183} INFO - Processing /home/airflow/.local/lib/python3.12/site-packages/airflow/example_dags/example_latest_only.py took 0.053 seconds
[2025-10-07T22:08:26.029+0000] {processor.py:161} INFO - Started process (PID=1050) to work on /home/airflow/.local/lib/python3.12/site-packages/airflow/example_dags/example_latest_only.py
[2025-10-07T22:08:26.029+0000] {processor.py:830} INFO - Processing file /home/airflow/.local/lib/python3.12/site-packages/airflow/example_dags/example_latest_only.py for tasks to queue
[2025-10-07T22:08:26.031+0000] {logging_mixin.py:188} INFO - [2025-10-07T22:08:26.031+0000] {dagbag.py:545} INFO - Filling up the DagBag from /home/airflow/.local/lib/python3.12/site-packages/airflow/example_dags/example_latest_only.py
[2025-10-07T22:08:26.034+0000] {processor.py:840} INFO - DAG(s) 'latest_only' retrieved from /home/airflow/.local/lib/python3.12/site-packages/airflow/example_dags/example_latest_only.py
[2025-10-07T22:08:26.048+0000] {logging_mixin.py:188} INFO - [2025-10-07T22:08:26.048+0000] {dag.py:3096} INFO - Sync 1 DAGs
[2025-10-07T22:08:26.059+0000] {logging_mixin.py:188} INFO - [2025-10-07T22:08:26.059+0000] {dag.py:3954} INFO - Setting next_dagrun for latest_only to 2025-10-07 16:00:00+00:00, run_after=2025-10-07 20:00:00+00:00
[2025-10-07T22:08:26.074+0000] {processor.py:183} INFO - Processing /home/airflow/.local/lib/python3.12/site-packages/airflow/example_dags/example_latest_only.py took 0.048 seconds
[2025-10-07T22:08:56.155+0000] {processor.py:161} INFO - Started process (PID=1109) to work on /home/airflow/.local/lib/python3.12/site-packages/airflow/example_dags/example_latest_only.py
[2025-10-07T22:08:56.157+0000] {processor.py:830} INFO - Processing file /home/airflow/.local/lib/python3.12/site-packages/airflow/example_dags/example_latest_only.py for tasks to queue
[2025-10-07T22:08:56.158+0000] {logging_mixin.py:188} INFO - [2025-10-07T22:08:56.158+0000] {dagbag.py:545} INFO - Filling up the DagBag from /home/airflow/.local/lib/python3.12/site-packages/airflow/example_dags/example_latest_only.py
[2025-10-07T22:08:56.162+0000] {processor.py:840} INFO - DAG(s) 'latest_only' retrieved from /home/airflow/.local/lib/python3.12/site-packages/airflow/example_dags/example_latest_only.py
[2025-10-07T22:08:56.175+0000] {logging_mixin.py:188} INFO - [2025-10-07T22:08:56.175+0000] {dag.py:3096} INFO - Sync 1 DAGs
[2025-10-07T22:08:56.186+0000] {logging_mixin.py:188} INFO - [2025-10-07T22:08:56.186+0000] {dag.py:3954} INFO - Setting next_dagrun for latest_only to 2025-10-07 16:00:00+00:00, run_after=2025-10-07 20:00:00+00:00
[2025-10-07T22:08:56.198+0000] {processor.py:183} INFO - Processing /home/airflow/.local/lib/python3.12/site-packages/airflow/example_dags/example_latest_only.py took 0.046 seconds
[2025-10-07T22:09:26.420+0000] {processor.py:161} INFO - Started process (PID=1168) to work on /home/airflow/.local/lib/python3.12/site-packages/airflow/example_dags/example_latest_only.py
[2025-10-07T22:09:26.420+0000] {processor.py:830} INFO - Processing file /home/airflow/.local/lib/python3.12/site-packages/airflow/example_dags/example_latest_only.py for tasks to queue
[2025-10-07T22:09:26.422+0000] {logging_mixin.py:188} INFO - [2025-10-07T22:09:26.422+0000] {dagbag.py:545} INFO - Filling up the DagBag from /home/airflow/.local/lib/python3.12/site-packages/airflow/example_dags/example_latest_only.py
[2025-10-07T22:09:26.427+0000] {processor.py:840} INFO - DAG(s) 'latest_only' retrieved from /home/airflow/.local/lib/python3.12/site-packages/airflow/example_dags/example_latest_only.py
[2025-10-07T22:09:26.436+0000] {logging_mixin.py:188} INFO - [2025-10-07T22:09:26.436+0000] {dag.py:3096} INFO - Sync 1 DAGs
[2025-10-07T22:09:26.448+0000] {logging_mixin.py:188} INFO - [2025-10-07T22:09:26.448+0000] {dag.py:3954} INFO - Setting next_dagrun for latest_only to 2025-10-07 16:00:00+00:00, run_after=2025-10-07 20:00:00+00:00
[2025-10-07T22:09:26.457+0000] {processor.py:183} INFO - Processing /home/airflow/.local/lib/python3.12/site-packages/airflow/example_dags/example_latest_only.py took 0.040 seconds
[2025-10-07T22:09:56.629+0000] {processor.py:161} INFO - Started process (PID=1227) to work on /home/airflow/.local/lib/python3.12/site-packages/airflow/example_dags/example_latest_only.py
[2025-10-07T22:09:56.630+0000] {processor.py:830} INFO - Processing file /home/airflow/.local/lib/python3.12/site-packages/airflow/example_dags/example_latest_only.py for tasks to queue
[2025-10-07T22:09:56.631+0000] {logging_mixin.py:188} INFO - [2025-10-07T22:09:56.631+0000] {dagbag.py:545} INFO - Filling up the DagBag from /home/airflow/.local/lib/python3.12/site-packages/airflow/example_dags/example_latest_only.py
[2025-10-07T22:09:56.635+0000] {processor.py:840} INFO - DAG(s) 'latest_only' retrieved from /home/airflow/.local/lib/python3.12/site-packages/airflow/example_dags/example_latest_only.py
[2025-10-07T22:09:56.647+0000] {logging_mixin.py:188} INFO - [2025-10-07T22:09:56.647+0000] {dag.py:3096} INFO - Sync 1 DAGs
[2025-10-07T22:09:56.658+0000] {logging_mixin.py:188} INFO - [2025-10-07T22:09:56.658+0000] {dag.py:3954} INFO - Setting next_dagrun for latest_only to 2025-10-07 16:00:00+00:00, run_after=2025-10-07 20:00:00+00:00
[2025-10-07T22:09:56.668+0000] {processor.py:183} INFO - Processing /home/airflow/.local/lib/python3.12/site-packages/airflow/example_dags/example_latest_only.py took 0.043 seconds
[2025-10-07T22:10:26.800+0000] {processor.py:161} INFO - Started process (PID=1286) to work on /home/airflow/.local/lib/python3.12/site-packages/airflow/example_dags/example_latest_only.py
[2025-10-07T22:10:26.804+0000] {processor.py:830} INFO - Processing file /home/airflow/.local/lib/python3.12/site-packages/airflow/example_dags/example_latest_only.py for tasks to queue
[2025-10-07T22:10:26.805+0000] {logging_mixin.py:188} INFO - [2025-10-07T22:10:26.805+0000] {dagbag.py:545} INFO - Filling up the DagBag from /home/airflow/.local/lib/python3.12/site-packages/airflow/example_dags/example_latest_only.py
[2025-10-07T22:10:26.808+0000] {processor.py:840} INFO - DAG(s) 'latest_only' retrieved from /home/airflow/.local/lib/python3.12/site-packages/airflow/example_dags/example_latest_only.py
[2025-10-07T22:10:26.819+0000] {logging_mixin.py:188} INFO - [2025-10-07T22:10:26.819+0000] {dag.py:3096} INFO - Sync 1 DAGs
[2025-10-07T22:10:26.830+0000] {logging_mixin.py:188} INFO - [2025-10-07T22:10:26.830+0000] {dag.py:3954} INFO - Setting next_dagrun for latest_only to 2025-10-07 16:00:00+00:00, run_after=2025-10-07 20:00:00+00:00
[2025-10-07T22:10:26.842+0000] {processor.py:183} INFO - Processing /home/airflow/.local/lib/python3.12/site-packages/airflow/example_dags/example_latest_only.py took 0.045 seconds
[2025-10-07T22:10:56.874+0000] {processor.py:161} INFO - Started process (PID=1345) to work on /home/airflow/.local/lib/python3.12/site-packages/airflow/example_dags/example_latest_only.py
[2025-10-07T22:10:56.876+0000] {processor.py:830} INFO - Processing file /home/airflow/.local/lib/python3.12/site-packages/airflow/example_dags/example_latest_only.py for tasks to queue
[2025-10-07T22:10:56.877+0000] {logging_mixin.py:188} INFO - [2025-10-07T22:10:56.877+0000] {dagbag.py:545} INFO - Filling up the DagBag from /home/airflow/.local/lib/python3.12/site-packages/airflow/example_dags/example_latest_only.py
[2025-10-07T22:10:56.882+0000] {processor.py:840} INFO - DAG(s) 'latest_only' retrieved from /home/airflow/.local/lib/python3.12/site-packages/airflow/example_dags/example_latest_only.py
[2025-10-07T22:10:56.898+0000] {logging_mixin.py:188} INFO - [2025-10-07T22:10:56.898+0000] {dag.py:3096} INFO - Sync 1 DAGs
[2025-10-07T22:10:56.910+0000] {logging_mixin.py:188} INFO - [2025-10-07T22:10:56.910+0000] {dag.py:3954} INFO - Setting next_dagrun for latest_only to 2025-10-07 16:00:00+00:00, run_after=2025-10-07 20:00:00+00:00
[2025-10-07T22:10:56.924+0000] {processor.py:183} INFO - Processing /home/airflow/.local/lib/python3.12/site-packages/airflow/example_dags/example_latest_only.py took 0.054 seconds
[2025-10-07T22:11:27.083+0000] {processor.py:161} INFO - Started process (PID=1404) to work on /home/airflow/.local/lib/python3.12/site-packages/airflow/example_dags/example_latest_only.py
[2025-10-07T22:11:27.084+0000] {processor.py:830} INFO - Processing file /home/airflow/.local/lib/python3.12/site-packages/airflow/example_dags/example_latest_only.py for tasks to queue
[2025-10-07T22:11:27.085+0000] {logging_mixin.py:188} INFO - [2025-10-07T22:11:27.085+0000] {dagbag.py:545} INFO - Filling up the DagBag from /home/airflow/.local/lib/python3.12/site-packages/airflow/example_dags/example_latest_only.py
[2025-10-07T22:11:27.088+0000] {processor.py:840} INFO - DAG(s) 'latest_only' retrieved from /home/airflow/.local/lib/python3.12/site-packages/airflow/example_dags/example_latest_only.py
[2025-10-07T22:11:27.098+0000] {logging_mixin.py:188} INFO - [2025-10-07T22:11:27.098+0000] {dag.py:3096} INFO - Sync 1 DAGs
[2025-10-07T22:11:27.109+0000] {logging_mixin.py:188} INFO - [2025-10-07T22:11:27.109+0000] {dag.py:3954} INFO - Setting next_dagrun for latest_only to 2025-10-07 16:00:00+00:00, run_after=2025-10-07 20:00:00+00:00
[2025-10-07T22:11:27.118+0000] {processor.py:183} INFO - Processing /home/airflow/.local/lib/python3.12/site-packages/airflow/example_dags/example_latest_only.py took 0.038 seconds
[2025-10-07T22:11:57.148+0000] {processor.py:161} INFO - Started process (PID=1463) to work on /home/airflow/.local/lib/python3.12/site-packages/airflow/example_dags/example_latest_only.py
[2025-10-07T22:11:57.152+0000] {processor.py:830} INFO - Processing file /home/airflow/.local/lib/python3.12/site-packages/airflow/example_dags/example_latest_only.py for tasks to queue
[2025-10-07T22:11:57.153+0000] {logging_mixin.py:188} INFO - [2025-10-07T22:11:57.152+0000] {dagbag.py:545} INFO - Filling up the DagBag from /home/airflow/.local/lib/python3.12/site-packages/airflow/example_dags/example_latest_only.py
[2025-10-07T22:11:57.155+0000] {processor.py:840} INFO - DAG(s) 'latest_only' retrieved from /home/airflow/.local/lib/python3.12/site-packages/airflow/example_dags/example_latest_only.py
[2025-10-07T22:11:57.169+0000] {logging_mixin.py:188} INFO - [2025-10-07T22:11:57.169+0000] {dag.py:3096} INFO - Sync 1 DAGs
[2025-10-07T22:11:57.180+0000] {logging_mixin.py:188} INFO - [2025-10-07T22:11:57.180+0000] {dag.py:3954} INFO - Setting next_dagrun for latest_only to 2025-10-07 16:00:00+00:00, run_after=2025-10-07 20:00:00+00:00
[2025-10-07T22:11:57.193+0000] {processor.py:183} INFO - Processing /home/airflow/.local/lib/python3.12/site-packages/airflow/example_dags/example_latest_only.py took 0.048 seconds
[2025-10-07T22:12:27.392+0000] {processor.py:161} INFO - Started process (PID=1522) to work on /home/airflow/.local/lib/python3.12/site-packages/airflow/example_dags/example_latest_only.py
[2025-10-07T22:12:27.393+0000] {processor.py:830} INFO - Processing file /home/airflow/.local/lib/python3.12/site-packages/airflow/example_dags/example_latest_only.py for tasks to queue
[2025-10-07T22:12:27.394+0000] {logging_mixin.py:188} INFO - [2025-10-07T22:12:27.394+0000] {dagbag.py:545} INFO - Filling up the DagBag from /home/airflow/.local/lib/python3.12/site-packages/airflow/example_dags/example_latest_only.py
[2025-10-07T22:12:27.396+0000] {processor.py:840} INFO - DAG(s) 'latest_only' retrieved from /home/airflow/.local/lib/python3.12/site-packages/airflow/example_dags/example_latest_only.py
[2025-10-07T22:12:27.408+0000] {logging_mixin.py:188} INFO - [2025-10-07T22:12:27.407+0000] {dag.py:3096} INFO - Sync 1 DAGs
[2025-10-07T22:12:27.419+0000] {logging_mixin.py:188} INFO - [2025-10-07T22:12:27.419+0000] {dag.py:3954} INFO - Setting next_dagrun for latest_only to 2025-10-07 16:00:00+00:00, run_after=2025-10-07 20:00:00+00:00
[2025-10-07T22:12:27.431+0000] {processor.py:183} INFO - Processing /home/airflow/.local/lib/python3.12/site-packages/airflow/example_dags/example_latest_only.py took 0.042 seconds
[2025-10-07T22:12:57.516+0000] {processor.py:161} INFO - Started process (PID=1581) to work on /home/airflow/.local/lib/python3.12/site-packages/airflow/example_dags/example_latest_only.py
[2025-10-07T22:12:57.517+0000] {processor.py:830} INFO - Processing file /home/airflow/.local/lib/python3.12/site-packages/airflow/example_dags/example_latest_only.py for tasks to queue
[2025-10-07T22:12:57.520+0000] {logging_mixin.py:188} INFO - [2025-10-07T22:12:57.520+0000] {dagbag.py:545} INFO - Filling up the DagBag from /home/airflow/.local/lib/python3.12/site-packages/airflow/example_dags/example_latest_only.py
[2025-10-07T22:12:57.524+0000] {processor.py:840} INFO - DAG(s) 'latest_only' retrieved from /home/airflow/.local/lib/python3.12/site-packages/airflow/example_dags/example_latest_only.py
[2025-10-07T22:12:57.538+0000] {logging_mixin.py:188} INFO - [2025-10-07T22:12:57.537+0000] {dag.py:3096} INFO - Sync 1 DAGs
[2025-10-07T22:12:57.550+0000] {logging_mixin.py:188} INFO - [2025-10-07T22:12:57.550+0000] {dag.py:3954} INFO - Setting next_dagrun for latest_only to 2025-10-07 16:00:00+00:00, run_after=2025-10-07 20:00:00+00:00
[2025-10-07T22:12:57.562+0000] {processor.py:183} INFO - Processing /home/airflow/.local/lib/python3.12/site-packages/airflow/example_dags/example_latest_only.py took 0.050 seconds
[2025-10-07T22:13:27.856+0000] {processor.py:161} INFO - Started process (PID=1640) to work on /home/airflow/.local/lib/python3.12/site-packages/airflow/example_dags/example_latest_only.py
[2025-10-07T22:13:27.856+0000] {processor.py:830} INFO - Processing file /home/airflow/.local/lib/python3.12/site-packages/airflow/example_dags/example_latest_only.py for tasks to queue
[2025-10-07T22:13:27.858+0000] {logging_mixin.py:188} INFO - [2025-10-07T22:13:27.858+0000] {dagbag.py:545} INFO - Filling up the DagBag from /home/airflow/.local/lib/python3.12/site-packages/airflow/example_dags/example_latest_only.py
[2025-10-07T22:13:27.861+0000] {processor.py:840} INFO - DAG(s) 'latest_only' retrieved from /home/airflow/.local/lib/python3.12/site-packages/airflow/example_dags/example_latest_only.py
[2025-10-07T22:13:27.873+0000] {logging_mixin.py:188} INFO - [2025-10-07T22:13:27.873+0000] {dag.py:3096} INFO - Sync 1 DAGs
[2025-10-07T22:13:27.884+0000] {logging_mixin.py:188} INFO - [2025-10-07T22:13:27.884+0000] {dag.py:3954} INFO - Setting next_dagrun for latest_only to 2025-10-07 16:00:00+00:00, run_after=2025-10-07 20:00:00+00:00
[2025-10-07T22:13:27.895+0000] {processor.py:183} INFO - Processing /home/airflow/.local/lib/python3.12/site-packages/airflow/example_dags/example_latest_only.py took 0.043 seconds
[2025-10-07T22:13:57.951+0000] {processor.py:161} INFO - Started process (PID=1699) to work on /home/airflow/.local/lib/python3.12/site-packages/airflow/example_dags/example_latest_only.py
[2025-10-07T22:13:57.952+0000] {processor.py:830} INFO - Processing file /home/airflow/.local/lib/python3.12/site-packages/airflow/example_dags/example_latest_only.py for tasks to queue
[2025-10-07T22:13:57.952+0000] {logging_mixin.py:188} INFO - [2025-10-07T22:13:57.952+0000] {dagbag.py:545} INFO - Filling up the DagBag from /home/airflow/.local/lib/python3.12/site-packages/airflow/example_dags/example_latest_only.py
[2025-10-07T22:13:57.955+0000] {processor.py:840} INFO - DAG(s) 'latest_only' retrieved from /home/airflow/.local/lib/python3.12/site-packages/airflow/example_dags/example_latest_only.py
[2025-10-07T22:13:57.966+0000] {logging_mixin.py:188} INFO - [2025-10-07T22:13:57.966+0000] {dag.py:3096} INFO - Sync 1 DAGs
[2025-10-07T22:13:57.976+0000] {logging_mixin.py:188} INFO - [2025-10-07T22:13:57.976+0000] {dag.py:3954} INFO - Setting next_dagrun for latest_only to 2025-10-07 16:00:00+00:00, run_after=2025-10-07 20:00:00+00:00
[2025-10-07T22:13:57.986+0000] {processor.py:183} INFO - Processing /home/airflow/.local/lib/python3.12/site-packages/airflow/example_dags/example_latest_only.py took 0.038 seconds
[2025-10-07T22:14:28.038+0000] {processor.py:161} INFO - Started process (PID=1758) to work on /home/airflow/.local/lib/python3.12/site-packages/airflow/example_dags/example_latest_only.py
[2025-10-07T22:14:28.038+0000] {processor.py:830} INFO - Processing file /home/airflow/.local/lib/python3.12/site-packages/airflow/example_dags/example_latest_only.py for tasks to queue
[2025-10-07T22:14:28.040+0000] {logging_mixin.py:188} INFO - [2025-10-07T22:14:28.040+0000] {dagbag.py:545} INFO - Filling up the DagBag from /home/airflow/.local/lib/python3.12/site-packages/airflow/example_dags/example_latest_only.py
[2025-10-07T22:14:28.043+0000] {processor.py:840} INFO - DAG(s) 'latest_only' retrieved from /home/airflow/.local/lib/python3.12/site-packages/airflow/example_dags/example_latest_only.py
[2025-10-07T22:14:28.054+0000] {logging_mixin.py:188} INFO - [2025-10-07T22:14:28.053+0000] {dag.py:3096} INFO - Sync 1 DAGs
[2025-10-07T22:14:28.065+0000] {logging_mixin.py:188} INFO - [2025-10-07T22:14:28.064+0000] {dag.py:3954} INFO - Setting next_dagrun for latest_only to 2025-10-07 16:00:00+00:00, run_after=2025-10-07 20:00:00+00:00
[2025-10-07T22:14:28.073+0000] {processor.py:183} INFO - Processing /home/airflow/.local/lib/python3.12/site-packages/airflow/example_dags/example_latest_only.py took 0.039 seconds
[2025-10-07T22:14:58.245+0000] {processor.py:161} INFO - Started process (PID=1817) to work on /home/airflow/.local/lib/python3.12/site-packages/airflow/example_dags/example_latest_only.py
[2025-10-07T22:14:58.249+0000] {processor.py:830} INFO - Processing file /home/airflow/.local/lib/python3.12/site-packages/airflow/example_dags/example_latest_only.py for tasks to queue
[2025-10-07T22:14:58.250+0000] {logging_mixin.py:188} INFO - [2025-10-07T22:14:58.250+0000] {dagbag.py:545} INFO - Filling up the DagBag from /home/airflow/.local/lib/python3.12/site-packages/airflow/example_dags/example_latest_only.py
[2025-10-07T22:14:58.253+0000] {processor.py:840} INFO - DAG(s) 'latest_only' retrieved from /home/airflow/.local/lib/python3.12/site-packages/airflow/example_dags/example_latest_only.py
[2025-10-07T22:14:58.263+0000] {logging_mixin.py:188} INFO - [2025-10-07T22:14:58.263+0000] {dag.py:3096} INFO - Sync 1 DAGs
[2025-10-07T22:14:58.277+0000] {logging_mixin.py:188} INFO - [2025-10-07T22:14:58.277+0000] {dag.py:3954} INFO - Setting next_dagrun for latest_only to 2025-10-07 16:00:00+00:00, run_after=2025-10-07 20:00:00+00:00
[2025-10-07T22:14:58.288+0000] {processor.py:183} INFO - Processing /home/airflow/.local/lib/python3.12/site-packages/airflow/example_dags/example_latest_only.py took 0.046 seconds
[2025-10-07T22:15:28.596+0000] {processor.py:161} INFO - Started process (PID=1876) to work on /home/airflow/.local/lib/python3.12/site-packages/airflow/example_dags/example_latest_only.py
[2025-10-07T22:15:28.597+0000] {processor.py:830} INFO - Processing file /home/airflow/.local/lib/python3.12/site-packages/airflow/example_dags/example_latest_only.py for tasks to queue
[2025-10-07T22:15:28.598+0000] {logging_mixin.py:188} INFO - [2025-10-07T22:15:28.598+0000] {dagbag.py:545} INFO - Filling up the DagBag from /home/airflow/.local/lib/python3.12/site-packages/airflow/example_dags/example_latest_only.py
[2025-10-07T22:15:28.601+0000] {processor.py:840} INFO - DAG(s) 'latest_only' retrieved from /home/airflow/.local/lib/python3.12/site-packages/airflow/example_dags/example_latest_only.py
[2025-10-07T22:15:28.613+0000] {logging_mixin.py:188} INFO - [2025-10-07T22:15:28.613+0000] {dag.py:3096} INFO - Sync 1 DAGs
[2025-10-07T22:15:28.624+0000] {logging_mixin.py:188} INFO - [2025-10-07T22:15:28.624+0000] {dag.py:3954} INFO - Setting next_dagrun for latest_only to 2025-10-07 16:00:00+00:00, run_after=2025-10-07 20:00:00+00:00
[2025-10-07T22:15:28.633+0000] {processor.py:183} INFO - Processing /home/airflow/.local/lib/python3.12/site-packages/airflow/example_dags/example_latest_only.py took 0.040 seconds
[2025-10-07T22:15:59.399+0000] {processor.py:161} INFO - Started process (PID=1935) to work on /home/airflow/.local/lib/python3.12/site-packages/airflow/example_dags/example_latest_only.py
[2025-10-07T22:15:59.400+0000] {processor.py:830} INFO - Processing file /home/airflow/.local/lib/python3.12/site-packages/airflow/example_dags/example_latest_only.py for tasks to queue
[2025-10-07T22:15:59.402+0000] {logging_mixin.py:188} INFO - [2025-10-07T22:15:59.402+0000] {dagbag.py:545} INFO - Filling up the DagBag from /home/airflow/.local/lib/python3.12/site-packages/airflow/example_dags/example_latest_only.py
[2025-10-07T22:15:59.404+0000] {processor.py:840} INFO - DAG(s) 'latest_only' retrieved from /home/airflow/.local/lib/python3.12/site-packages/airflow/example_dags/example_latest_only.py
[2025-10-07T22:15:59.417+0000] {logging_mixin.py:188} INFO - [2025-10-07T22:15:59.416+0000] {dag.py:3096} INFO - Sync 1 DAGs
[2025-10-07T22:15:59.428+0000] {logging_mixin.py:188} INFO - [2025-10-07T22:15:59.428+0000] {dag.py:3954} INFO - Setting next_dagrun for latest_only to 2025-10-07 16:00:00+00:00, run_after=2025-10-07 20:00:00+00:00
[2025-10-07T22:15:59.439+0000] {processor.py:183} INFO - Processing /home/airflow/.local/lib/python3.12/site-packages/airflow/example_dags/example_latest_only.py took 0.044 seconds
[2025-10-07T22:16:29.474+0000] {processor.py:161} INFO - Started process (PID=1994) to work on /home/airflow/.local/lib/python3.12/site-packages/airflow/example_dags/example_latest_only.py
[2025-10-07T22:16:29.477+0000] {processor.py:830} INFO - Processing file /home/airflow/.local/lib/python3.12/site-packages/airflow/example_dags/example_latest_only.py for tasks to queue
[2025-10-07T22:16:29.479+0000] {logging_mixin.py:188} INFO - [2025-10-07T22:16:29.479+0000] {dagbag.py:545} INFO - Filling up the DagBag from /home/airflow/.local/lib/python3.12/site-packages/airflow/example_dags/example_latest_only.py
[2025-10-07T22:16:29.481+0000] {processor.py:840} INFO - DAG(s) 'latest_only' retrieved from /home/airflow/.local/lib/python3.12/site-packages/airflow/example_dags/example_latest_only.py
[2025-10-07T22:16:29.492+0000] {logging_mixin.py:188} INFO - [2025-10-07T22:16:29.492+0000] {dag.py:3096} INFO - Sync 1 DAGs
[2025-10-07T22:16:29.502+0000] {logging_mixin.py:188} INFO - [2025-10-07T22:16:29.502+0000] {dag.py:3954} INFO - Setting next_dagrun for latest_only to 2025-10-07 16:00:00+00:00, run_after=2025-10-07 20:00:00+00:00
[2025-10-07T22:16:29.513+0000] {processor.py:183} INFO - Processing /home/airflow/.local/lib/python3.12/site-packages/airflow/example_dags/example_latest_only.py took 0.042 seconds
[2025-10-07T22:17:00.242+0000] {processor.py:161} INFO - Started process (PID=2053) to work on /home/airflow/.local/lib/python3.12/site-packages/airflow/example_dags/example_latest_only.py
[2025-10-07T22:17:00.242+0000] {processor.py:830} INFO - Processing file /home/airflow/.local/lib/python3.12/site-packages/airflow/example_dags/example_latest_only.py for tasks to queue
[2025-10-07T22:17:00.244+0000] {logging_mixin.py:188} INFO - [2025-10-07T22:17:00.244+0000] {dagbag.py:545} INFO - Filling up the DagBag from /home/airflow/.local/lib/python3.12/site-packages/airflow/example_dags/example_latest_only.py
[2025-10-07T22:17:00.246+0000] {processor.py:840} INFO - DAG(s) 'latest_only' retrieved from /home/airflow/.local/lib/python3.12/site-packages/airflow/example_dags/example_latest_only.py
[2025-10-07T22:17:00.257+0000] {logging_mixin.py:188} INFO - [2025-10-07T22:17:00.257+0000] {dag.py:3096} INFO - Sync 1 DAGs
[2025-10-07T22:17:00.268+0000] {logging_mixin.py:188} INFO - [2025-10-07T22:17:00.268+0000] {dag.py:3954} INFO - Setting next_dagrun for latest_only to 2025-10-07 16:00:00+00:00, run_after=2025-10-07 20:00:00+00:00
[2025-10-07T22:17:00.280+0000] {processor.py:183} INFO - Processing /home/airflow/.local/lib/python3.12/site-packages/airflow/example_dags/example_latest_only.py took 0.041 seconds
[2025-10-07T22:17:30.727+0000] {processor.py:161} INFO - Started process (PID=2112) to work on /home/airflow/.local/lib/python3.12/site-packages/airflow/example_dags/example_latest_only.py
[2025-10-07T22:17:30.729+0000] {processor.py:830} INFO - Processing file /home/airflow/.local/lib/python3.12/site-packages/airflow/example_dags/example_latest_only.py for tasks to queue
[2025-10-07T22:17:30.731+0000] {logging_mixin.py:188} INFO - [2025-10-07T22:17:30.731+0000] {dagbag.py:545} INFO - Filling up the DagBag from /home/airflow/.local/lib/python3.12/site-packages/airflow/example_dags/example_latest_only.py
[2025-10-07T22:17:30.734+0000] {processor.py:840} INFO - DAG(s) 'latest_only' retrieved from /home/airflow/.local/lib/python3.12/site-packages/airflow/example_dags/example_latest_only.py
[2025-10-07T22:17:30.836+0000] {logging_mixin.py:188} INFO - [2025-10-07T22:17:30.836+0000] {dag.py:3096} INFO - Sync 1 DAGs
[2025-10-07T22:17:30.849+0000] {logging_mixin.py:188} INFO - [2025-10-07T22:17:30.849+0000] {dag.py:3954} INFO - Setting next_dagrun for latest_only to 2025-10-07 16:00:00+00:00, run_after=2025-10-07 20:00:00+00:00
[2025-10-07T22:17:30.859+0000] {processor.py:183} INFO - Processing /home/airflow/.local/lib/python3.12/site-packages/airflow/example_dags/example_latest_only.py took 0.135 seconds
[2025-10-07T22:18:01.223+0000] {processor.py:161} INFO - Started process (PID=2171) to work on /home/airflow/.local/lib/python3.12/site-packages/airflow/example_dags/example_latest_only.py
[2025-10-07T22:18:01.224+0000] {processor.py:830} INFO - Processing file /home/airflow/.local/lib/python3.12/site-packages/airflow/example_dags/example_latest_only.py for tasks to queue
[2025-10-07T22:18:01.225+0000] {logging_mixin.py:188} INFO - [2025-10-07T22:18:01.225+0000] {dagbag.py:545} INFO - Filling up the DagBag from /home/airflow/.local/lib/python3.12/site-packages/airflow/example_dags/example_latest_only.py
[2025-10-07T22:18:01.228+0000] {processor.py:840} INFO - DAG(s) 'latest_only' retrieved from /home/airflow/.local/lib/python3.12/site-packages/airflow/example_dags/example_latest_only.py
[2025-10-07T22:18:01.240+0000] {logging_mixin.py:188} INFO - [2025-10-07T22:18:01.240+0000] {dag.py:3096} INFO - Sync 1 DAGs
[2025-10-07T22:18:01.252+0000] {logging_mixin.py:188} INFO - [2025-10-07T22:18:01.252+0000] {dag.py:3954} INFO - Setting next_dagrun for latest_only to 2025-10-07 16:00:00+00:00, run_after=2025-10-07 20:00:00+00:00
[2025-10-07T22:18:01.267+0000] {processor.py:183} INFO - Processing /home/airflow/.local/lib/python3.12/site-packages/airflow/example_dags/example_latest_only.py took 0.050 seconds
[2025-10-07T22:18:31.476+0000] {processor.py:161} INFO - Started process (PID=2230) to work on /home/airflow/.local/lib/python3.12/site-packages/airflow/example_dags/example_latest_only.py
[2025-10-07T22:18:31.479+0000] {processor.py:830} INFO - Processing file /home/airflow/.local/lib/python3.12/site-packages/airflow/example_dags/example_latest_only.py for tasks to queue
[2025-10-07T22:18:31.490+0000] {logging_mixin.py:188} INFO - [2025-10-07T22:18:31.489+0000] {dagbag.py:545} INFO - Filling up the DagBag from /home/airflow/.local/lib/python3.12/site-packages/airflow/example_dags/example_latest_only.py
[2025-10-07T22:18:31.496+0000] {processor.py:840} INFO - DAG(s) 'latest_only' retrieved from /home/airflow/.local/lib/python3.12/site-packages/airflow/example_dags/example_latest_only.py
[2025-10-07T22:18:31.518+0000] {logging_mixin.py:188} INFO - [2025-10-07T22:18:31.518+0000] {dag.py:3096} INFO - Sync 1 DAGs
[2025-10-07T22:18:31.535+0000] {logging_mixin.py:188} INFO - [2025-10-07T22:18:31.534+0000] {dag.py:3954} INFO - Setting next_dagrun for latest_only to 2025-10-07 16:00:00+00:00, run_after=2025-10-07 20:00:00+00:00
[2025-10-07T22:18:31.550+0000] {processor.py:183} INFO - Processing /home/airflow/.local/lib/python3.12/site-packages/airflow/example_dags/example_latest_only.py took 0.078 seconds
[2025-10-07T22:19:15.625+0000] {processor.py:161} INFO - Started process (PID=40) to work on /home/airflow/.local/lib/python3.12/site-packages/airflow/example_dags/example_latest_only.py
[2025-10-07T22:19:15.629+0000] {processor.py:830} INFO - Processing file /home/airflow/.local/lib/python3.12/site-packages/airflow/example_dags/example_latest_only.py for tasks to queue
[2025-10-07T22:19:15.632+0000] {logging_mixin.py:188} INFO - [2025-10-07T22:19:15.632+0000] {dagbag.py:545} INFO - Filling up the DagBag from /home/airflow/.local/lib/python3.12/site-packages/airflow/example_dags/example_latest_only.py
[2025-10-07T22:19:15.642+0000] {processor.py:840} INFO - DAG(s) 'latest_only' retrieved from /home/airflow/.local/lib/python3.12/site-packages/airflow/example_dags/example_latest_only.py
[2025-10-07T22:19:15.653+0000] {logging_mixin.py:188} INFO - [2025-10-07T22:19:15.653+0000] {dag.py:3096} INFO - Sync 1 DAGs
[2025-10-07T22:19:15.669+0000] {logging_mixin.py:188} INFO - [2025-10-07T22:19:15.669+0000] {dag.py:3954} INFO - Setting next_dagrun for latest_only to 2025-10-07 16:00:00+00:00, run_after=2025-10-07 20:00:00+00:00
[2025-10-07T22:19:15.681+0000] {processor.py:183} INFO - Processing /home/airflow/.local/lib/python3.12/site-packages/airflow/example_dags/example_latest_only.py took 0.065 seconds
[2025-10-07T22:19:46.333+0000] {processor.py:161} INFO - Started process (PID=99) to work on /home/airflow/.local/lib/python3.12/site-packages/airflow/example_dags/example_latest_only.py
[2025-10-07T22:19:46.334+0000] {processor.py:830} INFO - Processing file /home/airflow/.local/lib/python3.12/site-packages/airflow/example_dags/example_latest_only.py for tasks to queue
[2025-10-07T22:19:46.335+0000] {logging_mixin.py:188} INFO - [2025-10-07T22:19:46.335+0000] {dagbag.py:545} INFO - Filling up the DagBag from /home/airflow/.local/lib/python3.12/site-packages/airflow/example_dags/example_latest_only.py
[2025-10-07T22:19:46.338+0000] {processor.py:840} INFO - DAG(s) 'latest_only' retrieved from /home/airflow/.local/lib/python3.12/site-packages/airflow/example_dags/example_latest_only.py
[2025-10-07T22:19:46.417+0000] {logging_mixin.py:188} INFO - [2025-10-07T22:19:46.417+0000] {dag.py:3096} INFO - Sync 1 DAGs
[2025-10-07T22:19:46.432+0000] {logging_mixin.py:188} INFO - [2025-10-07T22:19:46.432+0000] {dag.py:3954} INFO - Setting next_dagrun for latest_only to 2025-10-07 16:00:00+00:00, run_after=2025-10-07 20:00:00+00:00
[2025-10-07T22:19:46.451+0000] {processor.py:183} INFO - Processing /home/airflow/.local/lib/python3.12/site-packages/airflow/example_dags/example_latest_only.py took 0.123 seconds
[2025-10-07T22:20:16.503+0000] {processor.py:161} INFO - Started process (PID=158) to work on /home/airflow/.local/lib/python3.12/site-packages/airflow/example_dags/example_latest_only.py
[2025-10-07T22:20:16.504+0000] {processor.py:830} INFO - Processing file /home/airflow/.local/lib/python3.12/site-packages/airflow/example_dags/example_latest_only.py for tasks to queue
[2025-10-07T22:20:16.505+0000] {logging_mixin.py:188} INFO - [2025-10-07T22:20:16.505+0000] {dagbag.py:545} INFO - Filling up the DagBag from /home/airflow/.local/lib/python3.12/site-packages/airflow/example_dags/example_latest_only.py
[2025-10-07T22:20:16.510+0000] {processor.py:840} INFO - DAG(s) 'latest_only' retrieved from /home/airflow/.local/lib/python3.12/site-packages/airflow/example_dags/example_latest_only.py
[2025-10-07T22:20:16.529+0000] {logging_mixin.py:188} INFO - [2025-10-07T22:20:16.529+0000] {dag.py:3096} INFO - Sync 1 DAGs
[2025-10-07T22:20:16.548+0000] {logging_mixin.py:188} INFO - [2025-10-07T22:20:16.548+0000] {dag.py:3954} INFO - Setting next_dagrun for latest_only to 2025-10-07 16:00:00+00:00, run_after=2025-10-07 20:00:00+00:00
[2025-10-07T22:20:16.567+0000] {processor.py:183} INFO - Processing /home/airflow/.local/lib/python3.12/site-packages/airflow/example_dags/example_latest_only.py took 0.068 seconds
[2025-10-07T22:20:46.940+0000] {processor.py:161} INFO - Started process (PID=217) to work on /home/airflow/.local/lib/python3.12/site-packages/airflow/example_dags/example_latest_only.py
[2025-10-07T22:20:46.942+0000] {processor.py:830} INFO - Processing file /home/airflow/.local/lib/python3.12/site-packages/airflow/example_dags/example_latest_only.py for tasks to queue
[2025-10-07T22:20:46.945+0000] {logging_mixin.py:188} INFO - [2025-10-07T22:20:46.945+0000] {dagbag.py:545} INFO - Filling up the DagBag from /home/airflow/.local/lib/python3.12/site-packages/airflow/example_dags/example_latest_only.py
[2025-10-07T22:20:46.952+0000] {processor.py:840} INFO - DAG(s) 'latest_only' retrieved from /home/airflow/.local/lib/python3.12/site-packages/airflow/example_dags/example_latest_only.py
[2025-10-07T22:20:46.968+0000] {logging_mixin.py:188} INFO - [2025-10-07T22:20:46.968+0000] {dag.py:3096} INFO - Sync 1 DAGs
[2025-10-07T22:20:46.982+0000] {logging_mixin.py:188} INFO - [2025-10-07T22:20:46.982+0000] {dag.py:3954} INFO - Setting next_dagrun for latest_only to 2025-10-07 16:00:00+00:00, run_after=2025-10-07 20:00:00+00:00
[2025-10-07T22:20:46.997+0000] {processor.py:183} INFO - Processing /home/airflow/.local/lib/python3.12/site-packages/airflow/example_dags/example_latest_only.py took 0.061 seconds
[2025-10-07T22:21:17.060+0000] {processor.py:161} INFO - Started process (PID=276) to work on /home/airflow/.local/lib/python3.12/site-packages/airflow/example_dags/example_latest_only.py
[2025-10-07T22:21:17.061+0000] {processor.py:830} INFO - Processing file /home/airflow/.local/lib/python3.12/site-packages/airflow/example_dags/example_latest_only.py for tasks to queue
[2025-10-07T22:21:17.064+0000] {logging_mixin.py:188} INFO - [2025-10-07T22:21:17.063+0000] {dagbag.py:545} INFO - Filling up the DagBag from /home/airflow/.local/lib/python3.12/site-packages/airflow/example_dags/example_latest_only.py
[2025-10-07T22:21:17.067+0000] {processor.py:840} INFO - DAG(s) 'latest_only' retrieved from /home/airflow/.local/lib/python3.12/site-packages/airflow/example_dags/example_latest_only.py
[2025-10-07T22:21:17.081+0000] {logging_mixin.py:188} INFO - [2025-10-07T22:21:17.080+0000] {dag.py:3096} INFO - Sync 1 DAGs
[2025-10-07T22:21:17.091+0000] {logging_mixin.py:188} INFO - [2025-10-07T22:21:17.091+0000] {dag.py:3954} INFO - Setting next_dagrun for latest_only to 2025-10-07 16:00:00+00:00, run_after=2025-10-07 20:00:00+00:00
[2025-10-07T22:21:17.111+0000] {processor.py:183} INFO - Processing /home/airflow/.local/lib/python3.12/site-packages/airflow/example_dags/example_latest_only.py took 0.053 seconds
[2025-10-07T22:21:47.434+0000] {processor.py:161} INFO - Started process (PID=335) to work on /home/airflow/.local/lib/python3.12/site-packages/airflow/example_dags/example_latest_only.py
[2025-10-07T22:21:47.437+0000] {processor.py:830} INFO - Processing file /home/airflow/.local/lib/python3.12/site-packages/airflow/example_dags/example_latest_only.py for tasks to queue
[2025-10-07T22:21:47.438+0000] {logging_mixin.py:188} INFO - [2025-10-07T22:21:47.438+0000] {dagbag.py:545} INFO - Filling up the DagBag from /home/airflow/.local/lib/python3.12/site-packages/airflow/example_dags/example_latest_only.py
[2025-10-07T22:21:47.441+0000] {processor.py:840} INFO - DAG(s) 'latest_only' retrieved from /home/airflow/.local/lib/python3.12/site-packages/airflow/example_dags/example_latest_only.py
[2025-10-07T22:21:47.457+0000] {logging_mixin.py:188} INFO - [2025-10-07T22:21:47.457+0000] {dag.py:3096} INFO - Sync 1 DAGs
[2025-10-07T22:21:47.473+0000] {logging_mixin.py:188} INFO - [2025-10-07T22:21:47.473+0000] {dag.py:3954} INFO - Setting next_dagrun for latest_only to 2025-10-07 16:00:00+00:00, run_after=2025-10-07 20:00:00+00:00
[2025-10-07T22:21:47.486+0000] {processor.py:183} INFO - Processing /home/airflow/.local/lib/python3.12/site-packages/airflow/example_dags/example_latest_only.py took 0.057 seconds
