[2025-10-07T21:54:25.770+0000] {processor.py:161} INFO - Started process (PID=77) to work on /home/airflow/.local/lib/python3.12/site-packages/airflow/example_dags/example_skip_dag.py
[2025-10-07T21:54:25.771+0000] {processor.py:830} INFO - Processing file /home/airflow/.local/lib/python3.12/site-packages/airflow/example_dags/example_skip_dag.py for tasks to queue
[2025-10-07T21:54:25.772+0000] {logging_mixin.py:188} INFO - [2025-10-07T21:54:25.772+0000] {dagbag.py:545} INFO - Filling up the DagBag from /home/airflow/.local/lib/python3.12/site-packages/airflow/example_dags/example_skip_dag.py
[2025-10-07T21:54:25.778+0000] {processor.py:840} INFO - DAG(s) 'example_skip_dag' retrieved from /home/airflow/.local/lib/python3.12/site-packages/airflow/example_dags/example_skip_dag.py
[2025-10-07T21:54:25.793+0000] {logging_mixin.py:188} INFO - [2025-10-07T21:54:25.793+0000] {dag.py:3096} INFO - Sync 1 DAGs
[2025-10-07T21:54:25.814+0000] {logging_mixin.py:188} INFO - [2025-10-07T21:54:25.813+0000] {dag.py:3954} INFO - Setting next_dagrun for example_skip_dag to 2025-10-06 00:00:00+00:00, run_after=2025-10-07 00:00:00+00:00
[2025-10-07T21:54:25.840+0000] {processor.py:183} INFO - Processing /home/airflow/.local/lib/python3.12/site-packages/airflow/example_dags/example_skip_dag.py took 0.074 seconds
[2025-10-07T21:54:56.753+0000] {processor.py:161} INFO - Started process (PID=136) to work on /home/airflow/.local/lib/python3.12/site-packages/airflow/example_dags/example_skip_dag.py
[2025-10-07T21:54:56.755+0000] {processor.py:830} INFO - Processing file /home/airflow/.local/lib/python3.12/site-packages/airflow/example_dags/example_skip_dag.py for tasks to queue
[2025-10-07T21:54:56.756+0000] {logging_mixin.py:188} INFO - [2025-10-07T21:54:56.756+0000] {dagbag.py:545} INFO - Filling up the DagBag from /home/airflow/.local/lib/python3.12/site-packages/airflow/example_dags/example_skip_dag.py
[2025-10-07T21:54:56.760+0000] {processor.py:840} INFO - DAG(s) 'example_skip_dag' retrieved from /home/airflow/.local/lib/python3.12/site-packages/airflow/example_dags/example_skip_dag.py
[2025-10-07T21:54:56.810+0000] {logging_mixin.py:188} INFO - [2025-10-07T21:54:56.810+0000] {dag.py:3096} INFO - Sync 1 DAGs
[2025-10-07T21:54:56.820+0000] {logging_mixin.py:188} INFO - [2025-10-07T21:54:56.820+0000] {dag.py:3954} INFO - Setting next_dagrun for example_skip_dag to 2025-10-06 00:00:00+00:00, run_after=2025-10-07 00:00:00+00:00
[2025-10-07T21:54:56.830+0000] {processor.py:183} INFO - Processing /home/airflow/.local/lib/python3.12/site-packages/airflow/example_dags/example_skip_dag.py took 0.080 seconds
[2025-10-07T21:55:26.930+0000] {processor.py:161} INFO - Started process (PID=195) to work on /home/airflow/.local/lib/python3.12/site-packages/airflow/example_dags/example_skip_dag.py
[2025-10-07T21:55:26.930+0000] {processor.py:830} INFO - Processing file /home/airflow/.local/lib/python3.12/site-packages/airflow/example_dags/example_skip_dag.py for tasks to queue
[2025-10-07T21:55:26.931+0000] {logging_mixin.py:188} INFO - [2025-10-07T21:55:26.931+0000] {dagbag.py:545} INFO - Filling up the DagBag from /home/airflow/.local/lib/python3.12/site-packages/airflow/example_dags/example_skip_dag.py
[2025-10-07T21:55:26.934+0000] {processor.py:840} INFO - DAG(s) 'example_skip_dag' retrieved from /home/airflow/.local/lib/python3.12/site-packages/airflow/example_dags/example_skip_dag.py
[2025-10-07T21:55:26.944+0000] {logging_mixin.py:188} INFO - [2025-10-07T21:55:26.944+0000] {dag.py:3096} INFO - Sync 1 DAGs
[2025-10-07T21:55:26.953+0000] {logging_mixin.py:188} INFO - [2025-10-07T21:55:26.953+0000] {dag.py:3954} INFO - Setting next_dagrun for example_skip_dag to 2025-10-06 00:00:00+00:00, run_after=2025-10-07 00:00:00+00:00
[2025-10-07T21:55:26.962+0000] {processor.py:183} INFO - Processing /home/airflow/.local/lib/python3.12/site-packages/airflow/example_dags/example_skip_dag.py took 0.034 seconds
[2025-10-07T21:55:57.151+0000] {processor.py:161} INFO - Started process (PID=254) to work on /home/airflow/.local/lib/python3.12/site-packages/airflow/example_dags/example_skip_dag.py
[2025-10-07T21:55:57.152+0000] {processor.py:830} INFO - Processing file /home/airflow/.local/lib/python3.12/site-packages/airflow/example_dags/example_skip_dag.py for tasks to queue
[2025-10-07T21:55:57.155+0000] {logging_mixin.py:188} INFO - [2025-10-07T21:55:57.154+0000] {dagbag.py:545} INFO - Filling up the DagBag from /home/airflow/.local/lib/python3.12/site-packages/airflow/example_dags/example_skip_dag.py
[2025-10-07T21:55:57.159+0000] {processor.py:840} INFO - DAG(s) 'example_skip_dag' retrieved from /home/airflow/.local/lib/python3.12/site-packages/airflow/example_dags/example_skip_dag.py
[2025-10-07T21:55:57.170+0000] {logging_mixin.py:188} INFO - [2025-10-07T21:55:57.170+0000] {dag.py:3096} INFO - Sync 1 DAGs
[2025-10-07T21:55:57.183+0000] {logging_mixin.py:188} INFO - [2025-10-07T21:55:57.183+0000] {dag.py:3954} INFO - Setting next_dagrun for example_skip_dag to 2025-10-06 00:00:00+00:00, run_after=2025-10-07 00:00:00+00:00
[2025-10-07T21:55:57.192+0000] {processor.py:183} INFO - Processing /home/airflow/.local/lib/python3.12/site-packages/airflow/example_dags/example_skip_dag.py took 0.045 seconds
[2025-10-07T21:56:27.287+0000] {processor.py:161} INFO - Started process (PID=313) to work on /home/airflow/.local/lib/python3.12/site-packages/airflow/example_dags/example_skip_dag.py
[2025-10-07T21:56:27.287+0000] {processor.py:830} INFO - Processing file /home/airflow/.local/lib/python3.12/site-packages/airflow/example_dags/example_skip_dag.py for tasks to queue
[2025-10-07T21:56:27.288+0000] {logging_mixin.py:188} INFO - [2025-10-07T21:56:27.288+0000] {dagbag.py:545} INFO - Filling up the DagBag from /home/airflow/.local/lib/python3.12/site-packages/airflow/example_dags/example_skip_dag.py
[2025-10-07T21:56:27.292+0000] {processor.py:840} INFO - DAG(s) 'example_skip_dag' retrieved from /home/airflow/.local/lib/python3.12/site-packages/airflow/example_dags/example_skip_dag.py
[2025-10-07T21:56:27.304+0000] {logging_mixin.py:188} INFO - [2025-10-07T21:56:27.304+0000] {dag.py:3096} INFO - Sync 1 DAGs
[2025-10-07T21:56:27.315+0000] {logging_mixin.py:188} INFO - [2025-10-07T21:56:27.315+0000] {dag.py:3954} INFO - Setting next_dagrun for example_skip_dag to 2025-10-06 00:00:00+00:00, run_after=2025-10-07 00:00:00+00:00
[2025-10-07T21:56:27.324+0000] {processor.py:183} INFO - Processing /home/airflow/.local/lib/python3.12/site-packages/airflow/example_dags/example_skip_dag.py took 0.040 seconds
[2025-10-07T21:56:58.234+0000] {processor.py:161} INFO - Started process (PID=372) to work on /home/airflow/.local/lib/python3.12/site-packages/airflow/example_dags/example_skip_dag.py
[2025-10-07T21:56:58.235+0000] {processor.py:830} INFO - Processing file /home/airflow/.local/lib/python3.12/site-packages/airflow/example_dags/example_skip_dag.py for tasks to queue
[2025-10-07T21:56:58.235+0000] {logging_mixin.py:188} INFO - [2025-10-07T21:56:58.235+0000] {dagbag.py:545} INFO - Filling up the DagBag from /home/airflow/.local/lib/python3.12/site-packages/airflow/example_dags/example_skip_dag.py
[2025-10-07T21:56:58.239+0000] {processor.py:840} INFO - DAG(s) 'example_skip_dag' retrieved from /home/airflow/.local/lib/python3.12/site-packages/airflow/example_dags/example_skip_dag.py
[2025-10-07T21:56:58.249+0000] {logging_mixin.py:188} INFO - [2025-10-07T21:56:58.249+0000] {dag.py:3096} INFO - Sync 1 DAGs
[2025-10-07T21:56:58.258+0000] {logging_mixin.py:188} INFO - [2025-10-07T21:56:58.258+0000] {dag.py:3954} INFO - Setting next_dagrun for example_skip_dag to 2025-10-06 00:00:00+00:00, run_after=2025-10-07 00:00:00+00:00
[2025-10-07T21:56:58.265+0000] {processor.py:183} INFO - Processing /home/airflow/.local/lib/python3.12/site-packages/airflow/example_dags/example_skip_dag.py took 0.034 seconds
[2025-10-07T21:57:29.214+0000] {processor.py:161} INFO - Started process (PID=437) to work on /home/airflow/.local/lib/python3.12/site-packages/airflow/example_dags/example_skip_dag.py
[2025-10-07T21:57:29.216+0000] {processor.py:830} INFO - Processing file /home/airflow/.local/lib/python3.12/site-packages/airflow/example_dags/example_skip_dag.py for tasks to queue
[2025-10-07T21:57:29.219+0000] {logging_mixin.py:188} INFO - [2025-10-07T21:57:29.218+0000] {dagbag.py:545} INFO - Filling up the DagBag from /home/airflow/.local/lib/python3.12/site-packages/airflow/example_dags/example_skip_dag.py
[2025-10-07T21:57:29.228+0000] {processor.py:840} INFO - DAG(s) 'example_skip_dag' retrieved from /home/airflow/.local/lib/python3.12/site-packages/airflow/example_dags/example_skip_dag.py
[2025-10-07T21:57:29.256+0000] {logging_mixin.py:188} INFO - [2025-10-07T21:57:29.256+0000] {dag.py:3096} INFO - Sync 1 DAGs
[2025-10-07T21:57:29.289+0000] {logging_mixin.py:188} INFO - [2025-10-07T21:57:29.289+0000] {dag.py:3954} INFO - Setting next_dagrun for example_skip_dag to 2025-10-06 00:00:00+00:00, run_after=2025-10-07 00:00:00+00:00
[2025-10-07T21:57:29.321+0000] {processor.py:183} INFO - Processing /home/airflow/.local/lib/python3.12/site-packages/airflow/example_dags/example_skip_dag.py took 0.114 seconds
[2025-10-07T21:58:27.225+0000] {processor.py:161} INFO - Started process (PID=490) to work on /home/airflow/.local/lib/python3.12/site-packages/airflow/example_dags/example_skip_dag.py
[2025-10-07T21:58:27.225+0000] {processor.py:830} INFO - Processing file /home/airflow/.local/lib/python3.12/site-packages/airflow/example_dags/example_skip_dag.py for tasks to queue
[2025-10-07T21:58:27.226+0000] {logging_mixin.py:188} INFO - [2025-10-07T21:58:27.226+0000] {dagbag.py:545} INFO - Filling up the DagBag from /home/airflow/.local/lib/python3.12/site-packages/airflow/example_dags/example_skip_dag.py
[2025-10-07T21:58:27.230+0000] {processor.py:840} INFO - DAG(s) 'example_skip_dag' retrieved from /home/airflow/.local/lib/python3.12/site-packages/airflow/example_dags/example_skip_dag.py
[2025-10-07T21:58:27.242+0000] {logging_mixin.py:188} INFO - [2025-10-07T21:58:27.242+0000] {dag.py:3096} INFO - Sync 1 DAGs
[2025-10-07T21:58:27.253+0000] {logging_mixin.py:188} INFO - [2025-10-07T21:58:27.253+0000] {dag.py:3954} INFO - Setting next_dagrun for example_skip_dag to 2025-10-06 00:00:00+00:00, run_after=2025-10-07 00:00:00+00:00
[2025-10-07T21:58:27.263+0000] {processor.py:183} INFO - Processing /home/airflow/.local/lib/python3.12/site-packages/airflow/example_dags/example_skip_dag.py took 0.042 seconds
[2025-10-07T21:59:34.271+0000] {processor.py:161} INFO - Started process (PID=549) to work on /home/airflow/.local/lib/python3.12/site-packages/airflow/example_dags/example_skip_dag.py
[2025-10-07T21:59:34.273+0000] {processor.py:830} INFO - Processing file /home/airflow/.local/lib/python3.12/site-packages/airflow/example_dags/example_skip_dag.py for tasks to queue
[2025-10-07T21:59:34.276+0000] {logging_mixin.py:188} INFO - [2025-10-07T21:59:34.275+0000] {dagbag.py:545} INFO - Filling up the DagBag from /home/airflow/.local/lib/python3.12/site-packages/airflow/example_dags/example_skip_dag.py
[2025-10-07T21:59:34.290+0000] {processor.py:840} INFO - DAG(s) 'example_skip_dag' retrieved from /home/airflow/.local/lib/python3.12/site-packages/airflow/example_dags/example_skip_dag.py
[2025-10-07T21:59:34.334+0000] {logging_mixin.py:188} INFO - [2025-10-07T21:59:34.334+0000] {dag.py:3096} INFO - Sync 1 DAGs
[2025-10-07T21:59:34.368+0000] {logging_mixin.py:188} INFO - [2025-10-07T21:59:34.368+0000] {dag.py:3954} INFO - Setting next_dagrun for example_skip_dag to 2025-10-06 00:00:00+00:00, run_after=2025-10-07 00:00:00+00:00
[2025-10-07T21:59:34.393+0000] {processor.py:183} INFO - Processing /home/airflow/.local/lib/python3.12/site-packages/airflow/example_dags/example_skip_dag.py took 0.135 seconds
[2025-10-07T22:01:52.817+0000] {processor.py:161} INFO - Started process (PID=608) to work on /home/airflow/.local/lib/python3.12/site-packages/airflow/example_dags/example_skip_dag.py
[2025-10-07T22:01:52.819+0000] {processor.py:830} INFO - Processing file /home/airflow/.local/lib/python3.12/site-packages/airflow/example_dags/example_skip_dag.py for tasks to queue
[2025-10-07T22:01:52.821+0000] {logging_mixin.py:188} INFO - [2025-10-07T22:01:52.821+0000] {dagbag.py:545} INFO - Filling up the DagBag from /home/airflow/.local/lib/python3.12/site-packages/airflow/example_dags/example_skip_dag.py
[2025-10-07T22:01:52.825+0000] {processor.py:840} INFO - DAG(s) 'example_skip_dag' retrieved from /home/airflow/.local/lib/python3.12/site-packages/airflow/example_dags/example_skip_dag.py
[2025-10-07T22:01:52.847+0000] {logging_mixin.py:188} INFO - [2025-10-07T22:01:52.847+0000] {dag.py:3096} INFO - Sync 1 DAGs
[2025-10-07T22:01:52.860+0000] {logging_mixin.py:188} INFO - [2025-10-07T22:01:52.860+0000] {dag.py:3954} INFO - Setting next_dagrun for example_skip_dag to 2025-10-06 00:00:00+00:00, run_after=2025-10-07 00:00:00+00:00
[2025-10-07T22:01:52.871+0000] {processor.py:183} INFO - Processing /home/airflow/.local/lib/python3.12/site-packages/airflow/example_dags/example_skip_dag.py took 0.059 seconds
[2025-10-07T22:04:56.140+0000] {processor.py:161} INFO - Started process (PID=667) to work on /home/airflow/.local/lib/python3.12/site-packages/airflow/example_dags/example_skip_dag.py
[2025-10-07T22:04:56.141+0000] {processor.py:830} INFO - Processing file /home/airflow/.local/lib/python3.12/site-packages/airflow/example_dags/example_skip_dag.py for tasks to queue
[2025-10-07T22:04:56.142+0000] {logging_mixin.py:188} INFO - [2025-10-07T22:04:56.142+0000] {dagbag.py:545} INFO - Filling up the DagBag from /home/airflow/.local/lib/python3.12/site-packages/airflow/example_dags/example_skip_dag.py
[2025-10-07T22:04:56.145+0000] {processor.py:840} INFO - DAG(s) 'example_skip_dag' retrieved from /home/airflow/.local/lib/python3.12/site-packages/airflow/example_dags/example_skip_dag.py
[2025-10-07T22:04:56.157+0000] {logging_mixin.py:188} INFO - [2025-10-07T22:04:56.157+0000] {dag.py:3096} INFO - Sync 1 DAGs
[2025-10-07T22:04:56.171+0000] {logging_mixin.py:188} INFO - [2025-10-07T22:04:56.171+0000] {dag.py:3954} INFO - Setting next_dagrun for example_skip_dag to 2025-10-06 00:00:00+00:00, run_after=2025-10-07 00:00:00+00:00
[2025-10-07T22:04:56.190+0000] {processor.py:183} INFO - Processing /home/airflow/.local/lib/python3.12/site-packages/airflow/example_dags/example_skip_dag.py took 0.053 seconds
[2025-10-07T22:05:26.232+0000] {processor.py:161} INFO - Started process (PID=726) to work on /home/airflow/.local/lib/python3.12/site-packages/airflow/example_dags/example_skip_dag.py
[2025-10-07T22:05:26.234+0000] {processor.py:830} INFO - Processing file /home/airflow/.local/lib/python3.12/site-packages/airflow/example_dags/example_skip_dag.py for tasks to queue
[2025-10-07T22:05:26.236+0000] {logging_mixin.py:188} INFO - [2025-10-07T22:05:26.235+0000] {dagbag.py:545} INFO - Filling up the DagBag from /home/airflow/.local/lib/python3.12/site-packages/airflow/example_dags/example_skip_dag.py
[2025-10-07T22:05:26.239+0000] {processor.py:840} INFO - DAG(s) 'example_skip_dag' retrieved from /home/airflow/.local/lib/python3.12/site-packages/airflow/example_dags/example_skip_dag.py
[2025-10-07T22:05:26.251+0000] {logging_mixin.py:188} INFO - [2025-10-07T22:05:26.251+0000] {dag.py:3096} INFO - Sync 1 DAGs
[2025-10-07T22:05:26.263+0000] {logging_mixin.py:188} INFO - [2025-10-07T22:05:26.263+0000] {dag.py:3954} INFO - Setting next_dagrun for example_skip_dag to 2025-10-06 00:00:00+00:00, run_after=2025-10-07 00:00:00+00:00
[2025-10-07T22:05:26.280+0000] {processor.py:183} INFO - Processing /home/airflow/.local/lib/python3.12/site-packages/airflow/example_dags/example_skip_dag.py took 0.051 seconds
[2025-10-07T22:05:56.402+0000] {processor.py:161} INFO - Started process (PID=785) to work on /home/airflow/.local/lib/python3.12/site-packages/airflow/example_dags/example_skip_dag.py
[2025-10-07T22:05:56.403+0000] {processor.py:830} INFO - Processing file /home/airflow/.local/lib/python3.12/site-packages/airflow/example_dags/example_skip_dag.py for tasks to queue
[2025-10-07T22:05:56.405+0000] {logging_mixin.py:188} INFO - [2025-10-07T22:05:56.405+0000] {dagbag.py:545} INFO - Filling up the DagBag from /home/airflow/.local/lib/python3.12/site-packages/airflow/example_dags/example_skip_dag.py
[2025-10-07T22:05:56.408+0000] {processor.py:840} INFO - DAG(s) 'example_skip_dag' retrieved from /home/airflow/.local/lib/python3.12/site-packages/airflow/example_dags/example_skip_dag.py
[2025-10-07T22:05:56.424+0000] {logging_mixin.py:188} INFO - [2025-10-07T22:05:56.424+0000] {dag.py:3096} INFO - Sync 1 DAGs
[2025-10-07T22:05:56.436+0000] {logging_mixin.py:188} INFO - [2025-10-07T22:05:56.436+0000] {dag.py:3954} INFO - Setting next_dagrun for example_skip_dag to 2025-10-06 00:00:00+00:00, run_after=2025-10-07 00:00:00+00:00
[2025-10-07T22:05:56.448+0000] {processor.py:183} INFO - Processing /home/airflow/.local/lib/python3.12/site-packages/airflow/example_dags/example_skip_dag.py took 0.049 seconds
[2025-10-07T22:06:26.485+0000] {processor.py:161} INFO - Started process (PID=844) to work on /home/airflow/.local/lib/python3.12/site-packages/airflow/example_dags/example_skip_dag.py
[2025-10-07T22:06:26.486+0000] {processor.py:830} INFO - Processing file /home/airflow/.local/lib/python3.12/site-packages/airflow/example_dags/example_skip_dag.py for tasks to queue
[2025-10-07T22:06:26.488+0000] {logging_mixin.py:188} INFO - [2025-10-07T22:06:26.488+0000] {dagbag.py:545} INFO - Filling up the DagBag from /home/airflow/.local/lib/python3.12/site-packages/airflow/example_dags/example_skip_dag.py
[2025-10-07T22:06:26.492+0000] {processor.py:840} INFO - DAG(s) 'example_skip_dag' retrieved from /home/airflow/.local/lib/python3.12/site-packages/airflow/example_dags/example_skip_dag.py
[2025-10-07T22:06:26.512+0000] {logging_mixin.py:188} INFO - [2025-10-07T22:06:26.512+0000] {dag.py:3096} INFO - Sync 1 DAGs
[2025-10-07T22:06:26.523+0000] {logging_mixin.py:188} INFO - [2025-10-07T22:06:26.523+0000] {dag.py:3954} INFO - Setting next_dagrun for example_skip_dag to 2025-10-06 00:00:00+00:00, run_after=2025-10-07 00:00:00+00:00
[2025-10-07T22:06:26.533+0000] {processor.py:183} INFO - Processing /home/airflow/.local/lib/python3.12/site-packages/airflow/example_dags/example_skip_dag.py took 0.051 seconds
[2025-10-07T22:06:56.552+0000] {processor.py:161} INFO - Started process (PID=903) to work on /home/airflow/.local/lib/python3.12/site-packages/airflow/example_dags/example_skip_dag.py
[2025-10-07T22:06:56.556+0000] {processor.py:830} INFO - Processing file /home/airflow/.local/lib/python3.12/site-packages/airflow/example_dags/example_skip_dag.py for tasks to queue
[2025-10-07T22:06:56.558+0000] {logging_mixin.py:188} INFO - [2025-10-07T22:06:56.558+0000] {dagbag.py:545} INFO - Filling up the DagBag from /home/airflow/.local/lib/python3.12/site-packages/airflow/example_dags/example_skip_dag.py
[2025-10-07T22:06:56.561+0000] {processor.py:840} INFO - DAG(s) 'example_skip_dag' retrieved from /home/airflow/.local/lib/python3.12/site-packages/airflow/example_dags/example_skip_dag.py
[2025-10-07T22:06:56.578+0000] {logging_mixin.py:188} INFO - [2025-10-07T22:06:56.578+0000] {dag.py:3096} INFO - Sync 1 DAGs
[2025-10-07T22:06:56.592+0000] {logging_mixin.py:188} INFO - [2025-10-07T22:06:56.592+0000] {dag.py:3954} INFO - Setting next_dagrun for example_skip_dag to 2025-10-06 00:00:00+00:00, run_after=2025-10-07 00:00:00+00:00
[2025-10-07T22:06:56.601+0000] {processor.py:183} INFO - Processing /home/airflow/.local/lib/python3.12/site-packages/airflow/example_dags/example_skip_dag.py took 0.053 seconds
[2025-10-07T22:07:26.720+0000] {processor.py:161} INFO - Started process (PID=962) to work on /home/airflow/.local/lib/python3.12/site-packages/airflow/example_dags/example_skip_dag.py
[2025-10-07T22:07:26.721+0000] {processor.py:830} INFO - Processing file /home/airflow/.local/lib/python3.12/site-packages/airflow/example_dags/example_skip_dag.py for tasks to queue
[2025-10-07T22:07:26.722+0000] {logging_mixin.py:188} INFO - [2025-10-07T22:07:26.721+0000] {dagbag.py:545} INFO - Filling up the DagBag from /home/airflow/.local/lib/python3.12/site-packages/airflow/example_dags/example_skip_dag.py
[2025-10-07T22:07:26.725+0000] {processor.py:840} INFO - DAG(s) 'example_skip_dag' retrieved from /home/airflow/.local/lib/python3.12/site-packages/airflow/example_dags/example_skip_dag.py
[2025-10-07T22:07:26.736+0000] {logging_mixin.py:188} INFO - [2025-10-07T22:07:26.736+0000] {dag.py:3096} INFO - Sync 1 DAGs
[2025-10-07T22:07:26.749+0000] {logging_mixin.py:188} INFO - [2025-10-07T22:07:26.748+0000] {dag.py:3954} INFO - Setting next_dagrun for example_skip_dag to 2025-10-06 00:00:00+00:00, run_after=2025-10-07 00:00:00+00:00
[2025-10-07T22:07:26.766+0000] {processor.py:183} INFO - Processing /home/airflow/.local/lib/python3.12/site-packages/airflow/example_dags/example_skip_dag.py took 0.049 seconds
[2025-10-07T22:07:56.917+0000] {processor.py:161} INFO - Started process (PID=1021) to work on /home/airflow/.local/lib/python3.12/site-packages/airflow/example_dags/example_skip_dag.py
[2025-10-07T22:07:56.919+0000] {processor.py:830} INFO - Processing file /home/airflow/.local/lib/python3.12/site-packages/airflow/example_dags/example_skip_dag.py for tasks to queue
[2025-10-07T22:07:56.920+0000] {logging_mixin.py:188} INFO - [2025-10-07T22:07:56.920+0000] {dagbag.py:545} INFO - Filling up the DagBag from /home/airflow/.local/lib/python3.12/site-packages/airflow/example_dags/example_skip_dag.py
[2025-10-07T22:07:56.924+0000] {processor.py:840} INFO - DAG(s) 'example_skip_dag' retrieved from /home/airflow/.local/lib/python3.12/site-packages/airflow/example_dags/example_skip_dag.py
[2025-10-07T22:07:56.935+0000] {logging_mixin.py:188} INFO - [2025-10-07T22:07:56.935+0000] {dag.py:3096} INFO - Sync 1 DAGs
[2025-10-07T22:07:56.948+0000] {logging_mixin.py:188} INFO - [2025-10-07T22:07:56.948+0000] {dag.py:3954} INFO - Setting next_dagrun for example_skip_dag to 2025-10-06 00:00:00+00:00, run_after=2025-10-07 00:00:00+00:00
[2025-10-07T22:07:56.964+0000] {processor.py:183} INFO - Processing /home/airflow/.local/lib/python3.12/site-packages/airflow/example_dags/example_skip_dag.py took 0.050 seconds
[2025-10-07T22:08:27.054+0000] {processor.py:161} INFO - Started process (PID=1080) to work on /home/airflow/.local/lib/python3.12/site-packages/airflow/example_dags/example_skip_dag.py
[2025-10-07T22:08:27.055+0000] {processor.py:830} INFO - Processing file /home/airflow/.local/lib/python3.12/site-packages/airflow/example_dags/example_skip_dag.py for tasks to queue
[2025-10-07T22:08:27.055+0000] {logging_mixin.py:188} INFO - [2025-10-07T22:08:27.055+0000] {dagbag.py:545} INFO - Filling up the DagBag from /home/airflow/.local/lib/python3.12/site-packages/airflow/example_dags/example_skip_dag.py
[2025-10-07T22:08:27.060+0000] {processor.py:840} INFO - DAG(s) 'example_skip_dag' retrieved from /home/airflow/.local/lib/python3.12/site-packages/airflow/example_dags/example_skip_dag.py
[2025-10-07T22:08:27.074+0000] {logging_mixin.py:188} INFO - [2025-10-07T22:08:27.074+0000] {dag.py:3096} INFO - Sync 1 DAGs
[2025-10-07T22:08:27.085+0000] {logging_mixin.py:188} INFO - [2025-10-07T22:08:27.085+0000] {dag.py:3954} INFO - Setting next_dagrun for example_skip_dag to 2025-10-06 00:00:00+00:00, run_after=2025-10-07 00:00:00+00:00
[2025-10-07T22:08:27.093+0000] {processor.py:183} INFO - Processing /home/airflow/.local/lib/python3.12/site-packages/airflow/example_dags/example_skip_dag.py took 0.042 seconds
[2025-10-07T22:08:57.309+0000] {processor.py:161} INFO - Started process (PID=1139) to work on /home/airflow/.local/lib/python3.12/site-packages/airflow/example_dags/example_skip_dag.py
[2025-10-07T22:08:57.309+0000] {processor.py:830} INFO - Processing file /home/airflow/.local/lib/python3.12/site-packages/airflow/example_dags/example_skip_dag.py for tasks to queue
[2025-10-07T22:08:57.310+0000] {logging_mixin.py:188} INFO - [2025-10-07T22:08:57.310+0000] {dagbag.py:545} INFO - Filling up the DagBag from /home/airflow/.local/lib/python3.12/site-packages/airflow/example_dags/example_skip_dag.py
[2025-10-07T22:08:57.315+0000] {processor.py:840} INFO - DAG(s) 'example_skip_dag' retrieved from /home/airflow/.local/lib/python3.12/site-packages/airflow/example_dags/example_skip_dag.py
[2025-10-07T22:08:57.328+0000] {logging_mixin.py:188} INFO - [2025-10-07T22:08:57.327+0000] {dag.py:3096} INFO - Sync 1 DAGs
[2025-10-07T22:08:57.342+0000] {logging_mixin.py:188} INFO - [2025-10-07T22:08:57.342+0000] {dag.py:3954} INFO - Setting next_dagrun for example_skip_dag to 2025-10-06 00:00:00+00:00, run_after=2025-10-07 00:00:00+00:00
[2025-10-07T22:08:57.353+0000] {processor.py:183} INFO - Processing /home/airflow/.local/lib/python3.12/site-packages/airflow/example_dags/example_skip_dag.py took 0.047 seconds
[2025-10-07T22:09:27.504+0000] {processor.py:161} INFO - Started process (PID=1198) to work on /home/airflow/.local/lib/python3.12/site-packages/airflow/example_dags/example_skip_dag.py
[2025-10-07T22:09:27.505+0000] {processor.py:830} INFO - Processing file /home/airflow/.local/lib/python3.12/site-packages/airflow/example_dags/example_skip_dag.py for tasks to queue
[2025-10-07T22:09:27.507+0000] {logging_mixin.py:188} INFO - [2025-10-07T22:09:27.506+0000] {dagbag.py:545} INFO - Filling up the DagBag from /home/airflow/.local/lib/python3.12/site-packages/airflow/example_dags/example_skip_dag.py
[2025-10-07T22:09:27.511+0000] {processor.py:840} INFO - DAG(s) 'example_skip_dag' retrieved from /home/airflow/.local/lib/python3.12/site-packages/airflow/example_dags/example_skip_dag.py
[2025-10-07T22:09:27.526+0000] {logging_mixin.py:188} INFO - [2025-10-07T22:09:27.526+0000] {dag.py:3096} INFO - Sync 1 DAGs
[2025-10-07T22:09:27.536+0000] {logging_mixin.py:188} INFO - [2025-10-07T22:09:27.536+0000] {dag.py:3954} INFO - Setting next_dagrun for example_skip_dag to 2025-10-06 00:00:00+00:00, run_after=2025-10-07 00:00:00+00:00
[2025-10-07T22:09:27.546+0000] {processor.py:183} INFO - Processing /home/airflow/.local/lib/python3.12/site-packages/airflow/example_dags/example_skip_dag.py took 0.045 seconds
[2025-10-07T22:09:58.490+0000] {processor.py:161} INFO - Started process (PID=1257) to work on /home/airflow/.local/lib/python3.12/site-packages/airflow/example_dags/example_skip_dag.py
[2025-10-07T22:09:58.492+0000] {processor.py:830} INFO - Processing file /home/airflow/.local/lib/python3.12/site-packages/airflow/example_dags/example_skip_dag.py for tasks to queue
[2025-10-07T22:09:58.494+0000] {logging_mixin.py:188} INFO - [2025-10-07T22:09:58.494+0000] {dagbag.py:545} INFO - Filling up the DagBag from /home/airflow/.local/lib/python3.12/site-packages/airflow/example_dags/example_skip_dag.py
[2025-10-07T22:09:58.502+0000] {processor.py:840} INFO - DAG(s) 'example_skip_dag' retrieved from /home/airflow/.local/lib/python3.12/site-packages/airflow/example_dags/example_skip_dag.py
[2025-10-07T22:09:58.515+0000] {logging_mixin.py:188} INFO - [2025-10-07T22:09:58.515+0000] {dag.py:3096} INFO - Sync 1 DAGs
[2025-10-07T22:09:58.527+0000] {logging_mixin.py:188} INFO - [2025-10-07T22:09:58.527+0000] {dag.py:3954} INFO - Setting next_dagrun for example_skip_dag to 2025-10-06 00:00:00+00:00, run_after=2025-10-07 00:00:00+00:00
[2025-10-07T22:09:58.536+0000] {processor.py:183} INFO - Processing /home/airflow/.local/lib/python3.12/site-packages/airflow/example_dags/example_skip_dag.py took 0.051 seconds
[2025-10-07T22:10:28.661+0000] {processor.py:161} INFO - Started process (PID=1315) to work on /home/airflow/.local/lib/python3.12/site-packages/airflow/example_dags/example_skip_dag.py
[2025-10-07T22:10:28.662+0000] {processor.py:830} INFO - Processing file /home/airflow/.local/lib/python3.12/site-packages/airflow/example_dags/example_skip_dag.py for tasks to queue
[2025-10-07T22:10:28.663+0000] {logging_mixin.py:188} INFO - [2025-10-07T22:10:28.663+0000] {dagbag.py:545} INFO - Filling up the DagBag from /home/airflow/.local/lib/python3.12/site-packages/airflow/example_dags/example_skip_dag.py
[2025-10-07T22:10:28.669+0000] {processor.py:840} INFO - DAG(s) 'example_skip_dag' retrieved from /home/airflow/.local/lib/python3.12/site-packages/airflow/example_dags/example_skip_dag.py
[2025-10-07T22:10:28.690+0000] {logging_mixin.py:188} INFO - [2025-10-07T22:10:28.690+0000] {dag.py:3096} INFO - Sync 1 DAGs
[2025-10-07T22:10:28.703+0000] {logging_mixin.py:188} INFO - [2025-10-07T22:10:28.703+0000] {dag.py:3954} INFO - Setting next_dagrun for example_skip_dag to 2025-10-06 00:00:00+00:00, run_after=2025-10-07 00:00:00+00:00
[2025-10-07T22:10:28.716+0000] {processor.py:183} INFO - Processing /home/airflow/.local/lib/python3.12/site-packages/airflow/example_dags/example_skip_dag.py took 0.058 seconds
[2025-10-07T22:10:58.828+0000] {processor.py:161} INFO - Started process (PID=1374) to work on /home/airflow/.local/lib/python3.12/site-packages/airflow/example_dags/example_skip_dag.py
[2025-10-07T22:10:58.832+0000] {processor.py:830} INFO - Processing file /home/airflow/.local/lib/python3.12/site-packages/airflow/example_dags/example_skip_dag.py for tasks to queue
[2025-10-07T22:10:58.834+0000] {logging_mixin.py:188} INFO - [2025-10-07T22:10:58.834+0000] {dagbag.py:545} INFO - Filling up the DagBag from /home/airflow/.local/lib/python3.12/site-packages/airflow/example_dags/example_skip_dag.py
[2025-10-07T22:10:58.841+0000] {processor.py:840} INFO - DAG(s) 'example_skip_dag' retrieved from /home/airflow/.local/lib/python3.12/site-packages/airflow/example_dags/example_skip_dag.py
[2025-10-07T22:10:58.856+0000] {logging_mixin.py:188} INFO - [2025-10-07T22:10:58.856+0000] {dag.py:3096} INFO - Sync 1 DAGs
[2025-10-07T22:10:58.868+0000] {logging_mixin.py:188} INFO - [2025-10-07T22:10:58.868+0000] {dag.py:3954} INFO - Setting next_dagrun for example_skip_dag to 2025-10-06 00:00:00+00:00, run_after=2025-10-07 00:00:00+00:00
[2025-10-07T22:10:58.880+0000] {processor.py:183} INFO - Processing /home/airflow/.local/lib/python3.12/site-packages/airflow/example_dags/example_skip_dag.py took 0.060 seconds
[2025-10-07T22:11:28.939+0000] {processor.py:161} INFO - Started process (PID=1433) to work on /home/airflow/.local/lib/python3.12/site-packages/airflow/example_dags/example_skip_dag.py
[2025-10-07T22:11:28.940+0000] {processor.py:830} INFO - Processing file /home/airflow/.local/lib/python3.12/site-packages/airflow/example_dags/example_skip_dag.py for tasks to queue
[2025-10-07T22:11:28.943+0000] {logging_mixin.py:188} INFO - [2025-10-07T22:11:28.943+0000] {dagbag.py:545} INFO - Filling up the DagBag from /home/airflow/.local/lib/python3.12/site-packages/airflow/example_dags/example_skip_dag.py
[2025-10-07T22:11:28.953+0000] {processor.py:840} INFO - DAG(s) 'example_skip_dag' retrieved from /home/airflow/.local/lib/python3.12/site-packages/airflow/example_dags/example_skip_dag.py
[2025-10-07T22:11:28.968+0000] {logging_mixin.py:188} INFO - [2025-10-07T22:11:28.968+0000] {dag.py:3096} INFO - Sync 1 DAGs
[2025-10-07T22:11:28.980+0000] {logging_mixin.py:188} INFO - [2025-10-07T22:11:28.980+0000] {dag.py:3954} INFO - Setting next_dagrun for example_skip_dag to 2025-10-06 00:00:00+00:00, run_after=2025-10-07 00:00:00+00:00
[2025-10-07T22:11:28.992+0000] {processor.py:183} INFO - Processing /home/airflow/.local/lib/python3.12/site-packages/airflow/example_dags/example_skip_dag.py took 0.061 seconds
[2025-10-07T22:11:59.025+0000] {processor.py:161} INFO - Started process (PID=1492) to work on /home/airflow/.local/lib/python3.12/site-packages/airflow/example_dags/example_skip_dag.py
[2025-10-07T22:11:59.026+0000] {processor.py:830} INFO - Processing file /home/airflow/.local/lib/python3.12/site-packages/airflow/example_dags/example_skip_dag.py for tasks to queue
[2025-10-07T22:11:59.027+0000] {logging_mixin.py:188} INFO - [2025-10-07T22:11:59.027+0000] {dagbag.py:545} INFO - Filling up the DagBag from /home/airflow/.local/lib/python3.12/site-packages/airflow/example_dags/example_skip_dag.py
[2025-10-07T22:11:59.032+0000] {processor.py:840} INFO - DAG(s) 'example_skip_dag' retrieved from /home/airflow/.local/lib/python3.12/site-packages/airflow/example_dags/example_skip_dag.py
[2025-10-07T22:11:59.046+0000] {logging_mixin.py:188} INFO - [2025-10-07T22:11:59.045+0000] {dag.py:3096} INFO - Sync 1 DAGs
[2025-10-07T22:11:59.057+0000] {logging_mixin.py:188} INFO - [2025-10-07T22:11:59.057+0000] {dag.py:3954} INFO - Setting next_dagrun for example_skip_dag to 2025-10-06 00:00:00+00:00, run_after=2025-10-07 00:00:00+00:00
[2025-10-07T22:11:59.068+0000] {processor.py:183} INFO - Processing /home/airflow/.local/lib/python3.12/site-packages/airflow/example_dags/example_skip_dag.py took 0.048 seconds
[2025-10-07T22:12:29.252+0000] {processor.py:161} INFO - Started process (PID=1551) to work on /home/airflow/.local/lib/python3.12/site-packages/airflow/example_dags/example_skip_dag.py
[2025-10-07T22:12:29.252+0000] {processor.py:830} INFO - Processing file /home/airflow/.local/lib/python3.12/site-packages/airflow/example_dags/example_skip_dag.py for tasks to queue
[2025-10-07T22:12:29.254+0000] {logging_mixin.py:188} INFO - [2025-10-07T22:12:29.253+0000] {dagbag.py:545} INFO - Filling up the DagBag from /home/airflow/.local/lib/python3.12/site-packages/airflow/example_dags/example_skip_dag.py
[2025-10-07T22:12:29.258+0000] {processor.py:840} INFO - DAG(s) 'example_skip_dag' retrieved from /home/airflow/.local/lib/python3.12/site-packages/airflow/example_dags/example_skip_dag.py
[2025-10-07T22:12:29.273+0000] {logging_mixin.py:188} INFO - [2025-10-07T22:12:29.273+0000] {dag.py:3096} INFO - Sync 1 DAGs
[2025-10-07T22:12:29.285+0000] {logging_mixin.py:188} INFO - [2025-10-07T22:12:29.285+0000] {dag.py:3954} INFO - Setting next_dagrun for example_skip_dag to 2025-10-06 00:00:00+00:00, run_after=2025-10-07 00:00:00+00:00
[2025-10-07T22:12:29.299+0000] {processor.py:183} INFO - Processing /home/airflow/.local/lib/python3.12/site-packages/airflow/example_dags/example_skip_dag.py took 0.051 seconds
[2025-10-07T22:12:59.453+0000] {processor.py:161} INFO - Started process (PID=1610) to work on /home/airflow/.local/lib/python3.12/site-packages/airflow/example_dags/example_skip_dag.py
[2025-10-07T22:12:59.454+0000] {processor.py:830} INFO - Processing file /home/airflow/.local/lib/python3.12/site-packages/airflow/example_dags/example_skip_dag.py for tasks to queue
[2025-10-07T22:12:59.455+0000] {logging_mixin.py:188} INFO - [2025-10-07T22:12:59.455+0000] {dagbag.py:545} INFO - Filling up the DagBag from /home/airflow/.local/lib/python3.12/site-packages/airflow/example_dags/example_skip_dag.py
[2025-10-07T22:12:59.464+0000] {processor.py:840} INFO - DAG(s) 'example_skip_dag' retrieved from /home/airflow/.local/lib/python3.12/site-packages/airflow/example_dags/example_skip_dag.py
[2025-10-07T22:12:59.482+0000] {logging_mixin.py:188} INFO - [2025-10-07T22:12:59.482+0000] {dag.py:3096} INFO - Sync 1 DAGs
[2025-10-07T22:12:59.497+0000] {logging_mixin.py:188} INFO - [2025-10-07T22:12:59.497+0000] {dag.py:3954} INFO - Setting next_dagrun for example_skip_dag to 2025-10-06 00:00:00+00:00, run_after=2025-10-07 00:00:00+00:00
[2025-10-07T22:12:59.512+0000] {processor.py:183} INFO - Processing /home/airflow/.local/lib/python3.12/site-packages/airflow/example_dags/example_skip_dag.py took 0.065 seconds
[2025-10-07T22:13:29.707+0000] {processor.py:161} INFO - Started process (PID=1669) to work on /home/airflow/.local/lib/python3.12/site-packages/airflow/example_dags/example_skip_dag.py
[2025-10-07T22:13:29.708+0000] {processor.py:830} INFO - Processing file /home/airflow/.local/lib/python3.12/site-packages/airflow/example_dags/example_skip_dag.py for tasks to queue
[2025-10-07T22:13:29.709+0000] {logging_mixin.py:188} INFO - [2025-10-07T22:13:29.709+0000] {dagbag.py:545} INFO - Filling up the DagBag from /home/airflow/.local/lib/python3.12/site-packages/airflow/example_dags/example_skip_dag.py
[2025-10-07T22:13:29.715+0000] {processor.py:840} INFO - DAG(s) 'example_skip_dag' retrieved from /home/airflow/.local/lib/python3.12/site-packages/airflow/example_dags/example_skip_dag.py
[2025-10-07T22:13:29.728+0000] {logging_mixin.py:188} INFO - [2025-10-07T22:13:29.728+0000] {dag.py:3096} INFO - Sync 1 DAGs
[2025-10-07T22:13:29.740+0000] {logging_mixin.py:188} INFO - [2025-10-07T22:13:29.740+0000] {dag.py:3954} INFO - Setting next_dagrun for example_skip_dag to 2025-10-06 00:00:00+00:00, run_after=2025-10-07 00:00:00+00:00
[2025-10-07T22:13:29.751+0000] {processor.py:183} INFO - Processing /home/airflow/.local/lib/python3.12/site-packages/airflow/example_dags/example_skip_dag.py took 0.050 seconds
[2025-10-07T22:13:59.857+0000] {processor.py:161} INFO - Started process (PID=1728) to work on /home/airflow/.local/lib/python3.12/site-packages/airflow/example_dags/example_skip_dag.py
[2025-10-07T22:13:59.858+0000] {processor.py:830} INFO - Processing file /home/airflow/.local/lib/python3.12/site-packages/airflow/example_dags/example_skip_dag.py for tasks to queue
[2025-10-07T22:13:59.860+0000] {logging_mixin.py:188} INFO - [2025-10-07T22:13:59.860+0000] {dagbag.py:545} INFO - Filling up the DagBag from /home/airflow/.local/lib/python3.12/site-packages/airflow/example_dags/example_skip_dag.py
[2025-10-07T22:13:59.865+0000] {processor.py:840} INFO - DAG(s) 'example_skip_dag' retrieved from /home/airflow/.local/lib/python3.12/site-packages/airflow/example_dags/example_skip_dag.py
[2025-10-07T22:13:59.884+0000] {logging_mixin.py:188} INFO - [2025-10-07T22:13:59.883+0000] {dag.py:3096} INFO - Sync 1 DAGs
[2025-10-07T22:13:59.894+0000] {logging_mixin.py:188} INFO - [2025-10-07T22:13:59.894+0000] {dag.py:3954} INFO - Setting next_dagrun for example_skip_dag to 2025-10-06 00:00:00+00:00, run_after=2025-10-07 00:00:00+00:00
[2025-10-07T22:13:59.905+0000] {processor.py:183} INFO - Processing /home/airflow/.local/lib/python3.12/site-packages/airflow/example_dags/example_skip_dag.py took 0.055 seconds
[2025-10-07T22:14:30.264+0000] {processor.py:161} INFO - Started process (PID=1787) to work on /home/airflow/.local/lib/python3.12/site-packages/airflow/example_dags/example_skip_dag.py
[2025-10-07T22:14:30.268+0000] {processor.py:830} INFO - Processing file /home/airflow/.local/lib/python3.12/site-packages/airflow/example_dags/example_skip_dag.py for tasks to queue
[2025-10-07T22:14:30.270+0000] {logging_mixin.py:188} INFO - [2025-10-07T22:14:30.269+0000] {dagbag.py:545} INFO - Filling up the DagBag from /home/airflow/.local/lib/python3.12/site-packages/airflow/example_dags/example_skip_dag.py
[2025-10-07T22:14:30.277+0000] {processor.py:840} INFO - DAG(s) 'example_skip_dag' retrieved from /home/airflow/.local/lib/python3.12/site-packages/airflow/example_dags/example_skip_dag.py
[2025-10-07T22:14:30.292+0000] {logging_mixin.py:188} INFO - [2025-10-07T22:14:30.291+0000] {dag.py:3096} INFO - Sync 1 DAGs
[2025-10-07T22:14:30.306+0000] {logging_mixin.py:188} INFO - [2025-10-07T22:14:30.306+0000] {dag.py:3954} INFO - Setting next_dagrun for example_skip_dag to 2025-10-06 00:00:00+00:00, run_after=2025-10-07 00:00:00+00:00
[2025-10-07T22:14:30.316+0000] {processor.py:183} INFO - Processing /home/airflow/.local/lib/python3.12/site-packages/airflow/example_dags/example_skip_dag.py took 0.060 seconds
[2025-10-07T22:15:00.605+0000] {processor.py:161} INFO - Started process (PID=1846) to work on /home/airflow/.local/lib/python3.12/site-packages/airflow/example_dags/example_skip_dag.py
[2025-10-07T22:15:00.606+0000] {processor.py:830} INFO - Processing file /home/airflow/.local/lib/python3.12/site-packages/airflow/example_dags/example_skip_dag.py for tasks to queue
[2025-10-07T22:15:00.608+0000] {logging_mixin.py:188} INFO - [2025-10-07T22:15:00.607+0000] {dagbag.py:545} INFO - Filling up the DagBag from /home/airflow/.local/lib/python3.12/site-packages/airflow/example_dags/example_skip_dag.py
[2025-10-07T22:15:00.614+0000] {processor.py:840} INFO - DAG(s) 'example_skip_dag' retrieved from /home/airflow/.local/lib/python3.12/site-packages/airflow/example_dags/example_skip_dag.py
[2025-10-07T22:15:00.632+0000] {logging_mixin.py:188} INFO - [2025-10-07T22:15:00.632+0000] {dag.py:3096} INFO - Sync 1 DAGs
[2025-10-07T22:15:00.645+0000] {logging_mixin.py:188} INFO - [2025-10-07T22:15:00.645+0000] {dag.py:3954} INFO - Setting next_dagrun for example_skip_dag to 2025-10-06 00:00:00+00:00, run_after=2025-10-07 00:00:00+00:00
[2025-10-07T22:15:00.656+0000] {processor.py:183} INFO - Processing /home/airflow/.local/lib/python3.12/site-packages/airflow/example_dags/example_skip_dag.py took 0.060 seconds
[2025-10-07T22:15:31.110+0000] {processor.py:161} INFO - Started process (PID=1905) to work on /home/airflow/.local/lib/python3.12/site-packages/airflow/example_dags/example_skip_dag.py
[2025-10-07T22:15:31.110+0000] {processor.py:830} INFO - Processing file /home/airflow/.local/lib/python3.12/site-packages/airflow/example_dags/example_skip_dag.py for tasks to queue
[2025-10-07T22:15:31.112+0000] {logging_mixin.py:188} INFO - [2025-10-07T22:15:31.112+0000] {dagbag.py:545} INFO - Filling up the DagBag from /home/airflow/.local/lib/python3.12/site-packages/airflow/example_dags/example_skip_dag.py
[2025-10-07T22:15:31.116+0000] {processor.py:840} INFO - DAG(s) 'example_skip_dag' retrieved from /home/airflow/.local/lib/python3.12/site-packages/airflow/example_dags/example_skip_dag.py
[2025-10-07T22:15:31.130+0000] {logging_mixin.py:188} INFO - [2025-10-07T22:15:31.130+0000] {dag.py:3096} INFO - Sync 1 DAGs
[2025-10-07T22:15:31.275+0000] {logging_mixin.py:188} INFO - [2025-10-07T22:15:31.275+0000] {dag.py:3954} INFO - Setting next_dagrun for example_skip_dag to 2025-10-06 00:00:00+00:00, run_after=2025-10-07 00:00:00+00:00
[2025-10-07T22:15:31.286+0000] {processor.py:183} INFO - Processing /home/airflow/.local/lib/python3.12/site-packages/airflow/example_dags/example_skip_dag.py took 0.180 seconds
[2025-10-07T22:16:01.739+0000] {processor.py:161} INFO - Started process (PID=1964) to work on /home/airflow/.local/lib/python3.12/site-packages/airflow/example_dags/example_skip_dag.py
[2025-10-07T22:16:01.740+0000] {processor.py:830} INFO - Processing file /home/airflow/.local/lib/python3.12/site-packages/airflow/example_dags/example_skip_dag.py for tasks to queue
[2025-10-07T22:16:01.741+0000] {logging_mixin.py:188} INFO - [2025-10-07T22:16:01.741+0000] {dagbag.py:545} INFO - Filling up the DagBag from /home/airflow/.local/lib/python3.12/site-packages/airflow/example_dags/example_skip_dag.py
[2025-10-07T22:16:01.745+0000] {processor.py:840} INFO - DAG(s) 'example_skip_dag' retrieved from /home/airflow/.local/lib/python3.12/site-packages/airflow/example_dags/example_skip_dag.py
[2025-10-07T22:16:01.758+0000] {logging_mixin.py:188} INFO - [2025-10-07T22:16:01.758+0000] {dag.py:3096} INFO - Sync 1 DAGs
[2025-10-07T22:16:01.770+0000] {logging_mixin.py:188} INFO - [2025-10-07T22:16:01.770+0000] {dag.py:3954} INFO - Setting next_dagrun for example_skip_dag to 2025-10-06 00:00:00+00:00, run_after=2025-10-07 00:00:00+00:00
[2025-10-07T22:16:01.880+0000] {processor.py:183} INFO - Processing /home/airflow/.local/lib/python3.12/site-packages/airflow/example_dags/example_skip_dag.py took 0.144 seconds
[2025-10-07T22:16:32.594+0000] {processor.py:161} INFO - Started process (PID=2023) to work on /home/airflow/.local/lib/python3.12/site-packages/airflow/example_dags/example_skip_dag.py
[2025-10-07T22:16:32.595+0000] {processor.py:830} INFO - Processing file /home/airflow/.local/lib/python3.12/site-packages/airflow/example_dags/example_skip_dag.py for tasks to queue
[2025-10-07T22:16:32.596+0000] {logging_mixin.py:188} INFO - [2025-10-07T22:16:32.595+0000] {dagbag.py:545} INFO - Filling up the DagBag from /home/airflow/.local/lib/python3.12/site-packages/airflow/example_dags/example_skip_dag.py
[2025-10-07T22:16:32.599+0000] {processor.py:840} INFO - DAG(s) 'example_skip_dag' retrieved from /home/airflow/.local/lib/python3.12/site-packages/airflow/example_dags/example_skip_dag.py
[2025-10-07T22:16:32.609+0000] {logging_mixin.py:188} INFO - [2025-10-07T22:16:32.609+0000] {dag.py:3096} INFO - Sync 1 DAGs
[2025-10-07T22:16:32.619+0000] {logging_mixin.py:188} INFO - [2025-10-07T22:16:32.619+0000] {dag.py:3954} INFO - Setting next_dagrun for example_skip_dag to 2025-10-06 00:00:00+00:00, run_after=2025-10-07 00:00:00+00:00
[2025-10-07T22:16:32.707+0000] {processor.py:183} INFO - Processing /home/airflow/.local/lib/python3.12/site-packages/airflow/example_dags/example_skip_dag.py took 0.116 seconds
[2025-10-07T22:17:03.163+0000] {processor.py:161} INFO - Started process (PID=2082) to work on /home/airflow/.local/lib/python3.12/site-packages/airflow/example_dags/example_skip_dag.py
[2025-10-07T22:17:03.163+0000] {processor.py:830} INFO - Processing file /home/airflow/.local/lib/python3.12/site-packages/airflow/example_dags/example_skip_dag.py for tasks to queue
[2025-10-07T22:17:03.164+0000] {logging_mixin.py:188} INFO - [2025-10-07T22:17:03.164+0000] {dagbag.py:545} INFO - Filling up the DagBag from /home/airflow/.local/lib/python3.12/site-packages/airflow/example_dags/example_skip_dag.py
[2025-10-07T22:17:03.167+0000] {processor.py:840} INFO - DAG(s) 'example_skip_dag' retrieved from /home/airflow/.local/lib/python3.12/site-packages/airflow/example_dags/example_skip_dag.py
[2025-10-07T22:17:03.178+0000] {logging_mixin.py:188} INFO - [2025-10-07T22:17:03.178+0000] {dag.py:3096} INFO - Sync 1 DAGs
[2025-10-07T22:17:03.187+0000] {logging_mixin.py:188} INFO - [2025-10-07T22:17:03.187+0000] {dag.py:3954} INFO - Setting next_dagrun for example_skip_dag to 2025-10-06 00:00:00+00:00, run_after=2025-10-07 00:00:00+00:00
[2025-10-07T22:17:03.196+0000] {processor.py:183} INFO - Processing /home/airflow/.local/lib/python3.12/site-packages/airflow/example_dags/example_skip_dag.py took 0.036 seconds
[2025-10-07T22:17:33.237+0000] {processor.py:161} INFO - Started process (PID=2141) to work on /home/airflow/.local/lib/python3.12/site-packages/airflow/example_dags/example_skip_dag.py
[2025-10-07T22:17:33.237+0000] {processor.py:830} INFO - Processing file /home/airflow/.local/lib/python3.12/site-packages/airflow/example_dags/example_skip_dag.py for tasks to queue
[2025-10-07T22:17:33.238+0000] {logging_mixin.py:188} INFO - [2025-10-07T22:17:33.238+0000] {dagbag.py:545} INFO - Filling up the DagBag from /home/airflow/.local/lib/python3.12/site-packages/airflow/example_dags/example_skip_dag.py
[2025-10-07T22:17:33.241+0000] {processor.py:840} INFO - DAG(s) 'example_skip_dag' retrieved from /home/airflow/.local/lib/python3.12/site-packages/airflow/example_dags/example_skip_dag.py
[2025-10-07T22:17:33.251+0000] {logging_mixin.py:188} INFO - [2025-10-07T22:17:33.251+0000] {dag.py:3096} INFO - Sync 1 DAGs
[2025-10-07T22:17:33.261+0000] {logging_mixin.py:188} INFO - [2025-10-07T22:17:33.261+0000] {dag.py:3954} INFO - Setting next_dagrun for example_skip_dag to 2025-10-06 00:00:00+00:00, run_after=2025-10-07 00:00:00+00:00
[2025-10-07T22:17:33.269+0000] {processor.py:183} INFO - Processing /home/airflow/.local/lib/python3.12/site-packages/airflow/example_dags/example_skip_dag.py took 0.035 seconds
[2025-10-07T22:18:03.307+0000] {processor.py:161} INFO - Started process (PID=2200) to work on /home/airflow/.local/lib/python3.12/site-packages/airflow/example_dags/example_skip_dag.py
[2025-10-07T22:18:03.308+0000] {processor.py:830} INFO - Processing file /home/airflow/.local/lib/python3.12/site-packages/airflow/example_dags/example_skip_dag.py for tasks to queue
[2025-10-07T22:18:03.309+0000] {logging_mixin.py:188} INFO - [2025-10-07T22:18:03.309+0000] {dagbag.py:545} INFO - Filling up the DagBag from /home/airflow/.local/lib/python3.12/site-packages/airflow/example_dags/example_skip_dag.py
[2025-10-07T22:18:03.313+0000] {processor.py:840} INFO - DAG(s) 'example_skip_dag' retrieved from /home/airflow/.local/lib/python3.12/site-packages/airflow/example_dags/example_skip_dag.py
[2025-10-07T22:18:03.328+0000] {logging_mixin.py:188} INFO - [2025-10-07T22:18:03.328+0000] {dag.py:3096} INFO - Sync 1 DAGs
[2025-10-07T22:18:03.340+0000] {logging_mixin.py:188} INFO - [2025-10-07T22:18:03.340+0000] {dag.py:3954} INFO - Setting next_dagrun for example_skip_dag to 2025-10-06 00:00:00+00:00, run_after=2025-10-07 00:00:00+00:00
[2025-10-07T22:18:03.351+0000] {processor.py:183} INFO - Processing /home/airflow/.local/lib/python3.12/site-packages/airflow/example_dags/example_skip_dag.py took 0.047 seconds
[2025-10-07T22:18:33.431+0000] {processor.py:161} INFO - Started process (PID=2259) to work on /home/airflow/.local/lib/python3.12/site-packages/airflow/example_dags/example_skip_dag.py
[2025-10-07T22:18:33.432+0000] {processor.py:830} INFO - Processing file /home/airflow/.local/lib/python3.12/site-packages/airflow/example_dags/example_skip_dag.py for tasks to queue
[2025-10-07T22:18:33.433+0000] {logging_mixin.py:188} INFO - [2025-10-07T22:18:33.432+0000] {dagbag.py:545} INFO - Filling up the DagBag from /home/airflow/.local/lib/python3.12/site-packages/airflow/example_dags/example_skip_dag.py
[2025-10-07T22:18:33.436+0000] {processor.py:840} INFO - DAG(s) 'example_skip_dag' retrieved from /home/airflow/.local/lib/python3.12/site-packages/airflow/example_dags/example_skip_dag.py
[2025-10-07T22:18:33.455+0000] {logging_mixin.py:188} INFO - [2025-10-07T22:18:33.455+0000] {dag.py:3096} INFO - Sync 1 DAGs
[2025-10-07T22:18:33.467+0000] {logging_mixin.py:188} INFO - [2025-10-07T22:18:33.467+0000] {dag.py:3954} INFO - Setting next_dagrun for example_skip_dag to 2025-10-06 00:00:00+00:00, run_after=2025-10-07 00:00:00+00:00
[2025-10-07T22:18:33.477+0000] {processor.py:183} INFO - Processing /home/airflow/.local/lib/python3.12/site-packages/airflow/example_dags/example_skip_dag.py took 0.050 seconds
[2025-10-07T22:19:17.086+0000] {processor.py:161} INFO - Started process (PID=70) to work on /home/airflow/.local/lib/python3.12/site-packages/airflow/example_dags/example_skip_dag.py
[2025-10-07T22:19:17.087+0000] {processor.py:830} INFO - Processing file /home/airflow/.local/lib/python3.12/site-packages/airflow/example_dags/example_skip_dag.py for tasks to queue
[2025-10-07T22:19:17.088+0000] {logging_mixin.py:188} INFO - [2025-10-07T22:19:17.088+0000] {dagbag.py:545} INFO - Filling up the DagBag from /home/airflow/.local/lib/python3.12/site-packages/airflow/example_dags/example_skip_dag.py
[2025-10-07T22:19:17.098+0000] {processor.py:840} INFO - DAG(s) 'example_skip_dag' retrieved from /home/airflow/.local/lib/python3.12/site-packages/airflow/example_dags/example_skip_dag.py
[2025-10-07T22:19:17.114+0000] {logging_mixin.py:188} INFO - [2025-10-07T22:19:17.114+0000] {dag.py:3096} INFO - Sync 1 DAGs
[2025-10-07T22:19:17.139+0000] {logging_mixin.py:188} INFO - [2025-10-07T22:19:17.139+0000] {dag.py:3954} INFO - Setting next_dagrun for example_skip_dag to 2025-10-06 00:00:00+00:00, run_after=2025-10-07 00:00:00+00:00
[2025-10-07T22:19:17.161+0000] {processor.py:183} INFO - Processing /home/airflow/.local/lib/python3.12/site-packages/airflow/example_dags/example_skip_dag.py took 0.078 seconds
[2025-10-07T22:19:48.049+0000] {processor.py:161} INFO - Started process (PID=129) to work on /home/airflow/.local/lib/python3.12/site-packages/airflow/example_dags/example_skip_dag.py
[2025-10-07T22:19:48.049+0000] {processor.py:830} INFO - Processing file /home/airflow/.local/lib/python3.12/site-packages/airflow/example_dags/example_skip_dag.py for tasks to queue
[2025-10-07T22:19:48.050+0000] {logging_mixin.py:188} INFO - [2025-10-07T22:19:48.050+0000] {dagbag.py:545} INFO - Filling up the DagBag from /home/airflow/.local/lib/python3.12/site-packages/airflow/example_dags/example_skip_dag.py
[2025-10-07T22:19:48.054+0000] {processor.py:840} INFO - DAG(s) 'example_skip_dag' retrieved from /home/airflow/.local/lib/python3.12/site-packages/airflow/example_dags/example_skip_dag.py
[2025-10-07T22:19:48.109+0000] {logging_mixin.py:188} INFO - [2025-10-07T22:19:48.109+0000] {dag.py:3096} INFO - Sync 1 DAGs
[2025-10-07T22:19:48.117+0000] {logging_mixin.py:188} INFO - [2025-10-07T22:19:48.117+0000] {dag.py:3954} INFO - Setting next_dagrun for example_skip_dag to 2025-10-06 00:00:00+00:00, run_after=2025-10-07 00:00:00+00:00
[2025-10-07T22:19:48.131+0000] {processor.py:183} INFO - Processing /home/airflow/.local/lib/python3.12/site-packages/airflow/example_dags/example_skip_dag.py took 0.085 seconds
[2025-10-07T22:20:18.654+0000] {processor.py:161} INFO - Started process (PID=194) to work on /home/airflow/.local/lib/python3.12/site-packages/airflow/example_dags/example_skip_dag.py
[2025-10-07T22:20:18.655+0000] {processor.py:830} INFO - Processing file /home/airflow/.local/lib/python3.12/site-packages/airflow/example_dags/example_skip_dag.py for tasks to queue
[2025-10-07T22:20:18.656+0000] {logging_mixin.py:188} INFO - [2025-10-07T22:20:18.656+0000] {dagbag.py:545} INFO - Filling up the DagBag from /home/airflow/.local/lib/python3.12/site-packages/airflow/example_dags/example_skip_dag.py
[2025-10-07T22:20:18.660+0000] {processor.py:840} INFO - DAG(s) 'example_skip_dag' retrieved from /home/airflow/.local/lib/python3.12/site-packages/airflow/example_dags/example_skip_dag.py
[2025-10-07T22:20:18.671+0000] {logging_mixin.py:188} INFO - [2025-10-07T22:20:18.670+0000] {dag.py:3096} INFO - Sync 1 DAGs
[2025-10-07T22:20:18.681+0000] {logging_mixin.py:188} INFO - [2025-10-07T22:20:18.681+0000] {dag.py:3954} INFO - Setting next_dagrun for example_skip_dag to 2025-10-06 00:00:00+00:00, run_after=2025-10-07 00:00:00+00:00
[2025-10-07T22:20:18.698+0000] {processor.py:183} INFO - Processing /home/airflow/.local/lib/python3.12/site-packages/airflow/example_dags/example_skip_dag.py took 0.046 seconds
[2025-10-07T22:20:49.077+0000] {processor.py:161} INFO - Started process (PID=253) to work on /home/airflow/.local/lib/python3.12/site-packages/airflow/example_dags/example_skip_dag.py
[2025-10-07T22:20:49.077+0000] {processor.py:830} INFO - Processing file /home/airflow/.local/lib/python3.12/site-packages/airflow/example_dags/example_skip_dag.py for tasks to queue
[2025-10-07T22:20:49.078+0000] {logging_mixin.py:188} INFO - [2025-10-07T22:20:49.078+0000] {dagbag.py:545} INFO - Filling up the DagBag from /home/airflow/.local/lib/python3.12/site-packages/airflow/example_dags/example_skip_dag.py
[2025-10-07T22:20:49.082+0000] {processor.py:840} INFO - DAG(s) 'example_skip_dag' retrieved from /home/airflow/.local/lib/python3.12/site-packages/airflow/example_dags/example_skip_dag.py
[2025-10-07T22:20:49.097+0000] {logging_mixin.py:188} INFO - [2025-10-07T22:20:49.097+0000] {dag.py:3096} INFO - Sync 1 DAGs
[2025-10-07T22:20:49.110+0000] {logging_mixin.py:188} INFO - [2025-10-07T22:20:49.110+0000] {dag.py:3954} INFO - Setting next_dagrun for example_skip_dag to 2025-10-06 00:00:00+00:00, run_after=2025-10-07 00:00:00+00:00
[2025-10-07T22:20:49.119+0000] {processor.py:183} INFO - Processing /home/airflow/.local/lib/python3.12/site-packages/airflow/example_dags/example_skip_dag.py took 0.046 seconds
[2025-10-07T22:21:19.193+0000] {processor.py:161} INFO - Started process (PID=312) to work on /home/airflow/.local/lib/python3.12/site-packages/airflow/example_dags/example_skip_dag.py
[2025-10-07T22:21:19.193+0000] {processor.py:830} INFO - Processing file /home/airflow/.local/lib/python3.12/site-packages/airflow/example_dags/example_skip_dag.py for tasks to queue
[2025-10-07T22:21:19.197+0000] {logging_mixin.py:188} INFO - [2025-10-07T22:21:19.197+0000] {dagbag.py:545} INFO - Filling up the DagBag from /home/airflow/.local/lib/python3.12/site-packages/airflow/example_dags/example_skip_dag.py
[2025-10-07T22:21:19.200+0000] {processor.py:840} INFO - DAG(s) 'example_skip_dag' retrieved from /home/airflow/.local/lib/python3.12/site-packages/airflow/example_dags/example_skip_dag.py
[2025-10-07T22:21:19.212+0000] {logging_mixin.py:188} INFO - [2025-10-07T22:21:19.212+0000] {dag.py:3096} INFO - Sync 1 DAGs
[2025-10-07T22:21:19.225+0000] {logging_mixin.py:188} INFO - [2025-10-07T22:21:19.224+0000] {dag.py:3954} INFO - Setting next_dagrun for example_skip_dag to 2025-10-06 00:00:00+00:00, run_after=2025-10-07 00:00:00+00:00
[2025-10-07T22:21:19.235+0000] {processor.py:183} INFO - Processing /home/airflow/.local/lib/python3.12/site-packages/airflow/example_dags/example_skip_dag.py took 0.045 seconds
[2025-10-07T22:21:49.718+0000] {processor.py:161} INFO - Started process (PID=371) to work on /home/airflow/.local/lib/python3.12/site-packages/airflow/example_dags/example_skip_dag.py
[2025-10-07T22:21:49.719+0000] {processor.py:830} INFO - Processing file /home/airflow/.local/lib/python3.12/site-packages/airflow/example_dags/example_skip_dag.py for tasks to queue
[2025-10-07T22:21:49.720+0000] {logging_mixin.py:188} INFO - [2025-10-07T22:21:49.720+0000] {dagbag.py:545} INFO - Filling up the DagBag from /home/airflow/.local/lib/python3.12/site-packages/airflow/example_dags/example_skip_dag.py
[2025-10-07T22:21:49.724+0000] {processor.py:840} INFO - DAG(s) 'example_skip_dag' retrieved from /home/airflow/.local/lib/python3.12/site-packages/airflow/example_dags/example_skip_dag.py
[2025-10-07T22:21:49.739+0000] {logging_mixin.py:188} INFO - [2025-10-07T22:21:49.739+0000] {dag.py:3096} INFO - Sync 1 DAGs
[2025-10-07T22:21:49.751+0000] {logging_mixin.py:188} INFO - [2025-10-07T22:21:49.751+0000] {dag.py:3954} INFO - Setting next_dagrun for example_skip_dag to 2025-10-06 00:00:00+00:00, run_after=2025-10-07 00:00:00+00:00
[2025-10-07T22:21:49.765+0000] {processor.py:183} INFO - Processing /home/airflow/.local/lib/python3.12/site-packages/airflow/example_dags/example_skip_dag.py took 0.051 seconds
