[2025-10-07T21:54:26.152+0000] {processor.py:161} INFO - Started process (PID=85) to work on /home/airflow/.local/lib/python3.12/site-packages/airflow/example_dags/example_short_circuit_operator.py
[2025-10-07T21:54:26.153+0000] {processor.py:830} INFO - Processing file /home/airflow/.local/lib/python3.12/site-packages/airflow/example_dags/example_short_circuit_operator.py for tasks to queue
[2025-10-07T21:54:26.155+0000] {logging_mixin.py:188} INFO - [2025-10-07T21:54:26.155+0000] {dagbag.py:545} INFO - Filling up the DagBag from /home/airflow/.local/lib/python3.12/site-packages/airflow/example_dags/example_short_circuit_operator.py
[2025-10-07T21:54:26.161+0000] {processor.py:840} INFO - DAG(s) 'example_short_circuit_operator' retrieved from /home/airflow/.local/lib/python3.12/site-packages/airflow/example_dags/example_short_circuit_operator.py
[2025-10-07T21:54:26.169+0000] {logging_mixin.py:188} INFO - [2025-10-07T21:54:26.169+0000] {dag.py:3096} INFO - Sync 1 DAGs
[2025-10-07T21:54:26.182+0000] {logging_mixin.py:188} INFO - [2025-10-07T21:54:26.182+0000] {dag.py:3954} INFO - Setting next_dagrun for example_short_circuit_operator to 2025-10-06 00:00:00+00:00, run_after=2025-10-07 00:00:00+00:00
[2025-10-07T21:54:26.194+0000] {processor.py:183} INFO - Processing /home/airflow/.local/lib/python3.12/site-packages/airflow/example_dags/example_short_circuit_operator.py took 0.044 seconds
[2025-10-07T21:54:57.147+0000] {processor.py:161} INFO - Started process (PID=144) to work on /home/airflow/.local/lib/python3.12/site-packages/airflow/example_dags/example_short_circuit_operator.py
[2025-10-07T21:54:57.150+0000] {processor.py:830} INFO - Processing file /home/airflow/.local/lib/python3.12/site-packages/airflow/example_dags/example_short_circuit_operator.py for tasks to queue
[2025-10-07T21:54:57.153+0000] {logging_mixin.py:188} INFO - [2025-10-07T21:54:57.152+0000] {dagbag.py:545} INFO - Filling up the DagBag from /home/airflow/.local/lib/python3.12/site-packages/airflow/example_dags/example_short_circuit_operator.py
[2025-10-07T21:54:57.160+0000] {processor.py:840} INFO - DAG(s) 'example_short_circuit_operator' retrieved from /home/airflow/.local/lib/python3.12/site-packages/airflow/example_dags/example_short_circuit_operator.py
[2025-10-07T21:54:57.224+0000] {logging_mixin.py:188} INFO - [2025-10-07T21:54:57.224+0000] {dag.py:3096} INFO - Sync 1 DAGs
[2025-10-07T21:54:57.235+0000] {logging_mixin.py:188} INFO - [2025-10-07T21:54:57.235+0000] {dag.py:3954} INFO - Setting next_dagrun for example_short_circuit_operator to 2025-10-06 00:00:00+00:00, run_after=2025-10-07 00:00:00+00:00
[2025-10-07T21:54:57.247+0000] {processor.py:183} INFO - Processing /home/airflow/.local/lib/python3.12/site-packages/airflow/example_dags/example_short_circuit_operator.py took 0.106 seconds
[2025-10-07T21:55:28.195+0000] {processor.py:161} INFO - Started process (PID=203) to work on /home/airflow/.local/lib/python3.12/site-packages/airflow/example_dags/example_short_circuit_operator.py
[2025-10-07T21:55:28.197+0000] {processor.py:830} INFO - Processing file /home/airflow/.local/lib/python3.12/site-packages/airflow/example_dags/example_short_circuit_operator.py for tasks to queue
[2025-10-07T21:55:28.198+0000] {logging_mixin.py:188} INFO - [2025-10-07T21:55:28.198+0000] {dagbag.py:545} INFO - Filling up the DagBag from /home/airflow/.local/lib/python3.12/site-packages/airflow/example_dags/example_short_circuit_operator.py
[2025-10-07T21:55:28.203+0000] {processor.py:840} INFO - DAG(s) 'example_short_circuit_operator' retrieved from /home/airflow/.local/lib/python3.12/site-packages/airflow/example_dags/example_short_circuit_operator.py
[2025-10-07T21:55:28.216+0000] {logging_mixin.py:188} INFO - [2025-10-07T21:55:28.216+0000] {dag.py:3096} INFO - Sync 1 DAGs
[2025-10-07T21:55:28.227+0000] {logging_mixin.py:188} INFO - [2025-10-07T21:55:28.227+0000] {dag.py:3954} INFO - Setting next_dagrun for example_short_circuit_operator to 2025-10-06 00:00:00+00:00, run_after=2025-10-07 00:00:00+00:00
[2025-10-07T21:55:28.239+0000] {processor.py:183} INFO - Processing /home/airflow/.local/lib/python3.12/site-packages/airflow/example_dags/example_short_circuit_operator.py took 0.051 seconds
[2025-10-07T21:55:58.375+0000] {processor.py:161} INFO - Started process (PID=262) to work on /home/airflow/.local/lib/python3.12/site-packages/airflow/example_dags/example_short_circuit_operator.py
[2025-10-07T21:55:58.377+0000] {processor.py:830} INFO - Processing file /home/airflow/.local/lib/python3.12/site-packages/airflow/example_dags/example_short_circuit_operator.py for tasks to queue
[2025-10-07T21:55:58.380+0000] {logging_mixin.py:188} INFO - [2025-10-07T21:55:58.380+0000] {dagbag.py:545} INFO - Filling up the DagBag from /home/airflow/.local/lib/python3.12/site-packages/airflow/example_dags/example_short_circuit_operator.py
[2025-10-07T21:55:58.385+0000] {processor.py:840} INFO - DAG(s) 'example_short_circuit_operator' retrieved from /home/airflow/.local/lib/python3.12/site-packages/airflow/example_dags/example_short_circuit_operator.py
[2025-10-07T21:55:58.399+0000] {logging_mixin.py:188} INFO - [2025-10-07T21:55:58.399+0000] {dag.py:3096} INFO - Sync 1 DAGs
[2025-10-07T21:55:58.410+0000] {logging_mixin.py:188} INFO - [2025-10-07T21:55:58.410+0000] {dag.py:3954} INFO - Setting next_dagrun for example_short_circuit_operator to 2025-10-06 00:00:00+00:00, run_after=2025-10-07 00:00:00+00:00
[2025-10-07T21:55:58.423+0000] {processor.py:183} INFO - Processing /home/airflow/.local/lib/python3.12/site-packages/airflow/example_dags/example_short_circuit_operator.py took 0.054 seconds
[2025-10-07T21:56:28.515+0000] {processor.py:161} INFO - Started process (PID=321) to work on /home/airflow/.local/lib/python3.12/site-packages/airflow/example_dags/example_short_circuit_operator.py
[2025-10-07T21:56:28.519+0000] {processor.py:830} INFO - Processing file /home/airflow/.local/lib/python3.12/site-packages/airflow/example_dags/example_short_circuit_operator.py for tasks to queue
[2025-10-07T21:56:28.521+0000] {logging_mixin.py:188} INFO - [2025-10-07T21:56:28.521+0000] {dagbag.py:545} INFO - Filling up the DagBag from /home/airflow/.local/lib/python3.12/site-packages/airflow/example_dags/example_short_circuit_operator.py
[2025-10-07T21:56:28.526+0000] {processor.py:840} INFO - DAG(s) 'example_short_circuit_operator' retrieved from /home/airflow/.local/lib/python3.12/site-packages/airflow/example_dags/example_short_circuit_operator.py
[2025-10-07T21:56:28.539+0000] {logging_mixin.py:188} INFO - [2025-10-07T21:56:28.539+0000] {dag.py:3096} INFO - Sync 1 DAGs
[2025-10-07T21:56:28.551+0000] {logging_mixin.py:188} INFO - [2025-10-07T21:56:28.550+0000] {dag.py:3954} INFO - Setting next_dagrun for example_short_circuit_operator to 2025-10-06 00:00:00+00:00, run_after=2025-10-07 00:00:00+00:00
[2025-10-07T21:56:28.562+0000] {processor.py:183} INFO - Processing /home/airflow/.local/lib/python3.12/site-packages/airflow/example_dags/example_short_circuit_operator.py took 0.052 seconds
[2025-10-07T21:56:59.470+0000] {processor.py:161} INFO - Started process (PID=386) to work on /home/airflow/.local/lib/python3.12/site-packages/airflow/example_dags/example_short_circuit_operator.py
[2025-10-07T21:56:59.471+0000] {processor.py:830} INFO - Processing file /home/airflow/.local/lib/python3.12/site-packages/airflow/example_dags/example_short_circuit_operator.py for tasks to queue
[2025-10-07T21:56:59.472+0000] {logging_mixin.py:188} INFO - [2025-10-07T21:56:59.472+0000] {dagbag.py:545} INFO - Filling up the DagBag from /home/airflow/.local/lib/python3.12/site-packages/airflow/example_dags/example_short_circuit_operator.py
[2025-10-07T21:56:59.478+0000] {processor.py:840} INFO - DAG(s) 'example_short_circuit_operator' retrieved from /home/airflow/.local/lib/python3.12/site-packages/airflow/example_dags/example_short_circuit_operator.py
[2025-10-07T21:56:59.494+0000] {logging_mixin.py:188} INFO - [2025-10-07T21:56:59.494+0000] {dag.py:3096} INFO - Sync 1 DAGs
[2025-10-07T21:56:59.508+0000] {logging_mixin.py:188} INFO - [2025-10-07T21:56:59.508+0000] {dag.py:3954} INFO - Setting next_dagrun for example_short_circuit_operator to 2025-10-06 00:00:00+00:00, run_after=2025-10-07 00:00:00+00:00
[2025-10-07T21:56:59.518+0000] {processor.py:183} INFO - Processing /home/airflow/.local/lib/python3.12/site-packages/airflow/example_dags/example_short_circuit_operator.py took 0.054 seconds
[2025-10-07T21:57:30.563+0000] {processor.py:161} INFO - Started process (PID=445) to work on /home/airflow/.local/lib/python3.12/site-packages/airflow/example_dags/example_short_circuit_operator.py
[2025-10-07T21:57:30.566+0000] {processor.py:830} INFO - Processing file /home/airflow/.local/lib/python3.12/site-packages/airflow/example_dags/example_short_circuit_operator.py for tasks to queue
[2025-10-07T21:57:30.569+0000] {logging_mixin.py:188} INFO - [2025-10-07T21:57:30.568+0000] {dagbag.py:545} INFO - Filling up the DagBag from /home/airflow/.local/lib/python3.12/site-packages/airflow/example_dags/example_short_circuit_operator.py
[2025-10-07T21:57:30.580+0000] {processor.py:840} INFO - DAG(s) 'example_short_circuit_operator' retrieved from /home/airflow/.local/lib/python3.12/site-packages/airflow/example_dags/example_short_circuit_operator.py
[2025-10-07T21:57:30.621+0000] {logging_mixin.py:188} INFO - [2025-10-07T21:57:30.621+0000] {dag.py:3096} INFO - Sync 1 DAGs
[2025-10-07T21:57:30.652+0000] {logging_mixin.py:188} INFO - [2025-10-07T21:57:30.651+0000] {dag.py:3954} INFO - Setting next_dagrun for example_short_circuit_operator to 2025-10-06 00:00:00+00:00, run_after=2025-10-07 00:00:00+00:00
[2025-10-07T21:57:30.692+0000] {processor.py:183} INFO - Processing /home/airflow/.local/lib/python3.12/site-packages/airflow/example_dags/example_short_circuit_operator.py took 0.138 seconds
[2025-10-07T21:58:27.590+0000] {processor.py:161} INFO - Started process (PID=498) to work on /home/airflow/.local/lib/python3.12/site-packages/airflow/example_dags/example_short_circuit_operator.py
[2025-10-07T21:58:27.591+0000] {processor.py:830} INFO - Processing file /home/airflow/.local/lib/python3.12/site-packages/airflow/example_dags/example_short_circuit_operator.py for tasks to queue
[2025-10-07T21:58:27.593+0000] {logging_mixin.py:188} INFO - [2025-10-07T21:58:27.592+0000] {dagbag.py:545} INFO - Filling up the DagBag from /home/airflow/.local/lib/python3.12/site-packages/airflow/example_dags/example_short_circuit_operator.py
[2025-10-07T21:58:27.599+0000] {processor.py:840} INFO - DAG(s) 'example_short_circuit_operator' retrieved from /home/airflow/.local/lib/python3.12/site-packages/airflow/example_dags/example_short_circuit_operator.py
[2025-10-07T21:58:27.630+0000] {logging_mixin.py:188} INFO - [2025-10-07T21:58:27.630+0000] {dag.py:3096} INFO - Sync 1 DAGs
[2025-10-07T21:58:27.658+0000] {logging_mixin.py:188} INFO - [2025-10-07T21:58:27.658+0000] {dag.py:3954} INFO - Setting next_dagrun for example_short_circuit_operator to 2025-10-06 00:00:00+00:00, run_after=2025-10-07 00:00:00+00:00
[2025-10-07T21:58:27.694+0000] {processor.py:183} INFO - Processing /home/airflow/.local/lib/python3.12/site-packages/airflow/example_dags/example_short_circuit_operator.py took 0.108 seconds
[2025-10-07T21:59:35.091+0000] {processor.py:161} INFO - Started process (PID=557) to work on /home/airflow/.local/lib/python3.12/site-packages/airflow/example_dags/example_short_circuit_operator.py
[2025-10-07T21:59:35.099+0000] {processor.py:830} INFO - Processing file /home/airflow/.local/lib/python3.12/site-packages/airflow/example_dags/example_short_circuit_operator.py for tasks to queue
[2025-10-07T21:59:35.103+0000] {logging_mixin.py:188} INFO - [2025-10-07T21:59:35.102+0000] {dagbag.py:545} INFO - Filling up the DagBag from /home/airflow/.local/lib/python3.12/site-packages/airflow/example_dags/example_short_circuit_operator.py
[2025-10-07T21:59:35.115+0000] {processor.py:840} INFO - DAG(s) 'example_short_circuit_operator' retrieved from /home/airflow/.local/lib/python3.12/site-packages/airflow/example_dags/example_short_circuit_operator.py
[2025-10-07T21:59:35.161+0000] {logging_mixin.py:188} INFO - [2025-10-07T21:59:35.161+0000] {dag.py:3096} INFO - Sync 1 DAGs
[2025-10-07T21:59:35.196+0000] {logging_mixin.py:188} INFO - [2025-10-07T21:59:35.196+0000] {dag.py:3954} INFO - Setting next_dagrun for example_short_circuit_operator to 2025-10-06 00:00:00+00:00, run_after=2025-10-07 00:00:00+00:00
[2025-10-07T21:59:35.227+0000] {processor.py:183} INFO - Processing /home/airflow/.local/lib/python3.12/site-packages/airflow/example_dags/example_short_circuit_operator.py took 0.146 seconds
[2025-10-07T22:01:53.127+0000] {processor.py:161} INFO - Started process (PID=616) to work on /home/airflow/.local/lib/python3.12/site-packages/airflow/example_dags/example_short_circuit_operator.py
[2025-10-07T22:01:53.127+0000] {processor.py:830} INFO - Processing file /home/airflow/.local/lib/python3.12/site-packages/airflow/example_dags/example_short_circuit_operator.py for tasks to queue
[2025-10-07T22:01:53.128+0000] {logging_mixin.py:188} INFO - [2025-10-07T22:01:53.128+0000] {dagbag.py:545} INFO - Filling up the DagBag from /home/airflow/.local/lib/python3.12/site-packages/airflow/example_dags/example_short_circuit_operator.py
[2025-10-07T22:01:53.132+0000] {processor.py:840} INFO - DAG(s) 'example_short_circuit_operator' retrieved from /home/airflow/.local/lib/python3.12/site-packages/airflow/example_dags/example_short_circuit_operator.py
[2025-10-07T22:01:53.144+0000] {logging_mixin.py:188} INFO - [2025-10-07T22:01:53.144+0000] {dag.py:3096} INFO - Sync 1 DAGs
[2025-10-07T22:01:53.155+0000] {logging_mixin.py:188} INFO - [2025-10-07T22:01:53.155+0000] {dag.py:3954} INFO - Setting next_dagrun for example_short_circuit_operator to 2025-10-06 00:00:00+00:00, run_after=2025-10-07 00:00:00+00:00
[2025-10-07T22:01:53.165+0000] {processor.py:183} INFO - Processing /home/airflow/.local/lib/python3.12/site-packages/airflow/example_dags/example_short_circuit_operator.py took 0.041 seconds
[2025-10-07T22:04:56.392+0000] {processor.py:161} INFO - Started process (PID=675) to work on /home/airflow/.local/lib/python3.12/site-packages/airflow/example_dags/example_short_circuit_operator.py
[2025-10-07T22:04:56.393+0000] {processor.py:830} INFO - Processing file /home/airflow/.local/lib/python3.12/site-packages/airflow/example_dags/example_short_circuit_operator.py for tasks to queue
[2025-10-07T22:04:56.395+0000] {logging_mixin.py:188} INFO - [2025-10-07T22:04:56.394+0000] {dagbag.py:545} INFO - Filling up the DagBag from /home/airflow/.local/lib/python3.12/site-packages/airflow/example_dags/example_short_circuit_operator.py
[2025-10-07T22:04:56.398+0000] {processor.py:840} INFO - DAG(s) 'example_short_circuit_operator' retrieved from /home/airflow/.local/lib/python3.12/site-packages/airflow/example_dags/example_short_circuit_operator.py
[2025-10-07T22:04:56.415+0000] {logging_mixin.py:188} INFO - [2025-10-07T22:04:56.415+0000] {dag.py:3096} INFO - Sync 1 DAGs
[2025-10-07T22:04:56.427+0000] {logging_mixin.py:188} INFO - [2025-10-07T22:04:56.427+0000] {dag.py:3954} INFO - Setting next_dagrun for example_short_circuit_operator to 2025-10-06 00:00:00+00:00, run_after=2025-10-07 00:00:00+00:00
[2025-10-07T22:04:56.440+0000] {processor.py:183} INFO - Processing /home/airflow/.local/lib/python3.12/site-packages/airflow/example_dags/example_short_circuit_operator.py took 0.050 seconds
[2025-10-07T22:05:26.489+0000] {processor.py:161} INFO - Started process (PID=733) to work on /home/airflow/.local/lib/python3.12/site-packages/airflow/example_dags/example_short_circuit_operator.py
[2025-10-07T22:05:26.490+0000] {processor.py:830} INFO - Processing file /home/airflow/.local/lib/python3.12/site-packages/airflow/example_dags/example_short_circuit_operator.py for tasks to queue
[2025-10-07T22:05:26.492+0000] {logging_mixin.py:188} INFO - [2025-10-07T22:05:26.492+0000] {dagbag.py:545} INFO - Filling up the DagBag from /home/airflow/.local/lib/python3.12/site-packages/airflow/example_dags/example_short_circuit_operator.py
[2025-10-07T22:05:26.497+0000] {processor.py:840} INFO - DAG(s) 'example_short_circuit_operator' retrieved from /home/airflow/.local/lib/python3.12/site-packages/airflow/example_dags/example_short_circuit_operator.py
[2025-10-07T22:05:26.514+0000] {logging_mixin.py:188} INFO - [2025-10-07T22:05:26.514+0000] {dag.py:3096} INFO - Sync 1 DAGs
[2025-10-07T22:05:26.527+0000] {logging_mixin.py:188} INFO - [2025-10-07T22:05:26.527+0000] {dag.py:3954} INFO - Setting next_dagrun for example_short_circuit_operator to 2025-10-06 00:00:00+00:00, run_after=2025-10-07 00:00:00+00:00
[2025-10-07T22:05:26.537+0000] {processor.py:183} INFO - Processing /home/airflow/.local/lib/python3.12/site-packages/airflow/example_dags/example_short_circuit_operator.py took 0.050 seconds
[2025-10-07T22:05:56.678+0000] {processor.py:161} INFO - Started process (PID=793) to work on /home/airflow/.local/lib/python3.12/site-packages/airflow/example_dags/example_short_circuit_operator.py
[2025-10-07T22:05:56.679+0000] {processor.py:830} INFO - Processing file /home/airflow/.local/lib/python3.12/site-packages/airflow/example_dags/example_short_circuit_operator.py for tasks to queue
[2025-10-07T22:05:56.680+0000] {logging_mixin.py:188} INFO - [2025-10-07T22:05:56.680+0000] {dagbag.py:545} INFO - Filling up the DagBag from /home/airflow/.local/lib/python3.12/site-packages/airflow/example_dags/example_short_circuit_operator.py
[2025-10-07T22:05:56.684+0000] {processor.py:840} INFO - DAG(s) 'example_short_circuit_operator' retrieved from /home/airflow/.local/lib/python3.12/site-packages/airflow/example_dags/example_short_circuit_operator.py
[2025-10-07T22:05:56.696+0000] {logging_mixin.py:188} INFO - [2025-10-07T22:05:56.696+0000] {dag.py:3096} INFO - Sync 1 DAGs
[2025-10-07T22:05:56.711+0000] {logging_mixin.py:188} INFO - [2025-10-07T22:05:56.710+0000] {dag.py:3954} INFO - Setting next_dagrun for example_short_circuit_operator to 2025-10-06 00:00:00+00:00, run_after=2025-10-07 00:00:00+00:00
[2025-10-07T22:05:56.727+0000] {processor.py:183} INFO - Processing /home/airflow/.local/lib/python3.12/site-packages/airflow/example_dags/example_short_circuit_operator.py took 0.052 seconds
[2025-10-07T22:06:26.757+0000] {processor.py:161} INFO - Started process (PID=852) to work on /home/airflow/.local/lib/python3.12/site-packages/airflow/example_dags/example_short_circuit_operator.py
[2025-10-07T22:06:26.758+0000] {processor.py:830} INFO - Processing file /home/airflow/.local/lib/python3.12/site-packages/airflow/example_dags/example_short_circuit_operator.py for tasks to queue
[2025-10-07T22:06:26.760+0000] {logging_mixin.py:188} INFO - [2025-10-07T22:06:26.760+0000] {dagbag.py:545} INFO - Filling up the DagBag from /home/airflow/.local/lib/python3.12/site-packages/airflow/example_dags/example_short_circuit_operator.py
[2025-10-07T22:06:26.764+0000] {processor.py:840} INFO - DAG(s) 'example_short_circuit_operator' retrieved from /home/airflow/.local/lib/python3.12/site-packages/airflow/example_dags/example_short_circuit_operator.py
[2025-10-07T22:06:26.781+0000] {logging_mixin.py:188} INFO - [2025-10-07T22:06:26.781+0000] {dag.py:3096} INFO - Sync 1 DAGs
[2025-10-07T22:06:26.793+0000] {logging_mixin.py:188} INFO - [2025-10-07T22:06:26.793+0000] {dag.py:3954} INFO - Setting next_dagrun for example_short_circuit_operator to 2025-10-06 00:00:00+00:00, run_after=2025-10-07 00:00:00+00:00
[2025-10-07T22:06:26.803+0000] {processor.py:183} INFO - Processing /home/airflow/.local/lib/python3.12/site-packages/airflow/example_dags/example_short_circuit_operator.py took 0.049 seconds
[2025-10-07T22:06:56.848+0000] {processor.py:161} INFO - Started process (PID=911) to work on /home/airflow/.local/lib/python3.12/site-packages/airflow/example_dags/example_short_circuit_operator.py
[2025-10-07T22:06:56.852+0000] {processor.py:830} INFO - Processing file /home/airflow/.local/lib/python3.12/site-packages/airflow/example_dags/example_short_circuit_operator.py for tasks to queue
[2025-10-07T22:06:56.853+0000] {logging_mixin.py:188} INFO - [2025-10-07T22:06:56.852+0000] {dagbag.py:545} INFO - Filling up the DagBag from /home/airflow/.local/lib/python3.12/site-packages/airflow/example_dags/example_short_circuit_operator.py
[2025-10-07T22:06:56.856+0000] {processor.py:840} INFO - DAG(s) 'example_short_circuit_operator' retrieved from /home/airflow/.local/lib/python3.12/site-packages/airflow/example_dags/example_short_circuit_operator.py
[2025-10-07T22:06:56.873+0000] {logging_mixin.py:188} INFO - [2025-10-07T22:06:56.873+0000] {dag.py:3096} INFO - Sync 1 DAGs
[2025-10-07T22:06:56.884+0000] {logging_mixin.py:188} INFO - [2025-10-07T22:06:56.884+0000] {dag.py:3954} INFO - Setting next_dagrun for example_short_circuit_operator to 2025-10-06 00:00:00+00:00, run_after=2025-10-07 00:00:00+00:00
[2025-10-07T22:06:56.893+0000] {processor.py:183} INFO - Processing /home/airflow/.local/lib/python3.12/site-packages/airflow/example_dags/example_short_circuit_operator.py took 0.049 seconds
[2025-10-07T22:07:26.977+0000] {processor.py:161} INFO - Started process (PID=970) to work on /home/airflow/.local/lib/python3.12/site-packages/airflow/example_dags/example_short_circuit_operator.py
[2025-10-07T22:07:26.977+0000] {processor.py:830} INFO - Processing file /home/airflow/.local/lib/python3.12/site-packages/airflow/example_dags/example_short_circuit_operator.py for tasks to queue
[2025-10-07T22:07:26.978+0000] {logging_mixin.py:188} INFO - [2025-10-07T22:07:26.978+0000] {dagbag.py:545} INFO - Filling up the DagBag from /home/airflow/.local/lib/python3.12/site-packages/airflow/example_dags/example_short_circuit_operator.py
[2025-10-07T22:07:26.982+0000] {processor.py:840} INFO - DAG(s) 'example_short_circuit_operator' retrieved from /home/airflow/.local/lib/python3.12/site-packages/airflow/example_dags/example_short_circuit_operator.py
[2025-10-07T22:07:26.992+0000] {logging_mixin.py:188} INFO - [2025-10-07T22:07:26.992+0000] {dag.py:3096} INFO - Sync 1 DAGs
[2025-10-07T22:07:27.001+0000] {logging_mixin.py:188} INFO - [2025-10-07T22:07:27.001+0000] {dag.py:3954} INFO - Setting next_dagrun for example_short_circuit_operator to 2025-10-06 00:00:00+00:00, run_after=2025-10-07 00:00:00+00:00
[2025-10-07T22:07:27.009+0000] {processor.py:183} INFO - Processing /home/airflow/.local/lib/python3.12/site-packages/airflow/example_dags/example_short_circuit_operator.py took 0.035 seconds
[2025-10-07T22:07:57.180+0000] {processor.py:161} INFO - Started process (PID=1029) to work on /home/airflow/.local/lib/python3.12/site-packages/airflow/example_dags/example_short_circuit_operator.py
[2025-10-07T22:07:57.181+0000] {processor.py:830} INFO - Processing file /home/airflow/.local/lib/python3.12/site-packages/airflow/example_dags/example_short_circuit_operator.py for tasks to queue
[2025-10-07T22:07:57.182+0000] {logging_mixin.py:188} INFO - [2025-10-07T22:07:57.181+0000] {dagbag.py:545} INFO - Filling up the DagBag from /home/airflow/.local/lib/python3.12/site-packages/airflow/example_dags/example_short_circuit_operator.py
[2025-10-07T22:07:57.186+0000] {processor.py:840} INFO - DAG(s) 'example_short_circuit_operator' retrieved from /home/airflow/.local/lib/python3.12/site-packages/airflow/example_dags/example_short_circuit_operator.py
[2025-10-07T22:07:57.202+0000] {logging_mixin.py:188} INFO - [2025-10-07T22:07:57.201+0000] {dag.py:3096} INFO - Sync 1 DAGs
[2025-10-07T22:07:57.215+0000] {logging_mixin.py:188} INFO - [2025-10-07T22:07:57.215+0000] {dag.py:3954} INFO - Setting next_dagrun for example_short_circuit_operator to 2025-10-06 00:00:00+00:00, run_after=2025-10-07 00:00:00+00:00
[2025-10-07T22:07:57.227+0000] {processor.py:183} INFO - Processing /home/airflow/.local/lib/python3.12/site-packages/airflow/example_dags/example_short_circuit_operator.py took 0.050 seconds
[2025-10-07T22:08:27.291+0000] {processor.py:161} INFO - Started process (PID=1088) to work on /home/airflow/.local/lib/python3.12/site-packages/airflow/example_dags/example_short_circuit_operator.py
[2025-10-07T22:08:27.293+0000] {processor.py:830} INFO - Processing file /home/airflow/.local/lib/python3.12/site-packages/airflow/example_dags/example_short_circuit_operator.py for tasks to queue
[2025-10-07T22:08:27.294+0000] {logging_mixin.py:188} INFO - [2025-10-07T22:08:27.294+0000] {dagbag.py:545} INFO - Filling up the DagBag from /home/airflow/.local/lib/python3.12/site-packages/airflow/example_dags/example_short_circuit_operator.py
[2025-10-07T22:08:27.299+0000] {processor.py:840} INFO - DAG(s) 'example_short_circuit_operator' retrieved from /home/airflow/.local/lib/python3.12/site-packages/airflow/example_dags/example_short_circuit_operator.py
[2025-10-07T22:08:27.312+0000] {logging_mixin.py:188} INFO - [2025-10-07T22:08:27.312+0000] {dag.py:3096} INFO - Sync 1 DAGs
[2025-10-07T22:08:27.323+0000] {logging_mixin.py:188} INFO - [2025-10-07T22:08:27.322+0000] {dag.py:3954} INFO - Setting next_dagrun for example_short_circuit_operator to 2025-10-06 00:00:00+00:00, run_after=2025-10-07 00:00:00+00:00
[2025-10-07T22:08:27.331+0000] {processor.py:183} INFO - Processing /home/airflow/.local/lib/python3.12/site-packages/airflow/example_dags/example_short_circuit_operator.py took 0.043 seconds
[2025-10-07T22:08:57.541+0000] {processor.py:161} INFO - Started process (PID=1147) to work on /home/airflow/.local/lib/python3.12/site-packages/airflow/example_dags/example_short_circuit_operator.py
[2025-10-07T22:08:57.545+0000] {processor.py:830} INFO - Processing file /home/airflow/.local/lib/python3.12/site-packages/airflow/example_dags/example_short_circuit_operator.py for tasks to queue
[2025-10-07T22:08:57.547+0000] {logging_mixin.py:188} INFO - [2025-10-07T22:08:57.547+0000] {dagbag.py:545} INFO - Filling up the DagBag from /home/airflow/.local/lib/python3.12/site-packages/airflow/example_dags/example_short_circuit_operator.py
[2025-10-07T22:08:57.551+0000] {processor.py:840} INFO - DAG(s) 'example_short_circuit_operator' retrieved from /home/airflow/.local/lib/python3.12/site-packages/airflow/example_dags/example_short_circuit_operator.py
[2025-10-07T22:08:57.568+0000] {logging_mixin.py:188} INFO - [2025-10-07T22:08:57.568+0000] {dag.py:3096} INFO - Sync 1 DAGs
[2025-10-07T22:08:57.578+0000] {logging_mixin.py:188} INFO - [2025-10-07T22:08:57.578+0000] {dag.py:3954} INFO - Setting next_dagrun for example_short_circuit_operator to 2025-10-06 00:00:00+00:00, run_after=2025-10-07 00:00:00+00:00
[2025-10-07T22:08:57.589+0000] {processor.py:183} INFO - Processing /home/airflow/.local/lib/python3.12/site-packages/airflow/example_dags/example_short_circuit_operator.py took 0.051 seconds
[2025-10-07T22:09:27.731+0000] {processor.py:161} INFO - Started process (PID=1206) to work on /home/airflow/.local/lib/python3.12/site-packages/airflow/example_dags/example_short_circuit_operator.py
[2025-10-07T22:09:27.733+0000] {processor.py:830} INFO - Processing file /home/airflow/.local/lib/python3.12/site-packages/airflow/example_dags/example_short_circuit_operator.py for tasks to queue
[2025-10-07T22:09:27.734+0000] {logging_mixin.py:188} INFO - [2025-10-07T22:09:27.734+0000] {dagbag.py:545} INFO - Filling up the DagBag from /home/airflow/.local/lib/python3.12/site-packages/airflow/example_dags/example_short_circuit_operator.py
[2025-10-07T22:09:27.739+0000] {processor.py:840} INFO - DAG(s) 'example_short_circuit_operator' retrieved from /home/airflow/.local/lib/python3.12/site-packages/airflow/example_dags/example_short_circuit_operator.py
[2025-10-07T22:09:27.753+0000] {logging_mixin.py:188} INFO - [2025-10-07T22:09:27.752+0000] {dag.py:3096} INFO - Sync 1 DAGs
[2025-10-07T22:09:27.762+0000] {logging_mixin.py:188} INFO - [2025-10-07T22:09:27.762+0000] {dag.py:3954} INFO - Setting next_dagrun for example_short_circuit_operator to 2025-10-06 00:00:00+00:00, run_after=2025-10-07 00:00:00+00:00
[2025-10-07T22:09:27.775+0000] {processor.py:183} INFO - Processing /home/airflow/.local/lib/python3.12/site-packages/airflow/example_dags/example_short_circuit_operator.py took 0.047 seconds
[2025-10-07T22:09:58.842+0000] {processor.py:161} INFO - Started process (PID=1265) to work on /home/airflow/.local/lib/python3.12/site-packages/airflow/example_dags/example_short_circuit_operator.py
[2025-10-07T22:09:58.842+0000] {processor.py:830} INFO - Processing file /home/airflow/.local/lib/python3.12/site-packages/airflow/example_dags/example_short_circuit_operator.py for tasks to queue
[2025-10-07T22:09:58.843+0000] {logging_mixin.py:188} INFO - [2025-10-07T22:09:58.843+0000] {dagbag.py:545} INFO - Filling up the DagBag from /home/airflow/.local/lib/python3.12/site-packages/airflow/example_dags/example_short_circuit_operator.py
[2025-10-07T22:09:58.847+0000] {processor.py:840} INFO - DAG(s) 'example_short_circuit_operator' retrieved from /home/airflow/.local/lib/python3.12/site-packages/airflow/example_dags/example_short_circuit_operator.py
[2025-10-07T22:09:58.858+0000] {logging_mixin.py:188} INFO - [2025-10-07T22:09:58.858+0000] {dag.py:3096} INFO - Sync 1 DAGs
[2025-10-07T22:09:58.869+0000] {logging_mixin.py:188} INFO - [2025-10-07T22:09:58.869+0000] {dag.py:3954} INFO - Setting next_dagrun for example_short_circuit_operator to 2025-10-06 00:00:00+00:00, run_after=2025-10-07 00:00:00+00:00
[2025-10-07T22:09:58.878+0000] {processor.py:183} INFO - Processing /home/airflow/.local/lib/python3.12/site-packages/airflow/example_dags/example_short_circuit_operator.py took 0.039 seconds
[2025-10-07T22:10:29.064+0000] {processor.py:161} INFO - Started process (PID=1324) to work on /home/airflow/.local/lib/python3.12/site-packages/airflow/example_dags/example_short_circuit_operator.py
[2025-10-07T22:10:29.065+0000] {processor.py:830} INFO - Processing file /home/airflow/.local/lib/python3.12/site-packages/airflow/example_dags/example_short_circuit_operator.py for tasks to queue
[2025-10-07T22:10:29.067+0000] {logging_mixin.py:188} INFO - [2025-10-07T22:10:29.067+0000] {dagbag.py:545} INFO - Filling up the DagBag from /home/airflow/.local/lib/python3.12/site-packages/airflow/example_dags/example_short_circuit_operator.py
[2025-10-07T22:10:29.071+0000] {processor.py:840} INFO - DAG(s) 'example_short_circuit_operator' retrieved from /home/airflow/.local/lib/python3.12/site-packages/airflow/example_dags/example_short_circuit_operator.py
[2025-10-07T22:10:29.085+0000] {logging_mixin.py:188} INFO - [2025-10-07T22:10:29.085+0000] {dag.py:3096} INFO - Sync 1 DAGs
[2025-10-07T22:10:29.095+0000] {logging_mixin.py:188} INFO - [2025-10-07T22:10:29.094+0000] {dag.py:3954} INFO - Setting next_dagrun for example_short_circuit_operator to 2025-10-06 00:00:00+00:00, run_after=2025-10-07 00:00:00+00:00
[2025-10-07T22:10:29.107+0000] {processor.py:183} INFO - Processing /home/airflow/.local/lib/python3.12/site-packages/airflow/example_dags/example_short_circuit_operator.py took 0.046 seconds
[2025-10-07T22:10:59.308+0000] {processor.py:161} INFO - Started process (PID=1383) to work on /home/airflow/.local/lib/python3.12/site-packages/airflow/example_dags/example_short_circuit_operator.py
[2025-10-07T22:10:59.308+0000] {processor.py:830} INFO - Processing file /home/airflow/.local/lib/python3.12/site-packages/airflow/example_dags/example_short_circuit_operator.py for tasks to queue
[2025-10-07T22:10:59.310+0000] {logging_mixin.py:188} INFO - [2025-10-07T22:10:59.310+0000] {dagbag.py:545} INFO - Filling up the DagBag from /home/airflow/.local/lib/python3.12/site-packages/airflow/example_dags/example_short_circuit_operator.py
[2025-10-07T22:10:59.315+0000] {processor.py:840} INFO - DAG(s) 'example_short_circuit_operator' retrieved from /home/airflow/.local/lib/python3.12/site-packages/airflow/example_dags/example_short_circuit_operator.py
[2025-10-07T22:10:59.326+0000] {logging_mixin.py:188} INFO - [2025-10-07T22:10:59.326+0000] {dag.py:3096} INFO - Sync 1 DAGs
[2025-10-07T22:10:59.337+0000] {logging_mixin.py:188} INFO - [2025-10-07T22:10:59.337+0000] {dag.py:3954} INFO - Setting next_dagrun for example_short_circuit_operator to 2025-10-06 00:00:00+00:00, run_after=2025-10-07 00:00:00+00:00
[2025-10-07T22:10:59.346+0000] {processor.py:183} INFO - Processing /home/airflow/.local/lib/python3.12/site-packages/airflow/example_dags/example_short_circuit_operator.py took 0.041 seconds
[2025-10-07T22:11:30.311+0000] {processor.py:161} INFO - Started process (PID=1442) to work on /home/airflow/.local/lib/python3.12/site-packages/airflow/example_dags/example_short_circuit_operator.py
[2025-10-07T22:11:30.311+0000] {processor.py:830} INFO - Processing file /home/airflow/.local/lib/python3.12/site-packages/airflow/example_dags/example_short_circuit_operator.py for tasks to queue
[2025-10-07T22:11:30.312+0000] {logging_mixin.py:188} INFO - [2025-10-07T22:11:30.312+0000] {dagbag.py:545} INFO - Filling up the DagBag from /home/airflow/.local/lib/python3.12/site-packages/airflow/example_dags/example_short_circuit_operator.py
[2025-10-07T22:11:30.316+0000] {processor.py:840} INFO - DAG(s) 'example_short_circuit_operator' retrieved from /home/airflow/.local/lib/python3.12/site-packages/airflow/example_dags/example_short_circuit_operator.py
[2025-10-07T22:11:30.328+0000] {logging_mixin.py:188} INFO - [2025-10-07T22:11:30.328+0000] {dag.py:3096} INFO - Sync 1 DAGs
[2025-10-07T22:11:30.338+0000] {logging_mixin.py:188} INFO - [2025-10-07T22:11:30.338+0000] {dag.py:3954} INFO - Setting next_dagrun for example_short_circuit_operator to 2025-10-06 00:00:00+00:00, run_after=2025-10-07 00:00:00+00:00
[2025-10-07T22:11:30.351+0000] {processor.py:183} INFO - Processing /home/airflow/.local/lib/python3.12/site-packages/airflow/example_dags/example_short_circuit_operator.py took 0.043 seconds
[2025-10-07T22:12:00.362+0000] {processor.py:161} INFO - Started process (PID=1500) to work on /home/airflow/.local/lib/python3.12/site-packages/airflow/example_dags/example_short_circuit_operator.py
[2025-10-07T22:12:00.363+0000] {processor.py:830} INFO - Processing file /home/airflow/.local/lib/python3.12/site-packages/airflow/example_dags/example_short_circuit_operator.py for tasks to queue
[2025-10-07T22:12:00.364+0000] {logging_mixin.py:188} INFO - [2025-10-07T22:12:00.364+0000] {dagbag.py:545} INFO - Filling up the DagBag from /home/airflow/.local/lib/python3.12/site-packages/airflow/example_dags/example_short_circuit_operator.py
[2025-10-07T22:12:00.367+0000] {processor.py:840} INFO - DAG(s) 'example_short_circuit_operator' retrieved from /home/airflow/.local/lib/python3.12/site-packages/airflow/example_dags/example_short_circuit_operator.py
[2025-10-07T22:12:00.378+0000] {logging_mixin.py:188} INFO - [2025-10-07T22:12:00.378+0000] {dag.py:3096} INFO - Sync 1 DAGs
[2025-10-07T22:12:00.387+0000] {logging_mixin.py:188} INFO - [2025-10-07T22:12:00.387+0000] {dag.py:3954} INFO - Setting next_dagrun for example_short_circuit_operator to 2025-10-06 00:00:00+00:00, run_after=2025-10-07 00:00:00+00:00
[2025-10-07T22:12:00.394+0000] {processor.py:183} INFO - Processing /home/airflow/.local/lib/python3.12/site-packages/airflow/example_dags/example_short_circuit_operator.py took 0.034 seconds
[2025-10-07T22:12:30.511+0000] {processor.py:161} INFO - Started process (PID=1559) to work on /home/airflow/.local/lib/python3.12/site-packages/airflow/example_dags/example_short_circuit_operator.py
[2025-10-07T22:12:30.511+0000] {processor.py:830} INFO - Processing file /home/airflow/.local/lib/python3.12/site-packages/airflow/example_dags/example_short_circuit_operator.py for tasks to queue
[2025-10-07T22:12:30.514+0000] {logging_mixin.py:188} INFO - [2025-10-07T22:12:30.514+0000] {dagbag.py:545} INFO - Filling up the DagBag from /home/airflow/.local/lib/python3.12/site-packages/airflow/example_dags/example_short_circuit_operator.py
[2025-10-07T22:12:30.518+0000] {processor.py:840} INFO - DAG(s) 'example_short_circuit_operator' retrieved from /home/airflow/.local/lib/python3.12/site-packages/airflow/example_dags/example_short_circuit_operator.py
[2025-10-07T22:12:30.532+0000] {logging_mixin.py:188} INFO - [2025-10-07T22:12:30.532+0000] {dag.py:3096} INFO - Sync 1 DAGs
[2025-10-07T22:12:30.542+0000] {logging_mixin.py:188} INFO - [2025-10-07T22:12:30.542+0000] {dag.py:3954} INFO - Setting next_dagrun for example_short_circuit_operator to 2025-10-06 00:00:00+00:00, run_after=2025-10-07 00:00:00+00:00
[2025-10-07T22:12:30.549+0000] {processor.py:183} INFO - Processing /home/airflow/.local/lib/python3.12/site-packages/airflow/example_dags/example_short_circuit_operator.py took 0.042 seconds
[2025-10-07T22:13:00.749+0000] {processor.py:161} INFO - Started process (PID=1618) to work on /home/airflow/.local/lib/python3.12/site-packages/airflow/example_dags/example_short_circuit_operator.py
[2025-10-07T22:13:00.750+0000] {processor.py:830} INFO - Processing file /home/airflow/.local/lib/python3.12/site-packages/airflow/example_dags/example_short_circuit_operator.py for tasks to queue
[2025-10-07T22:13:00.752+0000] {logging_mixin.py:188} INFO - [2025-10-07T22:13:00.751+0000] {dagbag.py:545} INFO - Filling up the DagBag from /home/airflow/.local/lib/python3.12/site-packages/airflow/example_dags/example_short_circuit_operator.py
[2025-10-07T22:13:00.756+0000] {processor.py:840} INFO - DAG(s) 'example_short_circuit_operator' retrieved from /home/airflow/.local/lib/python3.12/site-packages/airflow/example_dags/example_short_circuit_operator.py
[2025-10-07T22:13:00.770+0000] {logging_mixin.py:188} INFO - [2025-10-07T22:13:00.770+0000] {dag.py:3096} INFO - Sync 1 DAGs
[2025-10-07T22:13:00.781+0000] {logging_mixin.py:188} INFO - [2025-10-07T22:13:00.781+0000] {dag.py:3954} INFO - Setting next_dagrun for example_short_circuit_operator to 2025-10-06 00:00:00+00:00, run_after=2025-10-07 00:00:00+00:00
[2025-10-07T22:13:00.791+0000] {processor.py:183} INFO - Processing /home/airflow/.local/lib/python3.12/site-packages/airflow/example_dags/example_short_circuit_operator.py took 0.045 seconds
[2025-10-07T22:13:30.917+0000] {processor.py:161} INFO - Started process (PID=1677) to work on /home/airflow/.local/lib/python3.12/site-packages/airflow/example_dags/example_short_circuit_operator.py
[2025-10-07T22:13:30.921+0000] {processor.py:830} INFO - Processing file /home/airflow/.local/lib/python3.12/site-packages/airflow/example_dags/example_short_circuit_operator.py for tasks to queue
[2025-10-07T22:13:30.923+0000] {logging_mixin.py:188} INFO - [2025-10-07T22:13:30.923+0000] {dagbag.py:545} INFO - Filling up the DagBag from /home/airflow/.local/lib/python3.12/site-packages/airflow/example_dags/example_short_circuit_operator.py
[2025-10-07T22:13:30.927+0000] {processor.py:840} INFO - DAG(s) 'example_short_circuit_operator' retrieved from /home/airflow/.local/lib/python3.12/site-packages/airflow/example_dags/example_short_circuit_operator.py
[2025-10-07T22:13:30.942+0000] {logging_mixin.py:188} INFO - [2025-10-07T22:13:30.942+0000] {dag.py:3096} INFO - Sync 1 DAGs
[2025-10-07T22:13:30.953+0000] {logging_mixin.py:188} INFO - [2025-10-07T22:13:30.953+0000] {dag.py:3954} INFO - Setting next_dagrun for example_short_circuit_operator to 2025-10-06 00:00:00+00:00, run_after=2025-10-07 00:00:00+00:00
[2025-10-07T22:13:30.963+0000] {processor.py:183} INFO - Processing /home/airflow/.local/lib/python3.12/site-packages/airflow/example_dags/example_short_circuit_operator.py took 0.048 seconds
[2025-10-07T22:14:01.116+0000] {processor.py:161} INFO - Started process (PID=1736) to work on /home/airflow/.local/lib/python3.12/site-packages/airflow/example_dags/example_short_circuit_operator.py
[2025-10-07T22:14:01.117+0000] {processor.py:830} INFO - Processing file /home/airflow/.local/lib/python3.12/site-packages/airflow/example_dags/example_short_circuit_operator.py for tasks to queue
[2025-10-07T22:14:01.118+0000] {logging_mixin.py:188} INFO - [2025-10-07T22:14:01.118+0000] {dagbag.py:545} INFO - Filling up the DagBag from /home/airflow/.local/lib/python3.12/site-packages/airflow/example_dags/example_short_circuit_operator.py
[2025-10-07T22:14:01.122+0000] {processor.py:840} INFO - DAG(s) 'example_short_circuit_operator' retrieved from /home/airflow/.local/lib/python3.12/site-packages/airflow/example_dags/example_short_circuit_operator.py
[2025-10-07T22:14:01.137+0000] {logging_mixin.py:188} INFO - [2025-10-07T22:14:01.137+0000] {dag.py:3096} INFO - Sync 1 DAGs
[2025-10-07T22:14:01.148+0000] {logging_mixin.py:188} INFO - [2025-10-07T22:14:01.147+0000] {dag.py:3954} INFO - Setting next_dagrun for example_short_circuit_operator to 2025-10-06 00:00:00+00:00, run_after=2025-10-07 00:00:00+00:00
[2025-10-07T22:14:01.156+0000] {processor.py:183} INFO - Processing /home/airflow/.local/lib/python3.12/site-packages/airflow/example_dags/example_short_circuit_operator.py took 0.043 seconds
[2025-10-07T22:14:31.476+0000] {processor.py:161} INFO - Started process (PID=1795) to work on /home/airflow/.local/lib/python3.12/site-packages/airflow/example_dags/example_short_circuit_operator.py
[2025-10-07T22:14:31.480+0000] {processor.py:830} INFO - Processing file /home/airflow/.local/lib/python3.12/site-packages/airflow/example_dags/example_short_circuit_operator.py for tasks to queue
[2025-10-07T22:14:31.482+0000] {logging_mixin.py:188} INFO - [2025-10-07T22:14:31.482+0000] {dagbag.py:545} INFO - Filling up the DagBag from /home/airflow/.local/lib/python3.12/site-packages/airflow/example_dags/example_short_circuit_operator.py
[2025-10-07T22:14:31.487+0000] {processor.py:840} INFO - DAG(s) 'example_short_circuit_operator' retrieved from /home/airflow/.local/lib/python3.12/site-packages/airflow/example_dags/example_short_circuit_operator.py
[2025-10-07T22:14:31.498+0000] {logging_mixin.py:188} INFO - [2025-10-07T22:14:31.497+0000] {dag.py:3096} INFO - Sync 1 DAGs
[2025-10-07T22:14:31.508+0000] {logging_mixin.py:188} INFO - [2025-10-07T22:14:31.507+0000] {dag.py:3954} INFO - Setting next_dagrun for example_short_circuit_operator to 2025-10-06 00:00:00+00:00, run_after=2025-10-07 00:00:00+00:00
[2025-10-07T22:14:31.515+0000] {processor.py:183} INFO - Processing /home/airflow/.local/lib/python3.12/site-packages/airflow/example_dags/example_short_circuit_operator.py took 0.043 seconds
[2025-10-07T22:15:01.848+0000] {processor.py:161} INFO - Started process (PID=1854) to work on /home/airflow/.local/lib/python3.12/site-packages/airflow/example_dags/example_short_circuit_operator.py
[2025-10-07T22:15:01.850+0000] {processor.py:830} INFO - Processing file /home/airflow/.local/lib/python3.12/site-packages/airflow/example_dags/example_short_circuit_operator.py for tasks to queue
[2025-10-07T22:15:01.852+0000] {logging_mixin.py:188} INFO - [2025-10-07T22:15:01.852+0000] {dagbag.py:545} INFO - Filling up the DagBag from /home/airflow/.local/lib/python3.12/site-packages/airflow/example_dags/example_short_circuit_operator.py
[2025-10-07T22:15:01.855+0000] {processor.py:840} INFO - DAG(s) 'example_short_circuit_operator' retrieved from /home/airflow/.local/lib/python3.12/site-packages/airflow/example_dags/example_short_circuit_operator.py
[2025-10-07T22:15:01.867+0000] {logging_mixin.py:188} INFO - [2025-10-07T22:15:01.867+0000] {dag.py:3096} INFO - Sync 1 DAGs
[2025-10-07T22:15:01.878+0000] {logging_mixin.py:188} INFO - [2025-10-07T22:15:01.878+0000] {dag.py:3954} INFO - Setting next_dagrun for example_short_circuit_operator to 2025-10-06 00:00:00+00:00, run_after=2025-10-07 00:00:00+00:00
[2025-10-07T22:15:01.887+0000] {processor.py:183} INFO - Processing /home/airflow/.local/lib/python3.12/site-packages/airflow/example_dags/example_short_circuit_operator.py took 0.042 seconds
[2025-10-07T22:15:32.589+0000] {processor.py:161} INFO - Started process (PID=1913) to work on /home/airflow/.local/lib/python3.12/site-packages/airflow/example_dags/example_short_circuit_operator.py
[2025-10-07T22:15:32.593+0000] {processor.py:830} INFO - Processing file /home/airflow/.local/lib/python3.12/site-packages/airflow/example_dags/example_short_circuit_operator.py for tasks to queue
[2025-10-07T22:15:32.594+0000] {logging_mixin.py:188} INFO - [2025-10-07T22:15:32.593+0000] {dagbag.py:545} INFO - Filling up the DagBag from /home/airflow/.local/lib/python3.12/site-packages/airflow/example_dags/example_short_circuit_operator.py
[2025-10-07T22:15:32.601+0000] {processor.py:840} INFO - DAG(s) 'example_short_circuit_operator' retrieved from /home/airflow/.local/lib/python3.12/site-packages/airflow/example_dags/example_short_circuit_operator.py
[2025-10-07T22:15:32.616+0000] {logging_mixin.py:188} INFO - [2025-10-07T22:15:32.616+0000] {dag.py:3096} INFO - Sync 1 DAGs
[2025-10-07T22:15:32.626+0000] {logging_mixin.py:188} INFO - [2025-10-07T22:15:32.626+0000] {dag.py:3954} INFO - Setting next_dagrun for example_short_circuit_operator to 2025-10-06 00:00:00+00:00, run_after=2025-10-07 00:00:00+00:00
[2025-10-07T22:15:32.634+0000] {processor.py:183} INFO - Processing /home/airflow/.local/lib/python3.12/site-packages/airflow/example_dags/example_short_circuit_operator.py took 0.049 seconds
[2025-10-07T22:16:03.385+0000] {processor.py:161} INFO - Started process (PID=1972) to work on /home/airflow/.local/lib/python3.12/site-packages/airflow/example_dags/example_short_circuit_operator.py
[2025-10-07T22:16:03.389+0000] {processor.py:830} INFO - Processing file /home/airflow/.local/lib/python3.12/site-packages/airflow/example_dags/example_short_circuit_operator.py for tasks to queue
[2025-10-07T22:16:03.391+0000] {logging_mixin.py:188} INFO - [2025-10-07T22:16:03.390+0000] {dagbag.py:545} INFO - Filling up the DagBag from /home/airflow/.local/lib/python3.12/site-packages/airflow/example_dags/example_short_circuit_operator.py
[2025-10-07T22:16:03.396+0000] {processor.py:840} INFO - DAG(s) 'example_short_circuit_operator' retrieved from /home/airflow/.local/lib/python3.12/site-packages/airflow/example_dags/example_short_circuit_operator.py
[2025-10-07T22:16:03.409+0000] {logging_mixin.py:188} INFO - [2025-10-07T22:16:03.408+0000] {dag.py:3096} INFO - Sync 1 DAGs
[2025-10-07T22:16:03.509+0000] {logging_mixin.py:188} INFO - [2025-10-07T22:16:03.509+0000] {dag.py:3954} INFO - Setting next_dagrun for example_short_circuit_operator to 2025-10-06 00:00:00+00:00, run_after=2025-10-07 00:00:00+00:00
[2025-10-07T22:16:03.517+0000] {processor.py:183} INFO - Processing /home/airflow/.local/lib/python3.12/site-packages/airflow/example_dags/example_short_circuit_operator.py took 0.134 seconds
[2025-10-07T22:16:34.115+0000] {processor.py:161} INFO - Started process (PID=2031) to work on /home/airflow/.local/lib/python3.12/site-packages/airflow/example_dags/example_short_circuit_operator.py
[2025-10-07T22:16:34.118+0000] {processor.py:830} INFO - Processing file /home/airflow/.local/lib/python3.12/site-packages/airflow/example_dags/example_short_circuit_operator.py for tasks to queue
[2025-10-07T22:16:34.120+0000] {logging_mixin.py:188} INFO - [2025-10-07T22:16:34.119+0000] {dagbag.py:545} INFO - Filling up the DagBag from /home/airflow/.local/lib/python3.12/site-packages/airflow/example_dags/example_short_circuit_operator.py
[2025-10-07T22:16:34.123+0000] {processor.py:840} INFO - DAG(s) 'example_short_circuit_operator' retrieved from /home/airflow/.local/lib/python3.12/site-packages/airflow/example_dags/example_short_circuit_operator.py
[2025-10-07T22:16:34.136+0000] {logging_mixin.py:188} INFO - [2025-10-07T22:16:34.135+0000] {dag.py:3096} INFO - Sync 1 DAGs
[2025-10-07T22:16:34.267+0000] {logging_mixin.py:188} INFO - [2025-10-07T22:16:34.267+0000] {dag.py:3954} INFO - Setting next_dagrun for example_short_circuit_operator to 2025-10-06 00:00:00+00:00, run_after=2025-10-07 00:00:00+00:00
[2025-10-07T22:16:34.277+0000] {processor.py:183} INFO - Processing /home/airflow/.local/lib/python3.12/site-packages/airflow/example_dags/example_short_circuit_operator.py took 0.165 seconds
[2025-10-07T22:17:04.594+0000] {processor.py:161} INFO - Started process (PID=2090) to work on /home/airflow/.local/lib/python3.12/site-packages/airflow/example_dags/example_short_circuit_operator.py
[2025-10-07T22:17:04.595+0000] {processor.py:830} INFO - Processing file /home/airflow/.local/lib/python3.12/site-packages/airflow/example_dags/example_short_circuit_operator.py for tasks to queue
[2025-10-07T22:17:04.596+0000] {logging_mixin.py:188} INFO - [2025-10-07T22:17:04.596+0000] {dagbag.py:545} INFO - Filling up the DagBag from /home/airflow/.local/lib/python3.12/site-packages/airflow/example_dags/example_short_circuit_operator.py
[2025-10-07T22:17:04.600+0000] {processor.py:840} INFO - DAG(s) 'example_short_circuit_operator' retrieved from /home/airflow/.local/lib/python3.12/site-packages/airflow/example_dags/example_short_circuit_operator.py
[2025-10-07T22:17:04.611+0000] {logging_mixin.py:188} INFO - [2025-10-07T22:17:04.611+0000] {dag.py:3096} INFO - Sync 1 DAGs
[2025-10-07T22:17:04.622+0000] {logging_mixin.py:188} INFO - [2025-10-07T22:17:04.622+0000] {dag.py:3954} INFO - Setting next_dagrun for example_short_circuit_operator to 2025-10-06 00:00:00+00:00, run_after=2025-10-07 00:00:00+00:00
[2025-10-07T22:17:04.730+0000] {processor.py:183} INFO - Processing /home/airflow/.local/lib/python3.12/site-packages/airflow/example_dags/example_short_circuit_operator.py took 0.139 seconds
[2025-10-07T22:17:35.523+0000] {processor.py:161} INFO - Started process (PID=2149) to work on /home/airflow/.local/lib/python3.12/site-packages/airflow/example_dags/example_short_circuit_operator.py
[2025-10-07T22:17:35.524+0000] {processor.py:830} INFO - Processing file /home/airflow/.local/lib/python3.12/site-packages/airflow/example_dags/example_short_circuit_operator.py for tasks to queue
[2025-10-07T22:17:35.525+0000] {logging_mixin.py:188} INFO - [2025-10-07T22:17:35.525+0000] {dagbag.py:545} INFO - Filling up the DagBag from /home/airflow/.local/lib/python3.12/site-packages/airflow/example_dags/example_short_circuit_operator.py
[2025-10-07T22:17:35.529+0000] {processor.py:840} INFO - DAG(s) 'example_short_circuit_operator' retrieved from /home/airflow/.local/lib/python3.12/site-packages/airflow/example_dags/example_short_circuit_operator.py
[2025-10-07T22:17:35.541+0000] {logging_mixin.py:188} INFO - [2025-10-07T22:17:35.541+0000] {dag.py:3096} INFO - Sync 1 DAGs
[2025-10-07T22:17:35.552+0000] {logging_mixin.py:188} INFO - [2025-10-07T22:17:35.552+0000] {dag.py:3954} INFO - Setting next_dagrun for example_short_circuit_operator to 2025-10-06 00:00:00+00:00, run_after=2025-10-07 00:00:00+00:00
[2025-10-07T22:17:35.560+0000] {processor.py:183} INFO - Processing /home/airflow/.local/lib/python3.12/site-packages/airflow/example_dags/example_short_circuit_operator.py took 0.040 seconds
[2025-10-07T22:18:05.711+0000] {processor.py:161} INFO - Started process (PID=2208) to work on /home/airflow/.local/lib/python3.12/site-packages/airflow/example_dags/example_short_circuit_operator.py
[2025-10-07T22:18:05.712+0000] {processor.py:830} INFO - Processing file /home/airflow/.local/lib/python3.12/site-packages/airflow/example_dags/example_short_circuit_operator.py for tasks to queue
[2025-10-07T22:18:05.713+0000] {logging_mixin.py:188} INFO - [2025-10-07T22:18:05.713+0000] {dagbag.py:545} INFO - Filling up the DagBag from /home/airflow/.local/lib/python3.12/site-packages/airflow/example_dags/example_short_circuit_operator.py
[2025-10-07T22:18:05.717+0000] {processor.py:840} INFO - DAG(s) 'example_short_circuit_operator' retrieved from /home/airflow/.local/lib/python3.12/site-packages/airflow/example_dags/example_short_circuit_operator.py
[2025-10-07T22:18:05.730+0000] {logging_mixin.py:188} INFO - [2025-10-07T22:18:05.730+0000] {dag.py:3096} INFO - Sync 1 DAGs
[2025-10-07T22:18:05.742+0000] {logging_mixin.py:188} INFO - [2025-10-07T22:18:05.742+0000] {dag.py:3954} INFO - Setting next_dagrun for example_short_circuit_operator to 2025-10-06 00:00:00+00:00, run_after=2025-10-07 00:00:00+00:00
[2025-10-07T22:18:05.751+0000] {processor.py:183} INFO - Processing /home/airflow/.local/lib/python3.12/site-packages/airflow/example_dags/example_short_circuit_operator.py took 0.043 seconds
[2025-10-07T22:18:36.716+0000] {processor.py:161} INFO - Started process (PID=2267) to work on /home/airflow/.local/lib/python3.12/site-packages/airflow/example_dags/example_short_circuit_operator.py
[2025-10-07T22:18:36.717+0000] {processor.py:830} INFO - Processing file /home/airflow/.local/lib/python3.12/site-packages/airflow/example_dags/example_short_circuit_operator.py for tasks to queue
[2025-10-07T22:18:36.719+0000] {logging_mixin.py:188} INFO - [2025-10-07T22:18:36.718+0000] {dagbag.py:545} INFO - Filling up the DagBag from /home/airflow/.local/lib/python3.12/site-packages/airflow/example_dags/example_short_circuit_operator.py
[2025-10-07T22:18:36.723+0000] {processor.py:840} INFO - DAG(s) 'example_short_circuit_operator' retrieved from /home/airflow/.local/lib/python3.12/site-packages/airflow/example_dags/example_short_circuit_operator.py
[2025-10-07T22:18:36.734+0000] {logging_mixin.py:188} INFO - [2025-10-07T22:18:36.734+0000] {dag.py:3096} INFO - Sync 1 DAGs
[2025-10-07T22:18:36.745+0000] {logging_mixin.py:188} INFO - [2025-10-07T22:18:36.745+0000] {dag.py:3954} INFO - Setting next_dagrun for example_short_circuit_operator to 2025-10-06 00:00:00+00:00, run_after=2025-10-07 00:00:00+00:00
[2025-10-07T22:18:36.752+0000] {processor.py:183} INFO - Processing /home/airflow/.local/lib/python3.12/site-packages/airflow/example_dags/example_short_circuit_operator.py took 0.040 seconds
[2025-10-07T22:19:17.459+0000] {processor.py:161} INFO - Started process (PID=78) to work on /home/airflow/.local/lib/python3.12/site-packages/airflow/example_dags/example_short_circuit_operator.py
[2025-10-07T22:19:17.460+0000] {processor.py:830} INFO - Processing file /home/airflow/.local/lib/python3.12/site-packages/airflow/example_dags/example_short_circuit_operator.py for tasks to queue
[2025-10-07T22:19:17.462+0000] {logging_mixin.py:188} INFO - [2025-10-07T22:19:17.461+0000] {dagbag.py:545} INFO - Filling up the DagBag from /home/airflow/.local/lib/python3.12/site-packages/airflow/example_dags/example_short_circuit_operator.py
[2025-10-07T22:19:17.468+0000] {processor.py:840} INFO - DAG(s) 'example_short_circuit_operator' retrieved from /home/airflow/.local/lib/python3.12/site-packages/airflow/example_dags/example_short_circuit_operator.py
[2025-10-07T22:19:17.477+0000] {logging_mixin.py:188} INFO - [2025-10-07T22:19:17.476+0000] {dag.py:3096} INFO - Sync 1 DAGs
[2025-10-07T22:19:17.491+0000] {logging_mixin.py:188} INFO - [2025-10-07T22:19:17.491+0000] {dag.py:3954} INFO - Setting next_dagrun for example_short_circuit_operator to 2025-10-06 00:00:00+00:00, run_after=2025-10-07 00:00:00+00:00
[2025-10-07T22:19:17.507+0000] {processor.py:183} INFO - Processing /home/airflow/.local/lib/python3.12/site-packages/airflow/example_dags/example_short_circuit_operator.py took 0.055 seconds
[2025-10-07T22:19:48.468+0000] {processor.py:161} INFO - Started process (PID=143) to work on /home/airflow/.local/lib/python3.12/site-packages/airflow/example_dags/example_short_circuit_operator.py
[2025-10-07T22:19:48.469+0000] {processor.py:830} INFO - Processing file /home/airflow/.local/lib/python3.12/site-packages/airflow/example_dags/example_short_circuit_operator.py for tasks to queue
[2025-10-07T22:19:48.472+0000] {logging_mixin.py:188} INFO - [2025-10-07T22:19:48.472+0000] {dagbag.py:545} INFO - Filling up the DagBag from /home/airflow/.local/lib/python3.12/site-packages/airflow/example_dags/example_short_circuit_operator.py
[2025-10-07T22:19:48.476+0000] {processor.py:840} INFO - DAG(s) 'example_short_circuit_operator' retrieved from /home/airflow/.local/lib/python3.12/site-packages/airflow/example_dags/example_short_circuit_operator.py
[2025-10-07T22:19:48.525+0000] {logging_mixin.py:188} INFO - [2025-10-07T22:19:48.525+0000] {dag.py:3096} INFO - Sync 1 DAGs
[2025-10-07T22:19:48.536+0000] {logging_mixin.py:188} INFO - [2025-10-07T22:19:48.536+0000] {dag.py:3954} INFO - Setting next_dagrun for example_short_circuit_operator to 2025-10-06 00:00:00+00:00, run_after=2025-10-07 00:00:00+00:00
[2025-10-07T22:19:48.545+0000] {processor.py:183} INFO - Processing /home/airflow/.local/lib/python3.12/site-packages/airflow/example_dags/example_short_circuit_operator.py took 0.080 seconds
[2025-10-07T22:20:18.905+0000] {processor.py:161} INFO - Started process (PID=202) to work on /home/airflow/.local/lib/python3.12/site-packages/airflow/example_dags/example_short_circuit_operator.py
[2025-10-07T22:20:18.907+0000] {processor.py:830} INFO - Processing file /home/airflow/.local/lib/python3.12/site-packages/airflow/example_dags/example_short_circuit_operator.py for tasks to queue
[2025-10-07T22:20:18.908+0000] {logging_mixin.py:188} INFO - [2025-10-07T22:20:18.908+0000] {dagbag.py:545} INFO - Filling up the DagBag from /home/airflow/.local/lib/python3.12/site-packages/airflow/example_dags/example_short_circuit_operator.py
[2025-10-07T22:20:18.912+0000] {processor.py:840} INFO - DAG(s) 'example_short_circuit_operator' retrieved from /home/airflow/.local/lib/python3.12/site-packages/airflow/example_dags/example_short_circuit_operator.py
[2025-10-07T22:20:18.929+0000] {logging_mixin.py:188} INFO - [2025-10-07T22:20:18.929+0000] {dag.py:3096} INFO - Sync 1 DAGs
[2025-10-07T22:20:18.942+0000] {logging_mixin.py:188} INFO - [2025-10-07T22:20:18.942+0000] {dag.py:3954} INFO - Setting next_dagrun for example_short_circuit_operator to 2025-10-06 00:00:00+00:00, run_after=2025-10-07 00:00:00+00:00
[2025-10-07T22:20:18.954+0000] {processor.py:183} INFO - Processing /home/airflow/.local/lib/python3.12/site-packages/airflow/example_dags/example_short_circuit_operator.py took 0.052 seconds
[2025-10-07T22:20:49.381+0000] {processor.py:161} INFO - Started process (PID=261) to work on /home/airflow/.local/lib/python3.12/site-packages/airflow/example_dags/example_short_circuit_operator.py
[2025-10-07T22:20:49.382+0000] {processor.py:830} INFO - Processing file /home/airflow/.local/lib/python3.12/site-packages/airflow/example_dags/example_short_circuit_operator.py for tasks to queue
[2025-10-07T22:20:49.383+0000] {logging_mixin.py:188} INFO - [2025-10-07T22:20:49.383+0000] {dagbag.py:545} INFO - Filling up the DagBag from /home/airflow/.local/lib/python3.12/site-packages/airflow/example_dags/example_short_circuit_operator.py
[2025-10-07T22:20:49.388+0000] {processor.py:840} INFO - DAG(s) 'example_short_circuit_operator' retrieved from /home/airflow/.local/lib/python3.12/site-packages/airflow/example_dags/example_short_circuit_operator.py
[2025-10-07T22:20:49.404+0000] {logging_mixin.py:188} INFO - [2025-10-07T22:20:49.404+0000] {dag.py:3096} INFO - Sync 1 DAGs
[2025-10-07T22:20:49.418+0000] {logging_mixin.py:188} INFO - [2025-10-07T22:20:49.418+0000] {dag.py:3954} INFO - Setting next_dagrun for example_short_circuit_operator to 2025-10-06 00:00:00+00:00, run_after=2025-10-07 00:00:00+00:00
[2025-10-07T22:20:49.428+0000] {processor.py:183} INFO - Processing /home/airflow/.local/lib/python3.12/site-packages/airflow/example_dags/example_short_circuit_operator.py took 0.051 seconds
[2025-10-07T22:21:19.474+0000] {processor.py:161} INFO - Started process (PID=320) to work on /home/airflow/.local/lib/python3.12/site-packages/airflow/example_dags/example_short_circuit_operator.py
[2025-10-07T22:21:19.475+0000] {processor.py:830} INFO - Processing file /home/airflow/.local/lib/python3.12/site-packages/airflow/example_dags/example_short_circuit_operator.py for tasks to queue
[2025-10-07T22:21:19.476+0000] {logging_mixin.py:188} INFO - [2025-10-07T22:21:19.476+0000] {dagbag.py:545} INFO - Filling up the DagBag from /home/airflow/.local/lib/python3.12/site-packages/airflow/example_dags/example_short_circuit_operator.py
[2025-10-07T22:21:19.479+0000] {processor.py:840} INFO - DAG(s) 'example_short_circuit_operator' retrieved from /home/airflow/.local/lib/python3.12/site-packages/airflow/example_dags/example_short_circuit_operator.py
[2025-10-07T22:21:19.490+0000] {logging_mixin.py:188} INFO - [2025-10-07T22:21:19.490+0000] {dag.py:3096} INFO - Sync 1 DAGs
[2025-10-07T22:21:19.499+0000] {logging_mixin.py:188} INFO - [2025-10-07T22:21:19.499+0000] {dag.py:3954} INFO - Setting next_dagrun for example_short_circuit_operator to 2025-10-06 00:00:00+00:00, run_after=2025-10-07 00:00:00+00:00
[2025-10-07T22:21:19.507+0000] {processor.py:183} INFO - Processing /home/airflow/.local/lib/python3.12/site-packages/airflow/example_dags/example_short_circuit_operator.py took 0.035 seconds
[2025-10-07T22:21:50.013+0000] {processor.py:161} INFO - Started process (PID=379) to work on /home/airflow/.local/lib/python3.12/site-packages/airflow/example_dags/example_short_circuit_operator.py
[2025-10-07T22:21:50.015+0000] {processor.py:830} INFO - Processing file /home/airflow/.local/lib/python3.12/site-packages/airflow/example_dags/example_short_circuit_operator.py for tasks to queue
[2025-10-07T22:21:50.016+0000] {logging_mixin.py:188} INFO - [2025-10-07T22:21:50.015+0000] {dagbag.py:545} INFO - Filling up the DagBag from /home/airflow/.local/lib/python3.12/site-packages/airflow/example_dags/example_short_circuit_operator.py
[2025-10-07T22:21:50.019+0000] {processor.py:840} INFO - DAG(s) 'example_short_circuit_operator' retrieved from /home/airflow/.local/lib/python3.12/site-packages/airflow/example_dags/example_short_circuit_operator.py
[2025-10-07T22:21:50.033+0000] {logging_mixin.py:188} INFO - [2025-10-07T22:21:50.032+0000] {dag.py:3096} INFO - Sync 1 DAGs
[2025-10-07T22:21:50.044+0000] {logging_mixin.py:188} INFO - [2025-10-07T22:21:50.044+0000] {dag.py:3954} INFO - Setting next_dagrun for example_short_circuit_operator to 2025-10-06 00:00:00+00:00, run_after=2025-10-07 00:00:00+00:00
[2025-10-07T22:21:50.054+0000] {processor.py:183} INFO - Processing /home/airflow/.local/lib/python3.12/site-packages/airflow/example_dags/example_short_circuit_operator.py took 0.045 seconds
