[2025-10-07T21:54:26.054+0000] {processor.py:161} INFO - Started process (PID=82) to work on /home/airflow/.local/lib/python3.12/site-packages/airflow/example_dags/example_task_group.py
[2025-10-07T21:54:26.055+0000] {processor.py:830} INFO - Processing file /home/airflow/.local/lib/python3.12/site-packages/airflow/example_dags/example_task_group.py for tasks to queue
[2025-10-07T21:54:26.056+0000] {logging_mixin.py:188} INFO - [2025-10-07T21:54:26.056+0000] {dagbag.py:545} INFO - Filling up the DagBag from /home/airflow/.local/lib/python3.12/site-packages/airflow/example_dags/example_task_group.py
[2025-10-07T21:54:26.065+0000] {processor.py:840} INFO - DAG(s) 'example_task_group' retrieved from /home/airflow/.local/lib/python3.12/site-packages/airflow/example_dags/example_task_group.py
[2025-10-07T21:54:26.084+0000] {logging_mixin.py:188} INFO - [2025-10-07T21:54:26.084+0000] {dag.py:3096} INFO - Sync 1 DAGs
[2025-10-07T21:54:26.102+0000] {logging_mixin.py:188} INFO - [2025-10-07T21:54:26.102+0000] {dag.py:3954} INFO - Setting next_dagrun for example_task_group to 2025-10-06 00:00:00+00:00, run_after=2025-10-07 00:00:00+00:00
[2025-10-07T21:54:26.120+0000] {processor.py:183} INFO - Processing /home/airflow/.local/lib/python3.12/site-packages/airflow/example_dags/example_task_group.py took 0.079 seconds
[2025-10-07T21:54:57.020+0000] {processor.py:161} INFO - Started process (PID=141) to work on /home/airflow/.local/lib/python3.12/site-packages/airflow/example_dags/example_task_group.py
[2025-10-07T21:54:57.021+0000] {processor.py:830} INFO - Processing file /home/airflow/.local/lib/python3.12/site-packages/airflow/example_dags/example_task_group.py for tasks to queue
[2025-10-07T21:54:57.022+0000] {logging_mixin.py:188} INFO - [2025-10-07T21:54:57.022+0000] {dagbag.py:545} INFO - Filling up the DagBag from /home/airflow/.local/lib/python3.12/site-packages/airflow/example_dags/example_task_group.py
[2025-10-07T21:54:57.026+0000] {processor.py:840} INFO - DAG(s) 'example_task_group' retrieved from /home/airflow/.local/lib/python3.12/site-packages/airflow/example_dags/example_task_group.py
[2025-10-07T21:54:57.077+0000] {logging_mixin.py:188} INFO - [2025-10-07T21:54:57.077+0000] {dag.py:3096} INFO - Sync 1 DAGs
[2025-10-07T21:54:57.088+0000] {logging_mixin.py:188} INFO - [2025-10-07T21:54:57.088+0000] {dag.py:3954} INFO - Setting next_dagrun for example_task_group to 2025-10-06 00:00:00+00:00, run_after=2025-10-07 00:00:00+00:00
[2025-10-07T21:54:57.101+0000] {processor.py:183} INFO - Processing /home/airflow/.local/lib/python3.12/site-packages/airflow/example_dags/example_task_group.py took 0.084 seconds
[2025-10-07T21:55:27.114+0000] {processor.py:161} INFO - Started process (PID=200) to work on /home/airflow/.local/lib/python3.12/site-packages/airflow/example_dags/example_task_group.py
[2025-10-07T21:55:27.115+0000] {processor.py:830} INFO - Processing file /home/airflow/.local/lib/python3.12/site-packages/airflow/example_dags/example_task_group.py for tasks to queue
[2025-10-07T21:55:27.116+0000] {logging_mixin.py:188} INFO - [2025-10-07T21:55:27.116+0000] {dagbag.py:545} INFO - Filling up the DagBag from /home/airflow/.local/lib/python3.12/site-packages/airflow/example_dags/example_task_group.py
[2025-10-07T21:55:27.120+0000] {processor.py:840} INFO - DAG(s) 'example_task_group' retrieved from /home/airflow/.local/lib/python3.12/site-packages/airflow/example_dags/example_task_group.py
[2025-10-07T21:55:27.130+0000] {logging_mixin.py:188} INFO - [2025-10-07T21:55:27.130+0000] {dag.py:3096} INFO - Sync 1 DAGs
[2025-10-07T21:55:27.139+0000] {logging_mixin.py:188} INFO - [2025-10-07T21:55:27.139+0000] {dag.py:3954} INFO - Setting next_dagrun for example_task_group to 2025-10-06 00:00:00+00:00, run_after=2025-10-07 00:00:00+00:00
[2025-10-07T21:55:27.147+0000] {processor.py:183} INFO - Processing /home/airflow/.local/lib/python3.12/site-packages/airflow/example_dags/example_task_group.py took 0.036 seconds
[2025-10-07T21:55:57.287+0000] {processor.py:161} INFO - Started process (PID=259) to work on /home/airflow/.local/lib/python3.12/site-packages/airflow/example_dags/example_task_group.py
[2025-10-07T21:55:57.288+0000] {processor.py:830} INFO - Processing file /home/airflow/.local/lib/python3.12/site-packages/airflow/example_dags/example_task_group.py for tasks to queue
[2025-10-07T21:55:57.289+0000] {logging_mixin.py:188} INFO - [2025-10-07T21:55:57.289+0000] {dagbag.py:545} INFO - Filling up the DagBag from /home/airflow/.local/lib/python3.12/site-packages/airflow/example_dags/example_task_group.py
[2025-10-07T21:55:57.293+0000] {processor.py:840} INFO - DAG(s) 'example_task_group' retrieved from /home/airflow/.local/lib/python3.12/site-packages/airflow/example_dags/example_task_group.py
[2025-10-07T21:55:57.307+0000] {logging_mixin.py:188} INFO - [2025-10-07T21:55:57.307+0000] {dag.py:3096} INFO - Sync 1 DAGs
[2025-10-07T21:55:57.320+0000] {logging_mixin.py:188} INFO - [2025-10-07T21:55:57.319+0000] {dag.py:3954} INFO - Setting next_dagrun for example_task_group to 2025-10-06 00:00:00+00:00, run_after=2025-10-07 00:00:00+00:00
[2025-10-07T21:55:57.329+0000] {processor.py:183} INFO - Processing /home/airflow/.local/lib/python3.12/site-packages/airflow/example_dags/example_task_group.py took 0.045 seconds
[2025-10-07T21:56:27.435+0000] {processor.py:161} INFO - Started process (PID=318) to work on /home/airflow/.local/lib/python3.12/site-packages/airflow/example_dags/example_task_group.py
[2025-10-07T21:56:27.436+0000] {processor.py:830} INFO - Processing file /home/airflow/.local/lib/python3.12/site-packages/airflow/example_dags/example_task_group.py for tasks to queue
[2025-10-07T21:56:27.436+0000] {logging_mixin.py:188} INFO - [2025-10-07T21:56:27.436+0000] {dagbag.py:545} INFO - Filling up the DagBag from /home/airflow/.local/lib/python3.12/site-packages/airflow/example_dags/example_task_group.py
[2025-10-07T21:56:27.440+0000] {processor.py:840} INFO - DAG(s) 'example_task_group' retrieved from /home/airflow/.local/lib/python3.12/site-packages/airflow/example_dags/example_task_group.py
[2025-10-07T21:56:27.452+0000] {logging_mixin.py:188} INFO - [2025-10-07T21:56:27.452+0000] {dag.py:3096} INFO - Sync 1 DAGs
[2025-10-07T21:56:27.466+0000] {logging_mixin.py:188} INFO - [2025-10-07T21:56:27.466+0000] {dag.py:3954} INFO - Setting next_dagrun for example_task_group to 2025-10-06 00:00:00+00:00, run_after=2025-10-07 00:00:00+00:00
[2025-10-07T21:56:27.476+0000] {processor.py:183} INFO - Processing /home/airflow/.local/lib/python3.12/site-packages/airflow/example_dags/example_task_group.py took 0.044 seconds
[2025-10-07T21:56:58.387+0000] {processor.py:161} INFO - Started process (PID=377) to work on /home/airflow/.local/lib/python3.12/site-packages/airflow/example_dags/example_task_group.py
[2025-10-07T21:56:58.389+0000] {processor.py:830} INFO - Processing file /home/airflow/.local/lib/python3.12/site-packages/airflow/example_dags/example_task_group.py for tasks to queue
[2025-10-07T21:56:58.391+0000] {logging_mixin.py:188} INFO - [2025-10-07T21:56:58.390+0000] {dagbag.py:545} INFO - Filling up the DagBag from /home/airflow/.local/lib/python3.12/site-packages/airflow/example_dags/example_task_group.py
[2025-10-07T21:56:58.394+0000] {processor.py:840} INFO - DAG(s) 'example_task_group' retrieved from /home/airflow/.local/lib/python3.12/site-packages/airflow/example_dags/example_task_group.py
[2025-10-07T21:56:58.405+0000] {logging_mixin.py:188} INFO - [2025-10-07T21:56:58.405+0000] {dag.py:3096} INFO - Sync 1 DAGs
[2025-10-07T21:56:58.416+0000] {logging_mixin.py:188} INFO - [2025-10-07T21:56:58.416+0000] {dag.py:3954} INFO - Setting next_dagrun for example_task_group to 2025-10-06 00:00:00+00:00, run_after=2025-10-07 00:00:00+00:00
[2025-10-07T21:56:58.427+0000] {processor.py:183} INFO - Processing /home/airflow/.local/lib/python3.12/site-packages/airflow/example_dags/example_task_group.py took 0.043 seconds
[2025-10-07T21:57:29.867+0000] {processor.py:161} INFO - Started process (PID=442) to work on /home/airflow/.local/lib/python3.12/site-packages/airflow/example_dags/example_task_group.py
[2025-10-07T21:57:29.881+0000] {processor.py:830} INFO - Processing file /home/airflow/.local/lib/python3.12/site-packages/airflow/example_dags/example_task_group.py for tasks to queue
[2025-10-07T21:57:29.888+0000] {logging_mixin.py:188} INFO - [2025-10-07T21:57:29.887+0000] {dagbag.py:545} INFO - Filling up the DagBag from /home/airflow/.local/lib/python3.12/site-packages/airflow/example_dags/example_task_group.py
[2025-10-07T21:57:29.947+0000] {processor.py:840} INFO - DAG(s) 'example_task_group' retrieved from /home/airflow/.local/lib/python3.12/site-packages/airflow/example_dags/example_task_group.py
[2025-10-07T21:57:30.004+0000] {logging_mixin.py:188} INFO - [2025-10-07T21:57:30.004+0000] {dag.py:3096} INFO - Sync 1 DAGs
[2025-10-07T21:57:30.383+0000] {logging_mixin.py:188} INFO - [2025-10-07T21:57:30.383+0000] {dag.py:3954} INFO - Setting next_dagrun for example_task_group to 2025-10-06 00:00:00+00:00, run_after=2025-10-07 00:00:00+00:00
[2025-10-07T21:57:30.413+0000] {processor.py:183} INFO - Processing /home/airflow/.local/lib/python3.12/site-packages/airflow/example_dags/example_task_group.py took 0.565 seconds
[2025-10-07T21:58:27.414+0000] {processor.py:161} INFO - Started process (PID=495) to work on /home/airflow/.local/lib/python3.12/site-packages/airflow/example_dags/example_task_group.py
[2025-10-07T21:58:27.417+0000] {processor.py:830} INFO - Processing file /home/airflow/.local/lib/python3.12/site-packages/airflow/example_dags/example_task_group.py for tasks to queue
[2025-10-07T21:58:27.419+0000] {logging_mixin.py:188} INFO - [2025-10-07T21:58:27.418+0000] {dagbag.py:545} INFO - Filling up the DagBag from /home/airflow/.local/lib/python3.12/site-packages/airflow/example_dags/example_task_group.py
[2025-10-07T21:58:27.424+0000] {processor.py:840} INFO - DAG(s) 'example_task_group' retrieved from /home/airflow/.local/lib/python3.12/site-packages/airflow/example_dags/example_task_group.py
[2025-10-07T21:58:27.440+0000] {logging_mixin.py:188} INFO - [2025-10-07T21:58:27.440+0000] {dag.py:3096} INFO - Sync 1 DAGs
[2025-10-07T21:58:27.458+0000] {logging_mixin.py:188} INFO - [2025-10-07T21:58:27.458+0000] {dag.py:3954} INFO - Setting next_dagrun for example_task_group to 2025-10-06 00:00:00+00:00, run_after=2025-10-07 00:00:00+00:00
[2025-10-07T21:58:27.476+0000] {processor.py:183} INFO - Processing /home/airflow/.local/lib/python3.12/site-packages/airflow/example_dags/example_task_group.py took 0.066 seconds
[2025-10-07T21:59:34.757+0000] {processor.py:161} INFO - Started process (PID=554) to work on /home/airflow/.local/lib/python3.12/site-packages/airflow/example_dags/example_task_group.py
[2025-10-07T21:59:34.759+0000] {processor.py:830} INFO - Processing file /home/airflow/.local/lib/python3.12/site-packages/airflow/example_dags/example_task_group.py for tasks to queue
[2025-10-07T21:59:34.762+0000] {logging_mixin.py:188} INFO - [2025-10-07T21:59:34.762+0000] {dagbag.py:545} INFO - Filling up the DagBag from /home/airflow/.local/lib/python3.12/site-packages/airflow/example_dags/example_task_group.py
[2025-10-07T21:59:34.774+0000] {processor.py:840} INFO - DAG(s) 'example_task_group' retrieved from /home/airflow/.local/lib/python3.12/site-packages/airflow/example_dags/example_task_group.py
[2025-10-07T21:59:34.822+0000] {logging_mixin.py:188} INFO - [2025-10-07T21:59:34.822+0000] {dag.py:3096} INFO - Sync 1 DAGs
[2025-10-07T21:59:34.862+0000] {logging_mixin.py:188} INFO - [2025-10-07T21:59:34.861+0000] {dag.py:3954} INFO - Setting next_dagrun for example_task_group to 2025-10-06 00:00:00+00:00, run_after=2025-10-07 00:00:00+00:00
[2025-10-07T21:59:34.897+0000] {processor.py:183} INFO - Processing /home/airflow/.local/lib/python3.12/site-packages/airflow/example_dags/example_task_group.py took 0.149 seconds
[2025-10-07T22:01:53.014+0000] {processor.py:161} INFO - Started process (PID=613) to work on /home/airflow/.local/lib/python3.12/site-packages/airflow/example_dags/example_task_group.py
[2025-10-07T22:01:53.014+0000] {processor.py:830} INFO - Processing file /home/airflow/.local/lib/python3.12/site-packages/airflow/example_dags/example_task_group.py for tasks to queue
[2025-10-07T22:01:53.016+0000] {logging_mixin.py:188} INFO - [2025-10-07T22:01:53.016+0000] {dagbag.py:545} INFO - Filling up the DagBag from /home/airflow/.local/lib/python3.12/site-packages/airflow/example_dags/example_task_group.py
[2025-10-07T22:01:53.020+0000] {processor.py:840} INFO - DAG(s) 'example_task_group' retrieved from /home/airflow/.local/lib/python3.12/site-packages/airflow/example_dags/example_task_group.py
[2025-10-07T22:01:53.032+0000] {logging_mixin.py:188} INFO - [2025-10-07T22:01:53.032+0000] {dag.py:3096} INFO - Sync 1 DAGs
[2025-10-07T22:01:53.055+0000] {logging_mixin.py:188} INFO - [2025-10-07T22:01:53.055+0000] {dag.py:3954} INFO - Setting next_dagrun for example_task_group to 2025-10-06 00:00:00+00:00, run_after=2025-10-07 00:00:00+00:00
[2025-10-07T22:01:53.068+0000] {processor.py:183} INFO - Processing /home/airflow/.local/lib/python3.12/site-packages/airflow/example_dags/example_task_group.py took 0.058 seconds
[2025-10-07T22:04:56.289+0000] {processor.py:161} INFO - Started process (PID=672) to work on /home/airflow/.local/lib/python3.12/site-packages/airflow/example_dags/example_task_group.py
[2025-10-07T22:04:56.294+0000] {processor.py:830} INFO - Processing file /home/airflow/.local/lib/python3.12/site-packages/airflow/example_dags/example_task_group.py for tasks to queue
[2025-10-07T22:04:56.295+0000] {logging_mixin.py:188} INFO - [2025-10-07T22:04:56.295+0000] {dagbag.py:545} INFO - Filling up the DagBag from /home/airflow/.local/lib/python3.12/site-packages/airflow/example_dags/example_task_group.py
[2025-10-07T22:04:56.298+0000] {processor.py:840} INFO - DAG(s) 'example_task_group' retrieved from /home/airflow/.local/lib/python3.12/site-packages/airflow/example_dags/example_task_group.py
[2025-10-07T22:04:56.309+0000] {logging_mixin.py:188} INFO - [2025-10-07T22:04:56.309+0000] {dag.py:3096} INFO - Sync 1 DAGs
[2025-10-07T22:04:56.319+0000] {logging_mixin.py:188} INFO - [2025-10-07T22:04:56.319+0000] {dag.py:3954} INFO - Setting next_dagrun for example_task_group to 2025-10-06 00:00:00+00:00, run_after=2025-10-07 00:00:00+00:00
[2025-10-07T22:04:56.329+0000] {processor.py:183} INFO - Processing /home/airflow/.local/lib/python3.12/site-packages/airflow/example_dags/example_task_group.py took 0.043 seconds
[2025-10-07T22:05:26.426+0000] {processor.py:161} INFO - Started process (PID=731) to work on /home/airflow/.local/lib/python3.12/site-packages/airflow/example_dags/example_task_group.py
[2025-10-07T22:05:26.427+0000] {processor.py:830} INFO - Processing file /home/airflow/.local/lib/python3.12/site-packages/airflow/example_dags/example_task_group.py for tasks to queue
[2025-10-07T22:05:26.430+0000] {logging_mixin.py:188} INFO - [2025-10-07T22:05:26.429+0000] {dagbag.py:545} INFO - Filling up the DagBag from /home/airflow/.local/lib/python3.12/site-packages/airflow/example_dags/example_task_group.py
[2025-10-07T22:05:26.436+0000] {processor.py:840} INFO - DAG(s) 'example_task_group' retrieved from /home/airflow/.local/lib/python3.12/site-packages/airflow/example_dags/example_task_group.py
[2025-10-07T22:05:26.449+0000] {logging_mixin.py:188} INFO - [2025-10-07T22:05:26.449+0000] {dag.py:3096} INFO - Sync 1 DAGs
[2025-10-07T22:05:26.461+0000] {logging_mixin.py:188} INFO - [2025-10-07T22:05:26.460+0000] {dag.py:3954} INFO - Setting next_dagrun for example_task_group to 2025-10-06 00:00:00+00:00, run_after=2025-10-07 00:00:00+00:00
[2025-10-07T22:05:26.470+0000] {processor.py:183} INFO - Processing /home/airflow/.local/lib/python3.12/site-packages/airflow/example_dags/example_task_group.py took 0.048 seconds
[2025-10-07T22:05:56.583+0000] {processor.py:161} INFO - Started process (PID=790) to work on /home/airflow/.local/lib/python3.12/site-packages/airflow/example_dags/example_task_group.py
[2025-10-07T22:05:56.583+0000] {processor.py:830} INFO - Processing file /home/airflow/.local/lib/python3.12/site-packages/airflow/example_dags/example_task_group.py for tasks to queue
[2025-10-07T22:05:56.584+0000] {logging_mixin.py:188} INFO - [2025-10-07T22:05:56.584+0000] {dagbag.py:545} INFO - Filling up the DagBag from /home/airflow/.local/lib/python3.12/site-packages/airflow/example_dags/example_task_group.py
[2025-10-07T22:05:56.588+0000] {processor.py:840} INFO - DAG(s) 'example_task_group' retrieved from /home/airflow/.local/lib/python3.12/site-packages/airflow/example_dags/example_task_group.py
[2025-10-07T22:05:56.600+0000] {logging_mixin.py:188} INFO - [2025-10-07T22:05:56.599+0000] {dag.py:3096} INFO - Sync 1 DAGs
[2025-10-07T22:05:56.612+0000] {logging_mixin.py:188} INFO - [2025-10-07T22:05:56.612+0000] {dag.py:3954} INFO - Setting next_dagrun for example_task_group to 2025-10-06 00:00:00+00:00, run_after=2025-10-07 00:00:00+00:00
[2025-10-07T22:05:56.628+0000] {processor.py:183} INFO - Processing /home/airflow/.local/lib/python3.12/site-packages/airflow/example_dags/example_task_group.py took 0.049 seconds
[2025-10-07T22:06:26.673+0000] {processor.py:161} INFO - Started process (PID=849) to work on /home/airflow/.local/lib/python3.12/site-packages/airflow/example_dags/example_task_group.py
[2025-10-07T22:06:26.675+0000] {processor.py:830} INFO - Processing file /home/airflow/.local/lib/python3.12/site-packages/airflow/example_dags/example_task_group.py for tasks to queue
[2025-10-07T22:06:26.676+0000] {logging_mixin.py:188} INFO - [2025-10-07T22:06:26.676+0000] {dagbag.py:545} INFO - Filling up the DagBag from /home/airflow/.local/lib/python3.12/site-packages/airflow/example_dags/example_task_group.py
[2025-10-07T22:06:26.679+0000] {processor.py:840} INFO - DAG(s) 'example_task_group' retrieved from /home/airflow/.local/lib/python3.12/site-packages/airflow/example_dags/example_task_group.py
[2025-10-07T22:06:26.694+0000] {logging_mixin.py:188} INFO - [2025-10-07T22:06:26.694+0000] {dag.py:3096} INFO - Sync 1 DAGs
[2025-10-07T22:06:26.709+0000] {logging_mixin.py:188} INFO - [2025-10-07T22:06:26.708+0000] {dag.py:3954} INFO - Setting next_dagrun for example_task_group to 2025-10-06 00:00:00+00:00, run_after=2025-10-07 00:00:00+00:00
[2025-10-07T22:06:26.723+0000] {processor.py:183} INFO - Processing /home/airflow/.local/lib/python3.12/site-packages/airflow/example_dags/example_task_group.py took 0.054 seconds
[2025-10-07T22:06:56.777+0000] {processor.py:161} INFO - Started process (PID=908) to work on /home/airflow/.local/lib/python3.12/site-packages/airflow/example_dags/example_task_group.py
[2025-10-07T22:06:56.779+0000] {processor.py:830} INFO - Processing file /home/airflow/.local/lib/python3.12/site-packages/airflow/example_dags/example_task_group.py for tasks to queue
[2025-10-07T22:06:56.780+0000] {logging_mixin.py:188} INFO - [2025-10-07T22:06:56.779+0000] {dagbag.py:545} INFO - Filling up the DagBag from /home/airflow/.local/lib/python3.12/site-packages/airflow/example_dags/example_task_group.py
[2025-10-07T22:06:56.783+0000] {processor.py:840} INFO - DAG(s) 'example_task_group' retrieved from /home/airflow/.local/lib/python3.12/site-packages/airflow/example_dags/example_task_group.py
[2025-10-07T22:06:56.796+0000] {logging_mixin.py:188} INFO - [2025-10-07T22:06:56.796+0000] {dag.py:3096} INFO - Sync 1 DAGs
[2025-10-07T22:06:56.807+0000] {logging_mixin.py:188} INFO - [2025-10-07T22:06:56.807+0000] {dag.py:3954} INFO - Setting next_dagrun for example_task_group to 2025-10-06 00:00:00+00:00, run_after=2025-10-07 00:00:00+00:00
[2025-10-07T22:06:56.822+0000] {processor.py:183} INFO - Processing /home/airflow/.local/lib/python3.12/site-packages/airflow/example_dags/example_task_group.py took 0.047 seconds
[2025-10-07T22:07:26.862+0000] {processor.py:161} INFO - Started process (PID=967) to work on /home/airflow/.local/lib/python3.12/site-packages/airflow/example_dags/example_task_group.py
[2025-10-07T22:07:26.864+0000] {processor.py:830} INFO - Processing file /home/airflow/.local/lib/python3.12/site-packages/airflow/example_dags/example_task_group.py for tasks to queue
[2025-10-07T22:07:26.865+0000] {logging_mixin.py:188} INFO - [2025-10-07T22:07:26.865+0000] {dagbag.py:545} INFO - Filling up the DagBag from /home/airflow/.local/lib/python3.12/site-packages/airflow/example_dags/example_task_group.py
[2025-10-07T22:07:26.874+0000] {processor.py:840} INFO - DAG(s) 'example_task_group' retrieved from /home/airflow/.local/lib/python3.12/site-packages/airflow/example_dags/example_task_group.py
[2025-10-07T22:07:26.889+0000] {logging_mixin.py:188} INFO - [2025-10-07T22:07:26.889+0000] {dag.py:3096} INFO - Sync 1 DAGs
[2025-10-07T22:07:26.903+0000] {logging_mixin.py:188} INFO - [2025-10-07T22:07:26.903+0000] {dag.py:3954} INFO - Setting next_dagrun for example_task_group to 2025-10-06 00:00:00+00:00, run_after=2025-10-07 00:00:00+00:00
[2025-10-07T22:07:26.911+0000] {processor.py:183} INFO - Processing /home/airflow/.local/lib/python3.12/site-packages/airflow/example_dags/example_task_group.py took 0.052 seconds
[2025-10-07T22:07:57.070+0000] {processor.py:161} INFO - Started process (PID=1026) to work on /home/airflow/.local/lib/python3.12/site-packages/airflow/example_dags/example_task_group.py
[2025-10-07T22:07:57.071+0000] {processor.py:830} INFO - Processing file /home/airflow/.local/lib/python3.12/site-packages/airflow/example_dags/example_task_group.py for tasks to queue
[2025-10-07T22:07:57.074+0000] {logging_mixin.py:188} INFO - [2025-10-07T22:07:57.073+0000] {dagbag.py:545} INFO - Filling up the DagBag from /home/airflow/.local/lib/python3.12/site-packages/airflow/example_dags/example_task_group.py
[2025-10-07T22:07:57.077+0000] {processor.py:840} INFO - DAG(s) 'example_task_group' retrieved from /home/airflow/.local/lib/python3.12/site-packages/airflow/example_dags/example_task_group.py
[2025-10-07T22:07:57.093+0000] {logging_mixin.py:188} INFO - [2025-10-07T22:07:57.093+0000] {dag.py:3096} INFO - Sync 1 DAGs
[2025-10-07T22:07:57.104+0000] {logging_mixin.py:188} INFO - [2025-10-07T22:07:57.104+0000] {dag.py:3954} INFO - Setting next_dagrun for example_task_group to 2025-10-06 00:00:00+00:00, run_after=2025-10-07 00:00:00+00:00
[2025-10-07T22:07:57.113+0000] {processor.py:183} INFO - Processing /home/airflow/.local/lib/python3.12/site-packages/airflow/example_dags/example_task_group.py took 0.046 seconds
[2025-10-07T22:08:27.204+0000] {processor.py:161} INFO - Started process (PID=1085) to work on /home/airflow/.local/lib/python3.12/site-packages/airflow/example_dags/example_task_group.py
[2025-10-07T22:08:27.206+0000] {processor.py:830} INFO - Processing file /home/airflow/.local/lib/python3.12/site-packages/airflow/example_dags/example_task_group.py for tasks to queue
[2025-10-07T22:08:27.207+0000] {logging_mixin.py:188} INFO - [2025-10-07T22:08:27.207+0000] {dagbag.py:545} INFO - Filling up the DagBag from /home/airflow/.local/lib/python3.12/site-packages/airflow/example_dags/example_task_group.py
[2025-10-07T22:08:27.211+0000] {processor.py:840} INFO - DAG(s) 'example_task_group' retrieved from /home/airflow/.local/lib/python3.12/site-packages/airflow/example_dags/example_task_group.py
[2025-10-07T22:08:27.222+0000] {logging_mixin.py:188} INFO - [2025-10-07T22:08:27.221+0000] {dag.py:3096} INFO - Sync 1 DAGs
[2025-10-07T22:08:27.235+0000] {logging_mixin.py:188} INFO - [2025-10-07T22:08:27.235+0000] {dag.py:3954} INFO - Setting next_dagrun for example_task_group to 2025-10-06 00:00:00+00:00, run_after=2025-10-07 00:00:00+00:00
[2025-10-07T22:08:27.250+0000] {processor.py:183} INFO - Processing /home/airflow/.local/lib/python3.12/site-packages/airflow/example_dags/example_task_group.py took 0.049 seconds
[2025-10-07T22:08:57.436+0000] {processor.py:161} INFO - Started process (PID=1144) to work on /home/airflow/.local/lib/python3.12/site-packages/airflow/example_dags/example_task_group.py
[2025-10-07T22:08:57.436+0000] {processor.py:830} INFO - Processing file /home/airflow/.local/lib/python3.12/site-packages/airflow/example_dags/example_task_group.py for tasks to queue
[2025-10-07T22:08:57.437+0000] {logging_mixin.py:188} INFO - [2025-10-07T22:08:57.437+0000] {dagbag.py:545} INFO - Filling up the DagBag from /home/airflow/.local/lib/python3.12/site-packages/airflow/example_dags/example_task_group.py
[2025-10-07T22:08:57.441+0000] {processor.py:840} INFO - DAG(s) 'example_task_group' retrieved from /home/airflow/.local/lib/python3.12/site-packages/airflow/example_dags/example_task_group.py
[2025-10-07T22:08:57.452+0000] {logging_mixin.py:188} INFO - [2025-10-07T22:08:57.452+0000] {dag.py:3096} INFO - Sync 1 DAGs
[2025-10-07T22:08:57.463+0000] {logging_mixin.py:188} INFO - [2025-10-07T22:08:57.463+0000] {dag.py:3954} INFO - Setting next_dagrun for example_task_group to 2025-10-06 00:00:00+00:00, run_after=2025-10-07 00:00:00+00:00
[2025-10-07T22:08:57.474+0000] {processor.py:183} INFO - Processing /home/airflow/.local/lib/python3.12/site-packages/airflow/example_dags/example_task_group.py took 0.041 seconds
[2025-10-07T22:09:27.622+0000] {processor.py:161} INFO - Started process (PID=1203) to work on /home/airflow/.local/lib/python3.12/site-packages/airflow/example_dags/example_task_group.py
[2025-10-07T22:09:27.622+0000] {processor.py:830} INFO - Processing file /home/airflow/.local/lib/python3.12/site-packages/airflow/example_dags/example_task_group.py for tasks to queue
[2025-10-07T22:09:27.624+0000] {logging_mixin.py:188} INFO - [2025-10-07T22:09:27.623+0000] {dagbag.py:545} INFO - Filling up the DagBag from /home/airflow/.local/lib/python3.12/site-packages/airflow/example_dags/example_task_group.py
[2025-10-07T22:09:27.628+0000] {processor.py:840} INFO - DAG(s) 'example_task_group' retrieved from /home/airflow/.local/lib/python3.12/site-packages/airflow/example_dags/example_task_group.py
[2025-10-07T22:09:27.642+0000] {logging_mixin.py:188} INFO - [2025-10-07T22:09:27.642+0000] {dag.py:3096} INFO - Sync 1 DAGs
[2025-10-07T22:09:27.653+0000] {logging_mixin.py:188} INFO - [2025-10-07T22:09:27.653+0000] {dag.py:3954} INFO - Setting next_dagrun for example_task_group to 2025-10-06 00:00:00+00:00, run_after=2025-10-07 00:00:00+00:00
[2025-10-07T22:09:27.664+0000] {processor.py:183} INFO - Processing /home/airflow/.local/lib/python3.12/site-packages/airflow/example_dags/example_task_group.py took 0.045 seconds
[2025-10-07T22:09:58.729+0000] {processor.py:161} INFO - Started process (PID=1262) to work on /home/airflow/.local/lib/python3.12/site-packages/airflow/example_dags/example_task_group.py
[2025-10-07T22:09:58.730+0000] {processor.py:830} INFO - Processing file /home/airflow/.local/lib/python3.12/site-packages/airflow/example_dags/example_task_group.py for tasks to queue
[2025-10-07T22:09:58.733+0000] {logging_mixin.py:188} INFO - [2025-10-07T22:09:58.733+0000] {dagbag.py:545} INFO - Filling up the DagBag from /home/airflow/.local/lib/python3.12/site-packages/airflow/example_dags/example_task_group.py
[2025-10-07T22:09:58.737+0000] {processor.py:840} INFO - DAG(s) 'example_task_group' retrieved from /home/airflow/.local/lib/python3.12/site-packages/airflow/example_dags/example_task_group.py
[2025-10-07T22:09:58.750+0000] {logging_mixin.py:188} INFO - [2025-10-07T22:09:58.750+0000] {dag.py:3096} INFO - Sync 1 DAGs
[2025-10-07T22:09:58.762+0000] {logging_mixin.py:188} INFO - [2025-10-07T22:09:58.762+0000] {dag.py:3954} INFO - Setting next_dagrun for example_task_group to 2025-10-06 00:00:00+00:00, run_after=2025-10-07 00:00:00+00:00
[2025-10-07T22:09:58.773+0000] {processor.py:183} INFO - Processing /home/airflow/.local/lib/python3.12/site-packages/airflow/example_dags/example_task_group.py took 0.048 seconds
[2025-10-07T22:10:28.920+0000] {processor.py:161} INFO - Started process (PID=1321) to work on /home/airflow/.local/lib/python3.12/site-packages/airflow/example_dags/example_task_group.py
[2025-10-07T22:10:28.921+0000] {processor.py:830} INFO - Processing file /home/airflow/.local/lib/python3.12/site-packages/airflow/example_dags/example_task_group.py for tasks to queue
[2025-10-07T22:10:28.922+0000] {logging_mixin.py:188} INFO - [2025-10-07T22:10:28.922+0000] {dagbag.py:545} INFO - Filling up the DagBag from /home/airflow/.local/lib/python3.12/site-packages/airflow/example_dags/example_task_group.py
[2025-10-07T22:10:28.926+0000] {processor.py:840} INFO - DAG(s) 'example_task_group' retrieved from /home/airflow/.local/lib/python3.12/site-packages/airflow/example_dags/example_task_group.py
[2025-10-07T22:10:28.941+0000] {logging_mixin.py:188} INFO - [2025-10-07T22:10:28.941+0000] {dag.py:3096} INFO - Sync 1 DAGs
[2025-10-07T22:10:28.952+0000] {logging_mixin.py:188} INFO - [2025-10-07T22:10:28.952+0000] {dag.py:3954} INFO - Setting next_dagrun for example_task_group to 2025-10-06 00:00:00+00:00, run_after=2025-10-07 00:00:00+00:00
[2025-10-07T22:10:28.962+0000] {processor.py:183} INFO - Processing /home/airflow/.local/lib/python3.12/site-packages/airflow/example_dags/example_task_group.py took 0.046 seconds
[2025-10-07T22:10:59.204+0000] {processor.py:161} INFO - Started process (PID=1380) to work on /home/airflow/.local/lib/python3.12/site-packages/airflow/example_dags/example_task_group.py
[2025-10-07T22:10:59.205+0000] {processor.py:830} INFO - Processing file /home/airflow/.local/lib/python3.12/site-packages/airflow/example_dags/example_task_group.py for tasks to queue
[2025-10-07T22:10:59.206+0000] {logging_mixin.py:188} INFO - [2025-10-07T22:10:59.206+0000] {dagbag.py:545} INFO - Filling up the DagBag from /home/airflow/.local/lib/python3.12/site-packages/airflow/example_dags/example_task_group.py
[2025-10-07T22:10:59.209+0000] {processor.py:840} INFO - DAG(s) 'example_task_group' retrieved from /home/airflow/.local/lib/python3.12/site-packages/airflow/example_dags/example_task_group.py
[2025-10-07T22:10:59.220+0000] {logging_mixin.py:188} INFO - [2025-10-07T22:10:59.220+0000] {dag.py:3096} INFO - Sync 1 DAGs
[2025-10-07T22:10:59.230+0000] {logging_mixin.py:188} INFO - [2025-10-07T22:10:59.230+0000] {dag.py:3954} INFO - Setting next_dagrun for example_task_group to 2025-10-06 00:00:00+00:00, run_after=2025-10-07 00:00:00+00:00
[2025-10-07T22:10:59.238+0000] {processor.py:183} INFO - Processing /home/airflow/.local/lib/python3.12/site-packages/airflow/example_dags/example_task_group.py took 0.037 seconds
[2025-10-07T22:11:30.135+0000] {processor.py:161} INFO - Started process (PID=1439) to work on /home/airflow/.local/lib/python3.12/site-packages/airflow/example_dags/example_task_group.py
[2025-10-07T22:11:30.136+0000] {processor.py:830} INFO - Processing file /home/airflow/.local/lib/python3.12/site-packages/airflow/example_dags/example_task_group.py for tasks to queue
[2025-10-07T22:11:30.138+0000] {logging_mixin.py:188} INFO - [2025-10-07T22:11:30.138+0000] {dagbag.py:545} INFO - Filling up the DagBag from /home/airflow/.local/lib/python3.12/site-packages/airflow/example_dags/example_task_group.py
[2025-10-07T22:11:30.143+0000] {processor.py:840} INFO - DAG(s) 'example_task_group' retrieved from /home/airflow/.local/lib/python3.12/site-packages/airflow/example_dags/example_task_group.py
[2025-10-07T22:11:30.157+0000] {logging_mixin.py:188} INFO - [2025-10-07T22:11:30.157+0000] {dag.py:3096} INFO - Sync 1 DAGs
[2025-10-07T22:11:30.169+0000] {logging_mixin.py:188} INFO - [2025-10-07T22:11:30.169+0000] {dag.py:3954} INFO - Setting next_dagrun for example_task_group to 2025-10-06 00:00:00+00:00, run_after=2025-10-07 00:00:00+00:00
[2025-10-07T22:11:30.179+0000] {processor.py:183} INFO - Processing /home/airflow/.local/lib/python3.12/site-packages/airflow/example_dags/example_task_group.py took 0.049 seconds
[2025-10-07T22:12:00.205+0000] {processor.py:161} INFO - Started process (PID=1497) to work on /home/airflow/.local/lib/python3.12/site-packages/airflow/example_dags/example_task_group.py
[2025-10-07T22:12:00.207+0000] {processor.py:830} INFO - Processing file /home/airflow/.local/lib/python3.12/site-packages/airflow/example_dags/example_task_group.py for tasks to queue
[2025-10-07T22:12:00.208+0000] {logging_mixin.py:188} INFO - [2025-10-07T22:12:00.208+0000] {dagbag.py:545} INFO - Filling up the DagBag from /home/airflow/.local/lib/python3.12/site-packages/airflow/example_dags/example_task_group.py
[2025-10-07T22:12:00.216+0000] {processor.py:840} INFO - DAG(s) 'example_task_group' retrieved from /home/airflow/.local/lib/python3.12/site-packages/airflow/example_dags/example_task_group.py
[2025-10-07T22:12:00.238+0000] {logging_mixin.py:188} INFO - [2025-10-07T22:12:00.238+0000] {dag.py:3096} INFO - Sync 1 DAGs
[2025-10-07T22:12:00.249+0000] {logging_mixin.py:188} INFO - [2025-10-07T22:12:00.249+0000] {dag.py:3954} INFO - Setting next_dagrun for example_task_group to 2025-10-06 00:00:00+00:00, run_after=2025-10-07 00:00:00+00:00
[2025-10-07T22:12:00.257+0000] {processor.py:183} INFO - Processing /home/airflow/.local/lib/python3.12/site-packages/airflow/example_dags/example_task_group.py took 0.058 seconds
[2025-10-07T22:12:30.440+0000] {processor.py:161} INFO - Started process (PID=1556) to work on /home/airflow/.local/lib/python3.12/site-packages/airflow/example_dags/example_task_group.py
[2025-10-07T22:12:30.441+0000] {processor.py:830} INFO - Processing file /home/airflow/.local/lib/python3.12/site-packages/airflow/example_dags/example_task_group.py for tasks to queue
[2025-10-07T22:12:30.443+0000] {logging_mixin.py:188} INFO - [2025-10-07T22:12:30.443+0000] {dagbag.py:545} INFO - Filling up the DagBag from /home/airflow/.local/lib/python3.12/site-packages/airflow/example_dags/example_task_group.py
[2025-10-07T22:12:30.448+0000] {processor.py:840} INFO - DAG(s) 'example_task_group' retrieved from /home/airflow/.local/lib/python3.12/site-packages/airflow/example_dags/example_task_group.py
[2025-10-07T22:12:30.462+0000] {logging_mixin.py:188} INFO - [2025-10-07T22:12:30.462+0000] {dag.py:3096} INFO - Sync 1 DAGs
[2025-10-07T22:12:30.474+0000] {logging_mixin.py:188} INFO - [2025-10-07T22:12:30.474+0000] {dag.py:3954} INFO - Setting next_dagrun for example_task_group to 2025-10-06 00:00:00+00:00, run_after=2025-10-07 00:00:00+00:00
[2025-10-07T22:12:30.484+0000] {processor.py:183} INFO - Processing /home/airflow/.local/lib/python3.12/site-packages/airflow/example_dags/example_task_group.py took 0.051 seconds
[2025-10-07T22:13:00.671+0000] {processor.py:161} INFO - Started process (PID=1615) to work on /home/airflow/.local/lib/python3.12/site-packages/airflow/example_dags/example_task_group.py
[2025-10-07T22:13:00.672+0000] {processor.py:830} INFO - Processing file /home/airflow/.local/lib/python3.12/site-packages/airflow/example_dags/example_task_group.py for tasks to queue
[2025-10-07T22:13:00.673+0000] {logging_mixin.py:188} INFO - [2025-10-07T22:13:00.673+0000] {dagbag.py:545} INFO - Filling up the DagBag from /home/airflow/.local/lib/python3.12/site-packages/airflow/example_dags/example_task_group.py
[2025-10-07T22:13:00.678+0000] {processor.py:840} INFO - DAG(s) 'example_task_group' retrieved from /home/airflow/.local/lib/python3.12/site-packages/airflow/example_dags/example_task_group.py
[2025-10-07T22:13:00.691+0000] {logging_mixin.py:188} INFO - [2025-10-07T22:13:00.691+0000] {dag.py:3096} INFO - Sync 1 DAGs
[2025-10-07T22:13:00.704+0000] {logging_mixin.py:188} INFO - [2025-10-07T22:13:00.704+0000] {dag.py:3954} INFO - Setting next_dagrun for example_task_group to 2025-10-06 00:00:00+00:00, run_after=2025-10-07 00:00:00+00:00
[2025-10-07T22:13:00.714+0000] {processor.py:183} INFO - Processing /home/airflow/.local/lib/python3.12/site-packages/airflow/example_dags/example_task_group.py took 0.047 seconds
[2025-10-07T22:13:30.835+0000] {processor.py:161} INFO - Started process (PID=1674) to work on /home/airflow/.local/lib/python3.12/site-packages/airflow/example_dags/example_task_group.py
[2025-10-07T22:13:30.835+0000] {processor.py:830} INFO - Processing file /home/airflow/.local/lib/python3.12/site-packages/airflow/example_dags/example_task_group.py for tasks to queue
[2025-10-07T22:13:30.837+0000] {logging_mixin.py:188} INFO - [2025-10-07T22:13:30.836+0000] {dagbag.py:545} INFO - Filling up the DagBag from /home/airflow/.local/lib/python3.12/site-packages/airflow/example_dags/example_task_group.py
[2025-10-07T22:13:30.841+0000] {processor.py:840} INFO - DAG(s) 'example_task_group' retrieved from /home/airflow/.local/lib/python3.12/site-packages/airflow/example_dags/example_task_group.py
[2025-10-07T22:13:30.855+0000] {logging_mixin.py:188} INFO - [2025-10-07T22:13:30.855+0000] {dag.py:3096} INFO - Sync 1 DAGs
[2025-10-07T22:13:30.867+0000] {logging_mixin.py:188} INFO - [2025-10-07T22:13:30.867+0000] {dag.py:3954} INFO - Setting next_dagrun for example_task_group to 2025-10-06 00:00:00+00:00, run_after=2025-10-07 00:00:00+00:00
[2025-10-07T22:13:30.881+0000] {processor.py:183} INFO - Processing /home/airflow/.local/lib/python3.12/site-packages/airflow/example_dags/example_task_group.py took 0.051 seconds
[2025-10-07T22:14:01.038+0000] {processor.py:161} INFO - Started process (PID=1733) to work on /home/airflow/.local/lib/python3.12/site-packages/airflow/example_dags/example_task_group.py
[2025-10-07T22:14:01.039+0000] {processor.py:830} INFO - Processing file /home/airflow/.local/lib/python3.12/site-packages/airflow/example_dags/example_task_group.py for tasks to queue
[2025-10-07T22:14:01.041+0000] {logging_mixin.py:188} INFO - [2025-10-07T22:14:01.041+0000] {dagbag.py:545} INFO - Filling up the DagBag from /home/airflow/.local/lib/python3.12/site-packages/airflow/example_dags/example_task_group.py
[2025-10-07T22:14:01.046+0000] {processor.py:840} INFO - DAG(s) 'example_task_group' retrieved from /home/airflow/.local/lib/python3.12/site-packages/airflow/example_dags/example_task_group.py
[2025-10-07T22:14:01.063+0000] {logging_mixin.py:188} INFO - [2025-10-07T22:14:01.063+0000] {dag.py:3096} INFO - Sync 1 DAGs
[2025-10-07T22:14:01.074+0000] {logging_mixin.py:188} INFO - [2025-10-07T22:14:01.074+0000] {dag.py:3954} INFO - Setting next_dagrun for example_task_group to 2025-10-06 00:00:00+00:00, run_after=2025-10-07 00:00:00+00:00
[2025-10-07T22:14:01.084+0000] {processor.py:183} INFO - Processing /home/airflow/.local/lib/python3.12/site-packages/airflow/example_dags/example_task_group.py took 0.053 seconds
[2025-10-07T22:14:31.398+0000] {processor.py:161} INFO - Started process (PID=1792) to work on /home/airflow/.local/lib/python3.12/site-packages/airflow/example_dags/example_task_group.py
[2025-10-07T22:14:31.400+0000] {processor.py:830} INFO - Processing file /home/airflow/.local/lib/python3.12/site-packages/airflow/example_dags/example_task_group.py for tasks to queue
[2025-10-07T22:14:31.403+0000] {logging_mixin.py:188} INFO - [2025-10-07T22:14:31.402+0000] {dagbag.py:545} INFO - Filling up the DagBag from /home/airflow/.local/lib/python3.12/site-packages/airflow/example_dags/example_task_group.py
[2025-10-07T22:14:31.410+0000] {processor.py:840} INFO - DAG(s) 'example_task_group' retrieved from /home/airflow/.local/lib/python3.12/site-packages/airflow/example_dags/example_task_group.py
[2025-10-07T22:14:31.427+0000] {logging_mixin.py:188} INFO - [2025-10-07T22:14:31.427+0000] {dag.py:3096} INFO - Sync 1 DAGs
[2025-10-07T22:14:31.438+0000] {logging_mixin.py:188} INFO - [2025-10-07T22:14:31.438+0000] {dag.py:3954} INFO - Setting next_dagrun for example_task_group to 2025-10-06 00:00:00+00:00, run_after=2025-10-07 00:00:00+00:00
[2025-10-07T22:14:31.453+0000] {processor.py:183} INFO - Processing /home/airflow/.local/lib/python3.12/site-packages/airflow/example_dags/example_task_group.py took 0.062 seconds
[2025-10-07T22:15:01.768+0000] {processor.py:161} INFO - Started process (PID=1851) to work on /home/airflow/.local/lib/python3.12/site-packages/airflow/example_dags/example_task_group.py
[2025-10-07T22:15:01.770+0000] {processor.py:830} INFO - Processing file /home/airflow/.local/lib/python3.12/site-packages/airflow/example_dags/example_task_group.py for tasks to queue
[2025-10-07T22:15:01.772+0000] {logging_mixin.py:188} INFO - [2025-10-07T22:15:01.772+0000] {dagbag.py:545} INFO - Filling up the DagBag from /home/airflow/.local/lib/python3.12/site-packages/airflow/example_dags/example_task_group.py
[2025-10-07T22:15:01.785+0000] {processor.py:840} INFO - DAG(s) 'example_task_group' retrieved from /home/airflow/.local/lib/python3.12/site-packages/airflow/example_dags/example_task_group.py
[2025-10-07T22:15:01.799+0000] {logging_mixin.py:188} INFO - [2025-10-07T22:15:01.799+0000] {dag.py:3096} INFO - Sync 1 DAGs
[2025-10-07T22:15:01.815+0000] {logging_mixin.py:188} INFO - [2025-10-07T22:15:01.815+0000] {dag.py:3954} INFO - Setting next_dagrun for example_task_group to 2025-10-06 00:00:00+00:00, run_after=2025-10-07 00:00:00+00:00
[2025-10-07T22:15:01.828+0000] {processor.py:183} INFO - Processing /home/airflow/.local/lib/python3.12/site-packages/airflow/example_dags/example_task_group.py took 0.068 seconds
[2025-10-07T22:15:32.509+0000] {processor.py:161} INFO - Started process (PID=1910) to work on /home/airflow/.local/lib/python3.12/site-packages/airflow/example_dags/example_task_group.py
[2025-10-07T22:15:32.510+0000] {processor.py:830} INFO - Processing file /home/airflow/.local/lib/python3.12/site-packages/airflow/example_dags/example_task_group.py for tasks to queue
[2025-10-07T22:15:32.515+0000] {logging_mixin.py:188} INFO - [2025-10-07T22:15:32.515+0000] {dagbag.py:545} INFO - Filling up the DagBag from /home/airflow/.local/lib/python3.12/site-packages/airflow/example_dags/example_task_group.py
[2025-10-07T22:15:32.523+0000] {processor.py:840} INFO - DAG(s) 'example_task_group' retrieved from /home/airflow/.local/lib/python3.12/site-packages/airflow/example_dags/example_task_group.py
[2025-10-07T22:15:32.538+0000] {logging_mixin.py:188} INFO - [2025-10-07T22:15:32.538+0000] {dag.py:3096} INFO - Sync 1 DAGs
[2025-10-07T22:15:32.549+0000] {logging_mixin.py:188} INFO - [2025-10-07T22:15:32.549+0000] {dag.py:3954} INFO - Setting next_dagrun for example_task_group to 2025-10-06 00:00:00+00:00, run_after=2025-10-07 00:00:00+00:00
[2025-10-07T22:15:32.561+0000] {processor.py:183} INFO - Processing /home/airflow/.local/lib/python3.12/site-packages/airflow/example_dags/example_task_group.py took 0.058 seconds
[2025-10-07T22:16:03.222+0000] {processor.py:161} INFO - Started process (PID=1969) to work on /home/airflow/.local/lib/python3.12/site-packages/airflow/example_dags/example_task_group.py
[2025-10-07T22:16:03.223+0000] {processor.py:830} INFO - Processing file /home/airflow/.local/lib/python3.12/site-packages/airflow/example_dags/example_task_group.py for tasks to queue
[2025-10-07T22:16:03.224+0000] {logging_mixin.py:188} INFO - [2025-10-07T22:16:03.224+0000] {dagbag.py:545} INFO - Filling up the DagBag from /home/airflow/.local/lib/python3.12/site-packages/airflow/example_dags/example_task_group.py
[2025-10-07T22:16:03.231+0000] {processor.py:840} INFO - DAG(s) 'example_task_group' retrieved from /home/airflow/.local/lib/python3.12/site-packages/airflow/example_dags/example_task_group.py
[2025-10-07T22:16:03.248+0000] {logging_mixin.py:188} INFO - [2025-10-07T22:16:03.248+0000] {dag.py:3096} INFO - Sync 1 DAGs
[2025-10-07T22:16:03.349+0000] {logging_mixin.py:188} INFO - [2025-10-07T22:16:03.349+0000] {dag.py:3954} INFO - Setting next_dagrun for example_task_group to 2025-10-06 00:00:00+00:00, run_after=2025-10-07 00:00:00+00:00
[2025-10-07T22:16:03.361+0000] {processor.py:183} INFO - Processing /home/airflow/.local/lib/python3.12/site-packages/airflow/example_dags/example_task_group.py took 0.143 seconds
[2025-10-07T22:16:33.937+0000] {processor.py:161} INFO - Started process (PID=2028) to work on /home/airflow/.local/lib/python3.12/site-packages/airflow/example_dags/example_task_group.py
[2025-10-07T22:16:33.938+0000] {processor.py:830} INFO - Processing file /home/airflow/.local/lib/python3.12/site-packages/airflow/example_dags/example_task_group.py for tasks to queue
[2025-10-07T22:16:33.939+0000] {logging_mixin.py:188} INFO - [2025-10-07T22:16:33.939+0000] {dagbag.py:545} INFO - Filling up the DagBag from /home/airflow/.local/lib/python3.12/site-packages/airflow/example_dags/example_task_group.py
[2025-10-07T22:16:33.943+0000] {processor.py:840} INFO - DAG(s) 'example_task_group' retrieved from /home/airflow/.local/lib/python3.12/site-packages/airflow/example_dags/example_task_group.py
[2025-10-07T22:16:33.958+0000] {logging_mixin.py:188} INFO - [2025-10-07T22:16:33.958+0000] {dag.py:3096} INFO - Sync 1 DAGs
[2025-10-07T22:16:34.075+0000] {logging_mixin.py:188} INFO - [2025-10-07T22:16:34.075+0000] {dag.py:3954} INFO - Setting next_dagrun for example_task_group to 2025-10-06 00:00:00+00:00, run_after=2025-10-07 00:00:00+00:00
[2025-10-07T22:16:34.086+0000] {processor.py:183} INFO - Processing /home/airflow/.local/lib/python3.12/site-packages/airflow/example_dags/example_task_group.py took 0.153 seconds
[2025-10-07T22:17:04.422+0000] {processor.py:161} INFO - Started process (PID=2087) to work on /home/airflow/.local/lib/python3.12/site-packages/airflow/example_dags/example_task_group.py
[2025-10-07T22:17:04.424+0000] {processor.py:830} INFO - Processing file /home/airflow/.local/lib/python3.12/site-packages/airflow/example_dags/example_task_group.py for tasks to queue
[2025-10-07T22:17:04.425+0000] {logging_mixin.py:188} INFO - [2025-10-07T22:17:04.425+0000] {dagbag.py:545} INFO - Filling up the DagBag from /home/airflow/.local/lib/python3.12/site-packages/airflow/example_dags/example_task_group.py
[2025-10-07T22:17:04.430+0000] {processor.py:840} INFO - DAG(s) 'example_task_group' retrieved from /home/airflow/.local/lib/python3.12/site-packages/airflow/example_dags/example_task_group.py
[2025-10-07T22:17:04.443+0000] {logging_mixin.py:188} INFO - [2025-10-07T22:17:04.443+0000] {dag.py:3096} INFO - Sync 1 DAGs
[2025-10-07T22:17:04.454+0000] {logging_mixin.py:188} INFO - [2025-10-07T22:17:04.454+0000] {dag.py:3954} INFO - Setting next_dagrun for example_task_group to 2025-10-06 00:00:00+00:00, run_after=2025-10-07 00:00:00+00:00
[2025-10-07T22:17:04.566+0000] {processor.py:183} INFO - Processing /home/airflow/.local/lib/python3.12/site-packages/airflow/example_dags/example_task_group.py took 0.147 seconds
[2025-10-07T22:17:35.450+0000] {processor.py:161} INFO - Started process (PID=2146) to work on /home/airflow/.local/lib/python3.12/site-packages/airflow/example_dags/example_task_group.py
[2025-10-07T22:17:35.451+0000] {processor.py:830} INFO - Processing file /home/airflow/.local/lib/python3.12/site-packages/airflow/example_dags/example_task_group.py for tasks to queue
[2025-10-07T22:17:35.452+0000] {logging_mixin.py:188} INFO - [2025-10-07T22:17:35.452+0000] {dagbag.py:545} INFO - Filling up the DagBag from /home/airflow/.local/lib/python3.12/site-packages/airflow/example_dags/example_task_group.py
[2025-10-07T22:17:35.457+0000] {processor.py:840} INFO - DAG(s) 'example_task_group' retrieved from /home/airflow/.local/lib/python3.12/site-packages/airflow/example_dags/example_task_group.py
[2025-10-07T22:17:35.471+0000] {logging_mixin.py:188} INFO - [2025-10-07T22:17:35.471+0000] {dag.py:3096} INFO - Sync 1 DAGs
[2025-10-07T22:17:35.484+0000] {logging_mixin.py:188} INFO - [2025-10-07T22:17:35.483+0000] {dag.py:3954} INFO - Setting next_dagrun for example_task_group to 2025-10-06 00:00:00+00:00, run_after=2025-10-07 00:00:00+00:00
[2025-10-07T22:17:35.497+0000] {processor.py:183} INFO - Processing /home/airflow/.local/lib/python3.12/site-packages/airflow/example_dags/example_task_group.py took 0.054 seconds
[2025-10-07T22:18:05.582+0000] {processor.py:161} INFO - Started process (PID=2205) to work on /home/airflow/.local/lib/python3.12/site-packages/airflow/example_dags/example_task_group.py
[2025-10-07T22:18:05.583+0000] {processor.py:830} INFO - Processing file /home/airflow/.local/lib/python3.12/site-packages/airflow/example_dags/example_task_group.py for tasks to queue
[2025-10-07T22:18:05.585+0000] {logging_mixin.py:188} INFO - [2025-10-07T22:18:05.584+0000] {dagbag.py:545} INFO - Filling up the DagBag from /home/airflow/.local/lib/python3.12/site-packages/airflow/example_dags/example_task_group.py
[2025-10-07T22:18:05.590+0000] {processor.py:840} INFO - DAG(s) 'example_task_group' retrieved from /home/airflow/.local/lib/python3.12/site-packages/airflow/example_dags/example_task_group.py
[2025-10-07T22:18:05.604+0000] {logging_mixin.py:188} INFO - [2025-10-07T22:18:05.604+0000] {dag.py:3096} INFO - Sync 1 DAGs
[2025-10-07T22:18:05.619+0000] {logging_mixin.py:188} INFO - [2025-10-07T22:18:05.618+0000] {dag.py:3954} INFO - Setting next_dagrun for example_task_group to 2025-10-06 00:00:00+00:00, run_after=2025-10-07 00:00:00+00:00
[2025-10-07T22:18:05.629+0000] {processor.py:183} INFO - Processing /home/airflow/.local/lib/python3.12/site-packages/airflow/example_dags/example_task_group.py took 0.052 seconds
[2025-10-07T22:18:36.628+0000] {processor.py:161} INFO - Started process (PID=2264) to work on /home/airflow/.local/lib/python3.12/site-packages/airflow/example_dags/example_task_group.py
[2025-10-07T22:18:36.629+0000] {processor.py:830} INFO - Processing file /home/airflow/.local/lib/python3.12/site-packages/airflow/example_dags/example_task_group.py for tasks to queue
[2025-10-07T22:18:36.630+0000] {logging_mixin.py:188} INFO - [2025-10-07T22:18:36.630+0000] {dagbag.py:545} INFO - Filling up the DagBag from /home/airflow/.local/lib/python3.12/site-packages/airflow/example_dags/example_task_group.py
[2025-10-07T22:18:36.634+0000] {processor.py:840} INFO - DAG(s) 'example_task_group' retrieved from /home/airflow/.local/lib/python3.12/site-packages/airflow/example_dags/example_task_group.py
[2025-10-07T22:18:36.645+0000] {logging_mixin.py:188} INFO - [2025-10-07T22:18:36.645+0000] {dag.py:3096} INFO - Sync 1 DAGs
[2025-10-07T22:18:36.657+0000] {logging_mixin.py:188} INFO - [2025-10-07T22:18:36.657+0000] {dag.py:3954} INFO - Setting next_dagrun for example_task_group to 2025-10-06 00:00:00+00:00, run_after=2025-10-07 00:00:00+00:00
[2025-10-07T22:18:36.666+0000] {processor.py:183} INFO - Processing /home/airflow/.local/lib/python3.12/site-packages/airflow/example_dags/example_task_group.py took 0.042 seconds
[2025-10-07T22:19:17.295+0000] {processor.py:161} INFO - Started process (PID=75) to work on /home/airflow/.local/lib/python3.12/site-packages/airflow/example_dags/example_task_group.py
[2025-10-07T22:19:17.296+0000] {processor.py:830} INFO - Processing file /home/airflow/.local/lib/python3.12/site-packages/airflow/example_dags/example_task_group.py for tasks to queue
[2025-10-07T22:19:17.298+0000] {logging_mixin.py:188} INFO - [2025-10-07T22:19:17.298+0000] {dagbag.py:545} INFO - Filling up the DagBag from /home/airflow/.local/lib/python3.12/site-packages/airflow/example_dags/example_task_group.py
[2025-10-07T22:19:17.305+0000] {processor.py:840} INFO - DAG(s) 'example_task_group' retrieved from /home/airflow/.local/lib/python3.12/site-packages/airflow/example_dags/example_task_group.py
[2025-10-07T22:19:17.316+0000] {logging_mixin.py:188} INFO - [2025-10-07T22:19:17.316+0000] {dag.py:3096} INFO - Sync 1 DAGs
[2025-10-07T22:19:17.331+0000] {logging_mixin.py:188} INFO - [2025-10-07T22:19:17.331+0000] {dag.py:3954} INFO - Setting next_dagrun for example_task_group to 2025-10-06 00:00:00+00:00, run_after=2025-10-07 00:00:00+00:00
[2025-10-07T22:19:17.348+0000] {processor.py:183} INFO - Processing /home/airflow/.local/lib/python3.12/site-packages/airflow/example_dags/example_task_group.py took 0.058 seconds
[2025-10-07T22:19:48.326+0000] {processor.py:161} INFO - Started process (PID=134) to work on /home/airflow/.local/lib/python3.12/site-packages/airflow/example_dags/example_task_group.py
[2025-10-07T22:19:48.326+0000] {processor.py:830} INFO - Processing file /home/airflow/.local/lib/python3.12/site-packages/airflow/example_dags/example_task_group.py for tasks to queue
[2025-10-07T22:19:48.327+0000] {logging_mixin.py:188} INFO - [2025-10-07T22:19:48.327+0000] {dagbag.py:545} INFO - Filling up the DagBag from /home/airflow/.local/lib/python3.12/site-packages/airflow/example_dags/example_task_group.py
[2025-10-07T22:19:48.332+0000] {processor.py:840} INFO - DAG(s) 'example_task_group' retrieved from /home/airflow/.local/lib/python3.12/site-packages/airflow/example_dags/example_task_group.py
[2025-10-07T22:19:48.387+0000] {logging_mixin.py:188} INFO - [2025-10-07T22:19:48.386+0000] {dag.py:3096} INFO - Sync 1 DAGs
[2025-10-07T22:19:48.403+0000] {logging_mixin.py:188} INFO - [2025-10-07T22:19:48.403+0000] {dag.py:3954} INFO - Setting next_dagrun for example_task_group to 2025-10-06 00:00:00+00:00, run_after=2025-10-07 00:00:00+00:00
[2025-10-07T22:19:48.421+0000] {processor.py:183} INFO - Processing /home/airflow/.local/lib/python3.12/site-packages/airflow/example_dags/example_task_group.py took 0.098 seconds
[2025-10-07T22:20:18.795+0000] {processor.py:161} INFO - Started process (PID=199) to work on /home/airflow/.local/lib/python3.12/site-packages/airflow/example_dags/example_task_group.py
[2025-10-07T22:20:18.798+0000] {processor.py:830} INFO - Processing file /home/airflow/.local/lib/python3.12/site-packages/airflow/example_dags/example_task_group.py for tasks to queue
[2025-10-07T22:20:18.799+0000] {logging_mixin.py:188} INFO - [2025-10-07T22:20:18.798+0000] {dagbag.py:545} INFO - Filling up the DagBag from /home/airflow/.local/lib/python3.12/site-packages/airflow/example_dags/example_task_group.py
[2025-10-07T22:20:18.802+0000] {processor.py:840} INFO - DAG(s) 'example_task_group' retrieved from /home/airflow/.local/lib/python3.12/site-packages/airflow/example_dags/example_task_group.py
[2025-10-07T22:20:18.819+0000] {logging_mixin.py:188} INFO - [2025-10-07T22:20:18.819+0000] {dag.py:3096} INFO - Sync 1 DAGs
[2025-10-07T22:20:18.831+0000] {logging_mixin.py:188} INFO - [2025-10-07T22:20:18.831+0000] {dag.py:3954} INFO - Setting next_dagrun for example_task_group to 2025-10-06 00:00:00+00:00, run_after=2025-10-07 00:00:00+00:00
[2025-10-07T22:20:18.842+0000] {processor.py:183} INFO - Processing /home/airflow/.local/lib/python3.12/site-packages/airflow/example_dags/example_task_group.py took 0.050 seconds
[2025-10-07T22:20:49.261+0000] {processor.py:161} INFO - Started process (PID=258) to work on /home/airflow/.local/lib/python3.12/site-packages/airflow/example_dags/example_task_group.py
[2025-10-07T22:20:49.263+0000] {processor.py:830} INFO - Processing file /home/airflow/.local/lib/python3.12/site-packages/airflow/example_dags/example_task_group.py for tasks to queue
[2025-10-07T22:20:49.271+0000] {logging_mixin.py:188} INFO - [2025-10-07T22:20:49.271+0000] {dagbag.py:545} INFO - Filling up the DagBag from /home/airflow/.local/lib/python3.12/site-packages/airflow/example_dags/example_task_group.py
[2025-10-07T22:20:49.277+0000] {processor.py:840} INFO - DAG(s) 'example_task_group' retrieved from /home/airflow/.local/lib/python3.12/site-packages/airflow/example_dags/example_task_group.py
[2025-10-07T22:20:49.297+0000] {logging_mixin.py:188} INFO - [2025-10-07T22:20:49.297+0000] {dag.py:3096} INFO - Sync 1 DAGs
[2025-10-07T22:20:49.310+0000] {logging_mixin.py:188} INFO - [2025-10-07T22:20:49.310+0000] {dag.py:3954} INFO - Setting next_dagrun for example_task_group to 2025-10-06 00:00:00+00:00, run_after=2025-10-07 00:00:00+00:00
[2025-10-07T22:20:49.321+0000] {processor.py:183} INFO - Processing /home/airflow/.local/lib/python3.12/site-packages/airflow/example_dags/example_task_group.py took 0.064 seconds
[2025-10-07T22:21:19.367+0000] {processor.py:161} INFO - Started process (PID=317) to work on /home/airflow/.local/lib/python3.12/site-packages/airflow/example_dags/example_task_group.py
[2025-10-07T22:21:19.368+0000] {processor.py:830} INFO - Processing file /home/airflow/.local/lib/python3.12/site-packages/airflow/example_dags/example_task_group.py for tasks to queue
[2025-10-07T22:21:19.369+0000] {logging_mixin.py:188} INFO - [2025-10-07T22:21:19.369+0000] {dagbag.py:545} INFO - Filling up the DagBag from /home/airflow/.local/lib/python3.12/site-packages/airflow/example_dags/example_task_group.py
[2025-10-07T22:21:19.373+0000] {processor.py:840} INFO - DAG(s) 'example_task_group' retrieved from /home/airflow/.local/lib/python3.12/site-packages/airflow/example_dags/example_task_group.py
[2025-10-07T22:21:19.383+0000] {logging_mixin.py:188} INFO - [2025-10-07T22:21:19.383+0000] {dag.py:3096} INFO - Sync 1 DAGs
[2025-10-07T22:21:19.392+0000] {logging_mixin.py:188} INFO - [2025-10-07T22:21:19.392+0000] {dag.py:3954} INFO - Setting next_dagrun for example_task_group to 2025-10-06 00:00:00+00:00, run_after=2025-10-07 00:00:00+00:00
[2025-10-07T22:21:19.400+0000] {processor.py:183} INFO - Processing /home/airflow/.local/lib/python3.12/site-packages/airflow/example_dags/example_task_group.py took 0.035 seconds
[2025-10-07T22:21:49.888+0000] {processor.py:161} INFO - Started process (PID=376) to work on /home/airflow/.local/lib/python3.12/site-packages/airflow/example_dags/example_task_group.py
[2025-10-07T22:21:49.890+0000] {processor.py:830} INFO - Processing file /home/airflow/.local/lib/python3.12/site-packages/airflow/example_dags/example_task_group.py for tasks to queue
[2025-10-07T22:21:49.892+0000] {logging_mixin.py:188} INFO - [2025-10-07T22:21:49.892+0000] {dagbag.py:545} INFO - Filling up the DagBag from /home/airflow/.local/lib/python3.12/site-packages/airflow/example_dags/example_task_group.py
[2025-10-07T22:21:49.897+0000] {processor.py:840} INFO - DAG(s) 'example_task_group' retrieved from /home/airflow/.local/lib/python3.12/site-packages/airflow/example_dags/example_task_group.py
[2025-10-07T22:21:49.909+0000] {logging_mixin.py:188} INFO - [2025-10-07T22:21:49.909+0000] {dag.py:3096} INFO - Sync 1 DAGs
[2025-10-07T22:21:49.920+0000] {logging_mixin.py:188} INFO - [2025-10-07T22:21:49.920+0000] {dag.py:3954} INFO - Setting next_dagrun for example_task_group to 2025-10-06 00:00:00+00:00, run_after=2025-10-07 00:00:00+00:00
[2025-10-07T22:21:49.935+0000] {processor.py:183} INFO - Processing /home/airflow/.local/lib/python3.12/site-packages/airflow/example_dags/example_task_group.py took 0.050 seconds
