[2025-10-07T21:54:24.828+0000] {processor.py:161} INFO - Started process (PID=64) to work on /home/airflow/.local/lib/python3.12/site-packages/airflow/example_dags/example_dag_decorator.py
[2025-10-07T21:54:24.829+0000] {processor.py:830} INFO - Processing file /home/airflow/.local/lib/python3.12/site-packages/airflow/example_dags/example_dag_decorator.py for tasks to queue
[2025-10-07T21:54:24.830+0000] {logging_mixin.py:188} INFO - [2025-10-07T21:54:24.830+0000] {dagbag.py:545} INFO - Filling up the DagBag from /home/airflow/.local/lib/python3.12/site-packages/airflow/example_dags/example_dag_decorator.py
[2025-10-07T21:54:25.082+0000] {processor.py:840} INFO - DAG(s) 'example_dag_decorator' retrieved from /home/airflow/.local/lib/python3.12/site-packages/airflow/example_dags/example_dag_decorator.py
[2025-10-07T21:54:25.096+0000] {logging_mixin.py:188} INFO - [2025-10-07T21:54:25.096+0000] {dag.py:3096} INFO - Sync 1 DAGs
[2025-10-07T21:54:25.106+0000] {logging_mixin.py:188} INFO - [2025-10-07T21:54:25.106+0000] {dag.py:3954} INFO - Setting next_dagrun for example_dag_decorator to None, run_after=None
[2025-10-07T21:54:25.129+0000] {processor.py:183} INFO - Processing /home/airflow/.local/lib/python3.12/site-packages/airflow/example_dags/example_dag_decorator.py took 0.304 seconds
[2025-10-07T21:54:55.957+0000] {processor.py:161} INFO - Started process (PID=123) to work on /home/airflow/.local/lib/python3.12/site-packages/airflow/example_dags/example_dag_decorator.py
[2025-10-07T21:54:55.958+0000] {processor.py:830} INFO - Processing file /home/airflow/.local/lib/python3.12/site-packages/airflow/example_dags/example_dag_decorator.py for tasks to queue
[2025-10-07T21:54:55.960+0000] {logging_mixin.py:188} INFO - [2025-10-07T21:54:55.960+0000] {dagbag.py:545} INFO - Filling up the DagBag from /home/airflow/.local/lib/python3.12/site-packages/airflow/example_dags/example_dag_decorator.py
[2025-10-07T21:54:56.038+0000] {processor.py:840} INFO - DAG(s) 'example_dag_decorator' retrieved from /home/airflow/.local/lib/python3.12/site-packages/airflow/example_dags/example_dag_decorator.py
[2025-10-07T21:54:56.101+0000] {logging_mixin.py:188} INFO - [2025-10-07T21:54:56.101+0000] {dag.py:3096} INFO - Sync 1 DAGs
[2025-10-07T21:54:56.107+0000] {logging_mixin.py:188} INFO - [2025-10-07T21:54:56.107+0000] {dag.py:3954} INFO - Setting next_dagrun for example_dag_decorator to None, run_after=None
[2025-10-07T21:54:56.120+0000] {processor.py:183} INFO - Processing /home/airflow/.local/lib/python3.12/site-packages/airflow/example_dags/example_dag_decorator.py took 0.166 seconds
[2025-10-07T21:55:26.504+0000] {processor.py:161} INFO - Started process (PID=182) to work on /home/airflow/.local/lib/python3.12/site-packages/airflow/example_dags/example_dag_decorator.py
[2025-10-07T21:55:26.504+0000] {processor.py:830} INFO - Processing file /home/airflow/.local/lib/python3.12/site-packages/airflow/example_dags/example_dag_decorator.py for tasks to queue
[2025-10-07T21:55:26.505+0000] {logging_mixin.py:188} INFO - [2025-10-07T21:55:26.505+0000] {dagbag.py:545} INFO - Filling up the DagBag from /home/airflow/.local/lib/python3.12/site-packages/airflow/example_dags/example_dag_decorator.py
[2025-10-07T21:55:26.576+0000] {processor.py:840} INFO - DAG(s) 'example_dag_decorator' retrieved from /home/airflow/.local/lib/python3.12/site-packages/airflow/example_dags/example_dag_decorator.py
[2025-10-07T21:55:26.623+0000] {logging_mixin.py:188} INFO - [2025-10-07T21:55:26.623+0000] {dag.py:3096} INFO - Sync 1 DAGs
[2025-10-07T21:55:26.628+0000] {logging_mixin.py:188} INFO - [2025-10-07T21:55:26.628+0000] {dag.py:3954} INFO - Setting next_dagrun for example_dag_decorator to None, run_after=None
[2025-10-07T21:55:26.640+0000] {processor.py:183} INFO - Processing /home/airflow/.local/lib/python3.12/site-packages/airflow/example_dags/example_dag_decorator.py took 0.139 seconds
[2025-10-07T21:55:56.705+0000] {processor.py:161} INFO - Started process (PID=241) to work on /home/airflow/.local/lib/python3.12/site-packages/airflow/example_dags/example_dag_decorator.py
[2025-10-07T21:55:56.707+0000] {processor.py:830} INFO - Processing file /home/airflow/.local/lib/python3.12/site-packages/airflow/example_dags/example_dag_decorator.py for tasks to queue
[2025-10-07T21:55:56.708+0000] {logging_mixin.py:188} INFO - [2025-10-07T21:55:56.708+0000] {dagbag.py:545} INFO - Filling up the DagBag from /home/airflow/.local/lib/python3.12/site-packages/airflow/example_dags/example_dag_decorator.py
[2025-10-07T21:55:56.779+0000] {processor.py:840} INFO - DAG(s) 'example_dag_decorator' retrieved from /home/airflow/.local/lib/python3.12/site-packages/airflow/example_dags/example_dag_decorator.py
[2025-10-07T21:55:56.842+0000] {logging_mixin.py:188} INFO - [2025-10-07T21:55:56.842+0000] {dag.py:3096} INFO - Sync 1 DAGs
[2025-10-07T21:55:56.849+0000] {logging_mixin.py:188} INFO - [2025-10-07T21:55:56.848+0000] {dag.py:3954} INFO - Setting next_dagrun for example_dag_decorator to None, run_after=None
[2025-10-07T21:55:56.860+0000] {processor.py:183} INFO - Processing /home/airflow/.local/lib/python3.12/site-packages/airflow/example_dags/example_dag_decorator.py took 0.158 seconds
[2025-10-07T21:56:26.911+0000] {processor.py:161} INFO - Started process (PID=300) to work on /home/airflow/.local/lib/python3.12/site-packages/airflow/example_dags/example_dag_decorator.py
[2025-10-07T21:56:26.911+0000] {processor.py:830} INFO - Processing file /home/airflow/.local/lib/python3.12/site-packages/airflow/example_dags/example_dag_decorator.py for tasks to queue
[2025-10-07T21:56:26.912+0000] {logging_mixin.py:188} INFO - [2025-10-07T21:56:26.912+0000] {dagbag.py:545} INFO - Filling up the DagBag from /home/airflow/.local/lib/python3.12/site-packages/airflow/example_dags/example_dag_decorator.py
[2025-10-07T21:56:26.962+0000] {processor.py:840} INFO - DAG(s) 'example_dag_decorator' retrieved from /home/airflow/.local/lib/python3.12/site-packages/airflow/example_dags/example_dag_decorator.py
[2025-10-07T21:56:27.012+0000] {logging_mixin.py:188} INFO - [2025-10-07T21:56:27.012+0000] {dag.py:3096} INFO - Sync 1 DAGs
[2025-10-07T21:56:27.018+0000] {logging_mixin.py:188} INFO - [2025-10-07T21:56:27.017+0000] {dag.py:3954} INFO - Setting next_dagrun for example_dag_decorator to None, run_after=None
[2025-10-07T21:56:27.029+0000] {processor.py:183} INFO - Processing /home/airflow/.local/lib/python3.12/site-packages/airflow/example_dags/example_dag_decorator.py took 0.122 seconds
[2025-10-07T21:56:57.745+0000] {processor.py:161} INFO - Started process (PID=359) to work on /home/airflow/.local/lib/python3.12/site-packages/airflow/example_dags/example_dag_decorator.py
[2025-10-07T21:56:57.746+0000] {processor.py:830} INFO - Processing file /home/airflow/.local/lib/python3.12/site-packages/airflow/example_dags/example_dag_decorator.py for tasks to queue
[2025-10-07T21:56:57.747+0000] {logging_mixin.py:188} INFO - [2025-10-07T21:56:57.747+0000] {dagbag.py:545} INFO - Filling up the DagBag from /home/airflow/.local/lib/python3.12/site-packages/airflow/example_dags/example_dag_decorator.py
[2025-10-07T21:56:57.806+0000] {processor.py:840} INFO - DAG(s) 'example_dag_decorator' retrieved from /home/airflow/.local/lib/python3.12/site-packages/airflow/example_dags/example_dag_decorator.py
[2025-10-07T21:56:57.867+0000] {logging_mixin.py:188} INFO - [2025-10-07T21:56:57.867+0000] {dag.py:3096} INFO - Sync 1 DAGs
[2025-10-07T21:56:57.875+0000] {logging_mixin.py:188} INFO - [2025-10-07T21:56:57.874+0000] {dag.py:3954} INFO - Setting next_dagrun for example_dag_decorator to None, run_after=None
[2025-10-07T21:56:57.886+0000] {processor.py:183} INFO - Processing /home/airflow/.local/lib/python3.12/site-packages/airflow/example_dags/example_dag_decorator.py took 0.143 seconds
[2025-10-07T21:57:28.107+0000] {processor.py:161} INFO - Started process (PID=418) to work on /home/airflow/.local/lib/python3.12/site-packages/airflow/example_dags/example_dag_decorator.py
[2025-10-07T21:57:28.109+0000] {processor.py:830} INFO - Processing file /home/airflow/.local/lib/python3.12/site-packages/airflow/example_dags/example_dag_decorator.py for tasks to queue
[2025-10-07T21:57:28.111+0000] {logging_mixin.py:188} INFO - [2025-10-07T21:57:28.110+0000] {dagbag.py:545} INFO - Filling up the DagBag from /home/airflow/.local/lib/python3.12/site-packages/airflow/example_dags/example_dag_decorator.py
[2025-10-07T21:57:28.204+0000] {processor.py:840} INFO - DAG(s) 'example_dag_decorator' retrieved from /home/airflow/.local/lib/python3.12/site-packages/airflow/example_dags/example_dag_decorator.py
[2025-10-07T21:57:28.308+0000] {logging_mixin.py:188} INFO - [2025-10-07T21:57:28.307+0000] {dag.py:3096} INFO - Sync 1 DAGs
[2025-10-07T21:57:28.316+0000] {logging_mixin.py:188} INFO - [2025-10-07T21:57:28.316+0000] {dag.py:3954} INFO - Setting next_dagrun for example_dag_decorator to None, run_after=None
[2025-10-07T21:57:28.334+0000] {processor.py:183} INFO - Processing /home/airflow/.local/lib/python3.12/site-packages/airflow/example_dags/example_dag_decorator.py took 0.232 seconds
[2025-10-07T21:58:26.721+0000] {processor.py:161} INFO - Started process (PID=477) to work on /home/airflow/.local/lib/python3.12/site-packages/airflow/example_dags/example_dag_decorator.py
[2025-10-07T21:58:26.722+0000] {processor.py:830} INFO - Processing file /home/airflow/.local/lib/python3.12/site-packages/airflow/example_dags/example_dag_decorator.py for tasks to queue
[2025-10-07T21:58:26.723+0000] {logging_mixin.py:188} INFO - [2025-10-07T21:58:26.723+0000] {dagbag.py:545} INFO - Filling up the DagBag from /home/airflow/.local/lib/python3.12/site-packages/airflow/example_dags/example_dag_decorator.py
[2025-10-07T21:58:26.775+0000] {processor.py:840} INFO - DAG(s) 'example_dag_decorator' retrieved from /home/airflow/.local/lib/python3.12/site-packages/airflow/example_dags/example_dag_decorator.py
[2025-10-07T21:58:26.831+0000] {logging_mixin.py:188} INFO - [2025-10-07T21:58:26.831+0000] {dag.py:3096} INFO - Sync 1 DAGs
[2025-10-07T21:58:26.836+0000] {logging_mixin.py:188} INFO - [2025-10-07T21:58:26.836+0000] {dag.py:3954} INFO - Setting next_dagrun for example_dag_decorator to None, run_after=None
[2025-10-07T21:58:26.850+0000] {processor.py:183} INFO - Processing /home/airflow/.local/lib/python3.12/site-packages/airflow/example_dags/example_dag_decorator.py took 0.132 seconds
[2025-10-07T21:59:32.865+0000] {processor.py:161} INFO - Started process (PID=536) to work on /home/airflow/.local/lib/python3.12/site-packages/airflow/example_dags/example_dag_decorator.py
[2025-10-07T21:59:32.867+0000] {processor.py:830} INFO - Processing file /home/airflow/.local/lib/python3.12/site-packages/airflow/example_dags/example_dag_decorator.py for tasks to queue
[2025-10-07T21:59:32.870+0000] {logging_mixin.py:188} INFO - [2025-10-07T21:59:32.869+0000] {dagbag.py:545} INFO - Filling up the DagBag from /home/airflow/.local/lib/python3.12/site-packages/airflow/example_dags/example_dag_decorator.py
[2025-10-07T21:59:33.058+0000] {processor.py:840} INFO - DAG(s) 'example_dag_decorator' retrieved from /home/airflow/.local/lib/python3.12/site-packages/airflow/example_dags/example_dag_decorator.py
[2025-10-07T21:59:33.260+0000] {logging_mixin.py:188} INFO - [2025-10-07T21:59:33.260+0000] {dag.py:3096} INFO - Sync 1 DAGs
[2025-10-07T21:59:33.275+0000] {logging_mixin.py:188} INFO - [2025-10-07T21:59:33.275+0000] {dag.py:3954} INFO - Setting next_dagrun for example_dag_decorator to None, run_after=None
[2025-10-07T21:59:33.327+0000] {processor.py:183} INFO - Processing /home/airflow/.local/lib/python3.12/site-packages/airflow/example_dags/example_dag_decorator.py took 0.474 seconds
[2025-10-07T22:01:52.220+0000] {processor.py:161} INFO - Started process (PID=595) to work on /home/airflow/.local/lib/python3.12/site-packages/airflow/example_dags/example_dag_decorator.py
[2025-10-07T22:01:52.221+0000] {processor.py:830} INFO - Processing file /home/airflow/.local/lib/python3.12/site-packages/airflow/example_dags/example_dag_decorator.py for tasks to queue
[2025-10-07T22:01:52.225+0000] {logging_mixin.py:188} INFO - [2025-10-07T22:01:52.225+0000] {dagbag.py:545} INFO - Filling up the DagBag from /home/airflow/.local/lib/python3.12/site-packages/airflow/example_dags/example_dag_decorator.py
[2025-10-07T22:01:52.293+0000] {processor.py:840} INFO - DAG(s) 'example_dag_decorator' retrieved from /home/airflow/.local/lib/python3.12/site-packages/airflow/example_dags/example_dag_decorator.py
[2025-10-07T22:01:52.362+0000] {logging_mixin.py:188} INFO - [2025-10-07T22:01:52.362+0000] {dag.py:3096} INFO - Sync 1 DAGs
[2025-10-07T22:01:52.370+0000] {logging_mixin.py:188} INFO - [2025-10-07T22:01:52.370+0000] {dag.py:3954} INFO - Setting next_dagrun for example_dag_decorator to None, run_after=None
[2025-10-07T22:01:52.383+0000] {processor.py:183} INFO - Processing /home/airflow/.local/lib/python3.12/site-packages/airflow/example_dags/example_dag_decorator.py took 0.166 seconds
[2025-10-07T22:04:55.533+0000] {processor.py:161} INFO - Started process (PID=654) to work on /home/airflow/.local/lib/python3.12/site-packages/airflow/example_dags/example_dag_decorator.py
[2025-10-07T22:04:55.533+0000] {processor.py:830} INFO - Processing file /home/airflow/.local/lib/python3.12/site-packages/airflow/example_dags/example_dag_decorator.py for tasks to queue
[2025-10-07T22:04:55.535+0000] {logging_mixin.py:188} INFO - [2025-10-07T22:04:55.534+0000] {dagbag.py:545} INFO - Filling up the DagBag from /home/airflow/.local/lib/python3.12/site-packages/airflow/example_dags/example_dag_decorator.py
[2025-10-07T22:04:55.600+0000] {processor.py:840} INFO - DAG(s) 'example_dag_decorator' retrieved from /home/airflow/.local/lib/python3.12/site-packages/airflow/example_dags/example_dag_decorator.py
[2025-10-07T22:04:55.684+0000] {logging_mixin.py:188} INFO - [2025-10-07T22:04:55.683+0000] {dag.py:3096} INFO - Sync 1 DAGs
[2025-10-07T22:04:55.691+0000] {logging_mixin.py:188} INFO - [2025-10-07T22:04:55.691+0000] {dag.py:3954} INFO - Setting next_dagrun for example_dag_decorator to None, run_after=None
[2025-10-07T22:04:55.713+0000] {processor.py:183} INFO - Processing /home/airflow/.local/lib/python3.12/site-packages/airflow/example_dags/example_dag_decorator.py took 0.183 seconds
[2025-10-07T22:05:25.806+0000] {processor.py:161} INFO - Started process (PID=714) to work on /home/airflow/.local/lib/python3.12/site-packages/airflow/example_dags/example_dag_decorator.py
[2025-10-07T22:05:25.806+0000] {processor.py:830} INFO - Processing file /home/airflow/.local/lib/python3.12/site-packages/airflow/example_dags/example_dag_decorator.py for tasks to queue
[2025-10-07T22:05:25.810+0000] {logging_mixin.py:188} INFO - [2025-10-07T22:05:25.810+0000] {dagbag.py:545} INFO - Filling up the DagBag from /home/airflow/.local/lib/python3.12/site-packages/airflow/example_dags/example_dag_decorator.py
[2025-10-07T22:05:25.868+0000] {processor.py:840} INFO - DAG(s) 'example_dag_decorator' retrieved from /home/airflow/.local/lib/python3.12/site-packages/airflow/example_dags/example_dag_decorator.py
[2025-10-07T22:05:25.922+0000] {logging_mixin.py:188} INFO - [2025-10-07T22:05:25.922+0000] {dag.py:3096} INFO - Sync 1 DAGs
[2025-10-07T22:05:25.928+0000] {logging_mixin.py:188} INFO - [2025-10-07T22:05:25.928+0000] {dag.py:3954} INFO - Setting next_dagrun for example_dag_decorator to None, run_after=None
[2025-10-07T22:05:25.941+0000] {processor.py:183} INFO - Processing /home/airflow/.local/lib/python3.12/site-packages/airflow/example_dags/example_dag_decorator.py took 0.138 seconds
[2025-10-07T22:05:56.007+0000] {processor.py:161} INFO - Started process (PID=775) to work on /home/airflow/.local/lib/python3.12/site-packages/airflow/example_dags/example_dag_decorator.py
[2025-10-07T22:05:56.007+0000] {processor.py:830} INFO - Processing file /home/airflow/.local/lib/python3.12/site-packages/airflow/example_dags/example_dag_decorator.py for tasks to queue
[2025-10-07T22:05:56.008+0000] {logging_mixin.py:188} INFO - [2025-10-07T22:05:56.008+0000] {dagbag.py:545} INFO - Filling up the DagBag from /home/airflow/.local/lib/python3.12/site-packages/airflow/example_dags/example_dag_decorator.py
[2025-10-07T22:05:56.068+0000] {processor.py:840} INFO - DAG(s) 'example_dag_decorator' retrieved from /home/airflow/.local/lib/python3.12/site-packages/airflow/example_dags/example_dag_decorator.py
[2025-10-07T22:05:56.128+0000] {logging_mixin.py:188} INFO - [2025-10-07T22:05:56.128+0000] {dag.py:3096} INFO - Sync 1 DAGs
[2025-10-07T22:05:56.138+0000] {logging_mixin.py:188} INFO - [2025-10-07T22:05:56.138+0000] {dag.py:3954} INFO - Setting next_dagrun for example_dag_decorator to None, run_after=None
[2025-10-07T22:05:56.153+0000] {processor.py:183} INFO - Processing /home/airflow/.local/lib/python3.12/site-packages/airflow/example_dags/example_dag_decorator.py took 0.149 seconds
[2025-10-07T22:06:26.172+0000] {processor.py:161} INFO - Started process (PID=835) to work on /home/airflow/.local/lib/python3.12/site-packages/airflow/example_dags/example_dag_decorator.py
[2025-10-07T22:06:26.173+0000] {processor.py:830} INFO - Processing file /home/airflow/.local/lib/python3.12/site-packages/airflow/example_dags/example_dag_decorator.py for tasks to queue
[2025-10-07T22:06:26.174+0000] {logging_mixin.py:188} INFO - [2025-10-07T22:06:26.174+0000] {dagbag.py:545} INFO - Filling up the DagBag from /home/airflow/.local/lib/python3.12/site-packages/airflow/example_dags/example_dag_decorator.py
[2025-10-07T22:06:26.223+0000] {processor.py:840} INFO - DAG(s) 'example_dag_decorator' retrieved from /home/airflow/.local/lib/python3.12/site-packages/airflow/example_dags/example_dag_decorator.py
[2025-10-07T22:06:26.275+0000] {logging_mixin.py:188} INFO - [2025-10-07T22:06:26.275+0000] {dag.py:3096} INFO - Sync 1 DAGs
[2025-10-07T22:06:26.280+0000] {logging_mixin.py:188} INFO - [2025-10-07T22:06:26.280+0000] {dag.py:3954} INFO - Setting next_dagrun for example_dag_decorator to None, run_after=None
[2025-10-07T22:06:26.294+0000] {processor.py:183} INFO - Processing /home/airflow/.local/lib/python3.12/site-packages/airflow/example_dags/example_dag_decorator.py took 0.125 seconds
[2025-10-07T22:06:56.324+0000] {processor.py:161} INFO - Started process (PID=896) to work on /home/airflow/.local/lib/python3.12/site-packages/airflow/example_dags/example_dag_decorator.py
[2025-10-07T22:06:56.324+0000] {processor.py:830} INFO - Processing file /home/airflow/.local/lib/python3.12/site-packages/airflow/example_dags/example_dag_decorator.py for tasks to queue
[2025-10-07T22:06:56.328+0000] {logging_mixin.py:188} INFO - [2025-10-07T22:06:56.328+0000] {dagbag.py:545} INFO - Filling up the DagBag from /home/airflow/.local/lib/python3.12/site-packages/airflow/example_dags/example_dag_decorator.py
[2025-10-07T22:06:56.375+0000] {processor.py:840} INFO - DAG(s) 'example_dag_decorator' retrieved from /home/airflow/.local/lib/python3.12/site-packages/airflow/example_dags/example_dag_decorator.py
[2025-10-07T22:06:56.421+0000] {logging_mixin.py:188} INFO - [2025-10-07T22:06:56.421+0000] {dag.py:3096} INFO - Sync 1 DAGs
[2025-10-07T22:06:56.428+0000] {logging_mixin.py:188} INFO - [2025-10-07T22:06:56.428+0000] {dag.py:3954} INFO - Setting next_dagrun for example_dag_decorator to None, run_after=None
[2025-10-07T22:06:56.439+0000] {processor.py:183} INFO - Processing /home/airflow/.local/lib/python3.12/site-packages/airflow/example_dags/example_dag_decorator.py took 0.118 seconds
[2025-10-07T22:07:26.473+0000] {processor.py:161} INFO - Started process (PID=955) to work on /home/airflow/.local/lib/python3.12/site-packages/airflow/example_dags/example_dag_decorator.py
[2025-10-07T22:07:26.473+0000] {processor.py:830} INFO - Processing file /home/airflow/.local/lib/python3.12/site-packages/airflow/example_dags/example_dag_decorator.py for tasks to queue
[2025-10-07T22:07:26.477+0000] {logging_mixin.py:188} INFO - [2025-10-07T22:07:26.477+0000] {dagbag.py:545} INFO - Filling up the DagBag from /home/airflow/.local/lib/python3.12/site-packages/airflow/example_dags/example_dag_decorator.py
[2025-10-07T22:07:26.535+0000] {processor.py:840} INFO - DAG(s) 'example_dag_decorator' retrieved from /home/airflow/.local/lib/python3.12/site-packages/airflow/example_dags/example_dag_decorator.py
[2025-10-07T22:07:26.582+0000] {logging_mixin.py:188} INFO - [2025-10-07T22:07:26.582+0000] {dag.py:3096} INFO - Sync 1 DAGs
[2025-10-07T22:07:26.587+0000] {logging_mixin.py:188} INFO - [2025-10-07T22:07:26.587+0000] {dag.py:3954} INFO - Setting next_dagrun for example_dag_decorator to None, run_after=None
[2025-10-07T22:07:26.600+0000] {processor.py:183} INFO - Processing /home/airflow/.local/lib/python3.12/site-packages/airflow/example_dags/example_dag_decorator.py took 0.130 seconds
[2025-10-07T22:07:56.622+0000] {processor.py:161} INFO - Started process (PID=1014) to work on /home/airflow/.local/lib/python3.12/site-packages/airflow/example_dags/example_dag_decorator.py
[2025-10-07T22:07:56.623+0000] {processor.py:830} INFO - Processing file /home/airflow/.local/lib/python3.12/site-packages/airflow/example_dags/example_dag_decorator.py for tasks to queue
[2025-10-07T22:07:56.624+0000] {logging_mixin.py:188} INFO - [2025-10-07T22:07:56.624+0000] {dagbag.py:545} INFO - Filling up the DagBag from /home/airflow/.local/lib/python3.12/site-packages/airflow/example_dags/example_dag_decorator.py
[2025-10-07T22:07:56.671+0000] {processor.py:840} INFO - DAG(s) 'example_dag_decorator' retrieved from /home/airflow/.local/lib/python3.12/site-packages/airflow/example_dags/example_dag_decorator.py
[2025-10-07T22:07:56.815+0000] {logging_mixin.py:188} INFO - [2025-10-07T22:07:56.815+0000] {dag.py:3096} INFO - Sync 1 DAGs
[2025-10-07T22:07:56.819+0000] {logging_mixin.py:188} INFO - [2025-10-07T22:07:56.819+0000] {dag.py:3954} INFO - Setting next_dagrun for example_dag_decorator to None, run_after=None
[2025-10-07T22:07:56.836+0000] {processor.py:183} INFO - Processing /home/airflow/.local/lib/python3.12/site-packages/airflow/example_dags/example_dag_decorator.py took 0.218 seconds
[2025-10-07T22:08:26.858+0000] {processor.py:161} INFO - Started process (PID=1076) to work on /home/airflow/.local/lib/python3.12/site-packages/airflow/example_dags/example_dag_decorator.py
[2025-10-07T22:08:26.861+0000] {processor.py:830} INFO - Processing file /home/airflow/.local/lib/python3.12/site-packages/airflow/example_dags/example_dag_decorator.py for tasks to queue
[2025-10-07T22:08:26.862+0000] {logging_mixin.py:188} INFO - [2025-10-07T22:08:26.862+0000] {dagbag.py:545} INFO - Filling up the DagBag from /home/airflow/.local/lib/python3.12/site-packages/airflow/example_dags/example_dag_decorator.py
[2025-10-07T22:08:26.915+0000] {processor.py:840} INFO - DAG(s) 'example_dag_decorator' retrieved from /home/airflow/.local/lib/python3.12/site-packages/airflow/example_dags/example_dag_decorator.py
[2025-10-07T22:08:27.055+0000] {logging_mixin.py:188} INFO - [2025-10-07T22:08:27.055+0000] {dag.py:3096} INFO - Sync 1 DAGs
[2025-10-07T22:08:27.060+0000] {logging_mixin.py:188} INFO - [2025-10-07T22:08:27.060+0000] {dag.py:3954} INFO - Setting next_dagrun for example_dag_decorator to None, run_after=None
[2025-10-07T22:08:27.077+0000] {processor.py:183} INFO - Processing /home/airflow/.local/lib/python3.12/site-packages/airflow/example_dags/example_dag_decorator.py took 0.222 seconds
[2025-10-07T22:08:57.092+0000] {processor.py:161} INFO - Started process (PID=1138) to work on /home/airflow/.local/lib/python3.12/site-packages/airflow/example_dags/example_dag_decorator.py
[2025-10-07T22:08:57.093+0000] {processor.py:830} INFO - Processing file /home/airflow/.local/lib/python3.12/site-packages/airflow/example_dags/example_dag_decorator.py for tasks to queue
[2025-10-07T22:08:57.093+0000] {logging_mixin.py:188} INFO - [2025-10-07T22:08:57.093+0000] {dagbag.py:545} INFO - Filling up the DagBag from /home/airflow/.local/lib/python3.12/site-packages/airflow/example_dags/example_dag_decorator.py
[2025-10-07T22:08:57.138+0000] {processor.py:840} INFO - DAG(s) 'example_dag_decorator' retrieved from /home/airflow/.local/lib/python3.12/site-packages/airflow/example_dags/example_dag_decorator.py
[2025-10-07T22:08:57.282+0000] {logging_mixin.py:188} INFO - [2025-10-07T22:08:57.282+0000] {dag.py:3096} INFO - Sync 1 DAGs
[2025-10-07T22:08:57.286+0000] {logging_mixin.py:188} INFO - [2025-10-07T22:08:57.286+0000] {dag.py:3954} INFO - Setting next_dagrun for example_dag_decorator to None, run_after=None
[2025-10-07T22:08:57.294+0000] {processor.py:183} INFO - Processing /home/airflow/.local/lib/python3.12/site-packages/airflow/example_dags/example_dag_decorator.py took 0.205 seconds
[2025-10-07T22:09:27.314+0000] {processor.py:161} INFO - Started process (PID=1197) to work on /home/airflow/.local/lib/python3.12/site-packages/airflow/example_dags/example_dag_decorator.py
[2025-10-07T22:09:27.314+0000] {processor.py:830} INFO - Processing file /home/airflow/.local/lib/python3.12/site-packages/airflow/example_dags/example_dag_decorator.py for tasks to queue
[2025-10-07T22:09:27.315+0000] {logging_mixin.py:188} INFO - [2025-10-07T22:09:27.315+0000] {dagbag.py:545} INFO - Filling up the DagBag from /home/airflow/.local/lib/python3.12/site-packages/airflow/example_dags/example_dag_decorator.py
[2025-10-07T22:09:27.359+0000] {processor.py:840} INFO - DAG(s) 'example_dag_decorator' retrieved from /home/airflow/.local/lib/python3.12/site-packages/airflow/example_dags/example_dag_decorator.py
[2025-10-07T22:09:27.479+0000] {logging_mixin.py:188} INFO - [2025-10-07T22:09:27.479+0000] {dag.py:3096} INFO - Sync 1 DAGs
[2025-10-07T22:09:27.483+0000] {logging_mixin.py:188} INFO - [2025-10-07T22:09:27.483+0000] {dag.py:3954} INFO - Setting next_dagrun for example_dag_decorator to None, run_after=None
[2025-10-07T22:09:27.490+0000] {processor.py:183} INFO - Processing /home/airflow/.local/lib/python3.12/site-packages/airflow/example_dags/example_dag_decorator.py took 0.179 seconds
[2025-10-07T22:09:58.488+0000] {processor.py:161} INFO - Started process (PID=1256) to work on /home/airflow/.local/lib/python3.12/site-packages/airflow/example_dags/example_dag_decorator.py
[2025-10-07T22:09:58.491+0000] {processor.py:830} INFO - Processing file /home/airflow/.local/lib/python3.12/site-packages/airflow/example_dags/example_dag_decorator.py for tasks to queue
[2025-10-07T22:09:58.495+0000] {logging_mixin.py:188} INFO - [2025-10-07T22:09:58.494+0000] {dagbag.py:545} INFO - Filling up the DagBag from /home/airflow/.local/lib/python3.12/site-packages/airflow/example_dags/example_dag_decorator.py
[2025-10-07T22:09:58.552+0000] {processor.py:840} INFO - DAG(s) 'example_dag_decorator' retrieved from /home/airflow/.local/lib/python3.12/site-packages/airflow/example_dags/example_dag_decorator.py
[2025-10-07T22:09:58.698+0000] {logging_mixin.py:188} INFO - [2025-10-07T22:09:58.698+0000] {dag.py:3096} INFO - Sync 1 DAGs
[2025-10-07T22:09:58.703+0000] {logging_mixin.py:188} INFO - [2025-10-07T22:09:58.703+0000] {dag.py:3954} INFO - Setting next_dagrun for example_dag_decorator to None, run_after=None
[2025-10-07T22:09:58.711+0000] {processor.py:183} INFO - Processing /home/airflow/.local/lib/python3.12/site-packages/airflow/example_dags/example_dag_decorator.py took 0.231 seconds
[2025-10-07T22:10:28.733+0000] {processor.py:161} INFO - Started process (PID=1318) to work on /home/airflow/.local/lib/python3.12/site-packages/airflow/example_dags/example_dag_decorator.py
[2025-10-07T22:10:28.734+0000] {processor.py:830} INFO - Processing file /home/airflow/.local/lib/python3.12/site-packages/airflow/example_dags/example_dag_decorator.py for tasks to queue
[2025-10-07T22:10:28.735+0000] {logging_mixin.py:188} INFO - [2025-10-07T22:10:28.735+0000] {dagbag.py:545} INFO - Filling up the DagBag from /home/airflow/.local/lib/python3.12/site-packages/airflow/example_dags/example_dag_decorator.py
[2025-10-07T22:10:28.784+0000] {processor.py:840} INFO - DAG(s) 'example_dag_decorator' retrieved from /home/airflow/.local/lib/python3.12/site-packages/airflow/example_dags/example_dag_decorator.py
[2025-10-07T22:10:28.938+0000] {logging_mixin.py:188} INFO - [2025-10-07T22:10:28.938+0000] {dag.py:3096} INFO - Sync 1 DAGs
[2025-10-07T22:10:28.943+0000] {logging_mixin.py:188} INFO - [2025-10-07T22:10:28.943+0000] {dag.py:3954} INFO - Setting next_dagrun for example_dag_decorator to None, run_after=None
[2025-10-07T22:10:28.955+0000] {processor.py:183} INFO - Processing /home/airflow/.local/lib/python3.12/site-packages/airflow/example_dags/example_dag_decorator.py took 0.224 seconds
[2025-10-07T22:10:59.004+0000] {processor.py:161} INFO - Started process (PID=1379) to work on /home/airflow/.local/lib/python3.12/site-packages/airflow/example_dags/example_dag_decorator.py
[2025-10-07T22:10:59.004+0000] {processor.py:830} INFO - Processing file /home/airflow/.local/lib/python3.12/site-packages/airflow/example_dags/example_dag_decorator.py for tasks to queue
[2025-10-07T22:10:59.005+0000] {logging_mixin.py:188} INFO - [2025-10-07T22:10:59.005+0000] {dagbag.py:545} INFO - Filling up the DagBag from /home/airflow/.local/lib/python3.12/site-packages/airflow/example_dags/example_dag_decorator.py
[2025-10-07T22:10:59.053+0000] {processor.py:840} INFO - DAG(s) 'example_dag_decorator' retrieved from /home/airflow/.local/lib/python3.12/site-packages/airflow/example_dags/example_dag_decorator.py
[2025-10-07T22:10:59.180+0000] {logging_mixin.py:188} INFO - [2025-10-07T22:10:59.180+0000] {dag.py:3096} INFO - Sync 1 DAGs
[2025-10-07T22:10:59.184+0000] {logging_mixin.py:188} INFO - [2025-10-07T22:10:59.184+0000] {dag.py:3954} INFO - Setting next_dagrun for example_dag_decorator to None, run_after=None
[2025-10-07T22:10:59.191+0000] {processor.py:183} INFO - Processing /home/airflow/.local/lib/python3.12/site-packages/airflow/example_dags/example_dag_decorator.py took 0.191 seconds
[2025-10-07T22:11:30.134+0000] {processor.py:161} INFO - Started process (PID=1438) to work on /home/airflow/.local/lib/python3.12/site-packages/airflow/example_dags/example_dag_decorator.py
[2025-10-07T22:11:30.136+0000] {processor.py:830} INFO - Processing file /home/airflow/.local/lib/python3.12/site-packages/airflow/example_dags/example_dag_decorator.py for tasks to queue
[2025-10-07T22:11:30.137+0000] {logging_mixin.py:188} INFO - [2025-10-07T22:11:30.137+0000] {dagbag.py:545} INFO - Filling up the DagBag from /home/airflow/.local/lib/python3.12/site-packages/airflow/example_dags/example_dag_decorator.py
[2025-10-07T22:11:30.194+0000] {processor.py:840} INFO - DAG(s) 'example_dag_decorator' retrieved from /home/airflow/.local/lib/python3.12/site-packages/airflow/example_dags/example_dag_decorator.py
[2025-10-07T22:11:30.336+0000] {logging_mixin.py:188} INFO - [2025-10-07T22:11:30.336+0000] {dag.py:3096} INFO - Sync 1 DAGs
[2025-10-07T22:11:30.340+0000] {logging_mixin.py:188} INFO - [2025-10-07T22:11:30.340+0000] {dag.py:3954} INFO - Setting next_dagrun for example_dag_decorator to None, run_after=None
[2025-10-07T22:11:30.353+0000] {processor.py:183} INFO - Processing /home/airflow/.local/lib/python3.12/site-packages/airflow/example_dags/example_dag_decorator.py took 0.227 seconds
[2025-10-07T22:12:00.405+0000] {processor.py:161} INFO - Started process (PID=1501) to work on /home/airflow/.local/lib/python3.12/site-packages/airflow/example_dags/example_dag_decorator.py
[2025-10-07T22:12:00.405+0000] {processor.py:830} INFO - Processing file /home/airflow/.local/lib/python3.12/site-packages/airflow/example_dags/example_dag_decorator.py for tasks to queue
[2025-10-07T22:12:00.406+0000] {logging_mixin.py:188} INFO - [2025-10-07T22:12:00.406+0000] {dagbag.py:545} INFO - Filling up the DagBag from /home/airflow/.local/lib/python3.12/site-packages/airflow/example_dags/example_dag_decorator.py
[2025-10-07T22:12:00.448+0000] {processor.py:840} INFO - DAG(s) 'example_dag_decorator' retrieved from /home/airflow/.local/lib/python3.12/site-packages/airflow/example_dags/example_dag_decorator.py
[2025-10-07T22:12:00.586+0000] {logging_mixin.py:188} INFO - [2025-10-07T22:12:00.586+0000] {dag.py:3096} INFO - Sync 1 DAGs
[2025-10-07T22:12:00.590+0000] {logging_mixin.py:188} INFO - [2025-10-07T22:12:00.590+0000] {dag.py:3954} INFO - Setting next_dagrun for example_dag_decorator to None, run_after=None
[2025-10-07T22:12:00.598+0000] {processor.py:183} INFO - Processing /home/airflow/.local/lib/python3.12/site-packages/airflow/example_dags/example_dag_decorator.py took 0.197 seconds
[2025-10-07T22:12:31.572+0000] {processor.py:161} INFO - Started process (PID=1560) to work on /home/airflow/.local/lib/python3.12/site-packages/airflow/example_dags/example_dag_decorator.py
[2025-10-07T22:12:31.574+0000] {processor.py:830} INFO - Processing file /home/airflow/.local/lib/python3.12/site-packages/airflow/example_dags/example_dag_decorator.py for tasks to queue
[2025-10-07T22:12:31.576+0000] {logging_mixin.py:188} INFO - [2025-10-07T22:12:31.575+0000] {dagbag.py:545} INFO - Filling up the DagBag from /home/airflow/.local/lib/python3.12/site-packages/airflow/example_dags/example_dag_decorator.py
[2025-10-07T22:12:31.633+0000] {processor.py:840} INFO - DAG(s) 'example_dag_decorator' retrieved from /home/airflow/.local/lib/python3.12/site-packages/airflow/example_dags/example_dag_decorator.py
[2025-10-07T22:12:31.772+0000] {logging_mixin.py:188} INFO - [2025-10-07T22:12:31.772+0000] {dag.py:3096} INFO - Sync 1 DAGs
[2025-10-07T22:12:31.779+0000] {logging_mixin.py:188} INFO - [2025-10-07T22:12:31.779+0000] {dag.py:3954} INFO - Setting next_dagrun for example_dag_decorator to None, run_after=None
[2025-10-07T22:12:31.791+0000] {processor.py:183} INFO - Processing /home/airflow/.local/lib/python3.12/site-packages/airflow/example_dags/example_dag_decorator.py took 0.226 seconds
[2025-10-07T22:13:01.903+0000] {processor.py:161} INFO - Started process (PID=1622) to work on /home/airflow/.local/lib/python3.12/site-packages/airflow/example_dags/example_dag_decorator.py
[2025-10-07T22:13:01.904+0000] {processor.py:830} INFO - Processing file /home/airflow/.local/lib/python3.12/site-packages/airflow/example_dags/example_dag_decorator.py for tasks to queue
[2025-10-07T22:13:01.905+0000] {logging_mixin.py:188} INFO - [2025-10-07T22:13:01.905+0000] {dagbag.py:545} INFO - Filling up the DagBag from /home/airflow/.local/lib/python3.12/site-packages/airflow/example_dags/example_dag_decorator.py
[2025-10-07T22:13:01.977+0000] {processor.py:840} INFO - DAG(s) 'example_dag_decorator' retrieved from /home/airflow/.local/lib/python3.12/site-packages/airflow/example_dags/example_dag_decorator.py
[2025-10-07T22:13:02.161+0000] {logging_mixin.py:188} INFO - [2025-10-07T22:13:02.160+0000] {dag.py:3096} INFO - Sync 1 DAGs
[2025-10-07T22:13:02.166+0000] {logging_mixin.py:188} INFO - [2025-10-07T22:13:02.166+0000] {dag.py:3954} INFO - Setting next_dagrun for example_dag_decorator to None, run_after=None
[2025-10-07T22:13:02.179+0000] {processor.py:183} INFO - Processing /home/airflow/.local/lib/python3.12/site-packages/airflow/example_dags/example_dag_decorator.py took 0.279 seconds
[2025-10-07T22:13:32.194+0000] {processor.py:161} INFO - Started process (PID=1686) to work on /home/airflow/.local/lib/python3.12/site-packages/airflow/example_dags/example_dag_decorator.py
[2025-10-07T22:13:32.195+0000] {processor.py:830} INFO - Processing file /home/airflow/.local/lib/python3.12/site-packages/airflow/example_dags/example_dag_decorator.py for tasks to queue
[2025-10-07T22:13:32.195+0000] {logging_mixin.py:188} INFO - [2025-10-07T22:13:32.195+0000] {dagbag.py:545} INFO - Filling up the DagBag from /home/airflow/.local/lib/python3.12/site-packages/airflow/example_dags/example_dag_decorator.py
[2025-10-07T22:13:32.336+0000] {processor.py:840} INFO - DAG(s) 'example_dag_decorator' retrieved from /home/airflow/.local/lib/python3.12/site-packages/airflow/example_dags/example_dag_decorator.py
[2025-10-07T22:13:32.375+0000] {logging_mixin.py:188} INFO - [2025-10-07T22:13:32.375+0000] {dag.py:3096} INFO - Sync 1 DAGs
[2025-10-07T22:13:32.379+0000] {logging_mixin.py:188} INFO - [2025-10-07T22:13:32.379+0000] {dag.py:3954} INFO - Setting next_dagrun for example_dag_decorator to None, run_after=None
[2025-10-07T22:13:32.386+0000] {processor.py:183} INFO - Processing /home/airflow/.local/lib/python3.12/site-packages/airflow/example_dags/example_dag_decorator.py took 0.194 seconds
[2025-10-07T22:14:03.404+0000] {processor.py:161} INFO - Started process (PID=1745) to work on /home/airflow/.local/lib/python3.12/site-packages/airflow/example_dags/example_dag_decorator.py
[2025-10-07T22:14:03.406+0000] {processor.py:830} INFO - Processing file /home/airflow/.local/lib/python3.12/site-packages/airflow/example_dags/example_dag_decorator.py for tasks to queue
[2025-10-07T22:14:03.407+0000] {logging_mixin.py:188} INFO - [2025-10-07T22:14:03.407+0000] {dagbag.py:545} INFO - Filling up the DagBag from /home/airflow/.local/lib/python3.12/site-packages/airflow/example_dags/example_dag_decorator.py
[2025-10-07T22:14:03.543+0000] {processor.py:840} INFO - DAG(s) 'example_dag_decorator' retrieved from /home/airflow/.local/lib/python3.12/site-packages/airflow/example_dags/example_dag_decorator.py
[2025-10-07T22:14:03.580+0000] {logging_mixin.py:188} INFO - [2025-10-07T22:14:03.580+0000] {dag.py:3096} INFO - Sync 1 DAGs
[2025-10-07T22:14:03.584+0000] {logging_mixin.py:188} INFO - [2025-10-07T22:14:03.583+0000] {dag.py:3954} INFO - Setting next_dagrun for example_dag_decorator to None, run_after=None
[2025-10-07T22:14:03.591+0000] {processor.py:183} INFO - Processing /home/airflow/.local/lib/python3.12/site-packages/airflow/example_dags/example_dag_decorator.py took 0.194 seconds
[2025-10-07T22:14:33.748+0000] {processor.py:161} INFO - Started process (PID=1804) to work on /home/airflow/.local/lib/python3.12/site-packages/airflow/example_dags/example_dag_decorator.py
[2025-10-07T22:14:33.750+0000] {processor.py:830} INFO - Processing file /home/airflow/.local/lib/python3.12/site-packages/airflow/example_dags/example_dag_decorator.py for tasks to queue
[2025-10-07T22:14:33.751+0000] {logging_mixin.py:188} INFO - [2025-10-07T22:14:33.751+0000] {dagbag.py:545} INFO - Filling up the DagBag from /home/airflow/.local/lib/python3.12/site-packages/airflow/example_dags/example_dag_decorator.py
[2025-10-07T22:14:33.886+0000] {processor.py:840} INFO - DAG(s) 'example_dag_decorator' retrieved from /home/airflow/.local/lib/python3.12/site-packages/airflow/example_dags/example_dag_decorator.py
[2025-10-07T22:14:33.924+0000] {logging_mixin.py:188} INFO - [2025-10-07T22:14:33.924+0000] {dag.py:3096} INFO - Sync 1 DAGs
[2025-10-07T22:14:33.928+0000] {logging_mixin.py:188} INFO - [2025-10-07T22:14:33.928+0000] {dag.py:3954} INFO - Setting next_dagrun for example_dag_decorator to None, run_after=None
[2025-10-07T22:14:33.935+0000] {processor.py:183} INFO - Processing /home/airflow/.local/lib/python3.12/site-packages/airflow/example_dags/example_dag_decorator.py took 0.191 seconds
[2025-10-07T22:15:04.102+0000] {processor.py:161} INFO - Started process (PID=1863) to work on /home/airflow/.local/lib/python3.12/site-packages/airflow/example_dags/example_dag_decorator.py
[2025-10-07T22:15:04.102+0000] {processor.py:830} INFO - Processing file /home/airflow/.local/lib/python3.12/site-packages/airflow/example_dags/example_dag_decorator.py for tasks to queue
[2025-10-07T22:15:04.103+0000] {logging_mixin.py:188} INFO - [2025-10-07T22:15:04.103+0000] {dagbag.py:545} INFO - Filling up the DagBag from /home/airflow/.local/lib/python3.12/site-packages/airflow/example_dags/example_dag_decorator.py
[2025-10-07T22:15:04.246+0000] {processor.py:840} INFO - DAG(s) 'example_dag_decorator' retrieved from /home/airflow/.local/lib/python3.12/site-packages/airflow/example_dags/example_dag_decorator.py
[2025-10-07T22:15:04.286+0000] {logging_mixin.py:188} INFO - [2025-10-07T22:15:04.286+0000] {dag.py:3096} INFO - Sync 1 DAGs
[2025-10-07T22:15:04.290+0000] {logging_mixin.py:188} INFO - [2025-10-07T22:15:04.290+0000] {dag.py:3954} INFO - Setting next_dagrun for example_dag_decorator to None, run_after=None
[2025-10-07T22:15:04.298+0000] {processor.py:183} INFO - Processing /home/airflow/.local/lib/python3.12/site-packages/airflow/example_dags/example_dag_decorator.py took 0.200 seconds
[2025-10-07T22:15:34.885+0000] {processor.py:161} INFO - Started process (PID=1922) to work on /home/airflow/.local/lib/python3.12/site-packages/airflow/example_dags/example_dag_decorator.py
[2025-10-07T22:15:34.886+0000] {processor.py:830} INFO - Processing file /home/airflow/.local/lib/python3.12/site-packages/airflow/example_dags/example_dag_decorator.py for tasks to queue
[2025-10-07T22:15:34.888+0000] {logging_mixin.py:188} INFO - [2025-10-07T22:15:34.887+0000] {dagbag.py:545} INFO - Filling up the DagBag from /home/airflow/.local/lib/python3.12/site-packages/airflow/example_dags/example_dag_decorator.py
[2025-10-07T22:15:35.031+0000] {processor.py:840} INFO - DAG(s) 'example_dag_decorator' retrieved from /home/airflow/.local/lib/python3.12/site-packages/airflow/example_dags/example_dag_decorator.py
[2025-10-07T22:15:35.070+0000] {logging_mixin.py:188} INFO - [2025-10-07T22:15:35.070+0000] {dag.py:3096} INFO - Sync 1 DAGs
[2025-10-07T22:15:35.074+0000] {logging_mixin.py:188} INFO - [2025-10-07T22:15:35.074+0000] {dag.py:3954} INFO - Setting next_dagrun for example_dag_decorator to None, run_after=None
[2025-10-07T22:15:35.081+0000] {processor.py:183} INFO - Processing /home/airflow/.local/lib/python3.12/site-packages/airflow/example_dags/example_dag_decorator.py took 0.201 seconds
[2025-10-07T22:16:05.893+0000] {processor.py:161} INFO - Started process (PID=1981) to work on /home/airflow/.local/lib/python3.12/site-packages/airflow/example_dags/example_dag_decorator.py
[2025-10-07T22:16:05.894+0000] {processor.py:830} INFO - Processing file /home/airflow/.local/lib/python3.12/site-packages/airflow/example_dags/example_dag_decorator.py for tasks to queue
[2025-10-07T22:16:05.896+0000] {logging_mixin.py:188} INFO - [2025-10-07T22:16:05.896+0000] {dagbag.py:545} INFO - Filling up the DagBag from /home/airflow/.local/lib/python3.12/site-packages/airflow/example_dags/example_dag_decorator.py
[2025-10-07T22:16:06.033+0000] {processor.py:840} INFO - DAG(s) 'example_dag_decorator' retrieved from /home/airflow/.local/lib/python3.12/site-packages/airflow/example_dags/example_dag_decorator.py
[2025-10-07T22:16:06.070+0000] {logging_mixin.py:188} INFO - [2025-10-07T22:16:06.070+0000] {dag.py:3096} INFO - Sync 1 DAGs
[2025-10-07T22:16:06.074+0000] {logging_mixin.py:188} INFO - [2025-10-07T22:16:06.074+0000] {dag.py:3954} INFO - Setting next_dagrun for example_dag_decorator to None, run_after=None
[2025-10-07T22:16:06.081+0000] {processor.py:183} INFO - Processing /home/airflow/.local/lib/python3.12/site-packages/airflow/example_dags/example_dag_decorator.py took 0.195 seconds
[2025-10-07T22:16:36.799+0000] {processor.py:161} INFO - Started process (PID=2040) to work on /home/airflow/.local/lib/python3.12/site-packages/airflow/example_dags/example_dag_decorator.py
[2025-10-07T22:16:36.800+0000] {processor.py:830} INFO - Processing file /home/airflow/.local/lib/python3.12/site-packages/airflow/example_dags/example_dag_decorator.py for tasks to queue
[2025-10-07T22:16:36.803+0000] {logging_mixin.py:188} INFO - [2025-10-07T22:16:36.802+0000] {dagbag.py:545} INFO - Filling up the DagBag from /home/airflow/.local/lib/python3.12/site-packages/airflow/example_dags/example_dag_decorator.py
[2025-10-07T22:16:36.933+0000] {processor.py:840} INFO - DAG(s) 'example_dag_decorator' retrieved from /home/airflow/.local/lib/python3.12/site-packages/airflow/example_dags/example_dag_decorator.py
[2025-10-07T22:16:36.972+0000] {logging_mixin.py:188} INFO - [2025-10-07T22:16:36.971+0000] {dag.py:3096} INFO - Sync 1 DAGs
[2025-10-07T22:16:36.976+0000] {logging_mixin.py:188} INFO - [2025-10-07T22:16:36.975+0000] {dag.py:3954} INFO - Setting next_dagrun for example_dag_decorator to None, run_after=None
[2025-10-07T22:16:36.983+0000] {processor.py:183} INFO - Processing /home/airflow/.local/lib/python3.12/site-packages/airflow/example_dags/example_dag_decorator.py took 0.192 seconds
[2025-10-07T22:17:07.263+0000] {processor.py:161} INFO - Started process (PID=2099) to work on /home/airflow/.local/lib/python3.12/site-packages/airflow/example_dags/example_dag_decorator.py
[2025-10-07T22:17:07.264+0000] {processor.py:830} INFO - Processing file /home/airflow/.local/lib/python3.12/site-packages/airflow/example_dags/example_dag_decorator.py for tasks to queue
[2025-10-07T22:17:07.266+0000] {logging_mixin.py:188} INFO - [2025-10-07T22:17:07.265+0000] {dagbag.py:545} INFO - Filling up the DagBag from /home/airflow/.local/lib/python3.12/site-packages/airflow/example_dags/example_dag_decorator.py
[2025-10-07T22:17:07.400+0000] {processor.py:840} INFO - DAG(s) 'example_dag_decorator' retrieved from /home/airflow/.local/lib/python3.12/site-packages/airflow/example_dags/example_dag_decorator.py
[2025-10-07T22:17:07.438+0000] {logging_mixin.py:188} INFO - [2025-10-07T22:17:07.438+0000] {dag.py:3096} INFO - Sync 1 DAGs
[2025-10-07T22:17:07.442+0000] {logging_mixin.py:188} INFO - [2025-10-07T22:17:07.442+0000] {dag.py:3954} INFO - Setting next_dagrun for example_dag_decorator to None, run_after=None
[2025-10-07T22:17:07.449+0000] {processor.py:183} INFO - Processing /home/airflow/.local/lib/python3.12/site-packages/airflow/example_dags/example_dag_decorator.py took 0.192 seconds
[2025-10-07T22:17:37.820+0000] {processor.py:161} INFO - Started process (PID=2158) to work on /home/airflow/.local/lib/python3.12/site-packages/airflow/example_dags/example_dag_decorator.py
[2025-10-07T22:17:37.821+0000] {processor.py:830} INFO - Processing file /home/airflow/.local/lib/python3.12/site-packages/airflow/example_dags/example_dag_decorator.py for tasks to queue
[2025-10-07T22:17:37.822+0000] {logging_mixin.py:188} INFO - [2025-10-07T22:17:37.822+0000] {dagbag.py:545} INFO - Filling up the DagBag from /home/airflow/.local/lib/python3.12/site-packages/airflow/example_dags/example_dag_decorator.py
[2025-10-07T22:17:37.878+0000] {processor.py:840} INFO - DAG(s) 'example_dag_decorator' retrieved from /home/airflow/.local/lib/python3.12/site-packages/airflow/example_dags/example_dag_decorator.py
[2025-10-07T22:17:37.920+0000] {logging_mixin.py:188} INFO - [2025-10-07T22:17:37.920+0000] {dag.py:3096} INFO - Sync 1 DAGs
[2025-10-07T22:17:37.925+0000] {logging_mixin.py:188} INFO - [2025-10-07T22:17:37.925+0000] {dag.py:3954} INFO - Setting next_dagrun for example_dag_decorator to None, run_after=None
[2025-10-07T22:17:37.933+0000] {processor.py:183} INFO - Processing /home/airflow/.local/lib/python3.12/site-packages/airflow/example_dags/example_dag_decorator.py took 0.121 seconds
[2025-10-07T22:18:07.971+0000] {processor.py:161} INFO - Started process (PID=2217) to work on /home/airflow/.local/lib/python3.12/site-packages/airflow/example_dags/example_dag_decorator.py
[2025-10-07T22:18:07.977+0000] {processor.py:830} INFO - Processing file /home/airflow/.local/lib/python3.12/site-packages/airflow/example_dags/example_dag_decorator.py for tasks to queue
[2025-10-07T22:18:07.980+0000] {logging_mixin.py:188} INFO - [2025-10-07T22:18:07.979+0000] {dagbag.py:545} INFO - Filling up the DagBag from /home/airflow/.local/lib/python3.12/site-packages/airflow/example_dags/example_dag_decorator.py
[2025-10-07T22:18:08.051+0000] {processor.py:840} INFO - DAG(s) 'example_dag_decorator' retrieved from /home/airflow/.local/lib/python3.12/site-packages/airflow/example_dags/example_dag_decorator.py
[2025-10-07T22:18:08.120+0000] {logging_mixin.py:188} INFO - [2025-10-07T22:18:08.120+0000] {dag.py:3096} INFO - Sync 1 DAGs
[2025-10-07T22:18:08.127+0000] {logging_mixin.py:188} INFO - [2025-10-07T22:18:08.127+0000] {dag.py:3954} INFO - Setting next_dagrun for example_dag_decorator to None, run_after=None
[2025-10-07T22:18:08.139+0000] {processor.py:183} INFO - Processing /home/airflow/.local/lib/python3.12/site-packages/airflow/example_dags/example_dag_decorator.py took 0.179 seconds
[2025-10-07T22:18:38.965+0000] {processor.py:161} INFO - Started process (PID=2276) to work on /home/airflow/.local/lib/python3.12/site-packages/airflow/example_dags/example_dag_decorator.py
[2025-10-07T22:18:38.967+0000] {processor.py:830} INFO - Processing file /home/airflow/.local/lib/python3.12/site-packages/airflow/example_dags/example_dag_decorator.py for tasks to queue
[2025-10-07T22:18:38.969+0000] {logging_mixin.py:188} INFO - [2025-10-07T22:18:38.969+0000] {dagbag.py:545} INFO - Filling up the DagBag from /home/airflow/.local/lib/python3.12/site-packages/airflow/example_dags/example_dag_decorator.py
[2025-10-07T22:18:39.039+0000] {processor.py:840} INFO - DAG(s) 'example_dag_decorator' retrieved from /home/airflow/.local/lib/python3.12/site-packages/airflow/example_dags/example_dag_decorator.py
[2025-10-07T22:18:39.052+0000] {logging_mixin.py:188} INFO - [2025-10-07T22:18:39.051+0000] {dag.py:3096} INFO - Sync 1 DAGs
[2025-10-07T22:18:39.058+0000] {logging_mixin.py:188} INFO - [2025-10-07T22:18:39.058+0000] {dag.py:3954} INFO - Setting next_dagrun for example_dag_decorator to None, run_after=None
[2025-10-07T22:18:39.067+0000] {processor.py:183} INFO - Processing /home/airflow/.local/lib/python3.12/site-packages/airflow/example_dags/example_dag_decorator.py took 0.106 seconds
[2025-10-07T22:19:16.301+0000] {processor.py:161} INFO - Started process (PID=57) to work on /home/airflow/.local/lib/python3.12/site-packages/airflow/example_dags/example_dag_decorator.py
[2025-10-07T22:19:16.302+0000] {processor.py:830} INFO - Processing file /home/airflow/.local/lib/python3.12/site-packages/airflow/example_dags/example_dag_decorator.py for tasks to queue
[2025-10-07T22:19:16.303+0000] {logging_mixin.py:188} INFO - [2025-10-07T22:19:16.303+0000] {dagbag.py:545} INFO - Filling up the DagBag from /home/airflow/.local/lib/python3.12/site-packages/airflow/example_dags/example_dag_decorator.py
[2025-10-07T22:19:16.428+0000] {processor.py:840} INFO - DAG(s) 'example_dag_decorator' retrieved from /home/airflow/.local/lib/python3.12/site-packages/airflow/example_dags/example_dag_decorator.py
[2025-10-07T22:19:16.463+0000] {logging_mixin.py:188} INFO - [2025-10-07T22:19:16.463+0000] {dag.py:3096} INFO - Sync 1 DAGs
[2025-10-07T22:19:16.476+0000] {logging_mixin.py:188} INFO - [2025-10-07T22:19:16.476+0000] {dag.py:3954} INFO - Setting next_dagrun for example_dag_decorator to None, run_after=None
[2025-10-07T22:19:16.496+0000] {processor.py:183} INFO - Processing /home/airflow/.local/lib/python3.12/site-packages/airflow/example_dags/example_dag_decorator.py took 0.203 seconds
[2025-10-07T22:19:47.313+0000] {processor.py:161} INFO - Started process (PID=116) to work on /home/airflow/.local/lib/python3.12/site-packages/airflow/example_dags/example_dag_decorator.py
[2025-10-07T22:19:47.314+0000] {processor.py:830} INFO - Processing file /home/airflow/.local/lib/python3.12/site-packages/airflow/example_dags/example_dag_decorator.py for tasks to queue
[2025-10-07T22:19:47.315+0000] {logging_mixin.py:188} INFO - [2025-10-07T22:19:47.314+0000] {dagbag.py:545} INFO - Filling up the DagBag from /home/airflow/.local/lib/python3.12/site-packages/airflow/example_dags/example_dag_decorator.py
[2025-10-07T22:19:47.397+0000] {processor.py:840} INFO - DAG(s) 'example_dag_decorator' retrieved from /home/airflow/.local/lib/python3.12/site-packages/airflow/example_dags/example_dag_decorator.py
[2025-10-07T22:19:47.447+0000] {logging_mixin.py:188} INFO - [2025-10-07T22:19:47.447+0000] {dag.py:3096} INFO - Sync 1 DAGs
[2025-10-07T22:19:47.453+0000] {logging_mixin.py:188} INFO - [2025-10-07T22:19:47.453+0000] {dag.py:3954} INFO - Setting next_dagrun for example_dag_decorator to None, run_after=None
[2025-10-07T22:19:47.465+0000] {processor.py:183} INFO - Processing /home/airflow/.local/lib/python3.12/site-packages/airflow/example_dags/example_dag_decorator.py took 0.155 seconds
[2025-10-07T22:20:18.192+0000] {processor.py:161} INFO - Started process (PID=175) to work on /home/airflow/.local/lib/python3.12/site-packages/airflow/example_dags/example_dag_decorator.py
[2025-10-07T22:20:18.194+0000] {processor.py:830} INFO - Processing file /home/airflow/.local/lib/python3.12/site-packages/airflow/example_dags/example_dag_decorator.py for tasks to queue
[2025-10-07T22:20:18.195+0000] {logging_mixin.py:188} INFO - [2025-10-07T22:20:18.195+0000] {dagbag.py:545} INFO - Filling up the DagBag from /home/airflow/.local/lib/python3.12/site-packages/airflow/example_dags/example_dag_decorator.py
[2025-10-07T22:20:18.263+0000] {processor.py:840} INFO - DAG(s) 'example_dag_decorator' retrieved from /home/airflow/.local/lib/python3.12/site-packages/airflow/example_dags/example_dag_decorator.py
[2025-10-07T22:20:18.280+0000] {logging_mixin.py:188} INFO - [2025-10-07T22:20:18.280+0000] {dag.py:3096} INFO - Sync 1 DAGs
[2025-10-07T22:20:18.287+0000] {logging_mixin.py:188} INFO - [2025-10-07T22:20:18.287+0000] {dag.py:3954} INFO - Setting next_dagrun for example_dag_decorator to None, run_after=None
[2025-10-07T22:20:18.299+0000] {processor.py:183} INFO - Processing /home/airflow/.local/lib/python3.12/site-packages/airflow/example_dags/example_dag_decorator.py took 0.114 seconds
[2025-10-07T22:20:48.565+0000] {processor.py:161} INFO - Started process (PID=240) to work on /home/airflow/.local/lib/python3.12/site-packages/airflow/example_dags/example_dag_decorator.py
[2025-10-07T22:20:48.566+0000] {processor.py:830} INFO - Processing file /home/airflow/.local/lib/python3.12/site-packages/airflow/example_dags/example_dag_decorator.py for tasks to queue
[2025-10-07T22:20:48.568+0000] {logging_mixin.py:188} INFO - [2025-10-07T22:20:48.568+0000] {dagbag.py:545} INFO - Filling up the DagBag from /home/airflow/.local/lib/python3.12/site-packages/airflow/example_dags/example_dag_decorator.py
[2025-10-07T22:20:48.640+0000] {processor.py:840} INFO - DAG(s) 'example_dag_decorator' retrieved from /home/airflow/.local/lib/python3.12/site-packages/airflow/example_dags/example_dag_decorator.py
[2025-10-07T22:20:48.710+0000] {logging_mixin.py:188} INFO - [2025-10-07T22:20:48.710+0000] {dag.py:3096} INFO - Sync 1 DAGs
[2025-10-07T22:20:48.716+0000] {logging_mixin.py:188} INFO - [2025-10-07T22:20:48.716+0000] {dag.py:3954} INFO - Setting next_dagrun for example_dag_decorator to None, run_after=None
[2025-10-07T22:20:48.730+0000] {processor.py:183} INFO - Processing /home/airflow/.local/lib/python3.12/site-packages/airflow/example_dags/example_dag_decorator.py took 0.169 seconds
[2025-10-07T22:21:18.761+0000] {processor.py:161} INFO - Started process (PID=300) to work on /home/airflow/.local/lib/python3.12/site-packages/airflow/example_dags/example_dag_decorator.py
[2025-10-07T22:21:18.761+0000] {processor.py:830} INFO - Processing file /home/airflow/.local/lib/python3.12/site-packages/airflow/example_dags/example_dag_decorator.py for tasks to queue
[2025-10-07T22:21:18.762+0000] {logging_mixin.py:188} INFO - [2025-10-07T22:21:18.762+0000] {dagbag.py:545} INFO - Filling up the DagBag from /home/airflow/.local/lib/python3.12/site-packages/airflow/example_dags/example_dag_decorator.py
[2025-10-07T22:21:18.852+0000] {processor.py:840} INFO - DAG(s) 'example_dag_decorator' retrieved from /home/airflow/.local/lib/python3.12/site-packages/airflow/example_dags/example_dag_decorator.py
[2025-10-07T22:21:18.908+0000] {logging_mixin.py:188} INFO - [2025-10-07T22:21:18.907+0000] {dag.py:3096} INFO - Sync 1 DAGs
[2025-10-07T22:21:18.912+0000] {logging_mixin.py:188} INFO - [2025-10-07T22:21:18.912+0000] {dag.py:3954} INFO - Setting next_dagrun for example_dag_decorator to None, run_after=None
[2025-10-07T22:21:18.923+0000] {processor.py:183} INFO - Processing /home/airflow/.local/lib/python3.12/site-packages/airflow/example_dags/example_dag_decorator.py took 0.165 seconds
[2025-10-07T22:21:49.115+0000] {processor.py:161} INFO - Started process (PID=358) to work on /home/airflow/.local/lib/python3.12/site-packages/airflow/example_dags/example_dag_decorator.py
[2025-10-07T22:21:49.116+0000] {processor.py:830} INFO - Processing file /home/airflow/.local/lib/python3.12/site-packages/airflow/example_dags/example_dag_decorator.py for tasks to queue
[2025-10-07T22:21:49.117+0000] {logging_mixin.py:188} INFO - [2025-10-07T22:21:49.117+0000] {dagbag.py:545} INFO - Filling up the DagBag from /home/airflow/.local/lib/python3.12/site-packages/airflow/example_dags/example_dag_decorator.py
[2025-10-07T22:21:49.206+0000] {processor.py:840} INFO - DAG(s) 'example_dag_decorator' retrieved from /home/airflow/.local/lib/python3.12/site-packages/airflow/example_dags/example_dag_decorator.py
[2025-10-07T22:21:49.386+0000] {logging_mixin.py:188} INFO - [2025-10-07T22:21:49.386+0000] {dag.py:3096} INFO - Sync 1 DAGs
[2025-10-07T22:21:49.393+0000] {logging_mixin.py:188} INFO - [2025-10-07T22:21:49.393+0000] {dag.py:3954} INFO - Setting next_dagrun for example_dag_decorator to None, run_after=None
[2025-10-07T22:21:49.404+0000] {processor.py:183} INFO - Processing /home/airflow/.local/lib/python3.12/site-packages/airflow/example_dags/example_dag_decorator.py took 0.292 seconds
