[2025-10-07T21:54:24.061+0000] {processor.py:161} INFO - Started process (PID=49) to work on /home/airflow/.local/lib/python3.12/site-packages/airflow/example_dags/example_python_decorator.py
[2025-10-07T21:54:24.062+0000] {processor.py:830} INFO - Processing file /home/airflow/.local/lib/python3.12/site-packages/airflow/example_dags/example_python_decorator.py for tasks to queue
[2025-10-07T21:54:24.064+0000] {logging_mixin.py:188} INFO - [2025-10-07T21:54:24.064+0000] {dagbag.py:545} INFO - Filling up the DagBag from /home/airflow/.local/lib/python3.12/site-packages/airflow/example_dags/example_python_decorator.py
[2025-10-07T21:54:24.084+0000] {processor.py:840} INFO - DAG(s) 'example_python_decorator' retrieved from /home/airflow/.local/lib/python3.12/site-packages/airflow/example_dags/example_python_decorator.py
[2025-10-07T21:54:24.096+0000] {logging_mixin.py:188} INFO - [2025-10-07T21:54:24.096+0000] {dag.py:3096} INFO - Sync 1 DAGs
[2025-10-07T21:54:24.114+0000] {logging_mixin.py:188} INFO - [2025-10-07T21:54:24.113+0000] {dag.py:3954} INFO - Setting next_dagrun for example_python_decorator to None, run_after=None
[2025-10-07T21:54:24.139+0000] {processor.py:183} INFO - Processing /home/airflow/.local/lib/python3.12/site-packages/airflow/example_dags/example_python_decorator.py took 0.085 seconds
[2025-10-07T21:54:55.170+0000] {processor.py:161} INFO - Started process (PID=108) to work on /home/airflow/.local/lib/python3.12/site-packages/airflow/example_dags/example_python_decorator.py
[2025-10-07T21:54:55.171+0000] {processor.py:830} INFO - Processing file /home/airflow/.local/lib/python3.12/site-packages/airflow/example_dags/example_python_decorator.py for tasks to queue
[2025-10-07T21:54:55.172+0000] {logging_mixin.py:188} INFO - [2025-10-07T21:54:55.172+0000] {dagbag.py:545} INFO - Filling up the DagBag from /home/airflow/.local/lib/python3.12/site-packages/airflow/example_dags/example_python_decorator.py
[2025-10-07T21:54:55.180+0000] {processor.py:840} INFO - DAG(s) 'example_python_decorator' retrieved from /home/airflow/.local/lib/python3.12/site-packages/airflow/example_dags/example_python_decorator.py
[2025-10-07T21:54:55.236+0000] {logging_mixin.py:188} INFO - [2025-10-07T21:54:55.236+0000] {dag.py:3096} INFO - Sync 1 DAGs
[2025-10-07T21:54:55.245+0000] {logging_mixin.py:188} INFO - [2025-10-07T21:54:55.245+0000] {dag.py:3954} INFO - Setting next_dagrun for example_python_decorator to None, run_after=None
[2025-10-07T21:54:55.260+0000] {processor.py:183} INFO - Processing /home/airflow/.local/lib/python3.12/site-packages/airflow/example_dags/example_python_decorator.py took 0.092 seconds
[2025-10-07T21:55:26.076+0000] {processor.py:161} INFO - Started process (PID=167) to work on /home/airflow/.local/lib/python3.12/site-packages/airflow/example_dags/example_python_decorator.py
[2025-10-07T21:55:26.077+0000] {processor.py:830} INFO - Processing file /home/airflow/.local/lib/python3.12/site-packages/airflow/example_dags/example_python_decorator.py for tasks to queue
[2025-10-07T21:55:26.078+0000] {logging_mixin.py:188} INFO - [2025-10-07T21:55:26.077+0000] {dagbag.py:545} INFO - Filling up the DagBag from /home/airflow/.local/lib/python3.12/site-packages/airflow/example_dags/example_python_decorator.py
[2025-10-07T21:55:26.086+0000] {processor.py:840} INFO - DAG(s) 'example_python_decorator' retrieved from /home/airflow/.local/lib/python3.12/site-packages/airflow/example_dags/example_python_decorator.py
[2025-10-07T21:55:26.097+0000] {logging_mixin.py:188} INFO - [2025-10-07T21:55:26.096+0000] {dag.py:3096} INFO - Sync 1 DAGs
[2025-10-07T21:55:26.103+0000] {logging_mixin.py:188} INFO - [2025-10-07T21:55:26.102+0000] {dag.py:3954} INFO - Setting next_dagrun for example_python_decorator to None, run_after=None
[2025-10-07T21:55:26.112+0000] {processor.py:183} INFO - Processing /home/airflow/.local/lib/python3.12/site-packages/airflow/example_dags/example_python_decorator.py took 0.039 seconds
[2025-10-07T21:55:56.227+0000] {processor.py:161} INFO - Started process (PID=226) to work on /home/airflow/.local/lib/python3.12/site-packages/airflow/example_dags/example_python_decorator.py
[2025-10-07T21:55:56.228+0000] {processor.py:830} INFO - Processing file /home/airflow/.local/lib/python3.12/site-packages/airflow/example_dags/example_python_decorator.py for tasks to queue
[2025-10-07T21:55:56.229+0000] {logging_mixin.py:188} INFO - [2025-10-07T21:55:56.229+0000] {dagbag.py:545} INFO - Filling up the DagBag from /home/airflow/.local/lib/python3.12/site-packages/airflow/example_dags/example_python_decorator.py
[2025-10-07T21:55:56.239+0000] {processor.py:840} INFO - DAG(s) 'example_python_decorator' retrieved from /home/airflow/.local/lib/python3.12/site-packages/airflow/example_dags/example_python_decorator.py
[2025-10-07T21:55:56.250+0000] {logging_mixin.py:188} INFO - [2025-10-07T21:55:56.250+0000] {dag.py:3096} INFO - Sync 1 DAGs
[2025-10-07T21:55:56.256+0000] {logging_mixin.py:188} INFO - [2025-10-07T21:55:56.256+0000] {dag.py:3954} INFO - Setting next_dagrun for example_python_decorator to None, run_after=None
[2025-10-07T21:55:56.268+0000] {processor.py:183} INFO - Processing /home/airflow/.local/lib/python3.12/site-packages/airflow/example_dags/example_python_decorator.py took 0.044 seconds
[2025-10-07T21:56:26.418+0000] {processor.py:161} INFO - Started process (PID=285) to work on /home/airflow/.local/lib/python3.12/site-packages/airflow/example_dags/example_python_decorator.py
[2025-10-07T21:56:26.418+0000] {processor.py:830} INFO - Processing file /home/airflow/.local/lib/python3.12/site-packages/airflow/example_dags/example_python_decorator.py for tasks to queue
[2025-10-07T21:56:26.420+0000] {logging_mixin.py:188} INFO - [2025-10-07T21:56:26.420+0000] {dagbag.py:545} INFO - Filling up the DagBag from /home/airflow/.local/lib/python3.12/site-packages/airflow/example_dags/example_python_decorator.py
[2025-10-07T21:56:26.427+0000] {processor.py:840} INFO - DAG(s) 'example_python_decorator' retrieved from /home/airflow/.local/lib/python3.12/site-packages/airflow/example_dags/example_python_decorator.py
[2025-10-07T21:56:26.441+0000] {logging_mixin.py:188} INFO - [2025-10-07T21:56:26.441+0000] {dag.py:3096} INFO - Sync 1 DAGs
[2025-10-07T21:56:26.447+0000] {logging_mixin.py:188} INFO - [2025-10-07T21:56:26.447+0000] {dag.py:3954} INFO - Setting next_dagrun for example_python_decorator to None, run_after=None
[2025-10-07T21:56:26.458+0000] {processor.py:183} INFO - Processing /home/airflow/.local/lib/python3.12/site-packages/airflow/example_dags/example_python_decorator.py took 0.043 seconds
[2025-10-07T21:56:57.263+0000] {processor.py:161} INFO - Started process (PID=344) to work on /home/airflow/.local/lib/python3.12/site-packages/airflow/example_dags/example_python_decorator.py
[2025-10-07T21:56:57.264+0000] {processor.py:830} INFO - Processing file /home/airflow/.local/lib/python3.12/site-packages/airflow/example_dags/example_python_decorator.py for tasks to queue
[2025-10-07T21:56:57.265+0000] {logging_mixin.py:188} INFO - [2025-10-07T21:56:57.265+0000] {dagbag.py:545} INFO - Filling up the DagBag from /home/airflow/.local/lib/python3.12/site-packages/airflow/example_dags/example_python_decorator.py
[2025-10-07T21:56:57.278+0000] {processor.py:840} INFO - DAG(s) 'example_python_decorator' retrieved from /home/airflow/.local/lib/python3.12/site-packages/airflow/example_dags/example_python_decorator.py
[2025-10-07T21:56:57.290+0000] {logging_mixin.py:188} INFO - [2025-10-07T21:56:57.290+0000] {dag.py:3096} INFO - Sync 1 DAGs
[2025-10-07T21:56:57.299+0000] {logging_mixin.py:188} INFO - [2025-10-07T21:56:57.299+0000] {dag.py:3954} INFO - Setting next_dagrun for example_python_decorator to None, run_after=None
[2025-10-07T21:56:57.310+0000] {processor.py:183} INFO - Processing /home/airflow/.local/lib/python3.12/site-packages/airflow/example_dags/example_python_decorator.py took 0.050 seconds
[2025-10-07T21:57:27.569+0000] {processor.py:161} INFO - Started process (PID=403) to work on /home/airflow/.local/lib/python3.12/site-packages/airflow/example_dags/example_python_decorator.py
[2025-10-07T21:57:27.570+0000] {processor.py:830} INFO - Processing file /home/airflow/.local/lib/python3.12/site-packages/airflow/example_dags/example_python_decorator.py for tasks to queue
[2025-10-07T21:57:27.571+0000] {logging_mixin.py:188} INFO - [2025-10-07T21:57:27.571+0000] {dagbag.py:545} INFO - Filling up the DagBag from /home/airflow/.local/lib/python3.12/site-packages/airflow/example_dags/example_python_decorator.py
[2025-10-07T21:57:27.580+0000] {processor.py:840} INFO - DAG(s) 'example_python_decorator' retrieved from /home/airflow/.local/lib/python3.12/site-packages/airflow/example_dags/example_python_decorator.py
[2025-10-07T21:57:27.593+0000] {logging_mixin.py:188} INFO - [2025-10-07T21:57:27.593+0000] {dag.py:3096} INFO - Sync 1 DAGs
[2025-10-07T21:57:27.599+0000] {logging_mixin.py:188} INFO - [2025-10-07T21:57:27.599+0000] {dag.py:3954} INFO - Setting next_dagrun for example_python_decorator to None, run_after=None
[2025-10-07T21:57:27.616+0000] {processor.py:183} INFO - Processing /home/airflow/.local/lib/python3.12/site-packages/airflow/example_dags/example_python_decorator.py took 0.049 seconds
[2025-10-07T21:58:26.259+0000] {processor.py:161} INFO - Started process (PID=462) to work on /home/airflow/.local/lib/python3.12/site-packages/airflow/example_dags/example_python_decorator.py
[2025-10-07T21:58:26.260+0000] {processor.py:830} INFO - Processing file /home/airflow/.local/lib/python3.12/site-packages/airflow/example_dags/example_python_decorator.py for tasks to queue
[2025-10-07T21:58:26.262+0000] {logging_mixin.py:188} INFO - [2025-10-07T21:58:26.262+0000] {dagbag.py:545} INFO - Filling up the DagBag from /home/airflow/.local/lib/python3.12/site-packages/airflow/example_dags/example_python_decorator.py
[2025-10-07T21:58:26.268+0000] {processor.py:840} INFO - DAG(s) 'example_python_decorator' retrieved from /home/airflow/.local/lib/python3.12/site-packages/airflow/example_dags/example_python_decorator.py
[2025-10-07T21:58:26.281+0000] {logging_mixin.py:188} INFO - [2025-10-07T21:58:26.280+0000] {dag.py:3096} INFO - Sync 1 DAGs
[2025-10-07T21:58:26.287+0000] {logging_mixin.py:188} INFO - [2025-10-07T21:58:26.287+0000] {dag.py:3954} INFO - Setting next_dagrun for example_python_decorator to None, run_after=None
[2025-10-07T21:58:26.295+0000] {processor.py:183} INFO - Processing /home/airflow/.local/lib/python3.12/site-packages/airflow/example_dags/example_python_decorator.py took 0.040 seconds
[2025-10-07T21:59:31.441+0000] {processor.py:161} INFO - Started process (PID=521) to work on /home/airflow/.local/lib/python3.12/site-packages/airflow/example_dags/example_python_decorator.py
[2025-10-07T21:59:31.444+0000] {processor.py:830} INFO - Processing file /home/airflow/.local/lib/python3.12/site-packages/airflow/example_dags/example_python_decorator.py for tasks to queue
[2025-10-07T21:59:31.446+0000] {logging_mixin.py:188} INFO - [2025-10-07T21:59:31.446+0000] {dagbag.py:545} INFO - Filling up the DagBag from /home/airflow/.local/lib/python3.12/site-packages/airflow/example_dags/example_python_decorator.py
[2025-10-07T21:59:31.460+0000] {processor.py:840} INFO - DAG(s) 'example_python_decorator' retrieved from /home/airflow/.local/lib/python3.12/site-packages/airflow/example_dags/example_python_decorator.py
[2025-10-07T21:59:31.484+0000] {logging_mixin.py:188} INFO - [2025-10-07T21:59:31.484+0000] {dag.py:3096} INFO - Sync 1 DAGs
[2025-10-07T21:59:31.498+0000] {logging_mixin.py:188} INFO - [2025-10-07T21:59:31.498+0000] {dag.py:3954} INFO - Setting next_dagrun for example_python_decorator to None, run_after=None
[2025-10-07T21:59:31.525+0000] {processor.py:183} INFO - Processing /home/airflow/.local/lib/python3.12/site-packages/airflow/example_dags/example_python_decorator.py took 0.089 seconds
[2025-10-07T22:01:51.665+0000] {processor.py:161} INFO - Started process (PID=580) to work on /home/airflow/.local/lib/python3.12/site-packages/airflow/example_dags/example_python_decorator.py
[2025-10-07T22:01:51.666+0000] {processor.py:830} INFO - Processing file /home/airflow/.local/lib/python3.12/site-packages/airflow/example_dags/example_python_decorator.py for tasks to queue
[2025-10-07T22:01:51.667+0000] {logging_mixin.py:188} INFO - [2025-10-07T22:01:51.667+0000] {dagbag.py:545} INFO - Filling up the DagBag from /home/airflow/.local/lib/python3.12/site-packages/airflow/example_dags/example_python_decorator.py
[2025-10-07T22:01:51.680+0000] {processor.py:840} INFO - DAG(s) 'example_python_decorator' retrieved from /home/airflow/.local/lib/python3.12/site-packages/airflow/example_dags/example_python_decorator.py
[2025-10-07T22:01:51.699+0000] {logging_mixin.py:188} INFO - [2025-10-07T22:01:51.699+0000] {dag.py:3096} INFO - Sync 1 DAGs
[2025-10-07T22:01:51.707+0000] {logging_mixin.py:188} INFO - [2025-10-07T22:01:51.707+0000] {dag.py:3954} INFO - Setting next_dagrun for example_python_decorator to None, run_after=None
[2025-10-07T22:01:51.726+0000] {processor.py:183} INFO - Processing /home/airflow/.local/lib/python3.12/site-packages/airflow/example_dags/example_python_decorator.py took 0.065 seconds
[2025-10-07T22:04:54.950+0000] {processor.py:161} INFO - Started process (PID=639) to work on /home/airflow/.local/lib/python3.12/site-packages/airflow/example_dags/example_python_decorator.py
[2025-10-07T22:04:54.952+0000] {processor.py:830} INFO - Processing file /home/airflow/.local/lib/python3.12/site-packages/airflow/example_dags/example_python_decorator.py for tasks to queue
[2025-10-07T22:04:54.954+0000] {logging_mixin.py:188} INFO - [2025-10-07T22:04:54.954+0000] {dagbag.py:545} INFO - Filling up the DagBag from /home/airflow/.local/lib/python3.12/site-packages/airflow/example_dags/example_python_decorator.py
[2025-10-07T22:04:54.964+0000] {processor.py:840} INFO - DAG(s) 'example_python_decorator' retrieved from /home/airflow/.local/lib/python3.12/site-packages/airflow/example_dags/example_python_decorator.py
[2025-10-07T22:04:54.976+0000] {logging_mixin.py:188} INFO - [2025-10-07T22:04:54.976+0000] {dag.py:3096} INFO - Sync 1 DAGs
[2025-10-07T22:04:54.983+0000] {logging_mixin.py:188} INFO - [2025-10-07T22:04:54.983+0000] {dag.py:3954} INFO - Setting next_dagrun for example_python_decorator to None, run_after=None
[2025-10-07T22:04:55.000+0000] {processor.py:183} INFO - Processing /home/airflow/.local/lib/python3.12/site-packages/airflow/example_dags/example_python_decorator.py took 0.054 seconds
[2025-10-07T22:05:25.258+0000] {processor.py:161} INFO - Started process (PID=698) to work on /home/airflow/.local/lib/python3.12/site-packages/airflow/example_dags/example_python_decorator.py
[2025-10-07T22:05:25.260+0000] {processor.py:830} INFO - Processing file /home/airflow/.local/lib/python3.12/site-packages/airflow/example_dags/example_python_decorator.py for tasks to queue
[2025-10-07T22:05:25.261+0000] {logging_mixin.py:188} INFO - [2025-10-07T22:05:25.261+0000] {dagbag.py:545} INFO - Filling up the DagBag from /home/airflow/.local/lib/python3.12/site-packages/airflow/example_dags/example_python_decorator.py
[2025-10-07T22:05:25.271+0000] {processor.py:840} INFO - DAG(s) 'example_python_decorator' retrieved from /home/airflow/.local/lib/python3.12/site-packages/airflow/example_dags/example_python_decorator.py
[2025-10-07T22:05:25.291+0000] {logging_mixin.py:188} INFO - [2025-10-07T22:05:25.291+0000] {dag.py:3096} INFO - Sync 1 DAGs
[2025-10-07T22:05:25.297+0000] {logging_mixin.py:188} INFO - [2025-10-07T22:05:25.297+0000] {dag.py:3954} INFO - Setting next_dagrun for example_python_decorator to None, run_after=None
[2025-10-07T22:05:25.309+0000] {processor.py:183} INFO - Processing /home/airflow/.local/lib/python3.12/site-packages/airflow/example_dags/example_python_decorator.py took 0.054 seconds
[2025-10-07T22:05:55.465+0000] {processor.py:161} INFO - Started process (PID=757) to work on /home/airflow/.local/lib/python3.12/site-packages/airflow/example_dags/example_python_decorator.py
[2025-10-07T22:05:55.465+0000] {processor.py:830} INFO - Processing file /home/airflow/.local/lib/python3.12/site-packages/airflow/example_dags/example_python_decorator.py for tasks to queue
[2025-10-07T22:05:55.466+0000] {logging_mixin.py:188} INFO - [2025-10-07T22:05:55.466+0000] {dagbag.py:545} INFO - Filling up the DagBag from /home/airflow/.local/lib/python3.12/site-packages/airflow/example_dags/example_python_decorator.py
[2025-10-07T22:05:55.475+0000] {processor.py:840} INFO - DAG(s) 'example_python_decorator' retrieved from /home/airflow/.local/lib/python3.12/site-packages/airflow/example_dags/example_python_decorator.py
[2025-10-07T22:05:55.492+0000] {logging_mixin.py:188} INFO - [2025-10-07T22:05:55.492+0000] {dag.py:3096} INFO - Sync 1 DAGs
[2025-10-07T22:05:55.500+0000] {logging_mixin.py:188} INFO - [2025-10-07T22:05:55.499+0000] {dag.py:3954} INFO - Setting next_dagrun for example_python_decorator to None, run_after=None
[2025-10-07T22:05:55.512+0000] {processor.py:183} INFO - Processing /home/airflow/.local/lib/python3.12/site-packages/airflow/example_dags/example_python_decorator.py took 0.051 seconds
[2025-10-07T22:06:25.551+0000] {processor.py:161} INFO - Started process (PID=816) to work on /home/airflow/.local/lib/python3.12/site-packages/airflow/example_dags/example_python_decorator.py
[2025-10-07T22:06:25.552+0000] {processor.py:830} INFO - Processing file /home/airflow/.local/lib/python3.12/site-packages/airflow/example_dags/example_python_decorator.py for tasks to queue
[2025-10-07T22:06:25.553+0000] {logging_mixin.py:188} INFO - [2025-10-07T22:06:25.553+0000] {dagbag.py:545} INFO - Filling up the DagBag from /home/airflow/.local/lib/python3.12/site-packages/airflow/example_dags/example_python_decorator.py
[2025-10-07T22:06:25.559+0000] {processor.py:840} INFO - DAG(s) 'example_python_decorator' retrieved from /home/airflow/.local/lib/python3.12/site-packages/airflow/example_dags/example_python_decorator.py
[2025-10-07T22:06:25.569+0000] {logging_mixin.py:188} INFO - [2025-10-07T22:06:25.569+0000] {dag.py:3096} INFO - Sync 1 DAGs
[2025-10-07T22:06:25.574+0000] {logging_mixin.py:188} INFO - [2025-10-07T22:06:25.574+0000] {dag.py:3954} INFO - Setting next_dagrun for example_python_decorator to None, run_after=None
[2025-10-07T22:06:25.582+0000] {processor.py:183} INFO - Processing /home/airflow/.local/lib/python3.12/site-packages/airflow/example_dags/example_python_decorator.py took 0.033 seconds
[2025-10-07T22:06:55.661+0000] {processor.py:161} INFO - Started process (PID=875) to work on /home/airflow/.local/lib/python3.12/site-packages/airflow/example_dags/example_python_decorator.py
[2025-10-07T22:06:55.663+0000] {processor.py:830} INFO - Processing file /home/airflow/.local/lib/python3.12/site-packages/airflow/example_dags/example_python_decorator.py for tasks to queue
[2025-10-07T22:06:55.664+0000] {logging_mixin.py:188} INFO - [2025-10-07T22:06:55.664+0000] {dagbag.py:545} INFO - Filling up the DagBag from /home/airflow/.local/lib/python3.12/site-packages/airflow/example_dags/example_python_decorator.py
[2025-10-07T22:06:55.671+0000] {processor.py:840} INFO - DAG(s) 'example_python_decorator' retrieved from /home/airflow/.local/lib/python3.12/site-packages/airflow/example_dags/example_python_decorator.py
[2025-10-07T22:06:55.683+0000] {logging_mixin.py:188} INFO - [2025-10-07T22:06:55.682+0000] {dag.py:3096} INFO - Sync 1 DAGs
[2025-10-07T22:06:55.689+0000] {logging_mixin.py:188} INFO - [2025-10-07T22:06:55.689+0000] {dag.py:3954} INFO - Setting next_dagrun for example_python_decorator to None, run_after=None
[2025-10-07T22:06:55.702+0000] {processor.py:183} INFO - Processing /home/airflow/.local/lib/python3.12/site-packages/airflow/example_dags/example_python_decorator.py took 0.044 seconds
[2025-10-07T22:07:25.817+0000] {processor.py:161} INFO - Started process (PID=934) to work on /home/airflow/.local/lib/python3.12/site-packages/airflow/example_dags/example_python_decorator.py
[2025-10-07T22:07:25.817+0000] {processor.py:830} INFO - Processing file /home/airflow/.local/lib/python3.12/site-packages/airflow/example_dags/example_python_decorator.py for tasks to queue
[2025-10-07T22:07:25.819+0000] {logging_mixin.py:188} INFO - [2025-10-07T22:07:25.819+0000] {dagbag.py:545} INFO - Filling up the DagBag from /home/airflow/.local/lib/python3.12/site-packages/airflow/example_dags/example_python_decorator.py
[2025-10-07T22:07:25.827+0000] {processor.py:840} INFO - DAG(s) 'example_python_decorator' retrieved from /home/airflow/.local/lib/python3.12/site-packages/airflow/example_dags/example_python_decorator.py
[2025-10-07T22:07:25.838+0000] {logging_mixin.py:188} INFO - [2025-10-07T22:07:25.838+0000] {dag.py:3096} INFO - Sync 1 DAGs
[2025-10-07T22:07:25.845+0000] {logging_mixin.py:188} INFO - [2025-10-07T22:07:25.845+0000] {dag.py:3954} INFO - Setting next_dagrun for example_python_decorator to None, run_after=None
[2025-10-07T22:07:25.861+0000] {processor.py:183} INFO - Processing /home/airflow/.local/lib/python3.12/site-packages/airflow/example_dags/example_python_decorator.py took 0.048 seconds
[2025-10-07T22:07:55.923+0000] {processor.py:161} INFO - Started process (PID=993) to work on /home/airflow/.local/lib/python3.12/site-packages/airflow/example_dags/example_python_decorator.py
[2025-10-07T22:07:55.924+0000] {processor.py:830} INFO - Processing file /home/airflow/.local/lib/python3.12/site-packages/airflow/example_dags/example_python_decorator.py for tasks to queue
[2025-10-07T22:07:55.925+0000] {logging_mixin.py:188} INFO - [2025-10-07T22:07:55.924+0000] {dagbag.py:545} INFO - Filling up the DagBag from /home/airflow/.local/lib/python3.12/site-packages/airflow/example_dags/example_python_decorator.py
[2025-10-07T22:07:55.931+0000] {processor.py:840} INFO - DAG(s) 'example_python_decorator' retrieved from /home/airflow/.local/lib/python3.12/site-packages/airflow/example_dags/example_python_decorator.py
[2025-10-07T22:07:55.942+0000] {logging_mixin.py:188} INFO - [2025-10-07T22:07:55.941+0000] {dag.py:3096} INFO - Sync 1 DAGs
[2025-10-07T22:07:55.947+0000] {logging_mixin.py:188} INFO - [2025-10-07T22:07:55.947+0000] {dag.py:3954} INFO - Setting next_dagrun for example_python_decorator to None, run_after=None
[2025-10-07T22:07:55.955+0000] {processor.py:183} INFO - Processing /home/airflow/.local/lib/python3.12/site-packages/airflow/example_dags/example_python_decorator.py took 0.034 seconds
[2025-10-07T22:08:26.088+0000] {processor.py:161} INFO - Started process (PID=1052) to work on /home/airflow/.local/lib/python3.12/site-packages/airflow/example_dags/example_python_decorator.py
[2025-10-07T22:08:26.089+0000] {processor.py:830} INFO - Processing file /home/airflow/.local/lib/python3.12/site-packages/airflow/example_dags/example_python_decorator.py for tasks to queue
[2025-10-07T22:08:26.090+0000] {logging_mixin.py:188} INFO - [2025-10-07T22:08:26.090+0000] {dagbag.py:545} INFO - Filling up the DagBag from /home/airflow/.local/lib/python3.12/site-packages/airflow/example_dags/example_python_decorator.py
[2025-10-07T22:08:26.097+0000] {processor.py:840} INFO - DAG(s) 'example_python_decorator' retrieved from /home/airflow/.local/lib/python3.12/site-packages/airflow/example_dags/example_python_decorator.py
[2025-10-07T22:08:26.109+0000] {logging_mixin.py:188} INFO - [2025-10-07T22:08:26.109+0000] {dag.py:3096} INFO - Sync 1 DAGs
[2025-10-07T22:08:26.116+0000] {logging_mixin.py:188} INFO - [2025-10-07T22:08:26.116+0000] {dag.py:3954} INFO - Setting next_dagrun for example_python_decorator to None, run_after=None
[2025-10-07T22:08:26.133+0000] {processor.py:183} INFO - Processing /home/airflow/.local/lib/python3.12/site-packages/airflow/example_dags/example_python_decorator.py took 0.049 seconds
[2025-10-07T22:08:56.214+0000] {processor.py:161} INFO - Started process (PID=1111) to work on /home/airflow/.local/lib/python3.12/site-packages/airflow/example_dags/example_python_decorator.py
[2025-10-07T22:08:56.215+0000] {processor.py:830} INFO - Processing file /home/airflow/.local/lib/python3.12/site-packages/airflow/example_dags/example_python_decorator.py for tasks to queue
[2025-10-07T22:08:56.216+0000] {logging_mixin.py:188} INFO - [2025-10-07T22:08:56.216+0000] {dagbag.py:545} INFO - Filling up the DagBag from /home/airflow/.local/lib/python3.12/site-packages/airflow/example_dags/example_python_decorator.py
[2025-10-07T22:08:56.225+0000] {processor.py:840} INFO - DAG(s) 'example_python_decorator' retrieved from /home/airflow/.local/lib/python3.12/site-packages/airflow/example_dags/example_python_decorator.py
[2025-10-07T22:08:56.239+0000] {logging_mixin.py:188} INFO - [2025-10-07T22:08:56.239+0000] {dag.py:3096} INFO - Sync 1 DAGs
[2025-10-07T22:08:56.245+0000] {logging_mixin.py:188} INFO - [2025-10-07T22:08:56.245+0000] {dag.py:3954} INFO - Setting next_dagrun for example_python_decorator to None, run_after=None
[2025-10-07T22:08:56.264+0000] {processor.py:183} INFO - Processing /home/airflow/.local/lib/python3.12/site-packages/airflow/example_dags/example_python_decorator.py took 0.053 seconds
[2025-10-07T22:09:26.475+0000] {processor.py:161} INFO - Started process (PID=1170) to work on /home/airflow/.local/lib/python3.12/site-packages/airflow/example_dags/example_python_decorator.py
[2025-10-07T22:09:26.476+0000] {processor.py:830} INFO - Processing file /home/airflow/.local/lib/python3.12/site-packages/airflow/example_dags/example_python_decorator.py for tasks to queue
[2025-10-07T22:09:26.477+0000] {logging_mixin.py:188} INFO - [2025-10-07T22:09:26.477+0000] {dagbag.py:545} INFO - Filling up the DagBag from /home/airflow/.local/lib/python3.12/site-packages/airflow/example_dags/example_python_decorator.py
[2025-10-07T22:09:26.483+0000] {processor.py:840} INFO - DAG(s) 'example_python_decorator' retrieved from /home/airflow/.local/lib/python3.12/site-packages/airflow/example_dags/example_python_decorator.py
[2025-10-07T22:09:26.495+0000] {logging_mixin.py:188} INFO - [2025-10-07T22:09:26.494+0000] {dag.py:3096} INFO - Sync 1 DAGs
[2025-10-07T22:09:26.500+0000] {logging_mixin.py:188} INFO - [2025-10-07T22:09:26.500+0000] {dag.py:3954} INFO - Setting next_dagrun for example_python_decorator to None, run_after=None
[2025-10-07T22:09:26.514+0000] {processor.py:183} INFO - Processing /home/airflow/.local/lib/python3.12/site-packages/airflow/example_dags/example_python_decorator.py took 0.042 seconds
[2025-10-07T22:09:56.687+0000] {processor.py:161} INFO - Started process (PID=1229) to work on /home/airflow/.local/lib/python3.12/site-packages/airflow/example_dags/example_python_decorator.py
[2025-10-07T22:09:56.687+0000] {processor.py:830} INFO - Processing file /home/airflow/.local/lib/python3.12/site-packages/airflow/example_dags/example_python_decorator.py for tasks to queue
[2025-10-07T22:09:56.689+0000] {logging_mixin.py:188} INFO - [2025-10-07T22:09:56.689+0000] {dagbag.py:545} INFO - Filling up the DagBag from /home/airflow/.local/lib/python3.12/site-packages/airflow/example_dags/example_python_decorator.py
[2025-10-07T22:09:56.696+0000] {processor.py:840} INFO - DAG(s) 'example_python_decorator' retrieved from /home/airflow/.local/lib/python3.12/site-packages/airflow/example_dags/example_python_decorator.py
[2025-10-07T22:09:56.709+0000] {logging_mixin.py:188} INFO - [2025-10-07T22:09:56.709+0000] {dag.py:3096} INFO - Sync 1 DAGs
[2025-10-07T22:09:56.715+0000] {logging_mixin.py:188} INFO - [2025-10-07T22:09:56.714+0000] {dag.py:3954} INFO - Setting next_dagrun for example_python_decorator to None, run_after=None
[2025-10-07T22:09:56.726+0000] {processor.py:183} INFO - Processing /home/airflow/.local/lib/python3.12/site-packages/airflow/example_dags/example_python_decorator.py took 0.042 seconds
[2025-10-07T22:10:26.858+0000] {processor.py:161} INFO - Started process (PID=1288) to work on /home/airflow/.local/lib/python3.12/site-packages/airflow/example_dags/example_python_decorator.py
[2025-10-07T22:10:26.859+0000] {processor.py:830} INFO - Processing file /home/airflow/.local/lib/python3.12/site-packages/airflow/example_dags/example_python_decorator.py for tasks to queue
[2025-10-07T22:10:26.860+0000] {logging_mixin.py:188} INFO - [2025-10-07T22:10:26.860+0000] {dagbag.py:545} INFO - Filling up the DagBag from /home/airflow/.local/lib/python3.12/site-packages/airflow/example_dags/example_python_decorator.py
[2025-10-07T22:10:26.867+0000] {processor.py:840} INFO - DAG(s) 'example_python_decorator' retrieved from /home/airflow/.local/lib/python3.12/site-packages/airflow/example_dags/example_python_decorator.py
[2025-10-07T22:10:26.882+0000] {logging_mixin.py:188} INFO - [2025-10-07T22:10:26.882+0000] {dag.py:3096} INFO - Sync 1 DAGs
[2025-10-07T22:10:26.887+0000] {logging_mixin.py:188} INFO - [2025-10-07T22:10:26.887+0000] {dag.py:3954} INFO - Setting next_dagrun for example_python_decorator to None, run_after=None
[2025-10-07T22:10:26.899+0000] {processor.py:183} INFO - Processing /home/airflow/.local/lib/python3.12/site-packages/airflow/example_dags/example_python_decorator.py took 0.044 seconds
[2025-10-07T22:10:56.977+0000] {processor.py:161} INFO - Started process (PID=1347) to work on /home/airflow/.local/lib/python3.12/site-packages/airflow/example_dags/example_python_decorator.py
[2025-10-07T22:10:56.980+0000] {processor.py:830} INFO - Processing file /home/airflow/.local/lib/python3.12/site-packages/airflow/example_dags/example_python_decorator.py for tasks to queue
[2025-10-07T22:10:56.982+0000] {logging_mixin.py:188} INFO - [2025-10-07T22:10:56.982+0000] {dagbag.py:545} INFO - Filling up the DagBag from /home/airflow/.local/lib/python3.12/site-packages/airflow/example_dags/example_python_decorator.py
[2025-10-07T22:10:56.990+0000] {processor.py:840} INFO - DAG(s) 'example_python_decorator' retrieved from /home/airflow/.local/lib/python3.12/site-packages/airflow/example_dags/example_python_decorator.py
[2025-10-07T22:10:57.004+0000] {logging_mixin.py:188} INFO - [2025-10-07T22:10:57.003+0000] {dag.py:3096} INFO - Sync 1 DAGs
[2025-10-07T22:10:57.010+0000] {logging_mixin.py:188} INFO - [2025-10-07T22:10:57.010+0000] {dag.py:3954} INFO - Setting next_dagrun for example_python_decorator to None, run_after=None
[2025-10-07T22:10:57.023+0000] {processor.py:183} INFO - Processing /home/airflow/.local/lib/python3.12/site-packages/airflow/example_dags/example_python_decorator.py took 0.049 seconds
[2025-10-07T22:11:27.131+0000] {processor.py:161} INFO - Started process (PID=1406) to work on /home/airflow/.local/lib/python3.12/site-packages/airflow/example_dags/example_python_decorator.py
[2025-10-07T22:11:27.134+0000] {processor.py:830} INFO - Processing file /home/airflow/.local/lib/python3.12/site-packages/airflow/example_dags/example_python_decorator.py for tasks to queue
[2025-10-07T22:11:27.135+0000] {logging_mixin.py:188} INFO - [2025-10-07T22:11:27.135+0000] {dagbag.py:545} INFO - Filling up the DagBag from /home/airflow/.local/lib/python3.12/site-packages/airflow/example_dags/example_python_decorator.py
[2025-10-07T22:11:27.142+0000] {processor.py:840} INFO - DAG(s) 'example_python_decorator' retrieved from /home/airflow/.local/lib/python3.12/site-packages/airflow/example_dags/example_python_decorator.py
[2025-10-07T22:11:27.154+0000] {logging_mixin.py:188} INFO - [2025-10-07T22:11:27.153+0000] {dag.py:3096} INFO - Sync 1 DAGs
[2025-10-07T22:11:27.160+0000] {logging_mixin.py:188} INFO - [2025-10-07T22:11:27.160+0000] {dag.py:3954} INFO - Setting next_dagrun for example_python_decorator to None, run_after=None
[2025-10-07T22:11:27.169+0000] {processor.py:183} INFO - Processing /home/airflow/.local/lib/python3.12/site-packages/airflow/example_dags/example_python_decorator.py took 0.040 seconds
[2025-10-07T22:11:57.208+0000] {processor.py:161} INFO - Started process (PID=1465) to work on /home/airflow/.local/lib/python3.12/site-packages/airflow/example_dags/example_python_decorator.py
[2025-10-07T22:11:57.209+0000] {processor.py:830} INFO - Processing file /home/airflow/.local/lib/python3.12/site-packages/airflow/example_dags/example_python_decorator.py for tasks to queue
[2025-10-07T22:11:57.211+0000] {logging_mixin.py:188} INFO - [2025-10-07T22:11:57.211+0000] {dagbag.py:545} INFO - Filling up the DagBag from /home/airflow/.local/lib/python3.12/site-packages/airflow/example_dags/example_python_decorator.py
[2025-10-07T22:11:57.218+0000] {processor.py:840} INFO - DAG(s) 'example_python_decorator' retrieved from /home/airflow/.local/lib/python3.12/site-packages/airflow/example_dags/example_python_decorator.py
[2025-10-07T22:11:57.230+0000] {logging_mixin.py:188} INFO - [2025-10-07T22:11:57.230+0000] {dag.py:3096} INFO - Sync 1 DAGs
[2025-10-07T22:11:57.237+0000] {logging_mixin.py:188} INFO - [2025-10-07T22:11:57.237+0000] {dag.py:3954} INFO - Setting next_dagrun for example_python_decorator to None, run_after=None
[2025-10-07T22:11:57.248+0000] {processor.py:183} INFO - Processing /home/airflow/.local/lib/python3.12/site-packages/airflow/example_dags/example_python_decorator.py took 0.043 seconds
[2025-10-07T22:12:27.445+0000] {processor.py:161} INFO - Started process (PID=1524) to work on /home/airflow/.local/lib/python3.12/site-packages/airflow/example_dags/example_python_decorator.py
[2025-10-07T22:12:27.445+0000] {processor.py:830} INFO - Processing file /home/airflow/.local/lib/python3.12/site-packages/airflow/example_dags/example_python_decorator.py for tasks to queue
[2025-10-07T22:12:27.446+0000] {logging_mixin.py:188} INFO - [2025-10-07T22:12:27.446+0000] {dagbag.py:545} INFO - Filling up the DagBag from /home/airflow/.local/lib/python3.12/site-packages/airflow/example_dags/example_python_decorator.py
[2025-10-07T22:12:27.453+0000] {processor.py:840} INFO - DAG(s) 'example_python_decorator' retrieved from /home/airflow/.local/lib/python3.12/site-packages/airflow/example_dags/example_python_decorator.py
[2025-10-07T22:12:27.465+0000] {logging_mixin.py:188} INFO - [2025-10-07T22:12:27.465+0000] {dag.py:3096} INFO - Sync 1 DAGs
[2025-10-07T22:12:27.472+0000] {logging_mixin.py:188} INFO - [2025-10-07T22:12:27.472+0000] {dag.py:3954} INFO - Setting next_dagrun for example_python_decorator to None, run_after=None
[2025-10-07T22:12:27.483+0000] {processor.py:183} INFO - Processing /home/airflow/.local/lib/python3.12/site-packages/airflow/example_dags/example_python_decorator.py took 0.041 seconds
[2025-10-07T22:12:57.584+0000] {processor.py:161} INFO - Started process (PID=1583) to work on /home/airflow/.local/lib/python3.12/site-packages/airflow/example_dags/example_python_decorator.py
[2025-10-07T22:12:57.585+0000] {processor.py:830} INFO - Processing file /home/airflow/.local/lib/python3.12/site-packages/airflow/example_dags/example_python_decorator.py for tasks to queue
[2025-10-07T22:12:57.586+0000] {logging_mixin.py:188} INFO - [2025-10-07T22:12:57.586+0000] {dagbag.py:545} INFO - Filling up the DagBag from /home/airflow/.local/lib/python3.12/site-packages/airflow/example_dags/example_python_decorator.py
[2025-10-07T22:12:57.596+0000] {processor.py:840} INFO - DAG(s) 'example_python_decorator' retrieved from /home/airflow/.local/lib/python3.12/site-packages/airflow/example_dags/example_python_decorator.py
[2025-10-07T22:12:57.610+0000] {logging_mixin.py:188} INFO - [2025-10-07T22:12:57.610+0000] {dag.py:3096} INFO - Sync 1 DAGs
[2025-10-07T22:12:57.617+0000] {logging_mixin.py:188} INFO - [2025-10-07T22:12:57.617+0000] {dag.py:3954} INFO - Setting next_dagrun for example_python_decorator to None, run_after=None
[2025-10-07T22:12:57.632+0000] {processor.py:183} INFO - Processing /home/airflow/.local/lib/python3.12/site-packages/airflow/example_dags/example_python_decorator.py took 0.052 seconds
[2025-10-07T22:13:27.910+0000] {processor.py:161} INFO - Started process (PID=1642) to work on /home/airflow/.local/lib/python3.12/site-packages/airflow/example_dags/example_python_decorator.py
[2025-10-07T22:13:27.911+0000] {processor.py:830} INFO - Processing file /home/airflow/.local/lib/python3.12/site-packages/airflow/example_dags/example_python_decorator.py for tasks to queue
[2025-10-07T22:13:27.912+0000] {logging_mixin.py:188} INFO - [2025-10-07T22:13:27.912+0000] {dagbag.py:545} INFO - Filling up the DagBag from /home/airflow/.local/lib/python3.12/site-packages/airflow/example_dags/example_python_decorator.py
[2025-10-07T22:13:27.918+0000] {processor.py:840} INFO - DAG(s) 'example_python_decorator' retrieved from /home/airflow/.local/lib/python3.12/site-packages/airflow/example_dags/example_python_decorator.py
[2025-10-07T22:13:27.931+0000] {logging_mixin.py:188} INFO - [2025-10-07T22:13:27.930+0000] {dag.py:3096} INFO - Sync 1 DAGs
[2025-10-07T22:13:27.937+0000] {logging_mixin.py:188} INFO - [2025-10-07T22:13:27.937+0000] {dag.py:3954} INFO - Setting next_dagrun for example_python_decorator to None, run_after=None
[2025-10-07T22:13:27.951+0000] {processor.py:183} INFO - Processing /home/airflow/.local/lib/python3.12/site-packages/airflow/example_dags/example_python_decorator.py took 0.044 seconds
[2025-10-07T22:13:58.003+0000] {processor.py:161} INFO - Started process (PID=1701) to work on /home/airflow/.local/lib/python3.12/site-packages/airflow/example_dags/example_python_decorator.py
[2025-10-07T22:13:58.003+0000] {processor.py:830} INFO - Processing file /home/airflow/.local/lib/python3.12/site-packages/airflow/example_dags/example_python_decorator.py for tasks to queue
[2025-10-07T22:13:58.005+0000] {logging_mixin.py:188} INFO - [2025-10-07T22:13:58.004+0000] {dagbag.py:545} INFO - Filling up the DagBag from /home/airflow/.local/lib/python3.12/site-packages/airflow/example_dags/example_python_decorator.py
[2025-10-07T22:13:58.011+0000] {processor.py:840} INFO - DAG(s) 'example_python_decorator' retrieved from /home/airflow/.local/lib/python3.12/site-packages/airflow/example_dags/example_python_decorator.py
[2025-10-07T22:13:58.022+0000] {logging_mixin.py:188} INFO - [2025-10-07T22:13:58.022+0000] {dag.py:3096} INFO - Sync 1 DAGs
[2025-10-07T22:13:58.028+0000] {logging_mixin.py:188} INFO - [2025-10-07T22:13:58.028+0000] {dag.py:3954} INFO - Setting next_dagrun for example_python_decorator to None, run_after=None
[2025-10-07T22:13:58.040+0000] {processor.py:183} INFO - Processing /home/airflow/.local/lib/python3.12/site-packages/airflow/example_dags/example_python_decorator.py took 0.041 seconds
[2025-10-07T22:14:28.087+0000] {processor.py:161} INFO - Started process (PID=1760) to work on /home/airflow/.local/lib/python3.12/site-packages/airflow/example_dags/example_python_decorator.py
[2025-10-07T22:14:28.088+0000] {processor.py:830} INFO - Processing file /home/airflow/.local/lib/python3.12/site-packages/airflow/example_dags/example_python_decorator.py for tasks to queue
[2025-10-07T22:14:28.089+0000] {logging_mixin.py:188} INFO - [2025-10-07T22:14:28.089+0000] {dagbag.py:545} INFO - Filling up the DagBag from /home/airflow/.local/lib/python3.12/site-packages/airflow/example_dags/example_python_decorator.py
[2025-10-07T22:14:28.096+0000] {processor.py:840} INFO - DAG(s) 'example_python_decorator' retrieved from /home/airflow/.local/lib/python3.12/site-packages/airflow/example_dags/example_python_decorator.py
[2025-10-07T22:14:28.107+0000] {logging_mixin.py:188} INFO - [2025-10-07T22:14:28.107+0000] {dag.py:3096} INFO - Sync 1 DAGs
[2025-10-07T22:14:28.113+0000] {logging_mixin.py:188} INFO - [2025-10-07T22:14:28.113+0000] {dag.py:3954} INFO - Setting next_dagrun for example_python_decorator to None, run_after=None
[2025-10-07T22:14:28.123+0000] {processor.py:183} INFO - Processing /home/airflow/.local/lib/python3.12/site-packages/airflow/example_dags/example_python_decorator.py took 0.040 seconds
[2025-10-07T22:14:58.302+0000] {processor.py:161} INFO - Started process (PID=1819) to work on /home/airflow/.local/lib/python3.12/site-packages/airflow/example_dags/example_python_decorator.py
[2025-10-07T22:14:58.305+0000] {processor.py:830} INFO - Processing file /home/airflow/.local/lib/python3.12/site-packages/airflow/example_dags/example_python_decorator.py for tasks to queue
[2025-10-07T22:14:58.307+0000] {logging_mixin.py:188} INFO - [2025-10-07T22:14:58.306+0000] {dagbag.py:545} INFO - Filling up the DagBag from /home/airflow/.local/lib/python3.12/site-packages/airflow/example_dags/example_python_decorator.py
[2025-10-07T22:14:58.313+0000] {processor.py:840} INFO - DAG(s) 'example_python_decorator' retrieved from /home/airflow/.local/lib/python3.12/site-packages/airflow/example_dags/example_python_decorator.py
[2025-10-07T22:14:58.326+0000] {logging_mixin.py:188} INFO - [2025-10-07T22:14:58.326+0000] {dag.py:3096} INFO - Sync 1 DAGs
[2025-10-07T22:14:58.333+0000] {logging_mixin.py:188} INFO - [2025-10-07T22:14:58.333+0000] {dag.py:3954} INFO - Setting next_dagrun for example_python_decorator to None, run_after=None
[2025-10-07T22:14:58.348+0000] {processor.py:183} INFO - Processing /home/airflow/.local/lib/python3.12/site-packages/airflow/example_dags/example_python_decorator.py took 0.049 seconds
[2025-10-07T22:15:28.648+0000] {processor.py:161} INFO - Started process (PID=1878) to work on /home/airflow/.local/lib/python3.12/site-packages/airflow/example_dags/example_python_decorator.py
[2025-10-07T22:15:28.648+0000] {processor.py:830} INFO - Processing file /home/airflow/.local/lib/python3.12/site-packages/airflow/example_dags/example_python_decorator.py for tasks to queue
[2025-10-07T22:15:28.650+0000] {logging_mixin.py:188} INFO - [2025-10-07T22:15:28.650+0000] {dagbag.py:545} INFO - Filling up the DagBag from /home/airflow/.local/lib/python3.12/site-packages/airflow/example_dags/example_python_decorator.py
[2025-10-07T22:15:28.657+0000] {processor.py:840} INFO - DAG(s) 'example_python_decorator' retrieved from /home/airflow/.local/lib/python3.12/site-packages/airflow/example_dags/example_python_decorator.py
[2025-10-07T22:15:28.669+0000] {logging_mixin.py:188} INFO - [2025-10-07T22:15:28.669+0000] {dag.py:3096} INFO - Sync 1 DAGs
[2025-10-07T22:15:28.675+0000] {logging_mixin.py:188} INFO - [2025-10-07T22:15:28.675+0000] {dag.py:3954} INFO - Setting next_dagrun for example_python_decorator to None, run_after=None
[2025-10-07T22:15:28.684+0000] {processor.py:183} INFO - Processing /home/airflow/.local/lib/python3.12/site-packages/airflow/example_dags/example_python_decorator.py took 0.039 seconds
[2025-10-07T22:15:59.454+0000] {processor.py:161} INFO - Started process (PID=1937) to work on /home/airflow/.local/lib/python3.12/site-packages/airflow/example_dags/example_python_decorator.py
[2025-10-07T22:15:59.454+0000] {processor.py:830} INFO - Processing file /home/airflow/.local/lib/python3.12/site-packages/airflow/example_dags/example_python_decorator.py for tasks to queue
[2025-10-07T22:15:59.455+0000] {logging_mixin.py:188} INFO - [2025-10-07T22:15:59.455+0000] {dagbag.py:545} INFO - Filling up the DagBag from /home/airflow/.local/lib/python3.12/site-packages/airflow/example_dags/example_python_decorator.py
[2025-10-07T22:15:59.462+0000] {processor.py:840} INFO - DAG(s) 'example_python_decorator' retrieved from /home/airflow/.local/lib/python3.12/site-packages/airflow/example_dags/example_python_decorator.py
[2025-10-07T22:15:59.473+0000] {logging_mixin.py:188} INFO - [2025-10-07T22:15:59.473+0000] {dag.py:3096} INFO - Sync 1 DAGs
[2025-10-07T22:15:59.480+0000] {logging_mixin.py:188} INFO - [2025-10-07T22:15:59.480+0000] {dag.py:3954} INFO - Setting next_dagrun for example_python_decorator to None, run_after=None
[2025-10-07T22:15:59.491+0000] {processor.py:183} INFO - Processing /home/airflow/.local/lib/python3.12/site-packages/airflow/example_dags/example_python_decorator.py took 0.041 seconds
[2025-10-07T22:16:29.559+0000] {processor.py:161} INFO - Started process (PID=1996) to work on /home/airflow/.local/lib/python3.12/site-packages/airflow/example_dags/example_python_decorator.py
[2025-10-07T22:16:29.560+0000] {processor.py:830} INFO - Processing file /home/airflow/.local/lib/python3.12/site-packages/airflow/example_dags/example_python_decorator.py for tasks to queue
[2025-10-07T22:16:29.561+0000] {logging_mixin.py:188} INFO - [2025-10-07T22:16:29.561+0000] {dagbag.py:545} INFO - Filling up the DagBag from /home/airflow/.local/lib/python3.12/site-packages/airflow/example_dags/example_python_decorator.py
[2025-10-07T22:16:29.567+0000] {processor.py:840} INFO - DAG(s) 'example_python_decorator' retrieved from /home/airflow/.local/lib/python3.12/site-packages/airflow/example_dags/example_python_decorator.py
[2025-10-07T22:16:29.579+0000] {logging_mixin.py:188} INFO - [2025-10-07T22:16:29.578+0000] {dag.py:3096} INFO - Sync 1 DAGs
[2025-10-07T22:16:29.584+0000] {logging_mixin.py:188} INFO - [2025-10-07T22:16:29.584+0000] {dag.py:3954} INFO - Setting next_dagrun for example_python_decorator to None, run_after=None
[2025-10-07T22:16:29.595+0000] {processor.py:183} INFO - Processing /home/airflow/.local/lib/python3.12/site-packages/airflow/example_dags/example_python_decorator.py took 0.039 seconds
[2025-10-07T22:17:00.295+0000] {processor.py:161} INFO - Started process (PID=2055) to work on /home/airflow/.local/lib/python3.12/site-packages/airflow/example_dags/example_python_decorator.py
[2025-10-07T22:17:00.296+0000] {processor.py:830} INFO - Processing file /home/airflow/.local/lib/python3.12/site-packages/airflow/example_dags/example_python_decorator.py for tasks to queue
[2025-10-07T22:17:00.297+0000] {logging_mixin.py:188} INFO - [2025-10-07T22:17:00.297+0000] {dagbag.py:545} INFO - Filling up the DagBag from /home/airflow/.local/lib/python3.12/site-packages/airflow/example_dags/example_python_decorator.py
[2025-10-07T22:17:00.304+0000] {processor.py:840} INFO - DAG(s) 'example_python_decorator' retrieved from /home/airflow/.local/lib/python3.12/site-packages/airflow/example_dags/example_python_decorator.py
[2025-10-07T22:17:00.315+0000] {logging_mixin.py:188} INFO - [2025-10-07T22:17:00.315+0000] {dag.py:3096} INFO - Sync 1 DAGs
[2025-10-07T22:17:00.324+0000] {logging_mixin.py:188} INFO - [2025-10-07T22:17:00.324+0000] {dag.py:3954} INFO - Setting next_dagrun for example_python_decorator to None, run_after=None
[2025-10-07T22:17:00.333+0000] {processor.py:183} INFO - Processing /home/airflow/.local/lib/python3.12/site-packages/airflow/example_dags/example_python_decorator.py took 0.041 seconds
[2025-10-07T22:17:30.876+0000] {processor.py:161} INFO - Started process (PID=2114) to work on /home/airflow/.local/lib/python3.12/site-packages/airflow/example_dags/example_python_decorator.py
[2025-10-07T22:17:30.876+0000] {processor.py:830} INFO - Processing file /home/airflow/.local/lib/python3.12/site-packages/airflow/example_dags/example_python_decorator.py for tasks to queue
[2025-10-07T22:17:30.879+0000] {logging_mixin.py:188} INFO - [2025-10-07T22:17:30.879+0000] {dagbag.py:545} INFO - Filling up the DagBag from /home/airflow/.local/lib/python3.12/site-packages/airflow/example_dags/example_python_decorator.py
[2025-10-07T22:17:30.886+0000] {processor.py:840} INFO - DAG(s) 'example_python_decorator' retrieved from /home/airflow/.local/lib/python3.12/site-packages/airflow/example_dags/example_python_decorator.py
[2025-10-07T22:17:30.990+0000] {logging_mixin.py:188} INFO - [2025-10-07T22:17:30.990+0000] {dag.py:3096} INFO - Sync 1 DAGs
[2025-10-07T22:17:30.995+0000] {logging_mixin.py:188} INFO - [2025-10-07T22:17:30.994+0000] {dag.py:3954} INFO - Setting next_dagrun for example_python_decorator to None, run_after=None
[2025-10-07T22:17:31.007+0000] {processor.py:183} INFO - Processing /home/airflow/.local/lib/python3.12/site-packages/airflow/example_dags/example_python_decorator.py took 0.135 seconds
[2025-10-07T22:18:01.285+0000] {processor.py:161} INFO - Started process (PID=2173) to work on /home/airflow/.local/lib/python3.12/site-packages/airflow/example_dags/example_python_decorator.py
[2025-10-07T22:18:01.286+0000] {processor.py:830} INFO - Processing file /home/airflow/.local/lib/python3.12/site-packages/airflow/example_dags/example_python_decorator.py for tasks to queue
[2025-10-07T22:18:01.287+0000] {logging_mixin.py:188} INFO - [2025-10-07T22:18:01.287+0000] {dagbag.py:545} INFO - Filling up the DagBag from /home/airflow/.local/lib/python3.12/site-packages/airflow/example_dags/example_python_decorator.py
[2025-10-07T22:18:01.297+0000] {processor.py:840} INFO - DAG(s) 'example_python_decorator' retrieved from /home/airflow/.local/lib/python3.12/site-packages/airflow/example_dags/example_python_decorator.py
[2025-10-07T22:18:01.316+0000] {logging_mixin.py:188} INFO - [2025-10-07T22:18:01.316+0000] {dag.py:3096} INFO - Sync 1 DAGs
[2025-10-07T22:18:01.322+0000] {logging_mixin.py:188} INFO - [2025-10-07T22:18:01.322+0000] {dag.py:3954} INFO - Setting next_dagrun for example_python_decorator to None, run_after=None
[2025-10-07T22:18:01.338+0000] {processor.py:183} INFO - Processing /home/airflow/.local/lib/python3.12/site-packages/airflow/example_dags/example_python_decorator.py took 0.057 seconds
[2025-10-07T22:18:31.567+0000] {processor.py:161} INFO - Started process (PID=2232) to work on /home/airflow/.local/lib/python3.12/site-packages/airflow/example_dags/example_python_decorator.py
[2025-10-07T22:18:31.568+0000] {processor.py:830} INFO - Processing file /home/airflow/.local/lib/python3.12/site-packages/airflow/example_dags/example_python_decorator.py for tasks to queue
[2025-10-07T22:18:31.569+0000] {logging_mixin.py:188} INFO - [2025-10-07T22:18:31.569+0000] {dagbag.py:545} INFO - Filling up the DagBag from /home/airflow/.local/lib/python3.12/site-packages/airflow/example_dags/example_python_decorator.py
[2025-10-07T22:18:31.579+0000] {processor.py:840} INFO - DAG(s) 'example_python_decorator' retrieved from /home/airflow/.local/lib/python3.12/site-packages/airflow/example_dags/example_python_decorator.py
[2025-10-07T22:18:31.591+0000] {logging_mixin.py:188} INFO - [2025-10-07T22:18:31.591+0000] {dag.py:3096} INFO - Sync 1 DAGs
[2025-10-07T22:18:31.597+0000] {logging_mixin.py:188} INFO - [2025-10-07T22:18:31.597+0000] {dag.py:3954} INFO - Setting next_dagrun for example_python_decorator to None, run_after=None
[2025-10-07T22:18:31.609+0000] {processor.py:183} INFO - Processing /home/airflow/.local/lib/python3.12/site-packages/airflow/example_dags/example_python_decorator.py took 0.045 seconds
[2025-10-07T22:19:15.707+0000] {processor.py:161} INFO - Started process (PID=42) to work on /home/airflow/.local/lib/python3.12/site-packages/airflow/example_dags/example_python_decorator.py
[2025-10-07T22:19:15.709+0000] {processor.py:830} INFO - Processing file /home/airflow/.local/lib/python3.12/site-packages/airflow/example_dags/example_python_decorator.py for tasks to queue
[2025-10-07T22:19:15.711+0000] {logging_mixin.py:188} INFO - [2025-10-07T22:19:15.711+0000] {dagbag.py:545} INFO - Filling up the DagBag from /home/airflow/.local/lib/python3.12/site-packages/airflow/example_dags/example_python_decorator.py
[2025-10-07T22:19:15.724+0000] {processor.py:840} INFO - DAG(s) 'example_python_decorator' retrieved from /home/airflow/.local/lib/python3.12/site-packages/airflow/example_dags/example_python_decorator.py
[2025-10-07T22:19:15.738+0000] {logging_mixin.py:188} INFO - [2025-10-07T22:19:15.738+0000] {dag.py:3096} INFO - Sync 1 DAGs
[2025-10-07T22:19:15.753+0000] {logging_mixin.py:188} INFO - [2025-10-07T22:19:15.752+0000] {dag.py:3954} INFO - Setting next_dagrun for example_python_decorator to None, run_after=None
[2025-10-07T22:19:15.766+0000] {processor.py:183} INFO - Processing /home/airflow/.local/lib/python3.12/site-packages/airflow/example_dags/example_python_decorator.py took 0.071 seconds
[2025-10-07T22:19:46.566+0000] {processor.py:161} INFO - Started process (PID=101) to work on /home/airflow/.local/lib/python3.12/site-packages/airflow/example_dags/example_python_decorator.py
[2025-10-07T22:19:46.567+0000] {processor.py:830} INFO - Processing file /home/airflow/.local/lib/python3.12/site-packages/airflow/example_dags/example_python_decorator.py for tasks to queue
[2025-10-07T22:19:46.568+0000] {logging_mixin.py:188} INFO - [2025-10-07T22:19:46.568+0000] {dagbag.py:545} INFO - Filling up the DagBag from /home/airflow/.local/lib/python3.12/site-packages/airflow/example_dags/example_python_decorator.py
[2025-10-07T22:19:46.575+0000] {processor.py:840} INFO - DAG(s) 'example_python_decorator' retrieved from /home/airflow/.local/lib/python3.12/site-packages/airflow/example_dags/example_python_decorator.py
[2025-10-07T22:19:46.642+0000] {logging_mixin.py:188} INFO - [2025-10-07T22:19:46.642+0000] {dag.py:3096} INFO - Sync 1 DAGs
[2025-10-07T22:19:46.651+0000] {logging_mixin.py:188} INFO - [2025-10-07T22:19:46.651+0000] {dag.py:3954} INFO - Setting next_dagrun for example_python_decorator to None, run_after=None
[2025-10-07T22:19:46.667+0000] {processor.py:183} INFO - Processing /home/airflow/.local/lib/python3.12/site-packages/airflow/example_dags/example_python_decorator.py took 0.104 seconds
[2025-10-07T22:20:17.605+0000] {processor.py:161} INFO - Started process (PID=160) to work on /home/airflow/.local/lib/python3.12/site-packages/airflow/example_dags/example_python_decorator.py
[2025-10-07T22:20:17.608+0000] {processor.py:830} INFO - Processing file /home/airflow/.local/lib/python3.12/site-packages/airflow/example_dags/example_python_decorator.py for tasks to queue
[2025-10-07T22:20:17.609+0000] {logging_mixin.py:188} INFO - [2025-10-07T22:20:17.609+0000] {dagbag.py:545} INFO - Filling up the DagBag from /home/airflow/.local/lib/python3.12/site-packages/airflow/example_dags/example_python_decorator.py
[2025-10-07T22:20:17.626+0000] {processor.py:840} INFO - DAG(s) 'example_python_decorator' retrieved from /home/airflow/.local/lib/python3.12/site-packages/airflow/example_dags/example_python_decorator.py
[2025-10-07T22:20:17.656+0000] {logging_mixin.py:188} INFO - [2025-10-07T22:20:17.656+0000] {dag.py:3096} INFO - Sync 1 DAGs
[2025-10-07T22:20:17.667+0000] {logging_mixin.py:188} INFO - [2025-10-07T22:20:17.667+0000] {dag.py:3954} INFO - Setting next_dagrun for example_python_decorator to None, run_after=None
[2025-10-07T22:20:17.683+0000] {processor.py:183} INFO - Processing /home/airflow/.local/lib/python3.12/site-packages/airflow/example_dags/example_python_decorator.py took 0.088 seconds
[2025-10-07T22:20:48.030+0000] {processor.py:161} INFO - Started process (PID=219) to work on /home/airflow/.local/lib/python3.12/site-packages/airflow/example_dags/example_python_decorator.py
[2025-10-07T22:20:48.032+0000] {processor.py:830} INFO - Processing file /home/airflow/.local/lib/python3.12/site-packages/airflow/example_dags/example_python_decorator.py for tasks to queue
[2025-10-07T22:20:48.035+0000] {logging_mixin.py:188} INFO - [2025-10-07T22:20:48.035+0000] {dagbag.py:545} INFO - Filling up the DagBag from /home/airflow/.local/lib/python3.12/site-packages/airflow/example_dags/example_python_decorator.py
[2025-10-07T22:20:48.051+0000] {processor.py:840} INFO - DAG(s) 'example_python_decorator' retrieved from /home/airflow/.local/lib/python3.12/site-packages/airflow/example_dags/example_python_decorator.py
[2025-10-07T22:20:48.071+0000] {logging_mixin.py:188} INFO - [2025-10-07T22:20:48.071+0000] {dag.py:3096} INFO - Sync 1 DAGs
[2025-10-07T22:20:48.085+0000] {logging_mixin.py:188} INFO - [2025-10-07T22:20:48.085+0000] {dag.py:3954} INFO - Setting next_dagrun for example_python_decorator to None, run_after=None
[2025-10-07T22:20:48.101+0000] {processor.py:183} INFO - Processing /home/airflow/.local/lib/python3.12/site-packages/airflow/example_dags/example_python_decorator.py took 0.077 seconds
[2025-10-07T22:21:18.147+0000] {processor.py:161} INFO - Started process (PID=278) to work on /home/airflow/.local/lib/python3.12/site-packages/airflow/example_dags/example_python_decorator.py
[2025-10-07T22:21:18.148+0000] {processor.py:830} INFO - Processing file /home/airflow/.local/lib/python3.12/site-packages/airflow/example_dags/example_python_decorator.py for tasks to queue
[2025-10-07T22:21:18.149+0000] {logging_mixin.py:188} INFO - [2025-10-07T22:21:18.149+0000] {dagbag.py:545} INFO - Filling up the DagBag from /home/airflow/.local/lib/python3.12/site-packages/airflow/example_dags/example_python_decorator.py
[2025-10-07T22:21:18.156+0000] {processor.py:840} INFO - DAG(s) 'example_python_decorator' retrieved from /home/airflow/.local/lib/python3.12/site-packages/airflow/example_dags/example_python_decorator.py
[2025-10-07T22:21:18.173+0000] {logging_mixin.py:188} INFO - [2025-10-07T22:21:18.173+0000] {dag.py:3096} INFO - Sync 1 DAGs
[2025-10-07T22:21:18.179+0000] {logging_mixin.py:188} INFO - [2025-10-07T22:21:18.179+0000] {dag.py:3954} INFO - Setting next_dagrun for example_python_decorator to None, run_after=None
[2025-10-07T22:21:18.192+0000] {processor.py:183} INFO - Processing /home/airflow/.local/lib/python3.12/site-packages/airflow/example_dags/example_python_decorator.py took 0.052 seconds
[2025-10-07T22:21:48.512+0000] {processor.py:161} INFO - Started process (PID=337) to work on /home/airflow/.local/lib/python3.12/site-packages/airflow/example_dags/example_python_decorator.py
[2025-10-07T22:21:48.513+0000] {processor.py:830} INFO - Processing file /home/airflow/.local/lib/python3.12/site-packages/airflow/example_dags/example_python_decorator.py for tasks to queue
[2025-10-07T22:21:48.514+0000] {logging_mixin.py:188} INFO - [2025-10-07T22:21:48.514+0000] {dagbag.py:545} INFO - Filling up the DagBag from /home/airflow/.local/lib/python3.12/site-packages/airflow/example_dags/example_python_decorator.py
[2025-10-07T22:21:48.528+0000] {processor.py:840} INFO - DAG(s) 'example_python_decorator' retrieved from /home/airflow/.local/lib/python3.12/site-packages/airflow/example_dags/example_python_decorator.py
[2025-10-07T22:21:48.545+0000] {logging_mixin.py:188} INFO - [2025-10-07T22:21:48.545+0000] {dag.py:3096} INFO - Sync 1 DAGs
[2025-10-07T22:21:48.558+0000] {logging_mixin.py:188} INFO - [2025-10-07T22:21:48.557+0000] {dag.py:3954} INFO - Setting next_dagrun for example_python_decorator to None, run_after=None
[2025-10-07T22:21:48.571+0000] {processor.py:183} INFO - Processing /home/airflow/.local/lib/python3.12/site-packages/airflow/example_dags/example_python_decorator.py took 0.063 seconds
