[2025-10-07T21:54:24.661+0000] {processor.py:161} INFO - Started process (PID=60) to work on /home/airflow/.local/lib/python3.12/site-packages/airflow/example_dags/example_sensors.py
[2025-10-07T21:54:24.662+0000] {processor.py:830} INFO - Processing file /home/airflow/.local/lib/python3.12/site-packages/airflow/example_dags/example_sensors.py for tasks to queue
[2025-10-07T21:54:24.663+0000] {logging_mixin.py:188} INFO - [2025-10-07T21:54:24.663+0000] {dagbag.py:545} INFO - Filling up the DagBag from /home/airflow/.local/lib/python3.12/site-packages/airflow/example_dags/example_sensors.py
[2025-10-07T21:54:24.673+0000] {processor.py:840} INFO - DAG(s) 'example_sensors' retrieved from /home/airflow/.local/lib/python3.12/site-packages/airflow/example_dags/example_sensors.py
[2025-10-07T21:54:24.683+0000] {logging_mixin.py:188} INFO - [2025-10-07T21:54:24.683+0000] {dag.py:3096} INFO - Sync 1 DAGs
[2025-10-07T21:54:24.693+0000] {logging_mixin.py:188} INFO - [2025-10-07T21:54:24.693+0000] {dag.py:3954} INFO - Setting next_dagrun for example_sensors to None, run_after=None
[2025-10-07T21:54:24.705+0000] {processor.py:183} INFO - Processing /home/airflow/.local/lib/python3.12/site-packages/airflow/example_dags/example_sensors.py took 0.048 seconds
[2025-10-07T21:54:55.751+0000] {processor.py:161} INFO - Started process (PID=119) to work on /home/airflow/.local/lib/python3.12/site-packages/airflow/example_dags/example_sensors.py
[2025-10-07T21:54:55.752+0000] {processor.py:830} INFO - Processing file /home/airflow/.local/lib/python3.12/site-packages/airflow/example_dags/example_sensors.py for tasks to queue
[2025-10-07T21:54:55.753+0000] {logging_mixin.py:188} INFO - [2025-10-07T21:54:55.753+0000] {dagbag.py:545} INFO - Filling up the DagBag from /home/airflow/.local/lib/python3.12/site-packages/airflow/example_dags/example_sensors.py
[2025-10-07T21:54:55.759+0000] {processor.py:840} INFO - DAG(s) 'example_sensors' retrieved from /home/airflow/.local/lib/python3.12/site-packages/airflow/example_dags/example_sensors.py
[2025-10-07T21:54:55.816+0000] {logging_mixin.py:188} INFO - [2025-10-07T21:54:55.816+0000] {dag.py:3096} INFO - Sync 1 DAGs
[2025-10-07T21:54:55.821+0000] {logging_mixin.py:188} INFO - [2025-10-07T21:54:55.821+0000] {dag.py:3954} INFO - Setting next_dagrun for example_sensors to None, run_after=None
[2025-10-07T21:54:55.835+0000] {processor.py:183} INFO - Processing /home/airflow/.local/lib/python3.12/site-packages/airflow/example_dags/example_sensors.py took 0.087 seconds
[2025-10-07T21:55:26.389+0000] {processor.py:161} INFO - Started process (PID=178) to work on /home/airflow/.local/lib/python3.12/site-packages/airflow/example_dags/example_sensors.py
[2025-10-07T21:55:26.393+0000] {processor.py:830} INFO - Processing file /home/airflow/.local/lib/python3.12/site-packages/airflow/example_dags/example_sensors.py for tasks to queue
[2025-10-07T21:55:26.394+0000] {logging_mixin.py:188} INFO - [2025-10-07T21:55:26.394+0000] {dagbag.py:545} INFO - Filling up the DagBag from /home/airflow/.local/lib/python3.12/site-packages/airflow/example_dags/example_sensors.py
[2025-10-07T21:55:26.400+0000] {processor.py:840} INFO - DAG(s) 'example_sensors' retrieved from /home/airflow/.local/lib/python3.12/site-packages/airflow/example_dags/example_sensors.py
[2025-10-07T21:55:26.415+0000] {logging_mixin.py:188} INFO - [2025-10-07T21:55:26.415+0000] {dag.py:3096} INFO - Sync 1 DAGs
[2025-10-07T21:55:26.421+0000] {logging_mixin.py:188} INFO - [2025-10-07T21:55:26.421+0000] {dag.py:3954} INFO - Setting next_dagrun for example_sensors to None, run_after=None
[2025-10-07T21:55:26.430+0000] {processor.py:183} INFO - Processing /home/airflow/.local/lib/python3.12/site-packages/airflow/example_dags/example_sensors.py took 0.044 seconds
[2025-10-07T21:55:56.591+0000] {processor.py:161} INFO - Started process (PID=237) to work on /home/airflow/.local/lib/python3.12/site-packages/airflow/example_dags/example_sensors.py
[2025-10-07T21:55:56.592+0000] {processor.py:830} INFO - Processing file /home/airflow/.local/lib/python3.12/site-packages/airflow/example_dags/example_sensors.py for tasks to queue
[2025-10-07T21:55:56.593+0000] {logging_mixin.py:188} INFO - [2025-10-07T21:55:56.593+0000] {dagbag.py:545} INFO - Filling up the DagBag from /home/airflow/.local/lib/python3.12/site-packages/airflow/example_dags/example_sensors.py
[2025-10-07T21:55:56.598+0000] {processor.py:840} INFO - DAG(s) 'example_sensors' retrieved from /home/airflow/.local/lib/python3.12/site-packages/airflow/example_dags/example_sensors.py
[2025-10-07T21:55:56.611+0000] {logging_mixin.py:188} INFO - [2025-10-07T21:55:56.611+0000] {dag.py:3096} INFO - Sync 1 DAGs
[2025-10-07T21:55:56.618+0000] {logging_mixin.py:188} INFO - [2025-10-07T21:55:56.618+0000] {dag.py:3954} INFO - Setting next_dagrun for example_sensors to None, run_after=None
[2025-10-07T21:55:56.627+0000] {processor.py:183} INFO - Processing /home/airflow/.local/lib/python3.12/site-packages/airflow/example_dags/example_sensors.py took 0.039 seconds
[2025-10-07T21:56:26.737+0000] {processor.py:161} INFO - Started process (PID=296) to work on /home/airflow/.local/lib/python3.12/site-packages/airflow/example_dags/example_sensors.py
[2025-10-07T21:56:26.738+0000] {processor.py:830} INFO - Processing file /home/airflow/.local/lib/python3.12/site-packages/airflow/example_dags/example_sensors.py for tasks to queue
[2025-10-07T21:56:26.739+0000] {logging_mixin.py:188} INFO - [2025-10-07T21:56:26.739+0000] {dagbag.py:545} INFO - Filling up the DagBag from /home/airflow/.local/lib/python3.12/site-packages/airflow/example_dags/example_sensors.py
[2025-10-07T21:56:26.744+0000] {processor.py:840} INFO - DAG(s) 'example_sensors' retrieved from /home/airflow/.local/lib/python3.12/site-packages/airflow/example_dags/example_sensors.py
[2025-10-07T21:56:26.759+0000] {logging_mixin.py:188} INFO - [2025-10-07T21:56:26.759+0000] {dag.py:3096} INFO - Sync 1 DAGs
[2025-10-07T21:56:26.766+0000] {logging_mixin.py:188} INFO - [2025-10-07T21:56:26.766+0000] {dag.py:3954} INFO - Setting next_dagrun for example_sensors to None, run_after=None
[2025-10-07T21:56:26.778+0000] {processor.py:183} INFO - Processing /home/airflow/.local/lib/python3.12/site-packages/airflow/example_dags/example_sensors.py took 0.044 seconds
[2025-10-07T21:56:57.646+0000] {processor.py:161} INFO - Started process (PID=355) to work on /home/airflow/.local/lib/python3.12/site-packages/airflow/example_dags/example_sensors.py
[2025-10-07T21:56:57.646+0000] {processor.py:830} INFO - Processing file /home/airflow/.local/lib/python3.12/site-packages/airflow/example_dags/example_sensors.py for tasks to queue
[2025-10-07T21:56:57.647+0000] {logging_mixin.py:188} INFO - [2025-10-07T21:56:57.647+0000] {dagbag.py:545} INFO - Filling up the DagBag from /home/airflow/.local/lib/python3.12/site-packages/airflow/example_dags/example_sensors.py
[2025-10-07T21:56:57.652+0000] {processor.py:840} INFO - DAG(s) 'example_sensors' retrieved from /home/airflow/.local/lib/python3.12/site-packages/airflow/example_dags/example_sensors.py
[2025-10-07T21:56:57.665+0000] {logging_mixin.py:188} INFO - [2025-10-07T21:56:57.665+0000] {dag.py:3096} INFO - Sync 1 DAGs
[2025-10-07T21:56:57.671+0000] {logging_mixin.py:188} INFO - [2025-10-07T21:56:57.671+0000] {dag.py:3954} INFO - Setting next_dagrun for example_sensors to None, run_after=None
[2025-10-07T21:56:57.682+0000] {processor.py:183} INFO - Processing /home/airflow/.local/lib/python3.12/site-packages/airflow/example_dags/example_sensors.py took 0.040 seconds
[2025-10-07T21:57:27.955+0000] {processor.py:161} INFO - Started process (PID=414) to work on /home/airflow/.local/lib/python3.12/site-packages/airflow/example_dags/example_sensors.py
[2025-10-07T21:57:27.956+0000] {processor.py:830} INFO - Processing file /home/airflow/.local/lib/python3.12/site-packages/airflow/example_dags/example_sensors.py for tasks to queue
[2025-10-07T21:57:27.957+0000] {logging_mixin.py:188} INFO - [2025-10-07T21:57:27.957+0000] {dagbag.py:545} INFO - Filling up the DagBag from /home/airflow/.local/lib/python3.12/site-packages/airflow/example_dags/example_sensors.py
[2025-10-07T21:57:27.963+0000] {processor.py:840} INFO - DAG(s) 'example_sensors' retrieved from /home/airflow/.local/lib/python3.12/site-packages/airflow/example_dags/example_sensors.py
[2025-10-07T21:57:27.982+0000] {logging_mixin.py:188} INFO - [2025-10-07T21:57:27.982+0000] {dag.py:3096} INFO - Sync 1 DAGs
[2025-10-07T21:57:27.990+0000] {logging_mixin.py:188} INFO - [2025-10-07T21:57:27.990+0000] {dag.py:3954} INFO - Setting next_dagrun for example_sensors to None, run_after=None
[2025-10-07T21:57:28.002+0000] {processor.py:183} INFO - Processing /home/airflow/.local/lib/python3.12/site-packages/airflow/example_dags/example_sensors.py took 0.052 seconds
[2025-10-07T21:58:26.587+0000] {processor.py:161} INFO - Started process (PID=473) to work on /home/airflow/.local/lib/python3.12/site-packages/airflow/example_dags/example_sensors.py
[2025-10-07T21:58:26.588+0000] {processor.py:830} INFO - Processing file /home/airflow/.local/lib/python3.12/site-packages/airflow/example_dags/example_sensors.py for tasks to queue
[2025-10-07T21:58:26.589+0000] {logging_mixin.py:188} INFO - [2025-10-07T21:58:26.589+0000] {dagbag.py:545} INFO - Filling up the DagBag from /home/airflow/.local/lib/python3.12/site-packages/airflow/example_dags/example_sensors.py
[2025-10-07T21:58:26.593+0000] {processor.py:840} INFO - DAG(s) 'example_sensors' retrieved from /home/airflow/.local/lib/python3.12/site-packages/airflow/example_dags/example_sensors.py
[2025-10-07T21:58:26.607+0000] {logging_mixin.py:188} INFO - [2025-10-07T21:58:26.606+0000] {dag.py:3096} INFO - Sync 1 DAGs
[2025-10-07T21:58:26.615+0000] {logging_mixin.py:188} INFO - [2025-10-07T21:58:26.615+0000] {dag.py:3954} INFO - Setting next_dagrun for example_sensors to None, run_after=None
[2025-10-07T21:58:26.633+0000] {processor.py:183} INFO - Processing /home/airflow/.local/lib/python3.12/site-packages/airflow/example_dags/example_sensors.py took 0.049 seconds
[2025-10-07T21:59:32.333+0000] {processor.py:161} INFO - Started process (PID=532) to work on /home/airflow/.local/lib/python3.12/site-packages/airflow/example_dags/example_sensors.py
[2025-10-07T21:59:32.335+0000] {processor.py:830} INFO - Processing file /home/airflow/.local/lib/python3.12/site-packages/airflow/example_dags/example_sensors.py for tasks to queue
[2025-10-07T21:59:32.339+0000] {logging_mixin.py:188} INFO - [2025-10-07T21:59:32.338+0000] {dagbag.py:545} INFO - Filling up the DagBag from /home/airflow/.local/lib/python3.12/site-packages/airflow/example_dags/example_sensors.py
[2025-10-07T21:59:32.396+0000] {processor.py:840} INFO - DAG(s) 'example_sensors' retrieved from /home/airflow/.local/lib/python3.12/site-packages/airflow/example_dags/example_sensors.py
[2025-10-07T21:59:32.457+0000] {logging_mixin.py:188} INFO - [2025-10-07T21:59:32.457+0000] {dag.py:3096} INFO - Sync 1 DAGs
[2025-10-07T21:59:32.501+0000] {logging_mixin.py:188} INFO - [2025-10-07T21:59:32.501+0000] {dag.py:3954} INFO - Setting next_dagrun for example_sensors to None, run_after=None
[2025-10-07T21:59:32.555+0000] {processor.py:183} INFO - Processing /home/airflow/.local/lib/python3.12/site-packages/airflow/example_dags/example_sensors.py took 0.233 seconds
[2025-10-07T22:01:52.099+0000] {processor.py:161} INFO - Started process (PID=591) to work on /home/airflow/.local/lib/python3.12/site-packages/airflow/example_dags/example_sensors.py
[2025-10-07T22:01:52.100+0000] {processor.py:830} INFO - Processing file /home/airflow/.local/lib/python3.12/site-packages/airflow/example_dags/example_sensors.py for tasks to queue
[2025-10-07T22:01:52.101+0000] {logging_mixin.py:188} INFO - [2025-10-07T22:01:52.101+0000] {dagbag.py:545} INFO - Filling up the DagBag from /home/airflow/.local/lib/python3.12/site-packages/airflow/example_dags/example_sensors.py
[2025-10-07T22:01:52.108+0000] {processor.py:840} INFO - DAG(s) 'example_sensors' retrieved from /home/airflow/.local/lib/python3.12/site-packages/airflow/example_dags/example_sensors.py
[2025-10-07T22:01:52.129+0000] {logging_mixin.py:188} INFO - [2025-10-07T22:01:52.129+0000] {dag.py:3096} INFO - Sync 1 DAGs
[2025-10-07T22:01:52.136+0000] {logging_mixin.py:188} INFO - [2025-10-07T22:01:52.136+0000] {dag.py:3954} INFO - Setting next_dagrun for example_sensors to None, run_after=None
[2025-10-07T22:01:52.150+0000] {processor.py:183} INFO - Processing /home/airflow/.local/lib/python3.12/site-packages/airflow/example_dags/example_sensors.py took 0.053 seconds
[2025-10-07T22:04:55.379+0000] {processor.py:161} INFO - Started process (PID=650) to work on /home/airflow/.local/lib/python3.12/site-packages/airflow/example_dags/example_sensors.py
[2025-10-07T22:04:55.380+0000] {processor.py:830} INFO - Processing file /home/airflow/.local/lib/python3.12/site-packages/airflow/example_dags/example_sensors.py for tasks to queue
[2025-10-07T22:04:55.382+0000] {logging_mixin.py:188} INFO - [2025-10-07T22:04:55.382+0000] {dagbag.py:545} INFO - Filling up the DagBag from /home/airflow/.local/lib/python3.12/site-packages/airflow/example_dags/example_sensors.py
[2025-10-07T22:04:55.389+0000] {processor.py:840} INFO - DAG(s) 'example_sensors' retrieved from /home/airflow/.local/lib/python3.12/site-packages/airflow/example_dags/example_sensors.py
[2025-10-07T22:04:55.410+0000] {logging_mixin.py:188} INFO - [2025-10-07T22:04:55.410+0000] {dag.py:3096} INFO - Sync 1 DAGs
[2025-10-07T22:04:55.419+0000] {logging_mixin.py:188} INFO - [2025-10-07T22:04:55.419+0000] {dag.py:3954} INFO - Setting next_dagrun for example_sensors to None, run_after=None
[2025-10-07T22:04:55.430+0000] {processor.py:183} INFO - Processing /home/airflow/.local/lib/python3.12/site-packages/airflow/example_dags/example_sensors.py took 0.054 seconds
[2025-10-07T22:05:25.618+0000] {processor.py:161} INFO - Started process (PID=709) to work on /home/airflow/.local/lib/python3.12/site-packages/airflow/example_dags/example_sensors.py
[2025-10-07T22:05:25.619+0000] {processor.py:830} INFO - Processing file /home/airflow/.local/lib/python3.12/site-packages/airflow/example_dags/example_sensors.py for tasks to queue
[2025-10-07T22:05:25.620+0000] {logging_mixin.py:188} INFO - [2025-10-07T22:05:25.620+0000] {dagbag.py:545} INFO - Filling up the DagBag from /home/airflow/.local/lib/python3.12/site-packages/airflow/example_dags/example_sensors.py
[2025-10-07T22:05:25.626+0000] {processor.py:840} INFO - DAG(s) 'example_sensors' retrieved from /home/airflow/.local/lib/python3.12/site-packages/airflow/example_dags/example_sensors.py
[2025-10-07T22:05:25.645+0000] {logging_mixin.py:188} INFO - [2025-10-07T22:05:25.645+0000] {dag.py:3096} INFO - Sync 1 DAGs
[2025-10-07T22:05:25.653+0000] {logging_mixin.py:188} INFO - [2025-10-07T22:05:25.653+0000] {dag.py:3954} INFO - Setting next_dagrun for example_sensors to None, run_after=None
[2025-10-07T22:05:25.665+0000] {processor.py:183} INFO - Processing /home/airflow/.local/lib/python3.12/site-packages/airflow/example_dags/example_sensors.py took 0.050 seconds
[2025-10-07T22:05:55.795+0000] {processor.py:161} INFO - Started process (PID=768) to work on /home/airflow/.local/lib/python3.12/site-packages/airflow/example_dags/example_sensors.py
[2025-10-07T22:05:55.797+0000] {processor.py:830} INFO - Processing file /home/airflow/.local/lib/python3.12/site-packages/airflow/example_dags/example_sensors.py for tasks to queue
[2025-10-07T22:05:55.798+0000] {logging_mixin.py:188} INFO - [2025-10-07T22:05:55.798+0000] {dagbag.py:545} INFO - Filling up the DagBag from /home/airflow/.local/lib/python3.12/site-packages/airflow/example_dags/example_sensors.py
[2025-10-07T22:05:55.803+0000] {processor.py:840} INFO - DAG(s) 'example_sensors' retrieved from /home/airflow/.local/lib/python3.12/site-packages/airflow/example_dags/example_sensors.py
[2025-10-07T22:05:55.816+0000] {logging_mixin.py:188} INFO - [2025-10-07T22:05:55.816+0000] {dag.py:3096} INFO - Sync 1 DAGs
[2025-10-07T22:05:55.822+0000] {logging_mixin.py:188} INFO - [2025-10-07T22:05:55.822+0000] {dag.py:3954} INFO - Setting next_dagrun for example_sensors to None, run_after=None
[2025-10-07T22:05:55.831+0000] {processor.py:183} INFO - Processing /home/airflow/.local/lib/python3.12/site-packages/airflow/example_dags/example_sensors.py took 0.039 seconds
[2025-10-07T22:06:25.879+0000] {processor.py:161} INFO - Started process (PID=827) to work on /home/airflow/.local/lib/python3.12/site-packages/airflow/example_dags/example_sensors.py
[2025-10-07T22:06:25.882+0000] {processor.py:830} INFO - Processing file /home/airflow/.local/lib/python3.12/site-packages/airflow/example_dags/example_sensors.py for tasks to queue
[2025-10-07T22:06:25.886+0000] {logging_mixin.py:188} INFO - [2025-10-07T22:06:25.886+0000] {dagbag.py:545} INFO - Filling up the DagBag from /home/airflow/.local/lib/python3.12/site-packages/airflow/example_dags/example_sensors.py
[2025-10-07T22:06:25.891+0000] {processor.py:840} INFO - DAG(s) 'example_sensors' retrieved from /home/airflow/.local/lib/python3.12/site-packages/airflow/example_dags/example_sensors.py
[2025-10-07T22:06:25.911+0000] {logging_mixin.py:188} INFO - [2025-10-07T22:06:25.911+0000] {dag.py:3096} INFO - Sync 1 DAGs
[2025-10-07T22:06:25.918+0000] {logging_mixin.py:188} INFO - [2025-10-07T22:06:25.918+0000] {dag.py:3954} INFO - Setting next_dagrun for example_sensors to None, run_after=None
[2025-10-07T22:06:25.927+0000] {processor.py:183} INFO - Processing /home/airflow/.local/lib/python3.12/site-packages/airflow/example_dags/example_sensors.py took 0.051 seconds
[2025-10-07T22:06:55.980+0000] {processor.py:161} INFO - Started process (PID=886) to work on /home/airflow/.local/lib/python3.12/site-packages/airflow/example_dags/example_sensors.py
[2025-10-07T22:06:55.981+0000] {processor.py:830} INFO - Processing file /home/airflow/.local/lib/python3.12/site-packages/airflow/example_dags/example_sensors.py for tasks to queue
[2025-10-07T22:06:55.982+0000] {logging_mixin.py:188} INFO - [2025-10-07T22:06:55.982+0000] {dagbag.py:545} INFO - Filling up the DagBag from /home/airflow/.local/lib/python3.12/site-packages/airflow/example_dags/example_sensors.py
[2025-10-07T22:06:55.987+0000] {processor.py:840} INFO - DAG(s) 'example_sensors' retrieved from /home/airflow/.local/lib/python3.12/site-packages/airflow/example_dags/example_sensors.py
[2025-10-07T22:06:55.999+0000] {logging_mixin.py:188} INFO - [2025-10-07T22:06:55.999+0000] {dag.py:3096} INFO - Sync 1 DAGs
[2025-10-07T22:06:56.006+0000] {logging_mixin.py:188} INFO - [2025-10-07T22:06:56.005+0000] {dag.py:3954} INFO - Setting next_dagrun for example_sensors to None, run_after=None
[2025-10-07T22:06:56.016+0000] {processor.py:183} INFO - Processing /home/airflow/.local/lib/python3.12/site-packages/airflow/example_dags/example_sensors.py took 0.039 seconds
[2025-10-07T22:07:26.143+0000] {processor.py:161} INFO - Started process (PID=945) to work on /home/airflow/.local/lib/python3.12/site-packages/airflow/example_dags/example_sensors.py
[2025-10-07T22:07:26.144+0000] {processor.py:830} INFO - Processing file /home/airflow/.local/lib/python3.12/site-packages/airflow/example_dags/example_sensors.py for tasks to queue
[2025-10-07T22:07:26.145+0000] {logging_mixin.py:188} INFO - [2025-10-07T22:07:26.145+0000] {dagbag.py:545} INFO - Filling up the DagBag from /home/airflow/.local/lib/python3.12/site-packages/airflow/example_dags/example_sensors.py
[2025-10-07T22:07:26.151+0000] {processor.py:840} INFO - DAG(s) 'example_sensors' retrieved from /home/airflow/.local/lib/python3.12/site-packages/airflow/example_dags/example_sensors.py
[2025-10-07T22:07:26.166+0000] {logging_mixin.py:188} INFO - [2025-10-07T22:07:26.166+0000] {dag.py:3096} INFO - Sync 1 DAGs
[2025-10-07T22:07:26.173+0000] {logging_mixin.py:188} INFO - [2025-10-07T22:07:26.173+0000] {dag.py:3954} INFO - Setting next_dagrun for example_sensors to None, run_after=None
[2025-10-07T22:07:26.181+0000] {processor.py:183} INFO - Processing /home/airflow/.local/lib/python3.12/site-packages/airflow/example_dags/example_sensors.py took 0.041 seconds
[2025-10-07T22:07:56.276+0000] {processor.py:161} INFO - Started process (PID=1004) to work on /home/airflow/.local/lib/python3.12/site-packages/airflow/example_dags/example_sensors.py
[2025-10-07T22:07:56.276+0000] {processor.py:830} INFO - Processing file /home/airflow/.local/lib/python3.12/site-packages/airflow/example_dags/example_sensors.py for tasks to queue
[2025-10-07T22:07:56.278+0000] {logging_mixin.py:188} INFO - [2025-10-07T22:07:56.277+0000] {dagbag.py:545} INFO - Filling up the DagBag from /home/airflow/.local/lib/python3.12/site-packages/airflow/example_dags/example_sensors.py
[2025-10-07T22:07:56.282+0000] {processor.py:840} INFO - DAG(s) 'example_sensors' retrieved from /home/airflow/.local/lib/python3.12/site-packages/airflow/example_dags/example_sensors.py
[2025-10-07T22:07:56.301+0000] {logging_mixin.py:188} INFO - [2025-10-07T22:07:56.301+0000] {dag.py:3096} INFO - Sync 1 DAGs
[2025-10-07T22:07:56.308+0000] {logging_mixin.py:188} INFO - [2025-10-07T22:07:56.308+0000] {dag.py:3954} INFO - Setting next_dagrun for example_sensors to None, run_after=None
[2025-10-07T22:07:56.320+0000] {processor.py:183} INFO - Processing /home/airflow/.local/lib/python3.12/site-packages/airflow/example_dags/example_sensors.py took 0.048 seconds
[2025-10-07T22:08:26.423+0000] {processor.py:161} INFO - Started process (PID=1063) to work on /home/airflow/.local/lib/python3.12/site-packages/airflow/example_dags/example_sensors.py
[2025-10-07T22:08:26.424+0000] {processor.py:830} INFO - Processing file /home/airflow/.local/lib/python3.12/site-packages/airflow/example_dags/example_sensors.py for tasks to queue
[2025-10-07T22:08:26.425+0000] {logging_mixin.py:188} INFO - [2025-10-07T22:08:26.425+0000] {dagbag.py:545} INFO - Filling up the DagBag from /home/airflow/.local/lib/python3.12/site-packages/airflow/example_dags/example_sensors.py
[2025-10-07T22:08:26.429+0000] {processor.py:840} INFO - DAG(s) 'example_sensors' retrieved from /home/airflow/.local/lib/python3.12/site-packages/airflow/example_dags/example_sensors.py
[2025-10-07T22:08:26.441+0000] {logging_mixin.py:188} INFO - [2025-10-07T22:08:26.441+0000] {dag.py:3096} INFO - Sync 1 DAGs
[2025-10-07T22:08:26.447+0000] {logging_mixin.py:188} INFO - [2025-10-07T22:08:26.447+0000] {dag.py:3954} INFO - Setting next_dagrun for example_sensors to None, run_after=None
[2025-10-07T22:08:26.455+0000] {processor.py:183} INFO - Processing /home/airflow/.local/lib/python3.12/site-packages/airflow/example_dags/example_sensors.py took 0.035 seconds
[2025-10-07T22:08:56.550+0000] {processor.py:161} INFO - Started process (PID=1122) to work on /home/airflow/.local/lib/python3.12/site-packages/airflow/example_dags/example_sensors.py
[2025-10-07T22:08:56.551+0000] {processor.py:830} INFO - Processing file /home/airflow/.local/lib/python3.12/site-packages/airflow/example_dags/example_sensors.py for tasks to queue
[2025-10-07T22:08:56.552+0000] {logging_mixin.py:188} INFO - [2025-10-07T22:08:56.551+0000] {dagbag.py:545} INFO - Filling up the DagBag from /home/airflow/.local/lib/python3.12/site-packages/airflow/example_dags/example_sensors.py
[2025-10-07T22:08:56.556+0000] {processor.py:840} INFO - DAG(s) 'example_sensors' retrieved from /home/airflow/.local/lib/python3.12/site-packages/airflow/example_dags/example_sensors.py
[2025-10-07T22:08:56.569+0000] {logging_mixin.py:188} INFO - [2025-10-07T22:08:56.569+0000] {dag.py:3096} INFO - Sync 1 DAGs
[2025-10-07T22:08:56.576+0000] {logging_mixin.py:188} INFO - [2025-10-07T22:08:56.576+0000] {dag.py:3954} INFO - Setting next_dagrun for example_sensors to None, run_after=None
[2025-10-07T22:08:56.591+0000] {processor.py:183} INFO - Processing /home/airflow/.local/lib/python3.12/site-packages/airflow/example_dags/example_sensors.py took 0.045 seconds
[2025-10-07T22:09:26.802+0000] {processor.py:161} INFO - Started process (PID=1181) to work on /home/airflow/.local/lib/python3.12/site-packages/airflow/example_dags/example_sensors.py
[2025-10-07T22:09:26.803+0000] {processor.py:830} INFO - Processing file /home/airflow/.local/lib/python3.12/site-packages/airflow/example_dags/example_sensors.py for tasks to queue
[2025-10-07T22:09:26.804+0000] {logging_mixin.py:188} INFO - [2025-10-07T22:09:26.804+0000] {dagbag.py:545} INFO - Filling up the DagBag from /home/airflow/.local/lib/python3.12/site-packages/airflow/example_dags/example_sensors.py
[2025-10-07T22:09:26.809+0000] {processor.py:840} INFO - DAG(s) 'example_sensors' retrieved from /home/airflow/.local/lib/python3.12/site-packages/airflow/example_dags/example_sensors.py
[2025-10-07T22:09:26.825+0000] {logging_mixin.py:188} INFO - [2025-10-07T22:09:26.825+0000] {dag.py:3096} INFO - Sync 1 DAGs
[2025-10-07T22:09:26.832+0000] {logging_mixin.py:188} INFO - [2025-10-07T22:09:26.832+0000] {dag.py:3954} INFO - Setting next_dagrun for example_sensors to None, run_after=None
[2025-10-07T22:09:26.842+0000] {processor.py:183} INFO - Processing /home/airflow/.local/lib/python3.12/site-packages/airflow/example_dags/example_sensors.py took 0.043 seconds
[2025-10-07T22:09:57.007+0000] {processor.py:161} INFO - Started process (PID=1240) to work on /home/airflow/.local/lib/python3.12/site-packages/airflow/example_dags/example_sensors.py
[2025-10-07T22:09:57.008+0000] {processor.py:830} INFO - Processing file /home/airflow/.local/lib/python3.12/site-packages/airflow/example_dags/example_sensors.py for tasks to queue
[2025-10-07T22:09:57.009+0000] {logging_mixin.py:188} INFO - [2025-10-07T22:09:57.008+0000] {dagbag.py:545} INFO - Filling up the DagBag from /home/airflow/.local/lib/python3.12/site-packages/airflow/example_dags/example_sensors.py
[2025-10-07T22:09:57.013+0000] {processor.py:840} INFO - DAG(s) 'example_sensors' retrieved from /home/airflow/.local/lib/python3.12/site-packages/airflow/example_dags/example_sensors.py
[2025-10-07T22:09:57.026+0000] {logging_mixin.py:188} INFO - [2025-10-07T22:09:57.026+0000] {dag.py:3096} INFO - Sync 1 DAGs
[2025-10-07T22:09:57.033+0000] {logging_mixin.py:188} INFO - [2025-10-07T22:09:57.033+0000] {dag.py:3954} INFO - Setting next_dagrun for example_sensors to None, run_after=None
[2025-10-07T22:09:57.044+0000] {processor.py:183} INFO - Processing /home/airflow/.local/lib/python3.12/site-packages/airflow/example_dags/example_sensors.py took 0.040 seconds
[2025-10-07T22:10:27.188+0000] {processor.py:161} INFO - Started process (PID=1299) to work on /home/airflow/.local/lib/python3.12/site-packages/airflow/example_dags/example_sensors.py
[2025-10-07T22:10:27.191+0000] {processor.py:830} INFO - Processing file /home/airflow/.local/lib/python3.12/site-packages/airflow/example_dags/example_sensors.py for tasks to queue
[2025-10-07T22:10:27.192+0000] {logging_mixin.py:188} INFO - [2025-10-07T22:10:27.192+0000] {dagbag.py:545} INFO - Filling up the DagBag from /home/airflow/.local/lib/python3.12/site-packages/airflow/example_dags/example_sensors.py
[2025-10-07T22:10:27.196+0000] {processor.py:840} INFO - DAG(s) 'example_sensors' retrieved from /home/airflow/.local/lib/python3.12/site-packages/airflow/example_dags/example_sensors.py
[2025-10-07T22:10:27.208+0000] {logging_mixin.py:188} INFO - [2025-10-07T22:10:27.208+0000] {dag.py:3096} INFO - Sync 1 DAGs
[2025-10-07T22:10:27.214+0000] {logging_mixin.py:188} INFO - [2025-10-07T22:10:27.214+0000] {dag.py:3954} INFO - Setting next_dagrun for example_sensors to None, run_after=None
[2025-10-07T22:10:27.226+0000] {processor.py:183} INFO - Processing /home/airflow/.local/lib/python3.12/site-packages/airflow/example_dags/example_sensors.py took 0.041 seconds
[2025-10-07T22:10:57.313+0000] {processor.py:161} INFO - Started process (PID=1358) to work on /home/airflow/.local/lib/python3.12/site-packages/airflow/example_dags/example_sensors.py
[2025-10-07T22:10:57.316+0000] {processor.py:830} INFO - Processing file /home/airflow/.local/lib/python3.12/site-packages/airflow/example_dags/example_sensors.py for tasks to queue
[2025-10-07T22:10:57.317+0000] {logging_mixin.py:188} INFO - [2025-10-07T22:10:57.317+0000] {dagbag.py:545} INFO - Filling up the DagBag from /home/airflow/.local/lib/python3.12/site-packages/airflow/example_dags/example_sensors.py
[2025-10-07T22:10:57.322+0000] {processor.py:840} INFO - DAG(s) 'example_sensors' retrieved from /home/airflow/.local/lib/python3.12/site-packages/airflow/example_dags/example_sensors.py
[2025-10-07T22:10:57.339+0000] {logging_mixin.py:188} INFO - [2025-10-07T22:10:57.339+0000] {dag.py:3096} INFO - Sync 1 DAGs
[2025-10-07T22:10:57.347+0000] {logging_mixin.py:188} INFO - [2025-10-07T22:10:57.347+0000] {dag.py:3954} INFO - Setting next_dagrun for example_sensors to None, run_after=None
[2025-10-07T22:10:57.355+0000] {processor.py:183} INFO - Processing /home/airflow/.local/lib/python3.12/site-packages/airflow/example_dags/example_sensors.py took 0.046 seconds
[2025-10-07T22:11:27.442+0000] {processor.py:161} INFO - Started process (PID=1417) to work on /home/airflow/.local/lib/python3.12/site-packages/airflow/example_dags/example_sensors.py
[2025-10-07T22:11:27.445+0000] {processor.py:830} INFO - Processing file /home/airflow/.local/lib/python3.12/site-packages/airflow/example_dags/example_sensors.py for tasks to queue
[2025-10-07T22:11:27.447+0000] {logging_mixin.py:188} INFO - [2025-10-07T22:11:27.447+0000] {dagbag.py:545} INFO - Filling up the DagBag from /home/airflow/.local/lib/python3.12/site-packages/airflow/example_dags/example_sensors.py
[2025-10-07T22:11:27.452+0000] {processor.py:840} INFO - DAG(s) 'example_sensors' retrieved from /home/airflow/.local/lib/python3.12/site-packages/airflow/example_dags/example_sensors.py
[2025-10-07T22:11:27.469+0000] {logging_mixin.py:188} INFO - [2025-10-07T22:11:27.468+0000] {dag.py:3096} INFO - Sync 1 DAGs
[2025-10-07T22:11:27.476+0000] {logging_mixin.py:188} INFO - [2025-10-07T22:11:27.475+0000] {dag.py:3954} INFO - Setting next_dagrun for example_sensors to None, run_after=None
[2025-10-07T22:11:27.484+0000] {processor.py:183} INFO - Processing /home/airflow/.local/lib/python3.12/site-packages/airflow/example_dags/example_sensors.py took 0.046 seconds
[2025-10-07T22:11:57.563+0000] {processor.py:161} INFO - Started process (PID=1476) to work on /home/airflow/.local/lib/python3.12/site-packages/airflow/example_dags/example_sensors.py
[2025-10-07T22:11:57.564+0000] {processor.py:830} INFO - Processing file /home/airflow/.local/lib/python3.12/site-packages/airflow/example_dags/example_sensors.py for tasks to queue
[2025-10-07T22:11:57.565+0000] {logging_mixin.py:188} INFO - [2025-10-07T22:11:57.565+0000] {dagbag.py:545} INFO - Filling up the DagBag from /home/airflow/.local/lib/python3.12/site-packages/airflow/example_dags/example_sensors.py
[2025-10-07T22:11:57.569+0000] {processor.py:840} INFO - DAG(s) 'example_sensors' retrieved from /home/airflow/.local/lib/python3.12/site-packages/airflow/example_dags/example_sensors.py
[2025-10-07T22:11:57.583+0000] {logging_mixin.py:188} INFO - [2025-10-07T22:11:57.582+0000] {dag.py:3096} INFO - Sync 1 DAGs
[2025-10-07T22:11:57.588+0000] {logging_mixin.py:188} INFO - [2025-10-07T22:11:57.588+0000] {dag.py:3954} INFO - Setting next_dagrun for example_sensors to None, run_after=None
[2025-10-07T22:11:57.600+0000] {processor.py:183} INFO - Processing /home/airflow/.local/lib/python3.12/site-packages/airflow/example_dags/example_sensors.py took 0.040 seconds
[2025-10-07T22:12:27.765+0000] {processor.py:161} INFO - Started process (PID=1535) to work on /home/airflow/.local/lib/python3.12/site-packages/airflow/example_dags/example_sensors.py
[2025-10-07T22:12:27.767+0000] {processor.py:830} INFO - Processing file /home/airflow/.local/lib/python3.12/site-packages/airflow/example_dags/example_sensors.py for tasks to queue
[2025-10-07T22:12:27.768+0000] {logging_mixin.py:188} INFO - [2025-10-07T22:12:27.768+0000] {dagbag.py:545} INFO - Filling up the DagBag from /home/airflow/.local/lib/python3.12/site-packages/airflow/example_dags/example_sensors.py
[2025-10-07T22:12:27.772+0000] {processor.py:840} INFO - DAG(s) 'example_sensors' retrieved from /home/airflow/.local/lib/python3.12/site-packages/airflow/example_dags/example_sensors.py
[2025-10-07T22:12:27.786+0000] {logging_mixin.py:188} INFO - [2025-10-07T22:12:27.786+0000] {dag.py:3096} INFO - Sync 1 DAGs
[2025-10-07T22:12:27.793+0000] {logging_mixin.py:188} INFO - [2025-10-07T22:12:27.792+0000] {dag.py:3954} INFO - Setting next_dagrun for example_sensors to None, run_after=None
[2025-10-07T22:12:27.803+0000] {processor.py:183} INFO - Processing /home/airflow/.local/lib/python3.12/site-packages/airflow/example_dags/example_sensors.py took 0.041 seconds
[2025-10-07T22:12:57.912+0000] {processor.py:161} INFO - Started process (PID=1594) to work on /home/airflow/.local/lib/python3.12/site-packages/airflow/example_dags/example_sensors.py
[2025-10-07T22:12:57.913+0000] {processor.py:830} INFO - Processing file /home/airflow/.local/lib/python3.12/site-packages/airflow/example_dags/example_sensors.py for tasks to queue
[2025-10-07T22:12:57.914+0000] {logging_mixin.py:188} INFO - [2025-10-07T22:12:57.914+0000] {dagbag.py:545} INFO - Filling up the DagBag from /home/airflow/.local/lib/python3.12/site-packages/airflow/example_dags/example_sensors.py
[2025-10-07T22:12:57.919+0000] {processor.py:840} INFO - DAG(s) 'example_sensors' retrieved from /home/airflow/.local/lib/python3.12/site-packages/airflow/example_dags/example_sensors.py
[2025-10-07T22:12:57.932+0000] {logging_mixin.py:188} INFO - [2025-10-07T22:12:57.932+0000] {dag.py:3096} INFO - Sync 1 DAGs
[2025-10-07T22:12:57.939+0000] {logging_mixin.py:188} INFO - [2025-10-07T22:12:57.939+0000] {dag.py:3954} INFO - Setting next_dagrun for example_sensors to None, run_after=None
[2025-10-07T22:12:57.949+0000] {processor.py:183} INFO - Processing /home/airflow/.local/lib/python3.12/site-packages/airflow/example_dags/example_sensors.py took 0.040 seconds
[2025-10-07T22:13:28.223+0000] {processor.py:161} INFO - Started process (PID=1653) to work on /home/airflow/.local/lib/python3.12/site-packages/airflow/example_dags/example_sensors.py
[2025-10-07T22:13:28.224+0000] {processor.py:830} INFO - Processing file /home/airflow/.local/lib/python3.12/site-packages/airflow/example_dags/example_sensors.py for tasks to queue
[2025-10-07T22:13:28.225+0000] {logging_mixin.py:188} INFO - [2025-10-07T22:13:28.224+0000] {dagbag.py:545} INFO - Filling up the DagBag from /home/airflow/.local/lib/python3.12/site-packages/airflow/example_dags/example_sensors.py
[2025-10-07T22:13:28.229+0000] {processor.py:840} INFO - DAG(s) 'example_sensors' retrieved from /home/airflow/.local/lib/python3.12/site-packages/airflow/example_dags/example_sensors.py
[2025-10-07T22:13:28.242+0000] {logging_mixin.py:188} INFO - [2025-10-07T22:13:28.242+0000] {dag.py:3096} INFO - Sync 1 DAGs
[2025-10-07T22:13:28.248+0000] {logging_mixin.py:188} INFO - [2025-10-07T22:13:28.248+0000] {dag.py:3954} INFO - Setting next_dagrun for example_sensors to None, run_after=None
[2025-10-07T22:13:28.260+0000] {processor.py:183} INFO - Processing /home/airflow/.local/lib/python3.12/site-packages/airflow/example_dags/example_sensors.py took 0.040 seconds
[2025-10-07T22:13:58.374+0000] {processor.py:161} INFO - Started process (PID=1712) to work on /home/airflow/.local/lib/python3.12/site-packages/airflow/example_dags/example_sensors.py
[2025-10-07T22:13:58.378+0000] {processor.py:830} INFO - Processing file /home/airflow/.local/lib/python3.12/site-packages/airflow/example_dags/example_sensors.py for tasks to queue
[2025-10-07T22:13:58.379+0000] {logging_mixin.py:188} INFO - [2025-10-07T22:13:58.379+0000] {dagbag.py:545} INFO - Filling up the DagBag from /home/airflow/.local/lib/python3.12/site-packages/airflow/example_dags/example_sensors.py
[2025-10-07T22:13:58.383+0000] {processor.py:840} INFO - DAG(s) 'example_sensors' retrieved from /home/airflow/.local/lib/python3.12/site-packages/airflow/example_dags/example_sensors.py
[2025-10-07T22:13:58.397+0000] {logging_mixin.py:188} INFO - [2025-10-07T22:13:58.397+0000] {dag.py:3096} INFO - Sync 1 DAGs
[2025-10-07T22:13:58.404+0000] {logging_mixin.py:188} INFO - [2025-10-07T22:13:58.404+0000] {dag.py:3954} INFO - Setting next_dagrun for example_sensors to None, run_after=None
[2025-10-07T22:13:58.412+0000] {processor.py:183} INFO - Processing /home/airflow/.local/lib/python3.12/site-packages/airflow/example_dags/example_sensors.py took 0.041 seconds
[2025-10-07T22:14:28.659+0000] {processor.py:161} INFO - Started process (PID=1771) to work on /home/airflow/.local/lib/python3.12/site-packages/airflow/example_dags/example_sensors.py
[2025-10-07T22:14:28.659+0000] {processor.py:830} INFO - Processing file /home/airflow/.local/lib/python3.12/site-packages/airflow/example_dags/example_sensors.py for tasks to queue
[2025-10-07T22:14:28.660+0000] {logging_mixin.py:188} INFO - [2025-10-07T22:14:28.660+0000] {dagbag.py:545} INFO - Filling up the DagBag from /home/airflow/.local/lib/python3.12/site-packages/airflow/example_dags/example_sensors.py
[2025-10-07T22:14:28.666+0000] {processor.py:840} INFO - DAG(s) 'example_sensors' retrieved from /home/airflow/.local/lib/python3.12/site-packages/airflow/example_dags/example_sensors.py
[2025-10-07T22:14:28.680+0000] {logging_mixin.py:188} INFO - [2025-10-07T22:14:28.680+0000] {dag.py:3096} INFO - Sync 1 DAGs
[2025-10-07T22:14:28.686+0000] {logging_mixin.py:188} INFO - [2025-10-07T22:14:28.686+0000] {dag.py:3954} INFO - Setting next_dagrun for example_sensors to None, run_after=None
[2025-10-07T22:14:28.699+0000] {processor.py:183} INFO - Processing /home/airflow/.local/lib/python3.12/site-packages/airflow/example_dags/example_sensors.py took 0.043 seconds
[2025-10-07T22:14:58.735+0000] {processor.py:161} INFO - Started process (PID=1830) to work on /home/airflow/.local/lib/python3.12/site-packages/airflow/example_dags/example_sensors.py
[2025-10-07T22:14:58.738+0000] {processor.py:830} INFO - Processing file /home/airflow/.local/lib/python3.12/site-packages/airflow/example_dags/example_sensors.py for tasks to queue
[2025-10-07T22:14:58.739+0000] {logging_mixin.py:188} INFO - [2025-10-07T22:14:58.739+0000] {dagbag.py:545} INFO - Filling up the DagBag from /home/airflow/.local/lib/python3.12/site-packages/airflow/example_dags/example_sensors.py
[2025-10-07T22:14:58.744+0000] {processor.py:840} INFO - DAG(s) 'example_sensors' retrieved from /home/airflow/.local/lib/python3.12/site-packages/airflow/example_dags/example_sensors.py
[2025-10-07T22:14:58.762+0000] {logging_mixin.py:188} INFO - [2025-10-07T22:14:58.762+0000] {dag.py:3096} INFO - Sync 1 DAGs
[2025-10-07T22:14:58.769+0000] {logging_mixin.py:188} INFO - [2025-10-07T22:14:58.769+0000] {dag.py:3954} INFO - Setting next_dagrun for example_sensors to None, run_after=None
[2025-10-07T22:14:58.778+0000] {processor.py:183} INFO - Processing /home/airflow/.local/lib/python3.12/site-packages/airflow/example_dags/example_sensors.py took 0.046 seconds
[2025-10-07T22:15:28.970+0000] {processor.py:161} INFO - Started process (PID=1888) to work on /home/airflow/.local/lib/python3.12/site-packages/airflow/example_dags/example_sensors.py
[2025-10-07T22:15:28.970+0000] {processor.py:830} INFO - Processing file /home/airflow/.local/lib/python3.12/site-packages/airflow/example_dags/example_sensors.py for tasks to queue
[2025-10-07T22:15:28.971+0000] {logging_mixin.py:188} INFO - [2025-10-07T22:15:28.971+0000] {dagbag.py:545} INFO - Filling up the DagBag from /home/airflow/.local/lib/python3.12/site-packages/airflow/example_dags/example_sensors.py
[2025-10-07T22:15:28.976+0000] {processor.py:840} INFO - DAG(s) 'example_sensors' retrieved from /home/airflow/.local/lib/python3.12/site-packages/airflow/example_dags/example_sensors.py
[2025-10-07T22:15:28.989+0000] {logging_mixin.py:188} INFO - [2025-10-07T22:15:28.988+0000] {dag.py:3096} INFO - Sync 1 DAGs
[2025-10-07T22:15:28.995+0000] {logging_mixin.py:188} INFO - [2025-10-07T22:15:28.994+0000] {dag.py:3954} INFO - Setting next_dagrun for example_sensors to None, run_after=None
[2025-10-07T22:15:29.009+0000] {processor.py:183} INFO - Processing /home/airflow/.local/lib/python3.12/site-packages/airflow/example_dags/example_sensors.py took 0.042 seconds
[2025-10-07T22:15:59.767+0000] {processor.py:161} INFO - Started process (PID=1948) to work on /home/airflow/.local/lib/python3.12/site-packages/airflow/example_dags/example_sensors.py
[2025-10-07T22:15:59.768+0000] {processor.py:830} INFO - Processing file /home/airflow/.local/lib/python3.12/site-packages/airflow/example_dags/example_sensors.py for tasks to queue
[2025-10-07T22:15:59.769+0000] {logging_mixin.py:188} INFO - [2025-10-07T22:15:59.769+0000] {dagbag.py:545} INFO - Filling up the DagBag from /home/airflow/.local/lib/python3.12/site-packages/airflow/example_dags/example_sensors.py
[2025-10-07T22:15:59.774+0000] {processor.py:840} INFO - DAG(s) 'example_sensors' retrieved from /home/airflow/.local/lib/python3.12/site-packages/airflow/example_dags/example_sensors.py
[2025-10-07T22:15:59.788+0000] {logging_mixin.py:188} INFO - [2025-10-07T22:15:59.788+0000] {dag.py:3096} INFO - Sync 1 DAGs
[2025-10-07T22:15:59.793+0000] {logging_mixin.py:188} INFO - [2025-10-07T22:15:59.793+0000] {dag.py:3954} INFO - Setting next_dagrun for example_sensors to None, run_after=None
[2025-10-07T22:15:59.806+0000] {processor.py:183} INFO - Processing /home/airflow/.local/lib/python3.12/site-packages/airflow/example_dags/example_sensors.py took 0.043 seconds
[2025-10-07T22:16:29.869+0000] {processor.py:161} INFO - Started process (PID=2007) to work on /home/airflow/.local/lib/python3.12/site-packages/airflow/example_dags/example_sensors.py
[2025-10-07T22:16:29.870+0000] {processor.py:830} INFO - Processing file /home/airflow/.local/lib/python3.12/site-packages/airflow/example_dags/example_sensors.py for tasks to queue
[2025-10-07T22:16:29.871+0000] {logging_mixin.py:188} INFO - [2025-10-07T22:16:29.870+0000] {dagbag.py:545} INFO - Filling up the DagBag from /home/airflow/.local/lib/python3.12/site-packages/airflow/example_dags/example_sensors.py
[2025-10-07T22:16:29.876+0000] {processor.py:840} INFO - DAG(s) 'example_sensors' retrieved from /home/airflow/.local/lib/python3.12/site-packages/airflow/example_dags/example_sensors.py
[2025-10-07T22:16:29.892+0000] {logging_mixin.py:188} INFO - [2025-10-07T22:16:29.892+0000] {dag.py:3096} INFO - Sync 1 DAGs
[2025-10-07T22:16:29.898+0000] {logging_mixin.py:188} INFO - [2025-10-07T22:16:29.898+0000] {dag.py:3954} INFO - Setting next_dagrun for example_sensors to None, run_after=None
[2025-10-07T22:16:29.907+0000] {processor.py:183} INFO - Processing /home/airflow/.local/lib/python3.12/site-packages/airflow/example_dags/example_sensors.py took 0.041 seconds
[2025-10-07T22:17:00.588+0000] {processor.py:161} INFO - Started process (PID=2066) to work on /home/airflow/.local/lib/python3.12/site-packages/airflow/example_dags/example_sensors.py
[2025-10-07T22:17:00.590+0000] {processor.py:830} INFO - Processing file /home/airflow/.local/lib/python3.12/site-packages/airflow/example_dags/example_sensors.py for tasks to queue
[2025-10-07T22:17:00.592+0000] {logging_mixin.py:188} INFO - [2025-10-07T22:17:00.591+0000] {dagbag.py:545} INFO - Filling up the DagBag from /home/airflow/.local/lib/python3.12/site-packages/airflow/example_dags/example_sensors.py
[2025-10-07T22:17:00.596+0000] {processor.py:840} INFO - DAG(s) 'example_sensors' retrieved from /home/airflow/.local/lib/python3.12/site-packages/airflow/example_dags/example_sensors.py
[2025-10-07T22:17:00.610+0000] {logging_mixin.py:188} INFO - [2025-10-07T22:17:00.610+0000] {dag.py:3096} INFO - Sync 1 DAGs
[2025-10-07T22:17:00.616+0000] {logging_mixin.py:188} INFO - [2025-10-07T22:17:00.616+0000] {dag.py:3954} INFO - Setting next_dagrun for example_sensors to None, run_after=None
[2025-10-07T22:17:00.629+0000] {processor.py:183} INFO - Processing /home/airflow/.local/lib/python3.12/site-packages/airflow/example_dags/example_sensors.py took 0.044 seconds
[2025-10-07T22:17:31.671+0000] {processor.py:161} INFO - Started process (PID=2125) to work on /home/airflow/.local/lib/python3.12/site-packages/airflow/example_dags/example_sensors.py
[2025-10-07T22:17:31.672+0000] {processor.py:830} INFO - Processing file /home/airflow/.local/lib/python3.12/site-packages/airflow/example_dags/example_sensors.py for tasks to queue
[2025-10-07T22:17:31.673+0000] {logging_mixin.py:188} INFO - [2025-10-07T22:17:31.673+0000] {dagbag.py:545} INFO - Filling up the DagBag from /home/airflow/.local/lib/python3.12/site-packages/airflow/example_dags/example_sensors.py
[2025-10-07T22:17:31.677+0000] {processor.py:840} INFO - DAG(s) 'example_sensors' retrieved from /home/airflow/.local/lib/python3.12/site-packages/airflow/example_dags/example_sensors.py
[2025-10-07T22:17:31.690+0000] {logging_mixin.py:188} INFO - [2025-10-07T22:17:31.690+0000] {dag.py:3096} INFO - Sync 1 DAGs
[2025-10-07T22:17:31.696+0000] {logging_mixin.py:188} INFO - [2025-10-07T22:17:31.696+0000] {dag.py:3954} INFO - Setting next_dagrun for example_sensors to None, run_after=None
[2025-10-07T22:17:31.707+0000] {processor.py:183} INFO - Processing /home/airflow/.local/lib/python3.12/site-packages/airflow/example_dags/example_sensors.py took 0.039 seconds
[2025-10-07T22:18:01.754+0000] {processor.py:161} INFO - Started process (PID=2184) to work on /home/airflow/.local/lib/python3.12/site-packages/airflow/example_dags/example_sensors.py
[2025-10-07T22:18:01.755+0000] {processor.py:830} INFO - Processing file /home/airflow/.local/lib/python3.12/site-packages/airflow/example_dags/example_sensors.py for tasks to queue
[2025-10-07T22:18:01.757+0000] {logging_mixin.py:188} INFO - [2025-10-07T22:18:01.756+0000] {dagbag.py:545} INFO - Filling up the DagBag from /home/airflow/.local/lib/python3.12/site-packages/airflow/example_dags/example_sensors.py
[2025-10-07T22:18:01.761+0000] {processor.py:840} INFO - DAG(s) 'example_sensors' retrieved from /home/airflow/.local/lib/python3.12/site-packages/airflow/example_dags/example_sensors.py
[2025-10-07T22:18:01.778+0000] {logging_mixin.py:188} INFO - [2025-10-07T22:18:01.778+0000] {dag.py:3096} INFO - Sync 1 DAGs
[2025-10-07T22:18:01.785+0000] {logging_mixin.py:188} INFO - [2025-10-07T22:18:01.785+0000] {dag.py:3954} INFO - Setting next_dagrun for example_sensors to None, run_after=None
[2025-10-07T22:18:01.797+0000] {processor.py:183} INFO - Processing /home/airflow/.local/lib/python3.12/site-packages/airflow/example_dags/example_sensors.py took 0.046 seconds
[2025-10-07T22:18:31.929+0000] {processor.py:161} INFO - Started process (PID=2243) to work on /home/airflow/.local/lib/python3.12/site-packages/airflow/example_dags/example_sensors.py
[2025-10-07T22:18:31.929+0000] {processor.py:830} INFO - Processing file /home/airflow/.local/lib/python3.12/site-packages/airflow/example_dags/example_sensors.py for tasks to queue
[2025-10-07T22:18:31.930+0000] {logging_mixin.py:188} INFO - [2025-10-07T22:18:31.930+0000] {dagbag.py:545} INFO - Filling up the DagBag from /home/airflow/.local/lib/python3.12/site-packages/airflow/example_dags/example_sensors.py
[2025-10-07T22:18:31.936+0000] {processor.py:840} INFO - DAG(s) 'example_sensors' retrieved from /home/airflow/.local/lib/python3.12/site-packages/airflow/example_dags/example_sensors.py
[2025-10-07T22:18:31.950+0000] {logging_mixin.py:188} INFO - [2025-10-07T22:18:31.950+0000] {dag.py:3096} INFO - Sync 1 DAGs
[2025-10-07T22:18:31.956+0000] {logging_mixin.py:188} INFO - [2025-10-07T22:18:31.956+0000] {dag.py:3954} INFO - Setting next_dagrun for example_sensors to None, run_after=None
[2025-10-07T22:18:31.964+0000] {processor.py:183} INFO - Processing /home/airflow/.local/lib/python3.12/site-packages/airflow/example_dags/example_sensors.py took 0.038 seconds
[2025-10-07T22:19:16.150+0000] {processor.py:161} INFO - Started process (PID=53) to work on /home/airflow/.local/lib/python3.12/site-packages/airflow/example_dags/example_sensors.py
[2025-10-07T22:19:16.151+0000] {processor.py:830} INFO - Processing file /home/airflow/.local/lib/python3.12/site-packages/airflow/example_dags/example_sensors.py for tasks to queue
[2025-10-07T22:19:16.152+0000] {logging_mixin.py:188} INFO - [2025-10-07T22:19:16.152+0000] {dagbag.py:545} INFO - Filling up the DagBag from /home/airflow/.local/lib/python3.12/site-packages/airflow/example_dags/example_sensors.py
[2025-10-07T22:19:16.159+0000] {processor.py:840} INFO - DAG(s) 'example_sensors' retrieved from /home/airflow/.local/lib/python3.12/site-packages/airflow/example_dags/example_sensors.py
[2025-10-07T22:19:16.173+0000] {logging_mixin.py:188} INFO - [2025-10-07T22:19:16.173+0000] {dag.py:3096} INFO - Sync 1 DAGs
[2025-10-07T22:19:16.184+0000] {logging_mixin.py:188} INFO - [2025-10-07T22:19:16.183+0000] {dag.py:3954} INFO - Setting next_dagrun for example_sensors to None, run_after=None
[2025-10-07T22:19:16.203+0000] {processor.py:183} INFO - Processing /home/airflow/.local/lib/python3.12/site-packages/airflow/example_dags/example_sensors.py took 0.058 seconds
[2025-10-07T22:19:47.108+0000] {processor.py:161} INFO - Started process (PID=112) to work on /home/airflow/.local/lib/python3.12/site-packages/airflow/example_dags/example_sensors.py
[2025-10-07T22:19:47.108+0000] {processor.py:830} INFO - Processing file /home/airflow/.local/lib/python3.12/site-packages/airflow/example_dags/example_sensors.py for tasks to queue
[2025-10-07T22:19:47.109+0000] {logging_mixin.py:188} INFO - [2025-10-07T22:19:47.109+0000] {dagbag.py:545} INFO - Filling up the DagBag from /home/airflow/.local/lib/python3.12/site-packages/airflow/example_dags/example_sensors.py
[2025-10-07T22:19:47.114+0000] {processor.py:840} INFO - DAG(s) 'example_sensors' retrieved from /home/airflow/.local/lib/python3.12/site-packages/airflow/example_dags/example_sensors.py
[2025-10-07T22:19:47.167+0000] {logging_mixin.py:188} INFO - [2025-10-07T22:19:47.167+0000] {dag.py:3096} INFO - Sync 1 DAGs
[2025-10-07T22:19:47.174+0000] {logging_mixin.py:188} INFO - [2025-10-07T22:19:47.174+0000] {dag.py:3954} INFO - Setting next_dagrun for example_sensors to None, run_after=None
[2025-10-07T22:19:47.189+0000] {processor.py:183} INFO - Processing /home/airflow/.local/lib/python3.12/site-packages/airflow/example_dags/example_sensors.py took 0.084 seconds
[2025-10-07T22:20:18.008+0000] {processor.py:161} INFO - Started process (PID=171) to work on /home/airflow/.local/lib/python3.12/site-packages/airflow/example_dags/example_sensors.py
[2025-10-07T22:20:18.009+0000] {processor.py:830} INFO - Processing file /home/airflow/.local/lib/python3.12/site-packages/airflow/example_dags/example_sensors.py for tasks to queue
[2025-10-07T22:20:18.010+0000] {logging_mixin.py:188} INFO - [2025-10-07T22:20:18.010+0000] {dagbag.py:545} INFO - Filling up the DagBag from /home/airflow/.local/lib/python3.12/site-packages/airflow/example_dags/example_sensors.py
[2025-10-07T22:20:18.015+0000] {processor.py:840} INFO - DAG(s) 'example_sensors' retrieved from /home/airflow/.local/lib/python3.12/site-packages/airflow/example_dags/example_sensors.py
[2025-10-07T22:20:18.031+0000] {logging_mixin.py:188} INFO - [2025-10-07T22:20:18.031+0000] {dag.py:3096} INFO - Sync 1 DAGs
[2025-10-07T22:20:18.037+0000] {logging_mixin.py:188} INFO - [2025-10-07T22:20:18.037+0000] {dag.py:3954} INFO - Setting next_dagrun for example_sensors to None, run_after=None
[2025-10-07T22:20:18.051+0000] {processor.py:183} INFO - Processing /home/airflow/.local/lib/python3.12/site-packages/airflow/example_dags/example_sensors.py took 0.047 seconds
[2025-10-07T22:20:48.416+0000] {processor.py:161} INFO - Started process (PID=230) to work on /home/airflow/.local/lib/python3.12/site-packages/airflow/example_dags/example_sensors.py
[2025-10-07T22:20:48.417+0000] {processor.py:830} INFO - Processing file /home/airflow/.local/lib/python3.12/site-packages/airflow/example_dags/example_sensors.py for tasks to queue
[2025-10-07T22:20:48.418+0000] {logging_mixin.py:188} INFO - [2025-10-07T22:20:48.418+0000] {dagbag.py:545} INFO - Filling up the DagBag from /home/airflow/.local/lib/python3.12/site-packages/airflow/example_dags/example_sensors.py
[2025-10-07T22:20:48.425+0000] {processor.py:840} INFO - DAG(s) 'example_sensors' retrieved from /home/airflow/.local/lib/python3.12/site-packages/airflow/example_dags/example_sensors.py
[2025-10-07T22:20:48.443+0000] {logging_mixin.py:188} INFO - [2025-10-07T22:20:48.443+0000] {dag.py:3096} INFO - Sync 1 DAGs
[2025-10-07T22:20:48.449+0000] {logging_mixin.py:188} INFO - [2025-10-07T22:20:48.449+0000] {dag.py:3954} INFO - Setting next_dagrun for example_sensors to None, run_after=None
[2025-10-07T22:20:48.460+0000] {processor.py:183} INFO - Processing /home/airflow/.local/lib/python3.12/site-packages/airflow/example_dags/example_sensors.py took 0.047 seconds
[2025-10-07T22:21:18.494+0000] {processor.py:161} INFO - Started process (PID=289) to work on /home/airflow/.local/lib/python3.12/site-packages/airflow/example_dags/example_sensors.py
[2025-10-07T22:21:18.498+0000] {processor.py:830} INFO - Processing file /home/airflow/.local/lib/python3.12/site-packages/airflow/example_dags/example_sensors.py for tasks to queue
[2025-10-07T22:21:18.502+0000] {logging_mixin.py:188} INFO - [2025-10-07T22:21:18.502+0000] {dagbag.py:545} INFO - Filling up the DagBag from /home/airflow/.local/lib/python3.12/site-packages/airflow/example_dags/example_sensors.py
[2025-10-07T22:21:18.509+0000] {processor.py:840} INFO - DAG(s) 'example_sensors' retrieved from /home/airflow/.local/lib/python3.12/site-packages/airflow/example_dags/example_sensors.py
[2025-10-07T22:21:18.525+0000] {logging_mixin.py:188} INFO - [2025-10-07T22:21:18.525+0000] {dag.py:3096} INFO - Sync 1 DAGs
[2025-10-07T22:21:18.531+0000] {logging_mixin.py:188} INFO - [2025-10-07T22:21:18.531+0000] {dag.py:3954} INFO - Setting next_dagrun for example_sensors to None, run_after=None
[2025-10-07T22:21:18.543+0000] {processor.py:183} INFO - Processing /home/airflow/.local/lib/python3.12/site-packages/airflow/example_dags/example_sensors.py took 0.052 seconds
[2025-10-07T22:21:48.972+0000] {processor.py:161} INFO - Started process (PID=354) to work on /home/airflow/.local/lib/python3.12/site-packages/airflow/example_dags/example_sensors.py
[2025-10-07T22:21:48.974+0000] {processor.py:830} INFO - Processing file /home/airflow/.local/lib/python3.12/site-packages/airflow/example_dags/example_sensors.py for tasks to queue
[2025-10-07T22:21:48.975+0000] {logging_mixin.py:188} INFO - [2025-10-07T22:21:48.975+0000] {dagbag.py:545} INFO - Filling up the DagBag from /home/airflow/.local/lib/python3.12/site-packages/airflow/example_dags/example_sensors.py
[2025-10-07T22:21:48.982+0000] {processor.py:840} INFO - DAG(s) 'example_sensors' retrieved from /home/airflow/.local/lib/python3.12/site-packages/airflow/example_dags/example_sensors.py
[2025-10-07T22:21:49.004+0000] {logging_mixin.py:188} INFO - [2025-10-07T22:21:49.004+0000] {dag.py:3096} INFO - Sync 1 DAGs
[2025-10-07T22:21:49.010+0000] {logging_mixin.py:188} INFO - [2025-10-07T22:21:49.010+0000] {dag.py:3954} INFO - Setting next_dagrun for example_sensors to None, run_after=None
[2025-10-07T22:21:49.022+0000] {processor.py:183} INFO - Processing /home/airflow/.local/lib/python3.12/site-packages/airflow/example_dags/example_sensors.py took 0.053 seconds
