[2025-10-07T21:54:26.313+0000] {processor.py:161} INFO - Started process (PID=90) to work on /home/airflow/.local/lib/python3.12/site-packages/airflow/example_dags/example_task_group_decorator.py
[2025-10-07T21:54:26.314+0000] {processor.py:830} INFO - Processing file /home/airflow/.local/lib/python3.12/site-packages/airflow/example_dags/example_task_group_decorator.py for tasks to queue
[2025-10-07T21:54:26.315+0000] {logging_mixin.py:188} INFO - [2025-10-07T21:54:26.315+0000] {dagbag.py:545} INFO - Filling up the DagBag from /home/airflow/.local/lib/python3.12/site-packages/airflow/example_dags/example_task_group_decorator.py
[2025-10-07T21:54:26.323+0000] {processor.py:840} INFO - DAG(s) 'example_task_group_decorator' retrieved from /home/airflow/.local/lib/python3.12/site-packages/airflow/example_dags/example_task_group_decorator.py
[2025-10-07T21:54:26.333+0000] {logging_mixin.py:188} INFO - [2025-10-07T21:54:26.333+0000] {dag.py:3096} INFO - Sync 1 DAGs
[2025-10-07T21:54:26.345+0000] {logging_mixin.py:188} INFO - [2025-10-07T21:54:26.345+0000] {dag.py:3954} INFO - Setting next_dagrun for example_task_group_decorator to 2025-10-06 00:00:00+00:00, run_after=2025-10-07 00:00:00+00:00
[2025-10-07T21:54:26.360+0000] {processor.py:183} INFO - Processing /home/airflow/.local/lib/python3.12/site-packages/airflow/example_dags/example_task_group_decorator.py took 0.051 seconds
[2025-10-07T21:54:57.460+0000] {processor.py:161} INFO - Started process (PID=149) to work on /home/airflow/.local/lib/python3.12/site-packages/airflow/example_dags/example_task_group_decorator.py
[2025-10-07T21:54:57.461+0000] {processor.py:830} INFO - Processing file /home/airflow/.local/lib/python3.12/site-packages/airflow/example_dags/example_task_group_decorator.py for tasks to queue
[2025-10-07T21:54:57.463+0000] {logging_mixin.py:188} INFO - [2025-10-07T21:54:57.463+0000] {dagbag.py:545} INFO - Filling up the DagBag from /home/airflow/.local/lib/python3.12/site-packages/airflow/example_dags/example_task_group_decorator.py
[2025-10-07T21:54:57.471+0000] {processor.py:840} INFO - DAG(s) 'example_task_group_decorator' retrieved from /home/airflow/.local/lib/python3.12/site-packages/airflow/example_dags/example_task_group_decorator.py
[2025-10-07T21:54:57.531+0000] {logging_mixin.py:188} INFO - [2025-10-07T21:54:57.531+0000] {dag.py:3096} INFO - Sync 1 DAGs
[2025-10-07T21:54:57.541+0000] {logging_mixin.py:188} INFO - [2025-10-07T21:54:57.541+0000] {dag.py:3954} INFO - Setting next_dagrun for example_task_group_decorator to 2025-10-06 00:00:00+00:00, run_after=2025-10-07 00:00:00+00:00
[2025-10-07T21:54:57.557+0000] {processor.py:183} INFO - Processing /home/airflow/.local/lib/python3.12/site-packages/airflow/example_dags/example_task_group_decorator.py took 0.100 seconds
[2025-10-07T21:55:28.390+0000] {processor.py:161} INFO - Started process (PID=208) to work on /home/airflow/.local/lib/python3.12/site-packages/airflow/example_dags/example_task_group_decorator.py
[2025-10-07T21:55:28.392+0000] {processor.py:830} INFO - Processing file /home/airflow/.local/lib/python3.12/site-packages/airflow/example_dags/example_task_group_decorator.py for tasks to queue
[2025-10-07T21:55:28.393+0000] {logging_mixin.py:188} INFO - [2025-10-07T21:55:28.393+0000] {dagbag.py:545} INFO - Filling up the DagBag from /home/airflow/.local/lib/python3.12/site-packages/airflow/example_dags/example_task_group_decorator.py
[2025-10-07T21:55:28.400+0000] {processor.py:840} INFO - DAG(s) 'example_task_group_decorator' retrieved from /home/airflow/.local/lib/python3.12/site-packages/airflow/example_dags/example_task_group_decorator.py
[2025-10-07T21:55:28.413+0000] {logging_mixin.py:188} INFO - [2025-10-07T21:55:28.413+0000] {dag.py:3096} INFO - Sync 1 DAGs
[2025-10-07T21:55:28.424+0000] {logging_mixin.py:188} INFO - [2025-10-07T21:55:28.424+0000] {dag.py:3954} INFO - Setting next_dagrun for example_task_group_decorator to 2025-10-06 00:00:00+00:00, run_after=2025-10-07 00:00:00+00:00
[2025-10-07T21:55:28.437+0000] {processor.py:183} INFO - Processing /home/airflow/.local/lib/python3.12/site-packages/airflow/example_dags/example_task_group_decorator.py took 0.049 seconds
[2025-10-07T21:55:58.573+0000] {processor.py:161} INFO - Started process (PID=267) to work on /home/airflow/.local/lib/python3.12/site-packages/airflow/example_dags/example_task_group_decorator.py
[2025-10-07T21:55:58.574+0000] {processor.py:830} INFO - Processing file /home/airflow/.local/lib/python3.12/site-packages/airflow/example_dags/example_task_group_decorator.py for tasks to queue
[2025-10-07T21:55:58.575+0000] {logging_mixin.py:188} INFO - [2025-10-07T21:55:58.575+0000] {dagbag.py:545} INFO - Filling up the DagBag from /home/airflow/.local/lib/python3.12/site-packages/airflow/example_dags/example_task_group_decorator.py
[2025-10-07T21:55:58.582+0000] {processor.py:840} INFO - DAG(s) 'example_task_group_decorator' retrieved from /home/airflow/.local/lib/python3.12/site-packages/airflow/example_dags/example_task_group_decorator.py
[2025-10-07T21:55:58.595+0000] {logging_mixin.py:188} INFO - [2025-10-07T21:55:58.595+0000] {dag.py:3096} INFO - Sync 1 DAGs
[2025-10-07T21:55:58.606+0000] {logging_mixin.py:188} INFO - [2025-10-07T21:55:58.606+0000] {dag.py:3954} INFO - Setting next_dagrun for example_task_group_decorator to 2025-10-06 00:00:00+00:00, run_after=2025-10-07 00:00:00+00:00
[2025-10-07T21:55:58.617+0000] {processor.py:183} INFO - Processing /home/airflow/.local/lib/python3.12/site-packages/airflow/example_dags/example_task_group_decorator.py took 0.047 seconds
[2025-10-07T21:56:28.683+0000] {processor.py:161} INFO - Started process (PID=326) to work on /home/airflow/.local/lib/python3.12/site-packages/airflow/example_dags/example_task_group_decorator.py
[2025-10-07T21:56:28.683+0000] {processor.py:830} INFO - Processing file /home/airflow/.local/lib/python3.12/site-packages/airflow/example_dags/example_task_group_decorator.py for tasks to queue
[2025-10-07T21:56:28.685+0000] {logging_mixin.py:188} INFO - [2025-10-07T21:56:28.684+0000] {dagbag.py:545} INFO - Filling up the DagBag from /home/airflow/.local/lib/python3.12/site-packages/airflow/example_dags/example_task_group_decorator.py
[2025-10-07T21:56:28.691+0000] {processor.py:840} INFO - DAG(s) 'example_task_group_decorator' retrieved from /home/airflow/.local/lib/python3.12/site-packages/airflow/example_dags/example_task_group_decorator.py
[2025-10-07T21:56:28.704+0000] {logging_mixin.py:188} INFO - [2025-10-07T21:56:28.704+0000] {dag.py:3096} INFO - Sync 1 DAGs
[2025-10-07T21:56:28.715+0000] {logging_mixin.py:188} INFO - [2025-10-07T21:56:28.715+0000] {dag.py:3954} INFO - Setting next_dagrun for example_task_group_decorator to 2025-10-06 00:00:00+00:00, run_after=2025-10-07 00:00:00+00:00
[2025-10-07T21:56:28.724+0000] {processor.py:183} INFO - Processing /home/airflow/.local/lib/python3.12/site-packages/airflow/example_dags/example_task_group_decorator.py took 0.044 seconds
[2025-10-07T21:56:59.632+0000] {processor.py:161} INFO - Started process (PID=391) to work on /home/airflow/.local/lib/python3.12/site-packages/airflow/example_dags/example_task_group_decorator.py
[2025-10-07T21:56:59.636+0000] {processor.py:830} INFO - Processing file /home/airflow/.local/lib/python3.12/site-packages/airflow/example_dags/example_task_group_decorator.py for tasks to queue
[2025-10-07T21:56:59.637+0000] {logging_mixin.py:188} INFO - [2025-10-07T21:56:59.637+0000] {dagbag.py:545} INFO - Filling up the DagBag from /home/airflow/.local/lib/python3.12/site-packages/airflow/example_dags/example_task_group_decorator.py
[2025-10-07T21:56:59.644+0000] {processor.py:840} INFO - DAG(s) 'example_task_group_decorator' retrieved from /home/airflow/.local/lib/python3.12/site-packages/airflow/example_dags/example_task_group_decorator.py
[2025-10-07T21:56:59.657+0000] {logging_mixin.py:188} INFO - [2025-10-07T21:56:59.657+0000] {dag.py:3096} INFO - Sync 1 DAGs
[2025-10-07T21:56:59.669+0000] {logging_mixin.py:188} INFO - [2025-10-07T21:56:59.669+0000] {dag.py:3954} INFO - Setting next_dagrun for example_task_group_decorator to 2025-10-06 00:00:00+00:00, run_after=2025-10-07 00:00:00+00:00
[2025-10-07T21:56:59.679+0000] {processor.py:183} INFO - Processing /home/airflow/.local/lib/python3.12/site-packages/airflow/example_dags/example_task_group_decorator.py took 0.050 seconds
[2025-10-07T21:57:30.976+0000] {processor.py:161} INFO - Started process (PID=450) to work on /home/airflow/.local/lib/python3.12/site-packages/airflow/example_dags/example_task_group_decorator.py
[2025-10-07T21:57:30.979+0000] {processor.py:830} INFO - Processing file /home/airflow/.local/lib/python3.12/site-packages/airflow/example_dags/example_task_group_decorator.py for tasks to queue
[2025-10-07T21:57:30.982+0000] {logging_mixin.py:188} INFO - [2025-10-07T21:57:30.982+0000] {dagbag.py:545} INFO - Filling up the DagBag from /home/airflow/.local/lib/python3.12/site-packages/airflow/example_dags/example_task_group_decorator.py
[2025-10-07T21:57:31.006+0000] {processor.py:840} INFO - DAG(s) 'example_task_group_decorator' retrieved from /home/airflow/.local/lib/python3.12/site-packages/airflow/example_dags/example_task_group_decorator.py
[2025-10-07T21:57:31.056+0000] {logging_mixin.py:188} INFO - [2025-10-07T21:57:31.055+0000] {dag.py:3096} INFO - Sync 1 DAGs
[2025-10-07T21:57:31.092+0000] {logging_mixin.py:188} INFO - [2025-10-07T21:57:31.092+0000] {dag.py:3954} INFO - Setting next_dagrun for example_task_group_decorator to 2025-10-06 00:00:00+00:00, run_after=2025-10-07 00:00:00+00:00
[2025-10-07T21:57:31.126+0000] {processor.py:183} INFO - Processing /home/airflow/.local/lib/python3.12/site-packages/airflow/example_dags/example_task_group_decorator.py took 0.160 seconds
[2025-10-07T21:58:30.470+0000] {processor.py:161} INFO - Started process (PID=503) to work on /home/airflow/.local/lib/python3.12/site-packages/airflow/example_dags/example_task_group_decorator.py
[2025-10-07T21:58:30.542+0000] {processor.py:830} INFO - Processing file /home/airflow/.local/lib/python3.12/site-packages/airflow/example_dags/example_task_group_decorator.py for tasks to queue
[2025-10-07T21:58:30.547+0000] {logging_mixin.py:188} INFO - [2025-10-07T21:58:30.546+0000] {dagbag.py:545} INFO - Filling up the DagBag from /home/airflow/.local/lib/python3.12/site-packages/airflow/example_dags/example_task_group_decorator.py
[2025-10-07T21:58:30.688+0000] {processor.py:840} INFO - DAG(s) 'example_task_group_decorator' retrieved from /home/airflow/.local/lib/python3.12/site-packages/airflow/example_dags/example_task_group_decorator.py
[2025-10-07T21:58:30.858+0000] {logging_mixin.py:188} INFO - [2025-10-07T21:58:30.857+0000] {dag.py:3096} INFO - Sync 1 DAGs
[2025-10-07T21:58:31.021+0000] {logging_mixin.py:188} INFO - [2025-10-07T21:58:31.020+0000] {dag.py:3954} INFO - Setting next_dagrun for example_task_group_decorator to 2025-10-06 00:00:00+00:00, run_after=2025-10-07 00:00:00+00:00
[2025-10-07T21:58:31.093+0000] {processor.py:183} INFO - Processing /home/airflow/.local/lib/python3.12/site-packages/airflow/example_dags/example_task_group_decorator.py took 0.643 seconds
[2025-10-07T21:59:35.479+0000] {processor.py:161} INFO - Started process (PID=562) to work on /home/airflow/.local/lib/python3.12/site-packages/airflow/example_dags/example_task_group_decorator.py
[2025-10-07T21:59:35.480+0000] {processor.py:830} INFO - Processing file /home/airflow/.local/lib/python3.12/site-packages/airflow/example_dags/example_task_group_decorator.py for tasks to queue
[2025-10-07T21:59:35.481+0000] {logging_mixin.py:188} INFO - [2025-10-07T21:59:35.481+0000] {dagbag.py:545} INFO - Filling up the DagBag from /home/airflow/.local/lib/python3.12/site-packages/airflow/example_dags/example_task_group_decorator.py
[2025-10-07T21:59:35.491+0000] {processor.py:840} INFO - DAG(s) 'example_task_group_decorator' retrieved from /home/airflow/.local/lib/python3.12/site-packages/airflow/example_dags/example_task_group_decorator.py
[2025-10-07T21:59:35.507+0000] {logging_mixin.py:188} INFO - [2025-10-07T21:59:35.507+0000] {dag.py:3096} INFO - Sync 1 DAGs
[2025-10-07T21:59:35.523+0000] {logging_mixin.py:188} INFO - [2025-10-07T21:59:35.522+0000] {dag.py:3954} INFO - Setting next_dagrun for example_task_group_decorator to 2025-10-06 00:00:00+00:00, run_after=2025-10-07 00:00:00+00:00
[2025-10-07T21:59:35.542+0000] {processor.py:183} INFO - Processing /home/airflow/.local/lib/python3.12/site-packages/airflow/example_dags/example_task_group_decorator.py took 0.069 seconds
[2025-10-07T22:01:53.329+0000] {processor.py:161} INFO - Started process (PID=621) to work on /home/airflow/.local/lib/python3.12/site-packages/airflow/example_dags/example_task_group_decorator.py
[2025-10-07T22:01:53.333+0000] {processor.py:830} INFO - Processing file /home/airflow/.local/lib/python3.12/site-packages/airflow/example_dags/example_task_group_decorator.py for tasks to queue
[2025-10-07T22:01:53.334+0000] {logging_mixin.py:188} INFO - [2025-10-07T22:01:53.334+0000] {dagbag.py:545} INFO - Filling up the DagBag from /home/airflow/.local/lib/python3.12/site-packages/airflow/example_dags/example_task_group_decorator.py
[2025-10-07T22:01:53.344+0000] {processor.py:840} INFO - DAG(s) 'example_task_group_decorator' retrieved from /home/airflow/.local/lib/python3.12/site-packages/airflow/example_dags/example_task_group_decorator.py
[2025-10-07T22:01:53.367+0000] {logging_mixin.py:188} INFO - [2025-10-07T22:01:53.366+0000] {dag.py:3096} INFO - Sync 1 DAGs
[2025-10-07T22:01:53.379+0000] {logging_mixin.py:188} INFO - [2025-10-07T22:01:53.379+0000] {dag.py:3954} INFO - Setting next_dagrun for example_task_group_decorator to 2025-10-06 00:00:00+00:00, run_after=2025-10-07 00:00:00+00:00
[2025-10-07T22:01:53.390+0000] {processor.py:183} INFO - Processing /home/airflow/.local/lib/python3.12/site-packages/airflow/example_dags/example_task_group_decorator.py took 0.064 seconds
[2025-10-07T22:04:56.590+0000] {processor.py:161} INFO - Started process (PID=680) to work on /home/airflow/.local/lib/python3.12/site-packages/airflow/example_dags/example_task_group_decorator.py
[2025-10-07T22:04:56.591+0000] {processor.py:830} INFO - Processing file /home/airflow/.local/lib/python3.12/site-packages/airflow/example_dags/example_task_group_decorator.py for tasks to queue
[2025-10-07T22:04:56.592+0000] {logging_mixin.py:188} INFO - [2025-10-07T22:04:56.592+0000] {dagbag.py:545} INFO - Filling up the DagBag from /home/airflow/.local/lib/python3.12/site-packages/airflow/example_dags/example_task_group_decorator.py
[2025-10-07T22:04:56.601+0000] {processor.py:840} INFO - DAG(s) 'example_task_group_decorator' retrieved from /home/airflow/.local/lib/python3.12/site-packages/airflow/example_dags/example_task_group_decorator.py
[2025-10-07T22:04:56.629+0000] {logging_mixin.py:188} INFO - [2025-10-07T22:04:56.628+0000] {dag.py:3096} INFO - Sync 1 DAGs
[2025-10-07T22:04:56.640+0000] {logging_mixin.py:188} INFO - [2025-10-07T22:04:56.640+0000] {dag.py:3954} INFO - Setting next_dagrun for example_task_group_decorator to 2025-10-06 00:00:00+00:00, run_after=2025-10-07 00:00:00+00:00
[2025-10-07T22:04:56.649+0000] {processor.py:183} INFO - Processing /home/airflow/.local/lib/python3.12/site-packages/airflow/example_dags/example_task_group_decorator.py took 0.063 seconds
[2025-10-07T22:05:26.678+0000] {processor.py:161} INFO - Started process (PID=739) to work on /home/airflow/.local/lib/python3.12/site-packages/airflow/example_dags/example_task_group_decorator.py
[2025-10-07T22:05:26.682+0000] {processor.py:830} INFO - Processing file /home/airflow/.local/lib/python3.12/site-packages/airflow/example_dags/example_task_group_decorator.py for tasks to queue
[2025-10-07T22:05:26.683+0000] {logging_mixin.py:188} INFO - [2025-10-07T22:05:26.683+0000] {dagbag.py:545} INFO - Filling up the DagBag from /home/airflow/.local/lib/python3.12/site-packages/airflow/example_dags/example_task_group_decorator.py
[2025-10-07T22:05:26.690+0000] {processor.py:840} INFO - DAG(s) 'example_task_group_decorator' retrieved from /home/airflow/.local/lib/python3.12/site-packages/airflow/example_dags/example_task_group_decorator.py
[2025-10-07T22:05:26.707+0000] {logging_mixin.py:188} INFO - [2025-10-07T22:05:26.707+0000] {dag.py:3096} INFO - Sync 1 DAGs
[2025-10-07T22:05:26.718+0000] {logging_mixin.py:188} INFO - [2025-10-07T22:05:26.718+0000] {dag.py:3954} INFO - Setting next_dagrun for example_task_group_decorator to 2025-10-06 00:00:00+00:00, run_after=2025-10-07 00:00:00+00:00
[2025-10-07T22:05:26.728+0000] {processor.py:183} INFO - Processing /home/airflow/.local/lib/python3.12/site-packages/airflow/example_dags/example_task_group_decorator.py took 0.053 seconds
[2025-10-07T22:05:56.823+0000] {processor.py:161} INFO - Started process (PID=798) to work on /home/airflow/.local/lib/python3.12/site-packages/airflow/example_dags/example_task_group_decorator.py
[2025-10-07T22:05:56.826+0000] {processor.py:830} INFO - Processing file /home/airflow/.local/lib/python3.12/site-packages/airflow/example_dags/example_task_group_decorator.py for tasks to queue
[2025-10-07T22:05:56.827+0000] {logging_mixin.py:188} INFO - [2025-10-07T22:05:56.827+0000] {dagbag.py:545} INFO - Filling up the DagBag from /home/airflow/.local/lib/python3.12/site-packages/airflow/example_dags/example_task_group_decorator.py
[2025-10-07T22:05:56.837+0000] {processor.py:840} INFO - DAG(s) 'example_task_group_decorator' retrieved from /home/airflow/.local/lib/python3.12/site-packages/airflow/example_dags/example_task_group_decorator.py
[2025-10-07T22:05:56.853+0000] {logging_mixin.py:188} INFO - [2025-10-07T22:05:56.853+0000] {dag.py:3096} INFO - Sync 1 DAGs
[2025-10-07T22:05:56.864+0000] {logging_mixin.py:188} INFO - [2025-10-07T22:05:56.864+0000] {dag.py:3954} INFO - Setting next_dagrun for example_task_group_decorator to 2025-10-06 00:00:00+00:00, run_after=2025-10-07 00:00:00+00:00
[2025-10-07T22:05:56.874+0000] {processor.py:183} INFO - Processing /home/airflow/.local/lib/python3.12/site-packages/airflow/example_dags/example_task_group_decorator.py took 0.054 seconds
[2025-10-07T22:06:26.922+0000] {processor.py:161} INFO - Started process (PID=857) to work on /home/airflow/.local/lib/python3.12/site-packages/airflow/example_dags/example_task_group_decorator.py
[2025-10-07T22:06:26.925+0000] {processor.py:830} INFO - Processing file /home/airflow/.local/lib/python3.12/site-packages/airflow/example_dags/example_task_group_decorator.py for tasks to queue
[2025-10-07T22:06:26.926+0000] {logging_mixin.py:188} INFO - [2025-10-07T22:06:26.926+0000] {dagbag.py:545} INFO - Filling up the DagBag from /home/airflow/.local/lib/python3.12/site-packages/airflow/example_dags/example_task_group_decorator.py
[2025-10-07T22:06:26.932+0000] {processor.py:840} INFO - DAG(s) 'example_task_group_decorator' retrieved from /home/airflow/.local/lib/python3.12/site-packages/airflow/example_dags/example_task_group_decorator.py
[2025-10-07T22:06:26.945+0000] {logging_mixin.py:188} INFO - [2025-10-07T22:06:26.945+0000] {dag.py:3096} INFO - Sync 1 DAGs
[2025-10-07T22:06:26.958+0000] {logging_mixin.py:188} INFO - [2025-10-07T22:06:26.958+0000] {dag.py:3954} INFO - Setting next_dagrun for example_task_group_decorator to 2025-10-06 00:00:00+00:00, run_after=2025-10-07 00:00:00+00:00
[2025-10-07T22:06:26.973+0000] {processor.py:183} INFO - Processing /home/airflow/.local/lib/python3.12/site-packages/airflow/example_dags/example_task_group_decorator.py took 0.054 seconds
[2025-10-07T22:06:57.053+0000] {processor.py:161} INFO - Started process (PID=916) to work on /home/airflow/.local/lib/python3.12/site-packages/airflow/example_dags/example_task_group_decorator.py
[2025-10-07T22:06:57.053+0000] {processor.py:830} INFO - Processing file /home/airflow/.local/lib/python3.12/site-packages/airflow/example_dags/example_task_group_decorator.py for tasks to queue
[2025-10-07T22:06:57.054+0000] {logging_mixin.py:188} INFO - [2025-10-07T22:06:57.054+0000] {dagbag.py:545} INFO - Filling up the DagBag from /home/airflow/.local/lib/python3.12/site-packages/airflow/example_dags/example_task_group_decorator.py
[2025-10-07T22:06:57.061+0000] {processor.py:840} INFO - DAG(s) 'example_task_group_decorator' retrieved from /home/airflow/.local/lib/python3.12/site-packages/airflow/example_dags/example_task_group_decorator.py
[2025-10-07T22:06:57.080+0000] {logging_mixin.py:188} INFO - [2025-10-07T22:06:57.080+0000] {dag.py:3096} INFO - Sync 1 DAGs
[2025-10-07T22:06:57.092+0000] {logging_mixin.py:188} INFO - [2025-10-07T22:06:57.092+0000] {dag.py:3954} INFO - Setting next_dagrun for example_task_group_decorator to 2025-10-06 00:00:00+00:00, run_after=2025-10-07 00:00:00+00:00
[2025-10-07T22:06:57.106+0000] {processor.py:183} INFO - Processing /home/airflow/.local/lib/python3.12/site-packages/airflow/example_dags/example_task_group_decorator.py took 0.056 seconds
[2025-10-07T22:07:27.145+0000] {processor.py:161} INFO - Started process (PID=975) to work on /home/airflow/.local/lib/python3.12/site-packages/airflow/example_dags/example_task_group_decorator.py
[2025-10-07T22:07:27.145+0000] {processor.py:830} INFO - Processing file /home/airflow/.local/lib/python3.12/site-packages/airflow/example_dags/example_task_group_decorator.py for tasks to queue
[2025-10-07T22:07:27.147+0000] {logging_mixin.py:188} INFO - [2025-10-07T22:07:27.146+0000] {dagbag.py:545} INFO - Filling up the DagBag from /home/airflow/.local/lib/python3.12/site-packages/airflow/example_dags/example_task_group_decorator.py
[2025-10-07T22:07:27.153+0000] {processor.py:840} INFO - DAG(s) 'example_task_group_decorator' retrieved from /home/airflow/.local/lib/python3.12/site-packages/airflow/example_dags/example_task_group_decorator.py
[2025-10-07T22:07:27.172+0000] {logging_mixin.py:188} INFO - [2025-10-07T22:07:27.172+0000] {dag.py:3096} INFO - Sync 1 DAGs
[2025-10-07T22:07:27.182+0000] {logging_mixin.py:188} INFO - [2025-10-07T22:07:27.182+0000] {dag.py:3954} INFO - Setting next_dagrun for example_task_group_decorator to 2025-10-06 00:00:00+00:00, run_after=2025-10-07 00:00:00+00:00
[2025-10-07T22:07:27.194+0000] {processor.py:183} INFO - Processing /home/airflow/.local/lib/python3.12/site-packages/airflow/example_dags/example_task_group_decorator.py took 0.053 seconds
[2025-10-07T22:07:57.314+0000] {processor.py:161} INFO - Started process (PID=1034) to work on /home/airflow/.local/lib/python3.12/site-packages/airflow/example_dags/example_task_group_decorator.py
[2025-10-07T22:07:57.315+0000] {processor.py:830} INFO - Processing file /home/airflow/.local/lib/python3.12/site-packages/airflow/example_dags/example_task_group_decorator.py for tasks to queue
[2025-10-07T22:07:57.316+0000] {logging_mixin.py:188} INFO - [2025-10-07T22:07:57.316+0000] {dagbag.py:545} INFO - Filling up the DagBag from /home/airflow/.local/lib/python3.12/site-packages/airflow/example_dags/example_task_group_decorator.py
[2025-10-07T22:07:57.324+0000] {processor.py:840} INFO - DAG(s) 'example_task_group_decorator' retrieved from /home/airflow/.local/lib/python3.12/site-packages/airflow/example_dags/example_task_group_decorator.py
[2025-10-07T22:07:57.338+0000] {logging_mixin.py:188} INFO - [2025-10-07T22:07:57.337+0000] {dag.py:3096} INFO - Sync 1 DAGs
[2025-10-07T22:07:57.348+0000] {logging_mixin.py:188} INFO - [2025-10-07T22:07:57.348+0000] {dag.py:3954} INFO - Setting next_dagrun for example_task_group_decorator to 2025-10-06 00:00:00+00:00, run_after=2025-10-07 00:00:00+00:00
[2025-10-07T22:07:57.360+0000] {processor.py:183} INFO - Processing /home/airflow/.local/lib/python3.12/site-packages/airflow/example_dags/example_task_group_decorator.py took 0.049 seconds
[2025-10-07T22:08:27.444+0000] {processor.py:161} INFO - Started process (PID=1093) to work on /home/airflow/.local/lib/python3.12/site-packages/airflow/example_dags/example_task_group_decorator.py
[2025-10-07T22:08:27.444+0000] {processor.py:830} INFO - Processing file /home/airflow/.local/lib/python3.12/site-packages/airflow/example_dags/example_task_group_decorator.py for tasks to queue
[2025-10-07T22:08:27.445+0000] {logging_mixin.py:188} INFO - [2025-10-07T22:08:27.445+0000] {dagbag.py:545} INFO - Filling up the DagBag from /home/airflow/.local/lib/python3.12/site-packages/airflow/example_dags/example_task_group_decorator.py
[2025-10-07T22:08:27.453+0000] {processor.py:840} INFO - DAG(s) 'example_task_group_decorator' retrieved from /home/airflow/.local/lib/python3.12/site-packages/airflow/example_dags/example_task_group_decorator.py
[2025-10-07T22:08:27.469+0000] {logging_mixin.py:188} INFO - [2025-10-07T22:08:27.469+0000] {dag.py:3096} INFO - Sync 1 DAGs
[2025-10-07T22:08:27.479+0000] {logging_mixin.py:188} INFO - [2025-10-07T22:08:27.479+0000] {dag.py:3954} INFO - Setting next_dagrun for example_task_group_decorator to 2025-10-06 00:00:00+00:00, run_after=2025-10-07 00:00:00+00:00
[2025-10-07T22:08:27.493+0000] {processor.py:183} INFO - Processing /home/airflow/.local/lib/python3.12/site-packages/airflow/example_dags/example_task_group_decorator.py took 0.052 seconds
[2025-10-07T22:08:57.711+0000] {processor.py:161} INFO - Started process (PID=1152) to work on /home/airflow/.local/lib/python3.12/site-packages/airflow/example_dags/example_task_group_decorator.py
[2025-10-07T22:08:57.712+0000] {processor.py:830} INFO - Processing file /home/airflow/.local/lib/python3.12/site-packages/airflow/example_dags/example_task_group_decorator.py for tasks to queue
[2025-10-07T22:08:57.712+0000] {logging_mixin.py:188} INFO - [2025-10-07T22:08:57.712+0000] {dagbag.py:545} INFO - Filling up the DagBag from /home/airflow/.local/lib/python3.12/site-packages/airflow/example_dags/example_task_group_decorator.py
[2025-10-07T22:08:57.719+0000] {processor.py:840} INFO - DAG(s) 'example_task_group_decorator' retrieved from /home/airflow/.local/lib/python3.12/site-packages/airflow/example_dags/example_task_group_decorator.py
[2025-10-07T22:08:57.731+0000] {logging_mixin.py:188} INFO - [2025-10-07T22:08:57.730+0000] {dag.py:3096} INFO - Sync 1 DAGs
[2025-10-07T22:08:57.740+0000] {logging_mixin.py:188} INFO - [2025-10-07T22:08:57.740+0000] {dag.py:3954} INFO - Setting next_dagrun for example_task_group_decorator to 2025-10-06 00:00:00+00:00, run_after=2025-10-07 00:00:00+00:00
[2025-10-07T22:08:57.748+0000] {processor.py:183} INFO - Processing /home/airflow/.local/lib/python3.12/site-packages/airflow/example_dags/example_task_group_decorator.py took 0.040 seconds
[2025-10-07T22:09:27.901+0000] {processor.py:161} INFO - Started process (PID=1211) to work on /home/airflow/.local/lib/python3.12/site-packages/airflow/example_dags/example_task_group_decorator.py
[2025-10-07T22:09:27.902+0000] {processor.py:830} INFO - Processing file /home/airflow/.local/lib/python3.12/site-packages/airflow/example_dags/example_task_group_decorator.py for tasks to queue
[2025-10-07T22:09:27.903+0000] {logging_mixin.py:188} INFO - [2025-10-07T22:09:27.903+0000] {dagbag.py:545} INFO - Filling up the DagBag from /home/airflow/.local/lib/python3.12/site-packages/airflow/example_dags/example_task_group_decorator.py
[2025-10-07T22:09:27.910+0000] {processor.py:840} INFO - DAG(s) 'example_task_group_decorator' retrieved from /home/airflow/.local/lib/python3.12/site-packages/airflow/example_dags/example_task_group_decorator.py
[2025-10-07T22:09:27.921+0000] {logging_mixin.py:188} INFO - [2025-10-07T22:09:27.921+0000] {dag.py:3096} INFO - Sync 1 DAGs
[2025-10-07T22:09:27.930+0000] {logging_mixin.py:188} INFO - [2025-10-07T22:09:27.930+0000] {dag.py:3954} INFO - Setting next_dagrun for example_task_group_decorator to 2025-10-06 00:00:00+00:00, run_after=2025-10-07 00:00:00+00:00
[2025-10-07T22:09:27.938+0000] {processor.py:183} INFO - Processing /home/airflow/.local/lib/python3.12/site-packages/airflow/example_dags/example_task_group_decorator.py took 0.040 seconds
[2025-10-07T22:09:59.002+0000] {processor.py:161} INFO - Started process (PID=1270) to work on /home/airflow/.local/lib/python3.12/site-packages/airflow/example_dags/example_task_group_decorator.py
[2025-10-07T22:09:59.002+0000] {processor.py:830} INFO - Processing file /home/airflow/.local/lib/python3.12/site-packages/airflow/example_dags/example_task_group_decorator.py for tasks to queue
[2025-10-07T22:09:59.003+0000] {logging_mixin.py:188} INFO - [2025-10-07T22:09:59.003+0000] {dagbag.py:545} INFO - Filling up the DagBag from /home/airflow/.local/lib/python3.12/site-packages/airflow/example_dags/example_task_group_decorator.py
[2025-10-07T22:09:59.009+0000] {processor.py:840} INFO - DAG(s) 'example_task_group_decorator' retrieved from /home/airflow/.local/lib/python3.12/site-packages/airflow/example_dags/example_task_group_decorator.py
[2025-10-07T22:09:59.024+0000] {logging_mixin.py:188} INFO - [2025-10-07T22:09:59.024+0000] {dag.py:3096} INFO - Sync 1 DAGs
[2025-10-07T22:09:59.035+0000] {logging_mixin.py:188} INFO - [2025-10-07T22:09:59.035+0000] {dag.py:3954} INFO - Setting next_dagrun for example_task_group_decorator to 2025-10-06 00:00:00+00:00, run_after=2025-10-07 00:00:00+00:00
[2025-10-07T22:09:59.047+0000] {processor.py:183} INFO - Processing /home/airflow/.local/lib/python3.12/site-packages/airflow/example_dags/example_task_group_decorator.py took 0.049 seconds
[2025-10-07T22:10:29.214+0000] {processor.py:161} INFO - Started process (PID=1329) to work on /home/airflow/.local/lib/python3.12/site-packages/airflow/example_dags/example_task_group_decorator.py
[2025-10-07T22:10:29.216+0000] {processor.py:830} INFO - Processing file /home/airflow/.local/lib/python3.12/site-packages/airflow/example_dags/example_task_group_decorator.py for tasks to queue
[2025-10-07T22:10:29.217+0000] {logging_mixin.py:188} INFO - [2025-10-07T22:10:29.217+0000] {dagbag.py:545} INFO - Filling up the DagBag from /home/airflow/.local/lib/python3.12/site-packages/airflow/example_dags/example_task_group_decorator.py
[2025-10-07T22:10:29.224+0000] {processor.py:840} INFO - DAG(s) 'example_task_group_decorator' retrieved from /home/airflow/.local/lib/python3.12/site-packages/airflow/example_dags/example_task_group_decorator.py
[2025-10-07T22:10:29.238+0000] {logging_mixin.py:188} INFO - [2025-10-07T22:10:29.237+0000] {dag.py:3096} INFO - Sync 1 DAGs
[2025-10-07T22:10:29.247+0000] {logging_mixin.py:188} INFO - [2025-10-07T22:10:29.247+0000] {dag.py:3954} INFO - Setting next_dagrun for example_task_group_decorator to 2025-10-06 00:00:00+00:00, run_after=2025-10-07 00:00:00+00:00
[2025-10-07T22:10:29.258+0000] {processor.py:183} INFO - Processing /home/airflow/.local/lib/python3.12/site-packages/airflow/example_dags/example_task_group_decorator.py took 0.046 seconds
[2025-10-07T22:10:59.439+0000] {processor.py:161} INFO - Started process (PID=1388) to work on /home/airflow/.local/lib/python3.12/site-packages/airflow/example_dags/example_task_group_decorator.py
[2025-10-07T22:10:59.440+0000] {processor.py:830} INFO - Processing file /home/airflow/.local/lib/python3.12/site-packages/airflow/example_dags/example_task_group_decorator.py for tasks to queue
[2025-10-07T22:10:59.441+0000] {logging_mixin.py:188} INFO - [2025-10-07T22:10:59.441+0000] {dagbag.py:545} INFO - Filling up the DagBag from /home/airflow/.local/lib/python3.12/site-packages/airflow/example_dags/example_task_group_decorator.py
[2025-10-07T22:10:59.448+0000] {processor.py:840} INFO - DAG(s) 'example_task_group_decorator' retrieved from /home/airflow/.local/lib/python3.12/site-packages/airflow/example_dags/example_task_group_decorator.py
[2025-10-07T22:10:59.462+0000] {logging_mixin.py:188} INFO - [2025-10-07T22:10:59.462+0000] {dag.py:3096} INFO - Sync 1 DAGs
[2025-10-07T22:10:59.474+0000] {logging_mixin.py:188} INFO - [2025-10-07T22:10:59.473+0000] {dag.py:3954} INFO - Setting next_dagrun for example_task_group_decorator to 2025-10-06 00:00:00+00:00, run_after=2025-10-07 00:00:00+00:00
[2025-10-07T22:10:59.482+0000] {processor.py:183} INFO - Processing /home/airflow/.local/lib/python3.12/site-packages/airflow/example_dags/example_task_group_decorator.py took 0.047 seconds
[2025-10-07T22:11:30.467+0000] {processor.py:161} INFO - Started process (PID=1447) to work on /home/airflow/.local/lib/python3.12/site-packages/airflow/example_dags/example_task_group_decorator.py
[2025-10-07T22:11:30.467+0000] {processor.py:830} INFO - Processing file /home/airflow/.local/lib/python3.12/site-packages/airflow/example_dags/example_task_group_decorator.py for tasks to queue
[2025-10-07T22:11:30.468+0000] {logging_mixin.py:188} INFO - [2025-10-07T22:11:30.468+0000] {dagbag.py:545} INFO - Filling up the DagBag from /home/airflow/.local/lib/python3.12/site-packages/airflow/example_dags/example_task_group_decorator.py
[2025-10-07T22:11:30.476+0000] {processor.py:840} INFO - DAG(s) 'example_task_group_decorator' retrieved from /home/airflow/.local/lib/python3.12/site-packages/airflow/example_dags/example_task_group_decorator.py
[2025-10-07T22:11:30.489+0000] {logging_mixin.py:188} INFO - [2025-10-07T22:11:30.488+0000] {dag.py:3096} INFO - Sync 1 DAGs
[2025-10-07T22:11:30.498+0000] {logging_mixin.py:188} INFO - [2025-10-07T22:11:30.498+0000] {dag.py:3954} INFO - Setting next_dagrun for example_task_group_decorator to 2025-10-06 00:00:00+00:00, run_after=2025-10-07 00:00:00+00:00
[2025-10-07T22:11:30.509+0000] {processor.py:183} INFO - Processing /home/airflow/.local/lib/python3.12/site-packages/airflow/example_dags/example_task_group_decorator.py took 0.045 seconds
[2025-10-07T22:12:00.713+0000] {processor.py:161} INFO - Started process (PID=1506) to work on /home/airflow/.local/lib/python3.12/site-packages/airflow/example_dags/example_task_group_decorator.py
[2025-10-07T22:12:00.714+0000] {processor.py:830} INFO - Processing file /home/airflow/.local/lib/python3.12/site-packages/airflow/example_dags/example_task_group_decorator.py for tasks to queue
[2025-10-07T22:12:00.716+0000] {logging_mixin.py:188} INFO - [2025-10-07T22:12:00.715+0000] {dagbag.py:545} INFO - Filling up the DagBag from /home/airflow/.local/lib/python3.12/site-packages/airflow/example_dags/example_task_group_decorator.py
[2025-10-07T22:12:00.722+0000] {processor.py:840} INFO - DAG(s) 'example_task_group_decorator' retrieved from /home/airflow/.local/lib/python3.12/site-packages/airflow/example_dags/example_task_group_decorator.py
[2025-10-07T22:12:00.733+0000] {logging_mixin.py:188} INFO - [2025-10-07T22:12:00.733+0000] {dag.py:3096} INFO - Sync 1 DAGs
[2025-10-07T22:12:00.745+0000] {logging_mixin.py:188} INFO - [2025-10-07T22:12:00.745+0000] {dag.py:3954} INFO - Setting next_dagrun for example_task_group_decorator to 2025-10-06 00:00:00+00:00, run_after=2025-10-07 00:00:00+00:00
[2025-10-07T22:12:00.755+0000] {processor.py:183} INFO - Processing /home/airflow/.local/lib/python3.12/site-packages/airflow/example_dags/example_task_group_decorator.py took 0.045 seconds
[2025-10-07T22:12:31.802+0000] {processor.py:161} INFO - Started process (PID=1565) to work on /home/airflow/.local/lib/python3.12/site-packages/airflow/example_dags/example_task_group_decorator.py
[2025-10-07T22:12:31.803+0000] {processor.py:830} INFO - Processing file /home/airflow/.local/lib/python3.12/site-packages/airflow/example_dags/example_task_group_decorator.py for tasks to queue
[2025-10-07T22:12:31.804+0000] {logging_mixin.py:188} INFO - [2025-10-07T22:12:31.804+0000] {dagbag.py:545} INFO - Filling up the DagBag from /home/airflow/.local/lib/python3.12/site-packages/airflow/example_dags/example_task_group_decorator.py
[2025-10-07T22:12:31.811+0000] {processor.py:840} INFO - DAG(s) 'example_task_group_decorator' retrieved from /home/airflow/.local/lib/python3.12/site-packages/airflow/example_dags/example_task_group_decorator.py
[2025-10-07T22:12:31.825+0000] {logging_mixin.py:188} INFO - [2025-10-07T22:12:31.825+0000] {dag.py:3096} INFO - Sync 1 DAGs
[2025-10-07T22:12:31.835+0000] {logging_mixin.py:188} INFO - [2025-10-07T22:12:31.835+0000] {dag.py:3954} INFO - Setting next_dagrun for example_task_group_decorator to 2025-10-06 00:00:00+00:00, run_after=2025-10-07 00:00:00+00:00
[2025-10-07T22:12:31.848+0000] {processor.py:183} INFO - Processing /home/airflow/.local/lib/python3.12/site-packages/airflow/example_dags/example_task_group_decorator.py took 0.049 seconds
[2025-10-07T22:13:01.973+0000] {processor.py:161} INFO - Started process (PID=1624) to work on /home/airflow/.local/lib/python3.12/site-packages/airflow/example_dags/example_task_group_decorator.py
[2025-10-07T22:13:01.974+0000] {processor.py:830} INFO - Processing file /home/airflow/.local/lib/python3.12/site-packages/airflow/example_dags/example_task_group_decorator.py for tasks to queue
[2025-10-07T22:13:01.975+0000] {logging_mixin.py:188} INFO - [2025-10-07T22:13:01.975+0000] {dagbag.py:545} INFO - Filling up the DagBag from /home/airflow/.local/lib/python3.12/site-packages/airflow/example_dags/example_task_group_decorator.py
[2025-10-07T22:13:01.983+0000] {processor.py:840} INFO - DAG(s) 'example_task_group_decorator' retrieved from /home/airflow/.local/lib/python3.12/site-packages/airflow/example_dags/example_task_group_decorator.py
[2025-10-07T22:13:01.996+0000] {logging_mixin.py:188} INFO - [2025-10-07T22:13:01.996+0000] {dag.py:3096} INFO - Sync 1 DAGs
[2025-10-07T22:13:02.009+0000] {logging_mixin.py:188} INFO - [2025-10-07T22:13:02.009+0000] {dag.py:3954} INFO - Setting next_dagrun for example_task_group_decorator to 2025-10-06 00:00:00+00:00, run_after=2025-10-07 00:00:00+00:00
[2025-10-07T22:13:02.022+0000] {processor.py:183} INFO - Processing /home/airflow/.local/lib/python3.12/site-packages/airflow/example_dags/example_task_group_decorator.py took 0.052 seconds
[2025-10-07T22:13:32.088+0000] {processor.py:161} INFO - Started process (PID=1682) to work on /home/airflow/.local/lib/python3.12/site-packages/airflow/example_dags/example_task_group_decorator.py
[2025-10-07T22:13:32.088+0000] {processor.py:830} INFO - Processing file /home/airflow/.local/lib/python3.12/site-packages/airflow/example_dags/example_task_group_decorator.py for tasks to queue
[2025-10-07T22:13:32.089+0000] {logging_mixin.py:188} INFO - [2025-10-07T22:13:32.089+0000] {dagbag.py:545} INFO - Filling up the DagBag from /home/airflow/.local/lib/python3.12/site-packages/airflow/example_dags/example_task_group_decorator.py
[2025-10-07T22:13:32.096+0000] {processor.py:840} INFO - DAG(s) 'example_task_group_decorator' retrieved from /home/airflow/.local/lib/python3.12/site-packages/airflow/example_dags/example_task_group_decorator.py
[2025-10-07T22:13:32.110+0000] {logging_mixin.py:188} INFO - [2025-10-07T22:13:32.110+0000] {dag.py:3096} INFO - Sync 1 DAGs
[2025-10-07T22:13:32.121+0000] {logging_mixin.py:188} INFO - [2025-10-07T22:13:32.121+0000] {dag.py:3954} INFO - Setting next_dagrun for example_task_group_decorator to 2025-10-06 00:00:00+00:00, run_after=2025-10-07 00:00:00+00:00
[2025-10-07T22:13:32.131+0000] {processor.py:183} INFO - Processing /home/airflow/.local/lib/python3.12/site-packages/airflow/example_dags/example_task_group_decorator.py took 0.047 seconds
[2025-10-07T22:14:02.278+0000] {processor.py:161} INFO - Started process (PID=1741) to work on /home/airflow/.local/lib/python3.12/site-packages/airflow/example_dags/example_task_group_decorator.py
[2025-10-07T22:14:02.280+0000] {processor.py:830} INFO - Processing file /home/airflow/.local/lib/python3.12/site-packages/airflow/example_dags/example_task_group_decorator.py for tasks to queue
[2025-10-07T22:14:02.282+0000] {logging_mixin.py:188} INFO - [2025-10-07T22:14:02.282+0000] {dagbag.py:545} INFO - Filling up the DagBag from /home/airflow/.local/lib/python3.12/site-packages/airflow/example_dags/example_task_group_decorator.py
[2025-10-07T22:14:02.290+0000] {processor.py:840} INFO - DAG(s) 'example_task_group_decorator' retrieved from /home/airflow/.local/lib/python3.12/site-packages/airflow/example_dags/example_task_group_decorator.py
[2025-10-07T22:14:02.303+0000] {logging_mixin.py:188} INFO - [2025-10-07T22:14:02.303+0000] {dag.py:3096} INFO - Sync 1 DAGs
[2025-10-07T22:14:02.314+0000] {logging_mixin.py:188} INFO - [2025-10-07T22:14:02.314+0000] {dag.py:3954} INFO - Setting next_dagrun for example_task_group_decorator to 2025-10-06 00:00:00+00:00, run_after=2025-10-07 00:00:00+00:00
[2025-10-07T22:14:02.324+0000] {processor.py:183} INFO - Processing /home/airflow/.local/lib/python3.12/site-packages/airflow/example_dags/example_task_group_decorator.py took 0.052 seconds
[2025-10-07T22:14:32.635+0000] {processor.py:161} INFO - Started process (PID=1800) to work on /home/airflow/.local/lib/python3.12/site-packages/airflow/example_dags/example_task_group_decorator.py
[2025-10-07T22:14:32.635+0000] {processor.py:830} INFO - Processing file /home/airflow/.local/lib/python3.12/site-packages/airflow/example_dags/example_task_group_decorator.py for tasks to queue
[2025-10-07T22:14:32.636+0000] {logging_mixin.py:188} INFO - [2025-10-07T22:14:32.636+0000] {dagbag.py:545} INFO - Filling up the DagBag from /home/airflow/.local/lib/python3.12/site-packages/airflow/example_dags/example_task_group_decorator.py
[2025-10-07T22:14:32.644+0000] {processor.py:840} INFO - DAG(s) 'example_task_group_decorator' retrieved from /home/airflow/.local/lib/python3.12/site-packages/airflow/example_dags/example_task_group_decorator.py
[2025-10-07T22:14:32.655+0000] {logging_mixin.py:188} INFO - [2025-10-07T22:14:32.655+0000] {dag.py:3096} INFO - Sync 1 DAGs
[2025-10-07T22:14:32.665+0000] {logging_mixin.py:188} INFO - [2025-10-07T22:14:32.665+0000] {dag.py:3954} INFO - Setting next_dagrun for example_task_group_decorator to 2025-10-06 00:00:00+00:00, run_after=2025-10-07 00:00:00+00:00
[2025-10-07T22:14:32.673+0000] {processor.py:183} INFO - Processing /home/airflow/.local/lib/python3.12/site-packages/airflow/example_dags/example_task_group_decorator.py took 0.041 seconds
[2025-10-07T22:15:02.994+0000] {processor.py:161} INFO - Started process (PID=1859) to work on /home/airflow/.local/lib/python3.12/site-packages/airflow/example_dags/example_task_group_decorator.py
[2025-10-07T22:15:02.998+0000] {processor.py:830} INFO - Processing file /home/airflow/.local/lib/python3.12/site-packages/airflow/example_dags/example_task_group_decorator.py for tasks to queue
[2025-10-07T22:15:02.999+0000] {logging_mixin.py:188} INFO - [2025-10-07T22:15:02.999+0000] {dagbag.py:545} INFO - Filling up the DagBag from /home/airflow/.local/lib/python3.12/site-packages/airflow/example_dags/example_task_group_decorator.py
[2025-10-07T22:15:03.006+0000] {processor.py:840} INFO - DAG(s) 'example_task_group_decorator' retrieved from /home/airflow/.local/lib/python3.12/site-packages/airflow/example_dags/example_task_group_decorator.py
[2025-10-07T22:15:03.018+0000] {logging_mixin.py:188} INFO - [2025-10-07T22:15:03.017+0000] {dag.py:3096} INFO - Sync 1 DAGs
[2025-10-07T22:15:03.027+0000] {logging_mixin.py:188} INFO - [2025-10-07T22:15:03.027+0000] {dag.py:3954} INFO - Setting next_dagrun for example_task_group_decorator to 2025-10-06 00:00:00+00:00, run_after=2025-10-07 00:00:00+00:00
[2025-10-07T22:15:03.037+0000] {processor.py:183} INFO - Processing /home/airflow/.local/lib/python3.12/site-packages/airflow/example_dags/example_task_group_decorator.py took 0.046 seconds
[2025-10-07T22:15:33.764+0000] {processor.py:161} INFO - Started process (PID=1918) to work on /home/airflow/.local/lib/python3.12/site-packages/airflow/example_dags/example_task_group_decorator.py
[2025-10-07T22:15:33.764+0000] {processor.py:830} INFO - Processing file /home/airflow/.local/lib/python3.12/site-packages/airflow/example_dags/example_task_group_decorator.py for tasks to queue
[2025-10-07T22:15:33.766+0000] {logging_mixin.py:188} INFO - [2025-10-07T22:15:33.766+0000] {dagbag.py:545} INFO - Filling up the DagBag from /home/airflow/.local/lib/python3.12/site-packages/airflow/example_dags/example_task_group_decorator.py
[2025-10-07T22:15:33.774+0000] {processor.py:840} INFO - DAG(s) 'example_task_group_decorator' retrieved from /home/airflow/.local/lib/python3.12/site-packages/airflow/example_dags/example_task_group_decorator.py
[2025-10-07T22:15:33.788+0000] {logging_mixin.py:188} INFO - [2025-10-07T22:15:33.788+0000] {dag.py:3096} INFO - Sync 1 DAGs
[2025-10-07T22:15:33.798+0000] {logging_mixin.py:188} INFO - [2025-10-07T22:15:33.798+0000] {dag.py:3954} INFO - Setting next_dagrun for example_task_group_decorator to 2025-10-06 00:00:00+00:00, run_after=2025-10-07 00:00:00+00:00
[2025-10-07T22:15:33.808+0000] {processor.py:183} INFO - Processing /home/airflow/.local/lib/python3.12/site-packages/airflow/example_dags/example_task_group_decorator.py took 0.047 seconds
[2025-10-07T22:16:04.748+0000] {processor.py:161} INFO - Started process (PID=1977) to work on /home/airflow/.local/lib/python3.12/site-packages/airflow/example_dags/example_task_group_decorator.py
[2025-10-07T22:16:04.749+0000] {processor.py:830} INFO - Processing file /home/airflow/.local/lib/python3.12/site-packages/airflow/example_dags/example_task_group_decorator.py for tasks to queue
[2025-10-07T22:16:04.751+0000] {logging_mixin.py:188} INFO - [2025-10-07T22:16:04.750+0000] {dagbag.py:545} INFO - Filling up the DagBag from /home/airflow/.local/lib/python3.12/site-packages/airflow/example_dags/example_task_group_decorator.py
[2025-10-07T22:16:04.759+0000] {processor.py:840} INFO - DAG(s) 'example_task_group_decorator' retrieved from /home/airflow/.local/lib/python3.12/site-packages/airflow/example_dags/example_task_group_decorator.py
[2025-10-07T22:16:04.772+0000] {logging_mixin.py:188} INFO - [2025-10-07T22:16:04.772+0000] {dag.py:3096} INFO - Sync 1 DAGs
[2025-10-07T22:16:04.784+0000] {logging_mixin.py:188} INFO - [2025-10-07T22:16:04.784+0000] {dag.py:3954} INFO - Setting next_dagrun for example_task_group_decorator to 2025-10-06 00:00:00+00:00, run_after=2025-10-07 00:00:00+00:00
[2025-10-07T22:16:04.797+0000] {processor.py:183} INFO - Processing /home/airflow/.local/lib/python3.12/site-packages/airflow/example_dags/example_task_group_decorator.py took 0.052 seconds
[2025-10-07T22:16:35.593+0000] {processor.py:161} INFO - Started process (PID=2036) to work on /home/airflow/.local/lib/python3.12/site-packages/airflow/example_dags/example_task_group_decorator.py
[2025-10-07T22:16:35.594+0000] {processor.py:830} INFO - Processing file /home/airflow/.local/lib/python3.12/site-packages/airflow/example_dags/example_task_group_decorator.py for tasks to queue
[2025-10-07T22:16:35.595+0000] {logging_mixin.py:188} INFO - [2025-10-07T22:16:35.595+0000] {dagbag.py:545} INFO - Filling up the DagBag from /home/airflow/.local/lib/python3.12/site-packages/airflow/example_dags/example_task_group_decorator.py
[2025-10-07T22:16:35.601+0000] {processor.py:840} INFO - DAG(s) 'example_task_group_decorator' retrieved from /home/airflow/.local/lib/python3.12/site-packages/airflow/example_dags/example_task_group_decorator.py
[2025-10-07T22:16:35.613+0000] {logging_mixin.py:188} INFO - [2025-10-07T22:16:35.613+0000] {dag.py:3096} INFO - Sync 1 DAGs
[2025-10-07T22:16:35.699+0000] {logging_mixin.py:188} INFO - [2025-10-07T22:16:35.699+0000] {dag.py:3954} INFO - Setting next_dagrun for example_task_group_decorator to 2025-10-06 00:00:00+00:00, run_after=2025-10-07 00:00:00+00:00
[2025-10-07T22:16:35.706+0000] {processor.py:183} INFO - Processing /home/airflow/.local/lib/python3.12/site-packages/airflow/example_dags/example_task_group_decorator.py took 0.116 seconds
[2025-10-07T22:17:06.051+0000] {processor.py:161} INFO - Started process (PID=2095) to work on /home/airflow/.local/lib/python3.12/site-packages/airflow/example_dags/example_task_group_decorator.py
[2025-10-07T22:17:06.052+0000] {processor.py:830} INFO - Processing file /home/airflow/.local/lib/python3.12/site-packages/airflow/example_dags/example_task_group_decorator.py for tasks to queue
[2025-10-07T22:17:06.053+0000] {logging_mixin.py:188} INFO - [2025-10-07T22:17:06.053+0000] {dagbag.py:545} INFO - Filling up the DagBag from /home/airflow/.local/lib/python3.12/site-packages/airflow/example_dags/example_task_group_decorator.py
[2025-10-07T22:17:06.059+0000] {processor.py:840} INFO - DAG(s) 'example_task_group_decorator' retrieved from /home/airflow/.local/lib/python3.12/site-packages/airflow/example_dags/example_task_group_decorator.py
[2025-10-07T22:17:06.071+0000] {logging_mixin.py:188} INFO - [2025-10-07T22:17:06.071+0000] {dag.py:3096} INFO - Sync 1 DAGs
[2025-10-07T22:17:06.158+0000] {logging_mixin.py:188} INFO - [2025-10-07T22:17:06.158+0000] {dag.py:3954} INFO - Setting next_dagrun for example_task_group_decorator to 2025-10-06 00:00:00+00:00, run_after=2025-10-07 00:00:00+00:00
[2025-10-07T22:17:06.165+0000] {processor.py:183} INFO - Processing /home/airflow/.local/lib/python3.12/site-packages/airflow/example_dags/example_task_group_decorator.py took 0.117 seconds
[2025-10-07T22:17:36.691+0000] {processor.py:161} INFO - Started process (PID=2154) to work on /home/airflow/.local/lib/python3.12/site-packages/airflow/example_dags/example_task_group_decorator.py
[2025-10-07T22:17:36.692+0000] {processor.py:830} INFO - Processing file /home/airflow/.local/lib/python3.12/site-packages/airflow/example_dags/example_task_group_decorator.py for tasks to queue
[2025-10-07T22:17:36.693+0000] {logging_mixin.py:188} INFO - [2025-10-07T22:17:36.693+0000] {dagbag.py:545} INFO - Filling up the DagBag from /home/airflow/.local/lib/python3.12/site-packages/airflow/example_dags/example_task_group_decorator.py
[2025-10-07T22:17:36.700+0000] {processor.py:840} INFO - DAG(s) 'example_task_group_decorator' retrieved from /home/airflow/.local/lib/python3.12/site-packages/airflow/example_dags/example_task_group_decorator.py
[2025-10-07T22:17:36.714+0000] {logging_mixin.py:188} INFO - [2025-10-07T22:17:36.714+0000] {dag.py:3096} INFO - Sync 1 DAGs
[2025-10-07T22:17:36.725+0000] {logging_mixin.py:188} INFO - [2025-10-07T22:17:36.724+0000] {dag.py:3954} INFO - Setting next_dagrun for example_task_group_decorator to 2025-10-06 00:00:00+00:00, run_after=2025-10-07 00:00:00+00:00
[2025-10-07T22:17:36.735+0000] {processor.py:183} INFO - Processing /home/airflow/.local/lib/python3.12/site-packages/airflow/example_dags/example_task_group_decorator.py took 0.047 seconds
[2025-10-07T22:18:06.856+0000] {processor.py:161} INFO - Started process (PID=2213) to work on /home/airflow/.local/lib/python3.12/site-packages/airflow/example_dags/example_task_group_decorator.py
[2025-10-07T22:18:06.859+0000] {processor.py:830} INFO - Processing file /home/airflow/.local/lib/python3.12/site-packages/airflow/example_dags/example_task_group_decorator.py for tasks to queue
[2025-10-07T22:18:06.860+0000] {logging_mixin.py:188} INFO - [2025-10-07T22:18:06.860+0000] {dagbag.py:545} INFO - Filling up the DagBag from /home/airflow/.local/lib/python3.12/site-packages/airflow/example_dags/example_task_group_decorator.py
[2025-10-07T22:18:06.868+0000] {processor.py:840} INFO - DAG(s) 'example_task_group_decorator' retrieved from /home/airflow/.local/lib/python3.12/site-packages/airflow/example_dags/example_task_group_decorator.py
[2025-10-07T22:18:06.881+0000] {logging_mixin.py:188} INFO - [2025-10-07T22:18:06.881+0000] {dag.py:3096} INFO - Sync 1 DAGs
[2025-10-07T22:18:06.894+0000] {logging_mixin.py:188} INFO - [2025-10-07T22:18:06.893+0000] {dag.py:3954} INFO - Setting next_dagrun for example_task_group_decorator to 2025-10-06 00:00:00+00:00, run_after=2025-10-07 00:00:00+00:00
[2025-10-07T22:18:06.905+0000] {processor.py:183} INFO - Processing /home/airflow/.local/lib/python3.12/site-packages/airflow/example_dags/example_task_group_decorator.py took 0.052 seconds
[2025-10-07T22:18:37.860+0000] {processor.py:161} INFO - Started process (PID=2272) to work on /home/airflow/.local/lib/python3.12/site-packages/airflow/example_dags/example_task_group_decorator.py
[2025-10-07T22:18:37.863+0000] {processor.py:830} INFO - Processing file /home/airflow/.local/lib/python3.12/site-packages/airflow/example_dags/example_task_group_decorator.py for tasks to queue
[2025-10-07T22:18:37.864+0000] {logging_mixin.py:188} INFO - [2025-10-07T22:18:37.864+0000] {dagbag.py:545} INFO - Filling up the DagBag from /home/airflow/.local/lib/python3.12/site-packages/airflow/example_dags/example_task_group_decorator.py
[2025-10-07T22:18:37.871+0000] {processor.py:840} INFO - DAG(s) 'example_task_group_decorator' retrieved from /home/airflow/.local/lib/python3.12/site-packages/airflow/example_dags/example_task_group_decorator.py
[2025-10-07T22:18:37.887+0000] {logging_mixin.py:188} INFO - [2025-10-07T22:18:37.887+0000] {dag.py:3096} INFO - Sync 1 DAGs
[2025-10-07T22:18:37.898+0000] {logging_mixin.py:188} INFO - [2025-10-07T22:18:37.898+0000] {dag.py:3954} INFO - Setting next_dagrun for example_task_group_decorator to 2025-10-06 00:00:00+00:00, run_after=2025-10-07 00:00:00+00:00
[2025-10-07T22:18:37.912+0000] {processor.py:183} INFO - Processing /home/airflow/.local/lib/python3.12/site-packages/airflow/example_dags/example_task_group_decorator.py took 0.055 seconds
[2025-10-07T22:19:17.750+0000] {processor.py:161} INFO - Started process (PID=83) to work on /home/airflow/.local/lib/python3.12/site-packages/airflow/example_dags/example_task_group_decorator.py
[2025-10-07T22:19:17.751+0000] {processor.py:830} INFO - Processing file /home/airflow/.local/lib/python3.12/site-packages/airflow/example_dags/example_task_group_decorator.py for tasks to queue
[2025-10-07T22:19:17.752+0000] {logging_mixin.py:188} INFO - [2025-10-07T22:19:17.752+0000] {dagbag.py:545} INFO - Filling up the DagBag from /home/airflow/.local/lib/python3.12/site-packages/airflow/example_dags/example_task_group_decorator.py
[2025-10-07T22:19:17.760+0000] {processor.py:840} INFO - DAG(s) 'example_task_group_decorator' retrieved from /home/airflow/.local/lib/python3.12/site-packages/airflow/example_dags/example_task_group_decorator.py
[2025-10-07T22:19:17.768+0000] {logging_mixin.py:188} INFO - [2025-10-07T22:19:17.768+0000] {dag.py:3096} INFO - Sync 1 DAGs
[2025-10-07T22:19:17.782+0000] {logging_mixin.py:188} INFO - [2025-10-07T22:19:17.782+0000] {dag.py:3954} INFO - Setting next_dagrun for example_task_group_decorator to 2025-10-06 00:00:00+00:00, run_after=2025-10-07 00:00:00+00:00
[2025-10-07T22:19:17.792+0000] {processor.py:183} INFO - Processing /home/airflow/.local/lib/python3.12/site-packages/airflow/example_dags/example_task_group_decorator.py took 0.045 seconds
[2025-10-07T22:19:48.724+0000] {processor.py:161} INFO - Started process (PID=148) to work on /home/airflow/.local/lib/python3.12/site-packages/airflow/example_dags/example_task_group_decorator.py
[2025-10-07T22:19:48.724+0000] {processor.py:830} INFO - Processing file /home/airflow/.local/lib/python3.12/site-packages/airflow/example_dags/example_task_group_decorator.py for tasks to queue
[2025-10-07T22:19:48.725+0000] {logging_mixin.py:188} INFO - [2025-10-07T22:19:48.725+0000] {dagbag.py:545} INFO - Filling up the DagBag from /home/airflow/.local/lib/python3.12/site-packages/airflow/example_dags/example_task_group_decorator.py
[2025-10-07T22:19:48.732+0000] {processor.py:840} INFO - DAG(s) 'example_task_group_decorator' retrieved from /home/airflow/.local/lib/python3.12/site-packages/airflow/example_dags/example_task_group_decorator.py
[2025-10-07T22:19:48.787+0000] {logging_mixin.py:188} INFO - [2025-10-07T22:19:48.786+0000] {dag.py:3096} INFO - Sync 1 DAGs
[2025-10-07T22:19:48.796+0000] {logging_mixin.py:188} INFO - [2025-10-07T22:19:48.796+0000] {dag.py:3954} INFO - Setting next_dagrun for example_task_group_decorator to 2025-10-06 00:00:00+00:00, run_after=2025-10-07 00:00:00+00:00
[2025-10-07T22:19:48.810+0000] {processor.py:183} INFO - Processing /home/airflow/.local/lib/python3.12/site-packages/airflow/example_dags/example_task_group_decorator.py took 0.089 seconds
[2025-10-07T22:20:19.066+0000] {processor.py:161} INFO - Started process (PID=207) to work on /home/airflow/.local/lib/python3.12/site-packages/airflow/example_dags/example_task_group_decorator.py
[2025-10-07T22:20:19.066+0000] {processor.py:830} INFO - Processing file /home/airflow/.local/lib/python3.12/site-packages/airflow/example_dags/example_task_group_decorator.py for tasks to queue
[2025-10-07T22:20:19.068+0000] {logging_mixin.py:188} INFO - [2025-10-07T22:20:19.067+0000] {dagbag.py:545} INFO - Filling up the DagBag from /home/airflow/.local/lib/python3.12/site-packages/airflow/example_dags/example_task_group_decorator.py
[2025-10-07T22:20:19.075+0000] {processor.py:840} INFO - DAG(s) 'example_task_group_decorator' retrieved from /home/airflow/.local/lib/python3.12/site-packages/airflow/example_dags/example_task_group_decorator.py
[2025-10-07T22:20:19.090+0000] {logging_mixin.py:188} INFO - [2025-10-07T22:20:19.090+0000] {dag.py:3096} INFO - Sync 1 DAGs
[2025-10-07T22:20:19.103+0000] {logging_mixin.py:188} INFO - [2025-10-07T22:20:19.102+0000] {dag.py:3954} INFO - Setting next_dagrun for example_task_group_decorator to 2025-10-06 00:00:00+00:00, run_after=2025-10-07 00:00:00+00:00
[2025-10-07T22:20:19.116+0000] {processor.py:183} INFO - Processing /home/airflow/.local/lib/python3.12/site-packages/airflow/example_dags/example_task_group_decorator.py took 0.053 seconds
[2025-10-07T22:20:49.541+0000] {processor.py:161} INFO - Started process (PID=266) to work on /home/airflow/.local/lib/python3.12/site-packages/airflow/example_dags/example_task_group_decorator.py
[2025-10-07T22:20:49.543+0000] {processor.py:830} INFO - Processing file /home/airflow/.local/lib/python3.12/site-packages/airflow/example_dags/example_task_group_decorator.py for tasks to queue
[2025-10-07T22:20:49.544+0000] {logging_mixin.py:188} INFO - [2025-10-07T22:20:49.544+0000] {dagbag.py:545} INFO - Filling up the DagBag from /home/airflow/.local/lib/python3.12/site-packages/airflow/example_dags/example_task_group_decorator.py
[2025-10-07T22:20:49.553+0000] {processor.py:840} INFO - DAG(s) 'example_task_group_decorator' retrieved from /home/airflow/.local/lib/python3.12/site-packages/airflow/example_dags/example_task_group_decorator.py
[2025-10-07T22:20:49.570+0000] {logging_mixin.py:188} INFO - [2025-10-07T22:20:49.570+0000] {dag.py:3096} INFO - Sync 1 DAGs
[2025-10-07T22:20:49.582+0000] {logging_mixin.py:188} INFO - [2025-10-07T22:20:49.582+0000] {dag.py:3954} INFO - Setting next_dagrun for example_task_group_decorator to 2025-10-06 00:00:00+00:00, run_after=2025-10-07 00:00:00+00:00
[2025-10-07T22:20:49.594+0000] {processor.py:183} INFO - Processing /home/airflow/.local/lib/python3.12/site-packages/airflow/example_dags/example_task_group_decorator.py took 0.056 seconds
[2025-10-07T22:21:19.627+0000] {processor.py:161} INFO - Started process (PID=325) to work on /home/airflow/.local/lib/python3.12/site-packages/airflow/example_dags/example_task_group_decorator.py
[2025-10-07T22:21:19.630+0000] {processor.py:830} INFO - Processing file /home/airflow/.local/lib/python3.12/site-packages/airflow/example_dags/example_task_group_decorator.py for tasks to queue
[2025-10-07T22:21:19.632+0000] {logging_mixin.py:188} INFO - [2025-10-07T22:21:19.632+0000] {dagbag.py:545} INFO - Filling up the DagBag from /home/airflow/.local/lib/python3.12/site-packages/airflow/example_dags/example_task_group_decorator.py
[2025-10-07T22:21:19.638+0000] {processor.py:840} INFO - DAG(s) 'example_task_group_decorator' retrieved from /home/airflow/.local/lib/python3.12/site-packages/airflow/example_dags/example_task_group_decorator.py
[2025-10-07T22:21:19.654+0000] {logging_mixin.py:188} INFO - [2025-10-07T22:21:19.654+0000] {dag.py:3096} INFO - Sync 1 DAGs
[2025-10-07T22:21:19.665+0000] {logging_mixin.py:188} INFO - [2025-10-07T22:21:19.665+0000] {dag.py:3954} INFO - Setting next_dagrun for example_task_group_decorator to 2025-10-06 00:00:00+00:00, run_after=2025-10-07 00:00:00+00:00
[2025-10-07T22:21:19.677+0000] {processor.py:183} INFO - Processing /home/airflow/.local/lib/python3.12/site-packages/airflow/example_dags/example_task_group_decorator.py took 0.053 seconds
[2025-10-07T22:21:50.188+0000] {processor.py:161} INFO - Started process (PID=384) to work on /home/airflow/.local/lib/python3.12/site-packages/airflow/example_dags/example_task_group_decorator.py
[2025-10-07T22:21:50.189+0000] {processor.py:830} INFO - Processing file /home/airflow/.local/lib/python3.12/site-packages/airflow/example_dags/example_task_group_decorator.py for tasks to queue
[2025-10-07T22:21:50.191+0000] {logging_mixin.py:188} INFO - [2025-10-07T22:21:50.191+0000] {dagbag.py:545} INFO - Filling up the DagBag from /home/airflow/.local/lib/python3.12/site-packages/airflow/example_dags/example_task_group_decorator.py
[2025-10-07T22:21:50.198+0000] {processor.py:840} INFO - DAG(s) 'example_task_group_decorator' retrieved from /home/airflow/.local/lib/python3.12/site-packages/airflow/example_dags/example_task_group_decorator.py
[2025-10-07T22:21:50.215+0000] {logging_mixin.py:188} INFO - [2025-10-07T22:21:50.215+0000] {dag.py:3096} INFO - Sync 1 DAGs
[2025-10-07T22:21:50.258+0000] {logging_mixin.py:188} INFO - [2025-10-07T22:21:50.257+0000] {dag.py:3954} INFO - Setting next_dagrun for example_task_group_decorator to 2025-10-06 00:00:00+00:00, run_after=2025-10-07 00:00:00+00:00
[2025-10-07T22:21:50.284+0000] {processor.py:183} INFO - Processing /home/airflow/.local/lib/python3.12/site-packages/airflow/example_dags/example_task_group_decorator.py took 0.099 seconds
