[2025-10-07T21:54:24.918+0000] {processor.py:161} INFO - Started process (PID=65) to work on /home/airflow/.local/lib/python3.12/site-packages/airflow/example_dags/example_branch_labels.py
[2025-10-07T21:54:24.919+0000] {processor.py:830} INFO - Processing file /home/airflow/.local/lib/python3.12/site-packages/airflow/example_dags/example_branch_labels.py for tasks to queue
[2025-10-07T21:54:24.920+0000] {logging_mixin.py:188} INFO - [2025-10-07T21:54:24.920+0000] {dagbag.py:545} INFO - Filling up the DagBag from /home/airflow/.local/lib/python3.12/site-packages/airflow/example_dags/example_branch_labels.py
[2025-10-07T21:54:24.931+0000] {processor.py:840} INFO - DAG(s) 'example_branch_labels' retrieved from /home/airflow/.local/lib/python3.12/site-packages/airflow/example_dags/example_branch_labels.py
[2025-10-07T21:54:24.941+0000] {logging_mixin.py:188} INFO - [2025-10-07T21:54:24.941+0000] {dag.py:3096} INFO - Sync 1 DAGs
[2025-10-07T21:54:24.960+0000] {logging_mixin.py:188} INFO - [2025-10-07T21:54:24.960+0000] {dag.py:3954} INFO - Setting next_dagrun for example_branch_labels to 2025-10-06 00:00:00+00:00, run_after=2025-10-07 00:00:00+00:00
[2025-10-07T21:54:24.978+0000] {processor.py:183} INFO - Processing /home/airflow/.local/lib/python3.12/site-packages/airflow/example_dags/example_branch_labels.py took 0.064 seconds
[2025-10-07T21:54:56.134+0000] {processor.py:161} INFO - Started process (PID=124) to work on /home/airflow/.local/lib/python3.12/site-packages/airflow/example_dags/example_branch_labels.py
[2025-10-07T21:54:56.135+0000] {processor.py:830} INFO - Processing file /home/airflow/.local/lib/python3.12/site-packages/airflow/example_dags/example_branch_labels.py for tasks to queue
[2025-10-07T21:54:56.136+0000] {logging_mixin.py:188} INFO - [2025-10-07T21:54:56.136+0000] {dagbag.py:545} INFO - Filling up the DagBag from /home/airflow/.local/lib/python3.12/site-packages/airflow/example_dags/example_branch_labels.py
[2025-10-07T21:54:56.140+0000] {processor.py:840} INFO - DAG(s) 'example_branch_labels' retrieved from /home/airflow/.local/lib/python3.12/site-packages/airflow/example_dags/example_branch_labels.py
[2025-10-07T21:54:56.191+0000] {logging_mixin.py:188} INFO - [2025-10-07T21:54:56.191+0000] {dag.py:3096} INFO - Sync 1 DAGs
[2025-10-07T21:54:56.201+0000] {logging_mixin.py:188} INFO - [2025-10-07T21:54:56.201+0000] {dag.py:3954} INFO - Setting next_dagrun for example_branch_labels to 2025-10-06 00:00:00+00:00, run_after=2025-10-07 00:00:00+00:00
[2025-10-07T21:54:56.211+0000] {processor.py:183} INFO - Processing /home/airflow/.local/lib/python3.12/site-packages/airflow/example_dags/example_branch_labels.py took 0.080 seconds
[2025-10-07T21:55:26.579+0000] {processor.py:161} INFO - Started process (PID=183) to work on /home/airflow/.local/lib/python3.12/site-packages/airflow/example_dags/example_branch_labels.py
[2025-10-07T21:55:26.580+0000] {processor.py:830} INFO - Processing file /home/airflow/.local/lib/python3.12/site-packages/airflow/example_dags/example_branch_labels.py for tasks to queue
[2025-10-07T21:55:26.581+0000] {logging_mixin.py:188} INFO - [2025-10-07T21:55:26.581+0000] {dagbag.py:545} INFO - Filling up the DagBag from /home/airflow/.local/lib/python3.12/site-packages/airflow/example_dags/example_branch_labels.py
[2025-10-07T21:55:26.585+0000] {processor.py:840} INFO - DAG(s) 'example_branch_labels' retrieved from /home/airflow/.local/lib/python3.12/site-packages/airflow/example_dags/example_branch_labels.py
[2025-10-07T21:55:26.596+0000] {logging_mixin.py:188} INFO - [2025-10-07T21:55:26.596+0000] {dag.py:3096} INFO - Sync 1 DAGs
[2025-10-07T21:55:26.606+0000] {logging_mixin.py:188} INFO - [2025-10-07T21:55:26.606+0000] {dag.py:3954} INFO - Setting next_dagrun for example_branch_labels to 2025-10-06 00:00:00+00:00, run_after=2025-10-07 00:00:00+00:00
[2025-10-07T21:55:26.614+0000] {processor.py:183} INFO - Processing /home/airflow/.local/lib/python3.12/site-packages/airflow/example_dags/example_branch_labels.py took 0.038 seconds
[2025-10-07T21:55:56.775+0000] {processor.py:161} INFO - Started process (PID=242) to work on /home/airflow/.local/lib/python3.12/site-packages/airflow/example_dags/example_branch_labels.py
[2025-10-07T21:55:56.777+0000] {processor.py:830} INFO - Processing file /home/airflow/.local/lib/python3.12/site-packages/airflow/example_dags/example_branch_labels.py for tasks to queue
[2025-10-07T21:55:56.779+0000] {logging_mixin.py:188} INFO - [2025-10-07T21:55:56.778+0000] {dagbag.py:545} INFO - Filling up the DagBag from /home/airflow/.local/lib/python3.12/site-packages/airflow/example_dags/example_branch_labels.py
[2025-10-07T21:55:56.784+0000] {processor.py:840} INFO - DAG(s) 'example_branch_labels' retrieved from /home/airflow/.local/lib/python3.12/site-packages/airflow/example_dags/example_branch_labels.py
[2025-10-07T21:55:56.798+0000] {logging_mixin.py:188} INFO - [2025-10-07T21:55:56.798+0000] {dag.py:3096} INFO - Sync 1 DAGs
[2025-10-07T21:55:56.810+0000] {logging_mixin.py:188} INFO - [2025-10-07T21:55:56.810+0000] {dag.py:3954} INFO - Setting next_dagrun for example_branch_labels to 2025-10-06 00:00:00+00:00, run_after=2025-10-07 00:00:00+00:00
[2025-10-07T21:55:56.826+0000] {processor.py:183} INFO - Processing /home/airflow/.local/lib/python3.12/site-packages/airflow/example_dags/example_branch_labels.py took 0.054 seconds
[2025-10-07T21:56:26.912+0000] {processor.py:161} INFO - Started process (PID=301) to work on /home/airflow/.local/lib/python3.12/site-packages/airflow/example_dags/example_branch_labels.py
[2025-10-07T21:56:26.916+0000] {processor.py:830} INFO - Processing file /home/airflow/.local/lib/python3.12/site-packages/airflow/example_dags/example_branch_labels.py for tasks to queue
[2025-10-07T21:56:26.917+0000] {logging_mixin.py:188} INFO - [2025-10-07T21:56:26.917+0000] {dagbag.py:545} INFO - Filling up the DagBag from /home/airflow/.local/lib/python3.12/site-packages/airflow/example_dags/example_branch_labels.py
[2025-10-07T21:56:26.921+0000] {processor.py:840} INFO - DAG(s) 'example_branch_labels' retrieved from /home/airflow/.local/lib/python3.12/site-packages/airflow/example_dags/example_branch_labels.py
[2025-10-07T21:56:26.933+0000] {logging_mixin.py:188} INFO - [2025-10-07T21:56:26.933+0000] {dag.py:3096} INFO - Sync 1 DAGs
[2025-10-07T21:56:26.944+0000] {logging_mixin.py:188} INFO - [2025-10-07T21:56:26.943+0000] {dag.py:3954} INFO - Setting next_dagrun for example_branch_labels to 2025-10-06 00:00:00+00:00, run_after=2025-10-07 00:00:00+00:00
[2025-10-07T21:56:26.952+0000] {processor.py:183} INFO - Processing /home/airflow/.local/lib/python3.12/site-packages/airflow/example_dags/example_branch_labels.py took 0.042 seconds
[2025-10-07T21:56:57.846+0000] {processor.py:161} INFO - Started process (PID=360) to work on /home/airflow/.local/lib/python3.12/site-packages/airflow/example_dags/example_branch_labels.py
[2025-10-07T21:56:57.846+0000] {processor.py:830} INFO - Processing file /home/airflow/.local/lib/python3.12/site-packages/airflow/example_dags/example_branch_labels.py for tasks to queue
[2025-10-07T21:56:57.848+0000] {logging_mixin.py:188} INFO - [2025-10-07T21:56:57.847+0000] {dagbag.py:545} INFO - Filling up the DagBag from /home/airflow/.local/lib/python3.12/site-packages/airflow/example_dags/example_branch_labels.py
[2025-10-07T21:56:57.853+0000] {processor.py:840} INFO - DAG(s) 'example_branch_labels' retrieved from /home/airflow/.local/lib/python3.12/site-packages/airflow/example_dags/example_branch_labels.py
[2025-10-07T21:56:57.865+0000] {logging_mixin.py:188} INFO - [2025-10-07T21:56:57.865+0000] {dag.py:3096} INFO - Sync 1 DAGs
[2025-10-07T21:56:57.881+0000] {logging_mixin.py:188} INFO - [2025-10-07T21:56:57.881+0000] {dag.py:3954} INFO - Setting next_dagrun for example_branch_labels to 2025-10-06 00:00:00+00:00, run_after=2025-10-07 00:00:00+00:00
[2025-10-07T21:56:57.890+0000] {processor.py:183} INFO - Processing /home/airflow/.local/lib/python3.12/site-packages/airflow/example_dags/example_branch_labels.py took 0.048 seconds
[2025-10-07T21:57:28.182+0000] {processor.py:161} INFO - Started process (PID=419) to work on /home/airflow/.local/lib/python3.12/site-packages/airflow/example_dags/example_branch_labels.py
[2025-10-07T21:57:28.183+0000] {processor.py:830} INFO - Processing file /home/airflow/.local/lib/python3.12/site-packages/airflow/example_dags/example_branch_labels.py for tasks to queue
[2025-10-07T21:57:28.185+0000] {logging_mixin.py:188} INFO - [2025-10-07T21:57:28.184+0000] {dagbag.py:545} INFO - Filling up the DagBag from /home/airflow/.local/lib/python3.12/site-packages/airflow/example_dags/example_branch_labels.py
[2025-10-07T21:57:28.191+0000] {processor.py:840} INFO - DAG(s) 'example_branch_labels' retrieved from /home/airflow/.local/lib/python3.12/site-packages/airflow/example_dags/example_branch_labels.py
[2025-10-07T21:57:28.209+0000] {logging_mixin.py:188} INFO - [2025-10-07T21:57:28.209+0000] {dag.py:3096} INFO - Sync 1 DAGs
[2025-10-07T21:57:28.240+0000] {logging_mixin.py:188} INFO - [2025-10-07T21:57:28.240+0000] {dag.py:3954} INFO - Setting next_dagrun for example_branch_labels to 2025-10-06 00:00:00+00:00, run_after=2025-10-07 00:00:00+00:00
[2025-10-07T21:57:28.259+0000] {processor.py:183} INFO - Processing /home/airflow/.local/lib/python3.12/site-packages/airflow/example_dags/example_branch_labels.py took 0.082 seconds
[2025-10-07T21:58:26.752+0000] {processor.py:161} INFO - Started process (PID=478) to work on /home/airflow/.local/lib/python3.12/site-packages/airflow/example_dags/example_branch_labels.py
[2025-10-07T21:58:26.753+0000] {processor.py:830} INFO - Processing file /home/airflow/.local/lib/python3.12/site-packages/airflow/example_dags/example_branch_labels.py for tasks to queue
[2025-10-07T21:58:26.754+0000] {logging_mixin.py:188} INFO - [2025-10-07T21:58:26.754+0000] {dagbag.py:545} INFO - Filling up the DagBag from /home/airflow/.local/lib/python3.12/site-packages/airflow/example_dags/example_branch_labels.py
[2025-10-07T21:58:26.759+0000] {processor.py:840} INFO - DAG(s) 'example_branch_labels' retrieved from /home/airflow/.local/lib/python3.12/site-packages/airflow/example_dags/example_branch_labels.py
[2025-10-07T21:58:26.774+0000] {logging_mixin.py:188} INFO - [2025-10-07T21:58:26.774+0000] {dag.py:3096} INFO - Sync 1 DAGs
[2025-10-07T21:58:26.785+0000] {logging_mixin.py:188} INFO - [2025-10-07T21:58:26.785+0000] {dag.py:3954} INFO - Setting next_dagrun for example_branch_labels to 2025-10-06 00:00:00+00:00, run_after=2025-10-07 00:00:00+00:00
[2025-10-07T21:58:26.798+0000] {processor.py:183} INFO - Processing /home/airflow/.local/lib/python3.12/site-packages/airflow/example_dags/example_branch_labels.py took 0.050 seconds
[2025-10-07T21:59:33.085+0000] {processor.py:161} INFO - Started process (PID=537) to work on /home/airflow/.local/lib/python3.12/site-packages/airflow/example_dags/example_branch_labels.py
[2025-10-07T21:59:33.090+0000] {processor.py:830} INFO - Processing file /home/airflow/.local/lib/python3.12/site-packages/airflow/example_dags/example_branch_labels.py for tasks to queue
[2025-10-07T21:59:33.099+0000] {logging_mixin.py:188} INFO - [2025-10-07T21:59:33.098+0000] {dagbag.py:545} INFO - Filling up the DagBag from /home/airflow/.local/lib/python3.12/site-packages/airflow/example_dags/example_branch_labels.py
[2025-10-07T21:59:33.122+0000] {processor.py:840} INFO - DAG(s) 'example_branch_labels' retrieved from /home/airflow/.local/lib/python3.12/site-packages/airflow/example_dags/example_branch_labels.py
[2025-10-07T21:59:33.179+0000] {logging_mixin.py:188} INFO - [2025-10-07T21:59:33.178+0000] {dag.py:3096} INFO - Sync 1 DAGs
[2025-10-07T21:59:33.219+0000] {logging_mixin.py:188} INFO - [2025-10-07T21:59:33.218+0000] {dag.py:3954} INFO - Setting next_dagrun for example_branch_labels to 2025-10-06 00:00:00+00:00, run_after=2025-10-07 00:00:00+00:00
[2025-10-07T21:59:33.250+0000] {processor.py:183} INFO - Processing /home/airflow/.local/lib/python3.12/site-packages/airflow/example_dags/example_branch_labels.py took 0.178 seconds
[2025-10-07T22:01:52.319+0000] {processor.py:161} INFO - Started process (PID=596) to work on /home/airflow/.local/lib/python3.12/site-packages/airflow/example_dags/example_branch_labels.py
[2025-10-07T22:01:52.323+0000] {processor.py:830} INFO - Processing file /home/airflow/.local/lib/python3.12/site-packages/airflow/example_dags/example_branch_labels.py for tasks to queue
[2025-10-07T22:01:52.324+0000] {logging_mixin.py:188} INFO - [2025-10-07T22:01:52.324+0000] {dagbag.py:545} INFO - Filling up the DagBag from /home/airflow/.local/lib/python3.12/site-packages/airflow/example_dags/example_branch_labels.py
[2025-10-07T22:01:52.328+0000] {processor.py:840} INFO - DAG(s) 'example_branch_labels' retrieved from /home/airflow/.local/lib/python3.12/site-packages/airflow/example_dags/example_branch_labels.py
[2025-10-07T22:01:52.341+0000] {logging_mixin.py:188} INFO - [2025-10-07T22:01:52.341+0000] {dag.py:3096} INFO - Sync 1 DAGs
[2025-10-07T22:01:52.355+0000] {logging_mixin.py:188} INFO - [2025-10-07T22:01:52.355+0000] {dag.py:3954} INFO - Setting next_dagrun for example_branch_labels to 2025-10-06 00:00:00+00:00, run_after=2025-10-07 00:00:00+00:00
[2025-10-07T22:01:52.365+0000] {processor.py:183} INFO - Processing /home/airflow/.local/lib/python3.12/site-packages/airflow/example_dags/example_branch_labels.py took 0.050 seconds
[2025-10-07T22:04:55.597+0000] {processor.py:161} INFO - Started process (PID=655) to work on /home/airflow/.local/lib/python3.12/site-packages/airflow/example_dags/example_branch_labels.py
[2025-10-07T22:04:55.597+0000] {processor.py:830} INFO - Processing file /home/airflow/.local/lib/python3.12/site-packages/airflow/example_dags/example_branch_labels.py for tasks to queue
[2025-10-07T22:04:55.599+0000] {logging_mixin.py:188} INFO - [2025-10-07T22:04:55.598+0000] {dagbag.py:545} INFO - Filling up the DagBag from /home/airflow/.local/lib/python3.12/site-packages/airflow/example_dags/example_branch_labels.py
[2025-10-07T22:04:55.603+0000] {processor.py:840} INFO - DAG(s) 'example_branch_labels' retrieved from /home/airflow/.local/lib/python3.12/site-packages/airflow/example_dags/example_branch_labels.py
[2025-10-07T22:04:55.616+0000] {logging_mixin.py:188} INFO - [2025-10-07T22:04:55.616+0000] {dag.py:3096} INFO - Sync 1 DAGs
[2025-10-07T22:04:55.632+0000] {logging_mixin.py:188} INFO - [2025-10-07T22:04:55.631+0000] {dag.py:3954} INFO - Setting next_dagrun for example_branch_labels to 2025-10-06 00:00:00+00:00, run_after=2025-10-07 00:00:00+00:00
[2025-10-07T22:04:55.655+0000] {processor.py:183} INFO - Processing /home/airflow/.local/lib/python3.12/site-packages/airflow/example_dags/example_branch_labels.py took 0.062 seconds
[2025-10-07T22:05:25.744+0000] {processor.py:161} INFO - Started process (PID=713) to work on /home/airflow/.local/lib/python3.12/site-packages/airflow/example_dags/example_branch_labels.py
[2025-10-07T22:05:25.745+0000] {processor.py:830} INFO - Processing file /home/airflow/.local/lib/python3.12/site-packages/airflow/example_dags/example_branch_labels.py for tasks to queue
[2025-10-07T22:05:25.747+0000] {logging_mixin.py:188} INFO - [2025-10-07T22:05:25.747+0000] {dagbag.py:545} INFO - Filling up the DagBag from /home/airflow/.local/lib/python3.12/site-packages/airflow/example_dags/example_branch_labels.py
[2025-10-07T22:05:25.753+0000] {processor.py:840} INFO - DAG(s) 'example_branch_labels' retrieved from /home/airflow/.local/lib/python3.12/site-packages/airflow/example_dags/example_branch_labels.py
[2025-10-07T22:05:25.768+0000] {logging_mixin.py:188} INFO - [2025-10-07T22:05:25.767+0000] {dag.py:3096} INFO - Sync 1 DAGs
[2025-10-07T22:05:25.779+0000] {logging_mixin.py:188} INFO - [2025-10-07T22:05:25.779+0000] {dag.py:3954} INFO - Setting next_dagrun for example_branch_labels to 2025-10-06 00:00:00+00:00, run_after=2025-10-07 00:00:00+00:00
[2025-10-07T22:05:25.792+0000] {processor.py:183} INFO - Processing /home/airflow/.local/lib/python3.12/site-packages/airflow/example_dags/example_branch_labels.py took 0.051 seconds
[2025-10-07T22:05:55.926+0000] {processor.py:161} INFO - Started process (PID=772) to work on /home/airflow/.local/lib/python3.12/site-packages/airflow/example_dags/example_branch_labels.py
[2025-10-07T22:05:55.927+0000] {processor.py:830} INFO - Processing file /home/airflow/.local/lib/python3.12/site-packages/airflow/example_dags/example_branch_labels.py for tasks to queue
[2025-10-07T22:05:55.928+0000] {logging_mixin.py:188} INFO - [2025-10-07T22:05:55.928+0000] {dagbag.py:545} INFO - Filling up the DagBag from /home/airflow/.local/lib/python3.12/site-packages/airflow/example_dags/example_branch_labels.py
[2025-10-07T22:05:55.932+0000] {processor.py:840} INFO - DAG(s) 'example_branch_labels' retrieved from /home/airflow/.local/lib/python3.12/site-packages/airflow/example_dags/example_branch_labels.py
[2025-10-07T22:05:55.943+0000] {logging_mixin.py:188} INFO - [2025-10-07T22:05:55.943+0000] {dag.py:3096} INFO - Sync 1 DAGs
[2025-10-07T22:05:55.956+0000] {logging_mixin.py:188} INFO - [2025-10-07T22:05:55.956+0000] {dag.py:3954} INFO - Setting next_dagrun for example_branch_labels to 2025-10-06 00:00:00+00:00, run_after=2025-10-07 00:00:00+00:00
[2025-10-07T22:05:55.971+0000] {processor.py:183} INFO - Processing /home/airflow/.local/lib/python3.12/site-packages/airflow/example_dags/example_branch_labels.py took 0.048 seconds
[2025-10-07T22:06:26.014+0000] {processor.py:161} INFO - Started process (PID=831) to work on /home/airflow/.local/lib/python3.12/site-packages/airflow/example_dags/example_branch_labels.py
[2025-10-07T22:06:26.015+0000] {processor.py:830} INFO - Processing file /home/airflow/.local/lib/python3.12/site-packages/airflow/example_dags/example_branch_labels.py for tasks to queue
[2025-10-07T22:06:26.016+0000] {logging_mixin.py:188} INFO - [2025-10-07T22:06:26.016+0000] {dagbag.py:545} INFO - Filling up the DagBag from /home/airflow/.local/lib/python3.12/site-packages/airflow/example_dags/example_branch_labels.py
[2025-10-07T22:06:26.022+0000] {processor.py:840} INFO - DAG(s) 'example_branch_labels' retrieved from /home/airflow/.local/lib/python3.12/site-packages/airflow/example_dags/example_branch_labels.py
[2025-10-07T22:06:26.036+0000] {logging_mixin.py:188} INFO - [2025-10-07T22:06:26.036+0000] {dag.py:3096} INFO - Sync 1 DAGs
[2025-10-07T22:06:26.046+0000] {logging_mixin.py:188} INFO - [2025-10-07T22:06:26.046+0000] {dag.py:3954} INFO - Setting next_dagrun for example_branch_labels to 2025-10-06 00:00:00+00:00, run_after=2025-10-07 00:00:00+00:00
[2025-10-07T22:06:26.058+0000] {processor.py:183} INFO - Processing /home/airflow/.local/lib/python3.12/site-packages/airflow/example_dags/example_branch_labels.py took 0.047 seconds
[2025-10-07T22:06:56.093+0000] {processor.py:161} INFO - Started process (PID=890) to work on /home/airflow/.local/lib/python3.12/site-packages/airflow/example_dags/example_branch_labels.py
[2025-10-07T22:06:56.095+0000] {processor.py:830} INFO - Processing file /home/airflow/.local/lib/python3.12/site-packages/airflow/example_dags/example_branch_labels.py for tasks to queue
[2025-10-07T22:06:56.096+0000] {logging_mixin.py:188} INFO - [2025-10-07T22:06:56.096+0000] {dagbag.py:545} INFO - Filling up the DagBag from /home/airflow/.local/lib/python3.12/site-packages/airflow/example_dags/example_branch_labels.py
[2025-10-07T22:06:56.102+0000] {processor.py:840} INFO - DAG(s) 'example_branch_labels' retrieved from /home/airflow/.local/lib/python3.12/site-packages/airflow/example_dags/example_branch_labels.py
[2025-10-07T22:06:56.118+0000] {logging_mixin.py:188} INFO - [2025-10-07T22:06:56.115+0000] {dag.py:3096} INFO - Sync 1 DAGs
[2025-10-07T22:06:56.133+0000] {logging_mixin.py:188} INFO - [2025-10-07T22:06:56.133+0000] {dag.py:3954} INFO - Setting next_dagrun for example_branch_labels to 2025-10-06 00:00:00+00:00, run_after=2025-10-07 00:00:00+00:00
[2025-10-07T22:06:56.148+0000] {processor.py:183} INFO - Processing /home/airflow/.local/lib/python3.12/site-packages/airflow/example_dags/example_branch_labels.py took 0.058 seconds
[2025-10-07T22:07:26.232+0000] {processor.py:161} INFO - Started process (PID=948) to work on /home/airflow/.local/lib/python3.12/site-packages/airflow/example_dags/example_branch_labels.py
[2025-10-07T22:07:26.233+0000] {processor.py:830} INFO - Processing file /home/airflow/.local/lib/python3.12/site-packages/airflow/example_dags/example_branch_labels.py for tasks to queue
[2025-10-07T22:07:26.234+0000] {logging_mixin.py:188} INFO - [2025-10-07T22:07:26.234+0000] {dagbag.py:545} INFO - Filling up the DagBag from /home/airflow/.local/lib/python3.12/site-packages/airflow/example_dags/example_branch_labels.py
[2025-10-07T22:07:26.239+0000] {processor.py:840} INFO - DAG(s) 'example_branch_labels' retrieved from /home/airflow/.local/lib/python3.12/site-packages/airflow/example_dags/example_branch_labels.py
[2025-10-07T22:07:26.256+0000] {logging_mixin.py:188} INFO - [2025-10-07T22:07:26.256+0000] {dag.py:3096} INFO - Sync 1 DAGs
[2025-10-07T22:07:26.268+0000] {logging_mixin.py:188} INFO - [2025-10-07T22:07:26.268+0000] {dag.py:3954} INFO - Setting next_dagrun for example_branch_labels to 2025-10-06 00:00:00+00:00, run_after=2025-10-07 00:00:00+00:00
[2025-10-07T22:07:26.278+0000] {processor.py:183} INFO - Processing /home/airflow/.local/lib/python3.12/site-packages/airflow/example_dags/example_branch_labels.py took 0.049 seconds
[2025-10-07T22:07:56.391+0000] {processor.py:161} INFO - Started process (PID=1008) to work on /home/airflow/.local/lib/python3.12/site-packages/airflow/example_dags/example_branch_labels.py
[2025-10-07T22:07:56.392+0000] {processor.py:830} INFO - Processing file /home/airflow/.local/lib/python3.12/site-packages/airflow/example_dags/example_branch_labels.py for tasks to queue
[2025-10-07T22:07:56.394+0000] {logging_mixin.py:188} INFO - [2025-10-07T22:07:56.394+0000] {dagbag.py:545} INFO - Filling up the DagBag from /home/airflow/.local/lib/python3.12/site-packages/airflow/example_dags/example_branch_labels.py
[2025-10-07T22:07:56.398+0000] {processor.py:840} INFO - DAG(s) 'example_branch_labels' retrieved from /home/airflow/.local/lib/python3.12/site-packages/airflow/example_dags/example_branch_labels.py
[2025-10-07T22:07:56.411+0000] {logging_mixin.py:188} INFO - [2025-10-07T22:07:56.411+0000] {dag.py:3096} INFO - Sync 1 DAGs
[2025-10-07T22:07:56.424+0000] {logging_mixin.py:188} INFO - [2025-10-07T22:07:56.424+0000] {dag.py:3954} INFO - Setting next_dagrun for example_branch_labels to 2025-10-06 00:00:00+00:00, run_after=2025-10-07 00:00:00+00:00
[2025-10-07T22:07:56.438+0000] {processor.py:183} INFO - Processing /home/airflow/.local/lib/python3.12/site-packages/airflow/example_dags/example_branch_labels.py took 0.049 seconds
[2025-10-07T22:08:26.506+0000] {processor.py:161} INFO - Started process (PID=1066) to work on /home/airflow/.local/lib/python3.12/site-packages/airflow/example_dags/example_branch_labels.py
[2025-10-07T22:08:26.507+0000] {processor.py:830} INFO - Processing file /home/airflow/.local/lib/python3.12/site-packages/airflow/example_dags/example_branch_labels.py for tasks to queue
[2025-10-07T22:08:26.507+0000] {logging_mixin.py:188} INFO - [2025-10-07T22:08:26.507+0000] {dagbag.py:545} INFO - Filling up the DagBag from /home/airflow/.local/lib/python3.12/site-packages/airflow/example_dags/example_branch_labels.py
[2025-10-07T22:08:26.514+0000] {processor.py:840} INFO - DAG(s) 'example_branch_labels' retrieved from /home/airflow/.local/lib/python3.12/site-packages/airflow/example_dags/example_branch_labels.py
[2025-10-07T22:08:26.528+0000] {logging_mixin.py:188} INFO - [2025-10-07T22:08:26.528+0000] {dag.py:3096} INFO - Sync 1 DAGs
[2025-10-07T22:08:26.543+0000] {logging_mixin.py:188} INFO - [2025-10-07T22:08:26.543+0000] {dag.py:3954} INFO - Setting next_dagrun for example_branch_labels to 2025-10-06 00:00:00+00:00, run_after=2025-10-07 00:00:00+00:00
[2025-10-07T22:08:26.554+0000] {processor.py:183} INFO - Processing /home/airflow/.local/lib/python3.12/site-packages/airflow/example_dags/example_branch_labels.py took 0.050 seconds
[2025-10-07T22:08:56.607+0000] {processor.py:161} INFO - Started process (PID=1124) to work on /home/airflow/.local/lib/python3.12/site-packages/airflow/example_dags/example_branch_labels.py
[2025-10-07T22:08:56.607+0000] {processor.py:830} INFO - Processing file /home/airflow/.local/lib/python3.12/site-packages/airflow/example_dags/example_branch_labels.py for tasks to queue
[2025-10-07T22:08:56.608+0000] {logging_mixin.py:188} INFO - [2025-10-07T22:08:56.608+0000] {dagbag.py:545} INFO - Filling up the DagBag from /home/airflow/.local/lib/python3.12/site-packages/airflow/example_dags/example_branch_labels.py
[2025-10-07T22:08:56.612+0000] {processor.py:840} INFO - DAG(s) 'example_branch_labels' retrieved from /home/airflow/.local/lib/python3.12/site-packages/airflow/example_dags/example_branch_labels.py
[2025-10-07T22:08:56.624+0000] {logging_mixin.py:188} INFO - [2025-10-07T22:08:56.624+0000] {dag.py:3096} INFO - Sync 1 DAGs
[2025-10-07T22:08:56.638+0000] {logging_mixin.py:188} INFO - [2025-10-07T22:08:56.638+0000] {dag.py:3954} INFO - Setting next_dagrun for example_branch_labels to 2025-10-06 00:00:00+00:00, run_after=2025-10-07 00:00:00+00:00
[2025-10-07T22:08:56.650+0000] {processor.py:183} INFO - Processing /home/airflow/.local/lib/python3.12/site-packages/airflow/example_dags/example_branch_labels.py took 0.047 seconds
[2025-10-07T22:09:26.899+0000] {processor.py:161} INFO - Started process (PID=1184) to work on /home/airflow/.local/lib/python3.12/site-packages/airflow/example_dags/example_branch_labels.py
[2025-10-07T22:09:26.900+0000] {processor.py:830} INFO - Processing file /home/airflow/.local/lib/python3.12/site-packages/airflow/example_dags/example_branch_labels.py for tasks to queue
[2025-10-07T22:09:26.901+0000] {logging_mixin.py:188} INFO - [2025-10-07T22:09:26.901+0000] {dagbag.py:545} INFO - Filling up the DagBag from /home/airflow/.local/lib/python3.12/site-packages/airflow/example_dags/example_branch_labels.py
[2025-10-07T22:09:26.905+0000] {processor.py:840} INFO - DAG(s) 'example_branch_labels' retrieved from /home/airflow/.local/lib/python3.12/site-packages/airflow/example_dags/example_branch_labels.py
[2025-10-07T22:09:26.923+0000] {logging_mixin.py:188} INFO - [2025-10-07T22:09:26.923+0000] {dag.py:3096} INFO - Sync 1 DAGs
[2025-10-07T22:09:26.935+0000] {logging_mixin.py:188} INFO - [2025-10-07T22:09:26.935+0000] {dag.py:3954} INFO - Setting next_dagrun for example_branch_labels to 2025-10-06 00:00:00+00:00, run_after=2025-10-07 00:00:00+00:00
[2025-10-07T22:09:26.945+0000] {processor.py:183} INFO - Processing /home/airflow/.local/lib/python3.12/site-packages/airflow/example_dags/example_branch_labels.py took 0.049 seconds
[2025-10-07T22:09:57.070+0000] {processor.py:161} INFO - Started process (PID=1243) to work on /home/airflow/.local/lib/python3.12/site-packages/airflow/example_dags/example_branch_labels.py
[2025-10-07T22:09:57.071+0000] {processor.py:830} INFO - Processing file /home/airflow/.local/lib/python3.12/site-packages/airflow/example_dags/example_branch_labels.py for tasks to queue
[2025-10-07T22:09:57.072+0000] {logging_mixin.py:188} INFO - [2025-10-07T22:09:57.071+0000] {dagbag.py:545} INFO - Filling up the DagBag from /home/airflow/.local/lib/python3.12/site-packages/airflow/example_dags/example_branch_labels.py
[2025-10-07T22:09:57.076+0000] {processor.py:840} INFO - DAG(s) 'example_branch_labels' retrieved from /home/airflow/.local/lib/python3.12/site-packages/airflow/example_dags/example_branch_labels.py
[2025-10-07T22:09:57.087+0000] {logging_mixin.py:188} INFO - [2025-10-07T22:09:57.087+0000] {dag.py:3096} INFO - Sync 1 DAGs
[2025-10-07T22:09:57.097+0000] {logging_mixin.py:188} INFO - [2025-10-07T22:09:57.097+0000] {dag.py:3954} INFO - Setting next_dagrun for example_branch_labels to 2025-10-06 00:00:00+00:00, run_after=2025-10-07 00:00:00+00:00
[2025-10-07T22:09:57.109+0000] {processor.py:183} INFO - Processing /home/airflow/.local/lib/python3.12/site-packages/airflow/example_dags/example_branch_labels.py took 0.043 seconds
[2025-10-07T22:10:27.282+0000] {processor.py:161} INFO - Started process (PID=1302) to work on /home/airflow/.local/lib/python3.12/site-packages/airflow/example_dags/example_branch_labels.py
[2025-10-07T22:10:27.283+0000] {processor.py:830} INFO - Processing file /home/airflow/.local/lib/python3.12/site-packages/airflow/example_dags/example_branch_labels.py for tasks to queue
[2025-10-07T22:10:27.284+0000] {logging_mixin.py:188} INFO - [2025-10-07T22:10:27.284+0000] {dagbag.py:545} INFO - Filling up the DagBag from /home/airflow/.local/lib/python3.12/site-packages/airflow/example_dags/example_branch_labels.py
[2025-10-07T22:10:27.288+0000] {processor.py:840} INFO - DAG(s) 'example_branch_labels' retrieved from /home/airflow/.local/lib/python3.12/site-packages/airflow/example_dags/example_branch_labels.py
[2025-10-07T22:10:27.298+0000] {logging_mixin.py:188} INFO - [2025-10-07T22:10:27.298+0000] {dag.py:3096} INFO - Sync 1 DAGs
[2025-10-07T22:10:27.309+0000] {logging_mixin.py:188} INFO - [2025-10-07T22:10:27.309+0000] {dag.py:3954} INFO - Setting next_dagrun for example_branch_labels to 2025-10-06 00:00:00+00:00, run_after=2025-10-07 00:00:00+00:00
[2025-10-07T22:10:27.323+0000] {processor.py:183} INFO - Processing /home/airflow/.local/lib/python3.12/site-packages/airflow/example_dags/example_branch_labels.py took 0.044 seconds
[2025-10-07T22:10:57.399+0000] {processor.py:161} INFO - Started process (PID=1361) to work on /home/airflow/.local/lib/python3.12/site-packages/airflow/example_dags/example_branch_labels.py
[2025-10-07T22:10:57.400+0000] {processor.py:830} INFO - Processing file /home/airflow/.local/lib/python3.12/site-packages/airflow/example_dags/example_branch_labels.py for tasks to queue
[2025-10-07T22:10:57.401+0000] {logging_mixin.py:188} INFO - [2025-10-07T22:10:57.401+0000] {dagbag.py:545} INFO - Filling up the DagBag from /home/airflow/.local/lib/python3.12/site-packages/airflow/example_dags/example_branch_labels.py
[2025-10-07T22:10:57.405+0000] {processor.py:840} INFO - DAG(s) 'example_branch_labels' retrieved from /home/airflow/.local/lib/python3.12/site-packages/airflow/example_dags/example_branch_labels.py
[2025-10-07T22:10:57.417+0000] {logging_mixin.py:188} INFO - [2025-10-07T22:10:57.417+0000] {dag.py:3096} INFO - Sync 1 DAGs
[2025-10-07T22:10:57.429+0000] {logging_mixin.py:188} INFO - [2025-10-07T22:10:57.429+0000] {dag.py:3954} INFO - Setting next_dagrun for example_branch_labels to 2025-10-06 00:00:00+00:00, run_after=2025-10-07 00:00:00+00:00
[2025-10-07T22:10:57.440+0000] {processor.py:183} INFO - Processing /home/airflow/.local/lib/python3.12/site-packages/airflow/example_dags/example_branch_labels.py took 0.044 seconds
[2025-10-07T22:11:27.521+0000] {processor.py:161} INFO - Started process (PID=1420) to work on /home/airflow/.local/lib/python3.12/site-packages/airflow/example_dags/example_branch_labels.py
[2025-10-07T22:11:27.522+0000] {processor.py:830} INFO - Processing file /home/airflow/.local/lib/python3.12/site-packages/airflow/example_dags/example_branch_labels.py for tasks to queue
[2025-10-07T22:11:27.523+0000] {logging_mixin.py:188} INFO - [2025-10-07T22:11:27.522+0000] {dagbag.py:545} INFO - Filling up the DagBag from /home/airflow/.local/lib/python3.12/site-packages/airflow/example_dags/example_branch_labels.py
[2025-10-07T22:11:27.527+0000] {processor.py:840} INFO - DAG(s) 'example_branch_labels' retrieved from /home/airflow/.local/lib/python3.12/site-packages/airflow/example_dags/example_branch_labels.py
[2025-10-07T22:11:27.538+0000] {logging_mixin.py:188} INFO - [2025-10-07T22:11:27.538+0000] {dag.py:3096} INFO - Sync 1 DAGs
[2025-10-07T22:11:27.549+0000] {logging_mixin.py:188} INFO - [2025-10-07T22:11:27.549+0000] {dag.py:3954} INFO - Setting next_dagrun for example_branch_labels to 2025-10-06 00:00:00+00:00, run_after=2025-10-07 00:00:00+00:00
[2025-10-07T22:11:27.558+0000] {processor.py:183} INFO - Processing /home/airflow/.local/lib/python3.12/site-packages/airflow/example_dags/example_branch_labels.py took 0.039 seconds
[2025-10-07T22:11:57.662+0000] {processor.py:161} INFO - Started process (PID=1480) to work on /home/airflow/.local/lib/python3.12/site-packages/airflow/example_dags/example_branch_labels.py
[2025-10-07T22:11:57.662+0000] {processor.py:830} INFO - Processing file /home/airflow/.local/lib/python3.12/site-packages/airflow/example_dags/example_branch_labels.py for tasks to queue
[2025-10-07T22:11:57.663+0000] {logging_mixin.py:188} INFO - [2025-10-07T22:11:57.663+0000] {dagbag.py:545} INFO - Filling up the DagBag from /home/airflow/.local/lib/python3.12/site-packages/airflow/example_dags/example_branch_labels.py
[2025-10-07T22:11:57.670+0000] {processor.py:840} INFO - DAG(s) 'example_branch_labels' retrieved from /home/airflow/.local/lib/python3.12/site-packages/airflow/example_dags/example_branch_labels.py
[2025-10-07T22:11:57.681+0000] {logging_mixin.py:188} INFO - [2025-10-07T22:11:57.681+0000] {dag.py:3096} INFO - Sync 1 DAGs
[2025-10-07T22:11:57.693+0000] {logging_mixin.py:188} INFO - [2025-10-07T22:11:57.692+0000] {dag.py:3954} INFO - Setting next_dagrun for example_branch_labels to 2025-10-06 00:00:00+00:00, run_after=2025-10-07 00:00:00+00:00
[2025-10-07T22:11:57.701+0000] {processor.py:183} INFO - Processing /home/airflow/.local/lib/python3.12/site-packages/airflow/example_dags/example_branch_labels.py took 0.042 seconds
[2025-10-07T22:12:27.881+0000] {processor.py:161} INFO - Started process (PID=1539) to work on /home/airflow/.local/lib/python3.12/site-packages/airflow/example_dags/example_branch_labels.py
[2025-10-07T22:12:27.881+0000] {processor.py:830} INFO - Processing file /home/airflow/.local/lib/python3.12/site-packages/airflow/example_dags/example_branch_labels.py for tasks to queue
[2025-10-07T22:12:27.883+0000] {logging_mixin.py:188} INFO - [2025-10-07T22:12:27.882+0000] {dagbag.py:545} INFO - Filling up the DagBag from /home/airflow/.local/lib/python3.12/site-packages/airflow/example_dags/example_branch_labels.py
[2025-10-07T22:12:27.886+0000] {processor.py:840} INFO - DAG(s) 'example_branch_labels' retrieved from /home/airflow/.local/lib/python3.12/site-packages/airflow/example_dags/example_branch_labels.py
[2025-10-07T22:12:27.899+0000] {logging_mixin.py:188} INFO - [2025-10-07T22:12:27.898+0000] {dag.py:3096} INFO - Sync 1 DAGs
[2025-10-07T22:12:27.911+0000] {logging_mixin.py:188} INFO - [2025-10-07T22:12:27.911+0000] {dag.py:3954} INFO - Setting next_dagrun for example_branch_labels to 2025-10-06 00:00:00+00:00, run_after=2025-10-07 00:00:00+00:00
[2025-10-07T22:12:27.920+0000] {processor.py:183} INFO - Processing /home/airflow/.local/lib/python3.12/site-packages/airflow/example_dags/example_branch_labels.py took 0.043 seconds
[2025-10-07T22:12:58.022+0000] {processor.py:161} INFO - Started process (PID=1598) to work on /home/airflow/.local/lib/python3.12/site-packages/airflow/example_dags/example_branch_labels.py
[2025-10-07T22:12:58.023+0000] {processor.py:830} INFO - Processing file /home/airflow/.local/lib/python3.12/site-packages/airflow/example_dags/example_branch_labels.py for tasks to queue
[2025-10-07T22:12:58.024+0000] {logging_mixin.py:188} INFO - [2025-10-07T22:12:58.024+0000] {dagbag.py:545} INFO - Filling up the DagBag from /home/airflow/.local/lib/python3.12/site-packages/airflow/example_dags/example_branch_labels.py
[2025-10-07T22:12:58.028+0000] {processor.py:840} INFO - DAG(s) 'example_branch_labels' retrieved from /home/airflow/.local/lib/python3.12/site-packages/airflow/example_dags/example_branch_labels.py
[2025-10-07T22:12:58.040+0000] {logging_mixin.py:188} INFO - [2025-10-07T22:12:58.039+0000] {dag.py:3096} INFO - Sync 1 DAGs
[2025-10-07T22:12:58.051+0000] {logging_mixin.py:188} INFO - [2025-10-07T22:12:58.051+0000] {dag.py:3954} INFO - Setting next_dagrun for example_branch_labels to 2025-10-06 00:00:00+00:00, run_after=2025-10-07 00:00:00+00:00
[2025-10-07T22:12:58.059+0000] {processor.py:183} INFO - Processing /home/airflow/.local/lib/python3.12/site-packages/airflow/example_dags/example_branch_labels.py took 0.041 seconds
[2025-10-07T22:13:28.334+0000] {processor.py:161} INFO - Started process (PID=1657) to work on /home/airflow/.local/lib/python3.12/site-packages/airflow/example_dags/example_branch_labels.py
[2025-10-07T22:13:28.335+0000] {processor.py:830} INFO - Processing file /home/airflow/.local/lib/python3.12/site-packages/airflow/example_dags/example_branch_labels.py for tasks to queue
[2025-10-07T22:13:28.336+0000] {logging_mixin.py:188} INFO - [2025-10-07T22:13:28.336+0000] {dagbag.py:545} INFO - Filling up the DagBag from /home/airflow/.local/lib/python3.12/site-packages/airflow/example_dags/example_branch_labels.py
[2025-10-07T22:13:28.340+0000] {processor.py:840} INFO - DAG(s) 'example_branch_labels' retrieved from /home/airflow/.local/lib/python3.12/site-packages/airflow/example_dags/example_branch_labels.py
[2025-10-07T22:13:28.351+0000] {logging_mixin.py:188} INFO - [2025-10-07T22:13:28.351+0000] {dag.py:3096} INFO - Sync 1 DAGs
[2025-10-07T22:13:28.362+0000] {logging_mixin.py:188} INFO - [2025-10-07T22:13:28.362+0000] {dag.py:3954} INFO - Setting next_dagrun for example_branch_labels to 2025-10-06 00:00:00+00:00, run_after=2025-10-07 00:00:00+00:00
[2025-10-07T22:13:28.370+0000] {processor.py:183} INFO - Processing /home/airflow/.local/lib/python3.12/site-packages/airflow/example_dags/example_branch_labels.py took 0.039 seconds
[2025-10-07T22:13:58.491+0000] {processor.py:161} INFO - Started process (PID=1716) to work on /home/airflow/.local/lib/python3.12/site-packages/airflow/example_dags/example_branch_labels.py
[2025-10-07T22:13:58.491+0000] {processor.py:830} INFO - Processing file /home/airflow/.local/lib/python3.12/site-packages/airflow/example_dags/example_branch_labels.py for tasks to queue
[2025-10-07T22:13:58.492+0000] {logging_mixin.py:188} INFO - [2025-10-07T22:13:58.492+0000] {dagbag.py:545} INFO - Filling up the DagBag from /home/airflow/.local/lib/python3.12/site-packages/airflow/example_dags/example_branch_labels.py
[2025-10-07T22:13:58.497+0000] {processor.py:840} INFO - DAG(s) 'example_branch_labels' retrieved from /home/airflow/.local/lib/python3.12/site-packages/airflow/example_dags/example_branch_labels.py
[2025-10-07T22:13:58.510+0000] {logging_mixin.py:188} INFO - [2025-10-07T22:13:58.509+0000] {dag.py:3096} INFO - Sync 1 DAGs
[2025-10-07T22:13:58.520+0000] {logging_mixin.py:188} INFO - [2025-10-07T22:13:58.520+0000] {dag.py:3954} INFO - Setting next_dagrun for example_branch_labels to 2025-10-06 00:00:00+00:00, run_after=2025-10-07 00:00:00+00:00
[2025-10-07T22:13:58.529+0000] {processor.py:183} INFO - Processing /home/airflow/.local/lib/python3.12/site-packages/airflow/example_dags/example_branch_labels.py took 0.041 seconds
[2025-10-07T22:14:28.846+0000] {processor.py:161} INFO - Started process (PID=1775) to work on /home/airflow/.local/lib/python3.12/site-packages/airflow/example_dags/example_branch_labels.py
[2025-10-07T22:14:28.846+0000] {processor.py:830} INFO - Processing file /home/airflow/.local/lib/python3.12/site-packages/airflow/example_dags/example_branch_labels.py for tasks to queue
[2025-10-07T22:14:28.847+0000] {logging_mixin.py:188} INFO - [2025-10-07T22:14:28.847+0000] {dagbag.py:545} INFO - Filling up the DagBag from /home/airflow/.local/lib/python3.12/site-packages/airflow/example_dags/example_branch_labels.py
[2025-10-07T22:14:28.851+0000] {processor.py:840} INFO - DAG(s) 'example_branch_labels' retrieved from /home/airflow/.local/lib/python3.12/site-packages/airflow/example_dags/example_branch_labels.py
[2025-10-07T22:14:28.862+0000] {logging_mixin.py:188} INFO - [2025-10-07T22:14:28.862+0000] {dag.py:3096} INFO - Sync 1 DAGs
[2025-10-07T22:14:28.873+0000] {logging_mixin.py:188} INFO - [2025-10-07T22:14:28.872+0000] {dag.py:3954} INFO - Setting next_dagrun for example_branch_labels to 2025-10-06 00:00:00+00:00, run_after=2025-10-07 00:00:00+00:00
[2025-10-07T22:14:28.973+0000] {processor.py:183} INFO - Processing /home/airflow/.local/lib/python3.12/site-packages/airflow/example_dags/example_branch_labels.py took 0.130 seconds
[2025-10-07T22:14:59.048+0000] {processor.py:161} INFO - Started process (PID=1835) to work on /home/airflow/.local/lib/python3.12/site-packages/airflow/example_dags/example_branch_labels.py
[2025-10-07T22:14:59.050+0000] {processor.py:830} INFO - Processing file /home/airflow/.local/lib/python3.12/site-packages/airflow/example_dags/example_branch_labels.py for tasks to queue
[2025-10-07T22:14:59.051+0000] {logging_mixin.py:188} INFO - [2025-10-07T22:14:59.051+0000] {dagbag.py:545} INFO - Filling up the DagBag from /home/airflow/.local/lib/python3.12/site-packages/airflow/example_dags/example_branch_labels.py
[2025-10-07T22:14:59.056+0000] {processor.py:840} INFO - DAG(s) 'example_branch_labels' retrieved from /home/airflow/.local/lib/python3.12/site-packages/airflow/example_dags/example_branch_labels.py
[2025-10-07T22:14:59.074+0000] {logging_mixin.py:188} INFO - [2025-10-07T22:14:59.073+0000] {dag.py:3096} INFO - Sync 1 DAGs
[2025-10-07T22:14:59.099+0000] {logging_mixin.py:188} INFO - [2025-10-07T22:14:59.099+0000] {dag.py:3954} INFO - Setting next_dagrun for example_branch_labels to 2025-10-06 00:00:00+00:00, run_after=2025-10-07 00:00:00+00:00
[2025-10-07T22:14:59.271+0000] {processor.py:183} INFO - Processing /home/airflow/.local/lib/python3.12/site-packages/airflow/example_dags/example_branch_labels.py took 0.227 seconds
[2025-10-07T22:15:30.115+0000] {processor.py:161} INFO - Started process (PID=1894) to work on /home/airflow/.local/lib/python3.12/site-packages/airflow/example_dags/example_branch_labels.py
[2025-10-07T22:15:30.118+0000] {processor.py:830} INFO - Processing file /home/airflow/.local/lib/python3.12/site-packages/airflow/example_dags/example_branch_labels.py for tasks to queue
[2025-10-07T22:15:30.119+0000] {logging_mixin.py:188} INFO - [2025-10-07T22:15:30.118+0000] {dagbag.py:545} INFO - Filling up the DagBag from /home/airflow/.local/lib/python3.12/site-packages/airflow/example_dags/example_branch_labels.py
[2025-10-07T22:15:30.123+0000] {processor.py:840} INFO - DAG(s) 'example_branch_labels' retrieved from /home/airflow/.local/lib/python3.12/site-packages/airflow/example_dags/example_branch_labels.py
[2025-10-07T22:15:30.136+0000] {logging_mixin.py:188} INFO - [2025-10-07T22:15:30.136+0000] {dag.py:3096} INFO - Sync 1 DAGs
[2025-10-07T22:15:30.147+0000] {logging_mixin.py:188} INFO - [2025-10-07T22:15:30.147+0000] {dag.py:3954} INFO - Setting next_dagrun for example_branch_labels to 2025-10-06 00:00:00+00:00, run_after=2025-10-07 00:00:00+00:00
[2025-10-07T22:15:30.159+0000] {processor.py:183} INFO - Processing /home/airflow/.local/lib/python3.12/site-packages/airflow/example_dags/example_branch_labels.py took 0.048 seconds
[2025-10-07T22:16:00.897+0000] {processor.py:161} INFO - Started process (PID=1953) to work on /home/airflow/.local/lib/python3.12/site-packages/airflow/example_dags/example_branch_labels.py
[2025-10-07T22:16:00.900+0000] {processor.py:830} INFO - Processing file /home/airflow/.local/lib/python3.12/site-packages/airflow/example_dags/example_branch_labels.py for tasks to queue
[2025-10-07T22:16:00.902+0000] {logging_mixin.py:188} INFO - [2025-10-07T22:16:00.902+0000] {dagbag.py:545} INFO - Filling up the DagBag from /home/airflow/.local/lib/python3.12/site-packages/airflow/example_dags/example_branch_labels.py
[2025-10-07T22:16:00.907+0000] {processor.py:840} INFO - DAG(s) 'example_branch_labels' retrieved from /home/airflow/.local/lib/python3.12/site-packages/airflow/example_dags/example_branch_labels.py
[2025-10-07T22:16:00.921+0000] {logging_mixin.py:188} INFO - [2025-10-07T22:16:00.920+0000] {dag.py:3096} INFO - Sync 1 DAGs
[2025-10-07T22:16:00.932+0000] {logging_mixin.py:188} INFO - [2025-10-07T22:16:00.932+0000] {dag.py:3954} INFO - Setting next_dagrun for example_branch_labels to 2025-10-06 00:00:00+00:00, run_after=2025-10-07 00:00:00+00:00
[2025-10-07T22:16:00.943+0000] {processor.py:183} INFO - Processing /home/airflow/.local/lib/python3.12/site-packages/airflow/example_dags/example_branch_labels.py took 0.050 seconds
[2025-10-07T22:16:31.003+0000] {processor.py:161} INFO - Started process (PID=2011) to work on /home/airflow/.local/lib/python3.12/site-packages/airflow/example_dags/example_branch_labels.py
[2025-10-07T22:16:31.004+0000] {processor.py:830} INFO - Processing file /home/airflow/.local/lib/python3.12/site-packages/airflow/example_dags/example_branch_labels.py for tasks to queue
[2025-10-07T22:16:31.006+0000] {logging_mixin.py:188} INFO - [2025-10-07T22:16:31.006+0000] {dagbag.py:545} INFO - Filling up the DagBag from /home/airflow/.local/lib/python3.12/site-packages/airflow/example_dags/example_branch_labels.py
[2025-10-07T22:16:31.013+0000] {processor.py:840} INFO - DAG(s) 'example_branch_labels' retrieved from /home/airflow/.local/lib/python3.12/site-packages/airflow/example_dags/example_branch_labels.py
[2025-10-07T22:16:31.030+0000] {logging_mixin.py:188} INFO - [2025-10-07T22:16:31.030+0000] {dag.py:3096} INFO - Sync 1 DAGs
[2025-10-07T22:16:31.041+0000] {logging_mixin.py:188} INFO - [2025-10-07T22:16:31.041+0000] {dag.py:3954} INFO - Setting next_dagrun for example_branch_labels to 2025-10-06 00:00:00+00:00, run_after=2025-10-07 00:00:00+00:00
[2025-10-07T22:16:31.050+0000] {processor.py:183} INFO - Processing /home/airflow/.local/lib/python3.12/site-packages/airflow/example_dags/example_branch_labels.py took 0.054 seconds
[2025-10-07T22:17:01.726+0000] {processor.py:161} INFO - Started process (PID=2070) to work on /home/airflow/.local/lib/python3.12/site-packages/airflow/example_dags/example_branch_labels.py
[2025-10-07T22:17:01.727+0000] {processor.py:830} INFO - Processing file /home/airflow/.local/lib/python3.12/site-packages/airflow/example_dags/example_branch_labels.py for tasks to queue
[2025-10-07T22:17:01.729+0000] {logging_mixin.py:188} INFO - [2025-10-07T22:17:01.728+0000] {dagbag.py:545} INFO - Filling up the DagBag from /home/airflow/.local/lib/python3.12/site-packages/airflow/example_dags/example_branch_labels.py
[2025-10-07T22:17:01.736+0000] {processor.py:840} INFO - DAG(s) 'example_branch_labels' retrieved from /home/airflow/.local/lib/python3.12/site-packages/airflow/example_dags/example_branch_labels.py
[2025-10-07T22:17:01.754+0000] {logging_mixin.py:188} INFO - [2025-10-07T22:17:01.754+0000] {dag.py:3096} INFO - Sync 1 DAGs
[2025-10-07T22:17:01.765+0000] {logging_mixin.py:188} INFO - [2025-10-07T22:17:01.765+0000] {dag.py:3954} INFO - Setting next_dagrun for example_branch_labels to 2025-10-06 00:00:00+00:00, run_after=2025-10-07 00:00:00+00:00
[2025-10-07T22:17:01.773+0000] {processor.py:183} INFO - Processing /home/airflow/.local/lib/python3.12/site-packages/airflow/example_dags/example_branch_labels.py took 0.054 seconds
[2025-10-07T22:17:31.806+0000] {processor.py:161} INFO - Started process (PID=2129) to work on /home/airflow/.local/lib/python3.12/site-packages/airflow/example_dags/example_branch_labels.py
[2025-10-07T22:17:31.807+0000] {processor.py:830} INFO - Processing file /home/airflow/.local/lib/python3.12/site-packages/airflow/example_dags/example_branch_labels.py for tasks to queue
[2025-10-07T22:17:31.808+0000] {logging_mixin.py:188} INFO - [2025-10-07T22:17:31.807+0000] {dagbag.py:545} INFO - Filling up the DagBag from /home/airflow/.local/lib/python3.12/site-packages/airflow/example_dags/example_branch_labels.py
[2025-10-07T22:17:31.811+0000] {processor.py:840} INFO - DAG(s) 'example_branch_labels' retrieved from /home/airflow/.local/lib/python3.12/site-packages/airflow/example_dags/example_branch_labels.py
[2025-10-07T22:17:31.821+0000] {logging_mixin.py:188} INFO - [2025-10-07T22:17:31.821+0000] {dag.py:3096} INFO - Sync 1 DAGs
[2025-10-07T22:17:31.831+0000] {logging_mixin.py:188} INFO - [2025-10-07T22:17:31.831+0000] {dag.py:3954} INFO - Setting next_dagrun for example_branch_labels to 2025-10-06 00:00:00+00:00, run_after=2025-10-07 00:00:00+00:00
[2025-10-07T22:17:31.838+0000] {processor.py:183} INFO - Processing /home/airflow/.local/lib/python3.12/site-packages/airflow/example_dags/example_branch_labels.py took 0.034 seconds
[2025-10-07T22:18:01.887+0000] {processor.py:161} INFO - Started process (PID=2188) to work on /home/airflow/.local/lib/python3.12/site-packages/airflow/example_dags/example_branch_labels.py
[2025-10-07T22:18:01.887+0000] {processor.py:830} INFO - Processing file /home/airflow/.local/lib/python3.12/site-packages/airflow/example_dags/example_branch_labels.py for tasks to queue
[2025-10-07T22:18:01.888+0000] {logging_mixin.py:188} INFO - [2025-10-07T22:18:01.888+0000] {dagbag.py:545} INFO - Filling up the DagBag from /home/airflow/.local/lib/python3.12/site-packages/airflow/example_dags/example_branch_labels.py
[2025-10-07T22:18:01.893+0000] {processor.py:840} INFO - DAG(s) 'example_branch_labels' retrieved from /home/airflow/.local/lib/python3.12/site-packages/airflow/example_dags/example_branch_labels.py
[2025-10-07T22:18:01.903+0000] {logging_mixin.py:188} INFO - [2025-10-07T22:18:01.903+0000] {dag.py:3096} INFO - Sync 1 DAGs
[2025-10-07T22:18:01.913+0000] {logging_mixin.py:188} INFO - [2025-10-07T22:18:01.913+0000] {dag.py:3954} INFO - Setting next_dagrun for example_branch_labels to 2025-10-06 00:00:00+00:00, run_after=2025-10-07 00:00:00+00:00
[2025-10-07T22:18:01.921+0000] {processor.py:183} INFO - Processing /home/airflow/.local/lib/python3.12/site-packages/airflow/example_dags/example_branch_labels.py took 0.038 seconds
[2025-10-07T22:18:32.044+0000] {processor.py:161} INFO - Started process (PID=2247) to work on /home/airflow/.local/lib/python3.12/site-packages/airflow/example_dags/example_branch_labels.py
[2025-10-07T22:18:32.046+0000] {processor.py:830} INFO - Processing file /home/airflow/.local/lib/python3.12/site-packages/airflow/example_dags/example_branch_labels.py for tasks to queue
[2025-10-07T22:18:32.047+0000] {logging_mixin.py:188} INFO - [2025-10-07T22:18:32.047+0000] {dagbag.py:545} INFO - Filling up the DagBag from /home/airflow/.local/lib/python3.12/site-packages/airflow/example_dags/example_branch_labels.py
[2025-10-07T22:18:32.051+0000] {processor.py:840} INFO - DAG(s) 'example_branch_labels' retrieved from /home/airflow/.local/lib/python3.12/site-packages/airflow/example_dags/example_branch_labels.py
[2025-10-07T22:18:32.064+0000] {logging_mixin.py:188} INFO - [2025-10-07T22:18:32.064+0000] {dag.py:3096} INFO - Sync 1 DAGs
[2025-10-07T22:18:32.075+0000] {logging_mixin.py:188} INFO - [2025-10-07T22:18:32.075+0000] {dag.py:3954} INFO - Setting next_dagrun for example_branch_labels to 2025-10-06 00:00:00+00:00, run_after=2025-10-07 00:00:00+00:00
[2025-10-07T22:18:32.083+0000] {processor.py:183} INFO - Processing /home/airflow/.local/lib/python3.12/site-packages/airflow/example_dags/example_branch_labels.py took 0.042 seconds
[2025-10-07T22:19:16.483+0000] {processor.py:161} INFO - Started process (PID=58) to work on /home/airflow/.local/lib/python3.12/site-packages/airflow/example_dags/example_branch_labels.py
[2025-10-07T22:19:16.485+0000] {processor.py:830} INFO - Processing file /home/airflow/.local/lib/python3.12/site-packages/airflow/example_dags/example_branch_labels.py for tasks to queue
[2025-10-07T22:19:16.487+0000] {logging_mixin.py:188} INFO - [2025-10-07T22:19:16.487+0000] {dagbag.py:545} INFO - Filling up the DagBag from /home/airflow/.local/lib/python3.12/site-packages/airflow/example_dags/example_branch_labels.py
[2025-10-07T22:19:16.495+0000] {processor.py:840} INFO - DAG(s) 'example_branch_labels' retrieved from /home/airflow/.local/lib/python3.12/site-packages/airflow/example_dags/example_branch_labels.py
[2025-10-07T22:19:16.507+0000] {logging_mixin.py:188} INFO - [2025-10-07T22:19:16.506+0000] {dag.py:3096} INFO - Sync 1 DAGs
[2025-10-07T22:19:16.527+0000] {logging_mixin.py:188} INFO - [2025-10-07T22:19:16.527+0000] {dag.py:3954} INFO - Setting next_dagrun for example_branch_labels to 2025-10-06 00:00:00+00:00, run_after=2025-10-07 00:00:00+00:00
[2025-10-07T22:19:16.548+0000] {processor.py:183} INFO - Processing /home/airflow/.local/lib/python3.12/site-packages/airflow/example_dags/example_branch_labels.py took 0.075 seconds
[2025-10-07T22:19:47.393+0000] {processor.py:161} INFO - Started process (PID=117) to work on /home/airflow/.local/lib/python3.12/site-packages/airflow/example_dags/example_branch_labels.py
[2025-10-07T22:19:47.394+0000] {processor.py:830} INFO - Processing file /home/airflow/.local/lib/python3.12/site-packages/airflow/example_dags/example_branch_labels.py for tasks to queue
[2025-10-07T22:19:47.397+0000] {logging_mixin.py:188} INFO - [2025-10-07T22:19:47.396+0000] {dagbag.py:545} INFO - Filling up the DagBag from /home/airflow/.local/lib/python3.12/site-packages/airflow/example_dags/example_branch_labels.py
[2025-10-07T22:19:47.401+0000] {processor.py:840} INFO - DAG(s) 'example_branch_labels' retrieved from /home/airflow/.local/lib/python3.12/site-packages/airflow/example_dags/example_branch_labels.py
[2025-10-07T22:19:47.450+0000] {logging_mixin.py:188} INFO - [2025-10-07T22:19:47.450+0000] {dag.py:3096} INFO - Sync 1 DAGs
[2025-10-07T22:19:47.460+0000] {logging_mixin.py:188} INFO - [2025-10-07T22:19:47.460+0000] {dag.py:3954} INFO - Setting next_dagrun for example_branch_labels to 2025-10-06 00:00:00+00:00, run_after=2025-10-07 00:00:00+00:00
[2025-10-07T22:19:47.472+0000] {processor.py:183} INFO - Processing /home/airflow/.local/lib/python3.12/site-packages/airflow/example_dags/example_branch_labels.py took 0.082 seconds
[2025-10-07T22:20:18.218+0000] {processor.py:161} INFO - Started process (PID=176) to work on /home/airflow/.local/lib/python3.12/site-packages/airflow/example_dags/example_branch_labels.py
[2025-10-07T22:20:18.220+0000] {processor.py:830} INFO - Processing file /home/airflow/.local/lib/python3.12/site-packages/airflow/example_dags/example_branch_labels.py for tasks to queue
[2025-10-07T22:20:18.224+0000] {logging_mixin.py:188} INFO - [2025-10-07T22:20:18.224+0000] {dagbag.py:545} INFO - Filling up the DagBag from /home/airflow/.local/lib/python3.12/site-packages/airflow/example_dags/example_branch_labels.py
[2025-10-07T22:20:18.230+0000] {processor.py:840} INFO - DAG(s) 'example_branch_labels' retrieved from /home/airflow/.local/lib/python3.12/site-packages/airflow/example_dags/example_branch_labels.py
[2025-10-07T22:20:18.245+0000] {logging_mixin.py:188} INFO - [2025-10-07T22:20:18.245+0000] {dag.py:3096} INFO - Sync 1 DAGs
[2025-10-07T22:20:18.259+0000] {logging_mixin.py:188} INFO - [2025-10-07T22:20:18.258+0000] {dag.py:3954} INFO - Setting next_dagrun for example_branch_labels to 2025-10-06 00:00:00+00:00, run_after=2025-10-07 00:00:00+00:00
[2025-10-07T22:20:18.272+0000] {processor.py:183} INFO - Processing /home/airflow/.local/lib/python3.12/site-packages/airflow/example_dags/example_branch_labels.py took 0.060 seconds
[2025-10-07T22:20:48.629+0000] {processor.py:161} INFO - Started process (PID=241) to work on /home/airflow/.local/lib/python3.12/site-packages/airflow/example_dags/example_branch_labels.py
[2025-10-07T22:20:48.630+0000] {processor.py:830} INFO - Processing file /home/airflow/.local/lib/python3.12/site-packages/airflow/example_dags/example_branch_labels.py for tasks to queue
[2025-10-07T22:20:48.631+0000] {logging_mixin.py:188} INFO - [2025-10-07T22:20:48.631+0000] {dagbag.py:545} INFO - Filling up the DagBag from /home/airflow/.local/lib/python3.12/site-packages/airflow/example_dags/example_branch_labels.py
[2025-10-07T22:20:48.635+0000] {processor.py:840} INFO - DAG(s) 'example_branch_labels' retrieved from /home/airflow/.local/lib/python3.12/site-packages/airflow/example_dags/example_branch_labels.py
[2025-10-07T22:20:48.650+0000] {logging_mixin.py:188} INFO - [2025-10-07T22:20:48.650+0000] {dag.py:3096} INFO - Sync 1 DAGs
[2025-10-07T22:20:48.662+0000] {logging_mixin.py:188} INFO - [2025-10-07T22:20:48.662+0000] {dag.py:3954} INFO - Setting next_dagrun for example_branch_labels to 2025-10-06 00:00:00+00:00, run_after=2025-10-07 00:00:00+00:00
[2025-10-07T22:20:48.673+0000] {processor.py:183} INFO - Processing /home/airflow/.local/lib/python3.12/site-packages/airflow/example_dags/example_branch_labels.py took 0.048 seconds
[2025-10-07T22:21:18.717+0000] {processor.py:161} INFO - Started process (PID=299) to work on /home/airflow/.local/lib/python3.12/site-packages/airflow/example_dags/example_branch_labels.py
[2025-10-07T22:21:18.718+0000] {processor.py:830} INFO - Processing file /home/airflow/.local/lib/python3.12/site-packages/airflow/example_dags/example_branch_labels.py for tasks to queue
[2025-10-07T22:21:18.719+0000] {logging_mixin.py:188} INFO - [2025-10-07T22:21:18.719+0000] {dagbag.py:545} INFO - Filling up the DagBag from /home/airflow/.local/lib/python3.12/site-packages/airflow/example_dags/example_branch_labels.py
[2025-10-07T22:21:18.723+0000] {processor.py:840} INFO - DAG(s) 'example_branch_labels' retrieved from /home/airflow/.local/lib/python3.12/site-packages/airflow/example_dags/example_branch_labels.py
[2025-10-07T22:21:18.733+0000] {logging_mixin.py:188} INFO - [2025-10-07T22:21:18.733+0000] {dag.py:3096} INFO - Sync 1 DAGs
[2025-10-07T22:21:18.742+0000] {logging_mixin.py:188} INFO - [2025-10-07T22:21:18.742+0000] {dag.py:3954} INFO - Setting next_dagrun for example_branch_labels to 2025-10-06 00:00:00+00:00, run_after=2025-10-07 00:00:00+00:00
[2025-10-07T22:21:18.749+0000] {processor.py:183} INFO - Processing /home/airflow/.local/lib/python3.12/site-packages/airflow/example_dags/example_branch_labels.py took 0.034 seconds
[2025-10-07T22:21:49.177+0000] {processor.py:161} INFO - Started process (PID=359) to work on /home/airflow/.local/lib/python3.12/site-packages/airflow/example_dags/example_branch_labels.py
[2025-10-07T22:21:49.178+0000] {processor.py:830} INFO - Processing file /home/airflow/.local/lib/python3.12/site-packages/airflow/example_dags/example_branch_labels.py for tasks to queue
[2025-10-07T22:21:49.179+0000] {logging_mixin.py:188} INFO - [2025-10-07T22:21:49.179+0000] {dagbag.py:545} INFO - Filling up the DagBag from /home/airflow/.local/lib/python3.12/site-packages/airflow/example_dags/example_branch_labels.py
[2025-10-07T22:21:49.183+0000] {processor.py:840} INFO - DAG(s) 'example_branch_labels' retrieved from /home/airflow/.local/lib/python3.12/site-packages/airflow/example_dags/example_branch_labels.py
[2025-10-07T22:21:49.196+0000] {logging_mixin.py:188} INFO - [2025-10-07T22:21:49.196+0000] {dag.py:3096} INFO - Sync 1 DAGs
[2025-10-07T22:21:49.219+0000] {logging_mixin.py:188} INFO - [2025-10-07T22:21:49.219+0000] {dag.py:3954} INFO - Setting next_dagrun for example_branch_labels to 2025-10-06 00:00:00+00:00, run_after=2025-10-07 00:00:00+00:00
[2025-10-07T22:21:49.330+0000] {processor.py:183} INFO - Processing /home/airflow/.local/lib/python3.12/site-packages/airflow/example_dags/example_branch_labels.py took 0.155 seconds
