[2025-10-07T21:54:24.998+0000] {processor.py:161} INFO - Started process (PID=66) to work on /home/airflow/.local/lib/python3.12/site-packages/airflow/example_dags/example_time_delta_sensor_async.py
[2025-10-07T21:54:25.000+0000] {processor.py:830} INFO - Processing file /home/airflow/.local/lib/python3.12/site-packages/airflow/example_dags/example_time_delta_sensor_async.py for tasks to queue
[2025-10-07T21:54:25.006+0000] {logging_mixin.py:188} INFO - [2025-10-07T21:54:25.006+0000] {dagbag.py:545} INFO - Filling up the DagBag from /home/airflow/.local/lib/python3.12/site-packages/airflow/example_dags/example_time_delta_sensor_async.py
[2025-10-07T21:54:25.019+0000] {processor.py:840} INFO - DAG(s) 'example_time_delta_sensor_async' retrieved from /home/airflow/.local/lib/python3.12/site-packages/airflow/example_dags/example_time_delta_sensor_async.py
[2025-10-07T21:54:25.038+0000] {logging_mixin.py:188} INFO - [2025-10-07T21:54:25.037+0000] {dag.py:3096} INFO - Sync 1 DAGs
[2025-10-07T21:54:25.048+0000] {logging_mixin.py:188} INFO - [2025-10-07T21:54:25.048+0000] {dag.py:3954} INFO - Setting next_dagrun for example_time_delta_sensor_async to None, run_after=None
[2025-10-07T21:54:25.060+0000] {processor.py:183} INFO - Processing /home/airflow/.local/lib/python3.12/site-packages/airflow/example_dags/example_time_delta_sensor_async.py took 0.069 seconds
[2025-10-07T21:54:56.152+0000] {processor.py:161} INFO - Started process (PID=125) to work on /home/airflow/.local/lib/python3.12/site-packages/airflow/example_dags/example_time_delta_sensor_async.py
[2025-10-07T21:54:56.153+0000] {processor.py:830} INFO - Processing file /home/airflow/.local/lib/python3.12/site-packages/airflow/example_dags/example_time_delta_sensor_async.py for tasks to queue
[2025-10-07T21:54:56.155+0000] {logging_mixin.py:188} INFO - [2025-10-07T21:54:56.154+0000] {dagbag.py:545} INFO - Filling up the DagBag from /home/airflow/.local/lib/python3.12/site-packages/airflow/example_dags/example_time_delta_sensor_async.py
[2025-10-07T21:54:56.157+0000] {processor.py:840} INFO - DAG(s) 'example_time_delta_sensor_async' retrieved from /home/airflow/.local/lib/python3.12/site-packages/airflow/example_dags/example_time_delta_sensor_async.py
[2025-10-07T21:54:56.207+0000] {logging_mixin.py:188} INFO - [2025-10-07T21:54:56.207+0000] {dag.py:3096} INFO - Sync 1 DAGs
[2025-10-07T21:54:56.212+0000] {logging_mixin.py:188} INFO - [2025-10-07T21:54:56.212+0000] {dag.py:3954} INFO - Setting next_dagrun for example_time_delta_sensor_async to None, run_after=None
[2025-10-07T21:54:56.223+0000] {processor.py:183} INFO - Processing /home/airflow/.local/lib/python3.12/site-packages/airflow/example_dags/example_time_delta_sensor_async.py took 0.075 seconds
[2025-10-07T21:55:26.626+0000] {processor.py:161} INFO - Started process (PID=184) to work on /home/airflow/.local/lib/python3.12/site-packages/airflow/example_dags/example_time_delta_sensor_async.py
[2025-10-07T21:55:26.627+0000] {processor.py:830} INFO - Processing file /home/airflow/.local/lib/python3.12/site-packages/airflow/example_dags/example_time_delta_sensor_async.py for tasks to queue
[2025-10-07T21:55:26.628+0000] {logging_mixin.py:188} INFO - [2025-10-07T21:55:26.628+0000] {dagbag.py:545} INFO - Filling up the DagBag from /home/airflow/.local/lib/python3.12/site-packages/airflow/example_dags/example_time_delta_sensor_async.py
[2025-10-07T21:55:26.632+0000] {processor.py:840} INFO - DAG(s) 'example_time_delta_sensor_async' retrieved from /home/airflow/.local/lib/python3.12/site-packages/airflow/example_dags/example_time_delta_sensor_async.py
[2025-10-07T21:55:26.642+0000] {logging_mixin.py:188} INFO - [2025-10-07T21:55:26.642+0000] {dag.py:3096} INFO - Sync 1 DAGs
[2025-10-07T21:55:26.648+0000] {logging_mixin.py:188} INFO - [2025-10-07T21:55:26.648+0000] {dag.py:3954} INFO - Setting next_dagrun for example_time_delta_sensor_async to None, run_after=None
[2025-10-07T21:55:26.657+0000] {processor.py:183} INFO - Processing /home/airflow/.local/lib/python3.12/site-packages/airflow/example_dags/example_time_delta_sensor_async.py took 0.034 seconds
[2025-10-07T21:55:56.839+0000] {processor.py:161} INFO - Started process (PID=243) to work on /home/airflow/.local/lib/python3.12/site-packages/airflow/example_dags/example_time_delta_sensor_async.py
[2025-10-07T21:55:56.839+0000] {processor.py:830} INFO - Processing file /home/airflow/.local/lib/python3.12/site-packages/airflow/example_dags/example_time_delta_sensor_async.py for tasks to queue
[2025-10-07T21:55:56.841+0000] {logging_mixin.py:188} INFO - [2025-10-07T21:55:56.840+0000] {dagbag.py:545} INFO - Filling up the DagBag from /home/airflow/.local/lib/python3.12/site-packages/airflow/example_dags/example_time_delta_sensor_async.py
[2025-10-07T21:55:56.843+0000] {processor.py:840} INFO - DAG(s) 'example_time_delta_sensor_async' retrieved from /home/airflow/.local/lib/python3.12/site-packages/airflow/example_dags/example_time_delta_sensor_async.py
[2025-10-07T21:55:56.859+0000] {logging_mixin.py:188} INFO - [2025-10-07T21:55:56.859+0000] {dag.py:3096} INFO - Sync 1 DAGs
[2025-10-07T21:55:56.866+0000] {logging_mixin.py:188} INFO - [2025-10-07T21:55:56.866+0000] {dag.py:3954} INFO - Setting next_dagrun for example_time_delta_sensor_async to None, run_after=None
[2025-10-07T21:55:56.875+0000] {processor.py:183} INFO - Processing /home/airflow/.local/lib/python3.12/site-packages/airflow/example_dags/example_time_delta_sensor_async.py took 0.039 seconds
[2025-10-07T21:56:26.967+0000] {processor.py:161} INFO - Started process (PID=302) to work on /home/airflow/.local/lib/python3.12/site-packages/airflow/example_dags/example_time_delta_sensor_async.py
[2025-10-07T21:56:26.968+0000] {processor.py:830} INFO - Processing file /home/airflow/.local/lib/python3.12/site-packages/airflow/example_dags/example_time_delta_sensor_async.py for tasks to queue
[2025-10-07T21:56:26.969+0000] {logging_mixin.py:188} INFO - [2025-10-07T21:56:26.969+0000] {dagbag.py:545} INFO - Filling up the DagBag from /home/airflow/.local/lib/python3.12/site-packages/airflow/example_dags/example_time_delta_sensor_async.py
[2025-10-07T21:56:26.972+0000] {processor.py:840} INFO - DAG(s) 'example_time_delta_sensor_async' retrieved from /home/airflow/.local/lib/python3.12/site-packages/airflow/example_dags/example_time_delta_sensor_async.py
[2025-10-07T21:56:26.983+0000] {logging_mixin.py:188} INFO - [2025-10-07T21:56:26.983+0000] {dag.py:3096} INFO - Sync 1 DAGs
[2025-10-07T21:56:26.989+0000] {logging_mixin.py:188} INFO - [2025-10-07T21:56:26.989+0000] {dag.py:3954} INFO - Setting next_dagrun for example_time_delta_sensor_async to None, run_after=None
[2025-10-07T21:56:26.997+0000] {processor.py:183} INFO - Processing /home/airflow/.local/lib/python3.12/site-packages/airflow/example_dags/example_time_delta_sensor_async.py took 0.033 seconds
[2025-10-07T21:56:57.899+0000] {processor.py:161} INFO - Started process (PID=361) to work on /home/airflow/.local/lib/python3.12/site-packages/airflow/example_dags/example_time_delta_sensor_async.py
[2025-10-07T21:56:57.899+0000] {processor.py:830} INFO - Processing file /home/airflow/.local/lib/python3.12/site-packages/airflow/example_dags/example_time_delta_sensor_async.py for tasks to queue
[2025-10-07T21:56:57.900+0000] {logging_mixin.py:188} INFO - [2025-10-07T21:56:57.900+0000] {dagbag.py:545} INFO - Filling up the DagBag from /home/airflow/.local/lib/python3.12/site-packages/airflow/example_dags/example_time_delta_sensor_async.py
[2025-10-07T21:56:57.902+0000] {processor.py:840} INFO - DAG(s) 'example_time_delta_sensor_async' retrieved from /home/airflow/.local/lib/python3.12/site-packages/airflow/example_dags/example_time_delta_sensor_async.py
[2025-10-07T21:56:57.912+0000] {logging_mixin.py:188} INFO - [2025-10-07T21:56:57.912+0000] {dag.py:3096} INFO - Sync 1 DAGs
[2025-10-07T21:56:57.918+0000] {logging_mixin.py:188} INFO - [2025-10-07T21:56:57.917+0000] {dag.py:3954} INFO - Setting next_dagrun for example_time_delta_sensor_async to None, run_after=None
[2025-10-07T21:56:57.925+0000] {processor.py:183} INFO - Processing /home/airflow/.local/lib/python3.12/site-packages/airflow/example_dags/example_time_delta_sensor_async.py took 0.029 seconds
[2025-10-07T21:57:28.280+0000] {processor.py:161} INFO - Started process (PID=420) to work on /home/airflow/.local/lib/python3.12/site-packages/airflow/example_dags/example_time_delta_sensor_async.py
[2025-10-07T21:57:28.282+0000] {processor.py:830} INFO - Processing file /home/airflow/.local/lib/python3.12/site-packages/airflow/example_dags/example_time_delta_sensor_async.py for tasks to queue
[2025-10-07T21:57:28.284+0000] {logging_mixin.py:188} INFO - [2025-10-07T21:57:28.284+0000] {dagbag.py:545} INFO - Filling up the DagBag from /home/airflow/.local/lib/python3.12/site-packages/airflow/example_dags/example_time_delta_sensor_async.py
[2025-10-07T21:57:28.290+0000] {processor.py:840} INFO - DAG(s) 'example_time_delta_sensor_async' retrieved from /home/airflow/.local/lib/python3.12/site-packages/airflow/example_dags/example_time_delta_sensor_async.py
[2025-10-07T21:57:28.310+0000] {logging_mixin.py:188} INFO - [2025-10-07T21:57:28.310+0000] {dag.py:3096} INFO - Sync 1 DAGs
[2025-10-07T21:57:28.322+0000] {logging_mixin.py:188} INFO - [2025-10-07T21:57:28.322+0000] {dag.py:3954} INFO - Setting next_dagrun for example_time_delta_sensor_async to None, run_after=None
[2025-10-07T21:57:28.339+0000] {processor.py:183} INFO - Processing /home/airflow/.local/lib/python3.12/site-packages/airflow/example_dags/example_time_delta_sensor_async.py took 0.064 seconds
[2025-10-07T21:58:26.812+0000] {processor.py:161} INFO - Started process (PID=479) to work on /home/airflow/.local/lib/python3.12/site-packages/airflow/example_dags/example_time_delta_sensor_async.py
[2025-10-07T21:58:26.813+0000] {processor.py:830} INFO - Processing file /home/airflow/.local/lib/python3.12/site-packages/airflow/example_dags/example_time_delta_sensor_async.py for tasks to queue
[2025-10-07T21:58:26.814+0000] {logging_mixin.py:188} INFO - [2025-10-07T21:58:26.814+0000] {dagbag.py:545} INFO - Filling up the DagBag from /home/airflow/.local/lib/python3.12/site-packages/airflow/example_dags/example_time_delta_sensor_async.py
[2025-10-07T21:58:26.816+0000] {processor.py:840} INFO - DAG(s) 'example_time_delta_sensor_async' retrieved from /home/airflow/.local/lib/python3.12/site-packages/airflow/example_dags/example_time_delta_sensor_async.py
[2025-10-07T21:58:26.828+0000] {logging_mixin.py:188} INFO - [2025-10-07T21:58:26.827+0000] {dag.py:3096} INFO - Sync 1 DAGs
[2025-10-07T21:58:26.833+0000] {logging_mixin.py:188} INFO - [2025-10-07T21:58:26.833+0000] {dag.py:3954} INFO - Setting next_dagrun for example_time_delta_sensor_async to None, run_after=None
[2025-10-07T21:58:26.846+0000] {processor.py:183} INFO - Processing /home/airflow/.local/lib/python3.12/site-packages/airflow/example_dags/example_time_delta_sensor_async.py took 0.038 seconds
[2025-10-07T21:59:33.312+0000] {processor.py:161} INFO - Started process (PID=538) to work on /home/airflow/.local/lib/python3.12/site-packages/airflow/example_dags/example_time_delta_sensor_async.py
[2025-10-07T21:59:33.330+0000] {processor.py:830} INFO - Processing file /home/airflow/.local/lib/python3.12/site-packages/airflow/example_dags/example_time_delta_sensor_async.py for tasks to queue
[2025-10-07T21:59:33.334+0000] {logging_mixin.py:188} INFO - [2025-10-07T21:59:33.333+0000] {dagbag.py:545} INFO - Filling up the DagBag from /home/airflow/.local/lib/python3.12/site-packages/airflow/example_dags/example_time_delta_sensor_async.py
[2025-10-07T21:59:33.352+0000] {processor.py:840} INFO - DAG(s) 'example_time_delta_sensor_async' retrieved from /home/airflow/.local/lib/python3.12/site-packages/airflow/example_dags/example_time_delta_sensor_async.py
[2025-10-07T21:59:33.405+0000] {logging_mixin.py:188} INFO - [2025-10-07T21:59:33.404+0000] {dag.py:3096} INFO - Sync 1 DAGs
[2025-10-07T21:59:33.431+0000] {logging_mixin.py:188} INFO - [2025-10-07T21:59:33.431+0000] {dag.py:3954} INFO - Setting next_dagrun for example_time_delta_sensor_async to None, run_after=None
[2025-10-07T21:59:33.466+0000] {processor.py:183} INFO - Processing /home/airflow/.local/lib/python3.12/site-packages/airflow/example_dags/example_time_delta_sensor_async.py took 0.178 seconds
[2025-10-07T22:01:52.385+0000] {processor.py:161} INFO - Started process (PID=597) to work on /home/airflow/.local/lib/python3.12/site-packages/airflow/example_dags/example_time_delta_sensor_async.py
[2025-10-07T22:01:52.388+0000] {processor.py:830} INFO - Processing file /home/airflow/.local/lib/python3.12/site-packages/airflow/example_dags/example_time_delta_sensor_async.py for tasks to queue
[2025-10-07T22:01:52.389+0000] {logging_mixin.py:188} INFO - [2025-10-07T22:01:52.389+0000] {dagbag.py:545} INFO - Filling up the DagBag from /home/airflow/.local/lib/python3.12/site-packages/airflow/example_dags/example_time_delta_sensor_async.py
[2025-10-07T22:01:52.392+0000] {processor.py:840} INFO - DAG(s) 'example_time_delta_sensor_async' retrieved from /home/airflow/.local/lib/python3.12/site-packages/airflow/example_dags/example_time_delta_sensor_async.py
[2025-10-07T22:01:52.404+0000] {logging_mixin.py:188} INFO - [2025-10-07T22:01:52.403+0000] {dag.py:3096} INFO - Sync 1 DAGs
[2025-10-07T22:01:52.412+0000] {logging_mixin.py:188} INFO - [2025-10-07T22:01:52.412+0000] {dag.py:3954} INFO - Setting next_dagrun for example_time_delta_sensor_async to None, run_after=None
[2025-10-07T22:01:52.432+0000] {processor.py:183} INFO - Processing /home/airflow/.local/lib/python3.12/site-packages/airflow/example_dags/example_time_delta_sensor_async.py took 0.051 seconds
[2025-10-07T22:04:55.670+0000] {processor.py:161} INFO - Started process (PID=656) to work on /home/airflow/.local/lib/python3.12/site-packages/airflow/example_dags/example_time_delta_sensor_async.py
[2025-10-07T22:04:55.672+0000] {processor.py:830} INFO - Processing file /home/airflow/.local/lib/python3.12/site-packages/airflow/example_dags/example_time_delta_sensor_async.py for tasks to queue
[2025-10-07T22:04:55.674+0000] {logging_mixin.py:188} INFO - [2025-10-07T22:04:55.674+0000] {dagbag.py:545} INFO - Filling up the DagBag from /home/airflow/.local/lib/python3.12/site-packages/airflow/example_dags/example_time_delta_sensor_async.py
[2025-10-07T22:04:55.678+0000] {processor.py:840} INFO - DAG(s) 'example_time_delta_sensor_async' retrieved from /home/airflow/.local/lib/python3.12/site-packages/airflow/example_dags/example_time_delta_sensor_async.py
[2025-10-07T22:04:55.695+0000] {logging_mixin.py:188} INFO - [2025-10-07T22:04:55.695+0000] {dag.py:3096} INFO - Sync 1 DAGs
[2025-10-07T22:04:55.702+0000] {logging_mixin.py:188} INFO - [2025-10-07T22:04:55.702+0000] {dag.py:3954} INFO - Setting next_dagrun for example_time_delta_sensor_async to None, run_after=None
[2025-10-07T22:04:55.718+0000] {processor.py:183} INFO - Processing /home/airflow/.local/lib/python3.12/site-packages/airflow/example_dags/example_time_delta_sensor_async.py took 0.051 seconds
[2025-10-07T22:05:25.825+0000] {processor.py:161} INFO - Started process (PID=715) to work on /home/airflow/.local/lib/python3.12/site-packages/airflow/example_dags/example_time_delta_sensor_async.py
[2025-10-07T22:05:25.828+0000] {processor.py:830} INFO - Processing file /home/airflow/.local/lib/python3.12/site-packages/airflow/example_dags/example_time_delta_sensor_async.py for tasks to queue
[2025-10-07T22:05:25.829+0000] {logging_mixin.py:188} INFO - [2025-10-07T22:05:25.829+0000] {dagbag.py:545} INFO - Filling up the DagBag from /home/airflow/.local/lib/python3.12/site-packages/airflow/example_dags/example_time_delta_sensor_async.py
[2025-10-07T22:05:25.832+0000] {processor.py:840} INFO - DAG(s) 'example_time_delta_sensor_async' retrieved from /home/airflow/.local/lib/python3.12/site-packages/airflow/example_dags/example_time_delta_sensor_async.py
[2025-10-07T22:05:25.846+0000] {logging_mixin.py:188} INFO - [2025-10-07T22:05:25.846+0000] {dag.py:3096} INFO - Sync 1 DAGs
[2025-10-07T22:05:25.852+0000] {logging_mixin.py:188} INFO - [2025-10-07T22:05:25.852+0000] {dag.py:3954} INFO - Setting next_dagrun for example_time_delta_sensor_async to None, run_after=None
[2025-10-07T22:05:25.861+0000] {processor.py:183} INFO - Processing /home/airflow/.local/lib/python3.12/site-packages/airflow/example_dags/example_time_delta_sensor_async.py took 0.039 seconds
[2025-10-07T22:05:55.951+0000] {processor.py:161} INFO - Started process (PID=773) to work on /home/airflow/.local/lib/python3.12/site-packages/airflow/example_dags/example_time_delta_sensor_async.py
[2025-10-07T22:05:55.952+0000] {processor.py:830} INFO - Processing file /home/airflow/.local/lib/python3.12/site-packages/airflow/example_dags/example_time_delta_sensor_async.py for tasks to queue
[2025-10-07T22:05:55.953+0000] {logging_mixin.py:188} INFO - [2025-10-07T22:05:55.953+0000] {dagbag.py:545} INFO - Filling up the DagBag from /home/airflow/.local/lib/python3.12/site-packages/airflow/example_dags/example_time_delta_sensor_async.py
[2025-10-07T22:05:55.957+0000] {processor.py:840} INFO - DAG(s) 'example_time_delta_sensor_async' retrieved from /home/airflow/.local/lib/python3.12/site-packages/airflow/example_dags/example_time_delta_sensor_async.py
[2025-10-07T22:05:55.972+0000] {logging_mixin.py:188} INFO - [2025-10-07T22:05:55.972+0000] {dag.py:3096} INFO - Sync 1 DAGs
[2025-10-07T22:05:55.981+0000] {logging_mixin.py:188} INFO - [2025-10-07T22:05:55.981+0000] {dag.py:3954} INFO - Setting next_dagrun for example_time_delta_sensor_async to None, run_after=None
[2025-10-07T22:05:55.991+0000] {processor.py:183} INFO - Processing /home/airflow/.local/lib/python3.12/site-packages/airflow/example_dags/example_time_delta_sensor_async.py took 0.043 seconds
[2025-10-07T22:06:26.072+0000] {processor.py:161} INFO - Started process (PID=832) to work on /home/airflow/.local/lib/python3.12/site-packages/airflow/example_dags/example_time_delta_sensor_async.py
[2025-10-07T22:06:26.072+0000] {processor.py:830} INFO - Processing file /home/airflow/.local/lib/python3.12/site-packages/airflow/example_dags/example_time_delta_sensor_async.py for tasks to queue
[2025-10-07T22:06:26.073+0000] {logging_mixin.py:188} INFO - [2025-10-07T22:06:26.073+0000] {dagbag.py:545} INFO - Filling up the DagBag from /home/airflow/.local/lib/python3.12/site-packages/airflow/example_dags/example_time_delta_sensor_async.py
[2025-10-07T22:06:26.076+0000] {processor.py:840} INFO - DAG(s) 'example_time_delta_sensor_async' retrieved from /home/airflow/.local/lib/python3.12/site-packages/airflow/example_dags/example_time_delta_sensor_async.py
[2025-10-07T22:06:26.088+0000] {logging_mixin.py:188} INFO - [2025-10-07T22:06:26.088+0000] {dag.py:3096} INFO - Sync 1 DAGs
[2025-10-07T22:06:26.095+0000] {logging_mixin.py:188} INFO - [2025-10-07T22:06:26.095+0000] {dag.py:3954} INFO - Setting next_dagrun for example_time_delta_sensor_async to None, run_after=None
[2025-10-07T22:06:26.111+0000] {processor.py:183} INFO - Processing /home/airflow/.local/lib/python3.12/site-packages/airflow/example_dags/example_time_delta_sensor_async.py took 0.042 seconds
[2025-10-07T22:06:56.164+0000] {processor.py:161} INFO - Started process (PID=891) to work on /home/airflow/.local/lib/python3.12/site-packages/airflow/example_dags/example_time_delta_sensor_async.py
[2025-10-07T22:06:56.165+0000] {processor.py:830} INFO - Processing file /home/airflow/.local/lib/python3.12/site-packages/airflow/example_dags/example_time_delta_sensor_async.py for tasks to queue
[2025-10-07T22:06:56.167+0000] {logging_mixin.py:188} INFO - [2025-10-07T22:06:56.167+0000] {dagbag.py:545} INFO - Filling up the DagBag from /home/airflow/.local/lib/python3.12/site-packages/airflow/example_dags/example_time_delta_sensor_async.py
[2025-10-07T22:06:56.170+0000] {processor.py:840} INFO - DAG(s) 'example_time_delta_sensor_async' retrieved from /home/airflow/.local/lib/python3.12/site-packages/airflow/example_dags/example_time_delta_sensor_async.py
[2025-10-07T22:06:56.184+0000] {logging_mixin.py:188} INFO - [2025-10-07T22:06:56.184+0000] {dag.py:3096} INFO - Sync 1 DAGs
[2025-10-07T22:06:56.192+0000] {logging_mixin.py:188} INFO - [2025-10-07T22:06:56.192+0000] {dag.py:3954} INFO - Setting next_dagrun for example_time_delta_sensor_async to None, run_after=None
[2025-10-07T22:06:56.202+0000] {processor.py:183} INFO - Processing /home/airflow/.local/lib/python3.12/site-packages/airflow/example_dags/example_time_delta_sensor_async.py took 0.041 seconds
[2025-10-07T22:07:26.295+0000] {processor.py:161} INFO - Started process (PID=950) to work on /home/airflow/.local/lib/python3.12/site-packages/airflow/example_dags/example_time_delta_sensor_async.py
[2025-10-07T22:07:26.296+0000] {processor.py:830} INFO - Processing file /home/airflow/.local/lib/python3.12/site-packages/airflow/example_dags/example_time_delta_sensor_async.py for tasks to queue
[2025-10-07T22:07:26.297+0000] {logging_mixin.py:188} INFO - [2025-10-07T22:07:26.297+0000] {dagbag.py:545} INFO - Filling up the DagBag from /home/airflow/.local/lib/python3.12/site-packages/airflow/example_dags/example_time_delta_sensor_async.py
[2025-10-07T22:07:26.299+0000] {processor.py:840} INFO - DAG(s) 'example_time_delta_sensor_async' retrieved from /home/airflow/.local/lib/python3.12/site-packages/airflow/example_dags/example_time_delta_sensor_async.py
[2025-10-07T22:07:26.309+0000] {logging_mixin.py:188} INFO - [2025-10-07T22:07:26.309+0000] {dag.py:3096} INFO - Sync 1 DAGs
[2025-10-07T22:07:26.318+0000] {logging_mixin.py:188} INFO - [2025-10-07T22:07:26.318+0000] {dag.py:3954} INFO - Setting next_dagrun for example_time_delta_sensor_async to None, run_after=None
[2025-10-07T22:07:26.331+0000] {processor.py:183} INFO - Processing /home/airflow/.local/lib/python3.12/site-packages/airflow/example_dags/example_time_delta_sensor_async.py took 0.039 seconds
[2025-10-07T22:07:56.451+0000] {processor.py:161} INFO - Started process (PID=1009) to work on /home/airflow/.local/lib/python3.12/site-packages/airflow/example_dags/example_time_delta_sensor_async.py
[2025-10-07T22:07:56.452+0000] {processor.py:830} INFO - Processing file /home/airflow/.local/lib/python3.12/site-packages/airflow/example_dags/example_time_delta_sensor_async.py for tasks to queue
[2025-10-07T22:07:56.454+0000] {logging_mixin.py:188} INFO - [2025-10-07T22:07:56.454+0000] {dagbag.py:545} INFO - Filling up the DagBag from /home/airflow/.local/lib/python3.12/site-packages/airflow/example_dags/example_time_delta_sensor_async.py
[2025-10-07T22:07:56.457+0000] {processor.py:840} INFO - DAG(s) 'example_time_delta_sensor_async' retrieved from /home/airflow/.local/lib/python3.12/site-packages/airflow/example_dags/example_time_delta_sensor_async.py
[2025-10-07T22:07:56.470+0000] {logging_mixin.py:188} INFO - [2025-10-07T22:07:56.470+0000] {dag.py:3096} INFO - Sync 1 DAGs
[2025-10-07T22:07:56.480+0000] {logging_mixin.py:188} INFO - [2025-10-07T22:07:56.480+0000] {dag.py:3954} INFO - Setting next_dagrun for example_time_delta_sensor_async to None, run_after=None
[2025-10-07T22:07:56.493+0000] {processor.py:183} INFO - Processing /home/airflow/.local/lib/python3.12/site-packages/airflow/example_dags/example_time_delta_sensor_async.py took 0.045 seconds
[2025-10-07T22:08:26.568+0000] {processor.py:161} INFO - Started process (PID=1067) to work on /home/airflow/.local/lib/python3.12/site-packages/airflow/example_dags/example_time_delta_sensor_async.py
[2025-10-07T22:08:26.568+0000] {processor.py:830} INFO - Processing file /home/airflow/.local/lib/python3.12/site-packages/airflow/example_dags/example_time_delta_sensor_async.py for tasks to queue
[2025-10-07T22:08:26.569+0000] {logging_mixin.py:188} INFO - [2025-10-07T22:08:26.569+0000] {dagbag.py:545} INFO - Filling up the DagBag from /home/airflow/.local/lib/python3.12/site-packages/airflow/example_dags/example_time_delta_sensor_async.py
[2025-10-07T22:08:26.572+0000] {processor.py:840} INFO - DAG(s) 'example_time_delta_sensor_async' retrieved from /home/airflow/.local/lib/python3.12/site-packages/airflow/example_dags/example_time_delta_sensor_async.py
[2025-10-07T22:08:26.583+0000] {logging_mixin.py:188} INFO - [2025-10-07T22:08:26.583+0000] {dag.py:3096} INFO - Sync 1 DAGs
[2025-10-07T22:08:26.589+0000] {logging_mixin.py:188} INFO - [2025-10-07T22:08:26.589+0000] {dag.py:3954} INFO - Setting next_dagrun for example_time_delta_sensor_async to None, run_after=None
[2025-10-07T22:08:26.598+0000] {processor.py:183} INFO - Processing /home/airflow/.local/lib/python3.12/site-packages/airflow/example_dags/example_time_delta_sensor_async.py took 0.034 seconds
[2025-10-07T22:08:56.664+0000] {processor.py:161} INFO - Started process (PID=1126) to work on /home/airflow/.local/lib/python3.12/site-packages/airflow/example_dags/example_time_delta_sensor_async.py
[2025-10-07T22:08:56.665+0000] {processor.py:830} INFO - Processing file /home/airflow/.local/lib/python3.12/site-packages/airflow/example_dags/example_time_delta_sensor_async.py for tasks to queue
[2025-10-07T22:08:56.666+0000] {logging_mixin.py:188} INFO - [2025-10-07T22:08:56.666+0000] {dagbag.py:545} INFO - Filling up the DagBag from /home/airflow/.local/lib/python3.12/site-packages/airflow/example_dags/example_time_delta_sensor_async.py
[2025-10-07T22:08:56.668+0000] {processor.py:840} INFO - DAG(s) 'example_time_delta_sensor_async' retrieved from /home/airflow/.local/lib/python3.12/site-packages/airflow/example_dags/example_time_delta_sensor_async.py
[2025-10-07T22:08:56.682+0000] {logging_mixin.py:188} INFO - [2025-10-07T22:08:56.682+0000] {dag.py:3096} INFO - Sync 1 DAGs
[2025-10-07T22:08:56.690+0000] {logging_mixin.py:188} INFO - [2025-10-07T22:08:56.690+0000] {dag.py:3954} INFO - Setting next_dagrun for example_time_delta_sensor_async to None, run_after=None
[2025-10-07T22:08:56.699+0000] {processor.py:183} INFO - Processing /home/airflow/.local/lib/python3.12/site-packages/airflow/example_dags/example_time_delta_sensor_async.py took 0.038 seconds
[2025-10-07T22:09:26.944+0000] {processor.py:161} INFO - Started process (PID=1185) to work on /home/airflow/.local/lib/python3.12/site-packages/airflow/example_dags/example_time_delta_sensor_async.py
[2025-10-07T22:09:26.945+0000] {processor.py:830} INFO - Processing file /home/airflow/.local/lib/python3.12/site-packages/airflow/example_dags/example_time_delta_sensor_async.py for tasks to queue
[2025-10-07T22:09:26.949+0000] {logging_mixin.py:188} INFO - [2025-10-07T22:09:26.949+0000] {dagbag.py:545} INFO - Filling up the DagBag from /home/airflow/.local/lib/python3.12/site-packages/airflow/example_dags/example_time_delta_sensor_async.py
[2025-10-07T22:09:26.952+0000] {processor.py:840} INFO - DAG(s) 'example_time_delta_sensor_async' retrieved from /home/airflow/.local/lib/python3.12/site-packages/airflow/example_dags/example_time_delta_sensor_async.py
[2025-10-07T22:09:26.963+0000] {logging_mixin.py:188} INFO - [2025-10-07T22:09:26.963+0000] {dag.py:3096} INFO - Sync 1 DAGs
[2025-10-07T22:09:26.969+0000] {logging_mixin.py:188} INFO - [2025-10-07T22:09:26.969+0000] {dag.py:3954} INFO - Setting next_dagrun for example_time_delta_sensor_async to None, run_after=None
[2025-10-07T22:09:26.982+0000] {processor.py:183} INFO - Processing /home/airflow/.local/lib/python3.12/site-packages/airflow/example_dags/example_time_delta_sensor_async.py took 0.042 seconds
[2025-10-07T22:09:57.117+0000] {processor.py:161} INFO - Started process (PID=1244) to work on /home/airflow/.local/lib/python3.12/site-packages/airflow/example_dags/example_time_delta_sensor_async.py
[2025-10-07T22:09:57.118+0000] {processor.py:830} INFO - Processing file /home/airflow/.local/lib/python3.12/site-packages/airflow/example_dags/example_time_delta_sensor_async.py for tasks to queue
[2025-10-07T22:09:57.119+0000] {logging_mixin.py:188} INFO - [2025-10-07T22:09:57.119+0000] {dagbag.py:545} INFO - Filling up the DagBag from /home/airflow/.local/lib/python3.12/site-packages/airflow/example_dags/example_time_delta_sensor_async.py
[2025-10-07T22:09:57.121+0000] {processor.py:840} INFO - DAG(s) 'example_time_delta_sensor_async' retrieved from /home/airflow/.local/lib/python3.12/site-packages/airflow/example_dags/example_time_delta_sensor_async.py
[2025-10-07T22:09:57.131+0000] {logging_mixin.py:188} INFO - [2025-10-07T22:09:57.131+0000] {dag.py:3096} INFO - Sync 1 DAGs
[2025-10-07T22:09:57.137+0000] {logging_mixin.py:188} INFO - [2025-10-07T22:09:57.137+0000] {dag.py:3954} INFO - Setting next_dagrun for example_time_delta_sensor_async to None, run_after=None
[2025-10-07T22:09:57.145+0000] {processor.py:183} INFO - Processing /home/airflow/.local/lib/python3.12/site-packages/airflow/example_dags/example_time_delta_sensor_async.py took 0.031 seconds
[2025-10-07T22:10:27.302+0000] {processor.py:161} INFO - Started process (PID=1303) to work on /home/airflow/.local/lib/python3.12/site-packages/airflow/example_dags/example_time_delta_sensor_async.py
[2025-10-07T22:10:27.303+0000] {processor.py:830} INFO - Processing file /home/airflow/.local/lib/python3.12/site-packages/airflow/example_dags/example_time_delta_sensor_async.py for tasks to queue
[2025-10-07T22:10:27.304+0000] {logging_mixin.py:188} INFO - [2025-10-07T22:10:27.304+0000] {dagbag.py:545} INFO - Filling up the DagBag from /home/airflow/.local/lib/python3.12/site-packages/airflow/example_dags/example_time_delta_sensor_async.py
[2025-10-07T22:10:27.307+0000] {processor.py:840} INFO - DAG(s) 'example_time_delta_sensor_async' retrieved from /home/airflow/.local/lib/python3.12/site-packages/airflow/example_dags/example_time_delta_sensor_async.py
[2025-10-07T22:10:27.320+0000] {logging_mixin.py:188} INFO - [2025-10-07T22:10:27.320+0000] {dag.py:3096} INFO - Sync 1 DAGs
[2025-10-07T22:10:27.327+0000] {logging_mixin.py:188} INFO - [2025-10-07T22:10:27.327+0000] {dag.py:3954} INFO - Setting next_dagrun for example_time_delta_sensor_async to None, run_after=None
[2025-10-07T22:10:27.336+0000] {processor.py:183} INFO - Processing /home/airflow/.local/lib/python3.12/site-packages/airflow/example_dags/example_time_delta_sensor_async.py took 0.038 seconds
[2025-10-07T22:10:57.433+0000] {processor.py:161} INFO - Started process (PID=1362) to work on /home/airflow/.local/lib/python3.12/site-packages/airflow/example_dags/example_time_delta_sensor_async.py
[2025-10-07T22:10:57.434+0000] {processor.py:830} INFO - Processing file /home/airflow/.local/lib/python3.12/site-packages/airflow/example_dags/example_time_delta_sensor_async.py for tasks to queue
[2025-10-07T22:10:57.435+0000] {logging_mixin.py:188} INFO - [2025-10-07T22:10:57.435+0000] {dagbag.py:545} INFO - Filling up the DagBag from /home/airflow/.local/lib/python3.12/site-packages/airflow/example_dags/example_time_delta_sensor_async.py
[2025-10-07T22:10:57.438+0000] {processor.py:840} INFO - DAG(s) 'example_time_delta_sensor_async' retrieved from /home/airflow/.local/lib/python3.12/site-packages/airflow/example_dags/example_time_delta_sensor_async.py
[2025-10-07T22:10:57.450+0000] {logging_mixin.py:188} INFO - [2025-10-07T22:10:57.450+0000] {dag.py:3096} INFO - Sync 1 DAGs
[2025-10-07T22:10:57.456+0000] {logging_mixin.py:188} INFO - [2025-10-07T22:10:57.456+0000] {dag.py:3954} INFO - Setting next_dagrun for example_time_delta_sensor_async to None, run_after=None
[2025-10-07T22:10:57.465+0000] {processor.py:183} INFO - Processing /home/airflow/.local/lib/python3.12/site-packages/airflow/example_dags/example_time_delta_sensor_async.py took 0.035 seconds
[2025-10-07T22:11:27.558+0000] {processor.py:161} INFO - Started process (PID=1421) to work on /home/airflow/.local/lib/python3.12/site-packages/airflow/example_dags/example_time_delta_sensor_async.py
[2025-10-07T22:11:27.561+0000] {processor.py:830} INFO - Processing file /home/airflow/.local/lib/python3.12/site-packages/airflow/example_dags/example_time_delta_sensor_async.py for tasks to queue
[2025-10-07T22:11:27.562+0000] {logging_mixin.py:188} INFO - [2025-10-07T22:11:27.561+0000] {dagbag.py:545} INFO - Filling up the DagBag from /home/airflow/.local/lib/python3.12/site-packages/airflow/example_dags/example_time_delta_sensor_async.py
[2025-10-07T22:11:27.564+0000] {processor.py:840} INFO - DAG(s) 'example_time_delta_sensor_async' retrieved from /home/airflow/.local/lib/python3.12/site-packages/airflow/example_dags/example_time_delta_sensor_async.py
[2025-10-07T22:11:27.575+0000] {logging_mixin.py:188} INFO - [2025-10-07T22:11:27.575+0000] {dag.py:3096} INFO - Sync 1 DAGs
[2025-10-07T22:11:27.584+0000] {logging_mixin.py:188} INFO - [2025-10-07T22:11:27.584+0000] {dag.py:3954} INFO - Setting next_dagrun for example_time_delta_sensor_async to None, run_after=None
[2025-10-07T22:11:27.594+0000] {processor.py:183} INFO - Processing /home/airflow/.local/lib/python3.12/site-packages/airflow/example_dags/example_time_delta_sensor_async.py took 0.039 seconds
[2025-10-07T22:11:57.713+0000] {processor.py:161} INFO - Started process (PID=1481) to work on /home/airflow/.local/lib/python3.12/site-packages/airflow/example_dags/example_time_delta_sensor_async.py
[2025-10-07T22:11:57.714+0000] {processor.py:830} INFO - Processing file /home/airflow/.local/lib/python3.12/site-packages/airflow/example_dags/example_time_delta_sensor_async.py for tasks to queue
[2025-10-07T22:11:57.715+0000] {logging_mixin.py:188} INFO - [2025-10-07T22:11:57.715+0000] {dagbag.py:545} INFO - Filling up the DagBag from /home/airflow/.local/lib/python3.12/site-packages/airflow/example_dags/example_time_delta_sensor_async.py
[2025-10-07T22:11:57.718+0000] {processor.py:840} INFO - DAG(s) 'example_time_delta_sensor_async' retrieved from /home/airflow/.local/lib/python3.12/site-packages/airflow/example_dags/example_time_delta_sensor_async.py
[2025-10-07T22:11:57.728+0000] {logging_mixin.py:188} INFO - [2025-10-07T22:11:57.728+0000] {dag.py:3096} INFO - Sync 1 DAGs
[2025-10-07T22:11:57.734+0000] {logging_mixin.py:188} INFO - [2025-10-07T22:11:57.734+0000] {dag.py:3954} INFO - Setting next_dagrun for example_time_delta_sensor_async to None, run_after=None
[2025-10-07T22:11:57.742+0000] {processor.py:183} INFO - Processing /home/airflow/.local/lib/python3.12/site-packages/airflow/example_dags/example_time_delta_sensor_async.py took 0.032 seconds
[2025-10-07T22:12:27.927+0000] {processor.py:161} INFO - Started process (PID=1540) to work on /home/airflow/.local/lib/python3.12/site-packages/airflow/example_dags/example_time_delta_sensor_async.py
[2025-10-07T22:12:27.928+0000] {processor.py:830} INFO - Processing file /home/airflow/.local/lib/python3.12/site-packages/airflow/example_dags/example_time_delta_sensor_async.py for tasks to queue
[2025-10-07T22:12:27.929+0000] {logging_mixin.py:188} INFO - [2025-10-07T22:12:27.929+0000] {dagbag.py:545} INFO - Filling up the DagBag from /home/airflow/.local/lib/python3.12/site-packages/airflow/example_dags/example_time_delta_sensor_async.py
[2025-10-07T22:12:27.931+0000] {processor.py:840} INFO - DAG(s) 'example_time_delta_sensor_async' retrieved from /home/airflow/.local/lib/python3.12/site-packages/airflow/example_dags/example_time_delta_sensor_async.py
[2025-10-07T22:12:27.945+0000] {logging_mixin.py:188} INFO - [2025-10-07T22:12:27.945+0000] {dag.py:3096} INFO - Sync 1 DAGs
[2025-10-07T22:12:27.954+0000] {logging_mixin.py:188} INFO - [2025-10-07T22:12:27.954+0000] {dag.py:3954} INFO - Setting next_dagrun for example_time_delta_sensor_async to None, run_after=None
[2025-10-07T22:12:27.965+0000] {processor.py:183} INFO - Processing /home/airflow/.local/lib/python3.12/site-packages/airflow/example_dags/example_time_delta_sensor_async.py took 0.041 seconds
[2025-10-07T22:12:58.069+0000] {processor.py:161} INFO - Started process (PID=1599) to work on /home/airflow/.local/lib/python3.12/site-packages/airflow/example_dags/example_time_delta_sensor_async.py
[2025-10-07T22:12:58.070+0000] {processor.py:830} INFO - Processing file /home/airflow/.local/lib/python3.12/site-packages/airflow/example_dags/example_time_delta_sensor_async.py for tasks to queue
[2025-10-07T22:12:58.071+0000] {logging_mixin.py:188} INFO - [2025-10-07T22:12:58.071+0000] {dagbag.py:545} INFO - Filling up the DagBag from /home/airflow/.local/lib/python3.12/site-packages/airflow/example_dags/example_time_delta_sensor_async.py
[2025-10-07T22:12:58.074+0000] {processor.py:840} INFO - DAG(s) 'example_time_delta_sensor_async' retrieved from /home/airflow/.local/lib/python3.12/site-packages/airflow/example_dags/example_time_delta_sensor_async.py
[2025-10-07T22:12:58.084+0000] {logging_mixin.py:188} INFO - [2025-10-07T22:12:58.084+0000] {dag.py:3096} INFO - Sync 1 DAGs
[2025-10-07T22:12:58.090+0000] {logging_mixin.py:188} INFO - [2025-10-07T22:12:58.090+0000] {dag.py:3954} INFO - Setting next_dagrun for example_time_delta_sensor_async to None, run_after=None
[2025-10-07T22:12:58.099+0000] {processor.py:183} INFO - Processing /home/airflow/.local/lib/python3.12/site-packages/airflow/example_dags/example_time_delta_sensor_async.py took 0.033 seconds
[2025-10-07T22:13:28.378+0000] {processor.py:161} INFO - Started process (PID=1658) to work on /home/airflow/.local/lib/python3.12/site-packages/airflow/example_dags/example_time_delta_sensor_async.py
[2025-10-07T22:13:28.380+0000] {processor.py:830} INFO - Processing file /home/airflow/.local/lib/python3.12/site-packages/airflow/example_dags/example_time_delta_sensor_async.py for tasks to queue
[2025-10-07T22:13:28.383+0000] {logging_mixin.py:188} INFO - [2025-10-07T22:13:28.383+0000] {dagbag.py:545} INFO - Filling up the DagBag from /home/airflow/.local/lib/python3.12/site-packages/airflow/example_dags/example_time_delta_sensor_async.py
[2025-10-07T22:13:28.387+0000] {processor.py:840} INFO - DAG(s) 'example_time_delta_sensor_async' retrieved from /home/airflow/.local/lib/python3.12/site-packages/airflow/example_dags/example_time_delta_sensor_async.py
[2025-10-07T22:13:28.400+0000] {logging_mixin.py:188} INFO - [2025-10-07T22:13:28.400+0000] {dag.py:3096} INFO - Sync 1 DAGs
[2025-10-07T22:13:28.406+0000] {logging_mixin.py:188} INFO - [2025-10-07T22:13:28.406+0000] {dag.py:3954} INFO - Setting next_dagrun for example_time_delta_sensor_async to None, run_after=None
[2025-10-07T22:13:28.416+0000] {processor.py:183} INFO - Processing /home/airflow/.local/lib/python3.12/site-packages/airflow/example_dags/example_time_delta_sensor_async.py took 0.041 seconds
[2025-10-07T22:13:58.542+0000] {processor.py:161} INFO - Started process (PID=1717) to work on /home/airflow/.local/lib/python3.12/site-packages/airflow/example_dags/example_time_delta_sensor_async.py
[2025-10-07T22:13:58.542+0000] {processor.py:830} INFO - Processing file /home/airflow/.local/lib/python3.12/site-packages/airflow/example_dags/example_time_delta_sensor_async.py for tasks to queue
[2025-10-07T22:13:58.543+0000] {logging_mixin.py:188} INFO - [2025-10-07T22:13:58.543+0000] {dagbag.py:545} INFO - Filling up the DagBag from /home/airflow/.local/lib/python3.12/site-packages/airflow/example_dags/example_time_delta_sensor_async.py
[2025-10-07T22:13:58.546+0000] {processor.py:840} INFO - DAG(s) 'example_time_delta_sensor_async' retrieved from /home/airflow/.local/lib/python3.12/site-packages/airflow/example_dags/example_time_delta_sensor_async.py
[2025-10-07T22:13:58.557+0000] {logging_mixin.py:188} INFO - [2025-10-07T22:13:58.557+0000] {dag.py:3096} INFO - Sync 1 DAGs
[2025-10-07T22:13:58.563+0000] {logging_mixin.py:188} INFO - [2025-10-07T22:13:58.563+0000] {dag.py:3954} INFO - Setting next_dagrun for example_time_delta_sensor_async to None, run_after=None
[2025-10-07T22:13:58.574+0000] {processor.py:183} INFO - Processing /home/airflow/.local/lib/python3.12/site-packages/airflow/example_dags/example_time_delta_sensor_async.py took 0.036 seconds
[2025-10-07T22:14:28.924+0000] {processor.py:161} INFO - Started process (PID=1776) to work on /home/airflow/.local/lib/python3.12/site-packages/airflow/example_dags/example_time_delta_sensor_async.py
[2025-10-07T22:14:28.925+0000] {processor.py:830} INFO - Processing file /home/airflow/.local/lib/python3.12/site-packages/airflow/example_dags/example_time_delta_sensor_async.py for tasks to queue
[2025-10-07T22:14:28.926+0000] {logging_mixin.py:188} INFO - [2025-10-07T22:14:28.926+0000] {dagbag.py:545} INFO - Filling up the DagBag from /home/airflow/.local/lib/python3.12/site-packages/airflow/example_dags/example_time_delta_sensor_async.py
[2025-10-07T22:14:28.929+0000] {processor.py:840} INFO - DAG(s) 'example_time_delta_sensor_async' retrieved from /home/airflow/.local/lib/python3.12/site-packages/airflow/example_dags/example_time_delta_sensor_async.py
[2025-10-07T22:14:28.942+0000] {logging_mixin.py:188} INFO - [2025-10-07T22:14:28.941+0000] {dag.py:3096} INFO - Sync 1 DAGs
[2025-10-07T22:14:28.948+0000] {logging_mixin.py:188} INFO - [2025-10-07T22:14:28.948+0000] {dag.py:3954} INFO - Setting next_dagrun for example_time_delta_sensor_async to None, run_after=None
[2025-10-07T22:14:28.959+0000] {processor.py:183} INFO - Processing /home/airflow/.local/lib/python3.12/site-packages/airflow/example_dags/example_time_delta_sensor_async.py took 0.038 seconds
[2025-10-07T22:14:58.991+0000] {processor.py:161} INFO - Started process (PID=1834) to work on /home/airflow/.local/lib/python3.12/site-packages/airflow/example_dags/example_time_delta_sensor_async.py
[2025-10-07T22:14:58.993+0000] {processor.py:830} INFO - Processing file /home/airflow/.local/lib/python3.12/site-packages/airflow/example_dags/example_time_delta_sensor_async.py for tasks to queue
[2025-10-07T22:14:58.995+0000] {logging_mixin.py:188} INFO - [2025-10-07T22:14:58.995+0000] {dagbag.py:545} INFO - Filling up the DagBag from /home/airflow/.local/lib/python3.12/site-packages/airflow/example_dags/example_time_delta_sensor_async.py
[2025-10-07T22:14:58.998+0000] {processor.py:840} INFO - DAG(s) 'example_time_delta_sensor_async' retrieved from /home/airflow/.local/lib/python3.12/site-packages/airflow/example_dags/example_time_delta_sensor_async.py
[2025-10-07T22:14:59.015+0000] {logging_mixin.py:188} INFO - [2025-10-07T22:14:59.015+0000] {dag.py:3096} INFO - Sync 1 DAGs
[2025-10-07T22:14:59.021+0000] {logging_mixin.py:188} INFO - [2025-10-07T22:14:59.021+0000] {dag.py:3954} INFO - Setting next_dagrun for example_time_delta_sensor_async to None, run_after=None
[2025-10-07T22:14:59.033+0000] {processor.py:183} INFO - Processing /home/airflow/.local/lib/python3.12/site-packages/airflow/example_dags/example_time_delta_sensor_async.py took 0.045 seconds
[2025-10-07T22:15:29.078+0000] {processor.py:161} INFO - Started process (PID=1892) to work on /home/airflow/.local/lib/python3.12/site-packages/airflow/example_dags/example_time_delta_sensor_async.py
[2025-10-07T22:15:29.079+0000] {processor.py:830} INFO - Processing file /home/airflow/.local/lib/python3.12/site-packages/airflow/example_dags/example_time_delta_sensor_async.py for tasks to queue
[2025-10-07T22:15:29.080+0000] {logging_mixin.py:188} INFO - [2025-10-07T22:15:29.080+0000] {dagbag.py:545} INFO - Filling up the DagBag from /home/airflow/.local/lib/python3.12/site-packages/airflow/example_dags/example_time_delta_sensor_async.py
[2025-10-07T22:15:29.083+0000] {processor.py:840} INFO - DAG(s) 'example_time_delta_sensor_async' retrieved from /home/airflow/.local/lib/python3.12/site-packages/airflow/example_dags/example_time_delta_sensor_async.py
[2025-10-07T22:15:29.095+0000] {logging_mixin.py:188} INFO - [2025-10-07T22:15:29.095+0000] {dag.py:3096} INFO - Sync 1 DAGs
[2025-10-07T22:15:29.102+0000] {logging_mixin.py:188} INFO - [2025-10-07T22:15:29.101+0000] {dag.py:3954} INFO - Setting next_dagrun for example_time_delta_sensor_async to None, run_after=None
[2025-10-07T22:15:29.110+0000] {processor.py:183} INFO - Processing /home/airflow/.local/lib/python3.12/site-packages/airflow/example_dags/example_time_delta_sensor_async.py took 0.035 seconds
[2025-10-07T22:15:59.868+0000] {processor.py:161} INFO - Started process (PID=1951) to work on /home/airflow/.local/lib/python3.12/site-packages/airflow/example_dags/example_time_delta_sensor_async.py
[2025-10-07T22:15:59.868+0000] {processor.py:830} INFO - Processing file /home/airflow/.local/lib/python3.12/site-packages/airflow/example_dags/example_time_delta_sensor_async.py for tasks to queue
[2025-10-07T22:15:59.869+0000] {logging_mixin.py:188} INFO - [2025-10-07T22:15:59.869+0000] {dagbag.py:545} INFO - Filling up the DagBag from /home/airflow/.local/lib/python3.12/site-packages/airflow/example_dags/example_time_delta_sensor_async.py
[2025-10-07T22:15:59.871+0000] {processor.py:840} INFO - DAG(s) 'example_time_delta_sensor_async' retrieved from /home/airflow/.local/lib/python3.12/site-packages/airflow/example_dags/example_time_delta_sensor_async.py
[2025-10-07T22:15:59.881+0000] {logging_mixin.py:188} INFO - [2025-10-07T22:15:59.881+0000] {dag.py:3096} INFO - Sync 1 DAGs
[2025-10-07T22:15:59.886+0000] {logging_mixin.py:188} INFO - [2025-10-07T22:15:59.886+0000] {dag.py:3954} INFO - Setting next_dagrun for example_time_delta_sensor_async to None, run_after=None
[2025-10-07T22:15:59.894+0000] {processor.py:183} INFO - Processing /home/airflow/.local/lib/python3.12/site-packages/airflow/example_dags/example_time_delta_sensor_async.py took 0.029 seconds
[2025-10-07T22:16:29.961+0000] {processor.py:161} INFO - Started process (PID=2010) to work on /home/airflow/.local/lib/python3.12/site-packages/airflow/example_dags/example_time_delta_sensor_async.py
[2025-10-07T22:16:29.961+0000] {processor.py:830} INFO - Processing file /home/airflow/.local/lib/python3.12/site-packages/airflow/example_dags/example_time_delta_sensor_async.py for tasks to queue
[2025-10-07T22:16:29.964+0000] {logging_mixin.py:188} INFO - [2025-10-07T22:16:29.963+0000] {dagbag.py:545} INFO - Filling up the DagBag from /home/airflow/.local/lib/python3.12/site-packages/airflow/example_dags/example_time_delta_sensor_async.py
[2025-10-07T22:16:29.966+0000] {processor.py:840} INFO - DAG(s) 'example_time_delta_sensor_async' retrieved from /home/airflow/.local/lib/python3.12/site-packages/airflow/example_dags/example_time_delta_sensor_async.py
[2025-10-07T22:16:29.977+0000] {logging_mixin.py:188} INFO - [2025-10-07T22:16:29.977+0000] {dag.py:3096} INFO - Sync 1 DAGs
[2025-10-07T22:16:29.982+0000] {logging_mixin.py:188} INFO - [2025-10-07T22:16:29.982+0000] {dag.py:3954} INFO - Setting next_dagrun for example_time_delta_sensor_async to None, run_after=None
[2025-10-07T22:16:29.991+0000] {processor.py:183} INFO - Processing /home/airflow/.local/lib/python3.12/site-packages/airflow/example_dags/example_time_delta_sensor_async.py took 0.033 seconds
[2025-10-07T22:17:00.663+0000] {processor.py:161} INFO - Started process (PID=2069) to work on /home/airflow/.local/lib/python3.12/site-packages/airflow/example_dags/example_time_delta_sensor_async.py
[2025-10-07T22:17:00.663+0000] {processor.py:830} INFO - Processing file /home/airflow/.local/lib/python3.12/site-packages/airflow/example_dags/example_time_delta_sensor_async.py for tasks to queue
[2025-10-07T22:17:00.664+0000] {logging_mixin.py:188} INFO - [2025-10-07T22:17:00.664+0000] {dagbag.py:545} INFO - Filling up the DagBag from /home/airflow/.local/lib/python3.12/site-packages/airflow/example_dags/example_time_delta_sensor_async.py
[2025-10-07T22:17:00.667+0000] {processor.py:840} INFO - DAG(s) 'example_time_delta_sensor_async' retrieved from /home/airflow/.local/lib/python3.12/site-packages/airflow/example_dags/example_time_delta_sensor_async.py
[2025-10-07T22:17:00.677+0000] {logging_mixin.py:188} INFO - [2025-10-07T22:17:00.677+0000] {dag.py:3096} INFO - Sync 1 DAGs
[2025-10-07T22:17:00.683+0000] {logging_mixin.py:188} INFO - [2025-10-07T22:17:00.683+0000] {dag.py:3954} INFO - Setting next_dagrun for example_time_delta_sensor_async to None, run_after=None
[2025-10-07T22:17:00.696+0000] {processor.py:183} INFO - Processing /home/airflow/.local/lib/python3.12/site-packages/airflow/example_dags/example_time_delta_sensor_async.py took 0.036 seconds
[2025-10-07T22:17:31.769+0000] {processor.py:161} INFO - Started process (PID=2128) to work on /home/airflow/.local/lib/python3.12/site-packages/airflow/example_dags/example_time_delta_sensor_async.py
[2025-10-07T22:17:31.769+0000] {processor.py:830} INFO - Processing file /home/airflow/.local/lib/python3.12/site-packages/airflow/example_dags/example_time_delta_sensor_async.py for tasks to queue
[2025-10-07T22:17:31.770+0000] {logging_mixin.py:188} INFO - [2025-10-07T22:17:31.770+0000] {dagbag.py:545} INFO - Filling up the DagBag from /home/airflow/.local/lib/python3.12/site-packages/airflow/example_dags/example_time_delta_sensor_async.py
[2025-10-07T22:17:31.772+0000] {processor.py:840} INFO - DAG(s) 'example_time_delta_sensor_async' retrieved from /home/airflow/.local/lib/python3.12/site-packages/airflow/example_dags/example_time_delta_sensor_async.py
[2025-10-07T22:17:31.782+0000] {logging_mixin.py:188} INFO - [2025-10-07T22:17:31.782+0000] {dag.py:3096} INFO - Sync 1 DAGs
[2025-10-07T22:17:31.788+0000] {logging_mixin.py:188} INFO - [2025-10-07T22:17:31.788+0000] {dag.py:3954} INFO - Setting next_dagrun for example_time_delta_sensor_async to None, run_after=None
[2025-10-07T22:17:31.795+0000] {processor.py:183} INFO - Processing /home/airflow/.local/lib/python3.12/site-packages/airflow/example_dags/example_time_delta_sensor_async.py took 0.029 seconds
[2025-10-07T22:18:01.827+0000] {processor.py:161} INFO - Started process (PID=2187) to work on /home/airflow/.local/lib/python3.12/site-packages/airflow/example_dags/example_time_delta_sensor_async.py
[2025-10-07T22:18:01.827+0000] {processor.py:830} INFO - Processing file /home/airflow/.local/lib/python3.12/site-packages/airflow/example_dags/example_time_delta_sensor_async.py for tasks to queue
[2025-10-07T22:18:01.829+0000] {logging_mixin.py:188} INFO - [2025-10-07T22:18:01.828+0000] {dagbag.py:545} INFO - Filling up the DagBag from /home/airflow/.local/lib/python3.12/site-packages/airflow/example_dags/example_time_delta_sensor_async.py
[2025-10-07T22:18:01.832+0000] {processor.py:840} INFO - DAG(s) 'example_time_delta_sensor_async' retrieved from /home/airflow/.local/lib/python3.12/site-packages/airflow/example_dags/example_time_delta_sensor_async.py
[2025-10-07T22:18:01.845+0000] {logging_mixin.py:188} INFO - [2025-10-07T22:18:01.845+0000] {dag.py:3096} INFO - Sync 1 DAGs
[2025-10-07T22:18:01.855+0000] {logging_mixin.py:188} INFO - [2025-10-07T22:18:01.855+0000] {dag.py:3954} INFO - Setting next_dagrun for example_time_delta_sensor_async to None, run_after=None
[2025-10-07T22:18:01.870+0000] {processor.py:183} INFO - Processing /home/airflow/.local/lib/python3.12/site-packages/airflow/example_dags/example_time_delta_sensor_async.py took 0.047 seconds
[2025-10-07T22:18:32.026+0000] {processor.py:161} INFO - Started process (PID=2246) to work on /home/airflow/.local/lib/python3.12/site-packages/airflow/example_dags/example_time_delta_sensor_async.py
[2025-10-07T22:18:32.026+0000] {processor.py:830} INFO - Processing file /home/airflow/.local/lib/python3.12/site-packages/airflow/example_dags/example_time_delta_sensor_async.py for tasks to queue
[2025-10-07T22:18:32.027+0000] {logging_mixin.py:188} INFO - [2025-10-07T22:18:32.027+0000] {dagbag.py:545} INFO - Filling up the DagBag from /home/airflow/.local/lib/python3.12/site-packages/airflow/example_dags/example_time_delta_sensor_async.py
[2025-10-07T22:18:32.030+0000] {processor.py:840} INFO - DAG(s) 'example_time_delta_sensor_async' retrieved from /home/airflow/.local/lib/python3.12/site-packages/airflow/example_dags/example_time_delta_sensor_async.py
[2025-10-07T22:18:32.041+0000] {logging_mixin.py:188} INFO - [2025-10-07T22:18:32.041+0000] {dag.py:3096} INFO - Sync 1 DAGs
[2025-10-07T22:18:32.047+0000] {logging_mixin.py:188} INFO - [2025-10-07T22:18:32.047+0000] {dag.py:3954} INFO - Setting next_dagrun for example_time_delta_sensor_async to None, run_after=None
[2025-10-07T22:18:32.062+0000] {processor.py:183} INFO - Processing /home/airflow/.local/lib/python3.12/site-packages/airflow/example_dags/example_time_delta_sensor_async.py took 0.040 seconds
[2025-10-07T22:19:16.525+0000] {processor.py:161} INFO - Started process (PID=59) to work on /home/airflow/.local/lib/python3.12/site-packages/airflow/example_dags/example_time_delta_sensor_async.py
[2025-10-07T22:19:16.527+0000] {processor.py:830} INFO - Processing file /home/airflow/.local/lib/python3.12/site-packages/airflow/example_dags/example_time_delta_sensor_async.py for tasks to queue
[2025-10-07T22:19:16.532+0000] {logging_mixin.py:188} INFO - [2025-10-07T22:19:16.531+0000] {dagbag.py:545} INFO - Filling up the DagBag from /home/airflow/.local/lib/python3.12/site-packages/airflow/example_dags/example_time_delta_sensor_async.py
[2025-10-07T22:19:16.540+0000] {processor.py:840} INFO - DAG(s) 'example_time_delta_sensor_async' retrieved from /home/airflow/.local/lib/python3.12/site-packages/airflow/example_dags/example_time_delta_sensor_async.py
[2025-10-07T22:19:16.557+0000] {logging_mixin.py:188} INFO - [2025-10-07T22:19:16.557+0000] {dag.py:3096} INFO - Sync 1 DAGs
[2025-10-07T22:19:16.567+0000] {logging_mixin.py:188} INFO - [2025-10-07T22:19:16.567+0000] {dag.py:3954} INFO - Setting next_dagrun for example_time_delta_sensor_async to None, run_after=None
[2025-10-07T22:19:16.581+0000] {processor.py:183} INFO - Processing /home/airflow/.local/lib/python3.12/site-packages/airflow/example_dags/example_time_delta_sensor_async.py took 0.065 seconds
[2025-10-07T22:19:47.479+0000] {processor.py:161} INFO - Started process (PID=118) to work on /home/airflow/.local/lib/python3.12/site-packages/airflow/example_dags/example_time_delta_sensor_async.py
[2025-10-07T22:19:47.480+0000] {processor.py:830} INFO - Processing file /home/airflow/.local/lib/python3.12/site-packages/airflow/example_dags/example_time_delta_sensor_async.py for tasks to queue
[2025-10-07T22:19:47.481+0000] {logging_mixin.py:188} INFO - [2025-10-07T22:19:47.481+0000] {dagbag.py:545} INFO - Filling up the DagBag from /home/airflow/.local/lib/python3.12/site-packages/airflow/example_dags/example_time_delta_sensor_async.py
[2025-10-07T22:19:47.484+0000] {processor.py:840} INFO - DAG(s) 'example_time_delta_sensor_async' retrieved from /home/airflow/.local/lib/python3.12/site-packages/airflow/example_dags/example_time_delta_sensor_async.py
[2025-10-07T22:19:47.535+0000] {logging_mixin.py:188} INFO - [2025-10-07T22:19:47.535+0000] {dag.py:3096} INFO - Sync 1 DAGs
[2025-10-07T22:19:47.540+0000] {logging_mixin.py:188} INFO - [2025-10-07T22:19:47.540+0000] {dag.py:3954} INFO - Setting next_dagrun for example_time_delta_sensor_async to None, run_after=None
[2025-10-07T22:19:47.559+0000] {processor.py:183} INFO - Processing /home/airflow/.local/lib/python3.12/site-packages/airflow/example_dags/example_time_delta_sensor_async.py took 0.083 seconds
[2025-10-07T22:20:18.294+0000] {processor.py:161} INFO - Started process (PID=177) to work on /home/airflow/.local/lib/python3.12/site-packages/airflow/example_dags/example_time_delta_sensor_async.py
[2025-10-07T22:20:18.295+0000] {processor.py:830} INFO - Processing file /home/airflow/.local/lib/python3.12/site-packages/airflow/example_dags/example_time_delta_sensor_async.py for tasks to queue
[2025-10-07T22:20:18.296+0000] {logging_mixin.py:188} INFO - [2025-10-07T22:20:18.296+0000] {dagbag.py:545} INFO - Filling up the DagBag from /home/airflow/.local/lib/python3.12/site-packages/airflow/example_dags/example_time_delta_sensor_async.py
[2025-10-07T22:20:18.300+0000] {processor.py:840} INFO - DAG(s) 'example_time_delta_sensor_async' retrieved from /home/airflow/.local/lib/python3.12/site-packages/airflow/example_dags/example_time_delta_sensor_async.py
[2025-10-07T22:20:18.314+0000] {logging_mixin.py:188} INFO - [2025-10-07T22:20:18.314+0000] {dag.py:3096} INFO - Sync 1 DAGs
[2025-10-07T22:20:18.322+0000] {logging_mixin.py:188} INFO - [2025-10-07T22:20:18.321+0000] {dag.py:3954} INFO - Setting next_dagrun for example_time_delta_sensor_async to None, run_after=None
[2025-10-07T22:20:18.332+0000] {processor.py:183} INFO - Processing /home/airflow/.local/lib/python3.12/site-packages/airflow/example_dags/example_time_delta_sensor_async.py took 0.042 seconds
[2025-10-07T22:20:48.688+0000] {processor.py:161} INFO - Started process (PID=242) to work on /home/airflow/.local/lib/python3.12/site-packages/airflow/example_dags/example_time_delta_sensor_async.py
[2025-10-07T22:20:48.689+0000] {processor.py:830} INFO - Processing file /home/airflow/.local/lib/python3.12/site-packages/airflow/example_dags/example_time_delta_sensor_async.py for tasks to queue
[2025-10-07T22:20:48.690+0000] {logging_mixin.py:188} INFO - [2025-10-07T22:20:48.690+0000] {dagbag.py:545} INFO - Filling up the DagBag from /home/airflow/.local/lib/python3.12/site-packages/airflow/example_dags/example_time_delta_sensor_async.py
[2025-10-07T22:20:48.693+0000] {processor.py:840} INFO - DAG(s) 'example_time_delta_sensor_async' retrieved from /home/airflow/.local/lib/python3.12/site-packages/airflow/example_dags/example_time_delta_sensor_async.py
[2025-10-07T22:20:48.704+0000] {logging_mixin.py:188} INFO - [2025-10-07T22:20:48.704+0000] {dag.py:3096} INFO - Sync 1 DAGs
[2025-10-07T22:20:48.711+0000] {logging_mixin.py:188} INFO - [2025-10-07T22:20:48.711+0000] {dag.py:3954} INFO - Setting next_dagrun for example_time_delta_sensor_async to None, run_after=None
[2025-10-07T22:20:48.726+0000] {processor.py:183} INFO - Processing /home/airflow/.local/lib/python3.12/site-packages/airflow/example_dags/example_time_delta_sensor_async.py took 0.042 seconds
[2025-10-07T22:21:18.763+0000] {processor.py:161} INFO - Started process (PID=301) to work on /home/airflow/.local/lib/python3.12/site-packages/airflow/example_dags/example_time_delta_sensor_async.py
[2025-10-07T22:21:18.764+0000] {processor.py:830} INFO - Processing file /home/airflow/.local/lib/python3.12/site-packages/airflow/example_dags/example_time_delta_sensor_async.py for tasks to queue
[2025-10-07T22:21:18.765+0000] {logging_mixin.py:188} INFO - [2025-10-07T22:21:18.765+0000] {dagbag.py:545} INFO - Filling up the DagBag from /home/airflow/.local/lib/python3.12/site-packages/airflow/example_dags/example_time_delta_sensor_async.py
[2025-10-07T22:21:18.769+0000] {processor.py:840} INFO - DAG(s) 'example_time_delta_sensor_async' retrieved from /home/airflow/.local/lib/python3.12/site-packages/airflow/example_dags/example_time_delta_sensor_async.py
[2025-10-07T22:21:18.785+0000] {logging_mixin.py:188} INFO - [2025-10-07T22:21:18.785+0000] {dag.py:3096} INFO - Sync 1 DAGs
[2025-10-07T22:21:18.791+0000] {logging_mixin.py:188} INFO - [2025-10-07T22:21:18.791+0000] {dag.py:3954} INFO - Setting next_dagrun for example_time_delta_sensor_async to None, run_after=None
[2025-10-07T22:21:18.801+0000] {processor.py:183} INFO - Processing /home/airflow/.local/lib/python3.12/site-packages/airflow/example_dags/example_time_delta_sensor_async.py took 0.041 seconds
[2025-10-07T22:21:49.345+0000] {processor.py:161} INFO - Started process (PID=360) to work on /home/airflow/.local/lib/python3.12/site-packages/airflow/example_dags/example_time_delta_sensor_async.py
[2025-10-07T22:21:49.346+0000] {processor.py:830} INFO - Processing file /home/airflow/.local/lib/python3.12/site-packages/airflow/example_dags/example_time_delta_sensor_async.py for tasks to queue
[2025-10-07T22:21:49.347+0000] {logging_mixin.py:188} INFO - [2025-10-07T22:21:49.347+0000] {dagbag.py:545} INFO - Filling up the DagBag from /home/airflow/.local/lib/python3.12/site-packages/airflow/example_dags/example_time_delta_sensor_async.py
[2025-10-07T22:21:49.350+0000] {processor.py:840} INFO - DAG(s) 'example_time_delta_sensor_async' retrieved from /home/airflow/.local/lib/python3.12/site-packages/airflow/example_dags/example_time_delta_sensor_async.py
[2025-10-07T22:21:49.363+0000] {logging_mixin.py:188} INFO - [2025-10-07T22:21:49.363+0000] {dag.py:3096} INFO - Sync 1 DAGs
[2025-10-07T22:21:49.374+0000] {logging_mixin.py:188} INFO - [2025-10-07T22:21:49.374+0000] {dag.py:3954} INFO - Setting next_dagrun for example_time_delta_sensor_async to None, run_after=None
[2025-10-07T22:21:49.384+0000] {processor.py:183} INFO - Processing /home/airflow/.local/lib/python3.12/site-packages/airflow/example_dags/example_time_delta_sensor_async.py took 0.043 seconds
