[2025-10-07T21:54:24.566+0000] {processor.py:161} INFO - Started process (PID=59) to work on /home/airflow/.local/lib/python3.12/site-packages/airflow/example_dags/tutorial.py
[2025-10-07T21:54:24.567+0000] {processor.py:830} INFO - Processing file /home/airflow/.local/lib/python3.12/site-packages/airflow/example_dags/tutorial.py for tasks to queue
[2025-10-07T21:54:24.571+0000] {logging_mixin.py:188} INFO - [2025-10-07T21:54:24.571+0000] {dagbag.py:545} INFO - Filling up the DagBag from /home/airflow/.local/lib/python3.12/site-packages/airflow/example_dags/tutorial.py
[2025-10-07T21:54:24.583+0000] {processor.py:840} INFO - DAG(s) 'tutorial' retrieved from /home/airflow/.local/lib/python3.12/site-packages/airflow/example_dags/tutorial.py
[2025-10-07T21:54:24.603+0000] {logging_mixin.py:188} INFO - [2025-10-07T21:54:24.603+0000] {dag.py:3096} INFO - Sync 1 DAGs
[2025-10-07T21:54:24.633+0000] {logging_mixin.py:188} INFO - [2025-10-07T21:54:24.633+0000] {dag.py:3954} INFO - Setting next_dagrun for tutorial to 2025-10-06 00:00:00+00:00, run_after=2025-10-07 00:00:00+00:00
[2025-10-07T21:54:24.646+0000] {processor.py:183} INFO - Processing /home/airflow/.local/lib/python3.12/site-packages/airflow/example_dags/tutorial.py took 0.085 seconds
[2025-10-07T21:54:55.669+0000] {processor.py:161} INFO - Started process (PID=118) to work on /home/airflow/.local/lib/python3.12/site-packages/airflow/example_dags/tutorial.py
[2025-10-07T21:54:55.670+0000] {processor.py:830} INFO - Processing file /home/airflow/.local/lib/python3.12/site-packages/airflow/example_dags/tutorial.py for tasks to queue
[2025-10-07T21:54:55.672+0000] {logging_mixin.py:188} INFO - [2025-10-07T21:54:55.671+0000] {dagbag.py:545} INFO - Filling up the DagBag from /home/airflow/.local/lib/python3.12/site-packages/airflow/example_dags/tutorial.py
[2025-10-07T21:54:55.675+0000] {processor.py:840} INFO - DAG(s) 'tutorial' retrieved from /home/airflow/.local/lib/python3.12/site-packages/airflow/example_dags/tutorial.py
[2025-10-07T21:54:55.723+0000] {logging_mixin.py:188} INFO - [2025-10-07T21:54:55.723+0000] {dag.py:3096} INFO - Sync 1 DAGs
[2025-10-07T21:54:55.733+0000] {logging_mixin.py:188} INFO - [2025-10-07T21:54:55.732+0000] {dag.py:3954} INFO - Setting next_dagrun for tutorial to 2025-10-06 00:00:00+00:00, run_after=2025-10-07 00:00:00+00:00
[2025-10-07T21:54:55.744+0000] {processor.py:183} INFO - Processing /home/airflow/.local/lib/python3.12/site-packages/airflow/example_dags/tutorial.py took 0.079 seconds
[2025-10-07T21:55:26.377+0000] {processor.py:161} INFO - Started process (PID=177) to work on /home/airflow/.local/lib/python3.12/site-packages/airflow/example_dags/tutorial.py
[2025-10-07T21:55:26.378+0000] {processor.py:830} INFO - Processing file /home/airflow/.local/lib/python3.12/site-packages/airflow/example_dags/tutorial.py for tasks to queue
[2025-10-07T21:55:26.379+0000] {logging_mixin.py:188} INFO - [2025-10-07T21:55:26.379+0000] {dagbag.py:545} INFO - Filling up the DagBag from /home/airflow/.local/lib/python3.12/site-packages/airflow/example_dags/tutorial.py
[2025-10-07T21:55:26.383+0000] {processor.py:840} INFO - DAG(s) 'tutorial' retrieved from /home/airflow/.local/lib/python3.12/site-packages/airflow/example_dags/tutorial.py
[2025-10-07T21:55:26.393+0000] {logging_mixin.py:188} INFO - [2025-10-07T21:55:26.393+0000] {dag.py:3096} INFO - Sync 1 DAGs
[2025-10-07T21:55:26.404+0000] {logging_mixin.py:188} INFO - [2025-10-07T21:55:26.404+0000] {dag.py:3954} INFO - Setting next_dagrun for tutorial to 2025-10-06 00:00:00+00:00, run_after=2025-10-07 00:00:00+00:00
[2025-10-07T21:55:26.419+0000] {processor.py:183} INFO - Processing /home/airflow/.local/lib/python3.12/site-packages/airflow/example_dags/tutorial.py took 0.045 seconds
[2025-10-07T21:55:56.571+0000] {processor.py:161} INFO - Started process (PID=236) to work on /home/airflow/.local/lib/python3.12/site-packages/airflow/example_dags/tutorial.py
[2025-10-07T21:55:56.572+0000] {processor.py:830} INFO - Processing file /home/airflow/.local/lib/python3.12/site-packages/airflow/example_dags/tutorial.py for tasks to queue
[2025-10-07T21:55:56.573+0000] {logging_mixin.py:188} INFO - [2025-10-07T21:55:56.573+0000] {dagbag.py:545} INFO - Filling up the DagBag from /home/airflow/.local/lib/python3.12/site-packages/airflow/example_dags/tutorial.py
[2025-10-07T21:55:56.577+0000] {processor.py:840} INFO - DAG(s) 'tutorial' retrieved from /home/airflow/.local/lib/python3.12/site-packages/airflow/example_dags/tutorial.py
[2025-10-07T21:55:56.588+0000] {logging_mixin.py:188} INFO - [2025-10-07T21:55:56.588+0000] {dag.py:3096} INFO - Sync 1 DAGs
[2025-10-07T21:55:56.599+0000] {logging_mixin.py:188} INFO - [2025-10-07T21:55:56.599+0000] {dag.py:3954} INFO - Setting next_dagrun for tutorial to 2025-10-06 00:00:00+00:00, run_after=2025-10-07 00:00:00+00:00
[2025-10-07T21:55:56.609+0000] {processor.py:183} INFO - Processing /home/airflow/.local/lib/python3.12/site-packages/airflow/example_dags/tutorial.py took 0.041 seconds
[2025-10-07T21:56:26.694+0000] {processor.py:161} INFO - Started process (PID=295) to work on /home/airflow/.local/lib/python3.12/site-packages/airflow/example_dags/tutorial.py
[2025-10-07T21:56:26.695+0000] {processor.py:830} INFO - Processing file /home/airflow/.local/lib/python3.12/site-packages/airflow/example_dags/tutorial.py for tasks to queue
[2025-10-07T21:56:26.696+0000] {logging_mixin.py:188} INFO - [2025-10-07T21:56:26.696+0000] {dagbag.py:545} INFO - Filling up the DagBag from /home/airflow/.local/lib/python3.12/site-packages/airflow/example_dags/tutorial.py
[2025-10-07T21:56:26.700+0000] {processor.py:840} INFO - DAG(s) 'tutorial' retrieved from /home/airflow/.local/lib/python3.12/site-packages/airflow/example_dags/tutorial.py
[2025-10-07T21:56:26.711+0000] {logging_mixin.py:188} INFO - [2025-10-07T21:56:26.711+0000] {dag.py:3096} INFO - Sync 1 DAGs
[2025-10-07T21:56:26.723+0000] {logging_mixin.py:188} INFO - [2025-10-07T21:56:26.723+0000] {dag.py:3954} INFO - Setting next_dagrun for tutorial to 2025-10-06 00:00:00+00:00, run_after=2025-10-07 00:00:00+00:00
[2025-10-07T21:56:26.733+0000] {processor.py:183} INFO - Processing /home/airflow/.local/lib/python3.12/site-packages/airflow/example_dags/tutorial.py took 0.042 seconds
[2025-10-07T21:56:57.601+0000] {processor.py:161} INFO - Started process (PID=354) to work on /home/airflow/.local/lib/python3.12/site-packages/airflow/example_dags/tutorial.py
[2025-10-07T21:56:57.602+0000] {processor.py:830} INFO - Processing file /home/airflow/.local/lib/python3.12/site-packages/airflow/example_dags/tutorial.py for tasks to queue
[2025-10-07T21:56:57.603+0000] {logging_mixin.py:188} INFO - [2025-10-07T21:56:57.603+0000] {dagbag.py:545} INFO - Filling up the DagBag from /home/airflow/.local/lib/python3.12/site-packages/airflow/example_dags/tutorial.py
[2025-10-07T21:56:57.606+0000] {processor.py:840} INFO - DAG(s) 'tutorial' retrieved from /home/airflow/.local/lib/python3.12/site-packages/airflow/example_dags/tutorial.py
[2025-10-07T21:56:57.616+0000] {logging_mixin.py:188} INFO - [2025-10-07T21:56:57.616+0000] {dag.py:3096} INFO - Sync 1 DAGs
[2025-10-07T21:56:57.626+0000] {logging_mixin.py:188} INFO - [2025-10-07T21:56:57.626+0000] {dag.py:3954} INFO - Setting next_dagrun for tutorial to 2025-10-06 00:00:00+00:00, run_after=2025-10-07 00:00:00+00:00
[2025-10-07T21:56:57.633+0000] {processor.py:183} INFO - Processing /home/airflow/.local/lib/python3.12/site-packages/airflow/example_dags/tutorial.py took 0.035 seconds
[2025-10-07T21:57:27.922+0000] {processor.py:161} INFO - Started process (PID=413) to work on /home/airflow/.local/lib/python3.12/site-packages/airflow/example_dags/tutorial.py
[2025-10-07T21:57:27.924+0000] {processor.py:830} INFO - Processing file /home/airflow/.local/lib/python3.12/site-packages/airflow/example_dags/tutorial.py for tasks to queue
[2025-10-07T21:57:27.926+0000] {logging_mixin.py:188} INFO - [2025-10-07T21:57:27.926+0000] {dagbag.py:545} INFO - Filling up the DagBag from /home/airflow/.local/lib/python3.12/site-packages/airflow/example_dags/tutorial.py
[2025-10-07T21:57:27.931+0000] {processor.py:840} INFO - DAG(s) 'tutorial' retrieved from /home/airflow/.local/lib/python3.12/site-packages/airflow/example_dags/tutorial.py
[2025-10-07T21:57:27.945+0000] {logging_mixin.py:188} INFO - [2025-10-07T21:57:27.945+0000] {dag.py:3096} INFO - Sync 1 DAGs
[2025-10-07T21:57:27.959+0000] {logging_mixin.py:188} INFO - [2025-10-07T21:57:27.959+0000] {dag.py:3954} INFO - Setting next_dagrun for tutorial to 2025-10-06 00:00:00+00:00, run_after=2025-10-07 00:00:00+00:00
[2025-10-07T21:57:27.973+0000] {processor.py:183} INFO - Processing /home/airflow/.local/lib/python3.12/site-packages/airflow/example_dags/tutorial.py took 0.055 seconds
[2025-10-07T21:58:26.545+0000] {processor.py:161} INFO - Started process (PID=472) to work on /home/airflow/.local/lib/python3.12/site-packages/airflow/example_dags/tutorial.py
[2025-10-07T21:58:26.546+0000] {processor.py:830} INFO - Processing file /home/airflow/.local/lib/python3.12/site-packages/airflow/example_dags/tutorial.py for tasks to queue
[2025-10-07T21:58:26.548+0000] {logging_mixin.py:188} INFO - [2025-10-07T21:58:26.547+0000] {dagbag.py:545} INFO - Filling up the DagBag from /home/airflow/.local/lib/python3.12/site-packages/airflow/example_dags/tutorial.py
[2025-10-07T21:58:26.552+0000] {processor.py:840} INFO - DAG(s) 'tutorial' retrieved from /home/airflow/.local/lib/python3.12/site-packages/airflow/example_dags/tutorial.py
[2025-10-07T21:58:26.567+0000] {logging_mixin.py:188} INFO - [2025-10-07T21:58:26.567+0000] {dag.py:3096} INFO - Sync 1 DAGs
[2025-10-07T21:58:26.580+0000] {logging_mixin.py:188} INFO - [2025-10-07T21:58:26.580+0000] {dag.py:3954} INFO - Setting next_dagrun for tutorial to 2025-10-06 00:00:00+00:00, run_after=2025-10-07 00:00:00+00:00
[2025-10-07T21:58:26.589+0000] {processor.py:183} INFO - Processing /home/airflow/.local/lib/python3.12/site-packages/airflow/example_dags/tutorial.py took 0.047 seconds
[2025-10-07T21:59:32.322+0000] {processor.py:161} INFO - Started process (PID=531) to work on /home/airflow/.local/lib/python3.12/site-packages/airflow/example_dags/tutorial.py
[2025-10-07T21:59:32.325+0000] {processor.py:830} INFO - Processing file /home/airflow/.local/lib/python3.12/site-packages/airflow/example_dags/tutorial.py for tasks to queue
[2025-10-07T21:59:32.330+0000] {logging_mixin.py:188} INFO - [2025-10-07T21:59:32.329+0000] {dagbag.py:545} INFO - Filling up the DagBag from /home/airflow/.local/lib/python3.12/site-packages/airflow/example_dags/tutorial.py
[2025-10-07T21:59:32.340+0000] {processor.py:840} INFO - DAG(s) 'tutorial' retrieved from /home/airflow/.local/lib/python3.12/site-packages/airflow/example_dags/tutorial.py
[2025-10-07T21:59:32.397+0000] {logging_mixin.py:188} INFO - [2025-10-07T21:59:32.397+0000] {dag.py:3096} INFO - Sync 1 DAGs
[2025-10-07T21:59:32.445+0000] {logging_mixin.py:188} INFO - [2025-10-07T21:59:32.444+0000] {dag.py:3954} INFO - Setting next_dagrun for tutorial to 2025-10-06 00:00:00+00:00, run_after=2025-10-07 00:00:00+00:00
[2025-10-07T21:59:32.498+0000] {processor.py:183} INFO - Processing /home/airflow/.local/lib/python3.12/site-packages/airflow/example_dags/tutorial.py took 0.186 seconds
[2025-10-07T22:01:52.053+0000] {processor.py:161} INFO - Started process (PID=590) to work on /home/airflow/.local/lib/python3.12/site-packages/airflow/example_dags/tutorial.py
[2025-10-07T22:01:52.054+0000] {processor.py:830} INFO - Processing file /home/airflow/.local/lib/python3.12/site-packages/airflow/example_dags/tutorial.py for tasks to queue
[2025-10-07T22:01:52.055+0000] {logging_mixin.py:188} INFO - [2025-10-07T22:01:52.055+0000] {dagbag.py:545} INFO - Filling up the DagBag from /home/airflow/.local/lib/python3.12/site-packages/airflow/example_dags/tutorial.py
[2025-10-07T22:01:52.058+0000] {processor.py:840} INFO - DAG(s) 'tutorial' retrieved from /home/airflow/.local/lib/python3.12/site-packages/airflow/example_dags/tutorial.py
[2025-10-07T22:01:52.068+0000] {logging_mixin.py:188} INFO - [2025-10-07T22:01:52.068+0000] {dag.py:3096} INFO - Sync 1 DAGs
[2025-10-07T22:01:52.078+0000] {logging_mixin.py:188} INFO - [2025-10-07T22:01:52.078+0000] {dag.py:3954} INFO - Setting next_dagrun for tutorial to 2025-10-06 00:00:00+00:00, run_after=2025-10-07 00:00:00+00:00
[2025-10-07T22:01:52.087+0000] {processor.py:183} INFO - Processing /home/airflow/.local/lib/python3.12/site-packages/airflow/example_dags/tutorial.py took 0.037 seconds
[2025-10-07T22:04:55.356+0000] {processor.py:161} INFO - Started process (PID=649) to work on /home/airflow/.local/lib/python3.12/site-packages/airflow/example_dags/tutorial.py
[2025-10-07T22:04:55.357+0000] {processor.py:830} INFO - Processing file /home/airflow/.local/lib/python3.12/site-packages/airflow/example_dags/tutorial.py for tasks to queue
[2025-10-07T22:04:55.358+0000] {logging_mixin.py:188} INFO - [2025-10-07T22:04:55.358+0000] {dagbag.py:545} INFO - Filling up the DagBag from /home/airflow/.local/lib/python3.12/site-packages/airflow/example_dags/tutorial.py
[2025-10-07T22:04:55.361+0000] {processor.py:840} INFO - DAG(s) 'tutorial' retrieved from /home/airflow/.local/lib/python3.12/site-packages/airflow/example_dags/tutorial.py
[2025-10-07T22:04:55.376+0000] {logging_mixin.py:188} INFO - [2025-10-07T22:04:55.376+0000] {dag.py:3096} INFO - Sync 1 DAGs
[2025-10-07T22:04:55.393+0000] {logging_mixin.py:188} INFO - [2025-10-07T22:04:55.393+0000] {dag.py:3954} INFO - Setting next_dagrun for tutorial to 2025-10-06 00:00:00+00:00, run_after=2025-10-07 00:00:00+00:00
[2025-10-07T22:04:55.414+0000] {processor.py:183} INFO - Processing /home/airflow/.local/lib/python3.12/site-packages/airflow/example_dags/tutorial.py took 0.061 seconds
[2025-10-07T22:05:25.612+0000] {processor.py:161} INFO - Started process (PID=708) to work on /home/airflow/.local/lib/python3.12/site-packages/airflow/example_dags/tutorial.py
[2025-10-07T22:05:25.613+0000] {processor.py:830} INFO - Processing file /home/airflow/.local/lib/python3.12/site-packages/airflow/example_dags/tutorial.py for tasks to queue
[2025-10-07T22:05:25.614+0000] {logging_mixin.py:188} INFO - [2025-10-07T22:05:25.614+0000] {dagbag.py:545} INFO - Filling up the DagBag from /home/airflow/.local/lib/python3.12/site-packages/airflow/example_dags/tutorial.py
[2025-10-07T22:05:25.617+0000] {processor.py:840} INFO - DAG(s) 'tutorial' retrieved from /home/airflow/.local/lib/python3.12/site-packages/airflow/example_dags/tutorial.py
[2025-10-07T22:05:25.630+0000] {logging_mixin.py:188} INFO - [2025-10-07T22:05:25.630+0000] {dag.py:3096} INFO - Sync 1 DAGs
[2025-10-07T22:05:25.645+0000] {logging_mixin.py:188} INFO - [2025-10-07T22:05:25.645+0000] {dag.py:3954} INFO - Setting next_dagrun for tutorial to 2025-10-06 00:00:00+00:00, run_after=2025-10-07 00:00:00+00:00
[2025-10-07T22:05:25.659+0000] {processor.py:183} INFO - Processing /home/airflow/.local/lib/python3.12/site-packages/airflow/example_dags/tutorial.py took 0.050 seconds
[2025-10-07T22:05:55.759+0000] {processor.py:161} INFO - Started process (PID=767) to work on /home/airflow/.local/lib/python3.12/site-packages/airflow/example_dags/tutorial.py
[2025-10-07T22:05:55.760+0000] {processor.py:830} INFO - Processing file /home/airflow/.local/lib/python3.12/site-packages/airflow/example_dags/tutorial.py for tasks to queue
[2025-10-07T22:05:55.761+0000] {logging_mixin.py:188} INFO - [2025-10-07T22:05:55.761+0000] {dagbag.py:545} INFO - Filling up the DagBag from /home/airflow/.local/lib/python3.12/site-packages/airflow/example_dags/tutorial.py
[2025-10-07T22:05:55.764+0000] {processor.py:840} INFO - DAG(s) 'tutorial' retrieved from /home/airflow/.local/lib/python3.12/site-packages/airflow/example_dags/tutorial.py
[2025-10-07T22:05:55.774+0000] {logging_mixin.py:188} INFO - [2025-10-07T22:05:55.774+0000] {dag.py:3096} INFO - Sync 1 DAGs
[2025-10-07T22:05:55.784+0000] {logging_mixin.py:188} INFO - [2025-10-07T22:05:55.784+0000] {dag.py:3954} INFO - Setting next_dagrun for tutorial to 2025-10-06 00:00:00+00:00, run_after=2025-10-07 00:00:00+00:00
[2025-10-07T22:05:55.794+0000] {processor.py:183} INFO - Processing /home/airflow/.local/lib/python3.12/site-packages/airflow/example_dags/tutorial.py took 0.038 seconds
[2025-10-07T22:06:25.866+0000] {processor.py:161} INFO - Started process (PID=826) to work on /home/airflow/.local/lib/python3.12/site-packages/airflow/example_dags/tutorial.py
[2025-10-07T22:06:25.868+0000] {processor.py:830} INFO - Processing file /home/airflow/.local/lib/python3.12/site-packages/airflow/example_dags/tutorial.py for tasks to queue
[2025-10-07T22:06:25.870+0000] {logging_mixin.py:188} INFO - [2025-10-07T22:06:25.869+0000] {dagbag.py:545} INFO - Filling up the DagBag from /home/airflow/.local/lib/python3.12/site-packages/airflow/example_dags/tutorial.py
[2025-10-07T22:06:25.873+0000] {processor.py:840} INFO - DAG(s) 'tutorial' retrieved from /home/airflow/.local/lib/python3.12/site-packages/airflow/example_dags/tutorial.py
[2025-10-07T22:06:25.883+0000] {logging_mixin.py:188} INFO - [2025-10-07T22:06:25.883+0000] {dag.py:3096} INFO - Sync 1 DAGs
[2025-10-07T22:06:25.897+0000] {logging_mixin.py:188} INFO - [2025-10-07T22:06:25.897+0000] {dag.py:3954} INFO - Setting next_dagrun for tutorial to 2025-10-06 00:00:00+00:00, run_after=2025-10-07 00:00:00+00:00
[2025-10-07T22:06:25.910+0000] {processor.py:183} INFO - Processing /home/airflow/.local/lib/python3.12/site-packages/airflow/example_dags/tutorial.py took 0.048 seconds
[2025-10-07T22:06:55.947+0000] {processor.py:161} INFO - Started process (PID=885) to work on /home/airflow/.local/lib/python3.12/site-packages/airflow/example_dags/tutorial.py
[2025-10-07T22:06:55.948+0000] {processor.py:830} INFO - Processing file /home/airflow/.local/lib/python3.12/site-packages/airflow/example_dags/tutorial.py for tasks to queue
[2025-10-07T22:06:55.950+0000] {logging_mixin.py:188} INFO - [2025-10-07T22:06:55.950+0000] {dagbag.py:545} INFO - Filling up the DagBag from /home/airflow/.local/lib/python3.12/site-packages/airflow/example_dags/tutorial.py
[2025-10-07T22:06:55.953+0000] {processor.py:840} INFO - DAG(s) 'tutorial' retrieved from /home/airflow/.local/lib/python3.12/site-packages/airflow/example_dags/tutorial.py
[2025-10-07T22:06:55.967+0000] {logging_mixin.py:188} INFO - [2025-10-07T22:06:55.966+0000] {dag.py:3096} INFO - Sync 1 DAGs
[2025-10-07T22:06:55.977+0000] {logging_mixin.py:188} INFO - [2025-10-07T22:06:55.976+0000] {dag.py:3954} INFO - Setting next_dagrun for tutorial to 2025-10-06 00:00:00+00:00, run_after=2025-10-07 00:00:00+00:00
[2025-10-07T22:06:55.986+0000] {processor.py:183} INFO - Processing /home/airflow/.local/lib/python3.12/site-packages/airflow/example_dags/tutorial.py took 0.042 seconds
[2025-10-07T22:07:26.116+0000] {processor.py:161} INFO - Started process (PID=944) to work on /home/airflow/.local/lib/python3.12/site-packages/airflow/example_dags/tutorial.py
[2025-10-07T22:07:26.117+0000] {processor.py:830} INFO - Processing file /home/airflow/.local/lib/python3.12/site-packages/airflow/example_dags/tutorial.py for tasks to queue
[2025-10-07T22:07:26.118+0000] {logging_mixin.py:188} INFO - [2025-10-07T22:07:26.118+0000] {dagbag.py:545} INFO - Filling up the DagBag from /home/airflow/.local/lib/python3.12/site-packages/airflow/example_dags/tutorial.py
[2025-10-07T22:07:26.122+0000] {processor.py:840} INFO - DAG(s) 'tutorial' retrieved from /home/airflow/.local/lib/python3.12/site-packages/airflow/example_dags/tutorial.py
[2025-10-07T22:07:26.136+0000] {logging_mixin.py:188} INFO - [2025-10-07T22:07:26.136+0000] {dag.py:3096} INFO - Sync 1 DAGs
[2025-10-07T22:07:26.147+0000] {logging_mixin.py:188} INFO - [2025-10-07T22:07:26.146+0000] {dag.py:3954} INFO - Setting next_dagrun for tutorial to 2025-10-06 00:00:00+00:00, run_after=2025-10-07 00:00:00+00:00
[2025-10-07T22:07:26.164+0000] {processor.py:183} INFO - Processing /home/airflow/.local/lib/python3.12/site-packages/airflow/example_dags/tutorial.py took 0.051 seconds
[2025-10-07T22:07:56.223+0000] {processor.py:161} INFO - Started process (PID=1003) to work on /home/airflow/.local/lib/python3.12/site-packages/airflow/example_dags/tutorial.py
[2025-10-07T22:07:56.224+0000] {processor.py:830} INFO - Processing file /home/airflow/.local/lib/python3.12/site-packages/airflow/example_dags/tutorial.py for tasks to queue
[2025-10-07T22:07:56.225+0000] {logging_mixin.py:188} INFO - [2025-10-07T22:07:56.225+0000] {dagbag.py:545} INFO - Filling up the DagBag from /home/airflow/.local/lib/python3.12/site-packages/airflow/example_dags/tutorial.py
[2025-10-07T22:07:56.229+0000] {processor.py:840} INFO - DAG(s) 'tutorial' retrieved from /home/airflow/.local/lib/python3.12/site-packages/airflow/example_dags/tutorial.py
[2025-10-07T22:07:56.244+0000] {logging_mixin.py:188} INFO - [2025-10-07T22:07:56.243+0000] {dag.py:3096} INFO - Sync 1 DAGs
[2025-10-07T22:07:56.254+0000] {logging_mixin.py:188} INFO - [2025-10-07T22:07:56.254+0000] {dag.py:3954} INFO - Setting next_dagrun for tutorial to 2025-10-06 00:00:00+00:00, run_after=2025-10-07 00:00:00+00:00
[2025-10-07T22:07:56.268+0000] {processor.py:183} INFO - Processing /home/airflow/.local/lib/python3.12/site-packages/airflow/example_dags/tutorial.py took 0.048 seconds
[2025-10-07T22:08:26.370+0000] {processor.py:161} INFO - Started process (PID=1062) to work on /home/airflow/.local/lib/python3.12/site-packages/airflow/example_dags/tutorial.py
[2025-10-07T22:08:26.370+0000] {processor.py:830} INFO - Processing file /home/airflow/.local/lib/python3.12/site-packages/airflow/example_dags/tutorial.py for tasks to queue
[2025-10-07T22:08:26.372+0000] {logging_mixin.py:188} INFO - [2025-10-07T22:08:26.372+0000] {dagbag.py:545} INFO - Filling up the DagBag from /home/airflow/.local/lib/python3.12/site-packages/airflow/example_dags/tutorial.py
[2025-10-07T22:08:26.375+0000] {processor.py:840} INFO - DAG(s) 'tutorial' retrieved from /home/airflow/.local/lib/python3.12/site-packages/airflow/example_dags/tutorial.py
[2025-10-07T22:08:26.387+0000] {logging_mixin.py:188} INFO - [2025-10-07T22:08:26.387+0000] {dag.py:3096} INFO - Sync 1 DAGs
[2025-10-07T22:08:26.400+0000] {logging_mixin.py:188} INFO - [2025-10-07T22:08:26.400+0000] {dag.py:3954} INFO - Setting next_dagrun for tutorial to 2025-10-06 00:00:00+00:00, run_after=2025-10-07 00:00:00+00:00
[2025-10-07T22:08:26.411+0000] {processor.py:183} INFO - Processing /home/airflow/.local/lib/python3.12/site-packages/airflow/example_dags/tutorial.py took 0.044 seconds
[2025-10-07T22:08:56.506+0000] {processor.py:161} INFO - Started process (PID=1121) to work on /home/airflow/.local/lib/python3.12/site-packages/airflow/example_dags/tutorial.py
[2025-10-07T22:08:56.507+0000] {processor.py:830} INFO - Processing file /home/airflow/.local/lib/python3.12/site-packages/airflow/example_dags/tutorial.py for tasks to queue
[2025-10-07T22:08:56.509+0000] {logging_mixin.py:188} INFO - [2025-10-07T22:08:56.509+0000] {dagbag.py:545} INFO - Filling up the DagBag from /home/airflow/.local/lib/python3.12/site-packages/airflow/example_dags/tutorial.py
[2025-10-07T22:08:56.512+0000] {processor.py:840} INFO - DAG(s) 'tutorial' retrieved from /home/airflow/.local/lib/python3.12/site-packages/airflow/example_dags/tutorial.py
[2025-10-07T22:08:56.532+0000] {logging_mixin.py:188} INFO - [2025-10-07T22:08:56.532+0000] {dag.py:3096} INFO - Sync 1 DAGs
[2025-10-07T22:08:56.543+0000] {logging_mixin.py:188} INFO - [2025-10-07T22:08:56.543+0000] {dag.py:3954} INFO - Setting next_dagrun for tutorial to 2025-10-06 00:00:00+00:00, run_after=2025-10-07 00:00:00+00:00
[2025-10-07T22:08:56.553+0000] {processor.py:183} INFO - Processing /home/airflow/.local/lib/python3.12/site-packages/airflow/example_dags/tutorial.py took 0.050 seconds
[2025-10-07T22:09:26.780+0000] {processor.py:161} INFO - Started process (PID=1180) to work on /home/airflow/.local/lib/python3.12/site-packages/airflow/example_dags/tutorial.py
[2025-10-07T22:09:26.781+0000] {processor.py:830} INFO - Processing file /home/airflow/.local/lib/python3.12/site-packages/airflow/example_dags/tutorial.py for tasks to queue
[2025-10-07T22:09:26.783+0000] {logging_mixin.py:188} INFO - [2025-10-07T22:09:26.783+0000] {dagbag.py:545} INFO - Filling up the DagBag from /home/airflow/.local/lib/python3.12/site-packages/airflow/example_dags/tutorial.py
[2025-10-07T22:09:26.786+0000] {processor.py:840} INFO - DAG(s) 'tutorial' retrieved from /home/airflow/.local/lib/python3.12/site-packages/airflow/example_dags/tutorial.py
[2025-10-07T22:09:26.798+0000] {logging_mixin.py:188} INFO - [2025-10-07T22:09:26.798+0000] {dag.py:3096} INFO - Sync 1 DAGs
[2025-10-07T22:09:26.810+0000] {logging_mixin.py:188} INFO - [2025-10-07T22:09:26.810+0000] {dag.py:3954} INFO - Setting next_dagrun for tutorial to 2025-10-06 00:00:00+00:00, run_after=2025-10-07 00:00:00+00:00
[2025-10-07T22:09:26.829+0000] {processor.py:183} INFO - Processing /home/airflow/.local/lib/python3.12/site-packages/airflow/example_dags/tutorial.py took 0.052 seconds
[2025-10-07T22:09:56.968+0000] {processor.py:161} INFO - Started process (PID=1239) to work on /home/airflow/.local/lib/python3.12/site-packages/airflow/example_dags/tutorial.py
[2025-10-07T22:09:56.968+0000] {processor.py:830} INFO - Processing file /home/airflow/.local/lib/python3.12/site-packages/airflow/example_dags/tutorial.py for tasks to queue
[2025-10-07T22:09:56.970+0000] {logging_mixin.py:188} INFO - [2025-10-07T22:09:56.970+0000] {dagbag.py:545} INFO - Filling up the DagBag from /home/airflow/.local/lib/python3.12/site-packages/airflow/example_dags/tutorial.py
[2025-10-07T22:09:56.973+0000] {processor.py:840} INFO - DAG(s) 'tutorial' retrieved from /home/airflow/.local/lib/python3.12/site-packages/airflow/example_dags/tutorial.py
[2025-10-07T22:09:56.983+0000] {logging_mixin.py:188} INFO - [2025-10-07T22:09:56.983+0000] {dag.py:3096} INFO - Sync 1 DAGs
[2025-10-07T22:09:56.993+0000] {logging_mixin.py:188} INFO - [2025-10-07T22:09:56.993+0000] {dag.py:3954} INFO - Setting next_dagrun for tutorial to 2025-10-06 00:00:00+00:00, run_after=2025-10-07 00:00:00+00:00
[2025-10-07T22:09:57.003+0000] {processor.py:183} INFO - Processing /home/airflow/.local/lib/python3.12/site-packages/airflow/example_dags/tutorial.py took 0.039 seconds
[2025-10-07T22:10:27.177+0000] {processor.py:161} INFO - Started process (PID=1298) to work on /home/airflow/.local/lib/python3.12/site-packages/airflow/example_dags/tutorial.py
[2025-10-07T22:10:27.177+0000] {processor.py:830} INFO - Processing file /home/airflow/.local/lib/python3.12/site-packages/airflow/example_dags/tutorial.py for tasks to queue
[2025-10-07T22:10:27.178+0000] {logging_mixin.py:188} INFO - [2025-10-07T22:10:27.178+0000] {dagbag.py:545} INFO - Filling up the DagBag from /home/airflow/.local/lib/python3.12/site-packages/airflow/example_dags/tutorial.py
[2025-10-07T22:10:27.182+0000] {processor.py:840} INFO - DAG(s) 'tutorial' retrieved from /home/airflow/.local/lib/python3.12/site-packages/airflow/example_dags/tutorial.py
[2025-10-07T22:10:27.192+0000] {logging_mixin.py:188} INFO - [2025-10-07T22:10:27.192+0000] {dag.py:3096} INFO - Sync 1 DAGs
[2025-10-07T22:10:27.204+0000] {logging_mixin.py:188} INFO - [2025-10-07T22:10:27.204+0000] {dag.py:3954} INFO - Setting next_dagrun for tutorial to 2025-10-06 00:00:00+00:00, run_after=2025-10-07 00:00:00+00:00
[2025-10-07T22:10:27.218+0000] {processor.py:183} INFO - Processing /home/airflow/.local/lib/python3.12/site-packages/airflow/example_dags/tutorial.py took 0.045 seconds
[2025-10-07T22:10:57.300+0000] {processor.py:161} INFO - Started process (PID=1357) to work on /home/airflow/.local/lib/python3.12/site-packages/airflow/example_dags/tutorial.py
[2025-10-07T22:10:57.301+0000] {processor.py:830} INFO - Processing file /home/airflow/.local/lib/python3.12/site-packages/airflow/example_dags/tutorial.py for tasks to queue
[2025-10-07T22:10:57.303+0000] {logging_mixin.py:188} INFO - [2025-10-07T22:10:57.302+0000] {dagbag.py:545} INFO - Filling up the DagBag from /home/airflow/.local/lib/python3.12/site-packages/airflow/example_dags/tutorial.py
[2025-10-07T22:10:57.306+0000] {processor.py:840} INFO - DAG(s) 'tutorial' retrieved from /home/airflow/.local/lib/python3.12/site-packages/airflow/example_dags/tutorial.py
[2025-10-07T22:10:57.317+0000] {logging_mixin.py:188} INFO - [2025-10-07T22:10:57.317+0000] {dag.py:3096} INFO - Sync 1 DAGs
[2025-10-07T22:10:57.327+0000] {logging_mixin.py:188} INFO - [2025-10-07T22:10:57.327+0000] {dag.py:3954} INFO - Setting next_dagrun for tutorial to 2025-10-06 00:00:00+00:00, run_after=2025-10-07 00:00:00+00:00
[2025-10-07T22:10:57.338+0000] {processor.py:183} INFO - Processing /home/airflow/.local/lib/python3.12/site-packages/airflow/example_dags/tutorial.py took 0.041 seconds
[2025-10-07T22:11:27.429+0000] {processor.py:161} INFO - Started process (PID=1416) to work on /home/airflow/.local/lib/python3.12/site-packages/airflow/example_dags/tutorial.py
[2025-10-07T22:11:27.431+0000] {processor.py:830} INFO - Processing file /home/airflow/.local/lib/python3.12/site-packages/airflow/example_dags/tutorial.py for tasks to queue
[2025-10-07T22:11:27.432+0000] {logging_mixin.py:188} INFO - [2025-10-07T22:11:27.432+0000] {dagbag.py:545} INFO - Filling up the DagBag from /home/airflow/.local/lib/python3.12/site-packages/airflow/example_dags/tutorial.py
[2025-10-07T22:11:27.435+0000] {processor.py:840} INFO - DAG(s) 'tutorial' retrieved from /home/airflow/.local/lib/python3.12/site-packages/airflow/example_dags/tutorial.py
[2025-10-07T22:11:27.445+0000] {logging_mixin.py:188} INFO - [2025-10-07T22:11:27.445+0000] {dag.py:3096} INFO - Sync 1 DAGs
[2025-10-07T22:11:27.455+0000] {logging_mixin.py:188} INFO - [2025-10-07T22:11:27.455+0000] {dag.py:3954} INFO - Setting next_dagrun for tutorial to 2025-10-06 00:00:00+00:00, run_after=2025-10-07 00:00:00+00:00
[2025-10-07T22:11:27.465+0000] {processor.py:183} INFO - Processing /home/airflow/.local/lib/python3.12/site-packages/airflow/example_dags/tutorial.py took 0.039 seconds
[2025-10-07T22:11:57.520+0000] {processor.py:161} INFO - Started process (PID=1475) to work on /home/airflow/.local/lib/python3.12/site-packages/airflow/example_dags/tutorial.py
[2025-10-07T22:11:57.520+0000] {processor.py:830} INFO - Processing file /home/airflow/.local/lib/python3.12/site-packages/airflow/example_dags/tutorial.py for tasks to queue
[2025-10-07T22:11:57.521+0000] {logging_mixin.py:188} INFO - [2025-10-07T22:11:57.521+0000] {dagbag.py:545} INFO - Filling up the DagBag from /home/airflow/.local/lib/python3.12/site-packages/airflow/example_dags/tutorial.py
[2025-10-07T22:11:57.524+0000] {processor.py:840} INFO - DAG(s) 'tutorial' retrieved from /home/airflow/.local/lib/python3.12/site-packages/airflow/example_dags/tutorial.py
[2025-10-07T22:11:57.534+0000] {logging_mixin.py:188} INFO - [2025-10-07T22:11:57.533+0000] {dag.py:3096} INFO - Sync 1 DAGs
[2025-10-07T22:11:57.543+0000] {logging_mixin.py:188} INFO - [2025-10-07T22:11:57.543+0000] {dag.py:3954} INFO - Setting next_dagrun for tutorial to 2025-10-06 00:00:00+00:00, run_after=2025-10-07 00:00:00+00:00
[2025-10-07T22:11:57.551+0000] {processor.py:183} INFO - Processing /home/airflow/.local/lib/python3.12/site-packages/airflow/example_dags/tutorial.py took 0.034 seconds
[2025-10-07T22:12:27.732+0000] {processor.py:161} INFO - Started process (PID=1534) to work on /home/airflow/.local/lib/python3.12/site-packages/airflow/example_dags/tutorial.py
[2025-10-07T22:12:27.737+0000] {processor.py:830} INFO - Processing file /home/airflow/.local/lib/python3.12/site-packages/airflow/example_dags/tutorial.py for tasks to queue
[2025-10-07T22:12:27.738+0000] {logging_mixin.py:188} INFO - [2025-10-07T22:12:27.737+0000] {dagbag.py:545} INFO - Filling up the DagBag from /home/airflow/.local/lib/python3.12/site-packages/airflow/example_dags/tutorial.py
[2025-10-07T22:12:27.741+0000] {processor.py:840} INFO - DAG(s) 'tutorial' retrieved from /home/airflow/.local/lib/python3.12/site-packages/airflow/example_dags/tutorial.py
[2025-10-07T22:12:27.754+0000] {logging_mixin.py:188} INFO - [2025-10-07T22:12:27.754+0000] {dag.py:3096} INFO - Sync 1 DAGs
[2025-10-07T22:12:27.765+0000] {logging_mixin.py:188} INFO - [2025-10-07T22:12:27.765+0000] {dag.py:3954} INFO - Setting next_dagrun for tutorial to 2025-10-06 00:00:00+00:00, run_after=2025-10-07 00:00:00+00:00
[2025-10-07T22:12:27.775+0000] {processor.py:183} INFO - Processing /home/airflow/.local/lib/python3.12/site-packages/airflow/example_dags/tutorial.py took 0.046 seconds
[2025-10-07T22:12:57.878+0000] {processor.py:161} INFO - Started process (PID=1593) to work on /home/airflow/.local/lib/python3.12/site-packages/airflow/example_dags/tutorial.py
[2025-10-07T22:12:57.879+0000] {processor.py:830} INFO - Processing file /home/airflow/.local/lib/python3.12/site-packages/airflow/example_dags/tutorial.py for tasks to queue
[2025-10-07T22:12:57.880+0000] {logging_mixin.py:188} INFO - [2025-10-07T22:12:57.880+0000] {dagbag.py:545} INFO - Filling up the DagBag from /home/airflow/.local/lib/python3.12/site-packages/airflow/example_dags/tutorial.py
[2025-10-07T22:12:57.883+0000] {processor.py:840} INFO - DAG(s) 'tutorial' retrieved from /home/airflow/.local/lib/python3.12/site-packages/airflow/example_dags/tutorial.py
[2025-10-07T22:12:57.899+0000] {logging_mixin.py:188} INFO - [2025-10-07T22:12:57.899+0000] {dag.py:3096} INFO - Sync 1 DAGs
[2025-10-07T22:12:57.910+0000] {logging_mixin.py:188} INFO - [2025-10-07T22:12:57.910+0000] {dag.py:3954} INFO - Setting next_dagrun for tutorial to 2025-10-06 00:00:00+00:00, run_after=2025-10-07 00:00:00+00:00
[2025-10-07T22:12:57.919+0000] {processor.py:183} INFO - Processing /home/airflow/.local/lib/python3.12/site-packages/airflow/example_dags/tutorial.py took 0.044 seconds
[2025-10-07T22:13:28.189+0000] {processor.py:161} INFO - Started process (PID=1652) to work on /home/airflow/.local/lib/python3.12/site-packages/airflow/example_dags/tutorial.py
[2025-10-07T22:13:28.193+0000] {processor.py:830} INFO - Processing file /home/airflow/.local/lib/python3.12/site-packages/airflow/example_dags/tutorial.py for tasks to queue
[2025-10-07T22:13:28.194+0000] {logging_mixin.py:188} INFO - [2025-10-07T22:13:28.194+0000] {dagbag.py:545} INFO - Filling up the DagBag from /home/airflow/.local/lib/python3.12/site-packages/airflow/example_dags/tutorial.py
[2025-10-07T22:13:28.197+0000] {processor.py:840} INFO - DAG(s) 'tutorial' retrieved from /home/airflow/.local/lib/python3.12/site-packages/airflow/example_dags/tutorial.py
[2025-10-07T22:13:28.208+0000] {logging_mixin.py:188} INFO - [2025-10-07T22:13:28.208+0000] {dag.py:3096} INFO - Sync 1 DAGs
[2025-10-07T22:13:28.219+0000] {logging_mixin.py:188} INFO - [2025-10-07T22:13:28.219+0000] {dag.py:3954} INFO - Setting next_dagrun for tutorial to 2025-10-06 00:00:00+00:00, run_after=2025-10-07 00:00:00+00:00
[2025-10-07T22:13:28.228+0000] {processor.py:183} INFO - Processing /home/airflow/.local/lib/python3.12/site-packages/airflow/example_dags/tutorial.py took 0.042 seconds
[2025-10-07T22:13:58.361+0000] {processor.py:161} INFO - Started process (PID=1711) to work on /home/airflow/.local/lib/python3.12/site-packages/airflow/example_dags/tutorial.py
[2025-10-07T22:13:58.364+0000] {processor.py:830} INFO - Processing file /home/airflow/.local/lib/python3.12/site-packages/airflow/example_dags/tutorial.py for tasks to queue
[2025-10-07T22:13:58.365+0000] {logging_mixin.py:188} INFO - [2025-10-07T22:13:58.365+0000] {dagbag.py:545} INFO - Filling up the DagBag from /home/airflow/.local/lib/python3.12/site-packages/airflow/example_dags/tutorial.py
[2025-10-07T22:13:58.368+0000] {processor.py:840} INFO - DAG(s) 'tutorial' retrieved from /home/airflow/.local/lib/python3.12/site-packages/airflow/example_dags/tutorial.py
[2025-10-07T22:13:58.378+0000] {logging_mixin.py:188} INFO - [2025-10-07T22:13:58.378+0000] {dag.py:3096} INFO - Sync 1 DAGs
[2025-10-07T22:13:58.388+0000] {logging_mixin.py:188} INFO - [2025-10-07T22:13:58.388+0000] {dag.py:3954} INFO - Setting next_dagrun for tutorial to 2025-10-06 00:00:00+00:00, run_after=2025-10-07 00:00:00+00:00
[2025-10-07T22:13:58.398+0000] {processor.py:183} INFO - Processing /home/airflow/.local/lib/python3.12/site-packages/airflow/example_dags/tutorial.py took 0.041 seconds
[2025-10-07T22:14:28.538+0000] {processor.py:161} INFO - Started process (PID=1770) to work on /home/airflow/.local/lib/python3.12/site-packages/airflow/example_dags/tutorial.py
[2025-10-07T22:14:28.538+0000] {processor.py:830} INFO - Processing file /home/airflow/.local/lib/python3.12/site-packages/airflow/example_dags/tutorial.py for tasks to queue
[2025-10-07T22:14:28.539+0000] {logging_mixin.py:188} INFO - [2025-10-07T22:14:28.539+0000] {dagbag.py:545} INFO - Filling up the DagBag from /home/airflow/.local/lib/python3.12/site-packages/airflow/example_dags/tutorial.py
[2025-10-07T22:14:28.542+0000] {processor.py:840} INFO - DAG(s) 'tutorial' retrieved from /home/airflow/.local/lib/python3.12/site-packages/airflow/example_dags/tutorial.py
[2025-10-07T22:14:28.551+0000] {logging_mixin.py:188} INFO - [2025-10-07T22:14:28.551+0000] {dag.py:3096} INFO - Sync 1 DAGs
[2025-10-07T22:14:28.561+0000] {logging_mixin.py:188} INFO - [2025-10-07T22:14:28.561+0000] {dag.py:3954} INFO - Setting next_dagrun for tutorial to 2025-10-06 00:00:00+00:00, run_after=2025-10-07 00:00:00+00:00
[2025-10-07T22:14:28.645+0000] {processor.py:183} INFO - Processing /home/airflow/.local/lib/python3.12/site-packages/airflow/example_dags/tutorial.py took 0.110 seconds
[2025-10-07T22:14:58.693+0000] {processor.py:161} INFO - Started process (PID=1829) to work on /home/airflow/.local/lib/python3.12/site-packages/airflow/example_dags/tutorial.py
[2025-10-07T22:14:58.693+0000] {processor.py:830} INFO - Processing file /home/airflow/.local/lib/python3.12/site-packages/airflow/example_dags/tutorial.py for tasks to queue
[2025-10-07T22:14:58.695+0000] {logging_mixin.py:188} INFO - [2025-10-07T22:14:58.694+0000] {dagbag.py:545} INFO - Filling up the DagBag from /home/airflow/.local/lib/python3.12/site-packages/airflow/example_dags/tutorial.py
[2025-10-07T22:14:58.699+0000] {processor.py:840} INFO - DAG(s) 'tutorial' retrieved from /home/airflow/.local/lib/python3.12/site-packages/airflow/example_dags/tutorial.py
[2025-10-07T22:14:58.714+0000] {logging_mixin.py:188} INFO - [2025-10-07T22:14:58.714+0000] {dag.py:3096} INFO - Sync 1 DAGs
[2025-10-07T22:14:58.725+0000] {logging_mixin.py:188} INFO - [2025-10-07T22:14:58.725+0000] {dag.py:3954} INFO - Setting next_dagrun for tutorial to 2025-10-06 00:00:00+00:00, run_after=2025-10-07 00:00:00+00:00
[2025-10-07T22:14:58.830+0000] {processor.py:183} INFO - Processing /home/airflow/.local/lib/python3.12/site-packages/airflow/example_dags/tutorial.py took 0.142 seconds
[2025-10-07T22:15:28.989+0000] {processor.py:161} INFO - Started process (PID=1889) to work on /home/airflow/.local/lib/python3.12/site-packages/airflow/example_dags/tutorial.py
[2025-10-07T22:15:28.993+0000] {processor.py:830} INFO - Processing file /home/airflow/.local/lib/python3.12/site-packages/airflow/example_dags/tutorial.py for tasks to queue
[2025-10-07T22:15:28.994+0000] {logging_mixin.py:188} INFO - [2025-10-07T22:15:28.993+0000] {dagbag.py:545} INFO - Filling up the DagBag from /home/airflow/.local/lib/python3.12/site-packages/airflow/example_dags/tutorial.py
[2025-10-07T22:15:28.997+0000] {processor.py:840} INFO - DAG(s) 'tutorial' retrieved from /home/airflow/.local/lib/python3.12/site-packages/airflow/example_dags/tutorial.py
[2025-10-07T22:15:29.009+0000] {logging_mixin.py:188} INFO - [2025-10-07T22:15:29.008+0000] {dag.py:3096} INFO - Sync 1 DAGs
[2025-10-07T22:15:29.020+0000] {logging_mixin.py:188} INFO - [2025-10-07T22:15:29.019+0000] {dag.py:3954} INFO - Setting next_dagrun for tutorial to 2025-10-06 00:00:00+00:00, run_after=2025-10-07 00:00:00+00:00
[2025-10-07T22:15:29.030+0000] {processor.py:183} INFO - Processing /home/airflow/.local/lib/python3.12/site-packages/airflow/example_dags/tutorial.py took 0.044 seconds
[2025-10-07T22:15:59.721+0000] {processor.py:161} INFO - Started process (PID=1947) to work on /home/airflow/.local/lib/python3.12/site-packages/airflow/example_dags/tutorial.py
[2025-10-07T22:15:59.721+0000] {processor.py:830} INFO - Processing file /home/airflow/.local/lib/python3.12/site-packages/airflow/example_dags/tutorial.py for tasks to queue
[2025-10-07T22:15:59.722+0000] {logging_mixin.py:188} INFO - [2025-10-07T22:15:59.722+0000] {dagbag.py:545} INFO - Filling up the DagBag from /home/airflow/.local/lib/python3.12/site-packages/airflow/example_dags/tutorial.py
[2025-10-07T22:15:59.725+0000] {processor.py:840} INFO - DAG(s) 'tutorial' retrieved from /home/airflow/.local/lib/python3.12/site-packages/airflow/example_dags/tutorial.py
[2025-10-07T22:15:59.738+0000] {logging_mixin.py:188} INFO - [2025-10-07T22:15:59.737+0000] {dag.py:3096} INFO - Sync 1 DAGs
[2025-10-07T22:15:59.750+0000] {logging_mixin.py:188} INFO - [2025-10-07T22:15:59.750+0000] {dag.py:3954} INFO - Setting next_dagrun for tutorial to 2025-10-06 00:00:00+00:00, run_after=2025-10-07 00:00:00+00:00
[2025-10-07T22:15:59.760+0000] {processor.py:183} INFO - Processing /home/airflow/.local/lib/python3.12/site-packages/airflow/example_dags/tutorial.py took 0.042 seconds
[2025-10-07T22:16:29.860+0000] {processor.py:161} INFO - Started process (PID=2006) to work on /home/airflow/.local/lib/python3.12/site-packages/airflow/example_dags/tutorial.py
[2025-10-07T22:16:29.860+0000] {processor.py:830} INFO - Processing file /home/airflow/.local/lib/python3.12/site-packages/airflow/example_dags/tutorial.py for tasks to queue
[2025-10-07T22:16:29.861+0000] {logging_mixin.py:188} INFO - [2025-10-07T22:16:29.861+0000] {dagbag.py:545} INFO - Filling up the DagBag from /home/airflow/.local/lib/python3.12/site-packages/airflow/example_dags/tutorial.py
[2025-10-07T22:16:29.865+0000] {processor.py:840} INFO - DAG(s) 'tutorial' retrieved from /home/airflow/.local/lib/python3.12/site-packages/airflow/example_dags/tutorial.py
[2025-10-07T22:16:29.875+0000] {logging_mixin.py:188} INFO - [2025-10-07T22:16:29.875+0000] {dag.py:3096} INFO - Sync 1 DAGs
[2025-10-07T22:16:29.886+0000] {logging_mixin.py:188} INFO - [2025-10-07T22:16:29.886+0000] {dag.py:3954} INFO - Setting next_dagrun for tutorial to 2025-10-06 00:00:00+00:00, run_after=2025-10-07 00:00:00+00:00
[2025-10-07T22:16:29.895+0000] {processor.py:183} INFO - Processing /home/airflow/.local/lib/python3.12/site-packages/airflow/example_dags/tutorial.py took 0.038 seconds
[2025-10-07T22:17:00.559+0000] {processor.py:161} INFO - Started process (PID=2065) to work on /home/airflow/.local/lib/python3.12/site-packages/airflow/example_dags/tutorial.py
[2025-10-07T22:17:00.560+0000] {processor.py:830} INFO - Processing file /home/airflow/.local/lib/python3.12/site-packages/airflow/example_dags/tutorial.py for tasks to queue
[2025-10-07T22:17:00.561+0000] {logging_mixin.py:188} INFO - [2025-10-07T22:17:00.561+0000] {dagbag.py:545} INFO - Filling up the DagBag from /home/airflow/.local/lib/python3.12/site-packages/airflow/example_dags/tutorial.py
[2025-10-07T22:17:00.564+0000] {processor.py:840} INFO - DAG(s) 'tutorial' retrieved from /home/airflow/.local/lib/python3.12/site-packages/airflow/example_dags/tutorial.py
[2025-10-07T22:17:00.578+0000] {logging_mixin.py:188} INFO - [2025-10-07T22:17:00.577+0000] {dag.py:3096} INFO - Sync 1 DAGs
[2025-10-07T22:17:00.588+0000] {logging_mixin.py:188} INFO - [2025-10-07T22:17:00.588+0000] {dag.py:3954} INFO - Setting next_dagrun for tutorial to 2025-10-06 00:00:00+00:00, run_after=2025-10-07 00:00:00+00:00
[2025-10-07T22:17:00.599+0000] {processor.py:183} INFO - Processing /home/airflow/.local/lib/python3.12/site-packages/airflow/example_dags/tutorial.py took 0.043 seconds
[2025-10-07T22:17:31.630+0000] {processor.py:161} INFO - Started process (PID=2124) to work on /home/airflow/.local/lib/python3.12/site-packages/airflow/example_dags/tutorial.py
[2025-10-07T22:17:31.630+0000] {processor.py:830} INFO - Processing file /home/airflow/.local/lib/python3.12/site-packages/airflow/example_dags/tutorial.py for tasks to queue
[2025-10-07T22:17:31.631+0000] {logging_mixin.py:188} INFO - [2025-10-07T22:17:31.631+0000] {dagbag.py:545} INFO - Filling up the DagBag from /home/airflow/.local/lib/python3.12/site-packages/airflow/example_dags/tutorial.py
[2025-10-07T22:17:31.634+0000] {processor.py:840} INFO - DAG(s) 'tutorial' retrieved from /home/airflow/.local/lib/python3.12/site-packages/airflow/example_dags/tutorial.py
[2025-10-07T22:17:31.644+0000] {logging_mixin.py:188} INFO - [2025-10-07T22:17:31.644+0000] {dag.py:3096} INFO - Sync 1 DAGs
[2025-10-07T22:17:31.653+0000] {logging_mixin.py:188} INFO - [2025-10-07T22:17:31.653+0000] {dag.py:3954} INFO - Setting next_dagrun for tutorial to 2025-10-06 00:00:00+00:00, run_after=2025-10-07 00:00:00+00:00
[2025-10-07T22:17:31.660+0000] {processor.py:183} INFO - Processing /home/airflow/.local/lib/python3.12/site-packages/airflow/example_dags/tutorial.py took 0.033 seconds
[2025-10-07T22:18:01.704+0000] {processor.py:161} INFO - Started process (PID=2183) to work on /home/airflow/.local/lib/python3.12/site-packages/airflow/example_dags/tutorial.py
[2025-10-07T22:18:01.705+0000] {processor.py:830} INFO - Processing file /home/airflow/.local/lib/python3.12/site-packages/airflow/example_dags/tutorial.py for tasks to queue
[2025-10-07T22:18:01.706+0000] {logging_mixin.py:188} INFO - [2025-10-07T22:18:01.706+0000] {dagbag.py:545} INFO - Filling up the DagBag from /home/airflow/.local/lib/python3.12/site-packages/airflow/example_dags/tutorial.py
[2025-10-07T22:18:01.709+0000] {processor.py:840} INFO - DAG(s) 'tutorial' retrieved from /home/airflow/.local/lib/python3.12/site-packages/airflow/example_dags/tutorial.py
[2025-10-07T22:18:01.720+0000] {logging_mixin.py:188} INFO - [2025-10-07T22:18:01.719+0000] {dag.py:3096} INFO - Sync 1 DAGs
[2025-10-07T22:18:01.730+0000] {logging_mixin.py:188} INFO - [2025-10-07T22:18:01.730+0000] {dag.py:3954} INFO - Setting next_dagrun for tutorial to 2025-10-06 00:00:00+00:00, run_after=2025-10-07 00:00:00+00:00
[2025-10-07T22:18:01.741+0000] {processor.py:183} INFO - Processing /home/airflow/.local/lib/python3.12/site-packages/airflow/example_dags/tutorial.py took 0.040 seconds
[2025-10-07T22:18:31.878+0000] {processor.py:161} INFO - Started process (PID=2242) to work on /home/airflow/.local/lib/python3.12/site-packages/airflow/example_dags/tutorial.py
[2025-10-07T22:18:31.879+0000] {processor.py:830} INFO - Processing file /home/airflow/.local/lib/python3.12/site-packages/airflow/example_dags/tutorial.py for tasks to queue
[2025-10-07T22:18:31.880+0000] {logging_mixin.py:188} INFO - [2025-10-07T22:18:31.880+0000] {dagbag.py:545} INFO - Filling up the DagBag from /home/airflow/.local/lib/python3.12/site-packages/airflow/example_dags/tutorial.py
[2025-10-07T22:18:31.883+0000] {processor.py:840} INFO - DAG(s) 'tutorial' retrieved from /home/airflow/.local/lib/python3.12/site-packages/airflow/example_dags/tutorial.py
[2025-10-07T22:18:31.895+0000] {logging_mixin.py:188} INFO - [2025-10-07T22:18:31.895+0000] {dag.py:3096} INFO - Sync 1 DAGs
[2025-10-07T22:18:31.905+0000] {logging_mixin.py:188} INFO - [2025-10-07T22:18:31.905+0000] {dag.py:3954} INFO - Setting next_dagrun for tutorial to 2025-10-06 00:00:00+00:00, run_after=2025-10-07 00:00:00+00:00
[2025-10-07T22:18:31.916+0000] {processor.py:183} INFO - Processing /home/airflow/.local/lib/python3.12/site-packages/airflow/example_dags/tutorial.py took 0.041 seconds
[2025-10-07T22:19:16.081+0000] {processor.py:161} INFO - Started process (PID=52) to work on /home/airflow/.local/lib/python3.12/site-packages/airflow/example_dags/tutorial.py
[2025-10-07T22:19:16.084+0000] {processor.py:830} INFO - Processing file /home/airflow/.local/lib/python3.12/site-packages/airflow/example_dags/tutorial.py for tasks to queue
[2025-10-07T22:19:16.085+0000] {logging_mixin.py:188} INFO - [2025-10-07T22:19:16.085+0000] {dagbag.py:545} INFO - Filling up the DagBag from /home/airflow/.local/lib/python3.12/site-packages/airflow/example_dags/tutorial.py
[2025-10-07T22:19:16.092+0000] {processor.py:840} INFO - DAG(s) 'tutorial' retrieved from /home/airflow/.local/lib/python3.12/site-packages/airflow/example_dags/tutorial.py
[2025-10-07T22:19:16.100+0000] {logging_mixin.py:188} INFO - [2025-10-07T22:19:16.100+0000] {dag.py:3096} INFO - Sync 1 DAGs
[2025-10-07T22:19:16.125+0000] {logging_mixin.py:188} INFO - [2025-10-07T22:19:16.125+0000] {dag.py:3954} INFO - Setting next_dagrun for tutorial to 2025-10-06 00:00:00+00:00, run_after=2025-10-07 00:00:00+00:00
[2025-10-07T22:19:16.139+0000] {processor.py:183} INFO - Processing /home/airflow/.local/lib/python3.12/site-packages/airflow/example_dags/tutorial.py took 0.061 seconds
[2025-10-07T22:19:47.056+0000] {processor.py:161} INFO - Started process (PID=111) to work on /home/airflow/.local/lib/python3.12/site-packages/airflow/example_dags/tutorial.py
[2025-10-07T22:19:47.057+0000] {processor.py:830} INFO - Processing file /home/airflow/.local/lib/python3.12/site-packages/airflow/example_dags/tutorial.py for tasks to queue
[2025-10-07T22:19:47.058+0000] {logging_mixin.py:188} INFO - [2025-10-07T22:19:47.058+0000] {dagbag.py:545} INFO - Filling up the DagBag from /home/airflow/.local/lib/python3.12/site-packages/airflow/example_dags/tutorial.py
[2025-10-07T22:19:47.061+0000] {processor.py:840} INFO - DAG(s) 'tutorial' retrieved from /home/airflow/.local/lib/python3.12/site-packages/airflow/example_dags/tutorial.py
[2025-10-07T22:19:47.116+0000] {logging_mixin.py:188} INFO - [2025-10-07T22:19:47.116+0000] {dag.py:3096} INFO - Sync 1 DAGs
[2025-10-07T22:19:47.128+0000] {logging_mixin.py:188} INFO - [2025-10-07T22:19:47.127+0000] {dag.py:3954} INFO - Setting next_dagrun for tutorial to 2025-10-06 00:00:00+00:00, run_after=2025-10-07 00:00:00+00:00
[2025-10-07T22:19:47.136+0000] {processor.py:183} INFO - Processing /home/airflow/.local/lib/python3.12/site-packages/airflow/example_dags/tutorial.py took 0.082 seconds
[2025-10-07T22:20:18.005+0000] {processor.py:161} INFO - Started process (PID=170) to work on /home/airflow/.local/lib/python3.12/site-packages/airflow/example_dags/tutorial.py
[2025-10-07T22:20:18.008+0000] {processor.py:830} INFO - Processing file /home/airflow/.local/lib/python3.12/site-packages/airflow/example_dags/tutorial.py for tasks to queue
[2025-10-07T22:20:18.010+0000] {logging_mixin.py:188} INFO - [2025-10-07T22:20:18.009+0000] {dagbag.py:545} INFO - Filling up the DagBag from /home/airflow/.local/lib/python3.12/site-packages/airflow/example_dags/tutorial.py
[2025-10-07T22:20:18.016+0000] {processor.py:840} INFO - DAG(s) 'tutorial' retrieved from /home/airflow/.local/lib/python3.12/site-packages/airflow/example_dags/tutorial.py
[2025-10-07T22:20:18.028+0000] {logging_mixin.py:188} INFO - [2025-10-07T22:20:18.028+0000] {dag.py:3096} INFO - Sync 1 DAGs
[2025-10-07T22:20:18.039+0000] {logging_mixin.py:188} INFO - [2025-10-07T22:20:18.039+0000] {dag.py:3954} INFO - Setting next_dagrun for tutorial to 2025-10-06 00:00:00+00:00, run_after=2025-10-07 00:00:00+00:00
[2025-10-07T22:20:18.054+0000] {processor.py:183} INFO - Processing /home/airflow/.local/lib/python3.12/site-packages/airflow/example_dags/tutorial.py took 0.052 seconds
[2025-10-07T22:20:48.389+0000] {processor.py:161} INFO - Started process (PID=229) to work on /home/airflow/.local/lib/python3.12/site-packages/airflow/example_dags/tutorial.py
[2025-10-07T22:20:48.390+0000] {processor.py:830} INFO - Processing file /home/airflow/.local/lib/python3.12/site-packages/airflow/example_dags/tutorial.py for tasks to queue
[2025-10-07T22:20:48.391+0000] {logging_mixin.py:188} INFO - [2025-10-07T22:20:48.391+0000] {dagbag.py:545} INFO - Filling up the DagBag from /home/airflow/.local/lib/python3.12/site-packages/airflow/example_dags/tutorial.py
[2025-10-07T22:20:48.395+0000] {processor.py:840} INFO - DAG(s) 'tutorial' retrieved from /home/airflow/.local/lib/python3.12/site-packages/airflow/example_dags/tutorial.py
[2025-10-07T22:20:48.408+0000] {logging_mixin.py:188} INFO - [2025-10-07T22:20:48.408+0000] {dag.py:3096} INFO - Sync 1 DAGs
[2025-10-07T22:20:48.420+0000] {logging_mixin.py:188} INFO - [2025-10-07T22:20:48.420+0000] {dag.py:3954} INFO - Setting next_dagrun for tutorial to 2025-10-06 00:00:00+00:00, run_after=2025-10-07 00:00:00+00:00
[2025-10-07T22:20:48.434+0000] {processor.py:183} INFO - Processing /home/airflow/.local/lib/python3.12/site-packages/airflow/example_dags/tutorial.py took 0.048 seconds
[2025-10-07T22:21:18.483+0000] {processor.py:161} INFO - Started process (PID=288) to work on /home/airflow/.local/lib/python3.12/site-packages/airflow/example_dags/tutorial.py
[2025-10-07T22:21:18.483+0000] {processor.py:830} INFO - Processing file /home/airflow/.local/lib/python3.12/site-packages/airflow/example_dags/tutorial.py for tasks to queue
[2025-10-07T22:21:18.485+0000] {logging_mixin.py:188} INFO - [2025-10-07T22:21:18.484+0000] {dagbag.py:545} INFO - Filling up the DagBag from /home/airflow/.local/lib/python3.12/site-packages/airflow/example_dags/tutorial.py
[2025-10-07T22:21:18.488+0000] {processor.py:840} INFO - DAG(s) 'tutorial' retrieved from /home/airflow/.local/lib/python3.12/site-packages/airflow/example_dags/tutorial.py
[2025-10-07T22:21:18.499+0000] {logging_mixin.py:188} INFO - [2025-10-07T22:21:18.498+0000] {dag.py:3096} INFO - Sync 1 DAGs
[2025-10-07T22:21:18.509+0000] {logging_mixin.py:188} INFO - [2025-10-07T22:21:18.508+0000] {dag.py:3954} INFO - Setting next_dagrun for tutorial to 2025-10-06 00:00:00+00:00, run_after=2025-10-07 00:00:00+00:00
[2025-10-07T22:21:18.521+0000] {processor.py:183} INFO - Processing /home/airflow/.local/lib/python3.12/site-packages/airflow/example_dags/tutorial.py took 0.041 seconds
[2025-10-07T22:21:48.951+0000] {processor.py:161} INFO - Started process (PID=353) to work on /home/airflow/.local/lib/python3.12/site-packages/airflow/example_dags/tutorial.py
[2025-10-07T22:21:48.952+0000] {processor.py:830} INFO - Processing file /home/airflow/.local/lib/python3.12/site-packages/airflow/example_dags/tutorial.py for tasks to queue
[2025-10-07T22:21:48.953+0000] {logging_mixin.py:188} INFO - [2025-10-07T22:21:48.953+0000] {dagbag.py:545} INFO - Filling up the DagBag from /home/airflow/.local/lib/python3.12/site-packages/airflow/example_dags/tutorial.py
[2025-10-07T22:21:48.958+0000] {processor.py:840} INFO - DAG(s) 'tutorial' retrieved from /home/airflow/.local/lib/python3.12/site-packages/airflow/example_dags/tutorial.py
[2025-10-07T22:21:48.970+0000] {logging_mixin.py:188} INFO - [2025-10-07T22:21:48.969+0000] {dag.py:3096} INFO - Sync 1 DAGs
[2025-10-07T22:21:48.982+0000] {logging_mixin.py:188} INFO - [2025-10-07T22:21:48.982+0000] {dag.py:3954} INFO - Setting next_dagrun for tutorial to 2025-10-06 00:00:00+00:00, run_after=2025-10-07 00:00:00+00:00
[2025-10-07T22:21:48.997+0000] {processor.py:183} INFO - Processing /home/airflow/.local/lib/python3.12/site-packages/airflow/example_dags/tutorial.py took 0.050 seconds
