[2025-10-19T16:23:09.852+0000] {taskinstance.py:1083} INFO - Dependencies all met for <TaskInstance: iris_training_pipeline.load_data manual__2025-10-19T16:23:08.331858+00:00 [queued]>
[2025-10-19T16:23:09.858+0000] {taskinstance.py:1083} INFO - Dependencies all met for <TaskInstance: iris_training_pipeline.load_data manual__2025-10-19T16:23:08.331858+00:00 [queued]>
[2025-10-19T16:23:09.858+0000] {taskinstance.py:1279} INFO - 
--------------------------------------------------------------------------------
[2025-10-19T16:23:09.858+0000] {taskinstance.py:1280} INFO - Starting attempt 1 of 2
[2025-10-19T16:23:09.858+0000] {taskinstance.py:1281} INFO - 
--------------------------------------------------------------------------------
[2025-10-19T16:23:09.867+0000] {taskinstance.py:1300} INFO - Executing <Task(PythonOperator): load_data> on 2025-10-19 16:23:08.331858+00:00
[2025-10-19T16:23:09.871+0000] {standard_task_runner.py:55} INFO - Started process 120 to run task
[2025-10-19T16:23:09.874+0000] {standard_task_runner.py:82} INFO - Running: ['***', 'tasks', 'run', 'iris_training_pipeline', 'load_data', 'manual__2025-10-19T16:23:08.331858+00:00', '--job-id', '265', '--raw', '--subdir', 'DAGS_FOLDER/***.py', '--cfg-path', '/tmp/tmpg1lwim5b']
[2025-10-19T16:23:09.875+0000] {standard_task_runner.py:83} INFO - Job 265: Subtask load_data
[2025-10-19T16:23:09.945+0000] {task_command.py:388} INFO - Running <TaskInstance: iris_training_pipeline.load_data manual__2025-10-19T16:23:08.331858+00:00 [running]> on host 0c44ac7f9660
[2025-10-19T16:23:09.996+0000] {taskinstance.py:1509} INFO - Exporting the following env vars:
AIRFLOW_CTX_DAG_OWNER=***
AIRFLOW_CTX_DAG_ID=iris_training_pipeline
AIRFLOW_CTX_TASK_ID=load_data
AIRFLOW_CTX_EXECUTION_DATE=2025-10-19T16:23:08.331858+00:00
AIRFLOW_CTX_TRY_NUMBER=1
AIRFLOW_CTX_DAG_RUN_ID=manual__2025-10-19T16:23:08.331858+00:00
[2025-10-19T16:23:09.997+0000] {logging_mixin.py:137} INFO - [DAG] Loading dataset...
[2025-10-19T16:23:09.999+0000] {logging_mixin.py:137} INFO - [INFO] Dataset loaded successfully.
[2025-10-19T16:23:10.043+0000] {logging_mixin.py:137} INFO - [DAG] Dataset loaded and pushed to XCom
[2025-10-19T16:23:10.043+0000] {python.py:177} INFO - Done. Returned value was: None
[2025-10-19T16:23:10.054+0000] {taskinstance.py:1323} INFO - Marking task as SUCCESS. dag_id=iris_training_pipeline, task_id=load_data, execution_date=20251019T162308, start_date=20251019T162309, end_date=20251019T162310
[2025-10-19T16:23:10.096+0000] {local_task_job.py:208} INFO - Task exited with return code 0
[2025-10-19T16:23:10.117+0000] {taskinstance.py:2578} INFO - 1 downstream tasks scheduled from follow-on schedule check
