[2025-10-19T15:56:30.168+0000] {taskinstance.py:1083} INFO - Dependencies all met for <TaskInstance: iris_training_pipeline.load_data_task manual__2025-10-19T15:49:41.494547+00:00 [queued]>
[2025-10-19T15:56:30.183+0000] {taskinstance.py:1083} INFO - Dependencies all met for <TaskInstance: iris_training_pipeline.load_data_task manual__2025-10-19T15:49:41.494547+00:00 [queued]>
[2025-10-19T15:56:30.185+0000] {taskinstance.py:1279} INFO - 
--------------------------------------------------------------------------------
[2025-10-19T15:56:30.186+0000] {taskinstance.py:1280} INFO - Starting attempt 2 of 2
[2025-10-19T15:56:30.187+0000] {taskinstance.py:1281} INFO - 
--------------------------------------------------------------------------------
[2025-10-19T15:56:30.207+0000] {taskinstance.py:1300} INFO - Executing <Task(PythonOperator): load_data_task> on 2025-10-19 15:49:41.494547+00:00
[2025-10-19T15:56:30.213+0000] {standard_task_runner.py:55} INFO - Started process 126 to run task
[2025-10-19T15:56:30.235+0000] {standard_task_runner.py:82} INFO - Running: ['***', 'tasks', 'run', 'iris_training_pipeline', 'load_data_task', 'manual__2025-10-19T15:49:41.494547+00:00', '--job-id', '222', '--raw', '--subdir', 'DAGS_FOLDER/***.py', '--cfg-path', '/tmp/tmpizrv2hc4']
[2025-10-19T15:56:30.237+0000] {standard_task_runner.py:83} INFO - Job 222: Subtask load_data_task
[2025-10-19T15:56:30.330+0000] {task_command.py:388} INFO - Running <TaskInstance: iris_training_pipeline.load_data_task manual__2025-10-19T15:49:41.494547+00:00 [running]> on host 2418e8bc7cb8
[2025-10-19T15:56:30.427+0000] {taskinstance.py:1509} INFO - Exporting the following env vars:
AIRFLOW_CTX_DAG_OWNER=***
AIRFLOW_CTX_DAG_ID=iris_training_pipeline
AIRFLOW_CTX_TASK_ID=load_data_task
AIRFLOW_CTX_EXECUTION_DATE=2025-10-19T15:49:41.494547+00:00
AIRFLOW_CTX_TRY_NUMBER=2
AIRFLOW_CTX_DAG_RUN_ID=manual__2025-10-19T15:49:41.494547+00:00
[2025-10-19T15:56:30.430+0000] {airflow.py:64} INFO - === LOAD DATA TASK STARTED ===
[2025-10-19T15:56:30.927+0000] {logging_mixin.py:137} INFO - [INFO] Dataset loaded successfully.
[2025-10-19T15:56:30.938+0000] {taskinstance.py:1768} ERROR - Task failed with exception
Traceback (most recent call last):
  File "/home/airflow/.local/lib/python3.7/site-packages/airflow/operators/python.py", line 175, in execute
    return_value = self.execute_callable()
  File "/home/airflow/.local/lib/python3.7/site-packages/airflow/operators/python.py", line 192, in execute_callable
    return self.python_callable(*self.op_args, **self.op_kwargs)
  File "/opt/airflow/dags/airflow.py", line 68, in load_data_wrapper
    ti.xcom_push(key='X', value=X)
  File "/home/airflow/.local/lib/python3.7/site-packages/airflow/utils/session.py", line 75, in wrapper
    return func(*args, session=session, **kwargs)
  File "/home/airflow/.local/lib/python3.7/site-packages/airflow/models/taskinstance.py", line 2297, in xcom_push
    session=session,
  File "/home/airflow/.local/lib/python3.7/site-packages/airflow/utils/session.py", line 72, in wrapper
    return func(*args, **kwargs)
  File "/home/airflow/.local/lib/python3.7/site-packages/airflow/models/xcom.py", line 240, in set
    map_index=map_index,
  File "/home/airflow/.local/lib/python3.7/site-packages/airflow/models/xcom.py", line 627, in serialize_value
    return json.dumps(value, cls=XComEncoder).encode("UTF-8")
  File "/usr/local/lib/python3.7/json/__init__.py", line 238, in dumps
    **kw).encode(obj)
  File "/home/airflow/.local/lib/python3.7/site-packages/airflow/utils/json.py", line 176, in encode
    return super().encode(o)
  File "/usr/local/lib/python3.7/json/encoder.py", line 199, in encode
    chunks = self.iterencode(o, _one_shot=True)
  File "/usr/local/lib/python3.7/json/encoder.py", line 257, in iterencode
    return _iterencode(o, 0)
  File "/home/airflow/.local/lib/python3.7/site-packages/airflow/utils/json.py", line 153, in default
    CLASSNAME: o.__module__ + "." + o.__class__.__qualname__,
AttributeError: 'numpy.ndarray' object has no attribute '__module__'
[2025-10-19T15:56:30.960+0000] {taskinstance.py:1323} INFO - Marking task as FAILED. dag_id=iris_training_pipeline, task_id=load_data_task, execution_date=20251019T154941, start_date=20251019T155630, end_date=20251019T155630
[2025-10-19T15:56:30.972+0000] {standard_task_runner.py:105} ERROR - Failed to execute job 222 for task load_data_task ('numpy.ndarray' object has no attribute '__module__'; 126)
[2025-10-19T15:56:31.024+0000] {local_task_job.py:208} INFO - Task exited with return code 1
[2025-10-19T15:56:31.048+0000] {taskinstance.py:2578} INFO - 0 downstream tasks scheduled from follow-on schedule check
