[2025-10-08T00:59:16.849+0000] {taskinstance.py:1083} INFO - Dependencies all met for <TaskInstance: Airflow_Lab1.build_save_model_task manual__2025-10-08T00:59:12.843328+00:00 [queued]>
[2025-10-08T00:59:16.854+0000] {taskinstance.py:1083} INFO - Dependencies all met for <TaskInstance: Airflow_Lab1.build_save_model_task manual__2025-10-08T00:59:12.843328+00:00 [queued]>
[2025-10-08T00:59:16.854+0000] {taskinstance.py:1279} INFO - 
--------------------------------------------------------------------------------
[2025-10-08T00:59:16.854+0000] {taskinstance.py:1280} INFO - Starting attempt 1 of 1
[2025-10-08T00:59:16.854+0000] {taskinstance.py:1281} INFO - 
--------------------------------------------------------------------------------
[2025-10-08T00:59:16.860+0000] {taskinstance.py:1300} INFO - Executing <Task(PythonOperator): build_save_model_task> on 2025-10-08 00:59:12.843328+00:00
[2025-10-08T00:59:16.863+0000] {standard_task_runner.py:55} INFO - Started process 663 to run task
[2025-10-08T00:59:16.865+0000] {standard_task_runner.py:82} INFO - Running: ['***', 'tasks', 'run', 'Airflow_Lab1', 'build_save_model_task', 'manual__2025-10-08T00:59:12.843328+00:00', '--job-id', '9', '--raw', '--subdir', 'DAGS_FOLDER/***.py', '--cfg-path', '/tmp/tmpuehbnm7q']
[2025-10-08T00:59:16.866+0000] {standard_task_runner.py:83} INFO - Job 9: Subtask build_save_model_task
[2025-10-08T00:59:16.898+0000] {task_command.py:388} INFO - Running <TaskInstance: Airflow_Lab1.build_save_model_task manual__2025-10-08T00:59:12.843328+00:00 [running]> on host 69014d4fcacb
[2025-10-08T00:59:16.961+0000] {taskinstance.py:1509} INFO - Exporting the following env vars:
AIRFLOW_CTX_DAG_OWNER=your_name
AIRFLOW_CTX_DAG_ID=Airflow_Lab1
AIRFLOW_CTX_TASK_ID=build_save_model_task
AIRFLOW_CTX_EXECUTION_DATE=2025-10-08T00:59:12.843328+00:00
AIRFLOW_CTX_TRY_NUMBER=1
AIRFLOW_CTX_DAG_RUN_ID=manual__2025-10-08T00:59:12.843328+00:00
[2025-10-08T00:59:59.343+0000] {python.py:177} INFO - Done. Returned value was: [250.32804209291436, 128.89457877623192, 91.64833975738142, 72.4692153244092, 59.861406959778556, 52.06204237509111, 46.711186548043024, 41.503264751671416, 36.928237093919684, 33.986075968719675, 31.15817166791376, 28.845480032058717, 26.874432296111305, 25.999512369945634, 24.185078072393754, 22.713950061729733, 21.640087323981117, 20.78030480822549, 19.976783465801397, 19.4386693402709, 19.066399314354562, 18.446853884604554, 17.947211161985987, 16.89880742487726, 16.96318197797623, 16.5828407573165, 15.835651544091542, 15.775551490572003, 15.385507317533202, 15.020243180409228, 14.882873240965239, 14.60768698430239, 14.306186090616873, 13.89161473345485, 13.80548577887123, 13.361866184299295, 13.367890857521072, 13.073601934790835, 12.98119689135762, 13.028578398100311, 12.867008418863987, 12.617297944046323, 12.38297342503451, 12.112634671228026, 11.836539142218328, 11.577385920665517, 11.128836068114497, 11.0628045451492, 11.158174940252103]
[2025-10-08T00:59:59.361+0000] {taskinstance.py:1323} INFO - Marking task as SUCCESS. dag_id=Airflow_Lab1, task_id=build_save_model_task, execution_date=20251008T005912, start_date=20251008T005916, end_date=20251008T005959
[2025-10-08T00:59:59.385+0000] {local_task_job.py:208} INFO - Task exited with return code 0
[2025-10-08T00:59:59.399+0000] {taskinstance.py:2578} INFO - 1 downstream tasks scheduled from follow-on schedule check
