[2025-10-19T16:33:59.466+0000] {taskinstance.py:1083} INFO - Dependencies all met for <TaskInstance: iris_training_pipeline.save_artifacts manual__2025-10-19T16:33:54.493137+00:00 [queued]>
[2025-10-19T16:33:59.471+0000] {taskinstance.py:1083} INFO - Dependencies all met for <TaskInstance: iris_training_pipeline.save_artifacts manual__2025-10-19T16:33:54.493137+00:00 [queued]>
[2025-10-19T16:33:59.472+0000] {taskinstance.py:1279} INFO - 
--------------------------------------------------------------------------------
[2025-10-19T16:33:59.472+0000] {taskinstance.py:1280} INFO - Starting attempt 1 of 2
[2025-10-19T16:33:59.472+0000] {taskinstance.py:1281} INFO - 
--------------------------------------------------------------------------------
[2025-10-19T16:33:59.479+0000] {taskinstance.py:1300} INFO - Executing <Task(PythonOperator): save_artifacts> on 2025-10-19 16:33:54.493137+00:00
[2025-10-19T16:33:59.482+0000] {standard_task_runner.py:55} INFO - Started process 166 to run task
[2025-10-19T16:33:59.483+0000] {standard_task_runner.py:82} INFO - Running: ['***', 'tasks', 'run', 'iris_training_pipeline', 'save_artifacts', 'manual__2025-10-19T16:33:54.493137+00:00', '--job-id', '277', '--raw', '--subdir', 'DAGS_FOLDER/***.py', '--cfg-path', '/tmp/tmpxrlii7gy']
[2025-10-19T16:33:59.484+0000] {standard_task_runner.py:83} INFO - Job 277: Subtask save_artifacts
[2025-10-19T16:33:59.517+0000] {task_command.py:388} INFO - Running <TaskInstance: iris_training_pipeline.save_artifacts manual__2025-10-19T16:33:54.493137+00:00 [running]> on host 4a1f5946dafc
[2025-10-19T16:33:59.553+0000] {taskinstance.py:1509} INFO - Exporting the following env vars:
AIRFLOW_CTX_DAG_OWNER=***
AIRFLOW_CTX_DAG_ID=iris_training_pipeline
AIRFLOW_CTX_TASK_ID=save_artifacts
AIRFLOW_CTX_EXECUTION_DATE=2025-10-19T16:33:54.493137+00:00
AIRFLOW_CTX_TRY_NUMBER=1
AIRFLOW_CTX_DAG_RUN_ID=manual__2025-10-19T16:33:54.493137+00:00
[2025-10-19T16:33:59.554+0000] {logging_mixin.py:137} INFO - [DAG] Saving artifacts...
[2025-10-19T16:33:59.594+0000] {logging_mixin.py:137} INFO - [INFO] Saved models, scaler, and metrics to /opt/***/model
[2025-10-19T16:33:59.594+0000] {logging_mixin.py:137} INFO - [DAG] Pipeline complete. Metrics saved at: /opt/***/model/metrics.json
[2025-10-19T16:33:59.596+0000] {python.py:177} INFO - Done. Returned value was: /opt/***/model/metrics.json
[2025-10-19T16:33:59.609+0000] {taskinstance.py:1323} INFO - Marking task as SUCCESS. dag_id=iris_training_pipeline, task_id=save_artifacts, execution_date=20251019T163354, start_date=20251019T163359, end_date=20251019T163359
[2025-10-19T16:33:59.625+0000] {local_task_job.py:208} INFO - Task exited with return code 0
[2025-10-19T16:33:59.640+0000] {taskinstance.py:2578} INFO - 0 downstream tasks scheduled from follow-on schedule check
