[2025-10-19T16:47:12.592+0000] {taskinstance.py:1083} INFO - Dependencies all met for <TaskInstance: iris_training_pipeline.train_models manual__2025-10-19T16:47:09.195571+00:00 [queued]>
[2025-10-19T16:47:12.597+0000] {taskinstance.py:1083} INFO - Dependencies all met for <TaskInstance: iris_training_pipeline.train_models manual__2025-10-19T16:47:09.195571+00:00 [queued]>
[2025-10-19T16:47:12.598+0000] {taskinstance.py:1279} INFO - 
--------------------------------------------------------------------------------
[2025-10-19T16:47:12.598+0000] {taskinstance.py:1280} INFO - Starting attempt 1 of 2
[2025-10-19T16:47:12.598+0000] {taskinstance.py:1281} INFO - 
--------------------------------------------------------------------------------
[2025-10-19T16:47:12.606+0000] {taskinstance.py:1300} INFO - Executing <Task(PythonOperator): train_models> on 2025-10-19 16:47:09.195571+00:00
[2025-10-19T16:47:12.609+0000] {standard_task_runner.py:55} INFO - Started process 142 to run task
[2025-10-19T16:47:12.611+0000] {standard_task_runner.py:82} INFO - Running: ['***', 'tasks', 'run', 'iris_training_pipeline', 'train_models', 'manual__2025-10-19T16:47:09.195571+00:00', '--job-id', '307', '--raw', '--subdir', 'DAGS_FOLDER/***.py', '--cfg-path', '/tmp/tmp9griecq2']
[2025-10-19T16:47:12.612+0000] {standard_task_runner.py:83} INFO - Job 307: Subtask train_models
[2025-10-19T16:47:12.647+0000] {task_command.py:388} INFO - Running <TaskInstance: iris_training_pipeline.train_models manual__2025-10-19T16:47:09.195571+00:00 [running]> on host 6038a33f7310
[2025-10-19T16:47:12.684+0000] {taskinstance.py:1509} INFO - Exporting the following env vars:
AIRFLOW_CTX_DAG_OWNER=***
AIRFLOW_CTX_DAG_ID=iris_training_pipeline
AIRFLOW_CTX_TASK_ID=train_models
AIRFLOW_CTX_EXECUTION_DATE=2025-10-19T16:47:09.195571+00:00
AIRFLOW_CTX_TRY_NUMBER=1
AIRFLOW_CTX_DAG_RUN_ID=manual__2025-10-19T16:47:09.195571+00:00
[2025-10-19T16:47:12.693+0000] {logging_mixin.py:137} INFO - [INFO] Trained model: logistic_regression
[2025-10-19T16:47:12.737+0000] {logging_mixin.py:137} INFO - [INFO] Trained model: random_forest
[2025-10-19T16:47:12.741+0000] {logging_mixin.py:137} INFO - [INFO] Trained model: svm
[2025-10-19T16:47:12.765+0000] {logging_mixin.py:137} INFO - [DAG] Models trained and saved to temp directory
[2025-10-19T16:47:12.766+0000] {python.py:177} INFO - Done. Returned value was: None
[2025-10-19T16:47:12.773+0000] {taskinstance.py:1323} INFO - Marking task as SUCCESS. dag_id=iris_training_pipeline, task_id=train_models, execution_date=20251019T164709, start_date=20251019T164712, end_date=20251019T164712
[2025-10-19T16:47:12.825+0000] {local_task_job.py:208} INFO - Task exited with return code 0
[2025-10-19T16:47:12.887+0000] {taskinstance.py:2578} INFO - 1 downstream tasks scheduled from follow-on schedule check
