[2025-10-08T00:50:06.532+0000] {processor.py:153} INFO - Started process (PID=77) to work on /home/airflow/.local/lib/python3.7/site-packages/airflow/example_dags/example_task_group_decorator.py
[2025-10-08T00:50:06.533+0000] {processor.py:743} INFO - Processing file /home/airflow/.local/lib/python3.7/site-packages/airflow/example_dags/example_task_group_decorator.py for tasks to queue
[2025-10-08T00:50:06.533+0000] {logging_mixin.py:137} INFO - [2025-10-08T00:50:06.533+0000] {dagbag.py:538} INFO - Filling up the DagBag from /home/airflow/.local/lib/python3.7/site-packages/airflow/example_dags/example_task_group_decorator.py
[2025-10-08T00:50:06.574+0000] {processor.py:753} INFO - DAG(s) dict_keys(['example_task_group_decorator']) retrieved from /home/airflow/.local/lib/python3.7/site-packages/airflow/example_dags/example_task_group_decorator.py
[2025-10-08T00:50:06.587+0000] {logging_mixin.py:137} INFO - [2025-10-08T00:50:06.587+0000] {dag.py:2690} INFO - Sync 1 DAGs
[2025-10-08T00:50:06.606+0000] {logging_mixin.py:137} INFO - [2025-10-08T00:50:06.606+0000] {dag.py:3441} INFO - Setting next_dagrun for example_task_group_decorator to 2025-10-07T00:50:06.605790+00:00, run_after=2025-10-08T00:50:06.605790+00:00
[2025-10-08T00:50:06.626+0000] {processor.py:175} INFO - Processing /home/airflow/.local/lib/python3.7/site-packages/airflow/example_dags/example_task_group_decorator.py took 0.096 seconds
[2025-10-08T00:50:36.812+0000] {processor.py:153} INFO - Started process (PID=172) to work on /home/airflow/.local/lib/python3.7/site-packages/airflow/example_dags/example_task_group_decorator.py
[2025-10-08T00:50:36.813+0000] {processor.py:743} INFO - Processing file /home/airflow/.local/lib/python3.7/site-packages/airflow/example_dags/example_task_group_decorator.py for tasks to queue
[2025-10-08T00:50:36.813+0000] {logging_mixin.py:137} INFO - [2025-10-08T00:50:36.813+0000] {dagbag.py:538} INFO - Filling up the DagBag from /home/airflow/.local/lib/python3.7/site-packages/airflow/example_dags/example_task_group_decorator.py
[2025-10-08T00:50:36.831+0000] {processor.py:753} INFO - DAG(s) dict_keys(['example_task_group_decorator']) retrieved from /home/airflow/.local/lib/python3.7/site-packages/airflow/example_dags/example_task_group_decorator.py
[2025-10-08T00:50:36.847+0000] {logging_mixin.py:137} INFO - [2025-10-08T00:50:36.847+0000] {dag.py:2690} INFO - Sync 1 DAGs
[2025-10-08T00:50:36.861+0000] {logging_mixin.py:137} INFO - [2025-10-08T00:50:36.861+0000] {dag.py:3441} INFO - Setting next_dagrun for example_task_group_decorator to 2025-10-07T00:50:36.861137+00:00, run_after=2025-10-08T00:50:36.861137+00:00
[2025-10-08T00:50:36.874+0000] {processor.py:175} INFO - Processing /home/airflow/.local/lib/python3.7/site-packages/airflow/example_dags/example_task_group_decorator.py took 0.064 seconds
[2025-10-08T00:51:08.072+0000] {processor.py:153} INFO - Started process (PID=267) to work on /home/airflow/.local/lib/python3.7/site-packages/airflow/example_dags/example_task_group_decorator.py
[2025-10-08T00:51:08.073+0000] {processor.py:743} INFO - Processing file /home/airflow/.local/lib/python3.7/site-packages/airflow/example_dags/example_task_group_decorator.py for tasks to queue
[2025-10-08T00:51:08.073+0000] {logging_mixin.py:137} INFO - [2025-10-08T00:51:08.073+0000] {dagbag.py:538} INFO - Filling up the DagBag from /home/airflow/.local/lib/python3.7/site-packages/airflow/example_dags/example_task_group_decorator.py
[2025-10-08T00:51:08.090+0000] {processor.py:753} INFO - DAG(s) dict_keys(['example_task_group_decorator']) retrieved from /home/airflow/.local/lib/python3.7/site-packages/airflow/example_dags/example_task_group_decorator.py
[2025-10-08T00:51:08.110+0000] {logging_mixin.py:137} INFO - [2025-10-08T00:51:08.110+0000] {dag.py:2690} INFO - Sync 1 DAGs
[2025-10-08T00:51:08.122+0000] {logging_mixin.py:137} INFO - [2025-10-08T00:51:08.122+0000] {dag.py:3441} INFO - Setting next_dagrun for example_task_group_decorator to 2025-10-07T00:51:08.122561+00:00, run_after=2025-10-08T00:51:08.122561+00:00
[2025-10-08T00:51:08.136+0000] {processor.py:175} INFO - Processing /home/airflow/.local/lib/python3.7/site-packages/airflow/example_dags/example_task_group_decorator.py took 0.065 seconds
[2025-10-08T00:51:39.111+0000] {processor.py:153} INFO - Started process (PID=344) to work on /home/airflow/.local/lib/python3.7/site-packages/airflow/example_dags/example_task_group_decorator.py
[2025-10-08T00:51:39.112+0000] {processor.py:743} INFO - Processing file /home/airflow/.local/lib/python3.7/site-packages/airflow/example_dags/example_task_group_decorator.py for tasks to queue
[2025-10-08T00:51:39.112+0000] {logging_mixin.py:137} INFO - [2025-10-08T00:51:39.112+0000] {dagbag.py:538} INFO - Filling up the DagBag from /home/airflow/.local/lib/python3.7/site-packages/airflow/example_dags/example_task_group_decorator.py
[2025-10-08T00:51:39.130+0000] {processor.py:753} INFO - DAG(s) dict_keys(['example_task_group_decorator']) retrieved from /home/airflow/.local/lib/python3.7/site-packages/airflow/example_dags/example_task_group_decorator.py
[2025-10-08T00:51:39.152+0000] {logging_mixin.py:137} INFO - [2025-10-08T00:51:39.152+0000] {dag.py:2690} INFO - Sync 1 DAGs
[2025-10-08T00:51:39.169+0000] {logging_mixin.py:137} INFO - [2025-10-08T00:51:39.169+0000] {dag.py:3441} INFO - Setting next_dagrun for example_task_group_decorator to 2025-10-07T00:51:39.169528+00:00, run_after=2025-10-08T00:51:39.169528+00:00
[2025-10-08T00:51:39.180+0000] {processor.py:175} INFO - Processing /home/airflow/.local/lib/python3.7/site-packages/airflow/example_dags/example_task_group_decorator.py took 0.070 seconds
[2025-10-08T00:52:09.949+0000] {processor.py:153} INFO - Started process (PID=438) to work on /home/airflow/.local/lib/python3.7/site-packages/airflow/example_dags/example_task_group_decorator.py
[2025-10-08T00:52:09.951+0000] {processor.py:743} INFO - Processing file /home/airflow/.local/lib/python3.7/site-packages/airflow/example_dags/example_task_group_decorator.py for tasks to queue
[2025-10-08T00:52:09.953+0000] {logging_mixin.py:137} INFO - [2025-10-08T00:52:09.953+0000] {dagbag.py:538} INFO - Filling up the DagBag from /home/airflow/.local/lib/python3.7/site-packages/airflow/example_dags/example_task_group_decorator.py
[2025-10-08T00:52:09.969+0000] {processor.py:753} INFO - DAG(s) dict_keys(['example_task_group_decorator']) retrieved from /home/airflow/.local/lib/python3.7/site-packages/airflow/example_dags/example_task_group_decorator.py
[2025-10-08T00:52:09.992+0000] {logging_mixin.py:137} INFO - [2025-10-08T00:52:09.992+0000] {dag.py:2690} INFO - Sync 1 DAGs
[2025-10-08T00:52:10.008+0000] {logging_mixin.py:137} INFO - [2025-10-08T00:52:10.008+0000] {dag.py:3441} INFO - Setting next_dagrun for example_task_group_decorator to 2025-10-07T00:52:10.008159+00:00, run_after=2025-10-08T00:52:10.008159+00:00
[2025-10-08T00:52:10.021+0000] {processor.py:175} INFO - Processing /home/airflow/.local/lib/python3.7/site-packages/airflow/example_dags/example_task_group_decorator.py took 0.074 seconds
[2025-10-08T00:52:41.014+0000] {processor.py:153} INFO - Started process (PID=533) to work on /home/airflow/.local/lib/python3.7/site-packages/airflow/example_dags/example_task_group_decorator.py
[2025-10-08T00:52:41.016+0000] {processor.py:743} INFO - Processing file /home/airflow/.local/lib/python3.7/site-packages/airflow/example_dags/example_task_group_decorator.py for tasks to queue
[2025-10-08T00:52:41.017+0000] {logging_mixin.py:137} INFO - [2025-10-08T00:52:41.017+0000] {dagbag.py:538} INFO - Filling up the DagBag from /home/airflow/.local/lib/python3.7/site-packages/airflow/example_dags/example_task_group_decorator.py
[2025-10-08T00:52:41.033+0000] {processor.py:753} INFO - DAG(s) dict_keys(['example_task_group_decorator']) retrieved from /home/airflow/.local/lib/python3.7/site-packages/airflow/example_dags/example_task_group_decorator.py
[2025-10-08T00:52:41.052+0000] {logging_mixin.py:137} INFO - [2025-10-08T00:52:41.052+0000] {dag.py:2690} INFO - Sync 1 DAGs
[2025-10-08T00:52:41.067+0000] {logging_mixin.py:137} INFO - [2025-10-08T00:52:41.067+0000] {dag.py:3441} INFO - Setting next_dagrun for example_task_group_decorator to 2025-10-07T00:52:41.067290+00:00, run_after=2025-10-08T00:52:41.067290+00:00
[2025-10-08T00:52:41.078+0000] {processor.py:175} INFO - Processing /home/airflow/.local/lib/python3.7/site-packages/airflow/example_dags/example_task_group_decorator.py took 0.066 seconds
[2025-10-08T00:54:16.584+0000] {processor.py:153} INFO - Started process (PID=139) to work on /home/airflow/.local/lib/python3.7/site-packages/airflow/example_dags/example_task_group_decorator.py
[2025-10-08T00:54:16.585+0000] {processor.py:743} INFO - Processing file /home/airflow/.local/lib/python3.7/site-packages/airflow/example_dags/example_task_group_decorator.py for tasks to queue
[2025-10-08T00:54:16.585+0000] {logging_mixin.py:137} INFO - [2025-10-08T00:54:16.585+0000] {dagbag.py:538} INFO - Filling up the DagBag from /home/airflow/.local/lib/python3.7/site-packages/airflow/example_dags/example_task_group_decorator.py
[2025-10-08T00:54:16.603+0000] {processor.py:753} INFO - DAG(s) dict_keys(['example_task_group_decorator']) retrieved from /home/airflow/.local/lib/python3.7/site-packages/airflow/example_dags/example_task_group_decorator.py
[2025-10-08T00:54:16.624+0000] {logging_mixin.py:137} INFO - [2025-10-08T00:54:16.623+0000] {dag.py:2690} INFO - Sync 1 DAGs
[2025-10-08T00:54:16.643+0000] {logging_mixin.py:137} INFO - [2025-10-08T00:54:16.643+0000] {dag.py:3441} INFO - Setting next_dagrun for example_task_group_decorator to 2025-10-07T00:54:16.643077+00:00, run_after=2025-10-08T00:54:16.643077+00:00
[2025-10-08T00:54:16.656+0000] {processor.py:175} INFO - Processing /home/airflow/.local/lib/python3.7/site-packages/airflow/example_dags/example_task_group_decorator.py took 0.074 seconds
[2025-10-08T00:54:47.697+0000] {processor.py:153} INFO - Started process (PID=234) to work on /home/airflow/.local/lib/python3.7/site-packages/airflow/example_dags/example_task_group_decorator.py
[2025-10-08T00:54:47.700+0000] {processor.py:743} INFO - Processing file /home/airflow/.local/lib/python3.7/site-packages/airflow/example_dags/example_task_group_decorator.py for tasks to queue
[2025-10-08T00:54:47.701+0000] {logging_mixin.py:137} INFO - [2025-10-08T00:54:47.701+0000] {dagbag.py:538} INFO - Filling up the DagBag from /home/airflow/.local/lib/python3.7/site-packages/airflow/example_dags/example_task_group_decorator.py
[2025-10-08T00:54:47.727+0000] {processor.py:753} INFO - DAG(s) dict_keys(['example_task_group_decorator']) retrieved from /home/airflow/.local/lib/python3.7/site-packages/airflow/example_dags/example_task_group_decorator.py
[2025-10-08T00:54:47.746+0000] {logging_mixin.py:137} INFO - [2025-10-08T00:54:47.746+0000] {dag.py:2690} INFO - Sync 1 DAGs
[2025-10-08T00:54:47.763+0000] {logging_mixin.py:137} INFO - [2025-10-08T00:54:47.763+0000] {dag.py:3441} INFO - Setting next_dagrun for example_task_group_decorator to 2025-10-07T00:54:47.763396+00:00, run_after=2025-10-08T00:54:47.763396+00:00
[2025-10-08T00:54:47.782+0000] {processor.py:175} INFO - Processing /home/airflow/.local/lib/python3.7/site-packages/airflow/example_dags/example_task_group_decorator.py took 0.091 seconds
[2025-10-08T00:55:18.699+0000] {processor.py:153} INFO - Started process (PID=311) to work on /home/airflow/.local/lib/python3.7/site-packages/airflow/example_dags/example_task_group_decorator.py
[2025-10-08T00:55:18.700+0000] {processor.py:743} INFO - Processing file /home/airflow/.local/lib/python3.7/site-packages/airflow/example_dags/example_task_group_decorator.py for tasks to queue
[2025-10-08T00:55:18.701+0000] {logging_mixin.py:137} INFO - [2025-10-08T00:55:18.701+0000] {dagbag.py:538} INFO - Filling up the DagBag from /home/airflow/.local/lib/python3.7/site-packages/airflow/example_dags/example_task_group_decorator.py
[2025-10-08T00:55:18.717+0000] {processor.py:753} INFO - DAG(s) dict_keys(['example_task_group_decorator']) retrieved from /home/airflow/.local/lib/python3.7/site-packages/airflow/example_dags/example_task_group_decorator.py
[2025-10-08T00:55:18.732+0000] {logging_mixin.py:137} INFO - [2025-10-08T00:55:18.732+0000] {dag.py:2690} INFO - Sync 1 DAGs
[2025-10-08T00:55:18.748+0000] {logging_mixin.py:137} INFO - [2025-10-08T00:55:18.748+0000] {dag.py:3441} INFO - Setting next_dagrun for example_task_group_decorator to 2025-10-07T00:55:18.748286+00:00, run_after=2025-10-08T00:55:18.748286+00:00
[2025-10-08T00:55:18.762+0000] {processor.py:175} INFO - Processing /home/airflow/.local/lib/python3.7/site-packages/airflow/example_dags/example_task_group_decorator.py took 0.064 seconds
[2025-10-08T00:55:49.645+0000] {processor.py:153} INFO - Started process (PID=406) to work on /home/airflow/.local/lib/python3.7/site-packages/airflow/example_dags/example_task_group_decorator.py
[2025-10-08T00:55:49.646+0000] {processor.py:743} INFO - Processing file /home/airflow/.local/lib/python3.7/site-packages/airflow/example_dags/example_task_group_decorator.py for tasks to queue
[2025-10-08T00:55:49.646+0000] {logging_mixin.py:137} INFO - [2025-10-08T00:55:49.646+0000] {dagbag.py:538} INFO - Filling up the DagBag from /home/airflow/.local/lib/python3.7/site-packages/airflow/example_dags/example_task_group_decorator.py
[2025-10-08T00:55:49.661+0000] {processor.py:753} INFO - DAG(s) dict_keys(['example_task_group_decorator']) retrieved from /home/airflow/.local/lib/python3.7/site-packages/airflow/example_dags/example_task_group_decorator.py
[2025-10-08T00:55:49.677+0000] {logging_mixin.py:137} INFO - [2025-10-08T00:55:49.677+0000] {dag.py:2690} INFO - Sync 1 DAGs
[2025-10-08T00:55:49.692+0000] {logging_mixin.py:137} INFO - [2025-10-08T00:55:49.692+0000] {dag.py:3441} INFO - Setting next_dagrun for example_task_group_decorator to 2025-10-07T00:55:49.692779+00:00, run_after=2025-10-08T00:55:49.692779+00:00
[2025-10-08T00:55:49.707+0000] {processor.py:175} INFO - Processing /home/airflow/.local/lib/python3.7/site-packages/airflow/example_dags/example_task_group_decorator.py took 0.065 seconds
[2025-10-08T00:56:20.632+0000] {processor.py:153} INFO - Started process (PID=501) to work on /home/airflow/.local/lib/python3.7/site-packages/airflow/example_dags/example_task_group_decorator.py
[2025-10-08T00:56:20.633+0000] {processor.py:743} INFO - Processing file /home/airflow/.local/lib/python3.7/site-packages/airflow/example_dags/example_task_group_decorator.py for tasks to queue
[2025-10-08T00:56:20.634+0000] {logging_mixin.py:137} INFO - [2025-10-08T00:56:20.633+0000] {dagbag.py:538} INFO - Filling up the DagBag from /home/airflow/.local/lib/python3.7/site-packages/airflow/example_dags/example_task_group_decorator.py
[2025-10-08T00:56:20.649+0000] {processor.py:753} INFO - DAG(s) dict_keys(['example_task_group_decorator']) retrieved from /home/airflow/.local/lib/python3.7/site-packages/airflow/example_dags/example_task_group_decorator.py
[2025-10-08T00:56:20.664+0000] {logging_mixin.py:137} INFO - [2025-10-08T00:56:20.664+0000] {dag.py:2690} INFO - Sync 1 DAGs
[2025-10-08T00:56:20.676+0000] {logging_mixin.py:137} INFO - [2025-10-08T00:56:20.676+0000] {dag.py:3441} INFO - Setting next_dagrun for example_task_group_decorator to 2025-10-07T00:56:20.676768+00:00, run_after=2025-10-08T00:56:20.676768+00:00
[2025-10-08T00:56:20.687+0000] {processor.py:175} INFO - Processing /home/airflow/.local/lib/python3.7/site-packages/airflow/example_dags/example_task_group_decorator.py took 0.056 seconds
[2025-10-08T00:56:51.426+0000] {processor.py:153} INFO - Started process (PID=585) to work on /home/airflow/.local/lib/python3.7/site-packages/airflow/example_dags/example_task_group_decorator.py
[2025-10-08T00:56:51.429+0000] {processor.py:743} INFO - Processing file /home/airflow/.local/lib/python3.7/site-packages/airflow/example_dags/example_task_group_decorator.py for tasks to queue
[2025-10-08T00:56:51.430+0000] {logging_mixin.py:137} INFO - [2025-10-08T00:56:51.430+0000] {dagbag.py:538} INFO - Filling up the DagBag from /home/airflow/.local/lib/python3.7/site-packages/airflow/example_dags/example_task_group_decorator.py
[2025-10-08T00:56:51.454+0000] {processor.py:753} INFO - DAG(s) dict_keys(['example_task_group_decorator']) retrieved from /home/airflow/.local/lib/python3.7/site-packages/airflow/example_dags/example_task_group_decorator.py
[2025-10-08T00:56:51.476+0000] {logging_mixin.py:137} INFO - [2025-10-08T00:56:51.476+0000] {dag.py:2690} INFO - Sync 1 DAGs
[2025-10-08T00:56:51.496+0000] {logging_mixin.py:137} INFO - [2025-10-08T00:56:51.496+0000] {dag.py:3441} INFO - Setting next_dagrun for example_task_group_decorator to 2025-10-07T00:56:51.495813+00:00, run_after=2025-10-08T00:56:51.495813+00:00
[2025-10-08T00:56:51.515+0000] {processor.py:175} INFO - Processing /home/airflow/.local/lib/python3.7/site-packages/airflow/example_dags/example_task_group_decorator.py took 0.091 seconds
[2025-10-08T00:57:22.469+0000] {processor.py:153} INFO - Started process (PID=673) to work on /home/airflow/.local/lib/python3.7/site-packages/airflow/example_dags/example_task_group_decorator.py
[2025-10-08T00:57:22.470+0000] {processor.py:743} INFO - Processing file /home/airflow/.local/lib/python3.7/site-packages/airflow/example_dags/example_task_group_decorator.py for tasks to queue
[2025-10-08T00:57:22.470+0000] {logging_mixin.py:137} INFO - [2025-10-08T00:57:22.470+0000] {dagbag.py:538} INFO - Filling up the DagBag from /home/airflow/.local/lib/python3.7/site-packages/airflow/example_dags/example_task_group_decorator.py
[2025-10-08T00:57:22.484+0000] {processor.py:753} INFO - DAG(s) dict_keys(['example_task_group_decorator']) retrieved from /home/airflow/.local/lib/python3.7/site-packages/airflow/example_dags/example_task_group_decorator.py
[2025-10-08T00:57:22.500+0000] {logging_mixin.py:137} INFO - [2025-10-08T00:57:22.500+0000] {dag.py:2690} INFO - Sync 1 DAGs
[2025-10-08T00:57:22.513+0000] {logging_mixin.py:137} INFO - [2025-10-08T00:57:22.513+0000] {dag.py:3441} INFO - Setting next_dagrun for example_task_group_decorator to 2025-10-07T00:57:22.513760+00:00, run_after=2025-10-08T00:57:22.513760+00:00
[2025-10-08T00:57:22.524+0000] {processor.py:175} INFO - Processing /home/airflow/.local/lib/python3.7/site-packages/airflow/example_dags/example_task_group_decorator.py took 0.057 seconds
[2025-10-08T00:57:53.399+0000] {processor.py:153} INFO - Started process (PID=768) to work on /home/airflow/.local/lib/python3.7/site-packages/airflow/example_dags/example_task_group_decorator.py
[2025-10-08T00:57:53.400+0000] {processor.py:743} INFO - Processing file /home/airflow/.local/lib/python3.7/site-packages/airflow/example_dags/example_task_group_decorator.py for tasks to queue
[2025-10-08T00:57:53.400+0000] {logging_mixin.py:137} INFO - [2025-10-08T00:57:53.400+0000] {dagbag.py:538} INFO - Filling up the DagBag from /home/airflow/.local/lib/python3.7/site-packages/airflow/example_dags/example_task_group_decorator.py
[2025-10-08T00:57:53.417+0000] {processor.py:753} INFO - DAG(s) dict_keys(['example_task_group_decorator']) retrieved from /home/airflow/.local/lib/python3.7/site-packages/airflow/example_dags/example_task_group_decorator.py
[2025-10-08T00:57:53.432+0000] {logging_mixin.py:137} INFO - [2025-10-08T00:57:53.432+0000] {dag.py:2690} INFO - Sync 1 DAGs
[2025-10-08T00:57:53.446+0000] {logging_mixin.py:137} INFO - [2025-10-08T00:57:53.446+0000] {dag.py:3441} INFO - Setting next_dagrun for example_task_group_decorator to 2025-10-07T00:57:53.446009+00:00, run_after=2025-10-08T00:57:53.446009+00:00
[2025-10-08T00:57:53.459+0000] {processor.py:175} INFO - Processing /home/airflow/.local/lib/python3.7/site-packages/airflow/example_dags/example_task_group_decorator.py took 0.061 seconds
[2025-10-08T00:58:24.330+0000] {processor.py:153} INFO - Started process (PID=863) to work on /home/airflow/.local/lib/python3.7/site-packages/airflow/example_dags/example_task_group_decorator.py
[2025-10-08T00:58:24.331+0000] {processor.py:743} INFO - Processing file /home/airflow/.local/lib/python3.7/site-packages/airflow/example_dags/example_task_group_decorator.py for tasks to queue
[2025-10-08T00:58:24.331+0000] {logging_mixin.py:137} INFO - [2025-10-08T00:58:24.331+0000] {dagbag.py:538} INFO - Filling up the DagBag from /home/airflow/.local/lib/python3.7/site-packages/airflow/example_dags/example_task_group_decorator.py
[2025-10-08T00:58:24.349+0000] {processor.py:753} INFO - DAG(s) dict_keys(['example_task_group_decorator']) retrieved from /home/airflow/.local/lib/python3.7/site-packages/airflow/example_dags/example_task_group_decorator.py
[2025-10-08T00:58:24.366+0000] {logging_mixin.py:137} INFO - [2025-10-08T00:58:24.366+0000] {dag.py:2690} INFO - Sync 1 DAGs
[2025-10-08T00:58:24.378+0000] {logging_mixin.py:137} INFO - [2025-10-08T00:58:24.378+0000] {dag.py:3441} INFO - Setting next_dagrun for example_task_group_decorator to 2025-10-07T00:58:24.378710+00:00, run_after=2025-10-08T00:58:24.378710+00:00
[2025-10-08T00:58:24.391+0000] {processor.py:175} INFO - Processing /home/airflow/.local/lib/python3.7/site-packages/airflow/example_dags/example_task_group_decorator.py took 0.064 seconds
[2025-10-08T00:58:54.479+0000] {processor.py:153} INFO - Started process (PID=939) to work on /home/airflow/.local/lib/python3.7/site-packages/airflow/example_dags/example_task_group_decorator.py
[2025-10-08T00:58:54.482+0000] {processor.py:743} INFO - Processing file /home/airflow/.local/lib/python3.7/site-packages/airflow/example_dags/example_task_group_decorator.py for tasks to queue
[2025-10-08T00:58:54.482+0000] {logging_mixin.py:137} INFO - [2025-10-08T00:58:54.482+0000] {dagbag.py:538} INFO - Filling up the DagBag from /home/airflow/.local/lib/python3.7/site-packages/airflow/example_dags/example_task_group_decorator.py
[2025-10-08T00:58:54.497+0000] {processor.py:753} INFO - DAG(s) dict_keys(['example_task_group_decorator']) retrieved from /home/airflow/.local/lib/python3.7/site-packages/airflow/example_dags/example_task_group_decorator.py
[2025-10-08T00:58:54.515+0000] {logging_mixin.py:137} INFO - [2025-10-08T00:58:54.515+0000] {dag.py:2690} INFO - Sync 1 DAGs
[2025-10-08T00:58:54.530+0000] {logging_mixin.py:137} INFO - [2025-10-08T00:58:54.530+0000] {dag.py:3441} INFO - Setting next_dagrun for example_task_group_decorator to 2025-10-07T00:58:54.529935+00:00, run_after=2025-10-08T00:58:54.529935+00:00
[2025-10-08T00:58:54.540+0000] {processor.py:175} INFO - Processing /home/airflow/.local/lib/python3.7/site-packages/airflow/example_dags/example_task_group_decorator.py took 0.064 seconds
[2025-10-08T00:59:25.434+0000] {processor.py:153} INFO - Started process (PID=1035) to work on /home/airflow/.local/lib/python3.7/site-packages/airflow/example_dags/example_task_group_decorator.py
[2025-10-08T00:59:25.435+0000] {processor.py:743} INFO - Processing file /home/airflow/.local/lib/python3.7/site-packages/airflow/example_dags/example_task_group_decorator.py for tasks to queue
[2025-10-08T00:59:25.436+0000] {logging_mixin.py:137} INFO - [2025-10-08T00:59:25.436+0000] {dagbag.py:538} INFO - Filling up the DagBag from /home/airflow/.local/lib/python3.7/site-packages/airflow/example_dags/example_task_group_decorator.py
[2025-10-08T00:59:25.456+0000] {processor.py:753} INFO - DAG(s) dict_keys(['example_task_group_decorator']) retrieved from /home/airflow/.local/lib/python3.7/site-packages/airflow/example_dags/example_task_group_decorator.py
[2025-10-08T00:59:25.472+0000] {logging_mixin.py:137} INFO - [2025-10-08T00:59:25.472+0000] {dag.py:2690} INFO - Sync 1 DAGs
[2025-10-08T00:59:25.485+0000] {logging_mixin.py:137} INFO - [2025-10-08T00:59:25.485+0000] {dag.py:3441} INFO - Setting next_dagrun for example_task_group_decorator to 2025-10-07T00:59:25.485588+00:00, run_after=2025-10-08T00:59:25.485588+00:00
[2025-10-08T00:59:25.497+0000] {processor.py:175} INFO - Processing /home/airflow/.local/lib/python3.7/site-packages/airflow/example_dags/example_task_group_decorator.py took 0.066 seconds
[2025-10-08T00:59:56.290+0000] {processor.py:153} INFO - Started process (PID=1130) to work on /home/airflow/.local/lib/python3.7/site-packages/airflow/example_dags/example_task_group_decorator.py
[2025-10-08T00:59:56.291+0000] {processor.py:743} INFO - Processing file /home/airflow/.local/lib/python3.7/site-packages/airflow/example_dags/example_task_group_decorator.py for tasks to queue
[2025-10-08T00:59:56.291+0000] {logging_mixin.py:137} INFO - [2025-10-08T00:59:56.291+0000] {dagbag.py:538} INFO - Filling up the DagBag from /home/airflow/.local/lib/python3.7/site-packages/airflow/example_dags/example_task_group_decorator.py
[2025-10-08T00:59:56.306+0000] {processor.py:753} INFO - DAG(s) dict_keys(['example_task_group_decorator']) retrieved from /home/airflow/.local/lib/python3.7/site-packages/airflow/example_dags/example_task_group_decorator.py
[2025-10-08T00:59:56.323+0000] {logging_mixin.py:137} INFO - [2025-10-08T00:59:56.323+0000] {dag.py:2690} INFO - Sync 1 DAGs
[2025-10-08T00:59:56.336+0000] {logging_mixin.py:137} INFO - [2025-10-08T00:59:56.336+0000] {dag.py:3441} INFO - Setting next_dagrun for example_task_group_decorator to 2025-10-07T00:59:56.336366+00:00, run_after=2025-10-08T00:59:56.336366+00:00
[2025-10-08T00:59:56.349+0000] {processor.py:175} INFO - Processing /home/airflow/.local/lib/python3.7/site-packages/airflow/example_dags/example_task_group_decorator.py took 0.061 seconds
[2025-10-08T01:00:27.168+0000] {processor.py:153} INFO - Started process (PID=1225) to work on /home/airflow/.local/lib/python3.7/site-packages/airflow/example_dags/example_task_group_decorator.py
[2025-10-08T01:00:27.168+0000] {processor.py:743} INFO - Processing file /home/airflow/.local/lib/python3.7/site-packages/airflow/example_dags/example_task_group_decorator.py for tasks to queue
[2025-10-08T01:00:27.169+0000] {logging_mixin.py:137} INFO - [2025-10-08T01:00:27.169+0000] {dagbag.py:538} INFO - Filling up the DagBag from /home/airflow/.local/lib/python3.7/site-packages/airflow/example_dags/example_task_group_decorator.py
[2025-10-08T01:00:27.186+0000] {processor.py:753} INFO - DAG(s) dict_keys(['example_task_group_decorator']) retrieved from /home/airflow/.local/lib/python3.7/site-packages/airflow/example_dags/example_task_group_decorator.py
[2025-10-08T01:00:27.206+0000] {logging_mixin.py:137} INFO - [2025-10-08T01:00:27.206+0000] {dag.py:2690} INFO - Sync 1 DAGs
[2025-10-08T01:00:27.222+0000] {logging_mixin.py:137} INFO - [2025-10-08T01:00:27.222+0000] {dag.py:3441} INFO - Setting next_dagrun for example_task_group_decorator to 2025-10-07T01:00:27.222246+00:00, run_after=2025-10-08T01:00:27.222246+00:00
[2025-10-08T01:00:27.235+0000] {processor.py:175} INFO - Processing /home/airflow/.local/lib/python3.7/site-packages/airflow/example_dags/example_task_group_decorator.py took 0.069 seconds
[2025-10-08T01:00:57.998+0000] {processor.py:153} INFO - Started process (PID=1302) to work on /home/airflow/.local/lib/python3.7/site-packages/airflow/example_dags/example_task_group_decorator.py
[2025-10-08T01:00:57.998+0000] {processor.py:743} INFO - Processing file /home/airflow/.local/lib/python3.7/site-packages/airflow/example_dags/example_task_group_decorator.py for tasks to queue
[2025-10-08T01:00:57.999+0000] {logging_mixin.py:137} INFO - [2025-10-08T01:00:57.998+0000] {dagbag.py:538} INFO - Filling up the DagBag from /home/airflow/.local/lib/python3.7/site-packages/airflow/example_dags/example_task_group_decorator.py
[2025-10-08T01:00:58.013+0000] {processor.py:753} INFO - DAG(s) dict_keys(['example_task_group_decorator']) retrieved from /home/airflow/.local/lib/python3.7/site-packages/airflow/example_dags/example_task_group_decorator.py
[2025-10-08T01:00:58.028+0000] {logging_mixin.py:137} INFO - [2025-10-08T01:00:58.028+0000] {dag.py:2690} INFO - Sync 1 DAGs
[2025-10-08T01:00:58.040+0000] {logging_mixin.py:137} INFO - [2025-10-08T01:00:58.040+0000] {dag.py:3441} INFO - Setting next_dagrun for example_task_group_decorator to 2025-10-07T01:00:58.040751+00:00, run_after=2025-10-08T01:00:58.040751+00:00
[2025-10-08T01:00:58.051+0000] {processor.py:175} INFO - Processing /home/airflow/.local/lib/python3.7/site-packages/airflow/example_dags/example_task_group_decorator.py took 0.056 seconds
[2025-10-08T01:01:28.761+0000] {processor.py:153} INFO - Started process (PID=1397) to work on /home/airflow/.local/lib/python3.7/site-packages/airflow/example_dags/example_task_group_decorator.py
[2025-10-08T01:01:28.762+0000] {processor.py:743} INFO - Processing file /home/airflow/.local/lib/python3.7/site-packages/airflow/example_dags/example_task_group_decorator.py for tasks to queue
[2025-10-08T01:01:28.763+0000] {logging_mixin.py:137} INFO - [2025-10-08T01:01:28.762+0000] {dagbag.py:538} INFO - Filling up the DagBag from /home/airflow/.local/lib/python3.7/site-packages/airflow/example_dags/example_task_group_decorator.py
[2025-10-08T01:01:28.780+0000] {processor.py:753} INFO - DAG(s) dict_keys(['example_task_group_decorator']) retrieved from /home/airflow/.local/lib/python3.7/site-packages/airflow/example_dags/example_task_group_decorator.py
[2025-10-08T01:01:28.795+0000] {logging_mixin.py:137} INFO - [2025-10-08T01:01:28.795+0000] {dag.py:2690} INFO - Sync 1 DAGs
[2025-10-08T01:01:28.809+0000] {logging_mixin.py:137} INFO - [2025-10-08T01:01:28.809+0000] {dag.py:3441} INFO - Setting next_dagrun for example_task_group_decorator to 2025-10-07T01:01:28.809244+00:00, run_after=2025-10-08T01:01:28.809244+00:00
[2025-10-08T01:01:28.820+0000] {processor.py:175} INFO - Processing /home/airflow/.local/lib/python3.7/site-packages/airflow/example_dags/example_task_group_decorator.py took 0.064 seconds
