[2025-10-08T00:50:05.527+0000] {processor.py:153} INFO - Started process (PID=60) to work on /home/airflow/.local/lib/python3.7/site-packages/airflow/example_dags/example_sla_dag.py
[2025-10-08T00:50:05.528+0000] {processor.py:743} INFO - Processing file /home/airflow/.local/lib/python3.7/site-packages/airflow/example_dags/example_sla_dag.py for tasks to queue
[2025-10-08T00:50:05.530+0000] {logging_mixin.py:137} INFO - [2025-10-08T00:50:05.530+0000] {dagbag.py:538} INFO - Filling up the DagBag from /home/airflow/.local/lib/python3.7/site-packages/airflow/example_dags/example_sla_dag.py
[2025-10-08T00:50:05.554+0000] {processor.py:753} INFO - DAG(s) dict_keys(['example_sla_dag']) retrieved from /home/airflow/.local/lib/python3.7/site-packages/airflow/example_dags/example_sla_dag.py
[2025-10-08T00:50:05.577+0000] {logging_mixin.py:137} INFO - [2025-10-08T00:50:05.577+0000] {dag.py:2690} INFO - Sync 1 DAGs
[2025-10-08T00:50:05.604+0000] {logging_mixin.py:137} INFO - [2025-10-08T00:50:05.604+0000] {dag.py:3441} INFO - Setting next_dagrun for example_sla_dag to 2025-10-08T00:48:00+00:00, run_after=2025-10-08T00:50:00+00:00
[2025-10-08T00:50:05.622+0000] {processor.py:175} INFO - Processing /home/airflow/.local/lib/python3.7/site-packages/airflow/example_dags/example_sla_dag.py took 0.098 seconds
[2025-10-08T00:50:36.175+0000] {processor.py:153} INFO - Started process (PID=155) to work on /home/airflow/.local/lib/python3.7/site-packages/airflow/example_dags/example_sla_dag.py
[2025-10-08T00:50:36.177+0000] {processor.py:743} INFO - Processing file /home/airflow/.local/lib/python3.7/site-packages/airflow/example_dags/example_sla_dag.py for tasks to queue
[2025-10-08T00:50:36.177+0000] {logging_mixin.py:137} INFO - [2025-10-08T00:50:36.177+0000] {dagbag.py:538} INFO - Filling up the DagBag from /home/airflow/.local/lib/python3.7/site-packages/airflow/example_dags/example_sla_dag.py
[2025-10-08T00:50:36.194+0000] {processor.py:753} INFO - DAG(s) dict_keys(['example_sla_dag']) retrieved from /home/airflow/.local/lib/python3.7/site-packages/airflow/example_dags/example_sla_dag.py
[2025-10-08T00:50:36.209+0000] {logging_mixin.py:137} INFO - [2025-10-08T00:50:36.209+0000] {dag.py:2690} INFO - Sync 1 DAGs
[2025-10-08T00:50:36.227+0000] {logging_mixin.py:137} INFO - [2025-10-08T00:50:36.227+0000] {dag.py:3441} INFO - Setting next_dagrun for example_sla_dag to 2025-10-08T00:48:00+00:00, run_after=2025-10-08T00:50:00+00:00
[2025-10-08T00:50:36.244+0000] {processor.py:175} INFO - Processing /home/airflow/.local/lib/python3.7/site-packages/airflow/example_dags/example_sla_dag.py took 0.071 seconds
[2025-10-08T00:51:07.364+0000] {processor.py:153} INFO - Started process (PID=250) to work on /home/airflow/.local/lib/python3.7/site-packages/airflow/example_dags/example_sla_dag.py
[2025-10-08T00:51:07.366+0000] {processor.py:743} INFO - Processing file /home/airflow/.local/lib/python3.7/site-packages/airflow/example_dags/example_sla_dag.py for tasks to queue
[2025-10-08T00:51:07.366+0000] {logging_mixin.py:137} INFO - [2025-10-08T00:51:07.366+0000] {dagbag.py:538} INFO - Filling up the DagBag from /home/airflow/.local/lib/python3.7/site-packages/airflow/example_dags/example_sla_dag.py
[2025-10-08T00:51:07.382+0000] {processor.py:753} INFO - DAG(s) dict_keys(['example_sla_dag']) retrieved from /home/airflow/.local/lib/python3.7/site-packages/airflow/example_dags/example_sla_dag.py
[2025-10-08T00:51:07.403+0000] {logging_mixin.py:137} INFO - [2025-10-08T00:51:07.403+0000] {dag.py:2690} INFO - Sync 1 DAGs
[2025-10-08T00:51:07.424+0000] {logging_mixin.py:137} INFO - [2025-10-08T00:51:07.424+0000] {dag.py:3441} INFO - Setting next_dagrun for example_sla_dag to 2025-10-08T00:48:00+00:00, run_after=2025-10-08T00:50:00+00:00
[2025-10-08T00:51:07.437+0000] {processor.py:175} INFO - Processing /home/airflow/.local/lib/python3.7/site-packages/airflow/example_dags/example_sla_dag.py took 0.075 seconds
[2025-10-08T00:51:38.378+0000] {processor.py:153} INFO - Started process (PID=327) to work on /home/airflow/.local/lib/python3.7/site-packages/airflow/example_dags/example_sla_dag.py
[2025-10-08T00:51:38.378+0000] {processor.py:743} INFO - Processing file /home/airflow/.local/lib/python3.7/site-packages/airflow/example_dags/example_sla_dag.py for tasks to queue
[2025-10-08T00:51:38.379+0000] {logging_mixin.py:137} INFO - [2025-10-08T00:51:38.379+0000] {dagbag.py:538} INFO - Filling up the DagBag from /home/airflow/.local/lib/python3.7/site-packages/airflow/example_dags/example_sla_dag.py
[2025-10-08T00:51:38.392+0000] {processor.py:753} INFO - DAG(s) dict_keys(['example_sla_dag']) retrieved from /home/airflow/.local/lib/python3.7/site-packages/airflow/example_dags/example_sla_dag.py
[2025-10-08T00:51:38.419+0000] {logging_mixin.py:137} INFO - [2025-10-08T00:51:38.419+0000] {dag.py:2690} INFO - Sync 1 DAGs
[2025-10-08T00:51:38.438+0000] {logging_mixin.py:137} INFO - [2025-10-08T00:51:38.438+0000] {dag.py:3441} INFO - Setting next_dagrun for example_sla_dag to 2025-10-08T00:48:00+00:00, run_after=2025-10-08T00:50:00+00:00
[2025-10-08T00:51:38.452+0000] {processor.py:175} INFO - Processing /home/airflow/.local/lib/python3.7/site-packages/airflow/example_dags/example_sla_dag.py took 0.076 seconds
[2025-10-08T00:52:09.284+0000] {processor.py:153} INFO - Started process (PID=421) to work on /home/airflow/.local/lib/python3.7/site-packages/airflow/example_dags/example_sla_dag.py
[2025-10-08T00:52:09.284+0000] {processor.py:743} INFO - Processing file /home/airflow/.local/lib/python3.7/site-packages/airflow/example_dags/example_sla_dag.py for tasks to queue
[2025-10-08T00:52:09.285+0000] {logging_mixin.py:137} INFO - [2025-10-08T00:52:09.285+0000] {dagbag.py:538} INFO - Filling up the DagBag from /home/airflow/.local/lib/python3.7/site-packages/airflow/example_dags/example_sla_dag.py
[2025-10-08T00:52:09.297+0000] {processor.py:753} INFO - DAG(s) dict_keys(['example_sla_dag']) retrieved from /home/airflow/.local/lib/python3.7/site-packages/airflow/example_dags/example_sla_dag.py
[2025-10-08T00:52:09.315+0000] {logging_mixin.py:137} INFO - [2025-10-08T00:52:09.315+0000] {dag.py:2690} INFO - Sync 1 DAGs
[2025-10-08T00:52:09.332+0000] {logging_mixin.py:137} INFO - [2025-10-08T00:52:09.331+0000] {dag.py:3441} INFO - Setting next_dagrun for example_sla_dag to 2025-10-08T00:50:00+00:00, run_after=2025-10-08T00:52:00+00:00
[2025-10-08T00:52:09.345+0000] {processor.py:175} INFO - Processing /home/airflow/.local/lib/python3.7/site-packages/airflow/example_dags/example_sla_dag.py took 0.063 seconds
[2025-10-08T00:52:40.244+0000] {processor.py:153} INFO - Started process (PID=516) to work on /home/airflow/.local/lib/python3.7/site-packages/airflow/example_dags/example_sla_dag.py
[2025-10-08T00:52:40.245+0000] {processor.py:743} INFO - Processing file /home/airflow/.local/lib/python3.7/site-packages/airflow/example_dags/example_sla_dag.py for tasks to queue
[2025-10-08T00:52:40.245+0000] {logging_mixin.py:137} INFO - [2025-10-08T00:52:40.245+0000] {dagbag.py:538} INFO - Filling up the DagBag from /home/airflow/.local/lib/python3.7/site-packages/airflow/example_dags/example_sla_dag.py
[2025-10-08T00:52:40.256+0000] {processor.py:753} INFO - DAG(s) dict_keys(['example_sla_dag']) retrieved from /home/airflow/.local/lib/python3.7/site-packages/airflow/example_dags/example_sla_dag.py
[2025-10-08T00:52:40.276+0000] {logging_mixin.py:137} INFO - [2025-10-08T00:52:40.276+0000] {dag.py:2690} INFO - Sync 1 DAGs
[2025-10-08T00:52:40.290+0000] {logging_mixin.py:137} INFO - [2025-10-08T00:52:40.290+0000] {dag.py:3441} INFO - Setting next_dagrun for example_sla_dag to 2025-10-08T00:50:00+00:00, run_after=2025-10-08T00:52:00+00:00
[2025-10-08T00:52:40.304+0000] {processor.py:175} INFO - Processing /home/airflow/.local/lib/python3.7/site-packages/airflow/example_dags/example_sla_dag.py took 0.062 seconds
[2025-10-08T00:54:15.679+0000] {processor.py:153} INFO - Started process (PID=122) to work on /home/airflow/.local/lib/python3.7/site-packages/airflow/example_dags/example_sla_dag.py
[2025-10-08T00:54:15.680+0000] {processor.py:743} INFO - Processing file /home/airflow/.local/lib/python3.7/site-packages/airflow/example_dags/example_sla_dag.py for tasks to queue
[2025-10-08T00:54:15.681+0000] {logging_mixin.py:137} INFO - [2025-10-08T00:54:15.681+0000] {dagbag.py:538} INFO - Filling up the DagBag from /home/airflow/.local/lib/python3.7/site-packages/airflow/example_dags/example_sla_dag.py
[2025-10-08T00:54:15.709+0000] {processor.py:753} INFO - DAG(s) dict_keys(['example_sla_dag']) retrieved from /home/airflow/.local/lib/python3.7/site-packages/airflow/example_dags/example_sla_dag.py
[2025-10-08T00:54:15.730+0000] {logging_mixin.py:137} INFO - [2025-10-08T00:54:15.730+0000] {dag.py:2690} INFO - Sync 1 DAGs
[2025-10-08T00:54:15.752+0000] {logging_mixin.py:137} INFO - [2025-10-08T00:54:15.752+0000] {dag.py:3441} INFO - Setting next_dagrun for example_sla_dag to 2025-10-08T00:52:00+00:00, run_after=2025-10-08T00:54:00+00:00
[2025-10-08T00:54:15.774+0000] {processor.py:175} INFO - Processing /home/airflow/.local/lib/python3.7/site-packages/airflow/example_dags/example_sla_dag.py took 0.097 seconds
[2025-10-08T00:54:46.138+0000] {processor.py:153} INFO - Started process (PID=199) to work on /home/airflow/.local/lib/python3.7/site-packages/airflow/example_dags/example_sla_dag.py
[2025-10-08T00:54:46.139+0000] {processor.py:743} INFO - Processing file /home/airflow/.local/lib/python3.7/site-packages/airflow/example_dags/example_sla_dag.py for tasks to queue
[2025-10-08T00:54:46.140+0000] {logging_mixin.py:137} INFO - [2025-10-08T00:54:46.140+0000] {dagbag.py:538} INFO - Filling up the DagBag from /home/airflow/.local/lib/python3.7/site-packages/airflow/example_dags/example_sla_dag.py
[2025-10-08T00:54:46.155+0000] {processor.py:753} INFO - DAG(s) dict_keys(['example_sla_dag']) retrieved from /home/airflow/.local/lib/python3.7/site-packages/airflow/example_dags/example_sla_dag.py
[2025-10-08T00:54:46.173+0000] {logging_mixin.py:137} INFO - [2025-10-08T00:54:46.173+0000] {dag.py:2690} INFO - Sync 1 DAGs
[2025-10-08T00:54:46.198+0000] {logging_mixin.py:137} INFO - [2025-10-08T00:54:46.198+0000] {dag.py:3441} INFO - Setting next_dagrun for example_sla_dag to 2025-10-08T00:52:00+00:00, run_after=2025-10-08T00:54:00+00:00
[2025-10-08T00:54:46.216+0000] {processor.py:175} INFO - Processing /home/airflow/.local/lib/python3.7/site-packages/airflow/example_dags/example_sla_dag.py took 0.082 seconds
[2025-10-08T00:55:16.899+0000] {processor.py:153} INFO - Started process (PID=292) to work on /home/airflow/.local/lib/python3.7/site-packages/airflow/example_dags/example_sla_dag.py
[2025-10-08T00:55:16.901+0000] {processor.py:743} INFO - Processing file /home/airflow/.local/lib/python3.7/site-packages/airflow/example_dags/example_sla_dag.py for tasks to queue
[2025-10-08T00:55:16.904+0000] {logging_mixin.py:137} INFO - [2025-10-08T00:55:16.904+0000] {dagbag.py:538} INFO - Filling up the DagBag from /home/airflow/.local/lib/python3.7/site-packages/airflow/example_dags/example_sla_dag.py
[2025-10-08T00:55:16.917+0000] {processor.py:753} INFO - DAG(s) dict_keys(['example_sla_dag']) retrieved from /home/airflow/.local/lib/python3.7/site-packages/airflow/example_dags/example_sla_dag.py
[2025-10-08T00:55:16.935+0000] {logging_mixin.py:137} INFO - [2025-10-08T00:55:16.935+0000] {dag.py:2690} INFO - Sync 1 DAGs
[2025-10-08T00:55:16.952+0000] {logging_mixin.py:137} INFO - [2025-10-08T00:55:16.952+0000] {dag.py:3441} INFO - Setting next_dagrun for example_sla_dag to 2025-10-08T00:52:00+00:00, run_after=2025-10-08T00:54:00+00:00
[2025-10-08T00:55:16.970+0000] {processor.py:175} INFO - Processing /home/airflow/.local/lib/python3.7/site-packages/airflow/example_dags/example_sla_dag.py took 0.073 seconds
[2025-10-08T00:55:47.743+0000] {processor.py:153} INFO - Started process (PID=387) to work on /home/airflow/.local/lib/python3.7/site-packages/airflow/example_dags/example_sla_dag.py
[2025-10-08T00:55:47.744+0000] {processor.py:743} INFO - Processing file /home/airflow/.local/lib/python3.7/site-packages/airflow/example_dags/example_sla_dag.py for tasks to queue
[2025-10-08T00:55:47.745+0000] {logging_mixin.py:137} INFO - [2025-10-08T00:55:47.745+0000] {dagbag.py:538} INFO - Filling up the DagBag from /home/airflow/.local/lib/python3.7/site-packages/airflow/example_dags/example_sla_dag.py
[2025-10-08T00:55:47.759+0000] {processor.py:753} INFO - DAG(s) dict_keys(['example_sla_dag']) retrieved from /home/airflow/.local/lib/python3.7/site-packages/airflow/example_dags/example_sla_dag.py
[2025-10-08T00:55:47.774+0000] {logging_mixin.py:137} INFO - [2025-10-08T00:55:47.774+0000] {dag.py:2690} INFO - Sync 1 DAGs
[2025-10-08T00:55:47.793+0000] {logging_mixin.py:137} INFO - [2025-10-08T00:55:47.793+0000] {dag.py:3441} INFO - Setting next_dagrun for example_sla_dag to 2025-10-08T00:52:00+00:00, run_after=2025-10-08T00:54:00+00:00
[2025-10-08T00:55:47.804+0000] {processor.py:175} INFO - Processing /home/airflow/.local/lib/python3.7/site-packages/airflow/example_dags/example_sla_dag.py took 0.063 seconds
[2025-10-08T00:56:18.701+0000] {processor.py:153} INFO - Started process (PID=482) to work on /home/airflow/.local/lib/python3.7/site-packages/airflow/example_dags/example_sla_dag.py
[2025-10-08T00:56:18.702+0000] {processor.py:743} INFO - Processing file /home/airflow/.local/lib/python3.7/site-packages/airflow/example_dags/example_sla_dag.py for tasks to queue
[2025-10-08T00:56:18.702+0000] {logging_mixin.py:137} INFO - [2025-10-08T00:56:18.702+0000] {dagbag.py:538} INFO - Filling up the DagBag from /home/airflow/.local/lib/python3.7/site-packages/airflow/example_dags/example_sla_dag.py
[2025-10-08T00:56:18.715+0000] {processor.py:753} INFO - DAG(s) dict_keys(['example_sla_dag']) retrieved from /home/airflow/.local/lib/python3.7/site-packages/airflow/example_dags/example_sla_dag.py
[2025-10-08T00:56:18.730+0000] {logging_mixin.py:137} INFO - [2025-10-08T00:56:18.730+0000] {dag.py:2690} INFO - Sync 1 DAGs
[2025-10-08T00:56:18.745+0000] {logging_mixin.py:137} INFO - [2025-10-08T00:56:18.745+0000] {dag.py:3441} INFO - Setting next_dagrun for example_sla_dag to 2025-10-08T00:54:00+00:00, run_after=2025-10-08T00:56:00+00:00
[2025-10-08T00:56:18.756+0000] {processor.py:175} INFO - Processing /home/airflow/.local/lib/python3.7/site-packages/airflow/example_dags/example_sla_dag.py took 0.058 seconds
[2025-10-08T00:56:49.484+0000] {processor.py:153} INFO - Started process (PID=559) to work on /home/airflow/.local/lib/python3.7/site-packages/airflow/example_dags/example_sla_dag.py
[2025-10-08T00:56:49.485+0000] {processor.py:743} INFO - Processing file /home/airflow/.local/lib/python3.7/site-packages/airflow/example_dags/example_sla_dag.py for tasks to queue
[2025-10-08T00:56:49.485+0000] {logging_mixin.py:137} INFO - [2025-10-08T00:56:49.485+0000] {dagbag.py:538} INFO - Filling up the DagBag from /home/airflow/.local/lib/python3.7/site-packages/airflow/example_dags/example_sla_dag.py
[2025-10-08T00:56:49.498+0000] {processor.py:753} INFO - DAG(s) dict_keys(['example_sla_dag']) retrieved from /home/airflow/.local/lib/python3.7/site-packages/airflow/example_dags/example_sla_dag.py
[2025-10-08T00:56:49.513+0000] {logging_mixin.py:137} INFO - [2025-10-08T00:56:49.513+0000] {dag.py:2690} INFO - Sync 1 DAGs
[2025-10-08T00:56:49.529+0000] {logging_mixin.py:137} INFO - [2025-10-08T00:56:49.529+0000] {dag.py:3441} INFO - Setting next_dagrun for example_sla_dag to 2025-10-08T00:54:00+00:00, run_after=2025-10-08T00:56:00+00:00
[2025-10-08T00:56:49.540+0000] {processor.py:175} INFO - Processing /home/airflow/.local/lib/python3.7/site-packages/airflow/example_dags/example_sla_dag.py took 0.057 seconds
[2025-10-08T00:57:19.604+0000] {processor.py:153} INFO - Started process (PID=654) to work on /home/airflow/.local/lib/python3.7/site-packages/airflow/example_dags/example_sla_dag.py
[2025-10-08T00:57:19.605+0000] {processor.py:743} INFO - Processing file /home/airflow/.local/lib/python3.7/site-packages/airflow/example_dags/example_sla_dag.py for tasks to queue
[2025-10-08T00:57:19.606+0000] {logging_mixin.py:137} INFO - [2025-10-08T00:57:19.606+0000] {dagbag.py:538} INFO - Filling up the DagBag from /home/airflow/.local/lib/python3.7/site-packages/airflow/example_dags/example_sla_dag.py
[2025-10-08T00:57:19.619+0000] {processor.py:753} INFO - DAG(s) dict_keys(['example_sla_dag']) retrieved from /home/airflow/.local/lib/python3.7/site-packages/airflow/example_dags/example_sla_dag.py
[2025-10-08T00:57:19.637+0000] {logging_mixin.py:137} INFO - [2025-10-08T00:57:19.637+0000] {dag.py:2690} INFO - Sync 1 DAGs
[2025-10-08T00:57:19.653+0000] {logging_mixin.py:137} INFO - [2025-10-08T00:57:19.653+0000] {dag.py:3441} INFO - Setting next_dagrun for example_sla_dag to 2025-10-08T00:54:00+00:00, run_after=2025-10-08T00:56:00+00:00
[2025-10-08T00:57:19.664+0000] {processor.py:175} INFO - Processing /home/airflow/.local/lib/python3.7/site-packages/airflow/example_dags/example_sla_dag.py took 0.062 seconds
[2025-10-08T00:57:50.557+0000] {processor.py:153} INFO - Started process (PID=749) to work on /home/airflow/.local/lib/python3.7/site-packages/airflow/example_dags/example_sla_dag.py
[2025-10-08T00:57:50.559+0000] {processor.py:743} INFO - Processing file /home/airflow/.local/lib/python3.7/site-packages/airflow/example_dags/example_sla_dag.py for tasks to queue
[2025-10-08T00:57:50.560+0000] {logging_mixin.py:137} INFO - [2025-10-08T00:57:50.560+0000] {dagbag.py:538} INFO - Filling up the DagBag from /home/airflow/.local/lib/python3.7/site-packages/airflow/example_dags/example_sla_dag.py
[2025-10-08T00:57:50.574+0000] {processor.py:753} INFO - DAG(s) dict_keys(['example_sla_dag']) retrieved from /home/airflow/.local/lib/python3.7/site-packages/airflow/example_dags/example_sla_dag.py
[2025-10-08T00:57:50.593+0000] {logging_mixin.py:137} INFO - [2025-10-08T00:57:50.593+0000] {dag.py:2690} INFO - Sync 1 DAGs
[2025-10-08T00:57:50.611+0000] {logging_mixin.py:137} INFO - [2025-10-08T00:57:50.611+0000] {dag.py:3441} INFO - Setting next_dagrun for example_sla_dag to 2025-10-08T00:54:00+00:00, run_after=2025-10-08T00:56:00+00:00
[2025-10-08T00:57:50.622+0000] {processor.py:175} INFO - Processing /home/airflow/.local/lib/python3.7/site-packages/airflow/example_dags/example_sla_dag.py took 0.067 seconds
[2025-10-08T00:58:21.460+0000] {processor.py:153} INFO - Started process (PID=826) to work on /home/airflow/.local/lib/python3.7/site-packages/airflow/example_dags/example_sla_dag.py
[2025-10-08T00:58:21.461+0000] {processor.py:743} INFO - Processing file /home/airflow/.local/lib/python3.7/site-packages/airflow/example_dags/example_sla_dag.py for tasks to queue
[2025-10-08T00:58:21.461+0000] {logging_mixin.py:137} INFO - [2025-10-08T00:58:21.461+0000] {dagbag.py:538} INFO - Filling up the DagBag from /home/airflow/.local/lib/python3.7/site-packages/airflow/example_dags/example_sla_dag.py
[2025-10-08T00:58:21.474+0000] {processor.py:753} INFO - DAG(s) dict_keys(['example_sla_dag']) retrieved from /home/airflow/.local/lib/python3.7/site-packages/airflow/example_dags/example_sla_dag.py
[2025-10-08T00:58:21.488+0000] {logging_mixin.py:137} INFO - [2025-10-08T00:58:21.488+0000] {dag.py:2690} INFO - Sync 1 DAGs
[2025-10-08T00:58:21.505+0000] {logging_mixin.py:137} INFO - [2025-10-08T00:58:21.504+0000] {dag.py:3441} INFO - Setting next_dagrun for example_sla_dag to 2025-10-08T00:56:00+00:00, run_after=2025-10-08T00:58:00+00:00
[2025-10-08T00:58:21.516+0000] {processor.py:175} INFO - Processing /home/airflow/.local/lib/python3.7/site-packages/airflow/example_dags/example_sla_dag.py took 0.058 seconds
[2025-10-08T00:58:52.515+0000] {processor.py:153} INFO - Started process (PID=921) to work on /home/airflow/.local/lib/python3.7/site-packages/airflow/example_dags/example_sla_dag.py
[2025-10-08T00:58:52.516+0000] {processor.py:743} INFO - Processing file /home/airflow/.local/lib/python3.7/site-packages/airflow/example_dags/example_sla_dag.py for tasks to queue
[2025-10-08T00:58:52.516+0000] {logging_mixin.py:137} INFO - [2025-10-08T00:58:52.516+0000] {dagbag.py:538} INFO - Filling up the DagBag from /home/airflow/.local/lib/python3.7/site-packages/airflow/example_dags/example_sla_dag.py
[2025-10-08T00:58:52.532+0000] {processor.py:753} INFO - DAG(s) dict_keys(['example_sla_dag']) retrieved from /home/airflow/.local/lib/python3.7/site-packages/airflow/example_dags/example_sla_dag.py
[2025-10-08T00:58:52.548+0000] {logging_mixin.py:137} INFO - [2025-10-08T00:58:52.548+0000] {dag.py:2690} INFO - Sync 1 DAGs
[2025-10-08T00:58:52.567+0000] {logging_mixin.py:137} INFO - [2025-10-08T00:58:52.567+0000] {dag.py:3441} INFO - Setting next_dagrun for example_sla_dag to 2025-10-08T00:56:00+00:00, run_after=2025-10-08T00:58:00+00:00
[2025-10-08T00:58:52.579+0000] {processor.py:175} INFO - Processing /home/airflow/.local/lib/python3.7/site-packages/airflow/example_dags/example_sla_dag.py took 0.066 seconds
[2025-10-08T00:59:22.624+0000] {processor.py:153} INFO - Started process (PID=1016) to work on /home/airflow/.local/lib/python3.7/site-packages/airflow/example_dags/example_sla_dag.py
[2025-10-08T00:59:22.625+0000] {processor.py:743} INFO - Processing file /home/airflow/.local/lib/python3.7/site-packages/airflow/example_dags/example_sla_dag.py for tasks to queue
[2025-10-08T00:59:22.625+0000] {logging_mixin.py:137} INFO - [2025-10-08T00:59:22.625+0000] {dagbag.py:538} INFO - Filling up the DagBag from /home/airflow/.local/lib/python3.7/site-packages/airflow/example_dags/example_sla_dag.py
[2025-10-08T00:59:22.639+0000] {processor.py:753} INFO - DAG(s) dict_keys(['example_sla_dag']) retrieved from /home/airflow/.local/lib/python3.7/site-packages/airflow/example_dags/example_sla_dag.py
[2025-10-08T00:59:22.656+0000] {logging_mixin.py:137} INFO - [2025-10-08T00:59:22.656+0000] {dag.py:2690} INFO - Sync 1 DAGs
[2025-10-08T00:59:22.674+0000] {logging_mixin.py:137} INFO - [2025-10-08T00:59:22.674+0000] {dag.py:3441} INFO - Setting next_dagrun for example_sla_dag to 2025-10-08T00:56:00+00:00, run_after=2025-10-08T00:58:00+00:00
[2025-10-08T00:59:22.687+0000] {processor.py:175} INFO - Processing /home/airflow/.local/lib/python3.7/site-packages/airflow/example_dags/example_sla_dag.py took 0.064 seconds
[2025-10-08T00:59:53.467+0000] {processor.py:153} INFO - Started process (PID=1111) to work on /home/airflow/.local/lib/python3.7/site-packages/airflow/example_dags/example_sla_dag.py
[2025-10-08T00:59:53.468+0000] {processor.py:743} INFO - Processing file /home/airflow/.local/lib/python3.7/site-packages/airflow/example_dags/example_sla_dag.py for tasks to queue
[2025-10-08T00:59:53.468+0000] {logging_mixin.py:137} INFO - [2025-10-08T00:59:53.468+0000] {dagbag.py:538} INFO - Filling up the DagBag from /home/airflow/.local/lib/python3.7/site-packages/airflow/example_dags/example_sla_dag.py
[2025-10-08T00:59:53.481+0000] {processor.py:753} INFO - DAG(s) dict_keys(['example_sla_dag']) retrieved from /home/airflow/.local/lib/python3.7/site-packages/airflow/example_dags/example_sla_dag.py
[2025-10-08T00:59:53.498+0000] {logging_mixin.py:137} INFO - [2025-10-08T00:59:53.498+0000] {dag.py:2690} INFO - Sync 1 DAGs
[2025-10-08T00:59:53.514+0000] {logging_mixin.py:137} INFO - [2025-10-08T00:59:53.514+0000] {dag.py:3441} INFO - Setting next_dagrun for example_sla_dag to 2025-10-08T00:56:00+00:00, run_after=2025-10-08T00:58:00+00:00
[2025-10-08T00:59:53.528+0000] {processor.py:175} INFO - Processing /home/airflow/.local/lib/python3.7/site-packages/airflow/example_dags/example_sla_dag.py took 0.064 seconds
[2025-10-08T01:00:24.291+0000] {processor.py:153} INFO - Started process (PID=1188) to work on /home/airflow/.local/lib/python3.7/site-packages/airflow/example_dags/example_sla_dag.py
[2025-10-08T01:00:24.292+0000] {processor.py:743} INFO - Processing file /home/airflow/.local/lib/python3.7/site-packages/airflow/example_dags/example_sla_dag.py for tasks to queue
[2025-10-08T01:00:24.292+0000] {logging_mixin.py:137} INFO - [2025-10-08T01:00:24.292+0000] {dagbag.py:538} INFO - Filling up the DagBag from /home/airflow/.local/lib/python3.7/site-packages/airflow/example_dags/example_sla_dag.py
[2025-10-08T01:00:24.305+0000] {processor.py:753} INFO - DAG(s) dict_keys(['example_sla_dag']) retrieved from /home/airflow/.local/lib/python3.7/site-packages/airflow/example_dags/example_sla_dag.py
[2025-10-08T01:00:24.319+0000] {logging_mixin.py:137} INFO - [2025-10-08T01:00:24.319+0000] {dag.py:2690} INFO - Sync 1 DAGs
[2025-10-08T01:00:24.333+0000] {logging_mixin.py:137} INFO - [2025-10-08T01:00:24.333+0000] {dag.py:3441} INFO - Setting next_dagrun for example_sla_dag to 2025-10-08T00:58:00+00:00, run_after=2025-10-08T01:00:00+00:00
[2025-10-08T01:00:24.342+0000] {processor.py:175} INFO - Processing /home/airflow/.local/lib/python3.7/site-packages/airflow/example_dags/example_sla_dag.py took 0.053 seconds
[2025-10-08T01:00:55.197+0000] {processor.py:153} INFO - Started process (PID=1283) to work on /home/airflow/.local/lib/python3.7/site-packages/airflow/example_dags/example_sla_dag.py
[2025-10-08T01:00:55.197+0000] {processor.py:743} INFO - Processing file /home/airflow/.local/lib/python3.7/site-packages/airflow/example_dags/example_sla_dag.py for tasks to queue
[2025-10-08T01:00:55.198+0000] {logging_mixin.py:137} INFO - [2025-10-08T01:00:55.198+0000] {dagbag.py:538} INFO - Filling up the DagBag from /home/airflow/.local/lib/python3.7/site-packages/airflow/example_dags/example_sla_dag.py
[2025-10-08T01:00:55.210+0000] {processor.py:753} INFO - DAG(s) dict_keys(['example_sla_dag']) retrieved from /home/airflow/.local/lib/python3.7/site-packages/airflow/example_dags/example_sla_dag.py
[2025-10-08T01:00:55.225+0000] {logging_mixin.py:137} INFO - [2025-10-08T01:00:55.225+0000] {dag.py:2690} INFO - Sync 1 DAGs
[2025-10-08T01:00:55.241+0000] {logging_mixin.py:137} INFO - [2025-10-08T01:00:55.241+0000] {dag.py:3441} INFO - Setting next_dagrun for example_sla_dag to 2025-10-08T00:58:00+00:00, run_after=2025-10-08T01:00:00+00:00
[2025-10-08T01:00:55.254+0000] {processor.py:175} INFO - Processing /home/airflow/.local/lib/python3.7/site-packages/airflow/example_dags/example_sla_dag.py took 0.059 seconds
[2025-10-08T01:01:25.978+0000] {processor.py:153} INFO - Started process (PID=1378) to work on /home/airflow/.local/lib/python3.7/site-packages/airflow/example_dags/example_sla_dag.py
[2025-10-08T01:01:25.979+0000] {processor.py:743} INFO - Processing file /home/airflow/.local/lib/python3.7/site-packages/airflow/example_dags/example_sla_dag.py for tasks to queue
[2025-10-08T01:01:25.979+0000] {logging_mixin.py:137} INFO - [2025-10-08T01:01:25.979+0000] {dagbag.py:538} INFO - Filling up the DagBag from /home/airflow/.local/lib/python3.7/site-packages/airflow/example_dags/example_sla_dag.py
[2025-10-08T01:01:25.992+0000] {processor.py:753} INFO - DAG(s) dict_keys(['example_sla_dag']) retrieved from /home/airflow/.local/lib/python3.7/site-packages/airflow/example_dags/example_sla_dag.py
[2025-10-08T01:01:26.006+0000] {logging_mixin.py:137} INFO - [2025-10-08T01:01:26.006+0000] {dag.py:2690} INFO - Sync 1 DAGs
[2025-10-08T01:01:26.021+0000] {logging_mixin.py:137} INFO - [2025-10-08T01:01:26.021+0000] {dag.py:3441} INFO - Setting next_dagrun for example_sla_dag to 2025-10-08T00:58:00+00:00, run_after=2025-10-08T01:00:00+00:00
[2025-10-08T01:01:26.032+0000] {processor.py:175} INFO - Processing /home/airflow/.local/lib/python3.7/site-packages/airflow/example_dags/example_sla_dag.py took 0.056 seconds
