[2025-10-08T00:50:04.677+0000] {processor.py:153} INFO - Started process (PID=46) to work on /home/airflow/.local/lib/python3.7/site-packages/airflow/example_dags/example_short_circuit_decorator.py
[2025-10-08T00:50:04.677+0000] {processor.py:743} INFO - Processing file /home/airflow/.local/lib/python3.7/site-packages/airflow/example_dags/example_short_circuit_decorator.py for tasks to queue
[2025-10-08T00:50:04.678+0000] {logging_mixin.py:137} INFO - [2025-10-08T00:50:04.678+0000] {dagbag.py:538} INFO - Filling up the DagBag from /home/airflow/.local/lib/python3.7/site-packages/airflow/example_dags/example_short_circuit_decorator.py
[2025-10-08T00:50:04.693+0000] {processor.py:753} INFO - DAG(s) dict_keys(['example_short_circuit_decorator']) retrieved from /home/airflow/.local/lib/python3.7/site-packages/airflow/example_dags/example_short_circuit_decorator.py
[2025-10-08T00:50:04.700+0000] {logging_mixin.py:137} INFO - [2025-10-08T00:50:04.700+0000] {dag.py:2690} INFO - Sync 1 DAGs
[2025-10-08T00:50:04.715+0000] {logging_mixin.py:137} INFO - [2025-10-08T00:50:04.714+0000] {dag.py:3441} INFO - Setting next_dagrun for example_short_circuit_decorator to 2025-10-07T00:50:04.714762+00:00, run_after=2025-10-08T00:50:04.714762+00:00
[2025-10-08T00:50:04.725+0000] {processor.py:175} INFO - Processing /home/airflow/.local/lib/python3.7/site-packages/airflow/example_dags/example_short_circuit_decorator.py took 0.050 seconds
[2025-10-08T00:50:35.164+0000] {processor.py:153} INFO - Started process (PID=139) to work on /home/airflow/.local/lib/python3.7/site-packages/airflow/example_dags/example_short_circuit_decorator.py
[2025-10-08T00:50:35.165+0000] {processor.py:743} INFO - Processing file /home/airflow/.local/lib/python3.7/site-packages/airflow/example_dags/example_short_circuit_decorator.py for tasks to queue
[2025-10-08T00:50:35.166+0000] {logging_mixin.py:137} INFO - [2025-10-08T00:50:35.166+0000] {dagbag.py:538} INFO - Filling up the DagBag from /home/airflow/.local/lib/python3.7/site-packages/airflow/example_dags/example_short_circuit_decorator.py
[2025-10-08T00:50:35.182+0000] {processor.py:753} INFO - DAG(s) dict_keys(['example_short_circuit_decorator']) retrieved from /home/airflow/.local/lib/python3.7/site-packages/airflow/example_dags/example_short_circuit_decorator.py
[2025-10-08T00:50:35.200+0000] {logging_mixin.py:137} INFO - [2025-10-08T00:50:35.200+0000] {dag.py:2690} INFO - Sync 1 DAGs
[2025-10-08T00:50:35.217+0000] {logging_mixin.py:137} INFO - [2025-10-08T00:50:35.217+0000] {dag.py:3441} INFO - Setting next_dagrun for example_short_circuit_decorator to 2025-10-07T00:50:35.217758+00:00, run_after=2025-10-08T00:50:35.217758+00:00
[2025-10-08T00:50:35.234+0000] {processor.py:175} INFO - Processing /home/airflow/.local/lib/python3.7/site-packages/airflow/example_dags/example_short_circuit_decorator.py took 0.072 seconds
[2025-10-08T00:51:05.342+0000] {processor.py:153} INFO - Started process (PID=216) to work on /home/airflow/.local/lib/python3.7/site-packages/airflow/example_dags/example_short_circuit_decorator.py
[2025-10-08T00:51:05.343+0000] {processor.py:743} INFO - Processing file /home/airflow/.local/lib/python3.7/site-packages/airflow/example_dags/example_short_circuit_decorator.py for tasks to queue
[2025-10-08T00:51:05.343+0000] {logging_mixin.py:137} INFO - [2025-10-08T00:51:05.343+0000] {dagbag.py:538} INFO - Filling up the DagBag from /home/airflow/.local/lib/python3.7/site-packages/airflow/example_dags/example_short_circuit_decorator.py
[2025-10-08T00:51:05.356+0000] {processor.py:753} INFO - DAG(s) dict_keys(['example_short_circuit_decorator']) retrieved from /home/airflow/.local/lib/python3.7/site-packages/airflow/example_dags/example_short_circuit_decorator.py
[2025-10-08T00:51:05.378+0000] {logging_mixin.py:137} INFO - [2025-10-08T00:51:05.378+0000] {dag.py:2690} INFO - Sync 1 DAGs
[2025-10-08T00:51:05.395+0000] {logging_mixin.py:137} INFO - [2025-10-08T00:51:05.395+0000] {dag.py:3441} INFO - Setting next_dagrun for example_short_circuit_decorator to 2025-10-07T00:51:05.395634+00:00, run_after=2025-10-08T00:51:05.395634+00:00
[2025-10-08T00:51:05.408+0000] {processor.py:175} INFO - Processing /home/airflow/.local/lib/python3.7/site-packages/airflow/example_dags/example_short_circuit_decorator.py took 0.068 seconds
[2025-10-08T00:51:35.550+0000] {processor.py:153} INFO - Started process (PID=311) to work on /home/airflow/.local/lib/python3.7/site-packages/airflow/example_dags/example_short_circuit_decorator.py
[2025-10-08T00:51:35.552+0000] {processor.py:743} INFO - Processing file /home/airflow/.local/lib/python3.7/site-packages/airflow/example_dags/example_short_circuit_decorator.py for tasks to queue
[2025-10-08T00:51:35.552+0000] {logging_mixin.py:137} INFO - [2025-10-08T00:51:35.552+0000] {dagbag.py:538} INFO - Filling up the DagBag from /home/airflow/.local/lib/python3.7/site-packages/airflow/example_dags/example_short_circuit_decorator.py
[2025-10-08T00:51:35.563+0000] {processor.py:753} INFO - DAG(s) dict_keys(['example_short_circuit_decorator']) retrieved from /home/airflow/.local/lib/python3.7/site-packages/airflow/example_dags/example_short_circuit_decorator.py
[2025-10-08T00:51:35.580+0000] {logging_mixin.py:137} INFO - [2025-10-08T00:51:35.580+0000] {dag.py:2690} INFO - Sync 1 DAGs
[2025-10-08T00:51:35.596+0000] {logging_mixin.py:137} INFO - [2025-10-08T00:51:35.596+0000] {dag.py:3441} INFO - Setting next_dagrun for example_short_circuit_decorator to 2025-10-07T00:51:35.596284+00:00, run_after=2025-10-08T00:51:35.596284+00:00
[2025-10-08T00:51:35.610+0000] {processor.py:175} INFO - Processing /home/airflow/.local/lib/python3.7/site-packages/airflow/example_dags/example_short_circuit_decorator.py took 0.061 seconds
[2025-10-08T00:52:06.613+0000] {processor.py:153} INFO - Started process (PID=405) to work on /home/airflow/.local/lib/python3.7/site-packages/airflow/example_dags/example_short_circuit_decorator.py
[2025-10-08T00:52:06.613+0000] {processor.py:743} INFO - Processing file /home/airflow/.local/lib/python3.7/site-packages/airflow/example_dags/example_short_circuit_decorator.py for tasks to queue
[2025-10-08T00:52:06.614+0000] {logging_mixin.py:137} INFO - [2025-10-08T00:52:06.614+0000] {dagbag.py:538} INFO - Filling up the DagBag from /home/airflow/.local/lib/python3.7/site-packages/airflow/example_dags/example_short_circuit_decorator.py
[2025-10-08T00:52:06.627+0000] {processor.py:753} INFO - DAG(s) dict_keys(['example_short_circuit_decorator']) retrieved from /home/airflow/.local/lib/python3.7/site-packages/airflow/example_dags/example_short_circuit_decorator.py
[2025-10-08T00:52:06.641+0000] {logging_mixin.py:137} INFO - [2025-10-08T00:52:06.641+0000] {dag.py:2690} INFO - Sync 1 DAGs
[2025-10-08T00:52:06.655+0000] {logging_mixin.py:137} INFO - [2025-10-08T00:52:06.655+0000] {dag.py:3441} INFO - Setting next_dagrun for example_short_circuit_decorator to 2025-10-07T00:52:06.655678+00:00, run_after=2025-10-08T00:52:06.655678+00:00
[2025-10-08T00:52:06.673+0000] {processor.py:175} INFO - Processing /home/airflow/.local/lib/python3.7/site-packages/airflow/example_dags/example_short_circuit_decorator.py took 0.062 seconds
[2025-10-08T00:52:37.556+0000] {processor.py:153} INFO - Started process (PID=500) to work on /home/airflow/.local/lib/python3.7/site-packages/airflow/example_dags/example_short_circuit_decorator.py
[2025-10-08T00:52:37.557+0000] {processor.py:743} INFO - Processing file /home/airflow/.local/lib/python3.7/site-packages/airflow/example_dags/example_short_circuit_decorator.py for tasks to queue
[2025-10-08T00:52:37.557+0000] {logging_mixin.py:137} INFO - [2025-10-08T00:52:37.557+0000] {dagbag.py:538} INFO - Filling up the DagBag from /home/airflow/.local/lib/python3.7/site-packages/airflow/example_dags/example_short_circuit_decorator.py
[2025-10-08T00:52:37.571+0000] {processor.py:753} INFO - DAG(s) dict_keys(['example_short_circuit_decorator']) retrieved from /home/airflow/.local/lib/python3.7/site-packages/airflow/example_dags/example_short_circuit_decorator.py
[2025-10-08T00:52:37.594+0000] {logging_mixin.py:137} INFO - [2025-10-08T00:52:37.594+0000] {dag.py:2690} INFO - Sync 1 DAGs
[2025-10-08T00:52:37.612+0000] {logging_mixin.py:137} INFO - [2025-10-08T00:52:37.612+0000] {dag.py:3441} INFO - Setting next_dagrun for example_short_circuit_decorator to 2025-10-07T00:52:37.612350+00:00, run_after=2025-10-08T00:52:37.612350+00:00
[2025-10-08T00:52:37.628+0000] {processor.py:175} INFO - Processing /home/airflow/.local/lib/python3.7/site-packages/airflow/example_dags/example_short_circuit_decorator.py took 0.074 seconds
[2025-10-08T00:54:14.489+0000] {processor.py:153} INFO - Started process (PID=108) to work on /home/airflow/.local/lib/python3.7/site-packages/airflow/example_dags/example_short_circuit_decorator.py
[2025-10-08T00:54:14.490+0000] {processor.py:743} INFO - Processing file /home/airflow/.local/lib/python3.7/site-packages/airflow/example_dags/example_short_circuit_decorator.py for tasks to queue
[2025-10-08T00:54:14.490+0000] {logging_mixin.py:137} INFO - [2025-10-08T00:54:14.490+0000] {dagbag.py:538} INFO - Filling up the DagBag from /home/airflow/.local/lib/python3.7/site-packages/airflow/example_dags/example_short_circuit_decorator.py
[2025-10-08T00:54:14.504+0000] {processor.py:753} INFO - DAG(s) dict_keys(['example_short_circuit_decorator']) retrieved from /home/airflow/.local/lib/python3.7/site-packages/airflow/example_dags/example_short_circuit_decorator.py
[2025-10-08T00:54:14.521+0000] {logging_mixin.py:137} INFO - [2025-10-08T00:54:14.521+0000] {dag.py:2690} INFO - Sync 1 DAGs
[2025-10-08T00:54:14.536+0000] {logging_mixin.py:137} INFO - [2025-10-08T00:54:14.535+0000] {dag.py:3441} INFO - Setting next_dagrun for example_short_circuit_decorator to 2025-10-07T00:54:14.535772+00:00, run_after=2025-10-08T00:54:14.535772+00:00
[2025-10-08T00:54:14.548+0000] {processor.py:175} INFO - Processing /home/airflow/.local/lib/python3.7/site-packages/airflow/example_dags/example_short_circuit_decorator.py took 0.063 seconds
[2025-10-08T00:54:45.172+0000] {processor.py:153} INFO - Started process (PID=183) to work on /home/airflow/.local/lib/python3.7/site-packages/airflow/example_dags/example_short_circuit_decorator.py
[2025-10-08T00:54:45.174+0000] {processor.py:743} INFO - Processing file /home/airflow/.local/lib/python3.7/site-packages/airflow/example_dags/example_short_circuit_decorator.py for tasks to queue
[2025-10-08T00:54:45.176+0000] {logging_mixin.py:137} INFO - [2025-10-08T00:54:45.176+0000] {dagbag.py:538} INFO - Filling up the DagBag from /home/airflow/.local/lib/python3.7/site-packages/airflow/example_dags/example_short_circuit_decorator.py
[2025-10-08T00:54:45.195+0000] {processor.py:753} INFO - DAG(s) dict_keys(['example_short_circuit_decorator']) retrieved from /home/airflow/.local/lib/python3.7/site-packages/airflow/example_dags/example_short_circuit_decorator.py
[2025-10-08T00:54:45.220+0000] {logging_mixin.py:137} INFO - [2025-10-08T00:54:45.220+0000] {dag.py:2690} INFO - Sync 1 DAGs
[2025-10-08T00:54:45.239+0000] {logging_mixin.py:137} INFO - [2025-10-08T00:54:45.239+0000] {dag.py:3441} INFO - Setting next_dagrun for example_short_circuit_decorator to 2025-10-07T00:54:45.238884+00:00, run_after=2025-10-08T00:54:45.238884+00:00
[2025-10-08T00:54:45.251+0000] {processor.py:175} INFO - Processing /home/airflow/.local/lib/python3.7/site-packages/airflow/example_dags/example_short_circuit_decorator.py took 0.083 seconds
[2025-10-08T00:55:15.300+0000] {processor.py:153} INFO - Started process (PID=278) to work on /home/airflow/.local/lib/python3.7/site-packages/airflow/example_dags/example_short_circuit_decorator.py
[2025-10-08T00:55:15.300+0000] {processor.py:743} INFO - Processing file /home/airflow/.local/lib/python3.7/site-packages/airflow/example_dags/example_short_circuit_decorator.py for tasks to queue
[2025-10-08T00:55:15.300+0000] {logging_mixin.py:137} INFO - [2025-10-08T00:55:15.300+0000] {dagbag.py:538} INFO - Filling up the DagBag from /home/airflow/.local/lib/python3.7/site-packages/airflow/example_dags/example_short_circuit_decorator.py
[2025-10-08T00:55:15.314+0000] {processor.py:753} INFO - DAG(s) dict_keys(['example_short_circuit_decorator']) retrieved from /home/airflow/.local/lib/python3.7/site-packages/airflow/example_dags/example_short_circuit_decorator.py
[2025-10-08T00:55:15.329+0000] {logging_mixin.py:137} INFO - [2025-10-08T00:55:15.329+0000] {dag.py:2690} INFO - Sync 1 DAGs
[2025-10-08T00:55:15.345+0000] {logging_mixin.py:137} INFO - [2025-10-08T00:55:15.345+0000] {dag.py:3441} INFO - Setting next_dagrun for example_short_circuit_decorator to 2025-10-07T00:55:15.345623+00:00, run_after=2025-10-08T00:55:15.345623+00:00
[2025-10-08T00:55:15.359+0000] {processor.py:175} INFO - Processing /home/airflow/.local/lib/python3.7/site-packages/airflow/example_dags/example_short_circuit_decorator.py took 0.061 seconds
[2025-10-08T00:55:46.208+0000] {processor.py:153} INFO - Started process (PID=373) to work on /home/airflow/.local/lib/python3.7/site-packages/airflow/example_dags/example_short_circuit_decorator.py
[2025-10-08T00:55:46.209+0000] {processor.py:743} INFO - Processing file /home/airflow/.local/lib/python3.7/site-packages/airflow/example_dags/example_short_circuit_decorator.py for tasks to queue
[2025-10-08T00:55:46.209+0000] {logging_mixin.py:137} INFO - [2025-10-08T00:55:46.209+0000] {dagbag.py:538} INFO - Filling up the DagBag from /home/airflow/.local/lib/python3.7/site-packages/airflow/example_dags/example_short_circuit_decorator.py
[2025-10-08T00:55:46.224+0000] {processor.py:753} INFO - DAG(s) dict_keys(['example_short_circuit_decorator']) retrieved from /home/airflow/.local/lib/python3.7/site-packages/airflow/example_dags/example_short_circuit_decorator.py
[2025-10-08T00:55:46.240+0000] {logging_mixin.py:137} INFO - [2025-10-08T00:55:46.240+0000] {dag.py:2690} INFO - Sync 1 DAGs
[2025-10-08T00:55:46.255+0000] {logging_mixin.py:137} INFO - [2025-10-08T00:55:46.255+0000] {dag.py:3441} INFO - Setting next_dagrun for example_short_circuit_decorator to 2025-10-07T00:55:46.255069+00:00, run_after=2025-10-08T00:55:46.255069+00:00
[2025-10-08T00:55:46.269+0000] {processor.py:175} INFO - Processing /home/airflow/.local/lib/python3.7/site-packages/airflow/example_dags/example_short_circuit_decorator.py took 0.063 seconds
[2025-10-08T00:56:17.080+0000] {processor.py:153} INFO - Started process (PID=450) to work on /home/airflow/.local/lib/python3.7/site-packages/airflow/example_dags/example_short_circuit_decorator.py
[2025-10-08T00:56:17.081+0000] {processor.py:743} INFO - Processing file /home/airflow/.local/lib/python3.7/site-packages/airflow/example_dags/example_short_circuit_decorator.py for tasks to queue
[2025-10-08T00:56:17.082+0000] {logging_mixin.py:137} INFO - [2025-10-08T00:56:17.082+0000] {dagbag.py:538} INFO - Filling up the DagBag from /home/airflow/.local/lib/python3.7/site-packages/airflow/example_dags/example_short_circuit_decorator.py
[2025-10-08T00:56:17.095+0000] {processor.py:753} INFO - DAG(s) dict_keys(['example_short_circuit_decorator']) retrieved from /home/airflow/.local/lib/python3.7/site-packages/airflow/example_dags/example_short_circuit_decorator.py
[2025-10-08T00:56:17.110+0000] {logging_mixin.py:137} INFO - [2025-10-08T00:56:17.110+0000] {dag.py:2690} INFO - Sync 1 DAGs
[2025-10-08T00:56:17.123+0000] {logging_mixin.py:137} INFO - [2025-10-08T00:56:17.123+0000] {dag.py:3441} INFO - Setting next_dagrun for example_short_circuit_decorator to 2025-10-07T00:56:17.123549+00:00, run_after=2025-10-08T00:56:17.123549+00:00
[2025-10-08T00:56:17.134+0000] {processor.py:175} INFO - Processing /home/airflow/.local/lib/python3.7/site-packages/airflow/example_dags/example_short_circuit_decorator.py took 0.056 seconds
[2025-10-08T00:56:47.952+0000] {processor.py:153} INFO - Started process (PID=545) to work on /home/airflow/.local/lib/python3.7/site-packages/airflow/example_dags/example_short_circuit_decorator.py
[2025-10-08T00:56:47.952+0000] {processor.py:743} INFO - Processing file /home/airflow/.local/lib/python3.7/site-packages/airflow/example_dags/example_short_circuit_decorator.py for tasks to queue
[2025-10-08T00:56:47.954+0000] {logging_mixin.py:137} INFO - [2025-10-08T00:56:47.954+0000] {dagbag.py:538} INFO - Filling up the DagBag from /home/airflow/.local/lib/python3.7/site-packages/airflow/example_dags/example_short_circuit_decorator.py
[2025-10-08T00:56:47.967+0000] {processor.py:753} INFO - DAG(s) dict_keys(['example_short_circuit_decorator']) retrieved from /home/airflow/.local/lib/python3.7/site-packages/airflow/example_dags/example_short_circuit_decorator.py
[2025-10-08T00:56:47.981+0000] {logging_mixin.py:137} INFO - [2025-10-08T00:56:47.981+0000] {dag.py:2690} INFO - Sync 1 DAGs
[2025-10-08T00:56:47.994+0000] {logging_mixin.py:137} INFO - [2025-10-08T00:56:47.994+0000] {dag.py:3441} INFO - Setting next_dagrun for example_short_circuit_decorator to 2025-10-07T00:56:47.994322+00:00, run_after=2025-10-08T00:56:47.994322+00:00
[2025-10-08T00:56:48.004+0000] {processor.py:175} INFO - Processing /home/airflow/.local/lib/python3.7/site-packages/airflow/example_dags/example_short_circuit_decorator.py took 0.054 seconds
[2025-10-08T00:57:18.942+0000] {processor.py:153} INFO - Started process (PID=640) to work on /home/airflow/.local/lib/python3.7/site-packages/airflow/example_dags/example_short_circuit_decorator.py
[2025-10-08T00:57:18.942+0000] {processor.py:743} INFO - Processing file /home/airflow/.local/lib/python3.7/site-packages/airflow/example_dags/example_short_circuit_decorator.py for tasks to queue
[2025-10-08T00:57:18.943+0000] {logging_mixin.py:137} INFO - [2025-10-08T00:57:18.943+0000] {dagbag.py:538} INFO - Filling up the DagBag from /home/airflow/.local/lib/python3.7/site-packages/airflow/example_dags/example_short_circuit_decorator.py
[2025-10-08T00:57:18.958+0000] {processor.py:753} INFO - DAG(s) dict_keys(['example_short_circuit_decorator']) retrieved from /home/airflow/.local/lib/python3.7/site-packages/airflow/example_dags/example_short_circuit_decorator.py
[2025-10-08T00:57:18.974+0000] {logging_mixin.py:137} INFO - [2025-10-08T00:57:18.974+0000] {dag.py:2690} INFO - Sync 1 DAGs
[2025-10-08T00:57:18.986+0000] {logging_mixin.py:137} INFO - [2025-10-08T00:57:18.986+0000] {dag.py:3441} INFO - Setting next_dagrun for example_short_circuit_decorator to 2025-10-07T00:57:18.986672+00:00, run_after=2025-10-08T00:57:18.986672+00:00
[2025-10-08T00:57:19.000+0000] {processor.py:175} INFO - Processing /home/airflow/.local/lib/python3.7/site-packages/airflow/example_dags/example_short_circuit_decorator.py took 0.060 seconds
[2025-10-08T00:57:49.972+0000] {processor.py:153} INFO - Started process (PID=735) to work on /home/airflow/.local/lib/python3.7/site-packages/airflow/example_dags/example_short_circuit_decorator.py
[2025-10-08T00:57:49.972+0000] {processor.py:743} INFO - Processing file /home/airflow/.local/lib/python3.7/site-packages/airflow/example_dags/example_short_circuit_decorator.py for tasks to queue
[2025-10-08T00:57:49.973+0000] {logging_mixin.py:137} INFO - [2025-10-08T00:57:49.973+0000] {dagbag.py:538} INFO - Filling up the DagBag from /home/airflow/.local/lib/python3.7/site-packages/airflow/example_dags/example_short_circuit_decorator.py
[2025-10-08T00:57:49.989+0000] {processor.py:753} INFO - DAG(s) dict_keys(['example_short_circuit_decorator']) retrieved from /home/airflow/.local/lib/python3.7/site-packages/airflow/example_dags/example_short_circuit_decorator.py
[2025-10-08T00:57:50.004+0000] {logging_mixin.py:137} INFO - [2025-10-08T00:57:50.004+0000] {dag.py:2690} INFO - Sync 1 DAGs
[2025-10-08T00:57:50.018+0000] {logging_mixin.py:137} INFO - [2025-10-08T00:57:50.018+0000] {dag.py:3441} INFO - Setting next_dagrun for example_short_circuit_decorator to 2025-10-07T00:57:50.018563+00:00, run_after=2025-10-08T00:57:50.018563+00:00
[2025-10-08T00:57:50.034+0000] {processor.py:175} INFO - Processing /home/airflow/.local/lib/python3.7/site-packages/airflow/example_dags/example_short_circuit_decorator.py took 0.064 seconds
[2025-10-08T00:58:20.918+0000] {processor.py:153} INFO - Started process (PID=812) to work on /home/airflow/.local/lib/python3.7/site-packages/airflow/example_dags/example_short_circuit_decorator.py
[2025-10-08T00:58:20.919+0000] {processor.py:743} INFO - Processing file /home/airflow/.local/lib/python3.7/site-packages/airflow/example_dags/example_short_circuit_decorator.py for tasks to queue
[2025-10-08T00:58:20.920+0000] {logging_mixin.py:137} INFO - [2025-10-08T00:58:20.920+0000] {dagbag.py:538} INFO - Filling up the DagBag from /home/airflow/.local/lib/python3.7/site-packages/airflow/example_dags/example_short_circuit_decorator.py
[2025-10-08T00:58:20.934+0000] {processor.py:753} INFO - DAG(s) dict_keys(['example_short_circuit_decorator']) retrieved from /home/airflow/.local/lib/python3.7/site-packages/airflow/example_dags/example_short_circuit_decorator.py
[2025-10-08T00:58:20.950+0000] {logging_mixin.py:137} INFO - [2025-10-08T00:58:20.950+0000] {dag.py:2690} INFO - Sync 1 DAGs
[2025-10-08T00:58:20.965+0000] {logging_mixin.py:137} INFO - [2025-10-08T00:58:20.965+0000] {dag.py:3441} INFO - Setting next_dagrun for example_short_circuit_decorator to 2025-10-07T00:58:20.965756+00:00, run_after=2025-10-08T00:58:20.965756+00:00
[2025-10-08T00:58:20.979+0000] {processor.py:175} INFO - Processing /home/airflow/.local/lib/python3.7/site-packages/airflow/example_dags/example_short_circuit_decorator.py took 0.063 seconds
[2025-10-08T00:58:51.907+0000] {processor.py:153} INFO - Started process (PID=907) to work on /home/airflow/.local/lib/python3.7/site-packages/airflow/example_dags/example_short_circuit_decorator.py
[2025-10-08T00:58:51.910+0000] {processor.py:743} INFO - Processing file /home/airflow/.local/lib/python3.7/site-packages/airflow/example_dags/example_short_circuit_decorator.py for tasks to queue
[2025-10-08T00:58:51.910+0000] {logging_mixin.py:137} INFO - [2025-10-08T00:58:51.910+0000] {dagbag.py:538} INFO - Filling up the DagBag from /home/airflow/.local/lib/python3.7/site-packages/airflow/example_dags/example_short_circuit_decorator.py
[2025-10-08T00:58:51.924+0000] {processor.py:753} INFO - DAG(s) dict_keys(['example_short_circuit_decorator']) retrieved from /home/airflow/.local/lib/python3.7/site-packages/airflow/example_dags/example_short_circuit_decorator.py
[2025-10-08T00:58:51.940+0000] {logging_mixin.py:137} INFO - [2025-10-08T00:58:51.940+0000] {dag.py:2690} INFO - Sync 1 DAGs
[2025-10-08T00:58:51.952+0000] {logging_mixin.py:137} INFO - [2025-10-08T00:58:51.952+0000] {dag.py:3441} INFO - Setting next_dagrun for example_short_circuit_decorator to 2025-10-07T00:58:51.952519+00:00, run_after=2025-10-08T00:58:51.952519+00:00
[2025-10-08T00:58:51.963+0000] {processor.py:175} INFO - Processing /home/airflow/.local/lib/python3.7/site-packages/airflow/example_dags/example_short_circuit_decorator.py took 0.058 seconds
[2025-10-08T00:59:22.052+0000] {processor.py:153} INFO - Started process (PID=1002) to work on /home/airflow/.local/lib/python3.7/site-packages/airflow/example_dags/example_short_circuit_decorator.py
[2025-10-08T00:59:22.052+0000] {processor.py:743} INFO - Processing file /home/airflow/.local/lib/python3.7/site-packages/airflow/example_dags/example_short_circuit_decorator.py for tasks to queue
[2025-10-08T00:59:22.053+0000] {logging_mixin.py:137} INFO - [2025-10-08T00:59:22.053+0000] {dagbag.py:538} INFO - Filling up the DagBag from /home/airflow/.local/lib/python3.7/site-packages/airflow/example_dags/example_short_circuit_decorator.py
[2025-10-08T00:59:22.066+0000] {processor.py:753} INFO - DAG(s) dict_keys(['example_short_circuit_decorator']) retrieved from /home/airflow/.local/lib/python3.7/site-packages/airflow/example_dags/example_short_circuit_decorator.py
[2025-10-08T00:59:22.080+0000] {logging_mixin.py:137} INFO - [2025-10-08T00:59:22.080+0000] {dag.py:2690} INFO - Sync 1 DAGs
[2025-10-08T00:59:22.093+0000] {logging_mixin.py:137} INFO - [2025-10-08T00:59:22.093+0000] {dag.py:3441} INFO - Setting next_dagrun for example_short_circuit_decorator to 2025-10-07T00:59:22.093027+00:00, run_after=2025-10-08T00:59:22.093027+00:00
[2025-10-08T00:59:22.104+0000] {processor.py:175} INFO - Processing /home/airflow/.local/lib/python3.7/site-packages/airflow/example_dags/example_short_circuit_decorator.py took 0.054 seconds
[2025-10-08T00:59:52.847+0000] {processor.py:153} INFO - Started process (PID=1088) to work on /home/airflow/.local/lib/python3.7/site-packages/airflow/example_dags/example_short_circuit_decorator.py
[2025-10-08T00:59:52.850+0000] {processor.py:743} INFO - Processing file /home/airflow/.local/lib/python3.7/site-packages/airflow/example_dags/example_short_circuit_decorator.py for tasks to queue
[2025-10-08T00:59:52.851+0000] {logging_mixin.py:137} INFO - [2025-10-08T00:59:52.851+0000] {dagbag.py:538} INFO - Filling up the DagBag from /home/airflow/.local/lib/python3.7/site-packages/airflow/example_dags/example_short_circuit_decorator.py
[2025-10-08T00:59:52.865+0000] {processor.py:753} INFO - DAG(s) dict_keys(['example_short_circuit_decorator']) retrieved from /home/airflow/.local/lib/python3.7/site-packages/airflow/example_dags/example_short_circuit_decorator.py
[2025-10-08T00:59:52.880+0000] {logging_mixin.py:137} INFO - [2025-10-08T00:59:52.880+0000] {dag.py:2690} INFO - Sync 1 DAGs
[2025-10-08T00:59:52.896+0000] {logging_mixin.py:137} INFO - [2025-10-08T00:59:52.895+0000] {dag.py:3441} INFO - Setting next_dagrun for example_short_circuit_decorator to 2025-10-07T00:59:52.895774+00:00, run_after=2025-10-08T00:59:52.895774+00:00
[2025-10-08T00:59:52.908+0000] {processor.py:175} INFO - Processing /home/airflow/.local/lib/python3.7/site-packages/airflow/example_dags/example_short_circuit_decorator.py took 0.063 seconds
[2025-10-08T01:00:23.797+0000] {processor.py:153} INFO - Started process (PID=1174) to work on /home/airflow/.local/lib/python3.7/site-packages/airflow/example_dags/example_short_circuit_decorator.py
[2025-10-08T01:00:23.800+0000] {processor.py:743} INFO - Processing file /home/airflow/.local/lib/python3.7/site-packages/airflow/example_dags/example_short_circuit_decorator.py for tasks to queue
[2025-10-08T01:00:23.800+0000] {logging_mixin.py:137} INFO - [2025-10-08T01:00:23.800+0000] {dagbag.py:538} INFO - Filling up the DagBag from /home/airflow/.local/lib/python3.7/site-packages/airflow/example_dags/example_short_circuit_decorator.py
[2025-10-08T01:00:23.812+0000] {processor.py:753} INFO - DAG(s) dict_keys(['example_short_circuit_decorator']) retrieved from /home/airflow/.local/lib/python3.7/site-packages/airflow/example_dags/example_short_circuit_decorator.py
[2025-10-08T01:00:23.827+0000] {logging_mixin.py:137} INFO - [2025-10-08T01:00:23.827+0000] {dag.py:2690} INFO - Sync 1 DAGs
[2025-10-08T01:00:23.839+0000] {logging_mixin.py:137} INFO - [2025-10-08T01:00:23.839+0000] {dag.py:3441} INFO - Setting next_dagrun for example_short_circuit_decorator to 2025-10-07T01:00:23.838876+00:00, run_after=2025-10-08T01:00:23.838876+00:00
[2025-10-08T01:00:23.848+0000] {processor.py:175} INFO - Processing /home/airflow/.local/lib/python3.7/site-packages/airflow/example_dags/example_short_circuit_decorator.py took 0.053 seconds
[2025-10-08T01:00:54.709+0000] {processor.py:153} INFO - Started process (PID=1269) to work on /home/airflow/.local/lib/python3.7/site-packages/airflow/example_dags/example_short_circuit_decorator.py
[2025-10-08T01:00:54.709+0000] {processor.py:743} INFO - Processing file /home/airflow/.local/lib/python3.7/site-packages/airflow/example_dags/example_short_circuit_decorator.py for tasks to queue
[2025-10-08T01:00:54.710+0000] {logging_mixin.py:137} INFO - [2025-10-08T01:00:54.710+0000] {dagbag.py:538} INFO - Filling up the DagBag from /home/airflow/.local/lib/python3.7/site-packages/airflow/example_dags/example_short_circuit_decorator.py
[2025-10-08T01:00:54.724+0000] {processor.py:753} INFO - DAG(s) dict_keys(['example_short_circuit_decorator']) retrieved from /home/airflow/.local/lib/python3.7/site-packages/airflow/example_dags/example_short_circuit_decorator.py
[2025-10-08T01:00:54.738+0000] {logging_mixin.py:137} INFO - [2025-10-08T01:00:54.738+0000] {dag.py:2690} INFO - Sync 1 DAGs
[2025-10-08T01:00:54.751+0000] {logging_mixin.py:137} INFO - [2025-10-08T01:00:54.751+0000] {dag.py:3441} INFO - Setting next_dagrun for example_short_circuit_decorator to 2025-10-07T01:00:54.751585+00:00, run_after=2025-10-08T01:00:54.751585+00:00
[2025-10-08T01:00:54.761+0000] {processor.py:175} INFO - Processing /home/airflow/.local/lib/python3.7/site-packages/airflow/example_dags/example_short_circuit_decorator.py took 0.053 seconds
[2025-10-08T01:01:25.482+0000] {processor.py:153} INFO - Started process (PID=1364) to work on /home/airflow/.local/lib/python3.7/site-packages/airflow/example_dags/example_short_circuit_decorator.py
[2025-10-08T01:01:25.482+0000] {processor.py:743} INFO - Processing file /home/airflow/.local/lib/python3.7/site-packages/airflow/example_dags/example_short_circuit_decorator.py for tasks to queue
[2025-10-08T01:01:25.486+0000] {logging_mixin.py:137} INFO - [2025-10-08T01:01:25.486+0000] {dagbag.py:538} INFO - Filling up the DagBag from /home/airflow/.local/lib/python3.7/site-packages/airflow/example_dags/example_short_circuit_decorator.py
[2025-10-08T01:01:25.498+0000] {processor.py:753} INFO - DAG(s) dict_keys(['example_short_circuit_decorator']) retrieved from /home/airflow/.local/lib/python3.7/site-packages/airflow/example_dags/example_short_circuit_decorator.py
[2025-10-08T01:01:25.511+0000] {logging_mixin.py:137} INFO - [2025-10-08T01:01:25.511+0000] {dag.py:2690} INFO - Sync 1 DAGs
[2025-10-08T01:01:25.526+0000] {logging_mixin.py:137} INFO - [2025-10-08T01:01:25.525+0000] {dag.py:3441} INFO - Setting next_dagrun for example_short_circuit_decorator to 2025-10-07T01:01:25.525827+00:00, run_after=2025-10-08T01:01:25.525827+00:00
[2025-10-08T01:01:25.535+0000] {processor.py:175} INFO - Processing /home/airflow/.local/lib/python3.7/site-packages/airflow/example_dags/example_short_circuit_decorator.py took 0.056 seconds
