[2025-10-08T00:50:04.799+0000] {processor.py:153} INFO - Started process (PID=48) to work on /home/airflow/.local/lib/python3.7/site-packages/airflow/example_dags/example_sensor_decorator.py
[2025-10-08T00:50:04.800+0000] {processor.py:743} INFO - Processing file /home/airflow/.local/lib/python3.7/site-packages/airflow/example_dags/example_sensor_decorator.py for tasks to queue
[2025-10-08T00:50:04.800+0000] {logging_mixin.py:137} INFO - [2025-10-08T00:50:04.800+0000] {dagbag.py:538} INFO - Filling up the DagBag from /home/airflow/.local/lib/python3.7/site-packages/airflow/example_dags/example_sensor_decorator.py
[2025-10-08T00:50:04.813+0000] {processor.py:753} INFO - DAG(s) dict_keys(['example_sensor_decorator']) retrieved from /home/airflow/.local/lib/python3.7/site-packages/airflow/example_dags/example_sensor_decorator.py
[2025-10-08T00:50:04.820+0000] {logging_mixin.py:137} INFO - [2025-10-08T00:50:04.820+0000] {dag.py:2690} INFO - Sync 1 DAGs
[2025-10-08T00:50:04.835+0000] {logging_mixin.py:137} INFO - [2025-10-08T00:50:04.835+0000] {dag.py:3441} INFO - Setting next_dagrun for example_sensor_decorator to None, run_after=None
[2025-10-08T00:50:04.847+0000] {processor.py:175} INFO - Processing /home/airflow/.local/lib/python3.7/site-packages/airflow/example_dags/example_sensor_decorator.py took 0.050 seconds
[2025-10-08T00:50:35.255+0000] {processor.py:153} INFO - Started process (PID=141) to work on /home/airflow/.local/lib/python3.7/site-packages/airflow/example_dags/example_sensor_decorator.py
[2025-10-08T00:50:35.257+0000] {processor.py:743} INFO - Processing file /home/airflow/.local/lib/python3.7/site-packages/airflow/example_dags/example_sensor_decorator.py for tasks to queue
[2025-10-08T00:50:35.257+0000] {logging_mixin.py:137} INFO - [2025-10-08T00:50:35.257+0000] {dagbag.py:538} INFO - Filling up the DagBag from /home/airflow/.local/lib/python3.7/site-packages/airflow/example_dags/example_sensor_decorator.py
[2025-10-08T00:50:35.269+0000] {processor.py:753} INFO - DAG(s) dict_keys(['example_sensor_decorator']) retrieved from /home/airflow/.local/lib/python3.7/site-packages/airflow/example_dags/example_sensor_decorator.py
[2025-10-08T00:50:35.284+0000] {logging_mixin.py:137} INFO - [2025-10-08T00:50:35.284+0000] {dag.py:2690} INFO - Sync 1 DAGs
[2025-10-08T00:50:35.300+0000] {logging_mixin.py:137} INFO - [2025-10-08T00:50:35.300+0000] {dag.py:3441} INFO - Setting next_dagrun for example_sensor_decorator to None, run_after=None
[2025-10-08T00:50:35.318+0000] {processor.py:175} INFO - Processing /home/airflow/.local/lib/python3.7/site-packages/airflow/example_dags/example_sensor_decorator.py took 0.065 seconds
[2025-10-08T00:51:05.420+0000] {processor.py:153} INFO - Started process (PID=218) to work on /home/airflow/.local/lib/python3.7/site-packages/airflow/example_dags/example_sensor_decorator.py
[2025-10-08T00:51:05.423+0000] {processor.py:743} INFO - Processing file /home/airflow/.local/lib/python3.7/site-packages/airflow/example_dags/example_sensor_decorator.py for tasks to queue
[2025-10-08T00:51:05.424+0000] {logging_mixin.py:137} INFO - [2025-10-08T00:51:05.423+0000] {dagbag.py:538} INFO - Filling up the DagBag from /home/airflow/.local/lib/python3.7/site-packages/airflow/example_dags/example_sensor_decorator.py
[2025-10-08T00:51:05.437+0000] {processor.py:753} INFO - DAG(s) dict_keys(['example_sensor_decorator']) retrieved from /home/airflow/.local/lib/python3.7/site-packages/airflow/example_dags/example_sensor_decorator.py
[2025-10-08T00:51:05.459+0000] {logging_mixin.py:137} INFO - [2025-10-08T00:51:05.459+0000] {dag.py:2690} INFO - Sync 1 DAGs
[2025-10-08T00:51:05.474+0000] {logging_mixin.py:137} INFO - [2025-10-08T00:51:05.474+0000] {dag.py:3441} INFO - Setting next_dagrun for example_sensor_decorator to None, run_after=None
[2025-10-08T00:51:05.488+0000] {processor.py:175} INFO - Processing /home/airflow/.local/lib/python3.7/site-packages/airflow/example_dags/example_sensor_decorator.py took 0.069 seconds
[2025-10-08T00:51:35.677+0000] {processor.py:153} INFO - Started process (PID=313) to work on /home/airflow/.local/lib/python3.7/site-packages/airflow/example_dags/example_sensor_decorator.py
[2025-10-08T00:51:35.677+0000] {processor.py:743} INFO - Processing file /home/airflow/.local/lib/python3.7/site-packages/airflow/example_dags/example_sensor_decorator.py for tasks to queue
[2025-10-08T00:51:35.677+0000] {logging_mixin.py:137} INFO - [2025-10-08T00:51:35.677+0000] {dagbag.py:538} INFO - Filling up the DagBag from /home/airflow/.local/lib/python3.7/site-packages/airflow/example_dags/example_sensor_decorator.py
[2025-10-08T00:51:35.688+0000] {processor.py:753} INFO - DAG(s) dict_keys(['example_sensor_decorator']) retrieved from /home/airflow/.local/lib/python3.7/site-packages/airflow/example_dags/example_sensor_decorator.py
[2025-10-08T00:51:35.700+0000] {logging_mixin.py:137} INFO - [2025-10-08T00:51:35.699+0000] {dag.py:2690} INFO - Sync 1 DAGs
[2025-10-08T00:51:35.711+0000] {logging_mixin.py:137} INFO - [2025-10-08T00:51:35.711+0000] {dag.py:3441} INFO - Setting next_dagrun for example_sensor_decorator to None, run_after=None
[2025-10-08T00:51:35.719+0000] {processor.py:175} INFO - Processing /home/airflow/.local/lib/python3.7/site-packages/airflow/example_dags/example_sensor_decorator.py took 0.044 seconds
[2025-10-08T00:52:06.685+0000] {processor.py:153} INFO - Started process (PID=407) to work on /home/airflow/.local/lib/python3.7/site-packages/airflow/example_dags/example_sensor_decorator.py
[2025-10-08T00:52:06.686+0000] {processor.py:743} INFO - Processing file /home/airflow/.local/lib/python3.7/site-packages/airflow/example_dags/example_sensor_decorator.py for tasks to queue
[2025-10-08T00:52:06.686+0000] {logging_mixin.py:137} INFO - [2025-10-08T00:52:06.686+0000] {dagbag.py:538} INFO - Filling up the DagBag from /home/airflow/.local/lib/python3.7/site-packages/airflow/example_dags/example_sensor_decorator.py
[2025-10-08T00:52:06.699+0000] {processor.py:753} INFO - DAG(s) dict_keys(['example_sensor_decorator']) retrieved from /home/airflow/.local/lib/python3.7/site-packages/airflow/example_dags/example_sensor_decorator.py
[2025-10-08T00:52:06.712+0000] {logging_mixin.py:137} INFO - [2025-10-08T00:52:06.712+0000] {dag.py:2690} INFO - Sync 1 DAGs
[2025-10-08T00:52:06.728+0000] {logging_mixin.py:137} INFO - [2025-10-08T00:52:06.727+0000] {dag.py:3441} INFO - Setting next_dagrun for example_sensor_decorator to None, run_after=None
[2025-10-08T00:52:06.746+0000] {processor.py:175} INFO - Processing /home/airflow/.local/lib/python3.7/site-packages/airflow/example_dags/example_sensor_decorator.py took 0.063 seconds
[2025-10-08T00:52:37.639+0000] {processor.py:153} INFO - Started process (PID=502) to work on /home/airflow/.local/lib/python3.7/site-packages/airflow/example_dags/example_sensor_decorator.py
[2025-10-08T00:52:37.640+0000] {processor.py:743} INFO - Processing file /home/airflow/.local/lib/python3.7/site-packages/airflow/example_dags/example_sensor_decorator.py for tasks to queue
[2025-10-08T00:52:37.640+0000] {logging_mixin.py:137} INFO - [2025-10-08T00:52:37.640+0000] {dagbag.py:538} INFO - Filling up the DagBag from /home/airflow/.local/lib/python3.7/site-packages/airflow/example_dags/example_sensor_decorator.py
[2025-10-08T00:52:37.653+0000] {processor.py:753} INFO - DAG(s) dict_keys(['example_sensor_decorator']) retrieved from /home/airflow/.local/lib/python3.7/site-packages/airflow/example_dags/example_sensor_decorator.py
[2025-10-08T00:52:37.671+0000] {logging_mixin.py:137} INFO - [2025-10-08T00:52:37.671+0000] {dag.py:2690} INFO - Sync 1 DAGs
[2025-10-08T00:52:37.687+0000] {logging_mixin.py:137} INFO - [2025-10-08T00:52:37.687+0000] {dag.py:3441} INFO - Setting next_dagrun for example_sensor_decorator to None, run_after=None
[2025-10-08T00:52:37.700+0000] {processor.py:175} INFO - Processing /home/airflow/.local/lib/python3.7/site-packages/airflow/example_dags/example_sensor_decorator.py took 0.062 seconds
[2025-10-08T00:54:14.646+0000] {processor.py:153} INFO - Started process (PID=110) to work on /home/airflow/.local/lib/python3.7/site-packages/airflow/example_dags/example_sensor_decorator.py
[2025-10-08T00:54:14.647+0000] {processor.py:743} INFO - Processing file /home/airflow/.local/lib/python3.7/site-packages/airflow/example_dags/example_sensor_decorator.py for tasks to queue
[2025-10-08T00:54:14.647+0000] {logging_mixin.py:137} INFO - [2025-10-08T00:54:14.647+0000] {dagbag.py:538} INFO - Filling up the DagBag from /home/airflow/.local/lib/python3.7/site-packages/airflow/example_dags/example_sensor_decorator.py
[2025-10-08T00:54:14.665+0000] {processor.py:753} INFO - DAG(s) dict_keys(['example_sensor_decorator']) retrieved from /home/airflow/.local/lib/python3.7/site-packages/airflow/example_dags/example_sensor_decorator.py
[2025-10-08T00:54:14.679+0000] {logging_mixin.py:137} INFO - [2025-10-08T00:54:14.679+0000] {dag.py:2690} INFO - Sync 1 DAGs
[2025-10-08T00:54:14.697+0000] {logging_mixin.py:137} INFO - [2025-10-08T00:54:14.697+0000] {dag.py:3441} INFO - Setting next_dagrun for example_sensor_decorator to None, run_after=None
[2025-10-08T00:54:14.709+0000] {processor.py:175} INFO - Processing /home/airflow/.local/lib/python3.7/site-packages/airflow/example_dags/example_sensor_decorator.py took 0.066 seconds
[2025-10-08T00:54:45.267+0000] {processor.py:153} INFO - Started process (PID=185) to work on /home/airflow/.local/lib/python3.7/site-packages/airflow/example_dags/example_sensor_decorator.py
[2025-10-08T00:54:45.268+0000] {processor.py:743} INFO - Processing file /home/airflow/.local/lib/python3.7/site-packages/airflow/example_dags/example_sensor_decorator.py for tasks to queue
[2025-10-08T00:54:45.269+0000] {logging_mixin.py:137} INFO - [2025-10-08T00:54:45.268+0000] {dagbag.py:538} INFO - Filling up the DagBag from /home/airflow/.local/lib/python3.7/site-packages/airflow/example_dags/example_sensor_decorator.py
[2025-10-08T00:54:45.285+0000] {processor.py:753} INFO - DAG(s) dict_keys(['example_sensor_decorator']) retrieved from /home/airflow/.local/lib/python3.7/site-packages/airflow/example_dags/example_sensor_decorator.py
[2025-10-08T00:54:45.308+0000] {logging_mixin.py:137} INFO - [2025-10-08T00:54:45.308+0000] {dag.py:2690} INFO - Sync 1 DAGs
[2025-10-08T00:54:45.326+0000] {logging_mixin.py:137} INFO - [2025-10-08T00:54:45.326+0000] {dag.py:3441} INFO - Setting next_dagrun for example_sensor_decorator to None, run_after=None
[2025-10-08T00:54:45.337+0000] {processor.py:175} INFO - Processing /home/airflow/.local/lib/python3.7/site-packages/airflow/example_dags/example_sensor_decorator.py took 0.072 seconds
[2025-10-08T00:55:15.372+0000] {processor.py:153} INFO - Started process (PID=280) to work on /home/airflow/.local/lib/python3.7/site-packages/airflow/example_dags/example_sensor_decorator.py
[2025-10-08T00:55:15.374+0000] {processor.py:743} INFO - Processing file /home/airflow/.local/lib/python3.7/site-packages/airflow/example_dags/example_sensor_decorator.py for tasks to queue
[2025-10-08T00:55:15.374+0000] {logging_mixin.py:137} INFO - [2025-10-08T00:55:15.374+0000] {dagbag.py:538} INFO - Filling up the DagBag from /home/airflow/.local/lib/python3.7/site-packages/airflow/example_dags/example_sensor_decorator.py
[2025-10-08T00:55:15.386+0000] {processor.py:753} INFO - DAG(s) dict_keys(['example_sensor_decorator']) retrieved from /home/airflow/.local/lib/python3.7/site-packages/airflow/example_dags/example_sensor_decorator.py
[2025-10-08T00:55:15.399+0000] {logging_mixin.py:137} INFO - [2025-10-08T00:55:15.399+0000] {dag.py:2690} INFO - Sync 1 DAGs
[2025-10-08T00:55:15.413+0000] {logging_mixin.py:137} INFO - [2025-10-08T00:55:15.413+0000] {dag.py:3441} INFO - Setting next_dagrun for example_sensor_decorator to None, run_after=None
[2025-10-08T00:55:15.426+0000] {processor.py:175} INFO - Processing /home/airflow/.local/lib/python3.7/site-packages/airflow/example_dags/example_sensor_decorator.py took 0.056 seconds
[2025-10-08T00:55:46.283+0000] {processor.py:153} INFO - Started process (PID=375) to work on /home/airflow/.local/lib/python3.7/site-packages/airflow/example_dags/example_sensor_decorator.py
[2025-10-08T00:55:46.286+0000] {processor.py:743} INFO - Processing file /home/airflow/.local/lib/python3.7/site-packages/airflow/example_dags/example_sensor_decorator.py for tasks to queue
[2025-10-08T00:55:46.287+0000] {logging_mixin.py:137} INFO - [2025-10-08T00:55:46.287+0000] {dagbag.py:538} INFO - Filling up the DagBag from /home/airflow/.local/lib/python3.7/site-packages/airflow/example_dags/example_sensor_decorator.py
[2025-10-08T00:55:46.300+0000] {processor.py:753} INFO - DAG(s) dict_keys(['example_sensor_decorator']) retrieved from /home/airflow/.local/lib/python3.7/site-packages/airflow/example_dags/example_sensor_decorator.py
[2025-10-08T00:55:46.314+0000] {logging_mixin.py:137} INFO - [2025-10-08T00:55:46.314+0000] {dag.py:2690} INFO - Sync 1 DAGs
[2025-10-08T00:55:46.328+0000] {logging_mixin.py:137} INFO - [2025-10-08T00:55:46.327+0000] {dag.py:3441} INFO - Setting next_dagrun for example_sensor_decorator to None, run_after=None
[2025-10-08T00:55:46.340+0000] {processor.py:175} INFO - Processing /home/airflow/.local/lib/python3.7/site-packages/airflow/example_dags/example_sensor_decorator.py took 0.059 seconds
[2025-10-08T00:56:17.149+0000] {processor.py:153} INFO - Started process (PID=452) to work on /home/airflow/.local/lib/python3.7/site-packages/airflow/example_dags/example_sensor_decorator.py
[2025-10-08T00:56:17.150+0000] {processor.py:743} INFO - Processing file /home/airflow/.local/lib/python3.7/site-packages/airflow/example_dags/example_sensor_decorator.py for tasks to queue
[2025-10-08T00:56:17.150+0000] {logging_mixin.py:137} INFO - [2025-10-08T00:56:17.150+0000] {dagbag.py:538} INFO - Filling up the DagBag from /home/airflow/.local/lib/python3.7/site-packages/airflow/example_dags/example_sensor_decorator.py
[2025-10-08T00:56:17.163+0000] {processor.py:753} INFO - DAG(s) dict_keys(['example_sensor_decorator']) retrieved from /home/airflow/.local/lib/python3.7/site-packages/airflow/example_dags/example_sensor_decorator.py
[2025-10-08T00:56:17.179+0000] {logging_mixin.py:137} INFO - [2025-10-08T00:56:17.179+0000] {dag.py:2690} INFO - Sync 1 DAGs
[2025-10-08T00:56:17.196+0000] {logging_mixin.py:137} INFO - [2025-10-08T00:56:17.196+0000] {dag.py:3441} INFO - Setting next_dagrun for example_sensor_decorator to None, run_after=None
[2025-10-08T00:56:17.208+0000] {processor.py:175} INFO - Processing /home/airflow/.local/lib/python3.7/site-packages/airflow/example_dags/example_sensor_decorator.py took 0.061 seconds
[2025-10-08T00:56:48.082+0000] {processor.py:153} INFO - Started process (PID=547) to work on /home/airflow/.local/lib/python3.7/site-packages/airflow/example_dags/example_sensor_decorator.py
[2025-10-08T00:56:48.083+0000] {processor.py:743} INFO - Processing file /home/airflow/.local/lib/python3.7/site-packages/airflow/example_dags/example_sensor_decorator.py for tasks to queue
[2025-10-08T00:56:48.083+0000] {logging_mixin.py:137} INFO - [2025-10-08T00:56:48.083+0000] {dagbag.py:538} INFO - Filling up the DagBag from /home/airflow/.local/lib/python3.7/site-packages/airflow/example_dags/example_sensor_decorator.py
[2025-10-08T00:56:48.097+0000] {processor.py:753} INFO - DAG(s) dict_keys(['example_sensor_decorator']) retrieved from /home/airflow/.local/lib/python3.7/site-packages/airflow/example_dags/example_sensor_decorator.py
[2025-10-08T00:56:48.111+0000] {logging_mixin.py:137} INFO - [2025-10-08T00:56:48.111+0000] {dag.py:2690} INFO - Sync 1 DAGs
[2025-10-08T00:56:48.123+0000] {logging_mixin.py:137} INFO - [2025-10-08T00:56:48.123+0000] {dag.py:3441} INFO - Setting next_dagrun for example_sensor_decorator to None, run_after=None
[2025-10-08T00:56:48.134+0000] {processor.py:175} INFO - Processing /home/airflow/.local/lib/python3.7/site-packages/airflow/example_dags/example_sensor_decorator.py took 0.054 seconds
[2025-10-08T00:57:19.082+0000] {processor.py:153} INFO - Started process (PID=642) to work on /home/airflow/.local/lib/python3.7/site-packages/airflow/example_dags/example_sensor_decorator.py
[2025-10-08T00:57:19.082+0000] {processor.py:743} INFO - Processing file /home/airflow/.local/lib/python3.7/site-packages/airflow/example_dags/example_sensor_decorator.py for tasks to queue
[2025-10-08T00:57:19.083+0000] {logging_mixin.py:137} INFO - [2025-10-08T00:57:19.083+0000] {dagbag.py:538} INFO - Filling up the DagBag from /home/airflow/.local/lib/python3.7/site-packages/airflow/example_dags/example_sensor_decorator.py
[2025-10-08T00:57:19.098+0000] {processor.py:753} INFO - DAG(s) dict_keys(['example_sensor_decorator']) retrieved from /home/airflow/.local/lib/python3.7/site-packages/airflow/example_dags/example_sensor_decorator.py
[2025-10-08T00:57:19.114+0000] {logging_mixin.py:137} INFO - [2025-10-08T00:57:19.114+0000] {dag.py:2690} INFO - Sync 1 DAGs
[2025-10-08T00:57:19.132+0000] {logging_mixin.py:137} INFO - [2025-10-08T00:57:19.132+0000] {dag.py:3441} INFO - Setting next_dagrun for example_sensor_decorator to None, run_after=None
[2025-10-08T00:57:19.157+0000] {processor.py:175} INFO - Processing /home/airflow/.local/lib/python3.7/site-packages/airflow/example_dags/example_sensor_decorator.py took 0.077 seconds
[2025-10-08T00:57:50.106+0000] {processor.py:153} INFO - Started process (PID=737) to work on /home/airflow/.local/lib/python3.7/site-packages/airflow/example_dags/example_sensor_decorator.py
[2025-10-08T00:57:50.106+0000] {processor.py:743} INFO - Processing file /home/airflow/.local/lib/python3.7/site-packages/airflow/example_dags/example_sensor_decorator.py for tasks to queue
[2025-10-08T00:57:50.107+0000] {logging_mixin.py:137} INFO - [2025-10-08T00:57:50.107+0000] {dagbag.py:538} INFO - Filling up the DagBag from /home/airflow/.local/lib/python3.7/site-packages/airflow/example_dags/example_sensor_decorator.py
[2025-10-08T00:57:50.120+0000] {processor.py:753} INFO - DAG(s) dict_keys(['example_sensor_decorator']) retrieved from /home/airflow/.local/lib/python3.7/site-packages/airflow/example_dags/example_sensor_decorator.py
[2025-10-08T00:57:50.134+0000] {logging_mixin.py:137} INFO - [2025-10-08T00:57:50.134+0000] {dag.py:2690} INFO - Sync 1 DAGs
[2025-10-08T00:57:50.148+0000] {logging_mixin.py:137} INFO - [2025-10-08T00:57:50.148+0000] {dag.py:3441} INFO - Setting next_dagrun for example_sensor_decorator to None, run_after=None
[2025-10-08T00:57:50.159+0000] {processor.py:175} INFO - Processing /home/airflow/.local/lib/python3.7/site-packages/airflow/example_dags/example_sensor_decorator.py took 0.055 seconds
[2025-10-08T00:58:20.994+0000] {processor.py:153} INFO - Started process (PID=814) to work on /home/airflow/.local/lib/python3.7/site-packages/airflow/example_dags/example_sensor_decorator.py
[2025-10-08T00:58:20.996+0000] {processor.py:743} INFO - Processing file /home/airflow/.local/lib/python3.7/site-packages/airflow/example_dags/example_sensor_decorator.py for tasks to queue
[2025-10-08T00:58:20.997+0000] {logging_mixin.py:137} INFO - [2025-10-08T00:58:20.996+0000] {dagbag.py:538} INFO - Filling up the DagBag from /home/airflow/.local/lib/python3.7/site-packages/airflow/example_dags/example_sensor_decorator.py
[2025-10-08T00:58:21.010+0000] {processor.py:753} INFO - DAG(s) dict_keys(['example_sensor_decorator']) retrieved from /home/airflow/.local/lib/python3.7/site-packages/airflow/example_dags/example_sensor_decorator.py
[2025-10-08T00:58:21.027+0000] {logging_mixin.py:137} INFO - [2025-10-08T00:58:21.027+0000] {dag.py:2690} INFO - Sync 1 DAGs
[2025-10-08T00:58:21.039+0000] {logging_mixin.py:137} INFO - [2025-10-08T00:58:21.039+0000] {dag.py:3441} INFO - Setting next_dagrun for example_sensor_decorator to None, run_after=None
[2025-10-08T00:58:21.053+0000] {processor.py:175} INFO - Processing /home/airflow/.local/lib/python3.7/site-packages/airflow/example_dags/example_sensor_decorator.py took 0.061 seconds
[2025-10-08T00:58:52.037+0000] {processor.py:153} INFO - Started process (PID=909) to work on /home/airflow/.local/lib/python3.7/site-packages/airflow/example_dags/example_sensor_decorator.py
[2025-10-08T00:58:52.037+0000] {processor.py:743} INFO - Processing file /home/airflow/.local/lib/python3.7/site-packages/airflow/example_dags/example_sensor_decorator.py for tasks to queue
[2025-10-08T00:58:52.037+0000] {logging_mixin.py:137} INFO - [2025-10-08T00:58:52.037+0000] {dagbag.py:538} INFO - Filling up the DagBag from /home/airflow/.local/lib/python3.7/site-packages/airflow/example_dags/example_sensor_decorator.py
[2025-10-08T00:58:52.050+0000] {processor.py:753} INFO - DAG(s) dict_keys(['example_sensor_decorator']) retrieved from /home/airflow/.local/lib/python3.7/site-packages/airflow/example_dags/example_sensor_decorator.py
[2025-10-08T00:58:52.066+0000] {logging_mixin.py:137} INFO - [2025-10-08T00:58:52.066+0000] {dag.py:2690} INFO - Sync 1 DAGs
[2025-10-08T00:58:52.078+0000] {logging_mixin.py:137} INFO - [2025-10-08T00:58:52.078+0000] {dag.py:3441} INFO - Setting next_dagrun for example_sensor_decorator to None, run_after=None
[2025-10-08T00:58:52.092+0000] {processor.py:175} INFO - Processing /home/airflow/.local/lib/python3.7/site-packages/airflow/example_dags/example_sensor_decorator.py took 0.057 seconds
[2025-10-08T00:59:22.119+0000] {processor.py:153} INFO - Started process (PID=1004) to work on /home/airflow/.local/lib/python3.7/site-packages/airflow/example_dags/example_sensor_decorator.py
[2025-10-08T00:59:22.119+0000] {processor.py:743} INFO - Processing file /home/airflow/.local/lib/python3.7/site-packages/airflow/example_dags/example_sensor_decorator.py for tasks to queue
[2025-10-08T00:59:22.120+0000] {logging_mixin.py:137} INFO - [2025-10-08T00:59:22.120+0000] {dagbag.py:538} INFO - Filling up the DagBag from /home/airflow/.local/lib/python3.7/site-packages/airflow/example_dags/example_sensor_decorator.py
[2025-10-08T00:59:22.132+0000] {processor.py:753} INFO - DAG(s) dict_keys(['example_sensor_decorator']) retrieved from /home/airflow/.local/lib/python3.7/site-packages/airflow/example_dags/example_sensor_decorator.py
[2025-10-08T00:59:22.147+0000] {logging_mixin.py:137} INFO - [2025-10-08T00:59:22.147+0000] {dag.py:2690} INFO - Sync 1 DAGs
[2025-10-08T00:59:22.162+0000] {logging_mixin.py:137} INFO - [2025-10-08T00:59:22.162+0000] {dag.py:3441} INFO - Setting next_dagrun for example_sensor_decorator to None, run_after=None
[2025-10-08T00:59:22.174+0000] {processor.py:175} INFO - Processing /home/airflow/.local/lib/python3.7/site-packages/airflow/example_dags/example_sensor_decorator.py took 0.057 seconds
[2025-10-08T00:59:52.927+0000] {processor.py:153} INFO - Started process (PID=1090) to work on /home/airflow/.local/lib/python3.7/site-packages/airflow/example_dags/example_sensor_decorator.py
[2025-10-08T00:59:52.928+0000] {processor.py:743} INFO - Processing file /home/airflow/.local/lib/python3.7/site-packages/airflow/example_dags/example_sensor_decorator.py for tasks to queue
[2025-10-08T00:59:52.929+0000] {logging_mixin.py:137} INFO - [2025-10-08T00:59:52.929+0000] {dagbag.py:538} INFO - Filling up the DagBag from /home/airflow/.local/lib/python3.7/site-packages/airflow/example_dags/example_sensor_decorator.py
[2025-10-08T00:59:52.942+0000] {processor.py:753} INFO - DAG(s) dict_keys(['example_sensor_decorator']) retrieved from /home/airflow/.local/lib/python3.7/site-packages/airflow/example_dags/example_sensor_decorator.py
[2025-10-08T00:59:52.961+0000] {logging_mixin.py:137} INFO - [2025-10-08T00:59:52.961+0000] {dag.py:2690} INFO - Sync 1 DAGs
[2025-10-08T00:59:52.975+0000] {logging_mixin.py:137} INFO - [2025-10-08T00:59:52.975+0000] {dag.py:3441} INFO - Setting next_dagrun for example_sensor_decorator to None, run_after=None
[2025-10-08T00:59:52.986+0000] {processor.py:175} INFO - Processing /home/airflow/.local/lib/python3.7/site-packages/airflow/example_dags/example_sensor_decorator.py took 0.061 seconds
[2025-10-08T01:00:23.865+0000] {processor.py:153} INFO - Started process (PID=1176) to work on /home/airflow/.local/lib/python3.7/site-packages/airflow/example_dags/example_sensor_decorator.py
[2025-10-08T01:00:23.865+0000] {processor.py:743} INFO - Processing file /home/airflow/.local/lib/python3.7/site-packages/airflow/example_dags/example_sensor_decorator.py for tasks to queue
[2025-10-08T01:00:23.865+0000] {logging_mixin.py:137} INFO - [2025-10-08T01:00:23.865+0000] {dagbag.py:538} INFO - Filling up the DagBag from /home/airflow/.local/lib/python3.7/site-packages/airflow/example_dags/example_sensor_decorator.py
[2025-10-08T01:00:23.877+0000] {processor.py:753} INFO - DAG(s) dict_keys(['example_sensor_decorator']) retrieved from /home/airflow/.local/lib/python3.7/site-packages/airflow/example_dags/example_sensor_decorator.py
[2025-10-08T01:00:23.891+0000] {logging_mixin.py:137} INFO - [2025-10-08T01:00:23.891+0000] {dag.py:2690} INFO - Sync 1 DAGs
[2025-10-08T01:00:23.906+0000] {logging_mixin.py:137} INFO - [2025-10-08T01:00:23.906+0000] {dag.py:3441} INFO - Setting next_dagrun for example_sensor_decorator to None, run_after=None
[2025-10-08T01:00:23.918+0000] {processor.py:175} INFO - Processing /home/airflow/.local/lib/python3.7/site-packages/airflow/example_dags/example_sensor_decorator.py took 0.056 seconds
[2025-10-08T01:00:54.772+0000] {processor.py:153} INFO - Started process (PID=1271) to work on /home/airflow/.local/lib/python3.7/site-packages/airflow/example_dags/example_sensor_decorator.py
[2025-10-08T01:00:54.773+0000] {processor.py:743} INFO - Processing file /home/airflow/.local/lib/python3.7/site-packages/airflow/example_dags/example_sensor_decorator.py for tasks to queue
[2025-10-08T01:00:54.773+0000] {logging_mixin.py:137} INFO - [2025-10-08T01:00:54.773+0000] {dagbag.py:538} INFO - Filling up the DagBag from /home/airflow/.local/lib/python3.7/site-packages/airflow/example_dags/example_sensor_decorator.py
[2025-10-08T01:00:54.786+0000] {processor.py:753} INFO - DAG(s) dict_keys(['example_sensor_decorator']) retrieved from /home/airflow/.local/lib/python3.7/site-packages/airflow/example_dags/example_sensor_decorator.py
[2025-10-08T01:00:54.798+0000] {logging_mixin.py:137} INFO - [2025-10-08T01:00:54.798+0000] {dag.py:2690} INFO - Sync 1 DAGs
[2025-10-08T01:00:54.811+0000] {logging_mixin.py:137} INFO - [2025-10-08T01:00:54.811+0000] {dag.py:3441} INFO - Setting next_dagrun for example_sensor_decorator to None, run_after=None
[2025-10-08T01:00:54.820+0000] {processor.py:175} INFO - Processing /home/airflow/.local/lib/python3.7/site-packages/airflow/example_dags/example_sensor_decorator.py took 0.050 seconds
[2025-10-08T01:01:25.550+0000] {processor.py:153} INFO - Started process (PID=1366) to work on /home/airflow/.local/lib/python3.7/site-packages/airflow/example_dags/example_sensor_decorator.py
[2025-10-08T01:01:25.551+0000] {processor.py:743} INFO - Processing file /home/airflow/.local/lib/python3.7/site-packages/airflow/example_dags/example_sensor_decorator.py for tasks to queue
[2025-10-08T01:01:25.551+0000] {logging_mixin.py:137} INFO - [2025-10-08T01:01:25.551+0000] {dagbag.py:538} INFO - Filling up the DagBag from /home/airflow/.local/lib/python3.7/site-packages/airflow/example_dags/example_sensor_decorator.py
[2025-10-08T01:01:25.564+0000] {processor.py:753} INFO - DAG(s) dict_keys(['example_sensor_decorator']) retrieved from /home/airflow/.local/lib/python3.7/site-packages/airflow/example_dags/example_sensor_decorator.py
[2025-10-08T01:01:25.582+0000] {logging_mixin.py:137} INFO - [2025-10-08T01:01:25.581+0000] {dag.py:2690} INFO - Sync 1 DAGs
[2025-10-08T01:01:25.596+0000] {logging_mixin.py:137} INFO - [2025-10-08T01:01:25.596+0000] {dag.py:3441} INFO - Setting next_dagrun for example_sensor_decorator to None, run_after=None
[2025-10-08T01:01:25.607+0000] {processor.py:175} INFO - Processing /home/airflow/.local/lib/python3.7/site-packages/airflow/example_dags/example_sensor_decorator.py took 0.058 seconds
