[2025-10-08T00:50:06.589+0000] {processor.py:153} INFO - Started process (PID=78) to work on /home/airflow/.local/lib/python3.7/site-packages/airflow/example_dags/example_external_task_marker_dag.py
[2025-10-08T00:50:06.591+0000] {processor.py:743} INFO - Processing file /home/airflow/.local/lib/python3.7/site-packages/airflow/example_dags/example_external_task_marker_dag.py for tasks to queue
[2025-10-08T00:50:06.592+0000] {logging_mixin.py:137} INFO - [2025-10-08T00:50:06.592+0000] {dagbag.py:538} INFO - Filling up the DagBag from /home/airflow/.local/lib/python3.7/site-packages/airflow/example_dags/example_external_task_marker_dag.py
[2025-10-08T00:50:06.612+0000] {processor.py:753} INFO - DAG(s) dict_keys(['example_external_task_marker_parent', 'example_external_task_marker_child']) retrieved from /home/airflow/.local/lib/python3.7/site-packages/airflow/example_dags/example_external_task_marker_dag.py
[2025-10-08T00:50:06.632+0000] {logging_mixin.py:137} INFO - [2025-10-08T00:50:06.631+0000] {dag.py:2690} INFO - Sync 2 DAGs
[2025-10-08T00:50:06.661+0000] {logging_mixin.py:137} INFO - [2025-10-08T00:50:06.661+0000] {dag.py:3441} INFO - Setting next_dagrun for example_external_task_marker_child to None, run_after=None
[2025-10-08T00:50:06.664+0000] {logging_mixin.py:137} INFO - [2025-10-08T00:50:06.664+0000] {dag.py:3441} INFO - Setting next_dagrun for example_external_task_marker_parent to None, run_after=None
[2025-10-08T00:50:06.680+0000] {processor.py:175} INFO - Processing /home/airflow/.local/lib/python3.7/site-packages/airflow/example_dags/example_external_task_marker_dag.py took 0.094 seconds
[2025-10-08T00:50:36.880+0000] {processor.py:153} INFO - Started process (PID=173) to work on /home/airflow/.local/lib/python3.7/site-packages/airflow/example_dags/example_external_task_marker_dag.py
[2025-10-08T00:50:36.881+0000] {processor.py:743} INFO - Processing file /home/airflow/.local/lib/python3.7/site-packages/airflow/example_dags/example_external_task_marker_dag.py for tasks to queue
[2025-10-08T00:50:36.881+0000] {logging_mixin.py:137} INFO - [2025-10-08T00:50:36.881+0000] {dagbag.py:538} INFO - Filling up the DagBag from /home/airflow/.local/lib/python3.7/site-packages/airflow/example_dags/example_external_task_marker_dag.py
[2025-10-08T00:50:36.889+0000] {processor.py:753} INFO - DAG(s) dict_keys(['example_external_task_marker_child', 'example_external_task_marker_parent']) retrieved from /home/airflow/.local/lib/python3.7/site-packages/airflow/example_dags/example_external_task_marker_dag.py
[2025-10-08T00:50:36.932+0000] {logging_mixin.py:137} INFO - [2025-10-08T00:50:36.932+0000] {dag.py:2690} INFO - Sync 2 DAGs
[2025-10-08T00:50:36.946+0000] {logging_mixin.py:137} INFO - [2025-10-08T00:50:36.946+0000] {dag.py:3441} INFO - Setting next_dagrun for example_external_task_marker_child to None, run_after=None
[2025-10-08T00:50:36.948+0000] {logging_mixin.py:137} INFO - [2025-10-08T00:50:36.948+0000] {dag.py:3441} INFO - Setting next_dagrun for example_external_task_marker_parent to None, run_after=None
[2025-10-08T00:50:36.958+0000] {processor.py:175} INFO - Processing /home/airflow/.local/lib/python3.7/site-packages/airflow/example_dags/example_external_task_marker_dag.py took 0.079 seconds
[2025-10-08T00:51:08.142+0000] {processor.py:153} INFO - Started process (PID=268) to work on /home/airflow/.local/lib/python3.7/site-packages/airflow/example_dags/example_external_task_marker_dag.py
[2025-10-08T00:51:08.142+0000] {processor.py:743} INFO - Processing file /home/airflow/.local/lib/python3.7/site-packages/airflow/example_dags/example_external_task_marker_dag.py for tasks to queue
[2025-10-08T00:51:08.143+0000] {logging_mixin.py:137} INFO - [2025-10-08T00:51:08.143+0000] {dagbag.py:538} INFO - Filling up the DagBag from /home/airflow/.local/lib/python3.7/site-packages/airflow/example_dags/example_external_task_marker_dag.py
[2025-10-08T00:51:08.151+0000] {processor.py:753} INFO - DAG(s) dict_keys(['example_external_task_marker_child', 'example_external_task_marker_parent']) retrieved from /home/airflow/.local/lib/python3.7/site-packages/airflow/example_dags/example_external_task_marker_dag.py
[2025-10-08T00:51:08.170+0000] {logging_mixin.py:137} INFO - [2025-10-08T00:51:08.170+0000] {dag.py:2690} INFO - Sync 2 DAGs
[2025-10-08T00:51:08.186+0000] {logging_mixin.py:137} INFO - [2025-10-08T00:51:08.186+0000] {dag.py:3441} INFO - Setting next_dagrun for example_external_task_marker_child to None, run_after=None
[2025-10-08T00:51:08.188+0000] {logging_mixin.py:137} INFO - [2025-10-08T00:51:08.188+0000] {dag.py:3441} INFO - Setting next_dagrun for example_external_task_marker_parent to None, run_after=None
[2025-10-08T00:51:08.200+0000] {processor.py:175} INFO - Processing /home/airflow/.local/lib/python3.7/site-packages/airflow/example_dags/example_external_task_marker_dag.py took 0.061 seconds
[2025-10-08T00:51:39.178+0000] {processor.py:153} INFO - Started process (PID=345) to work on /home/airflow/.local/lib/python3.7/site-packages/airflow/example_dags/example_external_task_marker_dag.py
[2025-10-08T00:51:39.178+0000] {processor.py:743} INFO - Processing file /home/airflow/.local/lib/python3.7/site-packages/airflow/example_dags/example_external_task_marker_dag.py for tasks to queue
[2025-10-08T00:51:39.179+0000] {logging_mixin.py:137} INFO - [2025-10-08T00:51:39.179+0000] {dagbag.py:538} INFO - Filling up the DagBag from /home/airflow/.local/lib/python3.7/site-packages/airflow/example_dags/example_external_task_marker_dag.py
[2025-10-08T00:51:39.186+0000] {processor.py:753} INFO - DAG(s) dict_keys(['example_external_task_marker_parent', 'example_external_task_marker_child']) retrieved from /home/airflow/.local/lib/python3.7/site-packages/airflow/example_dags/example_external_task_marker_dag.py
[2025-10-08T00:51:39.205+0000] {logging_mixin.py:137} INFO - [2025-10-08T00:51:39.205+0000] {dag.py:2690} INFO - Sync 2 DAGs
[2025-10-08T00:51:39.219+0000] {logging_mixin.py:137} INFO - [2025-10-08T00:51:39.218+0000] {dag.py:3441} INFO - Setting next_dagrun for example_external_task_marker_child to None, run_after=None
[2025-10-08T00:51:39.220+0000] {logging_mixin.py:137} INFO - [2025-10-08T00:51:39.220+0000] {dag.py:3441} INFO - Setting next_dagrun for example_external_task_marker_parent to None, run_after=None
[2025-10-08T00:51:39.232+0000] {processor.py:175} INFO - Processing /home/airflow/.local/lib/python3.7/site-packages/airflow/example_dags/example_external_task_marker_dag.py took 0.056 seconds
[2025-10-08T00:52:10.027+0000] {processor.py:153} INFO - Started process (PID=439) to work on /home/airflow/.local/lib/python3.7/site-packages/airflow/example_dags/example_external_task_marker_dag.py
[2025-10-08T00:52:10.028+0000] {processor.py:743} INFO - Processing file /home/airflow/.local/lib/python3.7/site-packages/airflow/example_dags/example_external_task_marker_dag.py for tasks to queue
[2025-10-08T00:52:10.028+0000] {logging_mixin.py:137} INFO - [2025-10-08T00:52:10.028+0000] {dagbag.py:538} INFO - Filling up the DagBag from /home/airflow/.local/lib/python3.7/site-packages/airflow/example_dags/example_external_task_marker_dag.py
[2025-10-08T00:52:10.036+0000] {processor.py:753} INFO - DAG(s) dict_keys(['example_external_task_marker_child', 'example_external_task_marker_parent']) retrieved from /home/airflow/.local/lib/python3.7/site-packages/airflow/example_dags/example_external_task_marker_dag.py
[2025-10-08T00:52:10.057+0000] {logging_mixin.py:137} INFO - [2025-10-08T00:52:10.057+0000] {dag.py:2690} INFO - Sync 2 DAGs
[2025-10-08T00:52:10.073+0000] {logging_mixin.py:137} INFO - [2025-10-08T00:52:10.073+0000] {dag.py:3441} INFO - Setting next_dagrun for example_external_task_marker_child to None, run_after=None
[2025-10-08T00:52:10.076+0000] {logging_mixin.py:137} INFO - [2025-10-08T00:52:10.076+0000] {dag.py:3441} INFO - Setting next_dagrun for example_external_task_marker_parent to None, run_after=None
[2025-10-08T00:52:10.090+0000] {processor.py:175} INFO - Processing /home/airflow/.local/lib/python3.7/site-packages/airflow/example_dags/example_external_task_marker_dag.py took 0.065 seconds
[2025-10-08T00:52:41.085+0000] {processor.py:153} INFO - Started process (PID=534) to work on /home/airflow/.local/lib/python3.7/site-packages/airflow/example_dags/example_external_task_marker_dag.py
[2025-10-08T00:52:41.085+0000] {processor.py:743} INFO - Processing file /home/airflow/.local/lib/python3.7/site-packages/airflow/example_dags/example_external_task_marker_dag.py for tasks to queue
[2025-10-08T00:52:41.086+0000] {logging_mixin.py:137} INFO - [2025-10-08T00:52:41.086+0000] {dagbag.py:538} INFO - Filling up the DagBag from /home/airflow/.local/lib/python3.7/site-packages/airflow/example_dags/example_external_task_marker_dag.py
[2025-10-08T00:52:41.094+0000] {processor.py:753} INFO - DAG(s) dict_keys(['example_external_task_marker_parent', 'example_external_task_marker_child']) retrieved from /home/airflow/.local/lib/python3.7/site-packages/airflow/example_dags/example_external_task_marker_dag.py
[2025-10-08T00:52:41.113+0000] {logging_mixin.py:137} INFO - [2025-10-08T00:52:41.112+0000] {dag.py:2690} INFO - Sync 2 DAGs
[2025-10-08T00:52:41.128+0000] {logging_mixin.py:137} INFO - [2025-10-08T00:52:41.127+0000] {dag.py:3441} INFO - Setting next_dagrun for example_external_task_marker_child to None, run_after=None
[2025-10-08T00:52:41.130+0000] {logging_mixin.py:137} INFO - [2025-10-08T00:52:41.130+0000] {dag.py:3441} INFO - Setting next_dagrun for example_external_task_marker_parent to None, run_after=None
[2025-10-08T00:52:41.143+0000] {processor.py:175} INFO - Processing /home/airflow/.local/lib/python3.7/site-packages/airflow/example_dags/example_external_task_marker_dag.py took 0.060 seconds
[2025-10-08T00:54:16.596+0000] {processor.py:153} INFO - Started process (PID=140) to work on /home/airflow/.local/lib/python3.7/site-packages/airflow/example_dags/example_external_task_marker_dag.py
[2025-10-08T00:54:16.599+0000] {processor.py:743} INFO - Processing file /home/airflow/.local/lib/python3.7/site-packages/airflow/example_dags/example_external_task_marker_dag.py for tasks to queue
[2025-10-08T00:54:16.600+0000] {logging_mixin.py:137} INFO - [2025-10-08T00:54:16.600+0000] {dagbag.py:538} INFO - Filling up the DagBag from /home/airflow/.local/lib/python3.7/site-packages/airflow/example_dags/example_external_task_marker_dag.py
[2025-10-08T00:54:16.610+0000] {processor.py:753} INFO - DAG(s) dict_keys(['example_external_task_marker_parent', 'example_external_task_marker_child']) retrieved from /home/airflow/.local/lib/python3.7/site-packages/airflow/example_dags/example_external_task_marker_dag.py
[2025-10-08T00:54:16.636+0000] {logging_mixin.py:137} INFO - [2025-10-08T00:54:16.636+0000] {dag.py:2690} INFO - Sync 2 DAGs
[2025-10-08T00:54:16.655+0000] {logging_mixin.py:137} INFO - [2025-10-08T00:54:16.655+0000] {dag.py:3441} INFO - Setting next_dagrun for example_external_task_marker_child to None, run_after=None
[2025-10-08T00:54:16.656+0000] {logging_mixin.py:137} INFO - [2025-10-08T00:54:16.656+0000] {dag.py:3441} INFO - Setting next_dagrun for example_external_task_marker_parent to None, run_after=None
[2025-10-08T00:54:16.667+0000] {processor.py:175} INFO - Processing /home/airflow/.local/lib/python3.7/site-packages/airflow/example_dags/example_external_task_marker_dag.py took 0.074 seconds
[2025-10-08T00:54:47.797+0000] {processor.py:153} INFO - Started process (PID=235) to work on /home/airflow/.local/lib/python3.7/site-packages/airflow/example_dags/example_external_task_marker_dag.py
[2025-10-08T00:54:47.799+0000] {processor.py:743} INFO - Processing file /home/airflow/.local/lib/python3.7/site-packages/airflow/example_dags/example_external_task_marker_dag.py for tasks to queue
[2025-10-08T00:54:47.800+0000] {logging_mixin.py:137} INFO - [2025-10-08T00:54:47.800+0000] {dagbag.py:538} INFO - Filling up the DagBag from /home/airflow/.local/lib/python3.7/site-packages/airflow/example_dags/example_external_task_marker_dag.py
[2025-10-08T00:54:47.814+0000] {processor.py:753} INFO - DAG(s) dict_keys(['example_external_task_marker_child', 'example_external_task_marker_parent']) retrieved from /home/airflow/.local/lib/python3.7/site-packages/airflow/example_dags/example_external_task_marker_dag.py
[2025-10-08T00:54:47.835+0000] {logging_mixin.py:137} INFO - [2025-10-08T00:54:47.835+0000] {dag.py:2690} INFO - Sync 2 DAGs
[2025-10-08T00:54:47.850+0000] {logging_mixin.py:137} INFO - [2025-10-08T00:54:47.850+0000] {dag.py:3441} INFO - Setting next_dagrun for example_external_task_marker_child to None, run_after=None
[2025-10-08T00:54:47.852+0000] {logging_mixin.py:137} INFO - [2025-10-08T00:54:47.852+0000] {dag.py:3441} INFO - Setting next_dagrun for example_external_task_marker_parent to None, run_after=None
[2025-10-08T00:54:47.862+0000] {processor.py:175} INFO - Processing /home/airflow/.local/lib/python3.7/site-packages/airflow/example_dags/example_external_task_marker_dag.py took 0.070 seconds
[2025-10-08T00:55:18.723+0000] {processor.py:153} INFO - Started process (PID=312) to work on /home/airflow/.local/lib/python3.7/site-packages/airflow/example_dags/example_external_task_marker_dag.py
[2025-10-08T00:55:18.724+0000] {processor.py:743} INFO - Processing file /home/airflow/.local/lib/python3.7/site-packages/airflow/example_dags/example_external_task_marker_dag.py for tasks to queue
[2025-10-08T00:55:18.725+0000] {logging_mixin.py:137} INFO - [2025-10-08T00:55:18.725+0000] {dagbag.py:538} INFO - Filling up the DagBag from /home/airflow/.local/lib/python3.7/site-packages/airflow/example_dags/example_external_task_marker_dag.py
[2025-10-08T00:55:18.732+0000] {processor.py:753} INFO - DAG(s) dict_keys(['example_external_task_marker_child', 'example_external_task_marker_parent']) retrieved from /home/airflow/.local/lib/python3.7/site-packages/airflow/example_dags/example_external_task_marker_dag.py
[2025-10-08T00:55:18.748+0000] {logging_mixin.py:137} INFO - [2025-10-08T00:55:18.748+0000] {dag.py:2690} INFO - Sync 2 DAGs
[2025-10-08T00:55:18.764+0000] {logging_mixin.py:137} INFO - [2025-10-08T00:55:18.764+0000] {dag.py:3441} INFO - Setting next_dagrun for example_external_task_marker_child to None, run_after=None
[2025-10-08T00:55:18.766+0000] {logging_mixin.py:137} INFO - [2025-10-08T00:55:18.766+0000] {dag.py:3441} INFO - Setting next_dagrun for example_external_task_marker_parent to None, run_after=None
[2025-10-08T00:55:18.774+0000] {processor.py:175} INFO - Processing /home/airflow/.local/lib/python3.7/site-packages/airflow/example_dags/example_external_task_marker_dag.py took 0.054 seconds
[2025-10-08T00:55:49.689+0000] {processor.py:153} INFO - Started process (PID=407) to work on /home/airflow/.local/lib/python3.7/site-packages/airflow/example_dags/example_external_task_marker_dag.py
[2025-10-08T00:55:49.690+0000] {processor.py:743} INFO - Processing file /home/airflow/.local/lib/python3.7/site-packages/airflow/example_dags/example_external_task_marker_dag.py for tasks to queue
[2025-10-08T00:55:49.691+0000] {logging_mixin.py:137} INFO - [2025-10-08T00:55:49.690+0000] {dagbag.py:538} INFO - Filling up the DagBag from /home/airflow/.local/lib/python3.7/site-packages/airflow/example_dags/example_external_task_marker_dag.py
[2025-10-08T00:55:49.699+0000] {processor.py:753} INFO - DAG(s) dict_keys(['example_external_task_marker_child', 'example_external_task_marker_parent']) retrieved from /home/airflow/.local/lib/python3.7/site-packages/airflow/example_dags/example_external_task_marker_dag.py
[2025-10-08T00:55:49.716+0000] {logging_mixin.py:137} INFO - [2025-10-08T00:55:49.716+0000] {dag.py:2690} INFO - Sync 2 DAGs
[2025-10-08T00:55:49.731+0000] {logging_mixin.py:137} INFO - [2025-10-08T00:55:49.731+0000] {dag.py:3441} INFO - Setting next_dagrun for example_external_task_marker_child to None, run_after=None
[2025-10-08T00:55:49.734+0000] {logging_mixin.py:137} INFO - [2025-10-08T00:55:49.734+0000] {dag.py:3441} INFO - Setting next_dagrun for example_external_task_marker_parent to None, run_after=None
[2025-10-08T00:55:49.743+0000] {processor.py:175} INFO - Processing /home/airflow/.local/lib/python3.7/site-packages/airflow/example_dags/example_external_task_marker_dag.py took 0.057 seconds
[2025-10-08T00:56:20.635+0000] {processor.py:153} INFO - Started process (PID=502) to work on /home/airflow/.local/lib/python3.7/site-packages/airflow/example_dags/example_external_task_marker_dag.py
[2025-10-08T00:56:20.636+0000] {processor.py:743} INFO - Processing file /home/airflow/.local/lib/python3.7/site-packages/airflow/example_dags/example_external_task_marker_dag.py for tasks to queue
[2025-10-08T00:56:20.637+0000] {logging_mixin.py:137} INFO - [2025-10-08T00:56:20.637+0000] {dagbag.py:538} INFO - Filling up the DagBag from /home/airflow/.local/lib/python3.7/site-packages/airflow/example_dags/example_external_task_marker_dag.py
[2025-10-08T00:56:20.644+0000] {processor.py:753} INFO - DAG(s) dict_keys(['example_external_task_marker_parent', 'example_external_task_marker_child']) retrieved from /home/airflow/.local/lib/python3.7/site-packages/airflow/example_dags/example_external_task_marker_dag.py
[2025-10-08T00:56:20.660+0000] {logging_mixin.py:137} INFO - [2025-10-08T00:56:20.660+0000] {dag.py:2690} INFO - Sync 2 DAGs
[2025-10-08T00:56:20.673+0000] {logging_mixin.py:137} INFO - [2025-10-08T00:56:20.673+0000] {dag.py:3441} INFO - Setting next_dagrun for example_external_task_marker_child to None, run_after=None
[2025-10-08T00:56:20.675+0000] {logging_mixin.py:137} INFO - [2025-10-08T00:56:20.675+0000] {dag.py:3441} INFO - Setting next_dagrun for example_external_task_marker_parent to None, run_after=None
[2025-10-08T00:56:20.685+0000] {processor.py:175} INFO - Processing /home/airflow/.local/lib/python3.7/site-packages/airflow/example_dags/example_external_task_marker_dag.py took 0.051 seconds
[2025-10-08T00:56:51.491+0000] {processor.py:153} INFO - Started process (PID=586) to work on /home/airflow/.local/lib/python3.7/site-packages/airflow/example_dags/example_external_task_marker_dag.py
[2025-10-08T00:56:51.492+0000] {processor.py:743} INFO - Processing file /home/airflow/.local/lib/python3.7/site-packages/airflow/example_dags/example_external_task_marker_dag.py for tasks to queue
[2025-10-08T00:56:51.493+0000] {logging_mixin.py:137} INFO - [2025-10-08T00:56:51.493+0000] {dagbag.py:538} INFO - Filling up the DagBag from /home/airflow/.local/lib/python3.7/site-packages/airflow/example_dags/example_external_task_marker_dag.py
[2025-10-08T00:56:51.508+0000] {processor.py:753} INFO - DAG(s) dict_keys(['example_external_task_marker_child', 'example_external_task_marker_parent']) retrieved from /home/airflow/.local/lib/python3.7/site-packages/airflow/example_dags/example_external_task_marker_dag.py
[2025-10-08T00:56:51.538+0000] {logging_mixin.py:137} INFO - [2025-10-08T00:56:51.538+0000] {dag.py:2690} INFO - Sync 2 DAGs
[2025-10-08T00:56:51.554+0000] {logging_mixin.py:137} INFO - [2025-10-08T00:56:51.554+0000] {dag.py:3441} INFO - Setting next_dagrun for example_external_task_marker_child to None, run_after=None
[2025-10-08T00:56:51.558+0000] {logging_mixin.py:137} INFO - [2025-10-08T00:56:51.558+0000] {dag.py:3441} INFO - Setting next_dagrun for example_external_task_marker_parent to None, run_after=None
[2025-10-08T00:56:51.571+0000] {processor.py:175} INFO - Processing /home/airflow/.local/lib/python3.7/site-packages/airflow/example_dags/example_external_task_marker_dag.py took 0.083 seconds
[2025-10-08T00:57:22.538+0000] {processor.py:153} INFO - Started process (PID=674) to work on /home/airflow/.local/lib/python3.7/site-packages/airflow/example_dags/example_external_task_marker_dag.py
[2025-10-08T00:57:22.539+0000] {processor.py:743} INFO - Processing file /home/airflow/.local/lib/python3.7/site-packages/airflow/example_dags/example_external_task_marker_dag.py for tasks to queue
[2025-10-08T00:57:22.540+0000] {logging_mixin.py:137} INFO - [2025-10-08T00:57:22.539+0000] {dagbag.py:538} INFO - Filling up the DagBag from /home/airflow/.local/lib/python3.7/site-packages/airflow/example_dags/example_external_task_marker_dag.py
[2025-10-08T00:57:22.547+0000] {processor.py:753} INFO - DAG(s) dict_keys(['example_external_task_marker_child', 'example_external_task_marker_parent']) retrieved from /home/airflow/.local/lib/python3.7/site-packages/airflow/example_dags/example_external_task_marker_dag.py
[2025-10-08T00:57:22.566+0000] {logging_mixin.py:137} INFO - [2025-10-08T00:57:22.565+0000] {dag.py:2690} INFO - Sync 2 DAGs
[2025-10-08T00:57:22.583+0000] {logging_mixin.py:137} INFO - [2025-10-08T00:57:22.583+0000] {dag.py:3441} INFO - Setting next_dagrun for example_external_task_marker_child to None, run_after=None
[2025-10-08T00:57:22.584+0000] {logging_mixin.py:137} INFO - [2025-10-08T00:57:22.584+0000] {dag.py:3441} INFO - Setting next_dagrun for example_external_task_marker_parent to None, run_after=None
[2025-10-08T00:57:22.594+0000] {processor.py:175} INFO - Processing /home/airflow/.local/lib/python3.7/site-packages/airflow/example_dags/example_external_task_marker_dag.py took 0.058 seconds
[2025-10-08T00:57:53.472+0000] {processor.py:153} INFO - Started process (PID=769) to work on /home/airflow/.local/lib/python3.7/site-packages/airflow/example_dags/example_external_task_marker_dag.py
[2025-10-08T00:57:53.472+0000] {processor.py:743} INFO - Processing file /home/airflow/.local/lib/python3.7/site-packages/airflow/example_dags/example_external_task_marker_dag.py for tasks to queue
[2025-10-08T00:57:53.472+0000] {logging_mixin.py:137} INFO - [2025-10-08T00:57:53.472+0000] {dagbag.py:538} INFO - Filling up the DagBag from /home/airflow/.local/lib/python3.7/site-packages/airflow/example_dags/example_external_task_marker_dag.py
[2025-10-08T00:57:53.480+0000] {processor.py:753} INFO - DAG(s) dict_keys(['example_external_task_marker_child', 'example_external_task_marker_parent']) retrieved from /home/airflow/.local/lib/python3.7/site-packages/airflow/example_dags/example_external_task_marker_dag.py
[2025-10-08T00:57:53.494+0000] {logging_mixin.py:137} INFO - [2025-10-08T00:57:53.494+0000] {dag.py:2690} INFO - Sync 2 DAGs
[2025-10-08T00:57:53.508+0000] {logging_mixin.py:137} INFO - [2025-10-08T00:57:53.508+0000] {dag.py:3441} INFO - Setting next_dagrun for example_external_task_marker_child to None, run_after=None
[2025-10-08T00:57:53.510+0000] {logging_mixin.py:137} INFO - [2025-10-08T00:57:53.510+0000] {dag.py:3441} INFO - Setting next_dagrun for example_external_task_marker_parent to None, run_after=None
[2025-10-08T00:57:53.521+0000] {processor.py:175} INFO - Processing /home/airflow/.local/lib/python3.7/site-packages/airflow/example_dags/example_external_task_marker_dag.py took 0.052 seconds
[2025-10-08T00:58:24.404+0000] {processor.py:153} INFO - Started process (PID=864) to work on /home/airflow/.local/lib/python3.7/site-packages/airflow/example_dags/example_external_task_marker_dag.py
[2025-10-08T00:58:24.405+0000] {processor.py:743} INFO - Processing file /home/airflow/.local/lib/python3.7/site-packages/airflow/example_dags/example_external_task_marker_dag.py for tasks to queue
[2025-10-08T00:58:24.405+0000] {logging_mixin.py:137} INFO - [2025-10-08T00:58:24.405+0000] {dagbag.py:538} INFO - Filling up the DagBag from /home/airflow/.local/lib/python3.7/site-packages/airflow/example_dags/example_external_task_marker_dag.py
[2025-10-08T00:58:24.413+0000] {processor.py:753} INFO - DAG(s) dict_keys(['example_external_task_marker_parent', 'example_external_task_marker_child']) retrieved from /home/airflow/.local/lib/python3.7/site-packages/airflow/example_dags/example_external_task_marker_dag.py
[2025-10-08T00:58:24.430+0000] {logging_mixin.py:137} INFO - [2025-10-08T00:58:24.430+0000] {dag.py:2690} INFO - Sync 2 DAGs
[2025-10-08T00:58:24.444+0000] {logging_mixin.py:137} INFO - [2025-10-08T00:58:24.443+0000] {dag.py:3441} INFO - Setting next_dagrun for example_external_task_marker_child to None, run_after=None
[2025-10-08T00:58:24.445+0000] {logging_mixin.py:137} INFO - [2025-10-08T00:58:24.445+0000] {dag.py:3441} INFO - Setting next_dagrun for example_external_task_marker_parent to None, run_after=None
[2025-10-08T00:58:24.455+0000] {processor.py:175} INFO - Processing /home/airflow/.local/lib/python3.7/site-packages/airflow/example_dags/example_external_task_marker_dag.py took 0.052 seconds
[2025-10-08T00:58:54.555+0000] {processor.py:153} INFO - Started process (PID=941) to work on /home/airflow/.local/lib/python3.7/site-packages/airflow/example_dags/example_external_task_marker_dag.py
[2025-10-08T00:58:54.556+0000] {processor.py:743} INFO - Processing file /home/airflow/.local/lib/python3.7/site-packages/airflow/example_dags/example_external_task_marker_dag.py for tasks to queue
[2025-10-08T00:58:54.556+0000] {logging_mixin.py:137} INFO - [2025-10-08T00:58:54.556+0000] {dagbag.py:538} INFO - Filling up the DagBag from /home/airflow/.local/lib/python3.7/site-packages/airflow/example_dags/example_external_task_marker_dag.py
[2025-10-08T00:58:54.565+0000] {processor.py:753} INFO - DAG(s) dict_keys(['example_external_task_marker_parent', 'example_external_task_marker_child']) retrieved from /home/airflow/.local/lib/python3.7/site-packages/airflow/example_dags/example_external_task_marker_dag.py
[2025-10-08T00:58:54.581+0000] {logging_mixin.py:137} INFO - [2025-10-08T00:58:54.581+0000] {dag.py:2690} INFO - Sync 2 DAGs
[2025-10-08T00:58:54.596+0000] {logging_mixin.py:137} INFO - [2025-10-08T00:58:54.595+0000] {dag.py:3441} INFO - Setting next_dagrun for example_external_task_marker_child to None, run_after=None
[2025-10-08T00:58:54.598+0000] {logging_mixin.py:137} INFO - [2025-10-08T00:58:54.598+0000] {dag.py:3441} INFO - Setting next_dagrun for example_external_task_marker_parent to None, run_after=None
[2025-10-08T00:58:54.608+0000] {processor.py:175} INFO - Processing /home/airflow/.local/lib/python3.7/site-packages/airflow/example_dags/example_external_task_marker_dag.py took 0.055 seconds
[2025-10-08T00:59:25.511+0000] {processor.py:153} INFO - Started process (PID=1036) to work on /home/airflow/.local/lib/python3.7/site-packages/airflow/example_dags/example_external_task_marker_dag.py
[2025-10-08T00:59:25.511+0000] {processor.py:743} INFO - Processing file /home/airflow/.local/lib/python3.7/site-packages/airflow/example_dags/example_external_task_marker_dag.py for tasks to queue
[2025-10-08T00:59:25.512+0000] {logging_mixin.py:137} INFO - [2025-10-08T00:59:25.512+0000] {dagbag.py:538} INFO - Filling up the DagBag from /home/airflow/.local/lib/python3.7/site-packages/airflow/example_dags/example_external_task_marker_dag.py
[2025-10-08T00:59:25.519+0000] {processor.py:753} INFO - DAG(s) dict_keys(['example_external_task_marker_parent', 'example_external_task_marker_child']) retrieved from /home/airflow/.local/lib/python3.7/site-packages/airflow/example_dags/example_external_task_marker_dag.py
[2025-10-08T00:59:25.537+0000] {logging_mixin.py:137} INFO - [2025-10-08T00:59:25.537+0000] {dag.py:2690} INFO - Sync 2 DAGs
[2025-10-08T00:59:25.550+0000] {logging_mixin.py:137} INFO - [2025-10-08T00:59:25.550+0000] {dag.py:3441} INFO - Setting next_dagrun for example_external_task_marker_child to None, run_after=None
[2025-10-08T00:59:25.552+0000] {logging_mixin.py:137} INFO - [2025-10-08T00:59:25.552+0000] {dag.py:3441} INFO - Setting next_dagrun for example_external_task_marker_parent to None, run_after=None
[2025-10-08T00:59:25.563+0000] {processor.py:175} INFO - Processing /home/airflow/.local/lib/python3.7/site-packages/airflow/example_dags/example_external_task_marker_dag.py took 0.055 seconds
[2025-10-08T00:59:56.365+0000] {processor.py:153} INFO - Started process (PID=1131) to work on /home/airflow/.local/lib/python3.7/site-packages/airflow/example_dags/example_external_task_marker_dag.py
[2025-10-08T00:59:56.366+0000] {processor.py:743} INFO - Processing file /home/airflow/.local/lib/python3.7/site-packages/airflow/example_dags/example_external_task_marker_dag.py for tasks to queue
[2025-10-08T00:59:56.367+0000] {logging_mixin.py:137} INFO - [2025-10-08T00:59:56.366+0000] {dagbag.py:538} INFO - Filling up the DagBag from /home/airflow/.local/lib/python3.7/site-packages/airflow/example_dags/example_external_task_marker_dag.py
[2025-10-08T00:59:56.374+0000] {processor.py:753} INFO - DAG(s) dict_keys(['example_external_task_marker_child', 'example_external_task_marker_parent']) retrieved from /home/airflow/.local/lib/python3.7/site-packages/airflow/example_dags/example_external_task_marker_dag.py
[2025-10-08T00:59:56.393+0000] {logging_mixin.py:137} INFO - [2025-10-08T00:59:56.393+0000] {dag.py:2690} INFO - Sync 2 DAGs
[2025-10-08T00:59:56.407+0000] {logging_mixin.py:137} INFO - [2025-10-08T00:59:56.407+0000] {dag.py:3441} INFO - Setting next_dagrun for example_external_task_marker_child to None, run_after=None
[2025-10-08T00:59:56.410+0000] {logging_mixin.py:137} INFO - [2025-10-08T00:59:56.410+0000] {dag.py:3441} INFO - Setting next_dagrun for example_external_task_marker_parent to None, run_after=None
[2025-10-08T00:59:56.421+0000] {processor.py:175} INFO - Processing /home/airflow/.local/lib/python3.7/site-packages/airflow/example_dags/example_external_task_marker_dag.py took 0.058 seconds
[2025-10-08T01:00:27.247+0000] {processor.py:153} INFO - Started process (PID=1226) to work on /home/airflow/.local/lib/python3.7/site-packages/airflow/example_dags/example_external_task_marker_dag.py
[2025-10-08T01:00:27.248+0000] {processor.py:743} INFO - Processing file /home/airflow/.local/lib/python3.7/site-packages/airflow/example_dags/example_external_task_marker_dag.py for tasks to queue
[2025-10-08T01:00:27.248+0000] {logging_mixin.py:137} INFO - [2025-10-08T01:00:27.248+0000] {dagbag.py:538} INFO - Filling up the DagBag from /home/airflow/.local/lib/python3.7/site-packages/airflow/example_dags/example_external_task_marker_dag.py
[2025-10-08T01:00:27.258+0000] {processor.py:753} INFO - DAG(s) dict_keys(['example_external_task_marker_parent', 'example_external_task_marker_child']) retrieved from /home/airflow/.local/lib/python3.7/site-packages/airflow/example_dags/example_external_task_marker_dag.py
[2025-10-08T01:00:27.280+0000] {logging_mixin.py:137} INFO - [2025-10-08T01:00:27.280+0000] {dag.py:2690} INFO - Sync 2 DAGs
[2025-10-08T01:00:27.298+0000] {logging_mixin.py:137} INFO - [2025-10-08T01:00:27.298+0000] {dag.py:3441} INFO - Setting next_dagrun for example_external_task_marker_child to None, run_after=None
[2025-10-08T01:00:27.300+0000] {logging_mixin.py:137} INFO - [2025-10-08T01:00:27.300+0000] {dag.py:3441} INFO - Setting next_dagrun for example_external_task_marker_parent to None, run_after=None
[2025-10-08T01:00:27.311+0000] {processor.py:175} INFO - Processing /home/airflow/.local/lib/python3.7/site-packages/airflow/example_dags/example_external_task_marker_dag.py took 0.066 seconds
[2025-10-08T01:00:58.064+0000] {processor.py:153} INFO - Started process (PID=1303) to work on /home/airflow/.local/lib/python3.7/site-packages/airflow/example_dags/example_external_task_marker_dag.py
[2025-10-08T01:00:58.064+0000] {processor.py:743} INFO - Processing file /home/airflow/.local/lib/python3.7/site-packages/airflow/example_dags/example_external_task_marker_dag.py for tasks to queue
[2025-10-08T01:00:58.065+0000] {logging_mixin.py:137} INFO - [2025-10-08T01:00:58.065+0000] {dagbag.py:538} INFO - Filling up the DagBag from /home/airflow/.local/lib/python3.7/site-packages/airflow/example_dags/example_external_task_marker_dag.py
[2025-10-08T01:00:58.072+0000] {processor.py:753} INFO - DAG(s) dict_keys(['example_external_task_marker_parent', 'example_external_task_marker_child']) retrieved from /home/airflow/.local/lib/python3.7/site-packages/airflow/example_dags/example_external_task_marker_dag.py
[2025-10-08T01:00:58.088+0000] {logging_mixin.py:137} INFO - [2025-10-08T01:00:58.088+0000] {dag.py:2690} INFO - Sync 2 DAGs
[2025-10-08T01:00:58.101+0000] {logging_mixin.py:137} INFO - [2025-10-08T01:00:58.101+0000] {dag.py:3441} INFO - Setting next_dagrun for example_external_task_marker_child to None, run_after=None
[2025-10-08T01:00:58.103+0000] {logging_mixin.py:137} INFO - [2025-10-08T01:00:58.103+0000] {dag.py:3441} INFO - Setting next_dagrun for example_external_task_marker_parent to None, run_after=None
[2025-10-08T01:00:58.115+0000] {processor.py:175} INFO - Processing /home/airflow/.local/lib/python3.7/site-packages/airflow/example_dags/example_external_task_marker_dag.py took 0.053 seconds
[2025-10-08T01:01:28.832+0000] {processor.py:153} INFO - Started process (PID=1398) to work on /home/airflow/.local/lib/python3.7/site-packages/airflow/example_dags/example_external_task_marker_dag.py
[2025-10-08T01:01:28.833+0000] {processor.py:743} INFO - Processing file /home/airflow/.local/lib/python3.7/site-packages/airflow/example_dags/example_external_task_marker_dag.py for tasks to queue
[2025-10-08T01:01:28.833+0000] {logging_mixin.py:137} INFO - [2025-10-08T01:01:28.833+0000] {dagbag.py:538} INFO - Filling up the DagBag from /home/airflow/.local/lib/python3.7/site-packages/airflow/example_dags/example_external_task_marker_dag.py
[2025-10-08T01:01:28.842+0000] {processor.py:753} INFO - DAG(s) dict_keys(['example_external_task_marker_child', 'example_external_task_marker_parent']) retrieved from /home/airflow/.local/lib/python3.7/site-packages/airflow/example_dags/example_external_task_marker_dag.py
[2025-10-08T01:01:28.859+0000] {logging_mixin.py:137} INFO - [2025-10-08T01:01:28.859+0000] {dag.py:2690} INFO - Sync 2 DAGs
[2025-10-08T01:01:28.874+0000] {logging_mixin.py:137} INFO - [2025-10-08T01:01:28.874+0000] {dag.py:3441} INFO - Setting next_dagrun for example_external_task_marker_child to None, run_after=None
[2025-10-08T01:01:28.876+0000] {logging_mixin.py:137} INFO - [2025-10-08T01:01:28.876+0000] {dag.py:3441} INFO - Setting next_dagrun for example_external_task_marker_parent to None, run_after=None
[2025-10-08T01:01:28.890+0000] {processor.py:175} INFO - Processing /home/airflow/.local/lib/python3.7/site-packages/airflow/example_dags/example_external_task_marker_dag.py took 0.061 seconds
