[2025-10-08T00:50:05.663+0000] {processor.py:153} INFO - Started process (PID=63) to work on /home/airflow/.local/lib/python3.7/site-packages/airflow/example_dags/example_nested_branch_dag.py
[2025-10-08T00:50:05.664+0000] {processor.py:743} INFO - Processing file /home/airflow/.local/lib/python3.7/site-packages/airflow/example_dags/example_nested_branch_dag.py for tasks to queue
[2025-10-08T00:50:05.664+0000] {logging_mixin.py:137} INFO - [2025-10-08T00:50:05.664+0000] {dagbag.py:538} INFO - Filling up the DagBag from /home/airflow/.local/lib/python3.7/site-packages/airflow/example_dags/example_nested_branch_dag.py
[2025-10-08T00:50:05.688+0000] {processor.py:753} INFO - DAG(s) dict_keys(['example_nested_branch_dag']) retrieved from /home/airflow/.local/lib/python3.7/site-packages/airflow/example_dags/example_nested_branch_dag.py
[2025-10-08T00:50:05.703+0000] {logging_mixin.py:137} INFO - [2025-10-08T00:50:05.703+0000] {dag.py:2690} INFO - Sync 1 DAGs
[2025-10-08T00:50:05.732+0000] {logging_mixin.py:137} INFO - [2025-10-08T00:50:05.731+0000] {dag.py:3441} INFO - Setting next_dagrun for example_nested_branch_dag to 2025-10-07T00:00:00+00:00, run_after=2025-10-08T00:00:00+00:00
[2025-10-08T00:50:05.750+0000] {processor.py:175} INFO - Processing /home/airflow/.local/lib/python3.7/site-packages/airflow/example_dags/example_nested_branch_dag.py took 0.089 seconds
[2025-10-08T00:50:36.284+0000] {processor.py:153} INFO - Started process (PID=158) to work on /home/airflow/.local/lib/python3.7/site-packages/airflow/example_dags/example_nested_branch_dag.py
[2025-10-08T00:50:36.287+0000] {processor.py:743} INFO - Processing file /home/airflow/.local/lib/python3.7/site-packages/airflow/example_dags/example_nested_branch_dag.py for tasks to queue
[2025-10-08T00:50:36.287+0000] {logging_mixin.py:137} INFO - [2025-10-08T00:50:36.287+0000] {dagbag.py:538} INFO - Filling up the DagBag from /home/airflow/.local/lib/python3.7/site-packages/airflow/example_dags/example_nested_branch_dag.py
[2025-10-08T00:50:36.300+0000] {processor.py:753} INFO - DAG(s) dict_keys(['example_nested_branch_dag']) retrieved from /home/airflow/.local/lib/python3.7/site-packages/airflow/example_dags/example_nested_branch_dag.py
[2025-10-08T00:50:36.319+0000] {logging_mixin.py:137} INFO - [2025-10-08T00:50:36.319+0000] {dag.py:2690} INFO - Sync 1 DAGs
[2025-10-08T00:50:36.335+0000] {logging_mixin.py:137} INFO - [2025-10-08T00:50:36.335+0000] {dag.py:3441} INFO - Setting next_dagrun for example_nested_branch_dag to 2025-10-07T00:00:00+00:00, run_after=2025-10-08T00:00:00+00:00
[2025-10-08T00:50:36.345+0000] {processor.py:175} INFO - Processing /home/airflow/.local/lib/python3.7/site-packages/airflow/example_dags/example_nested_branch_dag.py took 0.064 seconds
[2025-10-08T00:51:07.472+0000] {processor.py:153} INFO - Started process (PID=253) to work on /home/airflow/.local/lib/python3.7/site-packages/airflow/example_dags/example_nested_branch_dag.py
[2025-10-08T00:51:07.474+0000] {processor.py:743} INFO - Processing file /home/airflow/.local/lib/python3.7/site-packages/airflow/example_dags/example_nested_branch_dag.py for tasks to queue
[2025-10-08T00:51:07.474+0000] {logging_mixin.py:137} INFO - [2025-10-08T00:51:07.474+0000] {dagbag.py:538} INFO - Filling up the DagBag from /home/airflow/.local/lib/python3.7/site-packages/airflow/example_dags/example_nested_branch_dag.py
[2025-10-08T00:51:07.490+0000] {processor.py:753} INFO - DAG(s) dict_keys(['example_nested_branch_dag']) retrieved from /home/airflow/.local/lib/python3.7/site-packages/airflow/example_dags/example_nested_branch_dag.py
[2025-10-08T00:51:07.510+0000] {logging_mixin.py:137} INFO - [2025-10-08T00:51:07.510+0000] {dag.py:2690} INFO - Sync 1 DAGs
[2025-10-08T00:51:07.530+0000] {logging_mixin.py:137} INFO - [2025-10-08T00:51:07.530+0000] {dag.py:3441} INFO - Setting next_dagrun for example_nested_branch_dag to 2025-10-07T00:00:00+00:00, run_after=2025-10-08T00:00:00+00:00
[2025-10-08T00:51:07.551+0000] {processor.py:175} INFO - Processing /home/airflow/.local/lib/python3.7/site-packages/airflow/example_dags/example_nested_branch_dag.py took 0.081 seconds
[2025-10-08T00:51:38.470+0000] {processor.py:153} INFO - Started process (PID=330) to work on /home/airflow/.local/lib/python3.7/site-packages/airflow/example_dags/example_nested_branch_dag.py
[2025-10-08T00:51:38.471+0000] {processor.py:743} INFO - Processing file /home/airflow/.local/lib/python3.7/site-packages/airflow/example_dags/example_nested_branch_dag.py for tasks to queue
[2025-10-08T00:51:38.471+0000] {logging_mixin.py:137} INFO - [2025-10-08T00:51:38.471+0000] {dagbag.py:538} INFO - Filling up the DagBag from /home/airflow/.local/lib/python3.7/site-packages/airflow/example_dags/example_nested_branch_dag.py
[2025-10-08T00:51:38.485+0000] {processor.py:753} INFO - DAG(s) dict_keys(['example_nested_branch_dag']) retrieved from /home/airflow/.local/lib/python3.7/site-packages/airflow/example_dags/example_nested_branch_dag.py
[2025-10-08T00:51:38.501+0000] {logging_mixin.py:137} INFO - [2025-10-08T00:51:38.500+0000] {dag.py:2690} INFO - Sync 1 DAGs
[2025-10-08T00:51:38.514+0000] {logging_mixin.py:137} INFO - [2025-10-08T00:51:38.514+0000] {dag.py:3441} INFO - Setting next_dagrun for example_nested_branch_dag to 2025-10-07T00:00:00+00:00, run_after=2025-10-08T00:00:00+00:00
[2025-10-08T00:51:38.526+0000] {processor.py:175} INFO - Processing /home/airflow/.local/lib/python3.7/site-packages/airflow/example_dags/example_nested_branch_dag.py took 0.058 seconds
[2025-10-08T00:52:09.365+0000] {processor.py:153} INFO - Started process (PID=424) to work on /home/airflow/.local/lib/python3.7/site-packages/airflow/example_dags/example_nested_branch_dag.py
[2025-10-08T00:52:09.366+0000] {processor.py:743} INFO - Processing file /home/airflow/.local/lib/python3.7/site-packages/airflow/example_dags/example_nested_branch_dag.py for tasks to queue
[2025-10-08T00:52:09.366+0000] {logging_mixin.py:137} INFO - [2025-10-08T00:52:09.366+0000] {dagbag.py:538} INFO - Filling up the DagBag from /home/airflow/.local/lib/python3.7/site-packages/airflow/example_dags/example_nested_branch_dag.py
[2025-10-08T00:52:09.379+0000] {processor.py:753} INFO - DAG(s) dict_keys(['example_nested_branch_dag']) retrieved from /home/airflow/.local/lib/python3.7/site-packages/airflow/example_dags/example_nested_branch_dag.py
[2025-10-08T00:52:09.401+0000] {logging_mixin.py:137} INFO - [2025-10-08T00:52:09.401+0000] {dag.py:2690} INFO - Sync 1 DAGs
[2025-10-08T00:52:09.417+0000] {logging_mixin.py:137} INFO - [2025-10-08T00:52:09.417+0000] {dag.py:3441} INFO - Setting next_dagrun for example_nested_branch_dag to 2025-10-07T00:00:00+00:00, run_after=2025-10-08T00:00:00+00:00
[2025-10-08T00:52:09.432+0000] {processor.py:175} INFO - Processing /home/airflow/.local/lib/python3.7/site-packages/airflow/example_dags/example_nested_branch_dag.py took 0.069 seconds
[2025-10-08T00:52:40.367+0000] {processor.py:153} INFO - Started process (PID=519) to work on /home/airflow/.local/lib/python3.7/site-packages/airflow/example_dags/example_nested_branch_dag.py
[2025-10-08T00:52:40.368+0000] {processor.py:743} INFO - Processing file /home/airflow/.local/lib/python3.7/site-packages/airflow/example_dags/example_nested_branch_dag.py for tasks to queue
[2025-10-08T00:52:40.369+0000] {logging_mixin.py:137} INFO - [2025-10-08T00:52:40.369+0000] {dagbag.py:538} INFO - Filling up the DagBag from /home/airflow/.local/lib/python3.7/site-packages/airflow/example_dags/example_nested_branch_dag.py
[2025-10-08T00:52:40.382+0000] {processor.py:753} INFO - DAG(s) dict_keys(['example_nested_branch_dag']) retrieved from /home/airflow/.local/lib/python3.7/site-packages/airflow/example_dags/example_nested_branch_dag.py
[2025-10-08T00:52:40.399+0000] {logging_mixin.py:137} INFO - [2025-10-08T00:52:40.399+0000] {dag.py:2690} INFO - Sync 1 DAGs
[2025-10-08T00:52:40.414+0000] {logging_mixin.py:137} INFO - [2025-10-08T00:52:40.414+0000] {dag.py:3441} INFO - Setting next_dagrun for example_nested_branch_dag to 2025-10-07T00:00:00+00:00, run_after=2025-10-08T00:00:00+00:00
[2025-10-08T00:52:40.428+0000] {processor.py:175} INFO - Processing /home/airflow/.local/lib/python3.7/site-packages/airflow/example_dags/example_nested_branch_dag.py took 0.063 seconds
[2025-10-08T00:54:15.823+0000] {processor.py:153} INFO - Started process (PID=125) to work on /home/airflow/.local/lib/python3.7/site-packages/airflow/example_dags/example_nested_branch_dag.py
[2025-10-08T00:54:15.825+0000] {processor.py:743} INFO - Processing file /home/airflow/.local/lib/python3.7/site-packages/airflow/example_dags/example_nested_branch_dag.py for tasks to queue
[2025-10-08T00:54:15.827+0000] {logging_mixin.py:137} INFO - [2025-10-08T00:54:15.825+0000] {dagbag.py:538} INFO - Filling up the DagBag from /home/airflow/.local/lib/python3.7/site-packages/airflow/example_dags/example_nested_branch_dag.py
[2025-10-08T00:54:15.846+0000] {processor.py:753} INFO - DAG(s) dict_keys(['example_nested_branch_dag']) retrieved from /home/airflow/.local/lib/python3.7/site-packages/airflow/example_dags/example_nested_branch_dag.py
[2025-10-08T00:54:15.866+0000] {logging_mixin.py:137} INFO - [2025-10-08T00:54:15.866+0000] {dag.py:2690} INFO - Sync 1 DAGs
[2025-10-08T00:54:15.885+0000] {logging_mixin.py:137} INFO - [2025-10-08T00:54:15.885+0000] {dag.py:3441} INFO - Setting next_dagrun for example_nested_branch_dag to 2025-10-07T00:00:00+00:00, run_after=2025-10-08T00:00:00+00:00
[2025-10-08T00:54:15.900+0000] {processor.py:175} INFO - Processing /home/airflow/.local/lib/python3.7/site-packages/airflow/example_dags/example_nested_branch_dag.py took 0.083 seconds
[2025-10-08T00:54:46.496+0000] {processor.py:153} INFO - Started process (PID=211) to work on /home/airflow/.local/lib/python3.7/site-packages/airflow/example_dags/example_nested_branch_dag.py
[2025-10-08T00:54:46.497+0000] {processor.py:743} INFO - Processing file /home/airflow/.local/lib/python3.7/site-packages/airflow/example_dags/example_nested_branch_dag.py for tasks to queue
[2025-10-08T00:54:46.499+0000] {logging_mixin.py:137} INFO - [2025-10-08T00:54:46.499+0000] {dagbag.py:538} INFO - Filling up the DagBag from /home/airflow/.local/lib/python3.7/site-packages/airflow/example_dags/example_nested_branch_dag.py
[2025-10-08T00:54:46.522+0000] {processor.py:753} INFO - DAG(s) dict_keys(['example_nested_branch_dag']) retrieved from /home/airflow/.local/lib/python3.7/site-packages/airflow/example_dags/example_nested_branch_dag.py
[2025-10-08T00:54:46.556+0000] {logging_mixin.py:137} INFO - [2025-10-08T00:54:46.556+0000] {dag.py:2690} INFO - Sync 1 DAGs
[2025-10-08T00:54:46.576+0000] {logging_mixin.py:137} INFO - [2025-10-08T00:54:46.576+0000] {dag.py:3441} INFO - Setting next_dagrun for example_nested_branch_dag to 2025-10-07T00:00:00+00:00, run_after=2025-10-08T00:00:00+00:00
[2025-10-08T00:54:46.608+0000] {processor.py:175} INFO - Processing /home/airflow/.local/lib/python3.7/site-packages/airflow/example_dags/example_nested_branch_dag.py took 0.118 seconds
[2025-10-08T00:55:17.001+0000] {processor.py:153} INFO - Started process (PID=295) to work on /home/airflow/.local/lib/python3.7/site-packages/airflow/example_dags/example_nested_branch_dag.py
[2025-10-08T00:55:17.003+0000] {processor.py:743} INFO - Processing file /home/airflow/.local/lib/python3.7/site-packages/airflow/example_dags/example_nested_branch_dag.py for tasks to queue
[2025-10-08T00:55:17.004+0000] {logging_mixin.py:137} INFO - [2025-10-08T00:55:17.004+0000] {dagbag.py:538} INFO - Filling up the DagBag from /home/airflow/.local/lib/python3.7/site-packages/airflow/example_dags/example_nested_branch_dag.py
[2025-10-08T00:55:17.017+0000] {processor.py:753} INFO - DAG(s) dict_keys(['example_nested_branch_dag']) retrieved from /home/airflow/.local/lib/python3.7/site-packages/airflow/example_dags/example_nested_branch_dag.py
[2025-10-08T00:55:17.032+0000] {logging_mixin.py:137} INFO - [2025-10-08T00:55:17.032+0000] {dag.py:2690} INFO - Sync 1 DAGs
[2025-10-08T00:55:17.045+0000] {logging_mixin.py:137} INFO - [2025-10-08T00:55:17.045+0000] {dag.py:3441} INFO - Setting next_dagrun for example_nested_branch_dag to 2025-10-07T00:00:00+00:00, run_after=2025-10-08T00:00:00+00:00
[2025-10-08T00:55:17.056+0000] {processor.py:175} INFO - Processing /home/airflow/.local/lib/python3.7/site-packages/airflow/example_dags/example_nested_branch_dag.py took 0.056 seconds
[2025-10-08T00:55:47.835+0000] {processor.py:153} INFO - Started process (PID=390) to work on /home/airflow/.local/lib/python3.7/site-packages/airflow/example_dags/example_nested_branch_dag.py
[2025-10-08T00:55:47.835+0000] {processor.py:743} INFO - Processing file /home/airflow/.local/lib/python3.7/site-packages/airflow/example_dags/example_nested_branch_dag.py for tasks to queue
[2025-10-08T00:55:47.836+0000] {logging_mixin.py:137} INFO - [2025-10-08T00:55:47.836+0000] {dagbag.py:538} INFO - Filling up the DagBag from /home/airflow/.local/lib/python3.7/site-packages/airflow/example_dags/example_nested_branch_dag.py
[2025-10-08T00:55:47.851+0000] {processor.py:753} INFO - DAG(s) dict_keys(['example_nested_branch_dag']) retrieved from /home/airflow/.local/lib/python3.7/site-packages/airflow/example_dags/example_nested_branch_dag.py
[2025-10-08T00:55:47.868+0000] {logging_mixin.py:137} INFO - [2025-10-08T00:55:47.868+0000] {dag.py:2690} INFO - Sync 1 DAGs
[2025-10-08T00:55:47.884+0000] {logging_mixin.py:137} INFO - [2025-10-08T00:55:47.884+0000] {dag.py:3441} INFO - Setting next_dagrun for example_nested_branch_dag to 2025-10-07T00:00:00+00:00, run_after=2025-10-08T00:00:00+00:00
[2025-10-08T00:55:47.893+0000] {processor.py:175} INFO - Processing /home/airflow/.local/lib/python3.7/site-packages/airflow/example_dags/example_nested_branch_dag.py took 0.060 seconds
[2025-10-08T00:56:18.804+0000] {processor.py:153} INFO - Started process (PID=485) to work on /home/airflow/.local/lib/python3.7/site-packages/airflow/example_dags/example_nested_branch_dag.py
[2025-10-08T00:56:18.805+0000] {processor.py:743} INFO - Processing file /home/airflow/.local/lib/python3.7/site-packages/airflow/example_dags/example_nested_branch_dag.py for tasks to queue
[2025-10-08T00:56:18.806+0000] {logging_mixin.py:137} INFO - [2025-10-08T00:56:18.806+0000] {dagbag.py:538} INFO - Filling up the DagBag from /home/airflow/.local/lib/python3.7/site-packages/airflow/example_dags/example_nested_branch_dag.py
[2025-10-08T00:56:18.819+0000] {processor.py:753} INFO - DAG(s) dict_keys(['example_nested_branch_dag']) retrieved from /home/airflow/.local/lib/python3.7/site-packages/airflow/example_dags/example_nested_branch_dag.py
[2025-10-08T00:56:18.834+0000] {logging_mixin.py:137} INFO - [2025-10-08T00:56:18.834+0000] {dag.py:2690} INFO - Sync 1 DAGs
[2025-10-08T00:56:18.849+0000] {logging_mixin.py:137} INFO - [2025-10-08T00:56:18.849+0000] {dag.py:3441} INFO - Setting next_dagrun for example_nested_branch_dag to 2025-10-07T00:00:00+00:00, run_after=2025-10-08T00:00:00+00:00
[2025-10-08T00:56:18.860+0000] {processor.py:175} INFO - Processing /home/airflow/.local/lib/python3.7/site-packages/airflow/example_dags/example_nested_branch_dag.py took 0.057 seconds
[2025-10-08T00:56:49.590+0000] {processor.py:153} INFO - Started process (PID=562) to work on /home/airflow/.local/lib/python3.7/site-packages/airflow/example_dags/example_nested_branch_dag.py
[2025-10-08T00:56:49.592+0000] {processor.py:743} INFO - Processing file /home/airflow/.local/lib/python3.7/site-packages/airflow/example_dags/example_nested_branch_dag.py for tasks to queue
[2025-10-08T00:56:49.593+0000] {logging_mixin.py:137} INFO - [2025-10-08T00:56:49.593+0000] {dagbag.py:538} INFO - Filling up the DagBag from /home/airflow/.local/lib/python3.7/site-packages/airflow/example_dags/example_nested_branch_dag.py
[2025-10-08T00:56:49.610+0000] {processor.py:753} INFO - DAG(s) dict_keys(['example_nested_branch_dag']) retrieved from /home/airflow/.local/lib/python3.7/site-packages/airflow/example_dags/example_nested_branch_dag.py
[2025-10-08T00:56:49.628+0000] {logging_mixin.py:137} INFO - [2025-10-08T00:56:49.627+0000] {dag.py:2690} INFO - Sync 1 DAGs
[2025-10-08T00:56:49.643+0000] {logging_mixin.py:137} INFO - [2025-10-08T00:56:49.643+0000] {dag.py:3441} INFO - Setting next_dagrun for example_nested_branch_dag to 2025-10-07T00:00:00+00:00, run_after=2025-10-08T00:00:00+00:00
[2025-10-08T00:56:49.656+0000] {processor.py:175} INFO - Processing /home/airflow/.local/lib/python3.7/site-packages/airflow/example_dags/example_nested_branch_dag.py took 0.070 seconds
[2025-10-08T00:57:19.726+0000] {processor.py:153} INFO - Started process (PID=657) to work on /home/airflow/.local/lib/python3.7/site-packages/airflow/example_dags/example_nested_branch_dag.py
[2025-10-08T00:57:19.727+0000] {processor.py:743} INFO - Processing file /home/airflow/.local/lib/python3.7/site-packages/airflow/example_dags/example_nested_branch_dag.py for tasks to queue
[2025-10-08T00:57:19.727+0000] {logging_mixin.py:137} INFO - [2025-10-08T00:57:19.727+0000] {dagbag.py:538} INFO - Filling up the DagBag from /home/airflow/.local/lib/python3.7/site-packages/airflow/example_dags/example_nested_branch_dag.py
[2025-10-08T00:57:19.742+0000] {processor.py:753} INFO - DAG(s) dict_keys(['example_nested_branch_dag']) retrieved from /home/airflow/.local/lib/python3.7/site-packages/airflow/example_dags/example_nested_branch_dag.py
[2025-10-08T00:57:19.760+0000] {logging_mixin.py:137} INFO - [2025-10-08T00:57:19.760+0000] {dag.py:2690} INFO - Sync 1 DAGs
[2025-10-08T00:57:19.776+0000] {logging_mixin.py:137} INFO - [2025-10-08T00:57:19.776+0000] {dag.py:3441} INFO - Setting next_dagrun for example_nested_branch_dag to 2025-10-07T00:00:00+00:00, run_after=2025-10-08T00:00:00+00:00
[2025-10-08T00:57:19.791+0000] {processor.py:175} INFO - Processing /home/airflow/.local/lib/python3.7/site-packages/airflow/example_dags/example_nested_branch_dag.py took 0.067 seconds
[2025-10-08T00:57:50.689+0000] {processor.py:153} INFO - Started process (PID=752) to work on /home/airflow/.local/lib/python3.7/site-packages/airflow/example_dags/example_nested_branch_dag.py
[2025-10-08T00:57:50.690+0000] {processor.py:743} INFO - Processing file /home/airflow/.local/lib/python3.7/site-packages/airflow/example_dags/example_nested_branch_dag.py for tasks to queue
[2025-10-08T00:57:50.691+0000] {logging_mixin.py:137} INFO - [2025-10-08T00:57:50.691+0000] {dagbag.py:538} INFO - Filling up the DagBag from /home/airflow/.local/lib/python3.7/site-packages/airflow/example_dags/example_nested_branch_dag.py
[2025-10-08T00:57:50.705+0000] {processor.py:753} INFO - DAG(s) dict_keys(['example_nested_branch_dag']) retrieved from /home/airflow/.local/lib/python3.7/site-packages/airflow/example_dags/example_nested_branch_dag.py
[2025-10-08T00:57:50.719+0000] {logging_mixin.py:137} INFO - [2025-10-08T00:57:50.719+0000] {dag.py:2690} INFO - Sync 1 DAGs
[2025-10-08T00:57:50.733+0000] {logging_mixin.py:137} INFO - [2025-10-08T00:57:50.733+0000] {dag.py:3441} INFO - Setting next_dagrun for example_nested_branch_dag to 2025-10-07T00:00:00+00:00, run_after=2025-10-08T00:00:00+00:00
[2025-10-08T00:57:50.744+0000] {processor.py:175} INFO - Processing /home/airflow/.local/lib/python3.7/site-packages/airflow/example_dags/example_nested_branch_dag.py took 0.057 seconds
[2025-10-08T00:58:21.583+0000] {processor.py:153} INFO - Started process (PID=829) to work on /home/airflow/.local/lib/python3.7/site-packages/airflow/example_dags/example_nested_branch_dag.py
[2025-10-08T00:58:21.583+0000] {processor.py:743} INFO - Processing file /home/airflow/.local/lib/python3.7/site-packages/airflow/example_dags/example_nested_branch_dag.py for tasks to queue
[2025-10-08T00:58:21.584+0000] {logging_mixin.py:137} INFO - [2025-10-08T00:58:21.584+0000] {dagbag.py:538} INFO - Filling up the DagBag from /home/airflow/.local/lib/python3.7/site-packages/airflow/example_dags/example_nested_branch_dag.py
[2025-10-08T00:58:21.598+0000] {processor.py:753} INFO - DAG(s) dict_keys(['example_nested_branch_dag']) retrieved from /home/airflow/.local/lib/python3.7/site-packages/airflow/example_dags/example_nested_branch_dag.py
[2025-10-08T00:58:21.616+0000] {logging_mixin.py:137} INFO - [2025-10-08T00:58:21.616+0000] {dag.py:2690} INFO - Sync 1 DAGs
[2025-10-08T00:58:21.630+0000] {logging_mixin.py:137} INFO - [2025-10-08T00:58:21.629+0000] {dag.py:3441} INFO - Setting next_dagrun for example_nested_branch_dag to 2025-10-07T00:00:00+00:00, run_after=2025-10-08T00:00:00+00:00
[2025-10-08T00:58:21.644+0000] {processor.py:175} INFO - Processing /home/airflow/.local/lib/python3.7/site-packages/airflow/example_dags/example_nested_branch_dag.py took 0.064 seconds
[2025-10-08T00:58:52.613+0000] {processor.py:153} INFO - Started process (PID=924) to work on /home/airflow/.local/lib/python3.7/site-packages/airflow/example_dags/example_nested_branch_dag.py
[2025-10-08T00:58:52.615+0000] {processor.py:743} INFO - Processing file /home/airflow/.local/lib/python3.7/site-packages/airflow/example_dags/example_nested_branch_dag.py for tasks to queue
[2025-10-08T00:58:52.617+0000] {logging_mixin.py:137} INFO - [2025-10-08T00:58:52.617+0000] {dagbag.py:538} INFO - Filling up the DagBag from /home/airflow/.local/lib/python3.7/site-packages/airflow/example_dags/example_nested_branch_dag.py
[2025-10-08T00:58:52.633+0000] {processor.py:753} INFO - DAG(s) dict_keys(['example_nested_branch_dag']) retrieved from /home/airflow/.local/lib/python3.7/site-packages/airflow/example_dags/example_nested_branch_dag.py
[2025-10-08T00:58:52.655+0000] {logging_mixin.py:137} INFO - [2025-10-08T00:58:52.655+0000] {dag.py:2690} INFO - Sync 1 DAGs
[2025-10-08T00:58:52.671+0000] {logging_mixin.py:137} INFO - [2025-10-08T00:58:52.670+0000] {dag.py:3441} INFO - Setting next_dagrun for example_nested_branch_dag to 2025-10-07T00:00:00+00:00, run_after=2025-10-08T00:00:00+00:00
[2025-10-08T00:58:52.684+0000] {processor.py:175} INFO - Processing /home/airflow/.local/lib/python3.7/site-packages/airflow/example_dags/example_nested_branch_dag.py took 0.073 seconds
[2025-10-08T00:59:22.710+0000] {processor.py:153} INFO - Started process (PID=1019) to work on /home/airflow/.local/lib/python3.7/site-packages/airflow/example_dags/example_nested_branch_dag.py
[2025-10-08T00:59:22.711+0000] {processor.py:743} INFO - Processing file /home/airflow/.local/lib/python3.7/site-packages/airflow/example_dags/example_nested_branch_dag.py for tasks to queue
[2025-10-08T00:59:22.711+0000] {logging_mixin.py:137} INFO - [2025-10-08T00:59:22.711+0000] {dagbag.py:538} INFO - Filling up the DagBag from /home/airflow/.local/lib/python3.7/site-packages/airflow/example_dags/example_nested_branch_dag.py
[2025-10-08T00:59:22.726+0000] {processor.py:753} INFO - DAG(s) dict_keys(['example_nested_branch_dag']) retrieved from /home/airflow/.local/lib/python3.7/site-packages/airflow/example_dags/example_nested_branch_dag.py
[2025-10-08T00:59:22.741+0000] {logging_mixin.py:137} INFO - [2025-10-08T00:59:22.741+0000] {dag.py:2690} INFO - Sync 1 DAGs
[2025-10-08T00:59:22.755+0000] {logging_mixin.py:137} INFO - [2025-10-08T00:59:22.755+0000] {dag.py:3441} INFO - Setting next_dagrun for example_nested_branch_dag to 2025-10-07T00:00:00+00:00, run_after=2025-10-08T00:00:00+00:00
[2025-10-08T00:59:22.766+0000] {processor.py:175} INFO - Processing /home/airflow/.local/lib/python3.7/site-packages/airflow/example_dags/example_nested_branch_dag.py took 0.058 seconds
[2025-10-08T00:59:53.610+0000] {processor.py:153} INFO - Started process (PID=1114) to work on /home/airflow/.local/lib/python3.7/site-packages/airflow/example_dags/example_nested_branch_dag.py
[2025-10-08T00:59:53.611+0000] {processor.py:743} INFO - Processing file /home/airflow/.local/lib/python3.7/site-packages/airflow/example_dags/example_nested_branch_dag.py for tasks to queue
[2025-10-08T00:59:53.612+0000] {logging_mixin.py:137} INFO - [2025-10-08T00:59:53.612+0000] {dagbag.py:538} INFO - Filling up the DagBag from /home/airflow/.local/lib/python3.7/site-packages/airflow/example_dags/example_nested_branch_dag.py
[2025-10-08T00:59:53.631+0000] {processor.py:753} INFO - DAG(s) dict_keys(['example_nested_branch_dag']) retrieved from /home/airflow/.local/lib/python3.7/site-packages/airflow/example_dags/example_nested_branch_dag.py
[2025-10-08T00:59:53.647+0000] {logging_mixin.py:137} INFO - [2025-10-08T00:59:53.647+0000] {dag.py:2690} INFO - Sync 1 DAGs
[2025-10-08T00:59:53.662+0000] {logging_mixin.py:137} INFO - [2025-10-08T00:59:53.662+0000] {dag.py:3441} INFO - Setting next_dagrun for example_nested_branch_dag to 2025-10-07T00:00:00+00:00, run_after=2025-10-08T00:00:00+00:00
[2025-10-08T00:59:53.675+0000] {processor.py:175} INFO - Processing /home/airflow/.local/lib/python3.7/site-packages/airflow/example_dags/example_nested_branch_dag.py took 0.066 seconds
[2025-10-08T01:00:24.380+0000] {processor.py:153} INFO - Started process (PID=1191) to work on /home/airflow/.local/lib/python3.7/site-packages/airflow/example_dags/example_nested_branch_dag.py
[2025-10-08T01:00:24.380+0000] {processor.py:743} INFO - Processing file /home/airflow/.local/lib/python3.7/site-packages/airflow/example_dags/example_nested_branch_dag.py for tasks to queue
[2025-10-08T01:00:24.381+0000] {logging_mixin.py:137} INFO - [2025-10-08T01:00:24.381+0000] {dagbag.py:538} INFO - Filling up the DagBag from /home/airflow/.local/lib/python3.7/site-packages/airflow/example_dags/example_nested_branch_dag.py
[2025-10-08T01:00:24.392+0000] {processor.py:753} INFO - DAG(s) dict_keys(['example_nested_branch_dag']) retrieved from /home/airflow/.local/lib/python3.7/site-packages/airflow/example_dags/example_nested_branch_dag.py
[2025-10-08T01:00:24.408+0000] {logging_mixin.py:137} INFO - [2025-10-08T01:00:24.407+0000] {dag.py:2690} INFO - Sync 1 DAGs
[2025-10-08T01:00:24.424+0000] {logging_mixin.py:137} INFO - [2025-10-08T01:00:24.424+0000] {dag.py:3441} INFO - Setting next_dagrun for example_nested_branch_dag to 2025-10-07T00:00:00+00:00, run_after=2025-10-08T00:00:00+00:00
[2025-10-08T01:00:24.434+0000] {processor.py:175} INFO - Processing /home/airflow/.local/lib/python3.7/site-packages/airflow/example_dags/example_nested_branch_dag.py took 0.056 seconds
[2025-10-08T01:00:55.314+0000] {processor.py:153} INFO - Started process (PID=1286) to work on /home/airflow/.local/lib/python3.7/site-packages/airflow/example_dags/example_nested_branch_dag.py
[2025-10-08T01:00:55.316+0000] {processor.py:743} INFO - Processing file /home/airflow/.local/lib/python3.7/site-packages/airflow/example_dags/example_nested_branch_dag.py for tasks to queue
[2025-10-08T01:00:55.317+0000] {logging_mixin.py:137} INFO - [2025-10-08T01:00:55.317+0000] {dagbag.py:538} INFO - Filling up the DagBag from /home/airflow/.local/lib/python3.7/site-packages/airflow/example_dags/example_nested_branch_dag.py
[2025-10-08T01:00:55.330+0000] {processor.py:753} INFO - DAG(s) dict_keys(['example_nested_branch_dag']) retrieved from /home/airflow/.local/lib/python3.7/site-packages/airflow/example_dags/example_nested_branch_dag.py
[2025-10-08T01:00:55.347+0000] {logging_mixin.py:137} INFO - [2025-10-08T01:00:55.347+0000] {dag.py:2690} INFO - Sync 1 DAGs
[2025-10-08T01:00:55.362+0000] {logging_mixin.py:137} INFO - [2025-10-08T01:00:55.362+0000] {dag.py:3441} INFO - Setting next_dagrun for example_nested_branch_dag to 2025-10-07T00:00:00+00:00, run_after=2025-10-08T00:00:00+00:00
[2025-10-08T01:00:55.374+0000] {processor.py:175} INFO - Processing /home/airflow/.local/lib/python3.7/site-packages/airflow/example_dags/example_nested_branch_dag.py took 0.063 seconds
[2025-10-08T01:01:26.077+0000] {processor.py:153} INFO - Started process (PID=1381) to work on /home/airflow/.local/lib/python3.7/site-packages/airflow/example_dags/example_nested_branch_dag.py
[2025-10-08T01:01:26.077+0000] {processor.py:743} INFO - Processing file /home/airflow/.local/lib/python3.7/site-packages/airflow/example_dags/example_nested_branch_dag.py for tasks to queue
[2025-10-08T01:01:26.078+0000] {logging_mixin.py:137} INFO - [2025-10-08T01:01:26.078+0000] {dagbag.py:538} INFO - Filling up the DagBag from /home/airflow/.local/lib/python3.7/site-packages/airflow/example_dags/example_nested_branch_dag.py
[2025-10-08T01:01:26.091+0000] {processor.py:753} INFO - DAG(s) dict_keys(['example_nested_branch_dag']) retrieved from /home/airflow/.local/lib/python3.7/site-packages/airflow/example_dags/example_nested_branch_dag.py
[2025-10-08T01:01:26.105+0000] {logging_mixin.py:137} INFO - [2025-10-08T01:01:26.105+0000] {dag.py:2690} INFO - Sync 1 DAGs
[2025-10-08T01:01:26.121+0000] {logging_mixin.py:137} INFO - [2025-10-08T01:01:26.121+0000] {dag.py:3441} INFO - Setting next_dagrun for example_nested_branch_dag to 2025-10-07T00:00:00+00:00, run_after=2025-10-08T00:00:00+00:00
[2025-10-08T01:01:26.130+0000] {processor.py:175} INFO - Processing /home/airflow/.local/lib/python3.7/site-packages/airflow/example_dags/example_nested_branch_dag.py took 0.056 seconds
