[2025-10-08T00:50:05.018+0000] {processor.py:153} INFO - Started process (PID=51) to work on /home/airflow/.local/lib/python3.7/site-packages/airflow/example_dags/example_python_operator.py
[2025-10-08T00:50:05.019+0000] {processor.py:743} INFO - Processing file /home/airflow/.local/lib/python3.7/site-packages/airflow/example_dags/example_python_operator.py for tasks to queue
[2025-10-08T00:50:05.020+0000] {logging_mixin.py:137} INFO - [2025-10-08T00:50:05.020+0000] {dagbag.py:538} INFO - Filling up the DagBag from /home/airflow/.local/lib/python3.7/site-packages/airflow/example_dags/example_python_operator.py
[2025-10-08T00:50:05.036+0000] {logging_mixin.py:137} INFO - [2025-10-08T00:50:05.036+0000] {taskmixin.py:205} WARNING - Dependency <Task(_PythonDecoratedOperator): print_the_context>, log_sql_query already registered for DAG: example_python_operator
[2025-10-08T00:50:05.037+0000] {logging_mixin.py:137} INFO - [2025-10-08T00:50:05.037+0000] {taskmixin.py:205} WARNING - Dependency <Task(_PythonDecoratedOperator): log_sql_query>, print_the_context already registered for DAG: example_python_operator
[2025-10-08T00:50:05.037+0000] {logging_mixin.py:137} INFO - [2025-10-08T00:50:05.037+0000] {taskmixin.py:205} WARNING - Dependency <Task(_PythonDecoratedOperator): print_the_context>, log_sql_query already registered for DAG: example_python_operator
[2025-10-08T00:50:05.038+0000] {logging_mixin.py:137} INFO - [2025-10-08T00:50:05.038+0000] {taskmixin.py:205} WARNING - Dependency <Task(_PythonDecoratedOperator): log_sql_query>, print_the_context already registered for DAG: example_python_operator
[2025-10-08T00:50:05.038+0000] {logging_mixin.py:137} INFO - [2025-10-08T00:50:05.038+0000] {taskmixin.py:205} WARNING - Dependency <Task(_PythonDecoratedOperator): print_the_context>, log_sql_query already registered for DAG: example_python_operator
[2025-10-08T00:50:05.038+0000] {logging_mixin.py:137} INFO - [2025-10-08T00:50:05.038+0000] {taskmixin.py:205} WARNING - Dependency <Task(_PythonDecoratedOperator): log_sql_query>, print_the_context already registered for DAG: example_python_operator
[2025-10-08T00:50:05.039+0000] {logging_mixin.py:137} INFO - [2025-10-08T00:50:05.039+0000] {taskmixin.py:205} WARNING - Dependency <Task(_PythonDecoratedOperator): print_the_context>, log_sql_query already registered for DAG: example_python_operator
[2025-10-08T00:50:05.039+0000] {logging_mixin.py:137} INFO - [2025-10-08T00:50:05.039+0000] {taskmixin.py:205} WARNING - Dependency <Task(_PythonDecoratedOperator): log_sql_query>, print_the_context already registered for DAG: example_python_operator
[2025-10-08T00:50:05.046+0000] {processor.py:753} INFO - DAG(s) dict_keys(['example_python_operator']) retrieved from /home/airflow/.local/lib/python3.7/site-packages/airflow/example_dags/example_python_operator.py
[2025-10-08T00:50:05.057+0000] {logging_mixin.py:137} INFO - [2025-10-08T00:50:05.057+0000] {dag.py:2690} INFO - Sync 1 DAGs
[2025-10-08T00:50:05.083+0000] {logging_mixin.py:137} INFO - [2025-10-08T00:50:05.083+0000] {dag.py:3441} INFO - Setting next_dagrun for example_python_operator to None, run_after=None
[2025-10-08T00:50:05.099+0000] {processor.py:175} INFO - Processing /home/airflow/.local/lib/python3.7/site-packages/airflow/example_dags/example_python_operator.py took 0.084 seconds
[2025-10-08T00:50:35.486+0000] {processor.py:153} INFO - Started process (PID=145) to work on /home/airflow/.local/lib/python3.7/site-packages/airflow/example_dags/example_python_operator.py
[2025-10-08T00:50:35.487+0000] {processor.py:743} INFO - Processing file /home/airflow/.local/lib/python3.7/site-packages/airflow/example_dags/example_python_operator.py for tasks to queue
[2025-10-08T00:50:35.488+0000] {logging_mixin.py:137} INFO - [2025-10-08T00:50:35.488+0000] {dagbag.py:538} INFO - Filling up the DagBag from /home/airflow/.local/lib/python3.7/site-packages/airflow/example_dags/example_python_operator.py
[2025-10-08T00:50:35.505+0000] {logging_mixin.py:137} INFO - [2025-10-08T00:50:35.505+0000] {taskmixin.py:205} WARNING - Dependency <Task(_PythonDecoratedOperator): print_the_context>, log_sql_query already registered for DAG: example_python_operator
[2025-10-08T00:50:35.505+0000] {logging_mixin.py:137} INFO - [2025-10-08T00:50:35.505+0000] {taskmixin.py:205} WARNING - Dependency <Task(_PythonDecoratedOperator): log_sql_query>, print_the_context already registered for DAG: example_python_operator
[2025-10-08T00:50:35.506+0000] {logging_mixin.py:137} INFO - [2025-10-08T00:50:35.506+0000] {taskmixin.py:205} WARNING - Dependency <Task(_PythonDecoratedOperator): print_the_context>, log_sql_query already registered for DAG: example_python_operator
[2025-10-08T00:50:35.506+0000] {logging_mixin.py:137} INFO - [2025-10-08T00:50:35.506+0000] {taskmixin.py:205} WARNING - Dependency <Task(_PythonDecoratedOperator): log_sql_query>, print_the_context already registered for DAG: example_python_operator
[2025-10-08T00:50:35.507+0000] {logging_mixin.py:137} INFO - [2025-10-08T00:50:35.507+0000] {taskmixin.py:205} WARNING - Dependency <Task(_PythonDecoratedOperator): print_the_context>, log_sql_query already registered for DAG: example_python_operator
[2025-10-08T00:50:35.507+0000] {logging_mixin.py:137} INFO - [2025-10-08T00:50:35.507+0000] {taskmixin.py:205} WARNING - Dependency <Task(_PythonDecoratedOperator): log_sql_query>, print_the_context already registered for DAG: example_python_operator
[2025-10-08T00:50:35.507+0000] {logging_mixin.py:137} INFO - [2025-10-08T00:50:35.507+0000] {taskmixin.py:205} WARNING - Dependency <Task(_PythonDecoratedOperator): print_the_context>, log_sql_query already registered for DAG: example_python_operator
[2025-10-08T00:50:35.507+0000] {logging_mixin.py:137} INFO - [2025-10-08T00:50:35.507+0000] {taskmixin.py:205} WARNING - Dependency <Task(_PythonDecoratedOperator): log_sql_query>, print_the_context already registered for DAG: example_python_operator
[2025-10-08T00:50:35.511+0000] {processor.py:753} INFO - DAG(s) dict_keys(['example_python_operator']) retrieved from /home/airflow/.local/lib/python3.7/site-packages/airflow/example_dags/example_python_operator.py
[2025-10-08T00:50:35.559+0000] {logging_mixin.py:137} INFO - [2025-10-08T00:50:35.559+0000] {dag.py:2690} INFO - Sync 1 DAGs
[2025-10-08T00:50:35.578+0000] {logging_mixin.py:137} INFO - [2025-10-08T00:50:35.578+0000] {dag.py:3441} INFO - Setting next_dagrun for example_python_operator to None, run_after=None
[2025-10-08T00:50:35.591+0000] {processor.py:175} INFO - Processing /home/airflow/.local/lib/python3.7/site-packages/airflow/example_dags/example_python_operator.py took 0.108 seconds
[2025-10-08T00:51:06.579+0000] {processor.py:153} INFO - Started process (PID=231) to work on /home/airflow/.local/lib/python3.7/site-packages/airflow/example_dags/example_python_operator.py
[2025-10-08T00:51:06.580+0000] {processor.py:743} INFO - Processing file /home/airflow/.local/lib/python3.7/site-packages/airflow/example_dags/example_python_operator.py for tasks to queue
[2025-10-08T00:51:06.582+0000] {logging_mixin.py:137} INFO - [2025-10-08T00:51:06.581+0000] {dagbag.py:538} INFO - Filling up the DagBag from /home/airflow/.local/lib/python3.7/site-packages/airflow/example_dags/example_python_operator.py
[2025-10-08T00:51:06.592+0000] {logging_mixin.py:137} INFO - [2025-10-08T00:51:06.592+0000] {taskmixin.py:205} WARNING - Dependency <Task(_PythonDecoratedOperator): print_the_context>, log_sql_query already registered for DAG: example_python_operator
[2025-10-08T00:51:06.594+0000] {logging_mixin.py:137} INFO - [2025-10-08T00:51:06.594+0000] {taskmixin.py:205} WARNING - Dependency <Task(_PythonDecoratedOperator): log_sql_query>, print_the_context already registered for DAG: example_python_operator
[2025-10-08T00:51:06.596+0000] {logging_mixin.py:137} INFO - [2025-10-08T00:51:06.596+0000] {taskmixin.py:205} WARNING - Dependency <Task(_PythonDecoratedOperator): print_the_context>, log_sql_query already registered for DAG: example_python_operator
[2025-10-08T00:51:06.596+0000] {logging_mixin.py:137} INFO - [2025-10-08T00:51:06.596+0000] {taskmixin.py:205} WARNING - Dependency <Task(_PythonDecoratedOperator): log_sql_query>, print_the_context already registered for DAG: example_python_operator
[2025-10-08T00:51:06.598+0000] {logging_mixin.py:137} INFO - [2025-10-08T00:51:06.598+0000] {taskmixin.py:205} WARNING - Dependency <Task(_PythonDecoratedOperator): print_the_context>, log_sql_query already registered for DAG: example_python_operator
[2025-10-08T00:51:06.599+0000] {logging_mixin.py:137} INFO - [2025-10-08T00:51:06.599+0000] {taskmixin.py:205} WARNING - Dependency <Task(_PythonDecoratedOperator): log_sql_query>, print_the_context already registered for DAG: example_python_operator
[2025-10-08T00:51:06.599+0000] {logging_mixin.py:137} INFO - [2025-10-08T00:51:06.599+0000] {taskmixin.py:205} WARNING - Dependency <Task(_PythonDecoratedOperator): print_the_context>, log_sql_query already registered for DAG: example_python_operator
[2025-10-08T00:51:06.599+0000] {logging_mixin.py:137} INFO - [2025-10-08T00:51:06.599+0000] {taskmixin.py:205} WARNING - Dependency <Task(_PythonDecoratedOperator): log_sql_query>, print_the_context already registered for DAG: example_python_operator
[2025-10-08T00:51:06.610+0000] {processor.py:753} INFO - DAG(s) dict_keys(['example_python_operator']) retrieved from /home/airflow/.local/lib/python3.7/site-packages/airflow/example_dags/example_python_operator.py
[2025-10-08T00:51:06.645+0000] {logging_mixin.py:137} INFO - [2025-10-08T00:51:06.645+0000] {dag.py:2690} INFO - Sync 1 DAGs
[2025-10-08T00:51:06.662+0000] {logging_mixin.py:137} INFO - [2025-10-08T00:51:06.662+0000] {dag.py:3441} INFO - Setting next_dagrun for example_python_operator to None, run_after=None
[2025-10-08T00:51:06.674+0000] {processor.py:175} INFO - Processing /home/airflow/.local/lib/python3.7/site-packages/airflow/example_dags/example_python_operator.py took 0.097 seconds
[2025-10-08T00:51:36.824+0000] {processor.py:153} INFO - Started process (PID=316) to work on /home/airflow/.local/lib/python3.7/site-packages/airflow/example_dags/example_python_operator.py
[2025-10-08T00:51:36.825+0000] {processor.py:743} INFO - Processing file /home/airflow/.local/lib/python3.7/site-packages/airflow/example_dags/example_python_operator.py for tasks to queue
[2025-10-08T00:51:36.826+0000] {logging_mixin.py:137} INFO - [2025-10-08T00:51:36.826+0000] {dagbag.py:538} INFO - Filling up the DagBag from /home/airflow/.local/lib/python3.7/site-packages/airflow/example_dags/example_python_operator.py
[2025-10-08T00:51:36.846+0000] {logging_mixin.py:137} INFO - [2025-10-08T00:51:36.846+0000] {taskmixin.py:205} WARNING - Dependency <Task(_PythonDecoratedOperator): print_the_context>, log_sql_query already registered for DAG: example_python_operator
[2025-10-08T00:51:36.848+0000] {logging_mixin.py:137} INFO - [2025-10-08T00:51:36.847+0000] {taskmixin.py:205} WARNING - Dependency <Task(_PythonDecoratedOperator): log_sql_query>, print_the_context already registered for DAG: example_python_operator
[2025-10-08T00:51:36.849+0000] {logging_mixin.py:137} INFO - [2025-10-08T00:51:36.849+0000] {taskmixin.py:205} WARNING - Dependency <Task(_PythonDecoratedOperator): print_the_context>, log_sql_query already registered for DAG: example_python_operator
[2025-10-08T00:51:36.849+0000] {logging_mixin.py:137} INFO - [2025-10-08T00:51:36.849+0000] {taskmixin.py:205} WARNING - Dependency <Task(_PythonDecoratedOperator): log_sql_query>, print_the_context already registered for DAG: example_python_operator
[2025-10-08T00:51:36.850+0000] {logging_mixin.py:137} INFO - [2025-10-08T00:51:36.850+0000] {taskmixin.py:205} WARNING - Dependency <Task(_PythonDecoratedOperator): print_the_context>, log_sql_query already registered for DAG: example_python_operator
[2025-10-08T00:51:36.852+0000] {logging_mixin.py:137} INFO - [2025-10-08T00:51:36.852+0000] {taskmixin.py:205} WARNING - Dependency <Task(_PythonDecoratedOperator): log_sql_query>, print_the_context already registered for DAG: example_python_operator
[2025-10-08T00:51:36.852+0000] {logging_mixin.py:137} INFO - [2025-10-08T00:51:36.852+0000] {taskmixin.py:205} WARNING - Dependency <Task(_PythonDecoratedOperator): print_the_context>, log_sql_query already registered for DAG: example_python_operator
[2025-10-08T00:51:36.853+0000] {logging_mixin.py:137} INFO - [2025-10-08T00:51:36.853+0000] {taskmixin.py:205} WARNING - Dependency <Task(_PythonDecoratedOperator): log_sql_query>, print_the_context already registered for DAG: example_python_operator
[2025-10-08T00:51:36.858+0000] {processor.py:753} INFO - DAG(s) dict_keys(['example_python_operator']) retrieved from /home/airflow/.local/lib/python3.7/site-packages/airflow/example_dags/example_python_operator.py
[2025-10-08T00:51:36.875+0000] {logging_mixin.py:137} INFO - [2025-10-08T00:51:36.875+0000] {dag.py:2690} INFO - Sync 1 DAGs
[2025-10-08T00:51:36.889+0000] {logging_mixin.py:137} INFO - [2025-10-08T00:51:36.888+0000] {dag.py:3441} INFO - Setting next_dagrun for example_python_operator to None, run_after=None
[2025-10-08T00:51:36.903+0000] {processor.py:175} INFO - Processing /home/airflow/.local/lib/python3.7/site-packages/airflow/example_dags/example_python_operator.py took 0.083 seconds
[2025-10-08T00:52:07.790+0000] {processor.py:153} INFO - Started process (PID=410) to work on /home/airflow/.local/lib/python3.7/site-packages/airflow/example_dags/example_python_operator.py
[2025-10-08T00:52:07.792+0000] {processor.py:743} INFO - Processing file /home/airflow/.local/lib/python3.7/site-packages/airflow/example_dags/example_python_operator.py for tasks to queue
[2025-10-08T00:52:07.792+0000] {logging_mixin.py:137} INFO - [2025-10-08T00:52:07.792+0000] {dagbag.py:538} INFO - Filling up the DagBag from /home/airflow/.local/lib/python3.7/site-packages/airflow/example_dags/example_python_operator.py
[2025-10-08T00:52:07.809+0000] {logging_mixin.py:137} INFO - [2025-10-08T00:52:07.808+0000] {taskmixin.py:205} WARNING - Dependency <Task(_PythonDecoratedOperator): print_the_context>, log_sql_query already registered for DAG: example_python_operator
[2025-10-08T00:52:07.809+0000] {logging_mixin.py:137} INFO - [2025-10-08T00:52:07.809+0000] {taskmixin.py:205} WARNING - Dependency <Task(_PythonDecoratedOperator): log_sql_query>, print_the_context already registered for DAG: example_python_operator
[2025-10-08T00:52:07.809+0000] {logging_mixin.py:137} INFO - [2025-10-08T00:52:07.809+0000] {taskmixin.py:205} WARNING - Dependency <Task(_PythonDecoratedOperator): print_the_context>, log_sql_query already registered for DAG: example_python_operator
[2025-10-08T00:52:07.810+0000] {logging_mixin.py:137} INFO - [2025-10-08T00:52:07.810+0000] {taskmixin.py:205} WARNING - Dependency <Task(_PythonDecoratedOperator): log_sql_query>, print_the_context already registered for DAG: example_python_operator
[2025-10-08T00:52:07.810+0000] {logging_mixin.py:137} INFO - [2025-10-08T00:52:07.810+0000] {taskmixin.py:205} WARNING - Dependency <Task(_PythonDecoratedOperator): print_the_context>, log_sql_query already registered for DAG: example_python_operator
[2025-10-08T00:52:07.810+0000] {logging_mixin.py:137} INFO - [2025-10-08T00:52:07.810+0000] {taskmixin.py:205} WARNING - Dependency <Task(_PythonDecoratedOperator): log_sql_query>, print_the_context already registered for DAG: example_python_operator
[2025-10-08T00:52:07.811+0000] {logging_mixin.py:137} INFO - [2025-10-08T00:52:07.811+0000] {taskmixin.py:205} WARNING - Dependency <Task(_PythonDecoratedOperator): print_the_context>, log_sql_query already registered for DAG: example_python_operator
[2025-10-08T00:52:07.811+0000] {logging_mixin.py:137} INFO - [2025-10-08T00:52:07.811+0000] {taskmixin.py:205} WARNING - Dependency <Task(_PythonDecoratedOperator): log_sql_query>, print_the_context already registered for DAG: example_python_operator
[2025-10-08T00:52:07.815+0000] {processor.py:753} INFO - DAG(s) dict_keys(['example_python_operator']) retrieved from /home/airflow/.local/lib/python3.7/site-packages/airflow/example_dags/example_python_operator.py
[2025-10-08T00:52:07.835+0000] {logging_mixin.py:137} INFO - [2025-10-08T00:52:07.835+0000] {dag.py:2690} INFO - Sync 1 DAGs
[2025-10-08T00:52:07.849+0000] {logging_mixin.py:137} INFO - [2025-10-08T00:52:07.849+0000] {dag.py:3441} INFO - Setting next_dagrun for example_python_operator to None, run_after=None
[2025-10-08T00:52:07.864+0000] {processor.py:175} INFO - Processing /home/airflow/.local/lib/python3.7/site-packages/airflow/example_dags/example_python_operator.py took 0.078 seconds
[2025-10-08T00:52:38.739+0000] {processor.py:153} INFO - Started process (PID=505) to work on /home/airflow/.local/lib/python3.7/site-packages/airflow/example_dags/example_python_operator.py
[2025-10-08T00:52:38.740+0000] {processor.py:743} INFO - Processing file /home/airflow/.local/lib/python3.7/site-packages/airflow/example_dags/example_python_operator.py for tasks to queue
[2025-10-08T00:52:38.741+0000] {logging_mixin.py:137} INFO - [2025-10-08T00:52:38.741+0000] {dagbag.py:538} INFO - Filling up the DagBag from /home/airflow/.local/lib/python3.7/site-packages/airflow/example_dags/example_python_operator.py
[2025-10-08T00:52:38.756+0000] {logging_mixin.py:137} INFO - [2025-10-08T00:52:38.756+0000] {taskmixin.py:205} WARNING - Dependency <Task(_PythonDecoratedOperator): print_the_context>, log_sql_query already registered for DAG: example_python_operator
[2025-10-08T00:52:38.756+0000] {logging_mixin.py:137} INFO - [2025-10-08T00:52:38.756+0000] {taskmixin.py:205} WARNING - Dependency <Task(_PythonDecoratedOperator): log_sql_query>, print_the_context already registered for DAG: example_python_operator
[2025-10-08T00:52:38.756+0000] {logging_mixin.py:137} INFO - [2025-10-08T00:52:38.756+0000] {taskmixin.py:205} WARNING - Dependency <Task(_PythonDecoratedOperator): print_the_context>, log_sql_query already registered for DAG: example_python_operator
[2025-10-08T00:52:38.756+0000] {logging_mixin.py:137} INFO - [2025-10-08T00:52:38.756+0000] {taskmixin.py:205} WARNING - Dependency <Task(_PythonDecoratedOperator): log_sql_query>, print_the_context already registered for DAG: example_python_operator
[2025-10-08T00:52:38.757+0000] {logging_mixin.py:137} INFO - [2025-10-08T00:52:38.757+0000] {taskmixin.py:205} WARNING - Dependency <Task(_PythonDecoratedOperator): print_the_context>, log_sql_query already registered for DAG: example_python_operator
[2025-10-08T00:52:38.757+0000] {logging_mixin.py:137} INFO - [2025-10-08T00:52:38.757+0000] {taskmixin.py:205} WARNING - Dependency <Task(_PythonDecoratedOperator): log_sql_query>, print_the_context already registered for DAG: example_python_operator
[2025-10-08T00:52:38.758+0000] {logging_mixin.py:137} INFO - [2025-10-08T00:52:38.758+0000] {taskmixin.py:205} WARNING - Dependency <Task(_PythonDecoratedOperator): print_the_context>, log_sql_query already registered for DAG: example_python_operator
[2025-10-08T00:52:38.758+0000] {logging_mixin.py:137} INFO - [2025-10-08T00:52:38.758+0000] {taskmixin.py:205} WARNING - Dependency <Task(_PythonDecoratedOperator): log_sql_query>, print_the_context already registered for DAG: example_python_operator
[2025-10-08T00:52:38.763+0000] {processor.py:753} INFO - DAG(s) dict_keys(['example_python_operator']) retrieved from /home/airflow/.local/lib/python3.7/site-packages/airflow/example_dags/example_python_operator.py
[2025-10-08T00:52:38.785+0000] {logging_mixin.py:137} INFO - [2025-10-08T00:52:38.785+0000] {dag.py:2690} INFO - Sync 1 DAGs
[2025-10-08T00:52:38.799+0000] {logging_mixin.py:137} INFO - [2025-10-08T00:52:38.799+0000] {dag.py:3441} INFO - Setting next_dagrun for example_python_operator to None, run_after=None
[2025-10-08T00:52:38.812+0000] {processor.py:175} INFO - Processing /home/airflow/.local/lib/python3.7/site-packages/airflow/example_dags/example_python_operator.py took 0.078 seconds
[2025-10-08T00:54:14.903+0000] {processor.py:153} INFO - Started process (PID=113) to work on /home/airflow/.local/lib/python3.7/site-packages/airflow/example_dags/example_python_operator.py
[2025-10-08T00:54:14.904+0000] {processor.py:743} INFO - Processing file /home/airflow/.local/lib/python3.7/site-packages/airflow/example_dags/example_python_operator.py for tasks to queue
[2025-10-08T00:54:14.904+0000] {logging_mixin.py:137} INFO - [2025-10-08T00:54:14.904+0000] {dagbag.py:538} INFO - Filling up the DagBag from /home/airflow/.local/lib/python3.7/site-packages/airflow/example_dags/example_python_operator.py
[2025-10-08T00:54:14.917+0000] {logging_mixin.py:137} INFO - [2025-10-08T00:54:14.917+0000] {taskmixin.py:205} WARNING - Dependency <Task(_PythonDecoratedOperator): print_the_context>, log_sql_query already registered for DAG: example_python_operator
[2025-10-08T00:54:14.917+0000] {logging_mixin.py:137} INFO - [2025-10-08T00:54:14.917+0000] {taskmixin.py:205} WARNING - Dependency <Task(_PythonDecoratedOperator): log_sql_query>, print_the_context already registered for DAG: example_python_operator
[2025-10-08T00:54:14.918+0000] {logging_mixin.py:137} INFO - [2025-10-08T00:54:14.918+0000] {taskmixin.py:205} WARNING - Dependency <Task(_PythonDecoratedOperator): print_the_context>, log_sql_query already registered for DAG: example_python_operator
[2025-10-08T00:54:14.918+0000] {logging_mixin.py:137} INFO - [2025-10-08T00:54:14.918+0000] {taskmixin.py:205} WARNING - Dependency <Task(_PythonDecoratedOperator): log_sql_query>, print_the_context already registered for DAG: example_python_operator
[2025-10-08T00:54:14.918+0000] {logging_mixin.py:137} INFO - [2025-10-08T00:54:14.918+0000] {taskmixin.py:205} WARNING - Dependency <Task(_PythonDecoratedOperator): print_the_context>, log_sql_query already registered for DAG: example_python_operator
[2025-10-08T00:54:14.918+0000] {logging_mixin.py:137} INFO - [2025-10-08T00:54:14.918+0000] {taskmixin.py:205} WARNING - Dependency <Task(_PythonDecoratedOperator): log_sql_query>, print_the_context already registered for DAG: example_python_operator
[2025-10-08T00:54:14.919+0000] {logging_mixin.py:137} INFO - [2025-10-08T00:54:14.919+0000] {taskmixin.py:205} WARNING - Dependency <Task(_PythonDecoratedOperator): print_the_context>, log_sql_query already registered for DAG: example_python_operator
[2025-10-08T00:54:14.919+0000] {logging_mixin.py:137} INFO - [2025-10-08T00:54:14.919+0000] {taskmixin.py:205} WARNING - Dependency <Task(_PythonDecoratedOperator): log_sql_query>, print_the_context already registered for DAG: example_python_operator
[2025-10-08T00:54:14.925+0000] {processor.py:753} INFO - DAG(s) dict_keys(['example_python_operator']) retrieved from /home/airflow/.local/lib/python3.7/site-packages/airflow/example_dags/example_python_operator.py
[2025-10-08T00:54:15.010+0000] {logging_mixin.py:137} INFO - [2025-10-08T00:54:15.010+0000] {dag.py:2690} INFO - Sync 1 DAGs
[2025-10-08T00:54:15.031+0000] {logging_mixin.py:137} INFO - [2025-10-08T00:54:15.031+0000] {dag.py:3441} INFO - Setting next_dagrun for example_python_operator to None, run_after=None
[2025-10-08T00:54:15.049+0000] {processor.py:175} INFO - Processing /home/airflow/.local/lib/python3.7/site-packages/airflow/example_dags/example_python_operator.py took 0.150 seconds
[2025-10-08T00:54:45.409+0000] {processor.py:153} INFO - Started process (PID=188) to work on /home/airflow/.local/lib/python3.7/site-packages/airflow/example_dags/example_python_operator.py
[2025-10-08T00:54:45.411+0000] {processor.py:743} INFO - Processing file /home/airflow/.local/lib/python3.7/site-packages/airflow/example_dags/example_python_operator.py for tasks to queue
[2025-10-08T00:54:45.411+0000] {logging_mixin.py:137} INFO - [2025-10-08T00:54:45.411+0000] {dagbag.py:538} INFO - Filling up the DagBag from /home/airflow/.local/lib/python3.7/site-packages/airflow/example_dags/example_python_operator.py
[2025-10-08T00:54:45.424+0000] {logging_mixin.py:137} INFO - [2025-10-08T00:54:45.424+0000] {taskmixin.py:205} WARNING - Dependency <Task(_PythonDecoratedOperator): print_the_context>, log_sql_query already registered for DAG: example_python_operator
[2025-10-08T00:54:45.424+0000] {logging_mixin.py:137} INFO - [2025-10-08T00:54:45.424+0000] {taskmixin.py:205} WARNING - Dependency <Task(_PythonDecoratedOperator): log_sql_query>, print_the_context already registered for DAG: example_python_operator
[2025-10-08T00:54:45.425+0000] {logging_mixin.py:137} INFO - [2025-10-08T00:54:45.425+0000] {taskmixin.py:205} WARNING - Dependency <Task(_PythonDecoratedOperator): print_the_context>, log_sql_query already registered for DAG: example_python_operator
[2025-10-08T00:54:45.425+0000] {logging_mixin.py:137} INFO - [2025-10-08T00:54:45.425+0000] {taskmixin.py:205} WARNING - Dependency <Task(_PythonDecoratedOperator): log_sql_query>, print_the_context already registered for DAG: example_python_operator
[2025-10-08T00:54:45.425+0000] {logging_mixin.py:137} INFO - [2025-10-08T00:54:45.425+0000] {taskmixin.py:205} WARNING - Dependency <Task(_PythonDecoratedOperator): print_the_context>, log_sql_query already registered for DAG: example_python_operator
[2025-10-08T00:54:45.425+0000] {logging_mixin.py:137} INFO - [2025-10-08T00:54:45.425+0000] {taskmixin.py:205} WARNING - Dependency <Task(_PythonDecoratedOperator): log_sql_query>, print_the_context already registered for DAG: example_python_operator
[2025-10-08T00:54:45.426+0000] {logging_mixin.py:137} INFO - [2025-10-08T00:54:45.426+0000] {taskmixin.py:205} WARNING - Dependency <Task(_PythonDecoratedOperator): print_the_context>, log_sql_query already registered for DAG: example_python_operator
[2025-10-08T00:54:45.426+0000] {logging_mixin.py:137} INFO - [2025-10-08T00:54:45.426+0000] {taskmixin.py:205} WARNING - Dependency <Task(_PythonDecoratedOperator): log_sql_query>, print_the_context already registered for DAG: example_python_operator
[2025-10-08T00:54:45.430+0000] {processor.py:753} INFO - DAG(s) dict_keys(['example_python_operator']) retrieved from /home/airflow/.local/lib/python3.7/site-packages/airflow/example_dags/example_python_operator.py
[2025-10-08T00:54:45.447+0000] {logging_mixin.py:137} INFO - [2025-10-08T00:54:45.447+0000] {dag.py:2690} INFO - Sync 1 DAGs
[2025-10-08T00:54:45.461+0000] {logging_mixin.py:137} INFO - [2025-10-08T00:54:45.461+0000] {dag.py:3441} INFO - Setting next_dagrun for example_python_operator to None, run_after=None
[2025-10-08T00:54:45.476+0000] {processor.py:175} INFO - Processing /home/airflow/.local/lib/python3.7/site-packages/airflow/example_dags/example_python_operator.py took 0.069 seconds
[2025-10-08T00:55:15.553+0000] {processor.py:153} INFO - Started process (PID=283) to work on /home/airflow/.local/lib/python3.7/site-packages/airflow/example_dags/example_python_operator.py
[2025-10-08T00:55:15.553+0000] {processor.py:743} INFO - Processing file /home/airflow/.local/lib/python3.7/site-packages/airflow/example_dags/example_python_operator.py for tasks to queue
[2025-10-08T00:55:15.554+0000] {logging_mixin.py:137} INFO - [2025-10-08T00:55:15.554+0000] {dagbag.py:538} INFO - Filling up the DagBag from /home/airflow/.local/lib/python3.7/site-packages/airflow/example_dags/example_python_operator.py
[2025-10-08T00:55:15.565+0000] {logging_mixin.py:137} INFO - [2025-10-08T00:55:15.565+0000] {taskmixin.py:205} WARNING - Dependency <Task(_PythonDecoratedOperator): print_the_context>, log_sql_query already registered for DAG: example_python_operator
[2025-10-08T00:55:15.567+0000] {logging_mixin.py:137} INFO - [2025-10-08T00:55:15.567+0000] {taskmixin.py:205} WARNING - Dependency <Task(_PythonDecoratedOperator): log_sql_query>, print_the_context already registered for DAG: example_python_operator
[2025-10-08T00:55:15.567+0000] {logging_mixin.py:137} INFO - [2025-10-08T00:55:15.567+0000] {taskmixin.py:205} WARNING - Dependency <Task(_PythonDecoratedOperator): print_the_context>, log_sql_query already registered for DAG: example_python_operator
[2025-10-08T00:55:15.567+0000] {logging_mixin.py:137} INFO - [2025-10-08T00:55:15.567+0000] {taskmixin.py:205} WARNING - Dependency <Task(_PythonDecoratedOperator): log_sql_query>, print_the_context already registered for DAG: example_python_operator
[2025-10-08T00:55:15.568+0000] {logging_mixin.py:137} INFO - [2025-10-08T00:55:15.568+0000] {taskmixin.py:205} WARNING - Dependency <Task(_PythonDecoratedOperator): print_the_context>, log_sql_query already registered for DAG: example_python_operator
[2025-10-08T00:55:15.568+0000] {logging_mixin.py:137} INFO - [2025-10-08T00:55:15.568+0000] {taskmixin.py:205} WARNING - Dependency <Task(_PythonDecoratedOperator): log_sql_query>, print_the_context already registered for DAG: example_python_operator
[2025-10-08T00:55:15.568+0000] {logging_mixin.py:137} INFO - [2025-10-08T00:55:15.568+0000] {taskmixin.py:205} WARNING - Dependency <Task(_PythonDecoratedOperator): print_the_context>, log_sql_query already registered for DAG: example_python_operator
[2025-10-08T00:55:15.568+0000] {logging_mixin.py:137} INFO - [2025-10-08T00:55:15.568+0000] {taskmixin.py:205} WARNING - Dependency <Task(_PythonDecoratedOperator): log_sql_query>, print_the_context already registered for DAG: example_python_operator
[2025-10-08T00:55:15.572+0000] {processor.py:753} INFO - DAG(s) dict_keys(['example_python_operator']) retrieved from /home/airflow/.local/lib/python3.7/site-packages/airflow/example_dags/example_python_operator.py
[2025-10-08T00:55:15.587+0000] {logging_mixin.py:137} INFO - [2025-10-08T00:55:15.587+0000] {dag.py:2690} INFO - Sync 1 DAGs
[2025-10-08T00:55:15.599+0000] {logging_mixin.py:137} INFO - [2025-10-08T00:55:15.599+0000] {dag.py:3441} INFO - Setting next_dagrun for example_python_operator to None, run_after=None
[2025-10-08T00:55:15.611+0000] {processor.py:175} INFO - Processing /home/airflow/.local/lib/python3.7/site-packages/airflow/example_dags/example_python_operator.py took 0.061 seconds
[2025-10-08T00:55:46.373+0000] {processor.py:153} INFO - Started process (PID=378) to work on /home/airflow/.local/lib/python3.7/site-packages/airflow/example_dags/example_python_operator.py
[2025-10-08T00:55:46.374+0000] {processor.py:743} INFO - Processing file /home/airflow/.local/lib/python3.7/site-packages/airflow/example_dags/example_python_operator.py for tasks to queue
[2025-10-08T00:55:46.375+0000] {logging_mixin.py:137} INFO - [2025-10-08T00:55:46.375+0000] {dagbag.py:538} INFO - Filling up the DagBag from /home/airflow/.local/lib/python3.7/site-packages/airflow/example_dags/example_python_operator.py
[2025-10-08T00:55:46.385+0000] {logging_mixin.py:137} INFO - [2025-10-08T00:55:46.385+0000] {taskmixin.py:205} WARNING - Dependency <Task(_PythonDecoratedOperator): print_the_context>, log_sql_query already registered for DAG: example_python_operator
[2025-10-08T00:55:46.387+0000] {logging_mixin.py:137} INFO - [2025-10-08T00:55:46.387+0000] {taskmixin.py:205} WARNING - Dependency <Task(_PythonDecoratedOperator): log_sql_query>, print_the_context already registered for DAG: example_python_operator
[2025-10-08T00:55:46.388+0000] {logging_mixin.py:137} INFO - [2025-10-08T00:55:46.388+0000] {taskmixin.py:205} WARNING - Dependency <Task(_PythonDecoratedOperator): print_the_context>, log_sql_query already registered for DAG: example_python_operator
[2025-10-08T00:55:46.389+0000] {logging_mixin.py:137} INFO - [2025-10-08T00:55:46.389+0000] {taskmixin.py:205} WARNING - Dependency <Task(_PythonDecoratedOperator): log_sql_query>, print_the_context already registered for DAG: example_python_operator
[2025-10-08T00:55:46.389+0000] {logging_mixin.py:137} INFO - [2025-10-08T00:55:46.389+0000] {taskmixin.py:205} WARNING - Dependency <Task(_PythonDecoratedOperator): print_the_context>, log_sql_query already registered for DAG: example_python_operator
[2025-10-08T00:55:46.390+0000] {logging_mixin.py:137} INFO - [2025-10-08T00:55:46.390+0000] {taskmixin.py:205} WARNING - Dependency <Task(_PythonDecoratedOperator): log_sql_query>, print_the_context already registered for DAG: example_python_operator
[2025-10-08T00:55:46.390+0000] {logging_mixin.py:137} INFO - [2025-10-08T00:55:46.390+0000] {taskmixin.py:205} WARNING - Dependency <Task(_PythonDecoratedOperator): print_the_context>, log_sql_query already registered for DAG: example_python_operator
[2025-10-08T00:55:46.390+0000] {logging_mixin.py:137} INFO - [2025-10-08T00:55:46.390+0000] {taskmixin.py:205} WARNING - Dependency <Task(_PythonDecoratedOperator): log_sql_query>, print_the_context already registered for DAG: example_python_operator
[2025-10-08T00:55:46.393+0000] {processor.py:753} INFO - DAG(s) dict_keys(['example_python_operator']) retrieved from /home/airflow/.local/lib/python3.7/site-packages/airflow/example_dags/example_python_operator.py
[2025-10-08T00:55:46.411+0000] {logging_mixin.py:137} INFO - [2025-10-08T00:55:46.411+0000] {dag.py:2690} INFO - Sync 1 DAGs
[2025-10-08T00:55:46.426+0000] {logging_mixin.py:137} INFO - [2025-10-08T00:55:46.426+0000] {dag.py:3441} INFO - Setting next_dagrun for example_python_operator to None, run_after=None
[2025-10-08T00:55:46.438+0000] {processor.py:175} INFO - Processing /home/airflow/.local/lib/python3.7/site-packages/airflow/example_dags/example_python_operator.py took 0.067 seconds
[2025-10-08T00:56:17.304+0000] {processor.py:153} INFO - Started process (PID=462) to work on /home/airflow/.local/lib/python3.7/site-packages/airflow/example_dags/example_python_operator.py
[2025-10-08T00:56:17.305+0000] {processor.py:743} INFO - Processing file /home/airflow/.local/lib/python3.7/site-packages/airflow/example_dags/example_python_operator.py for tasks to queue
[2025-10-08T00:56:17.305+0000] {logging_mixin.py:137} INFO - [2025-10-08T00:56:17.305+0000] {dagbag.py:538} INFO - Filling up the DagBag from /home/airflow/.local/lib/python3.7/site-packages/airflow/example_dags/example_python_operator.py
[2025-10-08T00:56:17.314+0000] {logging_mixin.py:137} INFO - [2025-10-08T00:56:17.314+0000] {taskmixin.py:205} WARNING - Dependency <Task(_PythonDecoratedOperator): print_the_context>, log_sql_query already registered for DAG: example_python_operator
[2025-10-08T00:56:17.315+0000] {logging_mixin.py:137} INFO - [2025-10-08T00:56:17.315+0000] {taskmixin.py:205} WARNING - Dependency <Task(_PythonDecoratedOperator): log_sql_query>, print_the_context already registered for DAG: example_python_operator
[2025-10-08T00:56:17.315+0000] {logging_mixin.py:137} INFO - [2025-10-08T00:56:17.315+0000] {taskmixin.py:205} WARNING - Dependency <Task(_PythonDecoratedOperator): print_the_context>, log_sql_query already registered for DAG: example_python_operator
[2025-10-08T00:56:17.315+0000] {logging_mixin.py:137} INFO - [2025-10-08T00:56:17.315+0000] {taskmixin.py:205} WARNING - Dependency <Task(_PythonDecoratedOperator): log_sql_query>, print_the_context already registered for DAG: example_python_operator
[2025-10-08T00:56:17.316+0000] {logging_mixin.py:137} INFO - [2025-10-08T00:56:17.316+0000] {taskmixin.py:205} WARNING - Dependency <Task(_PythonDecoratedOperator): print_the_context>, log_sql_query already registered for DAG: example_python_operator
[2025-10-08T00:56:17.316+0000] {logging_mixin.py:137} INFO - [2025-10-08T00:56:17.316+0000] {taskmixin.py:205} WARNING - Dependency <Task(_PythonDecoratedOperator): log_sql_query>, print_the_context already registered for DAG: example_python_operator
[2025-10-08T00:56:17.317+0000] {logging_mixin.py:137} INFO - [2025-10-08T00:56:17.317+0000] {taskmixin.py:205} WARNING - Dependency <Task(_PythonDecoratedOperator): print_the_context>, log_sql_query already registered for DAG: example_python_operator
[2025-10-08T00:56:17.317+0000] {logging_mixin.py:137} INFO - [2025-10-08T00:56:17.317+0000] {taskmixin.py:205} WARNING - Dependency <Task(_PythonDecoratedOperator): log_sql_query>, print_the_context already registered for DAG: example_python_operator
[2025-10-08T00:56:17.321+0000] {processor.py:753} INFO - DAG(s) dict_keys(['example_python_operator']) retrieved from /home/airflow/.local/lib/python3.7/site-packages/airflow/example_dags/example_python_operator.py
[2025-10-08T00:56:17.338+0000] {logging_mixin.py:137} INFO - [2025-10-08T00:56:17.338+0000] {dag.py:2690} INFO - Sync 1 DAGs
[2025-10-08T00:56:17.352+0000] {logging_mixin.py:137} INFO - [2025-10-08T00:56:17.352+0000] {dag.py:3441} INFO - Setting next_dagrun for example_python_operator to None, run_after=None
[2025-10-08T00:56:17.366+0000] {processor.py:175} INFO - Processing /home/airflow/.local/lib/python3.7/site-packages/airflow/example_dags/example_python_operator.py took 0.064 seconds
[2025-10-08T00:56:48.211+0000] {processor.py:153} INFO - Started process (PID=550) to work on /home/airflow/.local/lib/python3.7/site-packages/airflow/example_dags/example_python_operator.py
[2025-10-08T00:56:48.212+0000] {processor.py:743} INFO - Processing file /home/airflow/.local/lib/python3.7/site-packages/airflow/example_dags/example_python_operator.py for tasks to queue
[2025-10-08T00:56:48.212+0000] {logging_mixin.py:137} INFO - [2025-10-08T00:56:48.212+0000] {dagbag.py:538} INFO - Filling up the DagBag from /home/airflow/.local/lib/python3.7/site-packages/airflow/example_dags/example_python_operator.py
[2025-10-08T00:56:48.225+0000] {logging_mixin.py:137} INFO - [2025-10-08T00:56:48.225+0000] {taskmixin.py:205} WARNING - Dependency <Task(_PythonDecoratedOperator): print_the_context>, log_sql_query already registered for DAG: example_python_operator
[2025-10-08T00:56:48.226+0000] {logging_mixin.py:137} INFO - [2025-10-08T00:56:48.225+0000] {taskmixin.py:205} WARNING - Dependency <Task(_PythonDecoratedOperator): log_sql_query>, print_the_context already registered for DAG: example_python_operator
[2025-10-08T00:56:48.226+0000] {logging_mixin.py:137} INFO - [2025-10-08T00:56:48.226+0000] {taskmixin.py:205} WARNING - Dependency <Task(_PythonDecoratedOperator): print_the_context>, log_sql_query already registered for DAG: example_python_operator
[2025-10-08T00:56:48.226+0000] {logging_mixin.py:137} INFO - [2025-10-08T00:56:48.226+0000] {taskmixin.py:205} WARNING - Dependency <Task(_PythonDecoratedOperator): log_sql_query>, print_the_context already registered for DAG: example_python_operator
[2025-10-08T00:56:48.227+0000] {logging_mixin.py:137} INFO - [2025-10-08T00:56:48.227+0000] {taskmixin.py:205} WARNING - Dependency <Task(_PythonDecoratedOperator): print_the_context>, log_sql_query already registered for DAG: example_python_operator
[2025-10-08T00:56:48.227+0000] {logging_mixin.py:137} INFO - [2025-10-08T00:56:48.227+0000] {taskmixin.py:205} WARNING - Dependency <Task(_PythonDecoratedOperator): log_sql_query>, print_the_context already registered for DAG: example_python_operator
[2025-10-08T00:56:48.227+0000] {logging_mixin.py:137} INFO - [2025-10-08T00:56:48.227+0000] {taskmixin.py:205} WARNING - Dependency <Task(_PythonDecoratedOperator): print_the_context>, log_sql_query already registered for DAG: example_python_operator
[2025-10-08T00:56:48.228+0000] {logging_mixin.py:137} INFO - [2025-10-08T00:56:48.228+0000] {taskmixin.py:205} WARNING - Dependency <Task(_PythonDecoratedOperator): log_sql_query>, print_the_context already registered for DAG: example_python_operator
[2025-10-08T00:56:48.231+0000] {processor.py:753} INFO - DAG(s) dict_keys(['example_python_operator']) retrieved from /home/airflow/.local/lib/python3.7/site-packages/airflow/example_dags/example_python_operator.py
[2025-10-08T00:56:48.247+0000] {logging_mixin.py:137} INFO - [2025-10-08T00:56:48.246+0000] {dag.py:2690} INFO - Sync 1 DAGs
[2025-10-08T00:56:48.259+0000] {logging_mixin.py:137} INFO - [2025-10-08T00:56:48.259+0000] {dag.py:3441} INFO - Setting next_dagrun for example_python_operator to None, run_after=None
[2025-10-08T00:56:48.270+0000] {processor.py:175} INFO - Processing /home/airflow/.local/lib/python3.7/site-packages/airflow/example_dags/example_python_operator.py took 0.061 seconds
[2025-10-08T00:57:19.249+0000] {processor.py:153} INFO - Started process (PID=645) to work on /home/airflow/.local/lib/python3.7/site-packages/airflow/example_dags/example_python_operator.py
[2025-10-08T00:57:19.249+0000] {processor.py:743} INFO - Processing file /home/airflow/.local/lib/python3.7/site-packages/airflow/example_dags/example_python_operator.py for tasks to queue
[2025-10-08T00:57:19.250+0000] {logging_mixin.py:137} INFO - [2025-10-08T00:57:19.250+0000] {dagbag.py:538} INFO - Filling up the DagBag from /home/airflow/.local/lib/python3.7/site-packages/airflow/example_dags/example_python_operator.py
[2025-10-08T00:57:19.262+0000] {logging_mixin.py:137} INFO - [2025-10-08T00:57:19.262+0000] {taskmixin.py:205} WARNING - Dependency <Task(_PythonDecoratedOperator): print_the_context>, log_sql_query already registered for DAG: example_python_operator
[2025-10-08T00:57:19.262+0000] {logging_mixin.py:137} INFO - [2025-10-08T00:57:19.262+0000] {taskmixin.py:205} WARNING - Dependency <Task(_PythonDecoratedOperator): log_sql_query>, print_the_context already registered for DAG: example_python_operator
[2025-10-08T00:57:19.263+0000] {logging_mixin.py:137} INFO - [2025-10-08T00:57:19.263+0000] {taskmixin.py:205} WARNING - Dependency <Task(_PythonDecoratedOperator): print_the_context>, log_sql_query already registered for DAG: example_python_operator
[2025-10-08T00:57:19.263+0000] {logging_mixin.py:137} INFO - [2025-10-08T00:57:19.263+0000] {taskmixin.py:205} WARNING - Dependency <Task(_PythonDecoratedOperator): log_sql_query>, print_the_context already registered for DAG: example_python_operator
[2025-10-08T00:57:19.263+0000] {logging_mixin.py:137} INFO - [2025-10-08T00:57:19.263+0000] {taskmixin.py:205} WARNING - Dependency <Task(_PythonDecoratedOperator): print_the_context>, log_sql_query already registered for DAG: example_python_operator
[2025-10-08T00:57:19.263+0000] {logging_mixin.py:137} INFO - [2025-10-08T00:57:19.263+0000] {taskmixin.py:205} WARNING - Dependency <Task(_PythonDecoratedOperator): log_sql_query>, print_the_context already registered for DAG: example_python_operator
[2025-10-08T00:57:19.264+0000] {logging_mixin.py:137} INFO - [2025-10-08T00:57:19.264+0000] {taskmixin.py:205} WARNING - Dependency <Task(_PythonDecoratedOperator): print_the_context>, log_sql_query already registered for DAG: example_python_operator
[2025-10-08T00:57:19.264+0000] {logging_mixin.py:137} INFO - [2025-10-08T00:57:19.264+0000] {taskmixin.py:205} WARNING - Dependency <Task(_PythonDecoratedOperator): log_sql_query>, print_the_context already registered for DAG: example_python_operator
[2025-10-08T00:57:19.269+0000] {processor.py:753} INFO - DAG(s) dict_keys(['example_python_operator']) retrieved from /home/airflow/.local/lib/python3.7/site-packages/airflow/example_dags/example_python_operator.py
[2025-10-08T00:57:19.286+0000] {logging_mixin.py:137} INFO - [2025-10-08T00:57:19.286+0000] {dag.py:2690} INFO - Sync 1 DAGs
[2025-10-08T00:57:19.300+0000] {logging_mixin.py:137} INFO - [2025-10-08T00:57:19.299+0000] {dag.py:3441} INFO - Setting next_dagrun for example_python_operator to None, run_after=None
[2025-10-08T00:57:19.315+0000] {processor.py:175} INFO - Processing /home/airflow/.local/lib/python3.7/site-packages/airflow/example_dags/example_python_operator.py took 0.068 seconds
[2025-10-08T00:57:50.178+0000] {processor.py:153} INFO - Started process (PID=740) to work on /home/airflow/.local/lib/python3.7/site-packages/airflow/example_dags/example_python_operator.py
[2025-10-08T00:57:50.179+0000] {processor.py:743} INFO - Processing file /home/airflow/.local/lib/python3.7/site-packages/airflow/example_dags/example_python_operator.py for tasks to queue
[2025-10-08T00:57:50.180+0000] {logging_mixin.py:137} INFO - [2025-10-08T00:57:50.180+0000] {dagbag.py:538} INFO - Filling up the DagBag from /home/airflow/.local/lib/python3.7/site-packages/airflow/example_dags/example_python_operator.py
[2025-10-08T00:57:50.190+0000] {logging_mixin.py:137} INFO - [2025-10-08T00:57:50.190+0000] {taskmixin.py:205} WARNING - Dependency <Task(_PythonDecoratedOperator): print_the_context>, log_sql_query already registered for DAG: example_python_operator
[2025-10-08T00:57:50.190+0000] {logging_mixin.py:137} INFO - [2025-10-08T00:57:50.190+0000] {taskmixin.py:205} WARNING - Dependency <Task(_PythonDecoratedOperator): log_sql_query>, print_the_context already registered for DAG: example_python_operator
[2025-10-08T00:57:50.190+0000] {logging_mixin.py:137} INFO - [2025-10-08T00:57:50.190+0000] {taskmixin.py:205} WARNING - Dependency <Task(_PythonDecoratedOperator): print_the_context>, log_sql_query already registered for DAG: example_python_operator
[2025-10-08T00:57:50.191+0000] {logging_mixin.py:137} INFO - [2025-10-08T00:57:50.191+0000] {taskmixin.py:205} WARNING - Dependency <Task(_PythonDecoratedOperator): log_sql_query>, print_the_context already registered for DAG: example_python_operator
[2025-10-08T00:57:50.191+0000] {logging_mixin.py:137} INFO - [2025-10-08T00:57:50.191+0000] {taskmixin.py:205} WARNING - Dependency <Task(_PythonDecoratedOperator): print_the_context>, log_sql_query already registered for DAG: example_python_operator
[2025-10-08T00:57:50.191+0000] {logging_mixin.py:137} INFO - [2025-10-08T00:57:50.191+0000] {taskmixin.py:205} WARNING - Dependency <Task(_PythonDecoratedOperator): log_sql_query>, print_the_context already registered for DAG: example_python_operator
[2025-10-08T00:57:50.192+0000] {logging_mixin.py:137} INFO - [2025-10-08T00:57:50.192+0000] {taskmixin.py:205} WARNING - Dependency <Task(_PythonDecoratedOperator): print_the_context>, log_sql_query already registered for DAG: example_python_operator
[2025-10-08T00:57:50.193+0000] {logging_mixin.py:137} INFO - [2025-10-08T00:57:50.193+0000] {taskmixin.py:205} WARNING - Dependency <Task(_PythonDecoratedOperator): log_sql_query>, print_the_context already registered for DAG: example_python_operator
[2025-10-08T00:57:50.196+0000] {processor.py:753} INFO - DAG(s) dict_keys(['example_python_operator']) retrieved from /home/airflow/.local/lib/python3.7/site-packages/airflow/example_dags/example_python_operator.py
[2025-10-08T00:57:50.211+0000] {logging_mixin.py:137} INFO - [2025-10-08T00:57:50.211+0000] {dag.py:2690} INFO - Sync 1 DAGs
[2025-10-08T00:57:50.231+0000] {logging_mixin.py:137} INFO - [2025-10-08T00:57:50.231+0000] {dag.py:3441} INFO - Setting next_dagrun for example_python_operator to None, run_after=None
[2025-10-08T00:57:50.241+0000] {processor.py:175} INFO - Processing /home/airflow/.local/lib/python3.7/site-packages/airflow/example_dags/example_python_operator.py took 0.065 seconds
[2025-10-08T00:58:21.134+0000] {processor.py:153} INFO - Started process (PID=817) to work on /home/airflow/.local/lib/python3.7/site-packages/airflow/example_dags/example_python_operator.py
[2025-10-08T00:58:21.134+0000] {processor.py:743} INFO - Processing file /home/airflow/.local/lib/python3.7/site-packages/airflow/example_dags/example_python_operator.py for tasks to queue
[2025-10-08T00:58:21.135+0000] {logging_mixin.py:137} INFO - [2025-10-08T00:58:21.135+0000] {dagbag.py:538} INFO - Filling up the DagBag from /home/airflow/.local/lib/python3.7/site-packages/airflow/example_dags/example_python_operator.py
[2025-10-08T00:58:21.144+0000] {logging_mixin.py:137} INFO - [2025-10-08T00:58:21.144+0000] {taskmixin.py:205} WARNING - Dependency <Task(_PythonDecoratedOperator): print_the_context>, log_sql_query already registered for DAG: example_python_operator
[2025-10-08T00:58:21.145+0000] {logging_mixin.py:137} INFO - [2025-10-08T00:58:21.145+0000] {taskmixin.py:205} WARNING - Dependency <Task(_PythonDecoratedOperator): log_sql_query>, print_the_context already registered for DAG: example_python_operator
[2025-10-08T00:58:21.145+0000] {logging_mixin.py:137} INFO - [2025-10-08T00:58:21.145+0000] {taskmixin.py:205} WARNING - Dependency <Task(_PythonDecoratedOperator): print_the_context>, log_sql_query already registered for DAG: example_python_operator
[2025-10-08T00:58:21.145+0000] {logging_mixin.py:137} INFO - [2025-10-08T00:58:21.145+0000] {taskmixin.py:205} WARNING - Dependency <Task(_PythonDecoratedOperator): log_sql_query>, print_the_context already registered for DAG: example_python_operator
[2025-10-08T00:58:21.146+0000] {logging_mixin.py:137} INFO - [2025-10-08T00:58:21.146+0000] {taskmixin.py:205} WARNING - Dependency <Task(_PythonDecoratedOperator): print_the_context>, log_sql_query already registered for DAG: example_python_operator
[2025-10-08T00:58:21.146+0000] {logging_mixin.py:137} INFO - [2025-10-08T00:58:21.146+0000] {taskmixin.py:205} WARNING - Dependency <Task(_PythonDecoratedOperator): log_sql_query>, print_the_context already registered for DAG: example_python_operator
[2025-10-08T00:58:21.146+0000] {logging_mixin.py:137} INFO - [2025-10-08T00:58:21.146+0000] {taskmixin.py:205} WARNING - Dependency <Task(_PythonDecoratedOperator): print_the_context>, log_sql_query already registered for DAG: example_python_operator
[2025-10-08T00:58:21.146+0000] {logging_mixin.py:137} INFO - [2025-10-08T00:58:21.146+0000] {taskmixin.py:205} WARNING - Dependency <Task(_PythonDecoratedOperator): log_sql_query>, print_the_context already registered for DAG: example_python_operator
[2025-10-08T00:58:21.150+0000] {processor.py:753} INFO - DAG(s) dict_keys(['example_python_operator']) retrieved from /home/airflow/.local/lib/python3.7/site-packages/airflow/example_dags/example_python_operator.py
[2025-10-08T00:58:21.167+0000] {logging_mixin.py:137} INFO - [2025-10-08T00:58:21.167+0000] {dag.py:2690} INFO - Sync 1 DAGs
[2025-10-08T00:58:21.180+0000] {logging_mixin.py:137} INFO - [2025-10-08T00:58:21.180+0000] {dag.py:3441} INFO - Setting next_dagrun for example_python_operator to None, run_after=None
[2025-10-08T00:58:21.191+0000] {processor.py:175} INFO - Processing /home/airflow/.local/lib/python3.7/site-packages/airflow/example_dags/example_python_operator.py took 0.060 seconds
[2025-10-08T00:58:52.165+0000] {processor.py:153} INFO - Started process (PID=912) to work on /home/airflow/.local/lib/python3.7/site-packages/airflow/example_dags/example_python_operator.py
[2025-10-08T00:58:52.166+0000] {processor.py:743} INFO - Processing file /home/airflow/.local/lib/python3.7/site-packages/airflow/example_dags/example_python_operator.py for tasks to queue
[2025-10-08T00:58:52.166+0000] {logging_mixin.py:137} INFO - [2025-10-08T00:58:52.166+0000] {dagbag.py:538} INFO - Filling up the DagBag from /home/airflow/.local/lib/python3.7/site-packages/airflow/example_dags/example_python_operator.py
[2025-10-08T00:58:52.176+0000] {logging_mixin.py:137} INFO - [2025-10-08T00:58:52.176+0000] {taskmixin.py:205} WARNING - Dependency <Task(_PythonDecoratedOperator): print_the_context>, log_sql_query already registered for DAG: example_python_operator
[2025-10-08T00:58:52.176+0000] {logging_mixin.py:137} INFO - [2025-10-08T00:58:52.176+0000] {taskmixin.py:205} WARNING - Dependency <Task(_PythonDecoratedOperator): log_sql_query>, print_the_context already registered for DAG: example_python_operator
[2025-10-08T00:58:52.177+0000] {logging_mixin.py:137} INFO - [2025-10-08T00:58:52.177+0000] {taskmixin.py:205} WARNING - Dependency <Task(_PythonDecoratedOperator): print_the_context>, log_sql_query already registered for DAG: example_python_operator
[2025-10-08T00:58:52.177+0000] {logging_mixin.py:137} INFO - [2025-10-08T00:58:52.177+0000] {taskmixin.py:205} WARNING - Dependency <Task(_PythonDecoratedOperator): log_sql_query>, print_the_context already registered for DAG: example_python_operator
[2025-10-08T00:58:52.177+0000] {logging_mixin.py:137} INFO - [2025-10-08T00:58:52.177+0000] {taskmixin.py:205} WARNING - Dependency <Task(_PythonDecoratedOperator): print_the_context>, log_sql_query already registered for DAG: example_python_operator
[2025-10-08T00:58:52.177+0000] {logging_mixin.py:137} INFO - [2025-10-08T00:58:52.177+0000] {taskmixin.py:205} WARNING - Dependency <Task(_PythonDecoratedOperator): log_sql_query>, print_the_context already registered for DAG: example_python_operator
[2025-10-08T00:58:52.177+0000] {logging_mixin.py:137} INFO - [2025-10-08T00:58:52.177+0000] {taskmixin.py:205} WARNING - Dependency <Task(_PythonDecoratedOperator): print_the_context>, log_sql_query already registered for DAG: example_python_operator
[2025-10-08T00:58:52.177+0000] {logging_mixin.py:137} INFO - [2025-10-08T00:58:52.177+0000] {taskmixin.py:205} WARNING - Dependency <Task(_PythonDecoratedOperator): log_sql_query>, print_the_context already registered for DAG: example_python_operator
[2025-10-08T00:58:52.181+0000] {processor.py:753} INFO - DAG(s) dict_keys(['example_python_operator']) retrieved from /home/airflow/.local/lib/python3.7/site-packages/airflow/example_dags/example_python_operator.py
[2025-10-08T00:58:52.198+0000] {logging_mixin.py:137} INFO - [2025-10-08T00:58:52.198+0000] {dag.py:2690} INFO - Sync 1 DAGs
[2025-10-08T00:58:52.209+0000] {logging_mixin.py:137} INFO - [2025-10-08T00:58:52.209+0000] {dag.py:3441} INFO - Setting next_dagrun for example_python_operator to None, run_after=None
[2025-10-08T00:58:52.220+0000] {processor.py:175} INFO - Processing /home/airflow/.local/lib/python3.7/site-packages/airflow/example_dags/example_python_operator.py took 0.057 seconds
[2025-10-08T00:59:22.251+0000] {processor.py:153} INFO - Started process (PID=1007) to work on /home/airflow/.local/lib/python3.7/site-packages/airflow/example_dags/example_python_operator.py
[2025-10-08T00:59:22.254+0000] {processor.py:743} INFO - Processing file /home/airflow/.local/lib/python3.7/site-packages/airflow/example_dags/example_python_operator.py for tasks to queue
[2025-10-08T00:59:22.255+0000] {logging_mixin.py:137} INFO - [2025-10-08T00:59:22.255+0000] {dagbag.py:538} INFO - Filling up the DagBag from /home/airflow/.local/lib/python3.7/site-packages/airflow/example_dags/example_python_operator.py
[2025-10-08T00:59:22.264+0000] {logging_mixin.py:137} INFO - [2025-10-08T00:59:22.264+0000] {taskmixin.py:205} WARNING - Dependency <Task(_PythonDecoratedOperator): print_the_context>, log_sql_query already registered for DAG: example_python_operator
[2025-10-08T00:59:22.266+0000] {logging_mixin.py:137} INFO - [2025-10-08T00:59:22.266+0000] {taskmixin.py:205} WARNING - Dependency <Task(_PythonDecoratedOperator): log_sql_query>, print_the_context already registered for DAG: example_python_operator
[2025-10-08T00:59:22.267+0000] {logging_mixin.py:137} INFO - [2025-10-08T00:59:22.267+0000] {taskmixin.py:205} WARNING - Dependency <Task(_PythonDecoratedOperator): print_the_context>, log_sql_query already registered for DAG: example_python_operator
[2025-10-08T00:59:22.267+0000] {logging_mixin.py:137} INFO - [2025-10-08T00:59:22.267+0000] {taskmixin.py:205} WARNING - Dependency <Task(_PythonDecoratedOperator): log_sql_query>, print_the_context already registered for DAG: example_python_operator
[2025-10-08T00:59:22.267+0000] {logging_mixin.py:137} INFO - [2025-10-08T00:59:22.267+0000] {taskmixin.py:205} WARNING - Dependency <Task(_PythonDecoratedOperator): print_the_context>, log_sql_query already registered for DAG: example_python_operator
[2025-10-08T00:59:22.268+0000] {logging_mixin.py:137} INFO - [2025-10-08T00:59:22.268+0000] {taskmixin.py:205} WARNING - Dependency <Task(_PythonDecoratedOperator): log_sql_query>, print_the_context already registered for DAG: example_python_operator
[2025-10-08T00:59:22.268+0000] {logging_mixin.py:137} INFO - [2025-10-08T00:59:22.268+0000] {taskmixin.py:205} WARNING - Dependency <Task(_PythonDecoratedOperator): print_the_context>, log_sql_query already registered for DAG: example_python_operator
[2025-10-08T00:59:22.268+0000] {logging_mixin.py:137} INFO - [2025-10-08T00:59:22.268+0000] {taskmixin.py:205} WARNING - Dependency <Task(_PythonDecoratedOperator): log_sql_query>, print_the_context already registered for DAG: example_python_operator
[2025-10-08T00:59:22.272+0000] {processor.py:753} INFO - DAG(s) dict_keys(['example_python_operator']) retrieved from /home/airflow/.local/lib/python3.7/site-packages/airflow/example_dags/example_python_operator.py
[2025-10-08T00:59:22.287+0000] {logging_mixin.py:137} INFO - [2025-10-08T00:59:22.287+0000] {dag.py:2690} INFO - Sync 1 DAGs
[2025-10-08T00:59:22.303+0000] {logging_mixin.py:137} INFO - [2025-10-08T00:59:22.303+0000] {dag.py:3441} INFO - Setting next_dagrun for example_python_operator to None, run_after=None
[2025-10-08T00:59:22.314+0000] {processor.py:175} INFO - Processing /home/airflow/.local/lib/python3.7/site-packages/airflow/example_dags/example_python_operator.py took 0.064 seconds
[2025-10-08T00:59:53.059+0000] {processor.py:153} INFO - Started process (PID=1093) to work on /home/airflow/.local/lib/python3.7/site-packages/airflow/example_dags/example_python_operator.py
[2025-10-08T00:59:53.059+0000] {processor.py:743} INFO - Processing file /home/airflow/.local/lib/python3.7/site-packages/airflow/example_dags/example_python_operator.py for tasks to queue
[2025-10-08T00:59:53.060+0000] {logging_mixin.py:137} INFO - [2025-10-08T00:59:53.060+0000] {dagbag.py:538} INFO - Filling up the DagBag from /home/airflow/.local/lib/python3.7/site-packages/airflow/example_dags/example_python_operator.py
[2025-10-08T00:59:53.070+0000] {logging_mixin.py:137} INFO - [2025-10-08T00:59:53.070+0000] {taskmixin.py:205} WARNING - Dependency <Task(_PythonDecoratedOperator): print_the_context>, log_sql_query already registered for DAG: example_python_operator
[2025-10-08T00:59:53.072+0000] {logging_mixin.py:137} INFO - [2025-10-08T00:59:53.072+0000] {taskmixin.py:205} WARNING - Dependency <Task(_PythonDecoratedOperator): log_sql_query>, print_the_context already registered for DAG: example_python_operator
[2025-10-08T00:59:53.073+0000] {logging_mixin.py:137} INFO - [2025-10-08T00:59:53.073+0000] {taskmixin.py:205} WARNING - Dependency <Task(_PythonDecoratedOperator): print_the_context>, log_sql_query already registered for DAG: example_python_operator
[2025-10-08T00:59:53.073+0000] {logging_mixin.py:137} INFO - [2025-10-08T00:59:53.073+0000] {taskmixin.py:205} WARNING - Dependency <Task(_PythonDecoratedOperator): log_sql_query>, print_the_context already registered for DAG: example_python_operator
[2025-10-08T00:59:53.076+0000] {logging_mixin.py:137} INFO - [2025-10-08T00:59:53.076+0000] {taskmixin.py:205} WARNING - Dependency <Task(_PythonDecoratedOperator): print_the_context>, log_sql_query already registered for DAG: example_python_operator
[2025-10-08T00:59:53.076+0000] {logging_mixin.py:137} INFO - [2025-10-08T00:59:53.076+0000] {taskmixin.py:205} WARNING - Dependency <Task(_PythonDecoratedOperator): log_sql_query>, print_the_context already registered for DAG: example_python_operator
[2025-10-08T00:59:53.077+0000] {logging_mixin.py:137} INFO - [2025-10-08T00:59:53.077+0000] {taskmixin.py:205} WARNING - Dependency <Task(_PythonDecoratedOperator): print_the_context>, log_sql_query already registered for DAG: example_python_operator
[2025-10-08T00:59:53.077+0000] {logging_mixin.py:137} INFO - [2025-10-08T00:59:53.077+0000] {taskmixin.py:205} WARNING - Dependency <Task(_PythonDecoratedOperator): log_sql_query>, print_the_context already registered for DAG: example_python_operator
[2025-10-08T00:59:53.082+0000] {processor.py:753} INFO - DAG(s) dict_keys(['example_python_operator']) retrieved from /home/airflow/.local/lib/python3.7/site-packages/airflow/example_dags/example_python_operator.py
[2025-10-08T00:59:53.099+0000] {logging_mixin.py:137} INFO - [2025-10-08T00:59:53.098+0000] {dag.py:2690} INFO - Sync 1 DAGs
[2025-10-08T00:59:53.113+0000] {logging_mixin.py:137} INFO - [2025-10-08T00:59:53.113+0000] {dag.py:3441} INFO - Setting next_dagrun for example_python_operator to None, run_after=None
[2025-10-08T00:59:53.125+0000] {processor.py:175} INFO - Processing /home/airflow/.local/lib/python3.7/site-packages/airflow/example_dags/example_python_operator.py took 0.068 seconds
[2025-10-08T01:00:23.976+0000] {processor.py:153} INFO - Started process (PID=1179) to work on /home/airflow/.local/lib/python3.7/site-packages/airflow/example_dags/example_python_operator.py
[2025-10-08T01:00:23.978+0000] {processor.py:743} INFO - Processing file /home/airflow/.local/lib/python3.7/site-packages/airflow/example_dags/example_python_operator.py for tasks to queue
[2025-10-08T01:00:23.979+0000] {logging_mixin.py:137} INFO - [2025-10-08T01:00:23.979+0000] {dagbag.py:538} INFO - Filling up the DagBag from /home/airflow/.local/lib/python3.7/site-packages/airflow/example_dags/example_python_operator.py
[2025-10-08T01:00:23.988+0000] {logging_mixin.py:137} INFO - [2025-10-08T01:00:23.988+0000] {taskmixin.py:205} WARNING - Dependency <Task(_PythonDecoratedOperator): print_the_context>, log_sql_query already registered for DAG: example_python_operator
[2025-10-08T01:00:23.988+0000] {logging_mixin.py:137} INFO - [2025-10-08T01:00:23.988+0000] {taskmixin.py:205} WARNING - Dependency <Task(_PythonDecoratedOperator): log_sql_query>, print_the_context already registered for DAG: example_python_operator
[2025-10-08T01:00:23.989+0000] {logging_mixin.py:137} INFO - [2025-10-08T01:00:23.989+0000] {taskmixin.py:205} WARNING - Dependency <Task(_PythonDecoratedOperator): print_the_context>, log_sql_query already registered for DAG: example_python_operator
[2025-10-08T01:00:23.989+0000] {logging_mixin.py:137} INFO - [2025-10-08T01:00:23.989+0000] {taskmixin.py:205} WARNING - Dependency <Task(_PythonDecoratedOperator): log_sql_query>, print_the_context already registered for DAG: example_python_operator
[2025-10-08T01:00:23.989+0000] {logging_mixin.py:137} INFO - [2025-10-08T01:00:23.989+0000] {taskmixin.py:205} WARNING - Dependency <Task(_PythonDecoratedOperator): print_the_context>, log_sql_query already registered for DAG: example_python_operator
[2025-10-08T01:00:23.989+0000] {logging_mixin.py:137} INFO - [2025-10-08T01:00:23.989+0000] {taskmixin.py:205} WARNING - Dependency <Task(_PythonDecoratedOperator): log_sql_query>, print_the_context already registered for DAG: example_python_operator
[2025-10-08T01:00:23.990+0000] {logging_mixin.py:137} INFO - [2025-10-08T01:00:23.990+0000] {taskmixin.py:205} WARNING - Dependency <Task(_PythonDecoratedOperator): print_the_context>, log_sql_query already registered for DAG: example_python_operator
[2025-10-08T01:00:23.990+0000] {logging_mixin.py:137} INFO - [2025-10-08T01:00:23.990+0000] {taskmixin.py:205} WARNING - Dependency <Task(_PythonDecoratedOperator): log_sql_query>, print_the_context already registered for DAG: example_python_operator
[2025-10-08T01:00:23.993+0000] {processor.py:753} INFO - DAG(s) dict_keys(['example_python_operator']) retrieved from /home/airflow/.local/lib/python3.7/site-packages/airflow/example_dags/example_python_operator.py
[2025-10-08T01:00:24.008+0000] {logging_mixin.py:137} INFO - [2025-10-08T01:00:24.008+0000] {dag.py:2690} INFO - Sync 1 DAGs
[2025-10-08T01:00:24.020+0000] {logging_mixin.py:137} INFO - [2025-10-08T01:00:24.020+0000] {dag.py:3441} INFO - Setting next_dagrun for example_python_operator to None, run_after=None
[2025-10-08T01:00:24.029+0000] {processor.py:175} INFO - Processing /home/airflow/.local/lib/python3.7/site-packages/airflow/example_dags/example_python_operator.py took 0.055 seconds
[2025-10-08T01:00:54.861+0000] {processor.py:153} INFO - Started process (PID=1274) to work on /home/airflow/.local/lib/python3.7/site-packages/airflow/example_dags/example_python_operator.py
[2025-10-08T01:00:54.862+0000] {processor.py:743} INFO - Processing file /home/airflow/.local/lib/python3.7/site-packages/airflow/example_dags/example_python_operator.py for tasks to queue
[2025-10-08T01:00:54.862+0000] {logging_mixin.py:137} INFO - [2025-10-08T01:00:54.862+0000] {dagbag.py:538} INFO - Filling up the DagBag from /home/airflow/.local/lib/python3.7/site-packages/airflow/example_dags/example_python_operator.py
[2025-10-08T01:00:54.873+0000] {logging_mixin.py:137} INFO - [2025-10-08T01:00:54.872+0000] {taskmixin.py:205} WARNING - Dependency <Task(_PythonDecoratedOperator): print_the_context>, log_sql_query already registered for DAG: example_python_operator
[2025-10-08T01:00:54.873+0000] {logging_mixin.py:137} INFO - [2025-10-08T01:00:54.873+0000] {taskmixin.py:205} WARNING - Dependency <Task(_PythonDecoratedOperator): log_sql_query>, print_the_context already registered for DAG: example_python_operator
[2025-10-08T01:00:54.873+0000] {logging_mixin.py:137} INFO - [2025-10-08T01:00:54.873+0000] {taskmixin.py:205} WARNING - Dependency <Task(_PythonDecoratedOperator): print_the_context>, log_sql_query already registered for DAG: example_python_operator
[2025-10-08T01:00:54.873+0000] {logging_mixin.py:137} INFO - [2025-10-08T01:00:54.873+0000] {taskmixin.py:205} WARNING - Dependency <Task(_PythonDecoratedOperator): log_sql_query>, print_the_context already registered for DAG: example_python_operator
[2025-10-08T01:00:54.874+0000] {logging_mixin.py:137} INFO - [2025-10-08T01:00:54.874+0000] {taskmixin.py:205} WARNING - Dependency <Task(_PythonDecoratedOperator): print_the_context>, log_sql_query already registered for DAG: example_python_operator
[2025-10-08T01:00:54.874+0000] {logging_mixin.py:137} INFO - [2025-10-08T01:00:54.874+0000] {taskmixin.py:205} WARNING - Dependency <Task(_PythonDecoratedOperator): log_sql_query>, print_the_context already registered for DAG: example_python_operator
[2025-10-08T01:00:54.874+0000] {logging_mixin.py:137} INFO - [2025-10-08T01:00:54.874+0000] {taskmixin.py:205} WARNING - Dependency <Task(_PythonDecoratedOperator): print_the_context>, log_sql_query already registered for DAG: example_python_operator
[2025-10-08T01:00:54.875+0000] {logging_mixin.py:137} INFO - [2025-10-08T01:00:54.875+0000] {taskmixin.py:205} WARNING - Dependency <Task(_PythonDecoratedOperator): log_sql_query>, print_the_context already registered for DAG: example_python_operator
[2025-10-08T01:00:54.878+0000] {processor.py:753} INFO - DAG(s) dict_keys(['example_python_operator']) retrieved from /home/airflow/.local/lib/python3.7/site-packages/airflow/example_dags/example_python_operator.py
[2025-10-08T01:00:54.894+0000] {logging_mixin.py:137} INFO - [2025-10-08T01:00:54.894+0000] {dag.py:2690} INFO - Sync 1 DAGs
[2025-10-08T01:00:54.908+0000] {logging_mixin.py:137} INFO - [2025-10-08T01:00:54.907+0000] {dag.py:3441} INFO - Setting next_dagrun for example_python_operator to None, run_after=None
[2025-10-08T01:00:54.918+0000] {processor.py:175} INFO - Processing /home/airflow/.local/lib/python3.7/site-packages/airflow/example_dags/example_python_operator.py took 0.058 seconds
[2025-10-08T01:01:25.673+0000] {processor.py:153} INFO - Started process (PID=1369) to work on /home/airflow/.local/lib/python3.7/site-packages/airflow/example_dags/example_python_operator.py
[2025-10-08T01:01:25.674+0000] {processor.py:743} INFO - Processing file /home/airflow/.local/lib/python3.7/site-packages/airflow/example_dags/example_python_operator.py for tasks to queue
[2025-10-08T01:01:25.674+0000] {logging_mixin.py:137} INFO - [2025-10-08T01:01:25.674+0000] {dagbag.py:538} INFO - Filling up the DagBag from /home/airflow/.local/lib/python3.7/site-packages/airflow/example_dags/example_python_operator.py
[2025-10-08T01:01:25.684+0000] {logging_mixin.py:137} INFO - [2025-10-08T01:01:25.684+0000] {taskmixin.py:205} WARNING - Dependency <Task(_PythonDecoratedOperator): print_the_context>, log_sql_query already registered for DAG: example_python_operator
[2025-10-08T01:01:25.684+0000] {logging_mixin.py:137} INFO - [2025-10-08T01:01:25.684+0000] {taskmixin.py:205} WARNING - Dependency <Task(_PythonDecoratedOperator): log_sql_query>, print_the_context already registered for DAG: example_python_operator
[2025-10-08T01:01:25.685+0000] {logging_mixin.py:137} INFO - [2025-10-08T01:01:25.685+0000] {taskmixin.py:205} WARNING - Dependency <Task(_PythonDecoratedOperator): print_the_context>, log_sql_query already registered for DAG: example_python_operator
[2025-10-08T01:01:25.685+0000] {logging_mixin.py:137} INFO - [2025-10-08T01:01:25.685+0000] {taskmixin.py:205} WARNING - Dependency <Task(_PythonDecoratedOperator): log_sql_query>, print_the_context already registered for DAG: example_python_operator
[2025-10-08T01:01:25.685+0000] {logging_mixin.py:137} INFO - [2025-10-08T01:01:25.685+0000] {taskmixin.py:205} WARNING - Dependency <Task(_PythonDecoratedOperator): print_the_context>, log_sql_query already registered for DAG: example_python_operator
[2025-10-08T01:01:25.685+0000] {logging_mixin.py:137} INFO - [2025-10-08T01:01:25.685+0000] {taskmixin.py:205} WARNING - Dependency <Task(_PythonDecoratedOperator): log_sql_query>, print_the_context already registered for DAG: example_python_operator
[2025-10-08T01:01:25.686+0000] {logging_mixin.py:137} INFO - [2025-10-08T01:01:25.685+0000] {taskmixin.py:205} WARNING - Dependency <Task(_PythonDecoratedOperator): print_the_context>, log_sql_query already registered for DAG: example_python_operator
[2025-10-08T01:01:25.686+0000] {logging_mixin.py:137} INFO - [2025-10-08T01:01:25.686+0000] {taskmixin.py:205} WARNING - Dependency <Task(_PythonDecoratedOperator): log_sql_query>, print_the_context already registered for DAG: example_python_operator
[2025-10-08T01:01:25.689+0000] {processor.py:753} INFO - DAG(s) dict_keys(['example_python_operator']) retrieved from /home/airflow/.local/lib/python3.7/site-packages/airflow/example_dags/example_python_operator.py
[2025-10-08T01:01:25.704+0000] {logging_mixin.py:137} INFO - [2025-10-08T01:01:25.704+0000] {dag.py:2690} INFO - Sync 1 DAGs
[2025-10-08T01:01:25.716+0000] {logging_mixin.py:137} INFO - [2025-10-08T01:01:25.716+0000] {dag.py:3441} INFO - Setting next_dagrun for example_python_operator to None, run_after=None
[2025-10-08T01:01:25.726+0000] {processor.py:175} INFO - Processing /home/airflow/.local/lib/python3.7/site-packages/airflow/example_dags/example_python_operator.py took 0.055 seconds
