[2025-10-08T00:50:05.446+0000] {processor.py:153} INFO - Started process (PID=59) to work on /home/airflow/.local/lib/python3.7/site-packages/airflow/example_dags/example_kubernetes_executor.py
[2025-10-08T00:50:05.447+0000] {processor.py:743} INFO - Processing file /home/airflow/.local/lib/python3.7/site-packages/airflow/example_dags/example_kubernetes_executor.py for tasks to queue
[2025-10-08T00:50:05.447+0000] {logging_mixin.py:137} INFO - [2025-10-08T00:50:05.447+0000] {dagbag.py:538} INFO - Filling up the DagBag from /home/airflow/.local/lib/python3.7/site-packages/airflow/example_dags/example_kubernetes_executor.py
[2025-10-08T00:50:05.469+0000] {processor.py:753} INFO - DAG(s) dict_keys(['example_kubernetes_executor']) retrieved from /home/airflow/.local/lib/python3.7/site-packages/airflow/example_dags/example_kubernetes_executor.py
[2025-10-08T00:50:05.483+0000] {logging_mixin.py:137} INFO - [2025-10-08T00:50:05.483+0000] {dag.py:2690} INFO - Sync 1 DAGs
[2025-10-08T00:50:05.511+0000] {logging_mixin.py:137} INFO - [2025-10-08T00:50:05.511+0000] {dag.py:3441} INFO - Setting next_dagrun for example_kubernetes_executor to None, run_after=None
[2025-10-08T00:50:05.528+0000] {processor.py:175} INFO - Processing /home/airflow/.local/lib/python3.7/site-packages/airflow/example_dags/example_kubernetes_executor.py took 0.084 seconds
[2025-10-08T00:50:36.121+0000] {processor.py:153} INFO - Started process (PID=154) to work on /home/airflow/.local/lib/python3.7/site-packages/airflow/example_dags/example_kubernetes_executor.py
[2025-10-08T00:50:36.122+0000] {processor.py:743} INFO - Processing file /home/airflow/.local/lib/python3.7/site-packages/airflow/example_dags/example_kubernetes_executor.py for tasks to queue
[2025-10-08T00:50:36.122+0000] {logging_mixin.py:137} INFO - [2025-10-08T00:50:36.122+0000] {dagbag.py:538} INFO - Filling up the DagBag from /home/airflow/.local/lib/python3.7/site-packages/airflow/example_dags/example_kubernetes_executor.py
[2025-10-08T00:50:36.140+0000] {processor.py:753} INFO - DAG(s) dict_keys(['example_kubernetes_executor']) retrieved from /home/airflow/.local/lib/python3.7/site-packages/airflow/example_dags/example_kubernetes_executor.py
[2025-10-08T00:50:36.157+0000] {logging_mixin.py:137} INFO - [2025-10-08T00:50:36.157+0000] {dag.py:2690} INFO - Sync 1 DAGs
[2025-10-08T00:50:36.172+0000] {logging_mixin.py:137} INFO - [2025-10-08T00:50:36.172+0000] {dag.py:3441} INFO - Setting next_dagrun for example_kubernetes_executor to None, run_after=None
[2025-10-08T00:50:36.194+0000] {processor.py:175} INFO - Processing /home/airflow/.local/lib/python3.7/site-packages/airflow/example_dags/example_kubernetes_executor.py took 0.076 seconds
[2025-10-08T00:51:07.284+0000] {processor.py:153} INFO - Started process (PID=249) to work on /home/airflow/.local/lib/python3.7/site-packages/airflow/example_dags/example_kubernetes_executor.py
[2025-10-08T00:51:07.289+0000] {processor.py:743} INFO - Processing file /home/airflow/.local/lib/python3.7/site-packages/airflow/example_dags/example_kubernetes_executor.py for tasks to queue
[2025-10-08T00:51:07.289+0000] {logging_mixin.py:137} INFO - [2025-10-08T00:51:07.289+0000] {dagbag.py:538} INFO - Filling up the DagBag from /home/airflow/.local/lib/python3.7/site-packages/airflow/example_dags/example_kubernetes_executor.py
[2025-10-08T00:51:07.316+0000] {processor.py:753} INFO - DAG(s) dict_keys(['example_kubernetes_executor']) retrieved from /home/airflow/.local/lib/python3.7/site-packages/airflow/example_dags/example_kubernetes_executor.py
[2025-10-08T00:51:07.340+0000] {logging_mixin.py:137} INFO - [2025-10-08T00:51:07.340+0000] {dag.py:2690} INFO - Sync 1 DAGs
[2025-10-08T00:51:07.355+0000] {logging_mixin.py:137} INFO - [2025-10-08T00:51:07.355+0000] {dag.py:3441} INFO - Setting next_dagrun for example_kubernetes_executor to None, run_after=None
[2025-10-08T00:51:07.366+0000] {processor.py:175} INFO - Processing /home/airflow/.local/lib/python3.7/site-packages/airflow/example_dags/example_kubernetes_executor.py took 0.086 seconds
[2025-10-08T00:51:38.314+0000] {processor.py:153} INFO - Started process (PID=326) to work on /home/airflow/.local/lib/python3.7/site-packages/airflow/example_dags/example_kubernetes_executor.py
[2025-10-08T00:51:38.318+0000] {processor.py:743} INFO - Processing file /home/airflow/.local/lib/python3.7/site-packages/airflow/example_dags/example_kubernetes_executor.py for tasks to queue
[2025-10-08T00:51:38.319+0000] {logging_mixin.py:137} INFO - [2025-10-08T00:51:38.319+0000] {dagbag.py:538} INFO - Filling up the DagBag from /home/airflow/.local/lib/python3.7/site-packages/airflow/example_dags/example_kubernetes_executor.py
[2025-10-08T00:51:38.334+0000] {processor.py:753} INFO - DAG(s) dict_keys(['example_kubernetes_executor']) retrieved from /home/airflow/.local/lib/python3.7/site-packages/airflow/example_dags/example_kubernetes_executor.py
[2025-10-08T00:51:38.355+0000] {logging_mixin.py:137} INFO - [2025-10-08T00:51:38.355+0000] {dag.py:2690} INFO - Sync 1 DAGs
[2025-10-08T00:51:38.369+0000] {logging_mixin.py:137} INFO - [2025-10-08T00:51:38.369+0000] {dag.py:3441} INFO - Setting next_dagrun for example_kubernetes_executor to None, run_after=None
[2025-10-08T00:51:38.379+0000] {processor.py:175} INFO - Processing /home/airflow/.local/lib/python3.7/site-packages/airflow/example_dags/example_kubernetes_executor.py took 0.066 seconds
[2025-10-08T00:52:09.221+0000] {processor.py:153} INFO - Started process (PID=420) to work on /home/airflow/.local/lib/python3.7/site-packages/airflow/example_dags/example_kubernetes_executor.py
[2025-10-08T00:52:09.222+0000] {processor.py:743} INFO - Processing file /home/airflow/.local/lib/python3.7/site-packages/airflow/example_dags/example_kubernetes_executor.py for tasks to queue
[2025-10-08T00:52:09.223+0000] {logging_mixin.py:137} INFO - [2025-10-08T00:52:09.223+0000] {dagbag.py:538} INFO - Filling up the DagBag from /home/airflow/.local/lib/python3.7/site-packages/airflow/example_dags/example_kubernetes_executor.py
[2025-10-08T00:52:09.242+0000] {processor.py:753} INFO - DAG(s) dict_keys(['example_kubernetes_executor']) retrieved from /home/airflow/.local/lib/python3.7/site-packages/airflow/example_dags/example_kubernetes_executor.py
[2025-10-08T00:52:09.261+0000] {logging_mixin.py:137} INFO - [2025-10-08T00:52:09.261+0000] {dag.py:2690} INFO - Sync 1 DAGs
[2025-10-08T00:52:09.274+0000] {logging_mixin.py:137} INFO - [2025-10-08T00:52:09.274+0000] {dag.py:3441} INFO - Setting next_dagrun for example_kubernetes_executor to None, run_after=None
[2025-10-08T00:52:09.286+0000] {processor.py:175} INFO - Processing /home/airflow/.local/lib/python3.7/site-packages/airflow/example_dags/example_kubernetes_executor.py took 0.066 seconds
[2025-10-08T00:52:40.232+0000] {processor.py:153} INFO - Started process (PID=515) to work on /home/airflow/.local/lib/python3.7/site-packages/airflow/example_dags/example_kubernetes_executor.py
[2025-10-08T00:52:40.233+0000] {processor.py:743} INFO - Processing file /home/airflow/.local/lib/python3.7/site-packages/airflow/example_dags/example_kubernetes_executor.py for tasks to queue
[2025-10-08T00:52:40.233+0000] {logging_mixin.py:137} INFO - [2025-10-08T00:52:40.233+0000] {dagbag.py:538} INFO - Filling up the DagBag from /home/airflow/.local/lib/python3.7/site-packages/airflow/example_dags/example_kubernetes_executor.py
[2025-10-08T00:52:40.249+0000] {processor.py:753} INFO - DAG(s) dict_keys(['example_kubernetes_executor']) retrieved from /home/airflow/.local/lib/python3.7/site-packages/airflow/example_dags/example_kubernetes_executor.py
[2025-10-08T00:52:40.273+0000] {logging_mixin.py:137} INFO - [2025-10-08T00:52:40.273+0000] {dag.py:2690} INFO - Sync 1 DAGs
[2025-10-08T00:52:40.286+0000] {logging_mixin.py:137} INFO - [2025-10-08T00:52:40.286+0000] {dag.py:3441} INFO - Setting next_dagrun for example_kubernetes_executor to None, run_after=None
[2025-10-08T00:52:40.299+0000] {processor.py:175} INFO - Processing /home/airflow/.local/lib/python3.7/site-packages/airflow/example_dags/example_kubernetes_executor.py took 0.069 seconds
[2025-10-08T00:54:15.607+0000] {processor.py:153} INFO - Started process (PID=121) to work on /home/airflow/.local/lib/python3.7/site-packages/airflow/example_dags/example_kubernetes_executor.py
[2025-10-08T00:54:15.609+0000] {processor.py:743} INFO - Processing file /home/airflow/.local/lib/python3.7/site-packages/airflow/example_dags/example_kubernetes_executor.py for tasks to queue
[2025-10-08T00:54:15.611+0000] {logging_mixin.py:137} INFO - [2025-10-08T00:54:15.611+0000] {dagbag.py:538} INFO - Filling up the DagBag from /home/airflow/.local/lib/python3.7/site-packages/airflow/example_dags/example_kubernetes_executor.py
[2025-10-08T00:54:15.632+0000] {processor.py:753} INFO - DAG(s) dict_keys(['example_kubernetes_executor']) retrieved from /home/airflow/.local/lib/python3.7/site-packages/airflow/example_dags/example_kubernetes_executor.py
[2025-10-08T00:54:15.664+0000] {logging_mixin.py:137} INFO - [2025-10-08T00:54:15.663+0000] {dag.py:2690} INFO - Sync 1 DAGs
[2025-10-08T00:54:15.685+0000] {logging_mixin.py:137} INFO - [2025-10-08T00:54:15.685+0000] {dag.py:3441} INFO - Setting next_dagrun for example_kubernetes_executor to None, run_after=None
[2025-10-08T00:54:15.704+0000] {processor.py:175} INFO - Processing /home/airflow/.local/lib/python3.7/site-packages/airflow/example_dags/example_kubernetes_executor.py took 0.100 seconds
[2025-10-08T00:54:46.032+0000] {processor.py:153} INFO - Started process (PID=198) to work on /home/airflow/.local/lib/python3.7/site-packages/airflow/example_dags/example_kubernetes_executor.py
[2025-10-08T00:54:46.033+0000] {processor.py:743} INFO - Processing file /home/airflow/.local/lib/python3.7/site-packages/airflow/example_dags/example_kubernetes_executor.py for tasks to queue
[2025-10-08T00:54:46.034+0000] {logging_mixin.py:137} INFO - [2025-10-08T00:54:46.034+0000] {dagbag.py:538} INFO - Filling up the DagBag from /home/airflow/.local/lib/python3.7/site-packages/airflow/example_dags/example_kubernetes_executor.py
[2025-10-08T00:54:46.054+0000] {processor.py:753} INFO - DAG(s) dict_keys(['example_kubernetes_executor']) retrieved from /home/airflow/.local/lib/python3.7/site-packages/airflow/example_dags/example_kubernetes_executor.py
[2025-10-08T00:54:46.075+0000] {logging_mixin.py:137} INFO - [2025-10-08T00:54:46.075+0000] {dag.py:2690} INFO - Sync 1 DAGs
[2025-10-08T00:54:46.101+0000] {logging_mixin.py:137} INFO - [2025-10-08T00:54:46.101+0000] {dag.py:3441} INFO - Setting next_dagrun for example_kubernetes_executor to None, run_after=None
[2025-10-08T00:54:46.119+0000] {processor.py:175} INFO - Processing /home/airflow/.local/lib/python3.7/site-packages/airflow/example_dags/example_kubernetes_executor.py took 0.090 seconds
[2025-10-08T00:55:16.862+0000] {processor.py:153} INFO - Started process (PID=291) to work on /home/airflow/.local/lib/python3.7/site-packages/airflow/example_dags/example_kubernetes_executor.py
[2025-10-08T00:55:16.863+0000] {processor.py:743} INFO - Processing file /home/airflow/.local/lib/python3.7/site-packages/airflow/example_dags/example_kubernetes_executor.py for tasks to queue
[2025-10-08T00:55:16.864+0000] {logging_mixin.py:137} INFO - [2025-10-08T00:55:16.864+0000] {dagbag.py:538} INFO - Filling up the DagBag from /home/airflow/.local/lib/python3.7/site-packages/airflow/example_dags/example_kubernetes_executor.py
[2025-10-08T00:55:16.880+0000] {processor.py:753} INFO - DAG(s) dict_keys(['example_kubernetes_executor']) retrieved from /home/airflow/.local/lib/python3.7/site-packages/airflow/example_dags/example_kubernetes_executor.py
[2025-10-08T00:55:16.899+0000] {logging_mixin.py:137} INFO - [2025-10-08T00:55:16.899+0000] {dag.py:2690} INFO - Sync 1 DAGs
[2025-10-08T00:55:16.913+0000] {logging_mixin.py:137} INFO - [2025-10-08T00:55:16.913+0000] {dag.py:3441} INFO - Setting next_dagrun for example_kubernetes_executor to None, run_after=None
[2025-10-08T00:55:16.924+0000] {processor.py:175} INFO - Processing /home/airflow/.local/lib/python3.7/site-packages/airflow/example_dags/example_kubernetes_executor.py took 0.064 seconds
[2025-10-08T00:55:47.690+0000] {processor.py:153} INFO - Started process (PID=386) to work on /home/airflow/.local/lib/python3.7/site-packages/airflow/example_dags/example_kubernetes_executor.py
[2025-10-08T00:55:47.691+0000] {processor.py:743} INFO - Processing file /home/airflow/.local/lib/python3.7/site-packages/airflow/example_dags/example_kubernetes_executor.py for tasks to queue
[2025-10-08T00:55:47.692+0000] {logging_mixin.py:137} INFO - [2025-10-08T00:55:47.692+0000] {dagbag.py:538} INFO - Filling up the DagBag from /home/airflow/.local/lib/python3.7/site-packages/airflow/example_dags/example_kubernetes_executor.py
[2025-10-08T00:55:47.709+0000] {processor.py:753} INFO - DAG(s) dict_keys(['example_kubernetes_executor']) retrieved from /home/airflow/.local/lib/python3.7/site-packages/airflow/example_dags/example_kubernetes_executor.py
[2025-10-08T00:55:47.727+0000] {logging_mixin.py:137} INFO - [2025-10-08T00:55:47.727+0000] {dag.py:2690} INFO - Sync 1 DAGs
[2025-10-08T00:55:47.743+0000] {logging_mixin.py:137} INFO - [2025-10-08T00:55:47.743+0000] {dag.py:3441} INFO - Setting next_dagrun for example_kubernetes_executor to None, run_after=None
[2025-10-08T00:55:47.755+0000] {processor.py:175} INFO - Processing /home/airflow/.local/lib/python3.7/site-packages/airflow/example_dags/example_kubernetes_executor.py took 0.067 seconds
[2025-10-08T00:56:18.670+0000] {processor.py:153} INFO - Started process (PID=481) to work on /home/airflow/.local/lib/python3.7/site-packages/airflow/example_dags/example_kubernetes_executor.py
[2025-10-08T00:56:18.671+0000] {processor.py:743} INFO - Processing file /home/airflow/.local/lib/python3.7/site-packages/airflow/example_dags/example_kubernetes_executor.py for tasks to queue
[2025-10-08T00:56:18.671+0000] {logging_mixin.py:137} INFO - [2025-10-08T00:56:18.671+0000] {dagbag.py:538} INFO - Filling up the DagBag from /home/airflow/.local/lib/python3.7/site-packages/airflow/example_dags/example_kubernetes_executor.py
[2025-10-08T00:56:18.687+0000] {processor.py:753} INFO - DAG(s) dict_keys(['example_kubernetes_executor']) retrieved from /home/airflow/.local/lib/python3.7/site-packages/airflow/example_dags/example_kubernetes_executor.py
[2025-10-08T00:56:18.707+0000] {logging_mixin.py:137} INFO - [2025-10-08T00:56:18.706+0000] {dag.py:2690} INFO - Sync 1 DAGs
[2025-10-08T00:56:18.720+0000] {logging_mixin.py:137} INFO - [2025-10-08T00:56:18.720+0000] {dag.py:3441} INFO - Setting next_dagrun for example_kubernetes_executor to None, run_after=None
[2025-10-08T00:56:18.730+0000] {processor.py:175} INFO - Processing /home/airflow/.local/lib/python3.7/site-packages/airflow/example_dags/example_kubernetes_executor.py took 0.063 seconds
[2025-10-08T00:56:49.451+0000] {processor.py:153} INFO - Started process (PID=558) to work on /home/airflow/.local/lib/python3.7/site-packages/airflow/example_dags/example_kubernetes_executor.py
[2025-10-08T00:56:49.452+0000] {processor.py:743} INFO - Processing file /home/airflow/.local/lib/python3.7/site-packages/airflow/example_dags/example_kubernetes_executor.py for tasks to queue
[2025-10-08T00:56:49.453+0000] {logging_mixin.py:137} INFO - [2025-10-08T00:56:49.453+0000] {dagbag.py:538} INFO - Filling up the DagBag from /home/airflow/.local/lib/python3.7/site-packages/airflow/example_dags/example_kubernetes_executor.py
[2025-10-08T00:56:49.469+0000] {processor.py:753} INFO - DAG(s) dict_keys(['example_kubernetes_executor']) retrieved from /home/airflow/.local/lib/python3.7/site-packages/airflow/example_dags/example_kubernetes_executor.py
[2025-10-08T00:56:49.486+0000] {logging_mixin.py:137} INFO - [2025-10-08T00:56:49.486+0000] {dag.py:2690} INFO - Sync 1 DAGs
[2025-10-08T00:56:49.500+0000] {logging_mixin.py:137} INFO - [2025-10-08T00:56:49.499+0000] {dag.py:3441} INFO - Setting next_dagrun for example_kubernetes_executor to None, run_after=None
[2025-10-08T00:56:49.511+0000] {processor.py:175} INFO - Processing /home/airflow/.local/lib/python3.7/site-packages/airflow/example_dags/example_kubernetes_executor.py took 0.062 seconds
[2025-10-08T00:57:19.574+0000] {processor.py:153} INFO - Started process (PID=653) to work on /home/airflow/.local/lib/python3.7/site-packages/airflow/example_dags/example_kubernetes_executor.py
[2025-10-08T00:57:19.577+0000] {processor.py:743} INFO - Processing file /home/airflow/.local/lib/python3.7/site-packages/airflow/example_dags/example_kubernetes_executor.py for tasks to queue
[2025-10-08T00:57:19.577+0000] {logging_mixin.py:137} INFO - [2025-10-08T00:57:19.577+0000] {dagbag.py:538} INFO - Filling up the DagBag from /home/airflow/.local/lib/python3.7/site-packages/airflow/example_dags/example_kubernetes_executor.py
[2025-10-08T00:57:19.595+0000] {processor.py:753} INFO - DAG(s) dict_keys(['example_kubernetes_executor']) retrieved from /home/airflow/.local/lib/python3.7/site-packages/airflow/example_dags/example_kubernetes_executor.py
[2025-10-08T00:57:19.612+0000] {logging_mixin.py:137} INFO - [2025-10-08T00:57:19.612+0000] {dag.py:2690} INFO - Sync 1 DAGs
[2025-10-08T00:57:19.624+0000] {logging_mixin.py:137} INFO - [2025-10-08T00:57:19.624+0000] {dag.py:3441} INFO - Setting next_dagrun for example_kubernetes_executor to None, run_after=None
[2025-10-08T00:57:19.643+0000] {processor.py:175} INFO - Processing /home/airflow/.local/lib/python3.7/site-packages/airflow/example_dags/example_kubernetes_executor.py took 0.070 seconds
[2025-10-08T00:57:50.546+0000] {processor.py:153} INFO - Started process (PID=748) to work on /home/airflow/.local/lib/python3.7/site-packages/airflow/example_dags/example_kubernetes_executor.py
[2025-10-08T00:57:50.547+0000] {processor.py:743} INFO - Processing file /home/airflow/.local/lib/python3.7/site-packages/airflow/example_dags/example_kubernetes_executor.py for tasks to queue
[2025-10-08T00:57:50.547+0000] {logging_mixin.py:137} INFO - [2025-10-08T00:57:50.547+0000] {dagbag.py:538} INFO - Filling up the DagBag from /home/airflow/.local/lib/python3.7/site-packages/airflow/example_dags/example_kubernetes_executor.py
[2025-10-08T00:57:50.566+0000] {processor.py:753} INFO - DAG(s) dict_keys(['example_kubernetes_executor']) retrieved from /home/airflow/.local/lib/python3.7/site-packages/airflow/example_dags/example_kubernetes_executor.py
[2025-10-08T00:57:50.584+0000] {logging_mixin.py:137} INFO - [2025-10-08T00:57:50.584+0000] {dag.py:2690} INFO - Sync 1 DAGs
[2025-10-08T00:57:50.598+0000] {logging_mixin.py:137} INFO - [2025-10-08T00:57:50.598+0000] {dag.py:3441} INFO - Setting next_dagrun for example_kubernetes_executor to None, run_after=None
[2025-10-08T00:57:50.609+0000] {processor.py:175} INFO - Processing /home/airflow/.local/lib/python3.7/site-packages/airflow/example_dags/example_kubernetes_executor.py took 0.064 seconds
[2025-10-08T00:58:21.438+0000] {processor.py:153} INFO - Started process (PID=825) to work on /home/airflow/.local/lib/python3.7/site-packages/airflow/example_dags/example_kubernetes_executor.py
[2025-10-08T00:58:21.438+0000] {processor.py:743} INFO - Processing file /home/airflow/.local/lib/python3.7/site-packages/airflow/example_dags/example_kubernetes_executor.py for tasks to queue
[2025-10-08T00:58:21.439+0000] {logging_mixin.py:137} INFO - [2025-10-08T00:58:21.439+0000] {dagbag.py:538} INFO - Filling up the DagBag from /home/airflow/.local/lib/python3.7/site-packages/airflow/example_dags/example_kubernetes_executor.py
[2025-10-08T00:58:21.457+0000] {processor.py:753} INFO - DAG(s) dict_keys(['example_kubernetes_executor']) retrieved from /home/airflow/.local/lib/python3.7/site-packages/airflow/example_dags/example_kubernetes_executor.py
[2025-10-08T00:58:21.475+0000] {logging_mixin.py:137} INFO - [2025-10-08T00:58:21.475+0000] {dag.py:2690} INFO - Sync 1 DAGs
[2025-10-08T00:58:21.489+0000] {logging_mixin.py:137} INFO - [2025-10-08T00:58:21.489+0000] {dag.py:3441} INFO - Setting next_dagrun for example_kubernetes_executor to None, run_after=None
[2025-10-08T00:58:21.506+0000] {processor.py:175} INFO - Processing /home/airflow/.local/lib/python3.7/site-packages/airflow/example_dags/example_kubernetes_executor.py took 0.070 seconds
[2025-10-08T00:58:52.455+0000] {processor.py:153} INFO - Started process (PID=920) to work on /home/airflow/.local/lib/python3.7/site-packages/airflow/example_dags/example_kubernetes_executor.py
[2025-10-08T00:58:52.457+0000] {processor.py:743} INFO - Processing file /home/airflow/.local/lib/python3.7/site-packages/airflow/example_dags/example_kubernetes_executor.py for tasks to queue
[2025-10-08T00:58:52.458+0000] {logging_mixin.py:137} INFO - [2025-10-08T00:58:52.458+0000] {dagbag.py:538} INFO - Filling up the DagBag from /home/airflow/.local/lib/python3.7/site-packages/airflow/example_dags/example_kubernetes_executor.py
[2025-10-08T00:58:52.475+0000] {processor.py:753} INFO - DAG(s) dict_keys(['example_kubernetes_executor']) retrieved from /home/airflow/.local/lib/python3.7/site-packages/airflow/example_dags/example_kubernetes_executor.py
[2025-10-08T00:58:52.499+0000] {logging_mixin.py:137} INFO - [2025-10-08T00:58:52.499+0000] {dag.py:2690} INFO - Sync 1 DAGs
[2025-10-08T00:58:52.516+0000] {logging_mixin.py:137} INFO - [2025-10-08T00:58:52.516+0000] {dag.py:3441} INFO - Setting next_dagrun for example_kubernetes_executor to None, run_after=None
[2025-10-08T00:58:52.529+0000] {processor.py:175} INFO - Processing /home/airflow/.local/lib/python3.7/site-packages/airflow/example_dags/example_kubernetes_executor.py took 0.076 seconds
[2025-10-08T00:59:22.567+0000] {processor.py:153} INFO - Started process (PID=1015) to work on /home/airflow/.local/lib/python3.7/site-packages/airflow/example_dags/example_kubernetes_executor.py
[2025-10-08T00:59:22.568+0000] {processor.py:743} INFO - Processing file /home/airflow/.local/lib/python3.7/site-packages/airflow/example_dags/example_kubernetes_executor.py for tasks to queue
[2025-10-08T00:59:22.568+0000] {logging_mixin.py:137} INFO - [2025-10-08T00:59:22.568+0000] {dagbag.py:538} INFO - Filling up the DagBag from /home/airflow/.local/lib/python3.7/site-packages/airflow/example_dags/example_kubernetes_executor.py
[2025-10-08T00:59:22.585+0000] {processor.py:753} INFO - DAG(s) dict_keys(['example_kubernetes_executor']) retrieved from /home/airflow/.local/lib/python3.7/site-packages/airflow/example_dags/example_kubernetes_executor.py
[2025-10-08T00:59:22.601+0000] {logging_mixin.py:137} INFO - [2025-10-08T00:59:22.601+0000] {dag.py:2690} INFO - Sync 1 DAGs
[2025-10-08T00:59:22.615+0000] {logging_mixin.py:137} INFO - [2025-10-08T00:59:22.615+0000] {dag.py:3441} INFO - Setting next_dagrun for example_kubernetes_executor to None, run_after=None
[2025-10-08T00:59:22.627+0000] {processor.py:175} INFO - Processing /home/airflow/.local/lib/python3.7/site-packages/airflow/example_dags/example_kubernetes_executor.py took 0.062 seconds
[2025-10-08T00:59:53.448+0000] {processor.py:153} INFO - Started process (PID=1110) to work on /home/airflow/.local/lib/python3.7/site-packages/airflow/example_dags/example_kubernetes_executor.py
[2025-10-08T00:59:53.448+0000] {processor.py:743} INFO - Processing file /home/airflow/.local/lib/python3.7/site-packages/airflow/example_dags/example_kubernetes_executor.py for tasks to queue
[2025-10-08T00:59:53.449+0000] {logging_mixin.py:137} INFO - [2025-10-08T00:59:53.449+0000] {dagbag.py:538} INFO - Filling up the DagBag from /home/airflow/.local/lib/python3.7/site-packages/airflow/example_dags/example_kubernetes_executor.py
[2025-10-08T00:59:53.466+0000] {processor.py:753} INFO - DAG(s) dict_keys(['example_kubernetes_executor']) retrieved from /home/airflow/.local/lib/python3.7/site-packages/airflow/example_dags/example_kubernetes_executor.py
[2025-10-08T00:59:53.484+0000] {logging_mixin.py:137} INFO - [2025-10-08T00:59:53.484+0000] {dag.py:2690} INFO - Sync 1 DAGs
[2025-10-08T00:59:53.498+0000] {logging_mixin.py:137} INFO - [2025-10-08T00:59:53.498+0000] {dag.py:3441} INFO - Setting next_dagrun for example_kubernetes_executor to None, run_after=None
[2025-10-08T00:59:53.511+0000] {processor.py:175} INFO - Processing /home/airflow/.local/lib/python3.7/site-packages/airflow/example_dags/example_kubernetes_executor.py took 0.066 seconds
[2025-10-08T01:00:24.242+0000] {processor.py:153} INFO - Started process (PID=1187) to work on /home/airflow/.local/lib/python3.7/site-packages/airflow/example_dags/example_kubernetes_executor.py
[2025-10-08T01:00:24.243+0000] {processor.py:743} INFO - Processing file /home/airflow/.local/lib/python3.7/site-packages/airflow/example_dags/example_kubernetes_executor.py for tasks to queue
[2025-10-08T01:00:24.243+0000] {logging_mixin.py:137} INFO - [2025-10-08T01:00:24.243+0000] {dagbag.py:538} INFO - Filling up the DagBag from /home/airflow/.local/lib/python3.7/site-packages/airflow/example_dags/example_kubernetes_executor.py
[2025-10-08T01:00:24.258+0000] {processor.py:753} INFO - DAG(s) dict_keys(['example_kubernetes_executor']) retrieved from /home/airflow/.local/lib/python3.7/site-packages/airflow/example_dags/example_kubernetes_executor.py
[2025-10-08T01:00:24.274+0000] {logging_mixin.py:137} INFO - [2025-10-08T01:00:24.274+0000] {dag.py:2690} INFO - Sync 1 DAGs
[2025-10-08T01:00:24.287+0000] {logging_mixin.py:137} INFO - [2025-10-08T01:00:24.287+0000] {dag.py:3441} INFO - Setting next_dagrun for example_kubernetes_executor to None, run_after=None
[2025-10-08T01:00:24.298+0000] {processor.py:175} INFO - Processing /home/airflow/.local/lib/python3.7/site-packages/airflow/example_dags/example_kubernetes_executor.py took 0.058 seconds
[2025-10-08T01:00:55.167+0000] {processor.py:153} INFO - Started process (PID=1282) to work on /home/airflow/.local/lib/python3.7/site-packages/airflow/example_dags/example_kubernetes_executor.py
[2025-10-08T01:00:55.167+0000] {processor.py:743} INFO - Processing file /home/airflow/.local/lib/python3.7/site-packages/airflow/example_dags/example_kubernetes_executor.py for tasks to queue
[2025-10-08T01:00:55.168+0000] {logging_mixin.py:137} INFO - [2025-10-08T01:00:55.168+0000] {dagbag.py:538} INFO - Filling up the DagBag from /home/airflow/.local/lib/python3.7/site-packages/airflow/example_dags/example_kubernetes_executor.py
[2025-10-08T01:00:55.184+0000] {processor.py:753} INFO - DAG(s) dict_keys(['example_kubernetes_executor']) retrieved from /home/airflow/.local/lib/python3.7/site-packages/airflow/example_dags/example_kubernetes_executor.py
[2025-10-08T01:00:55.202+0000] {logging_mixin.py:137} INFO - [2025-10-08T01:00:55.201+0000] {dag.py:2690} INFO - Sync 1 DAGs
[2025-10-08T01:00:55.215+0000] {logging_mixin.py:137} INFO - [2025-10-08T01:00:55.215+0000] {dag.py:3441} INFO - Setting next_dagrun for example_kubernetes_executor to None, run_after=None
[2025-10-08T01:00:55.227+0000] {processor.py:175} INFO - Processing /home/airflow/.local/lib/python3.7/site-packages/airflow/example_dags/example_kubernetes_executor.py took 0.063 seconds
[2025-10-08T01:01:25.937+0000] {processor.py:153} INFO - Started process (PID=1377) to work on /home/airflow/.local/lib/python3.7/site-packages/airflow/example_dags/example_kubernetes_executor.py
[2025-10-08T01:01:25.938+0000] {processor.py:743} INFO - Processing file /home/airflow/.local/lib/python3.7/site-packages/airflow/example_dags/example_kubernetes_executor.py for tasks to queue
[2025-10-08T01:01:25.938+0000] {logging_mixin.py:137} INFO - [2025-10-08T01:01:25.938+0000] {dagbag.py:538} INFO - Filling up the DagBag from /home/airflow/.local/lib/python3.7/site-packages/airflow/example_dags/example_kubernetes_executor.py
[2025-10-08T01:01:25.954+0000] {processor.py:753} INFO - DAG(s) dict_keys(['example_kubernetes_executor']) retrieved from /home/airflow/.local/lib/python3.7/site-packages/airflow/example_dags/example_kubernetes_executor.py
[2025-10-08T01:01:25.972+0000] {logging_mixin.py:137} INFO - [2025-10-08T01:01:25.972+0000] {dag.py:2690} INFO - Sync 1 DAGs
[2025-10-08T01:01:25.986+0000] {logging_mixin.py:137} INFO - [2025-10-08T01:01:25.986+0000] {dag.py:3441} INFO - Setting next_dagrun for example_kubernetes_executor to None, run_after=None
[2025-10-08T01:01:25.998+0000] {processor.py:175} INFO - Processing /home/airflow/.local/lib/python3.7/site-packages/airflow/example_dags/example_kubernetes_executor.py took 0.063 seconds
