[2025-10-08T00:50:04.859+0000] {processor.py:153} INFO - Started process (PID=49) to work on /home/airflow/.local/lib/python3.7/site-packages/airflow/example_dags/example_branch_operator.py
[2025-10-08T00:50:04.860+0000] {processor.py:743} INFO - Processing file /home/airflow/.local/lib/python3.7/site-packages/airflow/example_dags/example_branch_operator.py for tasks to queue
[2025-10-08T00:50:04.860+0000] {logging_mixin.py:137} INFO - [2025-10-08T00:50:04.860+0000] {dagbag.py:538} INFO - Filling up the DagBag from /home/airflow/.local/lib/python3.7/site-packages/airflow/example_dags/example_branch_operator.py
[2025-10-08T00:50:04.872+0000] {processor.py:753} INFO - DAG(s) dict_keys(['example_branch_operator']) retrieved from /home/airflow/.local/lib/python3.7/site-packages/airflow/example_dags/example_branch_operator.py
[2025-10-08T00:50:04.883+0000] {logging_mixin.py:137} INFO - [2025-10-08T00:50:04.882+0000] {dag.py:2690} INFO - Sync 1 DAGs
[2025-10-08T00:50:04.901+0000] {logging_mixin.py:137} INFO - [2025-10-08T00:50:04.901+0000] {dag.py:3441} INFO - Setting next_dagrun for example_branch_operator to 2025-10-07T00:00:00+00:00, run_after=2025-10-08T00:00:00+00:00
[2025-10-08T00:50:04.915+0000] {processor.py:175} INFO - Processing /home/airflow/.local/lib/python3.7/site-packages/airflow/example_dags/example_branch_operator.py took 0.058 seconds
[2025-10-08T00:50:35.332+0000] {processor.py:153} INFO - Started process (PID=142) to work on /home/airflow/.local/lib/python3.7/site-packages/airflow/example_dags/example_branch_operator.py
[2025-10-08T00:50:35.333+0000] {processor.py:743} INFO - Processing file /home/airflow/.local/lib/python3.7/site-packages/airflow/example_dags/example_branch_operator.py for tasks to queue
[2025-10-08T00:50:35.333+0000] {logging_mixin.py:137} INFO - [2025-10-08T00:50:35.333+0000] {dagbag.py:538} INFO - Filling up the DagBag from /home/airflow/.local/lib/python3.7/site-packages/airflow/example_dags/example_branch_operator.py
[2025-10-08T00:50:35.345+0000] {processor.py:753} INFO - DAG(s) dict_keys(['example_branch_operator']) retrieved from /home/airflow/.local/lib/python3.7/site-packages/airflow/example_dags/example_branch_operator.py
[2025-10-08T00:50:35.362+0000] {logging_mixin.py:137} INFO - [2025-10-08T00:50:35.362+0000] {dag.py:2690} INFO - Sync 1 DAGs
[2025-10-08T00:50:35.377+0000] {logging_mixin.py:137} INFO - [2025-10-08T00:50:35.377+0000] {dag.py:3441} INFO - Setting next_dagrun for example_branch_operator to 2025-10-07T00:00:00+00:00, run_after=2025-10-08T00:00:00+00:00
[2025-10-08T00:50:35.392+0000] {processor.py:175} INFO - Processing /home/airflow/.local/lib/python3.7/site-packages/airflow/example_dags/example_branch_operator.py took 0.062 seconds
[2025-10-08T00:51:05.494+0000] {processor.py:153} INFO - Started process (PID=219) to work on /home/airflow/.local/lib/python3.7/site-packages/airflow/example_dags/example_branch_operator.py
[2025-10-08T00:51:05.494+0000] {processor.py:743} INFO - Processing file /home/airflow/.local/lib/python3.7/site-packages/airflow/example_dags/example_branch_operator.py for tasks to queue
[2025-10-08T00:51:05.495+0000] {logging_mixin.py:137} INFO - [2025-10-08T00:51:05.494+0000] {dagbag.py:538} INFO - Filling up the DagBag from /home/airflow/.local/lib/python3.7/site-packages/airflow/example_dags/example_branch_operator.py
[2025-10-08T00:51:05.504+0000] {processor.py:753} INFO - DAG(s) dict_keys(['example_branch_operator']) retrieved from /home/airflow/.local/lib/python3.7/site-packages/airflow/example_dags/example_branch_operator.py
[2025-10-08T00:51:05.529+0000] {logging_mixin.py:137} INFO - [2025-10-08T00:51:05.528+0000] {dag.py:2690} INFO - Sync 1 DAGs
[2025-10-08T00:51:05.546+0000] {logging_mixin.py:137} INFO - [2025-10-08T00:51:05.545+0000] {dag.py:3441} INFO - Setting next_dagrun for example_branch_operator to 2025-10-07T00:00:00+00:00, run_after=2025-10-08T00:00:00+00:00
[2025-10-08T00:51:05.560+0000] {processor.py:175} INFO - Processing /home/airflow/.local/lib/python3.7/site-packages/airflow/example_dags/example_branch_operator.py took 0.068 seconds
[2025-10-08T00:51:35.729+0000] {processor.py:153} INFO - Started process (PID=314) to work on /home/airflow/.local/lib/python3.7/site-packages/airflow/example_dags/example_branch_operator.py
[2025-10-08T00:51:35.729+0000] {processor.py:743} INFO - Processing file /home/airflow/.local/lib/python3.7/site-packages/airflow/example_dags/example_branch_operator.py for tasks to queue
[2025-10-08T00:51:35.730+0000] {logging_mixin.py:137} INFO - [2025-10-08T00:51:35.730+0000] {dagbag.py:538} INFO - Filling up the DagBag from /home/airflow/.local/lib/python3.7/site-packages/airflow/example_dags/example_branch_operator.py
[2025-10-08T00:51:35.739+0000] {processor.py:753} INFO - DAG(s) dict_keys(['example_branch_operator']) retrieved from /home/airflow/.local/lib/python3.7/site-packages/airflow/example_dags/example_branch_operator.py
[2025-10-08T00:51:35.754+0000] {logging_mixin.py:137} INFO - [2025-10-08T00:51:35.754+0000] {dag.py:2690} INFO - Sync 1 DAGs
[2025-10-08T00:51:35.772+0000] {logging_mixin.py:137} INFO - [2025-10-08T00:51:35.772+0000] {dag.py:3441} INFO - Setting next_dagrun for example_branch_operator to 2025-10-07T00:00:00+00:00, run_after=2025-10-08T00:00:00+00:00
[2025-10-08T00:51:35.785+0000] {processor.py:175} INFO - Processing /home/airflow/.local/lib/python3.7/site-packages/airflow/example_dags/example_branch_operator.py took 0.058 seconds
[2025-10-08T00:52:06.694+0000] {processor.py:153} INFO - Started process (PID=408) to work on /home/airflow/.local/lib/python3.7/site-packages/airflow/example_dags/example_branch_operator.py
[2025-10-08T00:52:06.695+0000] {processor.py:743} INFO - Processing file /home/airflow/.local/lib/python3.7/site-packages/airflow/example_dags/example_branch_operator.py for tasks to queue
[2025-10-08T00:52:06.698+0000] {logging_mixin.py:137} INFO - [2025-10-08T00:52:06.698+0000] {dagbag.py:538} INFO - Filling up the DagBag from /home/airflow/.local/lib/python3.7/site-packages/airflow/example_dags/example_branch_operator.py
[2025-10-08T00:52:06.707+0000] {processor.py:753} INFO - DAG(s) dict_keys(['example_branch_operator']) retrieved from /home/airflow/.local/lib/python3.7/site-packages/airflow/example_dags/example_branch_operator.py
[2025-10-08T00:52:06.726+0000] {logging_mixin.py:137} INFO - [2025-10-08T00:52:06.726+0000] {dag.py:2690} INFO - Sync 1 DAGs
[2025-10-08T00:52:06.741+0000] {logging_mixin.py:137} INFO - [2025-10-08T00:52:06.741+0000] {dag.py:3441} INFO - Setting next_dagrun for example_branch_operator to 2025-10-07T00:00:00+00:00, run_after=2025-10-08T00:00:00+00:00
[2025-10-08T00:52:06.753+0000] {processor.py:175} INFO - Processing /home/airflow/.local/lib/python3.7/site-packages/airflow/example_dags/example_branch_operator.py took 0.061 seconds
[2025-10-08T00:52:37.651+0000] {processor.py:153} INFO - Started process (PID=503) to work on /home/airflow/.local/lib/python3.7/site-packages/airflow/example_dags/example_branch_operator.py
[2025-10-08T00:52:37.652+0000] {processor.py:743} INFO - Processing file /home/airflow/.local/lib/python3.7/site-packages/airflow/example_dags/example_branch_operator.py for tasks to queue
[2025-10-08T00:52:37.652+0000] {logging_mixin.py:137} INFO - [2025-10-08T00:52:37.652+0000] {dagbag.py:538} INFO - Filling up the DagBag from /home/airflow/.local/lib/python3.7/site-packages/airflow/example_dags/example_branch_operator.py
[2025-10-08T00:52:37.663+0000] {processor.py:753} INFO - DAG(s) dict_keys(['example_branch_operator']) retrieved from /home/airflow/.local/lib/python3.7/site-packages/airflow/example_dags/example_branch_operator.py
[2025-10-08T00:52:37.677+0000] {logging_mixin.py:137} INFO - [2025-10-08T00:52:37.677+0000] {dag.py:2690} INFO - Sync 1 DAGs
[2025-10-08T00:52:37.690+0000] {logging_mixin.py:137} INFO - [2025-10-08T00:52:37.690+0000] {dag.py:3441} INFO - Setting next_dagrun for example_branch_operator to 2025-10-07T00:00:00+00:00, run_after=2025-10-08T00:00:00+00:00
[2025-10-08T00:52:37.704+0000] {processor.py:175} INFO - Processing /home/airflow/.local/lib/python3.7/site-packages/airflow/example_dags/example_branch_operator.py took 0.054 seconds
[2025-10-08T00:54:14.727+0000] {processor.py:153} INFO - Started process (PID=111) to work on /home/airflow/.local/lib/python3.7/site-packages/airflow/example_dags/example_branch_operator.py
[2025-10-08T00:54:14.728+0000] {processor.py:743} INFO - Processing file /home/airflow/.local/lib/python3.7/site-packages/airflow/example_dags/example_branch_operator.py for tasks to queue
[2025-10-08T00:54:14.728+0000] {logging_mixin.py:137} INFO - [2025-10-08T00:54:14.728+0000] {dagbag.py:538} INFO - Filling up the DagBag from /home/airflow/.local/lib/python3.7/site-packages/airflow/example_dags/example_branch_operator.py
[2025-10-08T00:54:14.738+0000] {processor.py:753} INFO - DAG(s) dict_keys(['example_branch_operator']) retrieved from /home/airflow/.local/lib/python3.7/site-packages/airflow/example_dags/example_branch_operator.py
[2025-10-08T00:54:14.758+0000] {logging_mixin.py:137} INFO - [2025-10-08T00:54:14.758+0000] {dag.py:2690} INFO - Sync 1 DAGs
[2025-10-08T00:54:14.776+0000] {logging_mixin.py:137} INFO - [2025-10-08T00:54:14.776+0000] {dag.py:3441} INFO - Setting next_dagrun for example_branch_operator to 2025-10-07T00:00:00+00:00, run_after=2025-10-08T00:00:00+00:00
[2025-10-08T00:54:14.790+0000] {processor.py:175} INFO - Processing /home/airflow/.local/lib/python3.7/site-packages/airflow/example_dags/example_branch_operator.py took 0.066 seconds
[2025-10-08T00:54:45.331+0000] {processor.py:153} INFO - Started process (PID=186) to work on /home/airflow/.local/lib/python3.7/site-packages/airflow/example_dags/example_branch_operator.py
[2025-10-08T00:54:45.332+0000] {processor.py:743} INFO - Processing file /home/airflow/.local/lib/python3.7/site-packages/airflow/example_dags/example_branch_operator.py for tasks to queue
[2025-10-08T00:54:45.333+0000] {logging_mixin.py:137} INFO - [2025-10-08T00:54:45.333+0000] {dagbag.py:538} INFO - Filling up the DagBag from /home/airflow/.local/lib/python3.7/site-packages/airflow/example_dags/example_branch_operator.py
[2025-10-08T00:54:45.345+0000] {processor.py:753} INFO - DAG(s) dict_keys(['example_branch_operator']) retrieved from /home/airflow/.local/lib/python3.7/site-packages/airflow/example_dags/example_branch_operator.py
[2025-10-08T00:54:45.363+0000] {logging_mixin.py:137} INFO - [2025-10-08T00:54:45.363+0000] {dag.py:2690} INFO - Sync 1 DAGs
[2025-10-08T00:54:45.382+0000] {logging_mixin.py:137} INFO - [2025-10-08T00:54:45.381+0000] {dag.py:3441} INFO - Setting next_dagrun for example_branch_operator to 2025-10-07T00:00:00+00:00, run_after=2025-10-08T00:00:00+00:00
[2025-10-08T00:54:45.396+0000] {processor.py:175} INFO - Processing /home/airflow/.local/lib/python3.7/site-packages/airflow/example_dags/example_branch_operator.py took 0.067 seconds
[2025-10-08T00:55:15.434+0000] {processor.py:153} INFO - Started process (PID=281) to work on /home/airflow/.local/lib/python3.7/site-packages/airflow/example_dags/example_branch_operator.py
[2025-10-08T00:55:15.434+0000] {processor.py:743} INFO - Processing file /home/airflow/.local/lib/python3.7/site-packages/airflow/example_dags/example_branch_operator.py for tasks to queue
[2025-10-08T00:55:15.434+0000] {logging_mixin.py:137} INFO - [2025-10-08T00:55:15.434+0000] {dagbag.py:538} INFO - Filling up the DagBag from /home/airflow/.local/lib/python3.7/site-packages/airflow/example_dags/example_branch_operator.py
[2025-10-08T00:55:15.444+0000] {processor.py:753} INFO - DAG(s) dict_keys(['example_branch_operator']) retrieved from /home/airflow/.local/lib/python3.7/site-packages/airflow/example_dags/example_branch_operator.py
[2025-10-08T00:55:15.459+0000] {logging_mixin.py:137} INFO - [2025-10-08T00:55:15.459+0000] {dag.py:2690} INFO - Sync 1 DAGs
[2025-10-08T00:55:15.471+0000] {logging_mixin.py:137} INFO - [2025-10-08T00:55:15.471+0000] {dag.py:3441} INFO - Setting next_dagrun for example_branch_operator to 2025-10-07T00:00:00+00:00, run_after=2025-10-08T00:00:00+00:00
[2025-10-08T00:55:15.481+0000] {processor.py:175} INFO - Processing /home/airflow/.local/lib/python3.7/site-packages/airflow/example_dags/example_branch_operator.py took 0.049 seconds
[2025-10-08T00:55:46.297+0000] {processor.py:153} INFO - Started process (PID=376) to work on /home/airflow/.local/lib/python3.7/site-packages/airflow/example_dags/example_branch_operator.py
[2025-10-08T00:55:46.298+0000] {processor.py:743} INFO - Processing file /home/airflow/.local/lib/python3.7/site-packages/airflow/example_dags/example_branch_operator.py for tasks to queue
[2025-10-08T00:55:46.299+0000] {logging_mixin.py:137} INFO - [2025-10-08T00:55:46.298+0000] {dagbag.py:538} INFO - Filling up the DagBag from /home/airflow/.local/lib/python3.7/site-packages/airflow/example_dags/example_branch_operator.py
[2025-10-08T00:55:46.309+0000] {processor.py:753} INFO - DAG(s) dict_keys(['example_branch_operator']) retrieved from /home/airflow/.local/lib/python3.7/site-packages/airflow/example_dags/example_branch_operator.py
[2025-10-08T00:55:46.329+0000] {logging_mixin.py:137} INFO - [2025-10-08T00:55:46.329+0000] {dag.py:2690} INFO - Sync 1 DAGs
[2025-10-08T00:55:46.344+0000] {logging_mixin.py:137} INFO - [2025-10-08T00:55:46.344+0000] {dag.py:3441} INFO - Setting next_dagrun for example_branch_operator to 2025-10-07T00:00:00+00:00, run_after=2025-10-08T00:00:00+00:00
[2025-10-08T00:55:46.356+0000] {processor.py:175} INFO - Processing /home/airflow/.local/lib/python3.7/site-packages/airflow/example_dags/example_branch_operator.py took 0.061 seconds
[2025-10-08T00:56:17.223+0000] {processor.py:153} INFO - Started process (PID=460) to work on /home/airflow/.local/lib/python3.7/site-packages/airflow/example_dags/example_branch_operator.py
[2025-10-08T00:56:17.224+0000] {processor.py:743} INFO - Processing file /home/airflow/.local/lib/python3.7/site-packages/airflow/example_dags/example_branch_operator.py for tasks to queue
[2025-10-08T00:56:17.224+0000] {logging_mixin.py:137} INFO - [2025-10-08T00:56:17.224+0000] {dagbag.py:538} INFO - Filling up the DagBag from /home/airflow/.local/lib/python3.7/site-packages/airflow/example_dags/example_branch_operator.py
[2025-10-08T00:56:17.233+0000] {processor.py:753} INFO - DAG(s) dict_keys(['example_branch_operator']) retrieved from /home/airflow/.local/lib/python3.7/site-packages/airflow/example_dags/example_branch_operator.py
[2025-10-08T00:56:17.249+0000] {logging_mixin.py:137} INFO - [2025-10-08T00:56:17.249+0000] {dag.py:2690} INFO - Sync 1 DAGs
[2025-10-08T00:56:17.264+0000] {logging_mixin.py:137} INFO - [2025-10-08T00:56:17.264+0000] {dag.py:3441} INFO - Setting next_dagrun for example_branch_operator to 2025-10-07T00:00:00+00:00, run_after=2025-10-08T00:00:00+00:00
[2025-10-08T00:56:17.287+0000] {processor.py:175} INFO - Processing /home/airflow/.local/lib/python3.7/site-packages/airflow/example_dags/example_branch_operator.py took 0.066 seconds
[2025-10-08T00:56:48.082+0000] {processor.py:153} INFO - Started process (PID=548) to work on /home/airflow/.local/lib/python3.7/site-packages/airflow/example_dags/example_branch_operator.py
[2025-10-08T00:56:48.083+0000] {processor.py:743} INFO - Processing file /home/airflow/.local/lib/python3.7/site-packages/airflow/example_dags/example_branch_operator.py for tasks to queue
[2025-10-08T00:56:48.083+0000] {logging_mixin.py:137} INFO - [2025-10-08T00:56:48.083+0000] {dagbag.py:538} INFO - Filling up the DagBag from /home/airflow/.local/lib/python3.7/site-packages/airflow/example_dags/example_branch_operator.py
[2025-10-08T00:56:48.093+0000] {processor.py:753} INFO - DAG(s) dict_keys(['example_branch_operator']) retrieved from /home/airflow/.local/lib/python3.7/site-packages/airflow/example_dags/example_branch_operator.py
[2025-10-08T00:56:48.109+0000] {logging_mixin.py:137} INFO - [2025-10-08T00:56:48.109+0000] {dag.py:2690} INFO - Sync 1 DAGs
[2025-10-08T00:56:48.123+0000] {logging_mixin.py:137} INFO - [2025-10-08T00:56:48.123+0000] {dag.py:3441} INFO - Setting next_dagrun for example_branch_operator to 2025-10-07T00:00:00+00:00, run_after=2025-10-08T00:00:00+00:00
[2025-10-08T00:56:48.133+0000] {processor.py:175} INFO - Processing /home/airflow/.local/lib/python3.7/site-packages/airflow/example_dags/example_branch_operator.py took 0.053 seconds
[2025-10-08T00:57:19.085+0000] {processor.py:153} INFO - Started process (PID=643) to work on /home/airflow/.local/lib/python3.7/site-packages/airflow/example_dags/example_branch_operator.py
[2025-10-08T00:57:19.086+0000] {processor.py:743} INFO - Processing file /home/airflow/.local/lib/python3.7/site-packages/airflow/example_dags/example_branch_operator.py for tasks to queue
[2025-10-08T00:57:19.087+0000] {logging_mixin.py:137} INFO - [2025-10-08T00:57:19.087+0000] {dagbag.py:538} INFO - Filling up the DagBag from /home/airflow/.local/lib/python3.7/site-packages/airflow/example_dags/example_branch_operator.py
[2025-10-08T00:57:19.098+0000] {processor.py:753} INFO - DAG(s) dict_keys(['example_branch_operator']) retrieved from /home/airflow/.local/lib/python3.7/site-packages/airflow/example_dags/example_branch_operator.py
[2025-10-08T00:57:19.115+0000] {logging_mixin.py:137} INFO - [2025-10-08T00:57:19.115+0000] {dag.py:2690} INFO - Sync 1 DAGs
[2025-10-08T00:57:19.140+0000] {logging_mixin.py:137} INFO - [2025-10-08T00:57:19.140+0000] {dag.py:3441} INFO - Setting next_dagrun for example_branch_operator to 2025-10-07T00:00:00+00:00, run_after=2025-10-08T00:00:00+00:00
[2025-10-08T00:57:19.164+0000] {processor.py:175} INFO - Processing /home/airflow/.local/lib/python3.7/site-packages/airflow/example_dags/example_branch_operator.py took 0.081 seconds
[2025-10-08T00:57:50.109+0000] {processor.py:153} INFO - Started process (PID=738) to work on /home/airflow/.local/lib/python3.7/site-packages/airflow/example_dags/example_branch_operator.py
[2025-10-08T00:57:50.110+0000] {processor.py:743} INFO - Processing file /home/airflow/.local/lib/python3.7/site-packages/airflow/example_dags/example_branch_operator.py for tasks to queue
[2025-10-08T00:57:50.110+0000] {logging_mixin.py:137} INFO - [2025-10-08T00:57:50.110+0000] {dagbag.py:538} INFO - Filling up the DagBag from /home/airflow/.local/lib/python3.7/site-packages/airflow/example_dags/example_branch_operator.py
[2025-10-08T00:57:50.119+0000] {processor.py:753} INFO - DAG(s) dict_keys(['example_branch_operator']) retrieved from /home/airflow/.local/lib/python3.7/site-packages/airflow/example_dags/example_branch_operator.py
[2025-10-08T00:57:50.137+0000] {logging_mixin.py:137} INFO - [2025-10-08T00:57:50.137+0000] {dag.py:2690} INFO - Sync 1 DAGs
[2025-10-08T00:57:50.153+0000] {logging_mixin.py:137} INFO - [2025-10-08T00:57:50.153+0000] {dag.py:3441} INFO - Setting next_dagrun for example_branch_operator to 2025-10-07T00:00:00+00:00, run_after=2025-10-08T00:00:00+00:00
[2025-10-08T00:57:50.165+0000] {processor.py:175} INFO - Processing /home/airflow/.local/lib/python3.7/site-packages/airflow/example_dags/example_branch_operator.py took 0.058 seconds
[2025-10-08T00:58:21.060+0000] {processor.py:153} INFO - Started process (PID=815) to work on /home/airflow/.local/lib/python3.7/site-packages/airflow/example_dags/example_branch_operator.py
[2025-10-08T00:58:21.061+0000] {processor.py:743} INFO - Processing file /home/airflow/.local/lib/python3.7/site-packages/airflow/example_dags/example_branch_operator.py for tasks to queue
[2025-10-08T00:58:21.061+0000] {logging_mixin.py:137} INFO - [2025-10-08T00:58:21.061+0000] {dagbag.py:538} INFO - Filling up the DagBag from /home/airflow/.local/lib/python3.7/site-packages/airflow/example_dags/example_branch_operator.py
[2025-10-08T00:58:21.072+0000] {processor.py:753} INFO - DAG(s) dict_keys(['example_branch_operator']) retrieved from /home/airflow/.local/lib/python3.7/site-packages/airflow/example_dags/example_branch_operator.py
[2025-10-08T00:58:21.088+0000] {logging_mixin.py:137} INFO - [2025-10-08T00:58:21.088+0000] {dag.py:2690} INFO - Sync 1 DAGs
[2025-10-08T00:58:21.102+0000] {logging_mixin.py:137} INFO - [2025-10-08T00:58:21.102+0000] {dag.py:3441} INFO - Setting next_dagrun for example_branch_operator to 2025-10-07T00:00:00+00:00, run_after=2025-10-08T00:00:00+00:00
[2025-10-08T00:58:21.117+0000] {processor.py:175} INFO - Processing /home/airflow/.local/lib/python3.7/site-packages/airflow/example_dags/example_branch_operator.py took 0.059 seconds
[2025-10-08T00:58:52.040+0000] {processor.py:153} INFO - Started process (PID=910) to work on /home/airflow/.local/lib/python3.7/site-packages/airflow/example_dags/example_branch_operator.py
[2025-10-08T00:58:52.042+0000] {processor.py:743} INFO - Processing file /home/airflow/.local/lib/python3.7/site-packages/airflow/example_dags/example_branch_operator.py for tasks to queue
[2025-10-08T00:58:52.042+0000] {logging_mixin.py:137} INFO - [2025-10-08T00:58:52.042+0000] {dagbag.py:538} INFO - Filling up the DagBag from /home/airflow/.local/lib/python3.7/site-packages/airflow/example_dags/example_branch_operator.py
[2025-10-08T00:58:52.051+0000] {processor.py:753} INFO - DAG(s) dict_keys(['example_branch_operator']) retrieved from /home/airflow/.local/lib/python3.7/site-packages/airflow/example_dags/example_branch_operator.py
[2025-10-08T00:58:52.067+0000] {logging_mixin.py:137} INFO - [2025-10-08T00:58:52.067+0000] {dag.py:2690} INFO - Sync 1 DAGs
[2025-10-08T00:58:52.082+0000] {logging_mixin.py:137} INFO - [2025-10-08T00:58:52.082+0000] {dag.py:3441} INFO - Setting next_dagrun for example_branch_operator to 2025-10-07T00:00:00+00:00, run_after=2025-10-08T00:00:00+00:00
[2025-10-08T00:58:52.096+0000] {processor.py:175} INFO - Processing /home/airflow/.local/lib/python3.7/site-packages/airflow/example_dags/example_branch_operator.py took 0.058 seconds
[2025-10-08T00:59:22.188+0000] {processor.py:153} INFO - Started process (PID=1005) to work on /home/airflow/.local/lib/python3.7/site-packages/airflow/example_dags/example_branch_operator.py
[2025-10-08T00:59:22.188+0000] {processor.py:743} INFO - Processing file /home/airflow/.local/lib/python3.7/site-packages/airflow/example_dags/example_branch_operator.py for tasks to queue
[2025-10-08T00:59:22.189+0000] {logging_mixin.py:137} INFO - [2025-10-08T00:59:22.189+0000] {dagbag.py:538} INFO - Filling up the DagBag from /home/airflow/.local/lib/python3.7/site-packages/airflow/example_dags/example_branch_operator.py
[2025-10-08T00:59:22.198+0000] {processor.py:753} INFO - DAG(s) dict_keys(['example_branch_operator']) retrieved from /home/airflow/.local/lib/python3.7/site-packages/airflow/example_dags/example_branch_operator.py
[2025-10-08T00:59:22.213+0000] {logging_mixin.py:137} INFO - [2025-10-08T00:59:22.213+0000] {dag.py:2690} INFO - Sync 1 DAGs
[2025-10-08T00:59:22.226+0000] {logging_mixin.py:137} INFO - [2025-10-08T00:59:22.226+0000] {dag.py:3441} INFO - Setting next_dagrun for example_branch_operator to 2025-10-07T00:00:00+00:00, run_after=2025-10-08T00:00:00+00:00
[2025-10-08T00:59:22.237+0000] {processor.py:175} INFO - Processing /home/airflow/.local/lib/python3.7/site-packages/airflow/example_dags/example_branch_operator.py took 0.051 seconds
[2025-10-08T00:59:52.990+0000] {processor.py:153} INFO - Started process (PID=1091) to work on /home/airflow/.local/lib/python3.7/site-packages/airflow/example_dags/example_branch_operator.py
[2025-10-08T00:59:52.991+0000] {processor.py:743} INFO - Processing file /home/airflow/.local/lib/python3.7/site-packages/airflow/example_dags/example_branch_operator.py for tasks to queue
[2025-10-08T00:59:52.992+0000] {logging_mixin.py:137} INFO - [2025-10-08T00:59:52.992+0000] {dagbag.py:538} INFO - Filling up the DagBag from /home/airflow/.local/lib/python3.7/site-packages/airflow/example_dags/example_branch_operator.py
[2025-10-08T00:59:53.002+0000] {processor.py:753} INFO - DAG(s) dict_keys(['example_branch_operator']) retrieved from /home/airflow/.local/lib/python3.7/site-packages/airflow/example_dags/example_branch_operator.py
[2025-10-08T00:59:53.017+0000] {logging_mixin.py:137} INFO - [2025-10-08T00:59:53.017+0000] {dag.py:2690} INFO - Sync 1 DAGs
[2025-10-08T00:59:53.033+0000] {logging_mixin.py:137} INFO - [2025-10-08T00:59:53.033+0000] {dag.py:3441} INFO - Setting next_dagrun for example_branch_operator to 2025-10-07T00:00:00+00:00, run_after=2025-10-08T00:00:00+00:00
[2025-10-08T00:59:53.045+0000] {processor.py:175} INFO - Processing /home/airflow/.local/lib/python3.7/site-packages/airflow/example_dags/example_branch_operator.py took 0.057 seconds
[2025-10-08T01:00:23.917+0000] {processor.py:153} INFO - Started process (PID=1177) to work on /home/airflow/.local/lib/python3.7/site-packages/airflow/example_dags/example_branch_operator.py
[2025-10-08T01:00:23.918+0000] {processor.py:743} INFO - Processing file /home/airflow/.local/lib/python3.7/site-packages/airflow/example_dags/example_branch_operator.py for tasks to queue
[2025-10-08T01:00:23.918+0000] {logging_mixin.py:137} INFO - [2025-10-08T01:00:23.918+0000] {dagbag.py:538} INFO - Filling up the DagBag from /home/airflow/.local/lib/python3.7/site-packages/airflow/example_dags/example_branch_operator.py
[2025-10-08T01:00:23.928+0000] {processor.py:753} INFO - DAG(s) dict_keys(['example_branch_operator']) retrieved from /home/airflow/.local/lib/python3.7/site-packages/airflow/example_dags/example_branch_operator.py
[2025-10-08T01:00:23.943+0000] {logging_mixin.py:137} INFO - [2025-10-08T01:00:23.943+0000] {dag.py:2690} INFO - Sync 1 DAGs
[2025-10-08T01:00:23.956+0000] {logging_mixin.py:137} INFO - [2025-10-08T01:00:23.956+0000] {dag.py:3441} INFO - Setting next_dagrun for example_branch_operator to 2025-10-07T00:00:00+00:00, run_after=2025-10-08T00:00:00+00:00
[2025-10-08T01:00:23.965+0000] {processor.py:175} INFO - Processing /home/airflow/.local/lib/python3.7/site-packages/airflow/example_dags/example_branch_operator.py took 0.050 seconds
[2025-10-08T01:00:54.790+0000] {processor.py:153} INFO - Started process (PID=1272) to work on /home/airflow/.local/lib/python3.7/site-packages/airflow/example_dags/example_branch_operator.py
[2025-10-08T01:00:54.792+0000] {processor.py:743} INFO - Processing file /home/airflow/.local/lib/python3.7/site-packages/airflow/example_dags/example_branch_operator.py for tasks to queue
[2025-10-08T01:00:54.793+0000] {logging_mixin.py:137} INFO - [2025-10-08T01:00:54.792+0000] {dagbag.py:538} INFO - Filling up the DagBag from /home/airflow/.local/lib/python3.7/site-packages/airflow/example_dags/example_branch_operator.py
[2025-10-08T01:00:54.805+0000] {processor.py:753} INFO - DAG(s) dict_keys(['example_branch_operator']) retrieved from /home/airflow/.local/lib/python3.7/site-packages/airflow/example_dags/example_branch_operator.py
[2025-10-08T01:00:54.822+0000] {logging_mixin.py:137} INFO - [2025-10-08T01:00:54.822+0000] {dag.py:2690} INFO - Sync 1 DAGs
[2025-10-08T01:00:54.837+0000] {logging_mixin.py:137} INFO - [2025-10-08T01:00:54.837+0000] {dag.py:3441} INFO - Setting next_dagrun for example_branch_operator to 2025-10-07T00:00:00+00:00, run_after=2025-10-08T00:00:00+00:00
[2025-10-08T01:00:54.846+0000] {processor.py:175} INFO - Processing /home/airflow/.local/lib/python3.7/site-packages/airflow/example_dags/example_branch_operator.py took 0.058 seconds
[2025-10-08T01:01:25.612+0000] {processor.py:153} INFO - Started process (PID=1367) to work on /home/airflow/.local/lib/python3.7/site-packages/airflow/example_dags/example_branch_operator.py
[2025-10-08T01:01:25.612+0000] {processor.py:743} INFO - Processing file /home/airflow/.local/lib/python3.7/site-packages/airflow/example_dags/example_branch_operator.py for tasks to queue
[2025-10-08T01:01:25.613+0000] {logging_mixin.py:137} INFO - [2025-10-08T01:01:25.613+0000] {dagbag.py:538} INFO - Filling up the DagBag from /home/airflow/.local/lib/python3.7/site-packages/airflow/example_dags/example_branch_operator.py
[2025-10-08T01:01:25.623+0000] {processor.py:753} INFO - DAG(s) dict_keys(['example_branch_operator']) retrieved from /home/airflow/.local/lib/python3.7/site-packages/airflow/example_dags/example_branch_operator.py
[2025-10-08T01:01:25.638+0000] {logging_mixin.py:137} INFO - [2025-10-08T01:01:25.638+0000] {dag.py:2690} INFO - Sync 1 DAGs
[2025-10-08T01:01:25.651+0000] {logging_mixin.py:137} INFO - [2025-10-08T01:01:25.651+0000] {dag.py:3441} INFO - Setting next_dagrun for example_branch_operator to 2025-10-07T00:00:00+00:00, run_after=2025-10-08T00:00:00+00:00
[2025-10-08T01:01:25.661+0000] {processor.py:175} INFO - Processing /home/airflow/.local/lib/python3.7/site-packages/airflow/example_dags/example_branch_operator.py took 0.051 seconds
