[2025-10-08T00:50:04.739+0000] {processor.py:153} INFO - Started process (PID=47) to work on /home/airflow/.local/lib/python3.7/site-packages/airflow/example_dags/example_local_kubernetes_executor.py
[2025-10-08T00:50:04.740+0000] {processor.py:743} INFO - Processing file /home/airflow/.local/lib/python3.7/site-packages/airflow/example_dags/example_local_kubernetes_executor.py for tasks to queue
[2025-10-08T00:50:04.741+0000] {logging_mixin.py:137} INFO - [2025-10-08T00:50:04.741+0000] {dagbag.py:538} INFO - Filling up the DagBag from /home/airflow/.local/lib/python3.7/site-packages/airflow/example_dags/example_local_kubernetes_executor.py
[2025-10-08T00:50:04.756+0000] {processor.py:753} INFO - DAG(s) dict_keys(['example_local_kubernetes_executor']) retrieved from /home/airflow/.local/lib/python3.7/site-packages/airflow/example_dags/example_local_kubernetes_executor.py
[2025-10-08T00:50:04.763+0000] {logging_mixin.py:137} INFO - [2025-10-08T00:50:04.763+0000] {dag.py:2690} INFO - Sync 1 DAGs
[2025-10-08T00:50:04.777+0000] {logging_mixin.py:137} INFO - [2025-10-08T00:50:04.777+0000] {dag.py:3441} INFO - Setting next_dagrun for example_local_kubernetes_executor to None, run_after=None
[2025-10-08T00:50:04.788+0000] {processor.py:175} INFO - Processing /home/airflow/.local/lib/python3.7/site-packages/airflow/example_dags/example_local_kubernetes_executor.py took 0.051 seconds
[2025-10-08T00:50:35.246+0000] {processor.py:153} INFO - Started process (PID=140) to work on /home/airflow/.local/lib/python3.7/site-packages/airflow/example_dags/example_local_kubernetes_executor.py
[2025-10-08T00:50:35.247+0000] {processor.py:743} INFO - Processing file /home/airflow/.local/lib/python3.7/site-packages/airflow/example_dags/example_local_kubernetes_executor.py for tasks to queue
[2025-10-08T00:50:35.247+0000] {logging_mixin.py:137} INFO - [2025-10-08T00:50:35.247+0000] {dagbag.py:538} INFO - Filling up the DagBag from /home/airflow/.local/lib/python3.7/site-packages/airflow/example_dags/example_local_kubernetes_executor.py
[2025-10-08T00:50:35.268+0000] {processor.py:753} INFO - DAG(s) dict_keys(['example_local_kubernetes_executor']) retrieved from /home/airflow/.local/lib/python3.7/site-packages/airflow/example_dags/example_local_kubernetes_executor.py
[2025-10-08T00:50:35.299+0000] {logging_mixin.py:137} INFO - [2025-10-08T00:50:35.299+0000] {dag.py:2690} INFO - Sync 1 DAGs
[2025-10-08T00:50:35.314+0000] {logging_mixin.py:137} INFO - [2025-10-08T00:50:35.314+0000] {dag.py:3441} INFO - Setting next_dagrun for example_local_kubernetes_executor to None, run_after=None
[2025-10-08T00:50:35.326+0000] {processor.py:175} INFO - Processing /home/airflow/.local/lib/python3.7/site-packages/airflow/example_dags/example_local_kubernetes_executor.py took 0.082 seconds
[2025-10-08T00:51:05.411+0000] {processor.py:153} INFO - Started process (PID=217) to work on /home/airflow/.local/lib/python3.7/site-packages/airflow/example_dags/example_local_kubernetes_executor.py
[2025-10-08T00:51:05.411+0000] {processor.py:743} INFO - Processing file /home/airflow/.local/lib/python3.7/site-packages/airflow/example_dags/example_local_kubernetes_executor.py for tasks to queue
[2025-10-08T00:51:05.412+0000] {logging_mixin.py:137} INFO - [2025-10-08T00:51:05.412+0000] {dagbag.py:538} INFO - Filling up the DagBag from /home/airflow/.local/lib/python3.7/site-packages/airflow/example_dags/example_local_kubernetes_executor.py
[2025-10-08T00:51:05.427+0000] {processor.py:753} INFO - DAG(s) dict_keys(['example_local_kubernetes_executor']) retrieved from /home/airflow/.local/lib/python3.7/site-packages/airflow/example_dags/example_local_kubernetes_executor.py
[2025-10-08T00:51:05.447+0000] {logging_mixin.py:137} INFO - [2025-10-08T00:51:05.447+0000] {dag.py:2690} INFO - Sync 1 DAGs
[2025-10-08T00:51:05.463+0000] {logging_mixin.py:137} INFO - [2025-10-08T00:51:05.463+0000] {dag.py:3441} INFO - Setting next_dagrun for example_local_kubernetes_executor to None, run_after=None
[2025-10-08T00:51:05.479+0000] {processor.py:175} INFO - Processing /home/airflow/.local/lib/python3.7/site-packages/airflow/example_dags/example_local_kubernetes_executor.py took 0.070 seconds
[2025-10-08T00:51:35.621+0000] {processor.py:153} INFO - Started process (PID=312) to work on /home/airflow/.local/lib/python3.7/site-packages/airflow/example_dags/example_local_kubernetes_executor.py
[2025-10-08T00:51:35.621+0000] {processor.py:743} INFO - Processing file /home/airflow/.local/lib/python3.7/site-packages/airflow/example_dags/example_local_kubernetes_executor.py for tasks to queue
[2025-10-08T00:51:35.621+0000] {logging_mixin.py:137} INFO - [2025-10-08T00:51:35.621+0000] {dagbag.py:538} INFO - Filling up the DagBag from /home/airflow/.local/lib/python3.7/site-packages/airflow/example_dags/example_local_kubernetes_executor.py
[2025-10-08T00:51:35.633+0000] {processor.py:753} INFO - DAG(s) dict_keys(['example_local_kubernetes_executor']) retrieved from /home/airflow/.local/lib/python3.7/site-packages/airflow/example_dags/example_local_kubernetes_executor.py
[2025-10-08T00:51:35.647+0000] {logging_mixin.py:137} INFO - [2025-10-08T00:51:35.647+0000] {dag.py:2690} INFO - Sync 1 DAGs
[2025-10-08T00:51:35.658+0000] {logging_mixin.py:137} INFO - [2025-10-08T00:51:35.658+0000] {dag.py:3441} INFO - Setting next_dagrun for example_local_kubernetes_executor to None, run_after=None
[2025-10-08T00:51:35.667+0000] {processor.py:175} INFO - Processing /home/airflow/.local/lib/python3.7/site-packages/airflow/example_dags/example_local_kubernetes_executor.py took 0.048 seconds
[2025-10-08T00:52:06.620+0000] {processor.py:153} INFO - Started process (PID=406) to work on /home/airflow/.local/lib/python3.7/site-packages/airflow/example_dags/example_local_kubernetes_executor.py
[2025-10-08T00:52:06.621+0000] {processor.py:743} INFO - Processing file /home/airflow/.local/lib/python3.7/site-packages/airflow/example_dags/example_local_kubernetes_executor.py for tasks to queue
[2025-10-08T00:52:06.622+0000] {logging_mixin.py:137} INFO - [2025-10-08T00:52:06.622+0000] {dagbag.py:538} INFO - Filling up the DagBag from /home/airflow/.local/lib/python3.7/site-packages/airflow/example_dags/example_local_kubernetes_executor.py
[2025-10-08T00:52:06.635+0000] {processor.py:753} INFO - DAG(s) dict_keys(['example_local_kubernetes_executor']) retrieved from /home/airflow/.local/lib/python3.7/site-packages/airflow/example_dags/example_local_kubernetes_executor.py
[2025-10-08T00:52:06.656+0000] {logging_mixin.py:137} INFO - [2025-10-08T00:52:06.655+0000] {dag.py:2690} INFO - Sync 1 DAGs
[2025-10-08T00:52:06.669+0000] {logging_mixin.py:137} INFO - [2025-10-08T00:52:06.669+0000] {dag.py:3441} INFO - Setting next_dagrun for example_local_kubernetes_executor to None, run_after=None
[2025-10-08T00:52:06.683+0000] {processor.py:175} INFO - Processing /home/airflow/.local/lib/python3.7/site-packages/airflow/example_dags/example_local_kubernetes_executor.py took 0.065 seconds
[2025-10-08T00:52:37.572+0000] {processor.py:153} INFO - Started process (PID=501) to work on /home/airflow/.local/lib/python3.7/site-packages/airflow/example_dags/example_local_kubernetes_executor.py
[2025-10-08T00:52:37.573+0000] {processor.py:743} INFO - Processing file /home/airflow/.local/lib/python3.7/site-packages/airflow/example_dags/example_local_kubernetes_executor.py for tasks to queue
[2025-10-08T00:52:37.573+0000] {logging_mixin.py:137} INFO - [2025-10-08T00:52:37.573+0000] {dagbag.py:538} INFO - Filling up the DagBag from /home/airflow/.local/lib/python3.7/site-packages/airflow/example_dags/example_local_kubernetes_executor.py
[2025-10-08T00:52:37.595+0000] {processor.py:753} INFO - DAG(s) dict_keys(['example_local_kubernetes_executor']) retrieved from /home/airflow/.local/lib/python3.7/site-packages/airflow/example_dags/example_local_kubernetes_executor.py
[2025-10-08T00:52:37.611+0000] {logging_mixin.py:137} INFO - [2025-10-08T00:52:37.611+0000] {dag.py:2690} INFO - Sync 1 DAGs
[2025-10-08T00:52:37.628+0000] {logging_mixin.py:137} INFO - [2025-10-08T00:52:37.628+0000] {dag.py:3441} INFO - Setting next_dagrun for example_local_kubernetes_executor to None, run_after=None
[2025-10-08T00:52:37.639+0000] {processor.py:175} INFO - Processing /home/airflow/.local/lib/python3.7/site-packages/airflow/example_dags/example_local_kubernetes_executor.py took 0.069 seconds
[2025-10-08T00:54:14.560+0000] {processor.py:153} INFO - Started process (PID=109) to work on /home/airflow/.local/lib/python3.7/site-packages/airflow/example_dags/example_local_kubernetes_executor.py
[2025-10-08T00:54:14.561+0000] {processor.py:743} INFO - Processing file /home/airflow/.local/lib/python3.7/site-packages/airflow/example_dags/example_local_kubernetes_executor.py for tasks to queue
[2025-10-08T00:54:14.561+0000] {logging_mixin.py:137} INFO - [2025-10-08T00:54:14.561+0000] {dagbag.py:538} INFO - Filling up the DagBag from /home/airflow/.local/lib/python3.7/site-packages/airflow/example_dags/example_local_kubernetes_executor.py
[2025-10-08T00:54:14.579+0000] {processor.py:753} INFO - DAG(s) dict_keys(['example_local_kubernetes_executor']) retrieved from /home/airflow/.local/lib/python3.7/site-packages/airflow/example_dags/example_local_kubernetes_executor.py
[2025-10-08T00:54:14.601+0000] {logging_mixin.py:137} INFO - [2025-10-08T00:54:14.601+0000] {dag.py:2690} INFO - Sync 1 DAGs
[2025-10-08T00:54:14.618+0000] {logging_mixin.py:137} INFO - [2025-10-08T00:54:14.618+0000] {dag.py:3441} INFO - Setting next_dagrun for example_local_kubernetes_executor to None, run_after=None
[2025-10-08T00:54:14.632+0000] {processor.py:175} INFO - Processing /home/airflow/.local/lib/python3.7/site-packages/airflow/example_dags/example_local_kubernetes_executor.py took 0.074 seconds
[2025-10-08T00:54:45.243+0000] {processor.py:153} INFO - Started process (PID=184) to work on /home/airflow/.local/lib/python3.7/site-packages/airflow/example_dags/example_local_kubernetes_executor.py
[2025-10-08T00:54:45.244+0000] {processor.py:743} INFO - Processing file /home/airflow/.local/lib/python3.7/site-packages/airflow/example_dags/example_local_kubernetes_executor.py for tasks to queue
[2025-10-08T00:54:45.245+0000] {logging_mixin.py:137} INFO - [2025-10-08T00:54:45.245+0000] {dagbag.py:538} INFO - Filling up the DagBag from /home/airflow/.local/lib/python3.7/site-packages/airflow/example_dags/example_local_kubernetes_executor.py
[2025-10-08T00:54:45.262+0000] {processor.py:753} INFO - DAG(s) dict_keys(['example_local_kubernetes_executor']) retrieved from /home/airflow/.local/lib/python3.7/site-packages/airflow/example_dags/example_local_kubernetes_executor.py
[2025-10-08T00:54:45.282+0000] {logging_mixin.py:137} INFO - [2025-10-08T00:54:45.282+0000] {dag.py:2690} INFO - Sync 1 DAGs
[2025-10-08T00:54:45.298+0000] {logging_mixin.py:137} INFO - [2025-10-08T00:54:45.298+0000] {dag.py:3441} INFO - Setting next_dagrun for example_local_kubernetes_executor to None, run_after=None
[2025-10-08T00:54:45.317+0000] {processor.py:175} INFO - Processing /home/airflow/.local/lib/python3.7/site-packages/airflow/example_dags/example_local_kubernetes_executor.py took 0.077 seconds
[2025-10-08T00:55:15.365+0000] {processor.py:153} INFO - Started process (PID=279) to work on /home/airflow/.local/lib/python3.7/site-packages/airflow/example_dags/example_local_kubernetes_executor.py
[2025-10-08T00:55:15.366+0000] {processor.py:743} INFO - Processing file /home/airflow/.local/lib/python3.7/site-packages/airflow/example_dags/example_local_kubernetes_executor.py for tasks to queue
[2025-10-08T00:55:15.366+0000] {logging_mixin.py:137} INFO - [2025-10-08T00:55:15.366+0000] {dagbag.py:538} INFO - Filling up the DagBag from /home/airflow/.local/lib/python3.7/site-packages/airflow/example_dags/example_local_kubernetes_executor.py
[2025-10-08T00:55:15.380+0000] {processor.py:753} INFO - DAG(s) dict_keys(['example_local_kubernetes_executor']) retrieved from /home/airflow/.local/lib/python3.7/site-packages/airflow/example_dags/example_local_kubernetes_executor.py
[2025-10-08T00:55:15.396+0000] {logging_mixin.py:137} INFO - [2025-10-08T00:55:15.396+0000] {dag.py:2690} INFO - Sync 1 DAGs
[2025-10-08T00:55:15.408+0000] {logging_mixin.py:137} INFO - [2025-10-08T00:55:15.408+0000] {dag.py:3441} INFO - Setting next_dagrun for example_local_kubernetes_executor to None, run_after=None
[2025-10-08T00:55:15.422+0000] {processor.py:175} INFO - Processing /home/airflow/.local/lib/python3.7/site-packages/airflow/example_dags/example_local_kubernetes_executor.py took 0.059 seconds
[2025-10-08T00:55:46.218+0000] {processor.py:153} INFO - Started process (PID=374) to work on /home/airflow/.local/lib/python3.7/site-packages/airflow/example_dags/example_local_kubernetes_executor.py
[2025-10-08T00:55:46.219+0000] {processor.py:743} INFO - Processing file /home/airflow/.local/lib/python3.7/site-packages/airflow/example_dags/example_local_kubernetes_executor.py for tasks to queue
[2025-10-08T00:55:46.220+0000] {logging_mixin.py:137} INFO - [2025-10-08T00:55:46.220+0000] {dagbag.py:538} INFO - Filling up the DagBag from /home/airflow/.local/lib/python3.7/site-packages/airflow/example_dags/example_local_kubernetes_executor.py
[2025-10-08T00:55:46.235+0000] {processor.py:753} INFO - DAG(s) dict_keys(['example_local_kubernetes_executor']) retrieved from /home/airflow/.local/lib/python3.7/site-packages/airflow/example_dags/example_local_kubernetes_executor.py
[2025-10-08T00:55:46.256+0000] {logging_mixin.py:137} INFO - [2025-10-08T00:55:46.256+0000] {dag.py:2690} INFO - Sync 1 DAGs
[2025-10-08T00:55:46.270+0000] {logging_mixin.py:137} INFO - [2025-10-08T00:55:46.270+0000] {dag.py:3441} INFO - Setting next_dagrun for example_local_kubernetes_executor to None, run_after=None
[2025-10-08T00:55:46.283+0000] {processor.py:175} INFO - Processing /home/airflow/.local/lib/python3.7/site-packages/airflow/example_dags/example_local_kubernetes_executor.py took 0.067 seconds
[2025-10-08T00:56:17.148+0000] {processor.py:153} INFO - Started process (PID=451) to work on /home/airflow/.local/lib/python3.7/site-packages/airflow/example_dags/example_local_kubernetes_executor.py
[2025-10-08T00:56:17.149+0000] {processor.py:743} INFO - Processing file /home/airflow/.local/lib/python3.7/site-packages/airflow/example_dags/example_local_kubernetes_executor.py for tasks to queue
[2025-10-08T00:56:17.149+0000] {logging_mixin.py:137} INFO - [2025-10-08T00:56:17.149+0000] {dagbag.py:538} INFO - Filling up the DagBag from /home/airflow/.local/lib/python3.7/site-packages/airflow/example_dags/example_local_kubernetes_executor.py
[2025-10-08T00:56:17.164+0000] {processor.py:753} INFO - DAG(s) dict_keys(['example_local_kubernetes_executor']) retrieved from /home/airflow/.local/lib/python3.7/site-packages/airflow/example_dags/example_local_kubernetes_executor.py
[2025-10-08T00:56:17.180+0000] {logging_mixin.py:137} INFO - [2025-10-08T00:56:17.180+0000] {dag.py:2690} INFO - Sync 1 DAGs
[2025-10-08T00:56:17.196+0000] {logging_mixin.py:137} INFO - [2025-10-08T00:56:17.196+0000] {dag.py:3441} INFO - Setting next_dagrun for example_local_kubernetes_executor to None, run_after=None
[2025-10-08T00:56:17.209+0000] {processor.py:175} INFO - Processing /home/airflow/.local/lib/python3.7/site-packages/airflow/example_dags/example_local_kubernetes_executor.py took 0.064 seconds
[2025-10-08T00:56:48.017+0000] {processor.py:153} INFO - Started process (PID=546) to work on /home/airflow/.local/lib/python3.7/site-packages/airflow/example_dags/example_local_kubernetes_executor.py
[2025-10-08T00:56:48.018+0000] {processor.py:743} INFO - Processing file /home/airflow/.local/lib/python3.7/site-packages/airflow/example_dags/example_local_kubernetes_executor.py for tasks to queue
[2025-10-08T00:56:48.018+0000] {logging_mixin.py:137} INFO - [2025-10-08T00:56:48.018+0000] {dagbag.py:538} INFO - Filling up the DagBag from /home/airflow/.local/lib/python3.7/site-packages/airflow/example_dags/example_local_kubernetes_executor.py
[2025-10-08T00:56:48.031+0000] {processor.py:753} INFO - DAG(s) dict_keys(['example_local_kubernetes_executor']) retrieved from /home/airflow/.local/lib/python3.7/site-packages/airflow/example_dags/example_local_kubernetes_executor.py
[2025-10-08T00:56:48.047+0000] {logging_mixin.py:137} INFO - [2025-10-08T00:56:48.047+0000] {dag.py:2690} INFO - Sync 1 DAGs
[2025-10-08T00:56:48.059+0000] {logging_mixin.py:137} INFO - [2025-10-08T00:56:48.059+0000] {dag.py:3441} INFO - Setting next_dagrun for example_local_kubernetes_executor to None, run_after=None
[2025-10-08T00:56:48.070+0000] {processor.py:175} INFO - Processing /home/airflow/.local/lib/python3.7/site-packages/airflow/example_dags/example_local_kubernetes_executor.py took 0.054 seconds
[2025-10-08T00:57:19.014+0000] {processor.py:153} INFO - Started process (PID=641) to work on /home/airflow/.local/lib/python3.7/site-packages/airflow/example_dags/example_local_kubernetes_executor.py
[2025-10-08T00:57:19.014+0000] {processor.py:743} INFO - Processing file /home/airflow/.local/lib/python3.7/site-packages/airflow/example_dags/example_local_kubernetes_executor.py for tasks to queue
[2025-10-08T00:57:19.015+0000] {logging_mixin.py:137} INFO - [2025-10-08T00:57:19.014+0000] {dagbag.py:538} INFO - Filling up the DagBag from /home/airflow/.local/lib/python3.7/site-packages/airflow/example_dags/example_local_kubernetes_executor.py
[2025-10-08T00:57:19.028+0000] {processor.py:753} INFO - DAG(s) dict_keys(['example_local_kubernetes_executor']) retrieved from /home/airflow/.local/lib/python3.7/site-packages/airflow/example_dags/example_local_kubernetes_executor.py
[2025-10-08T00:57:19.045+0000] {logging_mixin.py:137} INFO - [2025-10-08T00:57:19.045+0000] {dag.py:2690} INFO - Sync 1 DAGs
[2025-10-08T00:57:19.059+0000] {logging_mixin.py:137} INFO - [2025-10-08T00:57:19.059+0000] {dag.py:3441} INFO - Setting next_dagrun for example_local_kubernetes_executor to None, run_after=None
[2025-10-08T00:57:19.070+0000] {processor.py:175} INFO - Processing /home/airflow/.local/lib/python3.7/site-packages/airflow/example_dags/example_local_kubernetes_executor.py took 0.058 seconds
[2025-10-08T00:57:50.043+0000] {processor.py:153} INFO - Started process (PID=736) to work on /home/airflow/.local/lib/python3.7/site-packages/airflow/example_dags/example_local_kubernetes_executor.py
[2025-10-08T00:57:50.044+0000] {processor.py:743} INFO - Processing file /home/airflow/.local/lib/python3.7/site-packages/airflow/example_dags/example_local_kubernetes_executor.py for tasks to queue
[2025-10-08T00:57:50.044+0000] {logging_mixin.py:137} INFO - [2025-10-08T00:57:50.044+0000] {dagbag.py:538} INFO - Filling up the DagBag from /home/airflow/.local/lib/python3.7/site-packages/airflow/example_dags/example_local_kubernetes_executor.py
[2025-10-08T00:57:50.058+0000] {processor.py:753} INFO - DAG(s) dict_keys(['example_local_kubernetes_executor']) retrieved from /home/airflow/.local/lib/python3.7/site-packages/airflow/example_dags/example_local_kubernetes_executor.py
[2025-10-08T00:57:50.074+0000] {logging_mixin.py:137} INFO - [2025-10-08T00:57:50.074+0000] {dag.py:2690} INFO - Sync 1 DAGs
[2025-10-08T00:57:50.086+0000] {logging_mixin.py:137} INFO - [2025-10-08T00:57:50.086+0000] {dag.py:3441} INFO - Setting next_dagrun for example_local_kubernetes_executor to None, run_after=None
[2025-10-08T00:57:50.095+0000] {processor.py:175} INFO - Processing /home/airflow/.local/lib/python3.7/site-packages/airflow/example_dags/example_local_kubernetes_executor.py took 0.053 seconds
[2025-10-08T00:58:20.987+0000] {processor.py:153} INFO - Started process (PID=813) to work on /home/airflow/.local/lib/python3.7/site-packages/airflow/example_dags/example_local_kubernetes_executor.py
[2025-10-08T00:58:20.987+0000] {processor.py:743} INFO - Processing file /home/airflow/.local/lib/python3.7/site-packages/airflow/example_dags/example_local_kubernetes_executor.py for tasks to queue
[2025-10-08T00:58:20.988+0000] {logging_mixin.py:137} INFO - [2025-10-08T00:58:20.988+0000] {dagbag.py:538} INFO - Filling up the DagBag from /home/airflow/.local/lib/python3.7/site-packages/airflow/example_dags/example_local_kubernetes_executor.py
[2025-10-08T00:58:21.002+0000] {processor.py:753} INFO - DAG(s) dict_keys(['example_local_kubernetes_executor']) retrieved from /home/airflow/.local/lib/python3.7/site-packages/airflow/example_dags/example_local_kubernetes_executor.py
[2025-10-08T00:58:21.018+0000] {logging_mixin.py:137} INFO - [2025-10-08T00:58:21.018+0000] {dag.py:2690} INFO - Sync 1 DAGs
[2025-10-08T00:58:21.033+0000] {logging_mixin.py:137} INFO - [2025-10-08T00:58:21.032+0000] {dag.py:3441} INFO - Setting next_dagrun for example_local_kubernetes_executor to None, run_after=None
[2025-10-08T00:58:21.046+0000] {processor.py:175} INFO - Processing /home/airflow/.local/lib/python3.7/site-packages/airflow/example_dags/example_local_kubernetes_executor.py took 0.062 seconds
[2025-10-08T00:58:51.972+0000] {processor.py:153} INFO - Started process (PID=908) to work on /home/airflow/.local/lib/python3.7/site-packages/airflow/example_dags/example_local_kubernetes_executor.py
[2025-10-08T00:58:51.972+0000] {processor.py:743} INFO - Processing file /home/airflow/.local/lib/python3.7/site-packages/airflow/example_dags/example_local_kubernetes_executor.py for tasks to queue
[2025-10-08T00:58:51.973+0000] {logging_mixin.py:137} INFO - [2025-10-08T00:58:51.973+0000] {dagbag.py:538} INFO - Filling up the DagBag from /home/airflow/.local/lib/python3.7/site-packages/airflow/example_dags/example_local_kubernetes_executor.py
[2025-10-08T00:58:51.986+0000] {processor.py:753} INFO - DAG(s) dict_keys(['example_local_kubernetes_executor']) retrieved from /home/airflow/.local/lib/python3.7/site-packages/airflow/example_dags/example_local_kubernetes_executor.py
[2025-10-08T00:58:52.001+0000] {logging_mixin.py:137} INFO - [2025-10-08T00:58:52.001+0000] {dag.py:2690} INFO - Sync 1 DAGs
[2025-10-08T00:58:52.014+0000] {logging_mixin.py:137} INFO - [2025-10-08T00:58:52.014+0000] {dag.py:3441} INFO - Setting next_dagrun for example_local_kubernetes_executor to None, run_after=None
[2025-10-08T00:58:52.025+0000] {processor.py:175} INFO - Processing /home/airflow/.local/lib/python3.7/site-packages/airflow/example_dags/example_local_kubernetes_executor.py took 0.056 seconds
[2025-10-08T00:59:22.118+0000] {processor.py:153} INFO - Started process (PID=1003) to work on /home/airflow/.local/lib/python3.7/site-packages/airflow/example_dags/example_local_kubernetes_executor.py
[2025-10-08T00:59:22.119+0000] {processor.py:743} INFO - Processing file /home/airflow/.local/lib/python3.7/site-packages/airflow/example_dags/example_local_kubernetes_executor.py for tasks to queue
[2025-10-08T00:59:22.119+0000] {logging_mixin.py:137} INFO - [2025-10-08T00:59:22.119+0000] {dagbag.py:538} INFO - Filling up the DagBag from /home/airflow/.local/lib/python3.7/site-packages/airflow/example_dags/example_local_kubernetes_executor.py
[2025-10-08T00:59:22.133+0000] {processor.py:753} INFO - DAG(s) dict_keys(['example_local_kubernetes_executor']) retrieved from /home/airflow/.local/lib/python3.7/site-packages/airflow/example_dags/example_local_kubernetes_executor.py
[2025-10-08T00:59:22.149+0000] {logging_mixin.py:137} INFO - [2025-10-08T00:59:22.149+0000] {dag.py:2690} INFO - Sync 1 DAGs
[2025-10-08T00:59:22.162+0000] {logging_mixin.py:137} INFO - [2025-10-08T00:59:22.162+0000] {dag.py:3441} INFO - Setting next_dagrun for example_local_kubernetes_executor to None, run_after=None
[2025-10-08T00:59:22.174+0000] {processor.py:175} INFO - Processing /home/airflow/.local/lib/python3.7/site-packages/airflow/example_dags/example_local_kubernetes_executor.py took 0.058 seconds
[2025-10-08T00:59:52.915+0000] {processor.py:153} INFO - Started process (PID=1089) to work on /home/airflow/.local/lib/python3.7/site-packages/airflow/example_dags/example_local_kubernetes_executor.py
[2025-10-08T00:59:52.916+0000] {processor.py:743} INFO - Processing file /home/airflow/.local/lib/python3.7/site-packages/airflow/example_dags/example_local_kubernetes_executor.py for tasks to queue
[2025-10-08T00:59:52.916+0000] {logging_mixin.py:137} INFO - [2025-10-08T00:59:52.916+0000] {dagbag.py:538} INFO - Filling up the DagBag from /home/airflow/.local/lib/python3.7/site-packages/airflow/example_dags/example_local_kubernetes_executor.py
[2025-10-08T00:59:52.934+0000] {processor.py:753} INFO - DAG(s) dict_keys(['example_local_kubernetes_executor']) retrieved from /home/airflow/.local/lib/python3.7/site-packages/airflow/example_dags/example_local_kubernetes_executor.py
[2025-10-08T00:59:52.950+0000] {logging_mixin.py:137} INFO - [2025-10-08T00:59:52.950+0000] {dag.py:2690} INFO - Sync 1 DAGs
[2025-10-08T00:59:52.965+0000] {logging_mixin.py:137} INFO - [2025-10-08T00:59:52.965+0000] {dag.py:3441} INFO - Setting next_dagrun for example_local_kubernetes_executor to None, run_after=None
[2025-10-08T00:59:52.977+0000] {processor.py:175} INFO - Processing /home/airflow/.local/lib/python3.7/site-packages/airflow/example_dags/example_local_kubernetes_executor.py took 0.064 seconds
[2025-10-08T01:00:23.855+0000] {processor.py:153} INFO - Started process (PID=1175) to work on /home/airflow/.local/lib/python3.7/site-packages/airflow/example_dags/example_local_kubernetes_executor.py
[2025-10-08T01:00:23.855+0000] {processor.py:743} INFO - Processing file /home/airflow/.local/lib/python3.7/site-packages/airflow/example_dags/example_local_kubernetes_executor.py for tasks to queue
[2025-10-08T01:00:23.856+0000] {logging_mixin.py:137} INFO - [2025-10-08T01:00:23.856+0000] {dagbag.py:538} INFO - Filling up the DagBag from /home/airflow/.local/lib/python3.7/site-packages/airflow/example_dags/example_local_kubernetes_executor.py
[2025-10-08T01:00:23.869+0000] {processor.py:753} INFO - DAG(s) dict_keys(['example_local_kubernetes_executor']) retrieved from /home/airflow/.local/lib/python3.7/site-packages/airflow/example_dags/example_local_kubernetes_executor.py
[2025-10-08T01:00:23.883+0000] {logging_mixin.py:137} INFO - [2025-10-08T01:00:23.883+0000] {dag.py:2690} INFO - Sync 1 DAGs
[2025-10-08T01:00:23.896+0000] {logging_mixin.py:137} INFO - [2025-10-08T01:00:23.896+0000] {dag.py:3441} INFO - Setting next_dagrun for example_local_kubernetes_executor to None, run_after=None
[2025-10-08T01:00:23.905+0000] {processor.py:175} INFO - Processing /home/airflow/.local/lib/python3.7/site-packages/airflow/example_dags/example_local_kubernetes_executor.py took 0.053 seconds
[2025-10-08T01:00:54.723+0000] {processor.py:153} INFO - Started process (PID=1270) to work on /home/airflow/.local/lib/python3.7/site-packages/airflow/example_dags/example_local_kubernetes_executor.py
[2025-10-08T01:00:54.723+0000] {processor.py:743} INFO - Processing file /home/airflow/.local/lib/python3.7/site-packages/airflow/example_dags/example_local_kubernetes_executor.py for tasks to queue
[2025-10-08T01:00:54.723+0000] {logging_mixin.py:137} INFO - [2025-10-08T01:00:54.723+0000] {dagbag.py:538} INFO - Filling up the DagBag from /home/airflow/.local/lib/python3.7/site-packages/airflow/example_dags/example_local_kubernetes_executor.py
[2025-10-08T01:00:54.736+0000] {processor.py:753} INFO - DAG(s) dict_keys(['example_local_kubernetes_executor']) retrieved from /home/airflow/.local/lib/python3.7/site-packages/airflow/example_dags/example_local_kubernetes_executor.py
[2025-10-08T01:00:54.752+0000] {logging_mixin.py:137} INFO - [2025-10-08T01:00:54.752+0000] {dag.py:2690} INFO - Sync 1 DAGs
[2025-10-08T01:00:54.765+0000] {logging_mixin.py:137} INFO - [2025-10-08T01:00:54.765+0000] {dag.py:3441} INFO - Setting next_dagrun for example_local_kubernetes_executor to None, run_after=None
[2025-10-08T01:00:54.774+0000] {processor.py:175} INFO - Processing /home/airflow/.local/lib/python3.7/site-packages/airflow/example_dags/example_local_kubernetes_executor.py took 0.054 seconds
[2025-10-08T01:01:25.541+0000] {processor.py:153} INFO - Started process (PID=1365) to work on /home/airflow/.local/lib/python3.7/site-packages/airflow/example_dags/example_local_kubernetes_executor.py
[2025-10-08T01:01:25.542+0000] {processor.py:743} INFO - Processing file /home/airflow/.local/lib/python3.7/site-packages/airflow/example_dags/example_local_kubernetes_executor.py for tasks to queue
[2025-10-08T01:01:25.542+0000] {logging_mixin.py:137} INFO - [2025-10-08T01:01:25.542+0000] {dagbag.py:538} INFO - Filling up the DagBag from /home/airflow/.local/lib/python3.7/site-packages/airflow/example_dags/example_local_kubernetes_executor.py
[2025-10-08T01:01:25.557+0000] {processor.py:753} INFO - DAG(s) dict_keys(['example_local_kubernetes_executor']) retrieved from /home/airflow/.local/lib/python3.7/site-packages/airflow/example_dags/example_local_kubernetes_executor.py
[2025-10-08T01:01:25.574+0000] {logging_mixin.py:137} INFO - [2025-10-08T01:01:25.574+0000] {dag.py:2690} INFO - Sync 1 DAGs
[2025-10-08T01:01:25.588+0000] {logging_mixin.py:137} INFO - [2025-10-08T01:01:25.588+0000] {dag.py:3441} INFO - Setting next_dagrun for example_local_kubernetes_executor to None, run_after=None
[2025-10-08T01:01:25.598+0000] {processor.py:175} INFO - Processing /home/airflow/.local/lib/python3.7/site-packages/airflow/example_dags/example_local_kubernetes_executor.py took 0.058 seconds
