[2025-10-08T00:50:05.429+0000] {processor.py:153} INFO - Started process (PID=58) to work on /home/airflow/.local/lib/python3.7/site-packages/airflow/example_dags/example_time_delta_sensor_async.py
[2025-10-08T00:50:05.430+0000] {processor.py:743} INFO - Processing file /home/airflow/.local/lib/python3.7/site-packages/airflow/example_dags/example_time_delta_sensor_async.py for tasks to queue
[2025-10-08T00:50:05.430+0000] {logging_mixin.py:137} INFO - [2025-10-08T00:50:05.430+0000] {dagbag.py:538} INFO - Filling up the DagBag from /home/airflow/.local/lib/python3.7/site-packages/airflow/example_dags/example_time_delta_sensor_async.py
[2025-10-08T00:50:05.441+0000] {processor.py:753} INFO - DAG(s) dict_keys(['example_time_delta_sensor_async']) retrieved from /home/airflow/.local/lib/python3.7/site-packages/airflow/example_dags/example_time_delta_sensor_async.py
[2025-10-08T00:50:05.455+0000] {logging_mixin.py:137} INFO - [2025-10-08T00:50:05.454+0000] {dag.py:2690} INFO - Sync 1 DAGs
[2025-10-08T00:50:05.471+0000] {logging_mixin.py:137} INFO - [2025-10-08T00:50:05.471+0000] {dag.py:3441} INFO - Setting next_dagrun for example_time_delta_sensor_async to None, run_after=None
[2025-10-08T00:50:05.499+0000] {processor.py:175} INFO - Processing /home/airflow/.local/lib/python3.7/site-packages/airflow/example_dags/example_time_delta_sensor_async.py took 0.074 seconds
[2025-10-08T00:50:36.106+0000] {processor.py:153} INFO - Started process (PID=153) to work on /home/airflow/.local/lib/python3.7/site-packages/airflow/example_dags/example_time_delta_sensor_async.py
[2025-10-08T00:50:36.107+0000] {processor.py:743} INFO - Processing file /home/airflow/.local/lib/python3.7/site-packages/airflow/example_dags/example_time_delta_sensor_async.py for tasks to queue
[2025-10-08T00:50:36.109+0000] {logging_mixin.py:137} INFO - [2025-10-08T00:50:36.108+0000] {dagbag.py:538} INFO - Filling up the DagBag from /home/airflow/.local/lib/python3.7/site-packages/airflow/example_dags/example_time_delta_sensor_async.py
[2025-10-08T00:50:36.119+0000] {processor.py:753} INFO - DAG(s) dict_keys(['example_time_delta_sensor_async']) retrieved from /home/airflow/.local/lib/python3.7/site-packages/airflow/example_dags/example_time_delta_sensor_async.py
[2025-10-08T00:50:36.134+0000] {logging_mixin.py:137} INFO - [2025-10-08T00:50:36.134+0000] {dag.py:2690} INFO - Sync 1 DAGs
[2025-10-08T00:50:36.149+0000] {logging_mixin.py:137} INFO - [2025-10-08T00:50:36.149+0000] {dag.py:3441} INFO - Setting next_dagrun for example_time_delta_sensor_async to None, run_after=None
[2025-10-08T00:50:36.163+0000] {processor.py:175} INFO - Processing /home/airflow/.local/lib/python3.7/site-packages/airflow/example_dags/example_time_delta_sensor_async.py took 0.059 seconds
[2025-10-08T00:51:07.279+0000] {processor.py:153} INFO - Started process (PID=248) to work on /home/airflow/.local/lib/python3.7/site-packages/airflow/example_dags/example_time_delta_sensor_async.py
[2025-10-08T00:51:07.280+0000] {processor.py:743} INFO - Processing file /home/airflow/.local/lib/python3.7/site-packages/airflow/example_dags/example_time_delta_sensor_async.py for tasks to queue
[2025-10-08T00:51:07.281+0000] {logging_mixin.py:137} INFO - [2025-10-08T00:51:07.281+0000] {dagbag.py:538} INFO - Filling up the DagBag from /home/airflow/.local/lib/python3.7/site-packages/airflow/example_dags/example_time_delta_sensor_async.py
[2025-10-08T00:51:07.290+0000] {processor.py:753} INFO - DAG(s) dict_keys(['example_time_delta_sensor_async']) retrieved from /home/airflow/.local/lib/python3.7/site-packages/airflow/example_dags/example_time_delta_sensor_async.py
[2025-10-08T00:51:07.313+0000] {logging_mixin.py:137} INFO - [2025-10-08T00:51:07.313+0000] {dag.py:2690} INFO - Sync 1 DAGs
[2025-10-08T00:51:07.334+0000] {logging_mixin.py:137} INFO - [2025-10-08T00:51:07.334+0000] {dag.py:3441} INFO - Setting next_dagrun for example_time_delta_sensor_async to None, run_after=None
[2025-10-08T00:51:07.349+0000] {processor.py:175} INFO - Processing /home/airflow/.local/lib/python3.7/site-packages/airflow/example_dags/example_time_delta_sensor_async.py took 0.073 seconds
[2025-10-08T00:51:38.313+0000] {processor.py:153} INFO - Started process (PID=325) to work on /home/airflow/.local/lib/python3.7/site-packages/airflow/example_dags/example_time_delta_sensor_async.py
[2025-10-08T00:51:38.313+0000] {processor.py:743} INFO - Processing file /home/airflow/.local/lib/python3.7/site-packages/airflow/example_dags/example_time_delta_sensor_async.py for tasks to queue
[2025-10-08T00:51:38.314+0000] {logging_mixin.py:137} INFO - [2025-10-08T00:51:38.314+0000] {dagbag.py:538} INFO - Filling up the DagBag from /home/airflow/.local/lib/python3.7/site-packages/airflow/example_dags/example_time_delta_sensor_async.py
[2025-10-08T00:51:38.321+0000] {processor.py:753} INFO - DAG(s) dict_keys(['example_time_delta_sensor_async']) retrieved from /home/airflow/.local/lib/python3.7/site-packages/airflow/example_dags/example_time_delta_sensor_async.py
[2025-10-08T00:51:38.335+0000] {logging_mixin.py:137} INFO - [2025-10-08T00:51:38.335+0000] {dag.py:2690} INFO - Sync 1 DAGs
[2025-10-08T00:51:38.349+0000] {logging_mixin.py:137} INFO - [2025-10-08T00:51:38.348+0000] {dag.py:3441} INFO - Setting next_dagrun for example_time_delta_sensor_async to None, run_after=None
[2025-10-08T00:51:38.366+0000] {processor.py:175} INFO - Processing /home/airflow/.local/lib/python3.7/site-packages/airflow/example_dags/example_time_delta_sensor_async.py took 0.055 seconds
[2025-10-08T00:52:09.214+0000] {processor.py:153} INFO - Started process (PID=419) to work on /home/airflow/.local/lib/python3.7/site-packages/airflow/example_dags/example_time_delta_sensor_async.py
[2025-10-08T00:52:09.214+0000] {processor.py:743} INFO - Processing file /home/airflow/.local/lib/python3.7/site-packages/airflow/example_dags/example_time_delta_sensor_async.py for tasks to queue
[2025-10-08T00:52:09.215+0000] {logging_mixin.py:137} INFO - [2025-10-08T00:52:09.215+0000] {dagbag.py:538} INFO - Filling up the DagBag from /home/airflow/.local/lib/python3.7/site-packages/airflow/example_dags/example_time_delta_sensor_async.py
[2025-10-08T00:52:09.222+0000] {processor.py:753} INFO - DAG(s) dict_keys(['example_time_delta_sensor_async']) retrieved from /home/airflow/.local/lib/python3.7/site-packages/airflow/example_dags/example_time_delta_sensor_async.py
[2025-10-08T00:52:09.242+0000] {logging_mixin.py:137} INFO - [2025-10-08T00:52:09.242+0000] {dag.py:2690} INFO - Sync 1 DAGs
[2025-10-08T00:52:09.257+0000] {logging_mixin.py:137} INFO - [2025-10-08T00:52:09.257+0000] {dag.py:3441} INFO - Setting next_dagrun for example_time_delta_sensor_async to None, run_after=None
[2025-10-08T00:52:09.271+0000] {processor.py:175} INFO - Processing /home/airflow/.local/lib/python3.7/site-packages/airflow/example_dags/example_time_delta_sensor_async.py took 0.059 seconds
[2025-10-08T00:52:40.176+0000] {processor.py:153} INFO - Started process (PID=514) to work on /home/airflow/.local/lib/python3.7/site-packages/airflow/example_dags/example_time_delta_sensor_async.py
[2025-10-08T00:52:40.178+0000] {processor.py:743} INFO - Processing file /home/airflow/.local/lib/python3.7/site-packages/airflow/example_dags/example_time_delta_sensor_async.py for tasks to queue
[2025-10-08T00:52:40.179+0000] {logging_mixin.py:137} INFO - [2025-10-08T00:52:40.179+0000] {dagbag.py:538} INFO - Filling up the DagBag from /home/airflow/.local/lib/python3.7/site-packages/airflow/example_dags/example_time_delta_sensor_async.py
[2025-10-08T00:52:40.186+0000] {processor.py:753} INFO - DAG(s) dict_keys(['example_time_delta_sensor_async']) retrieved from /home/airflow/.local/lib/python3.7/site-packages/airflow/example_dags/example_time_delta_sensor_async.py
[2025-10-08T00:52:40.200+0000] {logging_mixin.py:137} INFO - [2025-10-08T00:52:40.199+0000] {dag.py:2690} INFO - Sync 1 DAGs
[2025-10-08T00:52:40.213+0000] {logging_mixin.py:137} INFO - [2025-10-08T00:52:40.213+0000] {dag.py:3441} INFO - Setting next_dagrun for example_time_delta_sensor_async to None, run_after=None
[2025-10-08T00:52:40.226+0000] {processor.py:175} INFO - Processing /home/airflow/.local/lib/python3.7/site-packages/airflow/example_dags/example_time_delta_sensor_async.py took 0.052 seconds
[2025-10-08T00:54:15.597+0000] {processor.py:153} INFO - Started process (PID=120) to work on /home/airflow/.local/lib/python3.7/site-packages/airflow/example_dags/example_time_delta_sensor_async.py
[2025-10-08T00:54:15.598+0000] {processor.py:743} INFO - Processing file /home/airflow/.local/lib/python3.7/site-packages/airflow/example_dags/example_time_delta_sensor_async.py for tasks to queue
[2025-10-08T00:54:15.599+0000] {logging_mixin.py:137} INFO - [2025-10-08T00:54:15.599+0000] {dagbag.py:538} INFO - Filling up the DagBag from /home/airflow/.local/lib/python3.7/site-packages/airflow/example_dags/example_time_delta_sensor_async.py
[2025-10-08T00:54:15.609+0000] {processor.py:753} INFO - DAG(s) dict_keys(['example_time_delta_sensor_async']) retrieved from /home/airflow/.local/lib/python3.7/site-packages/airflow/example_dags/example_time_delta_sensor_async.py
[2025-10-08T00:54:15.629+0000] {logging_mixin.py:137} INFO - [2025-10-08T00:54:15.629+0000] {dag.py:2690} INFO - Sync 1 DAGs
[2025-10-08T00:54:15.645+0000] {logging_mixin.py:137} INFO - [2025-10-08T00:54:15.645+0000] {dag.py:3441} INFO - Setting next_dagrun for example_time_delta_sensor_async to None, run_after=None
[2025-10-08T00:54:15.658+0000] {processor.py:175} INFO - Processing /home/airflow/.local/lib/python3.7/site-packages/airflow/example_dags/example_time_delta_sensor_async.py took 0.063 seconds
[2025-10-08T00:54:45.943+0000] {processor.py:153} INFO - Started process (PID=197) to work on /home/airflow/.local/lib/python3.7/site-packages/airflow/example_dags/example_time_delta_sensor_async.py
[2025-10-08T00:54:45.944+0000] {processor.py:743} INFO - Processing file /home/airflow/.local/lib/python3.7/site-packages/airflow/example_dags/example_time_delta_sensor_async.py for tasks to queue
[2025-10-08T00:54:45.945+0000] {logging_mixin.py:137} INFO - [2025-10-08T00:54:45.945+0000] {dagbag.py:538} INFO - Filling up the DagBag from /home/airflow/.local/lib/python3.7/site-packages/airflow/example_dags/example_time_delta_sensor_async.py
[2025-10-08T00:54:45.954+0000] {processor.py:753} INFO - DAG(s) dict_keys(['example_time_delta_sensor_async']) retrieved from /home/airflow/.local/lib/python3.7/site-packages/airflow/example_dags/example_time_delta_sensor_async.py
[2025-10-08T00:54:45.985+0000] {logging_mixin.py:137} INFO - [2025-10-08T00:54:45.985+0000] {dag.py:2690} INFO - Sync 1 DAGs
[2025-10-08T00:54:46.003+0000] {logging_mixin.py:137} INFO - [2025-10-08T00:54:46.003+0000] {dag.py:3441} INFO - Setting next_dagrun for example_time_delta_sensor_async to None, run_after=None
[2025-10-08T00:54:46.019+0000] {processor.py:175} INFO - Processing /home/airflow/.local/lib/python3.7/site-packages/airflow/example_dags/example_time_delta_sensor_async.py took 0.078 seconds
[2025-10-08T00:55:16.839+0000] {processor.py:153} INFO - Started process (PID=290) to work on /home/airflow/.local/lib/python3.7/site-packages/airflow/example_dags/example_time_delta_sensor_async.py
[2025-10-08T00:55:16.840+0000] {processor.py:743} INFO - Processing file /home/airflow/.local/lib/python3.7/site-packages/airflow/example_dags/example_time_delta_sensor_async.py for tasks to queue
[2025-10-08T00:55:16.841+0000] {logging_mixin.py:137} INFO - [2025-10-08T00:55:16.841+0000] {dagbag.py:538} INFO - Filling up the DagBag from /home/airflow/.local/lib/python3.7/site-packages/airflow/example_dags/example_time_delta_sensor_async.py
[2025-10-08T00:55:16.848+0000] {processor.py:753} INFO - DAG(s) dict_keys(['example_time_delta_sensor_async']) retrieved from /home/airflow/.local/lib/python3.7/site-packages/airflow/example_dags/example_time_delta_sensor_async.py
[2025-10-08T00:55:16.861+0000] {logging_mixin.py:137} INFO - [2025-10-08T00:55:16.861+0000] {dag.py:2690} INFO - Sync 1 DAGs
[2025-10-08T00:55:16.875+0000] {logging_mixin.py:137} INFO - [2025-10-08T00:55:16.875+0000] {dag.py:3441} INFO - Setting next_dagrun for example_time_delta_sensor_async to None, run_after=None
[2025-10-08T00:55:16.886+0000] {processor.py:175} INFO - Processing /home/airflow/.local/lib/python3.7/site-packages/airflow/example_dags/example_time_delta_sensor_async.py took 0.048 seconds
[2025-10-08T00:55:47.670+0000] {processor.py:153} INFO - Started process (PID=385) to work on /home/airflow/.local/lib/python3.7/site-packages/airflow/example_dags/example_time_delta_sensor_async.py
[2025-10-08T00:55:47.671+0000] {processor.py:743} INFO - Processing file /home/airflow/.local/lib/python3.7/site-packages/airflow/example_dags/example_time_delta_sensor_async.py for tasks to queue
[2025-10-08T00:55:47.672+0000] {logging_mixin.py:137} INFO - [2025-10-08T00:55:47.672+0000] {dagbag.py:538} INFO - Filling up the DagBag from /home/airflow/.local/lib/python3.7/site-packages/airflow/example_dags/example_time_delta_sensor_async.py
[2025-10-08T00:55:47.679+0000] {processor.py:753} INFO - DAG(s) dict_keys(['example_time_delta_sensor_async']) retrieved from /home/airflow/.local/lib/python3.7/site-packages/airflow/example_dags/example_time_delta_sensor_async.py
[2025-10-08T00:55:47.694+0000] {logging_mixin.py:137} INFO - [2025-10-08T00:55:47.693+0000] {dag.py:2690} INFO - Sync 1 DAGs
[2025-10-08T00:55:47.708+0000] {logging_mixin.py:137} INFO - [2025-10-08T00:55:47.708+0000] {dag.py:3441} INFO - Setting next_dagrun for example_time_delta_sensor_async to None, run_after=None
[2025-10-08T00:55:47.731+0000] {processor.py:175} INFO - Processing /home/airflow/.local/lib/python3.7/site-packages/airflow/example_dags/example_time_delta_sensor_async.py took 0.063 seconds
[2025-10-08T00:56:18.640+0000] {processor.py:153} INFO - Started process (PID=480) to work on /home/airflow/.local/lib/python3.7/site-packages/airflow/example_dags/example_time_delta_sensor_async.py
[2025-10-08T00:56:18.641+0000] {processor.py:743} INFO - Processing file /home/airflow/.local/lib/python3.7/site-packages/airflow/example_dags/example_time_delta_sensor_async.py for tasks to queue
[2025-10-08T00:56:18.642+0000] {logging_mixin.py:137} INFO - [2025-10-08T00:56:18.642+0000] {dagbag.py:538} INFO - Filling up the DagBag from /home/airflow/.local/lib/python3.7/site-packages/airflow/example_dags/example_time_delta_sensor_async.py
[2025-10-08T00:56:18.648+0000] {processor.py:753} INFO - DAG(s) dict_keys(['example_time_delta_sensor_async']) retrieved from /home/airflow/.local/lib/python3.7/site-packages/airflow/example_dags/example_time_delta_sensor_async.py
[2025-10-08T00:56:18.663+0000] {logging_mixin.py:137} INFO - [2025-10-08T00:56:18.662+0000] {dag.py:2690} INFO - Sync 1 DAGs
[2025-10-08T00:56:18.677+0000] {logging_mixin.py:137} INFO - [2025-10-08T00:56:18.677+0000] {dag.py:3441} INFO - Setting next_dagrun for example_time_delta_sensor_async to None, run_after=None
[2025-10-08T00:56:18.688+0000] {processor.py:175} INFO - Processing /home/airflow/.local/lib/python3.7/site-packages/airflow/example_dags/example_time_delta_sensor_async.py took 0.050 seconds
[2025-10-08T00:56:49.422+0000] {processor.py:153} INFO - Started process (PID=557) to work on /home/airflow/.local/lib/python3.7/site-packages/airflow/example_dags/example_time_delta_sensor_async.py
[2025-10-08T00:56:49.424+0000] {processor.py:743} INFO - Processing file /home/airflow/.local/lib/python3.7/site-packages/airflow/example_dags/example_time_delta_sensor_async.py for tasks to queue
[2025-10-08T00:56:49.424+0000] {logging_mixin.py:137} INFO - [2025-10-08T00:56:49.424+0000] {dagbag.py:538} INFO - Filling up the DagBag from /home/airflow/.local/lib/python3.7/site-packages/airflow/example_dags/example_time_delta_sensor_async.py
[2025-10-08T00:56:49.431+0000] {processor.py:753} INFO - DAG(s) dict_keys(['example_time_delta_sensor_async']) retrieved from /home/airflow/.local/lib/python3.7/site-packages/airflow/example_dags/example_time_delta_sensor_async.py
[2025-10-08T00:56:49.445+0000] {logging_mixin.py:137} INFO - [2025-10-08T00:56:49.445+0000] {dag.py:2690} INFO - Sync 1 DAGs
[2025-10-08T00:56:49.459+0000] {logging_mixin.py:137} INFO - [2025-10-08T00:56:49.459+0000] {dag.py:3441} INFO - Setting next_dagrun for example_time_delta_sensor_async to None, run_after=None
[2025-10-08T00:56:49.471+0000] {processor.py:175} INFO - Processing /home/airflow/.local/lib/python3.7/site-packages/airflow/example_dags/example_time_delta_sensor_async.py took 0.050 seconds
[2025-10-08T00:57:19.543+0000] {processor.py:153} INFO - Started process (PID=652) to work on /home/airflow/.local/lib/python3.7/site-packages/airflow/example_dags/example_time_delta_sensor_async.py
[2025-10-08T00:57:19.543+0000] {processor.py:743} INFO - Processing file /home/airflow/.local/lib/python3.7/site-packages/airflow/example_dags/example_time_delta_sensor_async.py for tasks to queue
[2025-10-08T00:57:19.544+0000] {logging_mixin.py:137} INFO - [2025-10-08T00:57:19.544+0000] {dagbag.py:538} INFO - Filling up the DagBag from /home/airflow/.local/lib/python3.7/site-packages/airflow/example_dags/example_time_delta_sensor_async.py
[2025-10-08T00:57:19.550+0000] {processor.py:753} INFO - DAG(s) dict_keys(['example_time_delta_sensor_async']) retrieved from /home/airflow/.local/lib/python3.7/site-packages/airflow/example_dags/example_time_delta_sensor_async.py
[2025-10-08T00:57:19.565+0000] {logging_mixin.py:137} INFO - [2025-10-08T00:57:19.565+0000] {dag.py:2690} INFO - Sync 1 DAGs
[2025-10-08T00:57:19.579+0000] {logging_mixin.py:137} INFO - [2025-10-08T00:57:19.579+0000] {dag.py:3441} INFO - Setting next_dagrun for example_time_delta_sensor_async to None, run_after=None
[2025-10-08T00:57:19.590+0000] {processor.py:175} INFO - Processing /home/airflow/.local/lib/python3.7/site-packages/airflow/example_dags/example_time_delta_sensor_async.py took 0.049 seconds
[2025-10-08T00:57:50.492+0000] {processor.py:153} INFO - Started process (PID=747) to work on /home/airflow/.local/lib/python3.7/site-packages/airflow/example_dags/example_time_delta_sensor_async.py
[2025-10-08T00:57:50.494+0000] {processor.py:743} INFO - Processing file /home/airflow/.local/lib/python3.7/site-packages/airflow/example_dags/example_time_delta_sensor_async.py for tasks to queue
[2025-10-08T00:57:50.495+0000] {logging_mixin.py:137} INFO - [2025-10-08T00:57:50.495+0000] {dagbag.py:538} INFO - Filling up the DagBag from /home/airflow/.local/lib/python3.7/site-packages/airflow/example_dags/example_time_delta_sensor_async.py
[2025-10-08T00:57:50.502+0000] {processor.py:753} INFO - DAG(s) dict_keys(['example_time_delta_sensor_async']) retrieved from /home/airflow/.local/lib/python3.7/site-packages/airflow/example_dags/example_time_delta_sensor_async.py
[2025-10-08T00:57:50.517+0000] {logging_mixin.py:137} INFO - [2025-10-08T00:57:50.517+0000] {dag.py:2690} INFO - Sync 1 DAGs
[2025-10-08T00:57:50.531+0000] {logging_mixin.py:137} INFO - [2025-10-08T00:57:50.531+0000] {dag.py:3441} INFO - Setting next_dagrun for example_time_delta_sensor_async to None, run_after=None
[2025-10-08T00:57:50.543+0000] {processor.py:175} INFO - Processing /home/airflow/.local/lib/python3.7/site-packages/airflow/example_dags/example_time_delta_sensor_async.py took 0.053 seconds
[2025-10-08T00:58:21.397+0000] {processor.py:153} INFO - Started process (PID=824) to work on /home/airflow/.local/lib/python3.7/site-packages/airflow/example_dags/example_time_delta_sensor_async.py
[2025-10-08T00:58:21.398+0000] {processor.py:743} INFO - Processing file /home/airflow/.local/lib/python3.7/site-packages/airflow/example_dags/example_time_delta_sensor_async.py for tasks to queue
[2025-10-08T00:58:21.399+0000] {logging_mixin.py:137} INFO - [2025-10-08T00:58:21.399+0000] {dagbag.py:538} INFO - Filling up the DagBag from /home/airflow/.local/lib/python3.7/site-packages/airflow/example_dags/example_time_delta_sensor_async.py
[2025-10-08T00:58:21.407+0000] {processor.py:753} INFO - DAG(s) dict_keys(['example_time_delta_sensor_async']) retrieved from /home/airflow/.local/lib/python3.7/site-packages/airflow/example_dags/example_time_delta_sensor_async.py
[2025-10-08T00:58:21.422+0000] {logging_mixin.py:137} INFO - [2025-10-08T00:58:21.422+0000] {dag.py:2690} INFO - Sync 1 DAGs
[2025-10-08T00:58:21.435+0000] {logging_mixin.py:137} INFO - [2025-10-08T00:58:21.435+0000] {dag.py:3441} INFO - Setting next_dagrun for example_time_delta_sensor_async to None, run_after=None
[2025-10-08T00:58:21.448+0000] {processor.py:175} INFO - Processing /home/airflow/.local/lib/python3.7/site-packages/airflow/example_dags/example_time_delta_sensor_async.py took 0.053 seconds
[2025-10-08T00:58:52.434+0000] {processor.py:153} INFO - Started process (PID=919) to work on /home/airflow/.local/lib/python3.7/site-packages/airflow/example_dags/example_time_delta_sensor_async.py
[2025-10-08T00:58:52.435+0000] {processor.py:743} INFO - Processing file /home/airflow/.local/lib/python3.7/site-packages/airflow/example_dags/example_time_delta_sensor_async.py for tasks to queue
[2025-10-08T00:58:52.435+0000] {logging_mixin.py:137} INFO - [2025-10-08T00:58:52.435+0000] {dagbag.py:538} INFO - Filling up the DagBag from /home/airflow/.local/lib/python3.7/site-packages/airflow/example_dags/example_time_delta_sensor_async.py
[2025-10-08T00:58:52.444+0000] {processor.py:753} INFO - DAG(s) dict_keys(['example_time_delta_sensor_async']) retrieved from /home/airflow/.local/lib/python3.7/site-packages/airflow/example_dags/example_time_delta_sensor_async.py
[2025-10-08T00:58:52.462+0000] {logging_mixin.py:137} INFO - [2025-10-08T00:58:52.462+0000] {dag.py:2690} INFO - Sync 1 DAGs
[2025-10-08T00:58:52.477+0000] {logging_mixin.py:137} INFO - [2025-10-08T00:58:52.477+0000] {dag.py:3441} INFO - Setting next_dagrun for example_time_delta_sensor_async to None, run_after=None
[2025-10-08T00:58:52.493+0000] {processor.py:175} INFO - Processing /home/airflow/.local/lib/python3.7/site-packages/airflow/example_dags/example_time_delta_sensor_async.py took 0.062 seconds
[2025-10-08T00:59:22.558+0000] {processor.py:153} INFO - Started process (PID=1014) to work on /home/airflow/.local/lib/python3.7/site-packages/airflow/example_dags/example_time_delta_sensor_async.py
[2025-10-08T00:59:22.559+0000] {processor.py:743} INFO - Processing file /home/airflow/.local/lib/python3.7/site-packages/airflow/example_dags/example_time_delta_sensor_async.py for tasks to queue
[2025-10-08T00:59:22.560+0000] {logging_mixin.py:137} INFO - [2025-10-08T00:59:22.560+0000] {dagbag.py:538} INFO - Filling up the DagBag from /home/airflow/.local/lib/python3.7/site-packages/airflow/example_dags/example_time_delta_sensor_async.py
[2025-10-08T00:59:22.568+0000] {processor.py:753} INFO - DAG(s) dict_keys(['example_time_delta_sensor_async']) retrieved from /home/airflow/.local/lib/python3.7/site-packages/airflow/example_dags/example_time_delta_sensor_async.py
[2025-10-08T00:59:22.583+0000] {logging_mixin.py:137} INFO - [2025-10-08T00:59:22.583+0000] {dag.py:2690} INFO - Sync 1 DAGs
[2025-10-08T00:59:22.596+0000] {logging_mixin.py:137} INFO - [2025-10-08T00:59:22.596+0000] {dag.py:3441} INFO - Setting next_dagrun for example_time_delta_sensor_async to None, run_after=None
[2025-10-08T00:59:22.611+0000] {processor.py:175} INFO - Processing /home/airflow/.local/lib/python3.7/site-packages/airflow/example_dags/example_time_delta_sensor_async.py took 0.055 seconds
[2025-10-08T00:59:53.399+0000] {processor.py:153} INFO - Started process (PID=1109) to work on /home/airflow/.local/lib/python3.7/site-packages/airflow/example_dags/example_time_delta_sensor_async.py
[2025-10-08T00:59:53.400+0000] {processor.py:743} INFO - Processing file /home/airflow/.local/lib/python3.7/site-packages/airflow/example_dags/example_time_delta_sensor_async.py for tasks to queue
[2025-10-08T00:59:53.400+0000] {logging_mixin.py:137} INFO - [2025-10-08T00:59:53.400+0000] {dagbag.py:538} INFO - Filling up the DagBag from /home/airflow/.local/lib/python3.7/site-packages/airflow/example_dags/example_time_delta_sensor_async.py
[2025-10-08T00:59:53.409+0000] {processor.py:753} INFO - DAG(s) dict_keys(['example_time_delta_sensor_async']) retrieved from /home/airflow/.local/lib/python3.7/site-packages/airflow/example_dags/example_time_delta_sensor_async.py
[2025-10-08T00:59:53.424+0000] {logging_mixin.py:137} INFO - [2025-10-08T00:59:53.424+0000] {dag.py:2690} INFO - Sync 1 DAGs
[2025-10-08T00:59:53.438+0000] {logging_mixin.py:137} INFO - [2025-10-08T00:59:53.438+0000] {dag.py:3441} INFO - Setting next_dagrun for example_time_delta_sensor_async to None, run_after=None
[2025-10-08T00:59:53.451+0000] {processor.py:175} INFO - Processing /home/airflow/.local/lib/python3.7/site-packages/airflow/example_dags/example_time_delta_sensor_async.py took 0.057 seconds
[2025-10-08T01:00:24.235+0000] {processor.py:153} INFO - Started process (PID=1186) to work on /home/airflow/.local/lib/python3.7/site-packages/airflow/example_dags/example_time_delta_sensor_async.py
[2025-10-08T01:00:24.236+0000] {processor.py:743} INFO - Processing file /home/airflow/.local/lib/python3.7/site-packages/airflow/example_dags/example_time_delta_sensor_async.py for tasks to queue
[2025-10-08T01:00:24.237+0000] {logging_mixin.py:137} INFO - [2025-10-08T01:00:24.237+0000] {dagbag.py:538} INFO - Filling up the DagBag from /home/airflow/.local/lib/python3.7/site-packages/airflow/example_dags/example_time_delta_sensor_async.py
[2025-10-08T01:00:24.244+0000] {processor.py:753} INFO - DAG(s) dict_keys(['example_time_delta_sensor_async']) retrieved from /home/airflow/.local/lib/python3.7/site-packages/airflow/example_dags/example_time_delta_sensor_async.py
[2025-10-08T01:00:24.258+0000] {logging_mixin.py:137} INFO - [2025-10-08T01:00:24.258+0000] {dag.py:2690} INFO - Sync 1 DAGs
[2025-10-08T01:00:24.271+0000] {logging_mixin.py:137} INFO - [2025-10-08T01:00:24.271+0000] {dag.py:3441} INFO - Setting next_dagrun for example_time_delta_sensor_async to None, run_after=None
[2025-10-08T01:00:24.280+0000] {processor.py:175} INFO - Processing /home/airflow/.local/lib/python3.7/site-packages/airflow/example_dags/example_time_delta_sensor_async.py took 0.046 seconds
[2025-10-08T01:00:55.127+0000] {processor.py:153} INFO - Started process (PID=1281) to work on /home/airflow/.local/lib/python3.7/site-packages/airflow/example_dags/example_time_delta_sensor_async.py
[2025-10-08T01:00:55.131+0000] {processor.py:743} INFO - Processing file /home/airflow/.local/lib/python3.7/site-packages/airflow/example_dags/example_time_delta_sensor_async.py for tasks to queue
[2025-10-08T01:00:55.132+0000] {logging_mixin.py:137} INFO - [2025-10-08T01:00:55.132+0000] {dagbag.py:538} INFO - Filling up the DagBag from /home/airflow/.local/lib/python3.7/site-packages/airflow/example_dags/example_time_delta_sensor_async.py
[2025-10-08T01:00:55.140+0000] {processor.py:753} INFO - DAG(s) dict_keys(['example_time_delta_sensor_async']) retrieved from /home/airflow/.local/lib/python3.7/site-packages/airflow/example_dags/example_time_delta_sensor_async.py
[2025-10-08T01:00:55.155+0000] {logging_mixin.py:137} INFO - [2025-10-08T01:00:55.155+0000] {dag.py:2690} INFO - Sync 1 DAGs
[2025-10-08T01:00:55.173+0000] {logging_mixin.py:137} INFO - [2025-10-08T01:00:55.173+0000] {dag.py:3441} INFO - Setting next_dagrun for example_time_delta_sensor_async to None, run_after=None
[2025-10-08T01:00:55.184+0000] {processor.py:175} INFO - Processing /home/airflow/.local/lib/python3.7/site-packages/airflow/example_dags/example_time_delta_sensor_async.py took 0.059 seconds
[2025-10-08T01:01:25.922+0000] {processor.py:153} INFO - Started process (PID=1376) to work on /home/airflow/.local/lib/python3.7/site-packages/airflow/example_dags/example_time_delta_sensor_async.py
[2025-10-08T01:01:25.922+0000] {processor.py:743} INFO - Processing file /home/airflow/.local/lib/python3.7/site-packages/airflow/example_dags/example_time_delta_sensor_async.py for tasks to queue
[2025-10-08T01:01:25.923+0000] {logging_mixin.py:137} INFO - [2025-10-08T01:01:25.923+0000] {dagbag.py:538} INFO - Filling up the DagBag from /home/airflow/.local/lib/python3.7/site-packages/airflow/example_dags/example_time_delta_sensor_async.py
[2025-10-08T01:01:25.929+0000] {processor.py:753} INFO - DAG(s) dict_keys(['example_time_delta_sensor_async']) retrieved from /home/airflow/.local/lib/python3.7/site-packages/airflow/example_dags/example_time_delta_sensor_async.py
[2025-10-08T01:01:25.943+0000] {logging_mixin.py:137} INFO - [2025-10-08T01:01:25.943+0000] {dag.py:2690} INFO - Sync 1 DAGs
[2025-10-08T01:01:25.956+0000] {logging_mixin.py:137} INFO - [2025-10-08T01:01:25.956+0000] {dag.py:3441} INFO - Setting next_dagrun for example_time_delta_sensor_async to None, run_after=None
[2025-10-08T01:01:25.966+0000] {processor.py:175} INFO - Processing /home/airflow/.local/lib/python3.7/site-packages/airflow/example_dags/example_time_delta_sensor_async.py took 0.046 seconds
