[2025-10-08T00:50:05.882+0000] {processor.py:153} INFO - Started process (PID=67) to work on /home/airflow/.local/lib/python3.7/site-packages/airflow/example_dags/example_skip_dag.py
[2025-10-08T00:50:05.882+0000] {processor.py:743} INFO - Processing file /home/airflow/.local/lib/python3.7/site-packages/airflow/example_dags/example_skip_dag.py for tasks to queue
[2025-10-08T00:50:05.883+0000] {logging_mixin.py:137} INFO - [2025-10-08T00:50:05.883+0000] {dagbag.py:538} INFO - Filling up the DagBag from /home/airflow/.local/lib/python3.7/site-packages/airflow/example_dags/example_skip_dag.py
[2025-10-08T00:50:05.893+0000] {processor.py:753} INFO - DAG(s) dict_keys(['example_skip_dag']) retrieved from /home/airflow/.local/lib/python3.7/site-packages/airflow/example_dags/example_skip_dag.py
[2025-10-08T00:50:05.904+0000] {logging_mixin.py:137} INFO - [2025-10-08T00:50:05.904+0000] {dag.py:2690} INFO - Sync 1 DAGs
[2025-10-08T00:50:05.922+0000] {logging_mixin.py:137} INFO - [2025-10-08T00:50:05.921+0000] {dag.py:3441} INFO - Setting next_dagrun for example_skip_dag to 2025-10-07T00:50:05.921581+00:00, run_after=2025-10-08T00:50:05.921581+00:00
[2025-10-08T00:50:05.943+0000] {processor.py:175} INFO - Processing /home/airflow/.local/lib/python3.7/site-packages/airflow/example_dags/example_skip_dag.py took 0.064 seconds
[2025-10-08T00:50:36.450+0000] {processor.py:153} INFO - Started process (PID=162) to work on /home/airflow/.local/lib/python3.7/site-packages/airflow/example_dags/example_skip_dag.py
[2025-10-08T00:50:36.451+0000] {processor.py:743} INFO - Processing file /home/airflow/.local/lib/python3.7/site-packages/airflow/example_dags/example_skip_dag.py for tasks to queue
[2025-10-08T00:50:36.451+0000] {logging_mixin.py:137} INFO - [2025-10-08T00:50:36.451+0000] {dagbag.py:538} INFO - Filling up the DagBag from /home/airflow/.local/lib/python3.7/site-packages/airflow/example_dags/example_skip_dag.py
[2025-10-08T00:50:36.464+0000] {processor.py:753} INFO - DAG(s) dict_keys(['example_skip_dag']) retrieved from /home/airflow/.local/lib/python3.7/site-packages/airflow/example_dags/example_skip_dag.py
[2025-10-08T00:50:36.481+0000] {logging_mixin.py:137} INFO - [2025-10-08T00:50:36.480+0000] {dag.py:2690} INFO - Sync 1 DAGs
[2025-10-08T00:50:36.494+0000] {logging_mixin.py:137} INFO - [2025-10-08T00:50:36.494+0000] {dag.py:3441} INFO - Setting next_dagrun for example_skip_dag to 2025-10-07T00:50:36.494135+00:00, run_after=2025-10-08T00:50:36.494135+00:00
[2025-10-08T00:50:36.510+0000] {processor.py:175} INFO - Processing /home/airflow/.local/lib/python3.7/site-packages/airflow/example_dags/example_skip_dag.py took 0.061 seconds
[2025-10-08T00:51:07.639+0000] {processor.py:153} INFO - Started process (PID=257) to work on /home/airflow/.local/lib/python3.7/site-packages/airflow/example_dags/example_skip_dag.py
[2025-10-08T00:51:07.640+0000] {processor.py:743} INFO - Processing file /home/airflow/.local/lib/python3.7/site-packages/airflow/example_dags/example_skip_dag.py for tasks to queue
[2025-10-08T00:51:07.640+0000] {logging_mixin.py:137} INFO - [2025-10-08T00:51:07.640+0000] {dagbag.py:538} INFO - Filling up the DagBag from /home/airflow/.local/lib/python3.7/site-packages/airflow/example_dags/example_skip_dag.py
[2025-10-08T00:51:07.650+0000] {processor.py:753} INFO - DAG(s) dict_keys(['example_skip_dag']) retrieved from /home/airflow/.local/lib/python3.7/site-packages/airflow/example_dags/example_skip_dag.py
[2025-10-08T00:51:07.668+0000] {logging_mixin.py:137} INFO - [2025-10-08T00:51:07.668+0000] {dag.py:2690} INFO - Sync 1 DAGs
[2025-10-08T00:51:07.684+0000] {logging_mixin.py:137} INFO - [2025-10-08T00:51:07.684+0000] {dag.py:3441} INFO - Setting next_dagrun for example_skip_dag to 2025-10-07T00:51:07.684259+00:00, run_after=2025-10-08T00:51:07.684259+00:00
[2025-10-08T00:51:07.700+0000] {processor.py:175} INFO - Processing /home/airflow/.local/lib/python3.7/site-packages/airflow/example_dags/example_skip_dag.py took 0.063 seconds
[2025-10-08T00:51:38.673+0000] {processor.py:153} INFO - Started process (PID=334) to work on /home/airflow/.local/lib/python3.7/site-packages/airflow/example_dags/example_skip_dag.py
[2025-10-08T00:51:38.674+0000] {processor.py:743} INFO - Processing file /home/airflow/.local/lib/python3.7/site-packages/airflow/example_dags/example_skip_dag.py for tasks to queue
[2025-10-08T00:51:38.674+0000] {logging_mixin.py:137} INFO - [2025-10-08T00:51:38.674+0000] {dagbag.py:538} INFO - Filling up the DagBag from /home/airflow/.local/lib/python3.7/site-packages/airflow/example_dags/example_skip_dag.py
[2025-10-08T00:51:38.682+0000] {processor.py:753} INFO - DAG(s) dict_keys(['example_skip_dag']) retrieved from /home/airflow/.local/lib/python3.7/site-packages/airflow/example_dags/example_skip_dag.py
[2025-10-08T00:51:38.695+0000] {logging_mixin.py:137} INFO - [2025-10-08T00:51:38.695+0000] {dag.py:2690} INFO - Sync 1 DAGs
[2025-10-08T00:51:38.707+0000] {logging_mixin.py:137} INFO - [2025-10-08T00:51:38.707+0000] {dag.py:3441} INFO - Setting next_dagrun for example_skip_dag to 2025-10-07T00:51:38.707718+00:00, run_after=2025-10-08T00:51:38.707718+00:00
[2025-10-08T00:51:38.717+0000] {processor.py:175} INFO - Processing /home/airflow/.local/lib/python3.7/site-packages/airflow/example_dags/example_skip_dag.py took 0.046 seconds
[2025-10-08T00:52:09.576+0000] {processor.py:153} INFO - Started process (PID=428) to work on /home/airflow/.local/lib/python3.7/site-packages/airflow/example_dags/example_skip_dag.py
[2025-10-08T00:52:09.576+0000] {processor.py:743} INFO - Processing file /home/airflow/.local/lib/python3.7/site-packages/airflow/example_dags/example_skip_dag.py for tasks to queue
[2025-10-08T00:52:09.576+0000] {logging_mixin.py:137} INFO - [2025-10-08T00:52:09.576+0000] {dagbag.py:538} INFO - Filling up the DagBag from /home/airflow/.local/lib/python3.7/site-packages/airflow/example_dags/example_skip_dag.py
[2025-10-08T00:52:09.585+0000] {processor.py:753} INFO - DAG(s) dict_keys(['example_skip_dag']) retrieved from /home/airflow/.local/lib/python3.7/site-packages/airflow/example_dags/example_skip_dag.py
[2025-10-08T00:52:09.599+0000] {logging_mixin.py:137} INFO - [2025-10-08T00:52:09.599+0000] {dag.py:2690} INFO - Sync 1 DAGs
[2025-10-08T00:52:09.613+0000] {logging_mixin.py:137} INFO - [2025-10-08T00:52:09.612+0000] {dag.py:3441} INFO - Setting next_dagrun for example_skip_dag to 2025-10-07T00:52:09.612852+00:00, run_after=2025-10-08T00:52:09.612852+00:00
[2025-10-08T00:52:09.622+0000] {processor.py:175} INFO - Processing /home/airflow/.local/lib/python3.7/site-packages/airflow/example_dags/example_skip_dag.py took 0.049 seconds
[2025-10-08T00:52:40.606+0000] {processor.py:153} INFO - Started process (PID=523) to work on /home/airflow/.local/lib/python3.7/site-packages/airflow/example_dags/example_skip_dag.py
[2025-10-08T00:52:40.606+0000] {processor.py:743} INFO - Processing file /home/airflow/.local/lib/python3.7/site-packages/airflow/example_dags/example_skip_dag.py for tasks to queue
[2025-10-08T00:52:40.607+0000] {logging_mixin.py:137} INFO - [2025-10-08T00:52:40.607+0000] {dagbag.py:538} INFO - Filling up the DagBag from /home/airflow/.local/lib/python3.7/site-packages/airflow/example_dags/example_skip_dag.py
[2025-10-08T00:52:40.614+0000] {processor.py:753} INFO - DAG(s) dict_keys(['example_skip_dag']) retrieved from /home/airflow/.local/lib/python3.7/site-packages/airflow/example_dags/example_skip_dag.py
[2025-10-08T00:52:40.628+0000] {logging_mixin.py:137} INFO - [2025-10-08T00:52:40.628+0000] {dag.py:2690} INFO - Sync 1 DAGs
[2025-10-08T00:52:40.640+0000] {logging_mixin.py:137} INFO - [2025-10-08T00:52:40.640+0000] {dag.py:3441} INFO - Setting next_dagrun for example_skip_dag to 2025-10-07T00:52:40.640472+00:00, run_after=2025-10-08T00:52:40.640472+00:00
[2025-10-08T00:52:40.650+0000] {processor.py:175} INFO - Processing /home/airflow/.local/lib/python3.7/site-packages/airflow/example_dags/example_skip_dag.py took 0.046 seconds
[2025-10-08T00:54:16.008+0000] {processor.py:153} INFO - Started process (PID=129) to work on /home/airflow/.local/lib/python3.7/site-packages/airflow/example_dags/example_skip_dag.py
[2025-10-08T00:54:16.009+0000] {processor.py:743} INFO - Processing file /home/airflow/.local/lib/python3.7/site-packages/airflow/example_dags/example_skip_dag.py for tasks to queue
[2025-10-08T00:54:16.010+0000] {logging_mixin.py:137} INFO - [2025-10-08T00:54:16.010+0000] {dagbag.py:538} INFO - Filling up the DagBag from /home/airflow/.local/lib/python3.7/site-packages/airflow/example_dags/example_skip_dag.py
[2025-10-08T00:54:16.025+0000] {processor.py:753} INFO - DAG(s) dict_keys(['example_skip_dag']) retrieved from /home/airflow/.local/lib/python3.7/site-packages/airflow/example_dags/example_skip_dag.py
[2025-10-08T00:54:16.048+0000] {logging_mixin.py:137} INFO - [2025-10-08T00:54:16.048+0000] {dag.py:2690} INFO - Sync 1 DAGs
[2025-10-08T00:54:16.065+0000] {logging_mixin.py:137} INFO - [2025-10-08T00:54:16.065+0000] {dag.py:3441} INFO - Setting next_dagrun for example_skip_dag to 2025-10-07T00:54:16.065366+00:00, run_after=2025-10-08T00:54:16.065366+00:00
[2025-10-08T00:54:16.080+0000] {processor.py:175} INFO - Processing /home/airflow/.local/lib/python3.7/site-packages/airflow/example_dags/example_skip_dag.py took 0.075 seconds
[2025-10-08T00:54:47.005+0000] {processor.py:153} INFO - Started process (PID=224) to work on /home/airflow/.local/lib/python3.7/site-packages/airflow/example_dags/example_skip_dag.py
[2025-10-08T00:54:47.012+0000] {processor.py:743} INFO - Processing file /home/airflow/.local/lib/python3.7/site-packages/airflow/example_dags/example_skip_dag.py for tasks to queue
[2025-10-08T00:54:47.014+0000] {logging_mixin.py:137} INFO - [2025-10-08T00:54:47.014+0000] {dagbag.py:538} INFO - Filling up the DagBag from /home/airflow/.local/lib/python3.7/site-packages/airflow/example_dags/example_skip_dag.py
[2025-10-08T00:54:47.037+0000] {processor.py:753} INFO - DAG(s) dict_keys(['example_skip_dag']) retrieved from /home/airflow/.local/lib/python3.7/site-packages/airflow/example_dags/example_skip_dag.py
[2025-10-08T00:54:47.072+0000] {logging_mixin.py:137} INFO - [2025-10-08T00:54:47.072+0000] {dag.py:2690} INFO - Sync 1 DAGs
[2025-10-08T00:54:47.097+0000] {logging_mixin.py:137} INFO - [2025-10-08T00:54:47.097+0000] {dag.py:3441} INFO - Setting next_dagrun for example_skip_dag to 2025-10-07T00:54:47.097521+00:00, run_after=2025-10-08T00:54:47.097521+00:00
[2025-10-08T00:54:47.121+0000] {processor.py:175} INFO - Processing /home/airflow/.local/lib/python3.7/site-packages/airflow/example_dags/example_skip_dag.py took 0.132 seconds
[2025-10-08T00:55:17.138+0000] {processor.py:153} INFO - Started process (PID=299) to work on /home/airflow/.local/lib/python3.7/site-packages/airflow/example_dags/example_skip_dag.py
[2025-10-08T00:55:17.139+0000] {processor.py:743} INFO - Processing file /home/airflow/.local/lib/python3.7/site-packages/airflow/example_dags/example_skip_dag.py for tasks to queue
[2025-10-08T00:55:17.139+0000] {logging_mixin.py:137} INFO - [2025-10-08T00:55:17.139+0000] {dagbag.py:538} INFO - Filling up the DagBag from /home/airflow/.local/lib/python3.7/site-packages/airflow/example_dags/example_skip_dag.py
[2025-10-08T00:55:17.148+0000] {processor.py:753} INFO - DAG(s) dict_keys(['example_skip_dag']) retrieved from /home/airflow/.local/lib/python3.7/site-packages/airflow/example_dags/example_skip_dag.py
[2025-10-08T00:55:17.167+0000] {logging_mixin.py:137} INFO - [2025-10-08T00:55:17.167+0000] {dag.py:2690} INFO - Sync 1 DAGs
[2025-10-08T00:55:17.180+0000] {logging_mixin.py:137} INFO - [2025-10-08T00:55:17.180+0000] {dag.py:3441} INFO - Setting next_dagrun for example_skip_dag to 2025-10-07T00:55:17.180089+00:00, run_after=2025-10-08T00:55:17.180089+00:00
[2025-10-08T00:55:17.195+0000] {processor.py:175} INFO - Processing /home/airflow/.local/lib/python3.7/site-packages/airflow/example_dags/example_skip_dag.py took 0.059 seconds
[2025-10-08T00:55:47.993+0000] {processor.py:153} INFO - Started process (PID=394) to work on /home/airflow/.local/lib/python3.7/site-packages/airflow/example_dags/example_skip_dag.py
[2025-10-08T00:55:47.994+0000] {processor.py:743} INFO - Processing file /home/airflow/.local/lib/python3.7/site-packages/airflow/example_dags/example_skip_dag.py for tasks to queue
[2025-10-08T00:55:47.994+0000] {logging_mixin.py:137} INFO - [2025-10-08T00:55:47.994+0000] {dagbag.py:538} INFO - Filling up the DagBag from /home/airflow/.local/lib/python3.7/site-packages/airflow/example_dags/example_skip_dag.py
[2025-10-08T00:55:48.001+0000] {processor.py:753} INFO - DAG(s) dict_keys(['example_skip_dag']) retrieved from /home/airflow/.local/lib/python3.7/site-packages/airflow/example_dags/example_skip_dag.py
[2025-10-08T00:55:48.016+0000] {logging_mixin.py:137} INFO - [2025-10-08T00:55:48.016+0000] {dag.py:2690} INFO - Sync 1 DAGs
[2025-10-08T00:55:48.029+0000] {logging_mixin.py:137} INFO - [2025-10-08T00:55:48.029+0000] {dag.py:3441} INFO - Setting next_dagrun for example_skip_dag to 2025-10-07T00:55:48.029167+00:00, run_after=2025-10-08T00:55:48.029167+00:00
[2025-10-08T00:55:48.039+0000] {processor.py:175} INFO - Processing /home/airflow/.local/lib/python3.7/site-packages/airflow/example_dags/example_skip_dag.py took 0.049 seconds
[2025-10-08T00:56:18.942+0000] {processor.py:153} INFO - Started process (PID=489) to work on /home/airflow/.local/lib/python3.7/site-packages/airflow/example_dags/example_skip_dag.py
[2025-10-08T00:56:18.943+0000] {processor.py:743} INFO - Processing file /home/airflow/.local/lib/python3.7/site-packages/airflow/example_dags/example_skip_dag.py for tasks to queue
[2025-10-08T00:56:18.943+0000] {logging_mixin.py:137} INFO - [2025-10-08T00:56:18.943+0000] {dagbag.py:538} INFO - Filling up the DagBag from /home/airflow/.local/lib/python3.7/site-packages/airflow/example_dags/example_skip_dag.py
[2025-10-08T00:56:18.950+0000] {processor.py:753} INFO - DAG(s) dict_keys(['example_skip_dag']) retrieved from /home/airflow/.local/lib/python3.7/site-packages/airflow/example_dags/example_skip_dag.py
[2025-10-08T00:56:18.964+0000] {logging_mixin.py:137} INFO - [2025-10-08T00:56:18.964+0000] {dag.py:2690} INFO - Sync 1 DAGs
[2025-10-08T00:56:18.979+0000] {logging_mixin.py:137} INFO - [2025-10-08T00:56:18.979+0000] {dag.py:3441} INFO - Setting next_dagrun for example_skip_dag to 2025-10-07T00:56:18.978891+00:00, run_after=2025-10-08T00:56:18.978891+00:00
[2025-10-08T00:56:18.990+0000] {processor.py:175} INFO - Processing /home/airflow/.local/lib/python3.7/site-packages/airflow/example_dags/example_skip_dag.py took 0.050 seconds
[2025-10-08T00:56:49.744+0000] {processor.py:153} INFO - Started process (PID=566) to work on /home/airflow/.local/lib/python3.7/site-packages/airflow/example_dags/example_skip_dag.py
[2025-10-08T00:56:49.744+0000] {processor.py:743} INFO - Processing file /home/airflow/.local/lib/python3.7/site-packages/airflow/example_dags/example_skip_dag.py for tasks to queue
[2025-10-08T00:56:49.745+0000] {logging_mixin.py:137} INFO - [2025-10-08T00:56:49.745+0000] {dagbag.py:538} INFO - Filling up the DagBag from /home/airflow/.local/lib/python3.7/site-packages/airflow/example_dags/example_skip_dag.py
[2025-10-08T00:56:49.753+0000] {processor.py:753} INFO - DAG(s) dict_keys(['example_skip_dag']) retrieved from /home/airflow/.local/lib/python3.7/site-packages/airflow/example_dags/example_skip_dag.py
[2025-10-08T00:56:49.769+0000] {logging_mixin.py:137} INFO - [2025-10-08T00:56:49.769+0000] {dag.py:2690} INFO - Sync 1 DAGs
[2025-10-08T00:56:49.783+0000] {logging_mixin.py:137} INFO - [2025-10-08T00:56:49.783+0000] {dag.py:3441} INFO - Setting next_dagrun for example_skip_dag to 2025-10-07T00:56:49.783612+00:00, run_after=2025-10-08T00:56:49.783612+00:00
[2025-10-08T00:56:49.794+0000] {processor.py:175} INFO - Processing /home/airflow/.local/lib/python3.7/site-packages/airflow/example_dags/example_skip_dag.py took 0.052 seconds
[2025-10-08T00:57:19.883+0000] {processor.py:153} INFO - Started process (PID=661) to work on /home/airflow/.local/lib/python3.7/site-packages/airflow/example_dags/example_skip_dag.py
[2025-10-08T00:57:19.884+0000] {processor.py:743} INFO - Processing file /home/airflow/.local/lib/python3.7/site-packages/airflow/example_dags/example_skip_dag.py for tasks to queue
[2025-10-08T00:57:19.885+0000] {logging_mixin.py:137} INFO - [2025-10-08T00:57:19.885+0000] {dagbag.py:538} INFO - Filling up the DagBag from /home/airflow/.local/lib/python3.7/site-packages/airflow/example_dags/example_skip_dag.py
[2025-10-08T00:57:19.892+0000] {processor.py:753} INFO - DAG(s) dict_keys(['example_skip_dag']) retrieved from /home/airflow/.local/lib/python3.7/site-packages/airflow/example_dags/example_skip_dag.py
[2025-10-08T00:57:19.907+0000] {logging_mixin.py:137} INFO - [2025-10-08T00:57:19.907+0000] {dag.py:2690} INFO - Sync 1 DAGs
[2025-10-08T00:57:19.920+0000] {logging_mixin.py:137} INFO - [2025-10-08T00:57:19.920+0000] {dag.py:3441} INFO - Setting next_dagrun for example_skip_dag to 2025-10-07T00:57:19.920480+00:00, run_after=2025-10-08T00:57:19.920480+00:00
[2025-10-08T00:57:19.930+0000] {processor.py:175} INFO - Processing /home/airflow/.local/lib/python3.7/site-packages/airflow/example_dags/example_skip_dag.py took 0.049 seconds
[2025-10-08T00:57:50.827+0000] {processor.py:153} INFO - Started process (PID=756) to work on /home/airflow/.local/lib/python3.7/site-packages/airflow/example_dags/example_skip_dag.py
[2025-10-08T00:57:50.828+0000] {processor.py:743} INFO - Processing file /home/airflow/.local/lib/python3.7/site-packages/airflow/example_dags/example_skip_dag.py for tasks to queue
[2025-10-08T00:57:50.828+0000] {logging_mixin.py:137} INFO - [2025-10-08T00:57:50.828+0000] {dagbag.py:538} INFO - Filling up the DagBag from /home/airflow/.local/lib/python3.7/site-packages/airflow/example_dags/example_skip_dag.py
[2025-10-08T00:57:50.836+0000] {processor.py:753} INFO - DAG(s) dict_keys(['example_skip_dag']) retrieved from /home/airflow/.local/lib/python3.7/site-packages/airflow/example_dags/example_skip_dag.py
[2025-10-08T00:57:50.848+0000] {logging_mixin.py:137} INFO - [2025-10-08T00:57:50.848+0000] {dag.py:2690} INFO - Sync 1 DAGs
[2025-10-08T00:57:50.861+0000] {logging_mixin.py:137} INFO - [2025-10-08T00:57:50.861+0000] {dag.py:3441} INFO - Setting next_dagrun for example_skip_dag to 2025-10-07T00:57:50.861250+00:00, run_after=2025-10-08T00:57:50.861250+00:00
[2025-10-08T00:57:50.870+0000] {processor.py:175} INFO - Processing /home/airflow/.local/lib/python3.7/site-packages/airflow/example_dags/example_skip_dag.py took 0.045 seconds
[2025-10-08T00:58:21.733+0000] {processor.py:153} INFO - Started process (PID=833) to work on /home/airflow/.local/lib/python3.7/site-packages/airflow/example_dags/example_skip_dag.py
[2025-10-08T00:58:21.734+0000] {processor.py:743} INFO - Processing file /home/airflow/.local/lib/python3.7/site-packages/airflow/example_dags/example_skip_dag.py for tasks to queue
[2025-10-08T00:58:21.734+0000] {logging_mixin.py:137} INFO - [2025-10-08T00:58:21.734+0000] {dagbag.py:538} INFO - Filling up the DagBag from /home/airflow/.local/lib/python3.7/site-packages/airflow/example_dags/example_skip_dag.py
[2025-10-08T00:58:21.742+0000] {processor.py:753} INFO - DAG(s) dict_keys(['example_skip_dag']) retrieved from /home/airflow/.local/lib/python3.7/site-packages/airflow/example_dags/example_skip_dag.py
[2025-10-08T00:58:21.755+0000] {logging_mixin.py:137} INFO - [2025-10-08T00:58:21.755+0000] {dag.py:2690} INFO - Sync 1 DAGs
[2025-10-08T00:58:21.767+0000] {logging_mixin.py:137} INFO - [2025-10-08T00:58:21.767+0000] {dag.py:3441} INFO - Setting next_dagrun for example_skip_dag to 2025-10-07T00:58:21.767143+00:00, run_after=2025-10-08T00:58:21.767143+00:00
[2025-10-08T00:58:21.776+0000] {processor.py:175} INFO - Processing /home/airflow/.local/lib/python3.7/site-packages/airflow/example_dags/example_skip_dag.py took 0.044 seconds
[2025-10-08T00:58:52.775+0000] {processor.py:153} INFO - Started process (PID=928) to work on /home/airflow/.local/lib/python3.7/site-packages/airflow/example_dags/example_skip_dag.py
[2025-10-08T00:58:52.776+0000] {processor.py:743} INFO - Processing file /home/airflow/.local/lib/python3.7/site-packages/airflow/example_dags/example_skip_dag.py for tasks to queue
[2025-10-08T00:58:52.777+0000] {logging_mixin.py:137} INFO - [2025-10-08T00:58:52.777+0000] {dagbag.py:538} INFO - Filling up the DagBag from /home/airflow/.local/lib/python3.7/site-packages/airflow/example_dags/example_skip_dag.py
[2025-10-08T00:58:52.786+0000] {processor.py:753} INFO - DAG(s) dict_keys(['example_skip_dag']) retrieved from /home/airflow/.local/lib/python3.7/site-packages/airflow/example_dags/example_skip_dag.py
[2025-10-08T00:58:52.800+0000] {logging_mixin.py:137} INFO - [2025-10-08T00:58:52.800+0000] {dag.py:2690} INFO - Sync 1 DAGs
[2025-10-08T00:58:52.815+0000] {logging_mixin.py:137} INFO - [2025-10-08T00:58:52.814+0000] {dag.py:3441} INFO - Setting next_dagrun for example_skip_dag to 2025-10-07T00:58:52.814800+00:00, run_after=2025-10-08T00:58:52.814800+00:00
[2025-10-08T00:58:52.824+0000] {processor.py:175} INFO - Processing /home/airflow/.local/lib/python3.7/site-packages/airflow/example_dags/example_skip_dag.py took 0.051 seconds
[2025-10-08T00:59:22.901+0000] {processor.py:153} INFO - Started process (PID=1023) to work on /home/airflow/.local/lib/python3.7/site-packages/airflow/example_dags/example_skip_dag.py
[2025-10-08T00:59:22.905+0000] {processor.py:743} INFO - Processing file /home/airflow/.local/lib/python3.7/site-packages/airflow/example_dags/example_skip_dag.py for tasks to queue
[2025-10-08T00:59:22.906+0000] {logging_mixin.py:137} INFO - [2025-10-08T00:59:22.906+0000] {dagbag.py:538} INFO - Filling up the DagBag from /home/airflow/.local/lib/python3.7/site-packages/airflow/example_dags/example_skip_dag.py
[2025-10-08T00:59:22.913+0000] {processor.py:753} INFO - DAG(s) dict_keys(['example_skip_dag']) retrieved from /home/airflow/.local/lib/python3.7/site-packages/airflow/example_dags/example_skip_dag.py
[2025-10-08T00:59:22.927+0000] {logging_mixin.py:137} INFO - [2025-10-08T00:59:22.927+0000] {dag.py:2690} INFO - Sync 1 DAGs
[2025-10-08T00:59:22.940+0000] {logging_mixin.py:137} INFO - [2025-10-08T00:59:22.940+0000] {dag.py:3441} INFO - Setting next_dagrun for example_skip_dag to 2025-10-07T00:59:22.940498+00:00, run_after=2025-10-08T00:59:22.940498+00:00
[2025-10-08T00:59:22.951+0000] {processor.py:175} INFO - Processing /home/airflow/.local/lib/python3.7/site-packages/airflow/example_dags/example_skip_dag.py took 0.052 seconds
[2025-10-08T00:59:53.779+0000] {processor.py:153} INFO - Started process (PID=1118) to work on /home/airflow/.local/lib/python3.7/site-packages/airflow/example_dags/example_skip_dag.py
[2025-10-08T00:59:53.780+0000] {processor.py:743} INFO - Processing file /home/airflow/.local/lib/python3.7/site-packages/airflow/example_dags/example_skip_dag.py for tasks to queue
[2025-10-08T00:59:53.780+0000] {logging_mixin.py:137} INFO - [2025-10-08T00:59:53.780+0000] {dagbag.py:538} INFO - Filling up the DagBag from /home/airflow/.local/lib/python3.7/site-packages/airflow/example_dags/example_skip_dag.py
[2025-10-08T00:59:53.791+0000] {processor.py:753} INFO - DAG(s) dict_keys(['example_skip_dag']) retrieved from /home/airflow/.local/lib/python3.7/site-packages/airflow/example_dags/example_skip_dag.py
[2025-10-08T00:59:53.807+0000] {logging_mixin.py:137} INFO - [2025-10-08T00:59:53.807+0000] {dag.py:2690} INFO - Sync 1 DAGs
[2025-10-08T00:59:53.823+0000] {logging_mixin.py:137} INFO - [2025-10-08T00:59:53.822+0000] {dag.py:3441} INFO - Setting next_dagrun for example_skip_dag to 2025-10-07T00:59:53.822745+00:00, run_after=2025-10-08T00:59:53.822745+00:00
[2025-10-08T00:59:53.835+0000] {processor.py:175} INFO - Processing /home/airflow/.local/lib/python3.7/site-packages/airflow/example_dags/example_skip_dag.py took 0.058 seconds
[2025-10-08T01:00:24.520+0000] {processor.py:153} INFO - Started process (PID=1195) to work on /home/airflow/.local/lib/python3.7/site-packages/airflow/example_dags/example_skip_dag.py
[2025-10-08T01:00:24.521+0000] {processor.py:743} INFO - Processing file /home/airflow/.local/lib/python3.7/site-packages/airflow/example_dags/example_skip_dag.py for tasks to queue
[2025-10-08T01:00:24.522+0000] {logging_mixin.py:137} INFO - [2025-10-08T01:00:24.521+0000] {dagbag.py:538} INFO - Filling up the DagBag from /home/airflow/.local/lib/python3.7/site-packages/airflow/example_dags/example_skip_dag.py
[2025-10-08T01:00:24.529+0000] {processor.py:753} INFO - DAG(s) dict_keys(['example_skip_dag']) retrieved from /home/airflow/.local/lib/python3.7/site-packages/airflow/example_dags/example_skip_dag.py
[2025-10-08T01:00:24.550+0000] {logging_mixin.py:137} INFO - [2025-10-08T01:00:24.550+0000] {dag.py:2690} INFO - Sync 1 DAGs
[2025-10-08T01:00:24.564+0000] {logging_mixin.py:137} INFO - [2025-10-08T01:00:24.564+0000] {dag.py:3441} INFO - Setting next_dagrun for example_skip_dag to 2025-10-07T01:00:24.564136+00:00, run_after=2025-10-08T01:00:24.564136+00:00
[2025-10-08T01:00:24.576+0000] {processor.py:175} INFO - Processing /home/airflow/.local/lib/python3.7/site-packages/airflow/example_dags/example_skip_dag.py took 0.058 seconds
[2025-10-08T01:00:55.466+0000] {processor.py:153} INFO - Started process (PID=1290) to work on /home/airflow/.local/lib/python3.7/site-packages/airflow/example_dags/example_skip_dag.py
[2025-10-08T01:00:55.467+0000] {processor.py:743} INFO - Processing file /home/airflow/.local/lib/python3.7/site-packages/airflow/example_dags/example_skip_dag.py for tasks to queue
[2025-10-08T01:00:55.468+0000] {logging_mixin.py:137} INFO - [2025-10-08T01:00:55.468+0000] {dagbag.py:538} INFO - Filling up the DagBag from /home/airflow/.local/lib/python3.7/site-packages/airflow/example_dags/example_skip_dag.py
[2025-10-08T01:00:55.476+0000] {processor.py:753} INFO - DAG(s) dict_keys(['example_skip_dag']) retrieved from /home/airflow/.local/lib/python3.7/site-packages/airflow/example_dags/example_skip_dag.py
[2025-10-08T01:00:55.492+0000] {logging_mixin.py:137} INFO - [2025-10-08T01:00:55.492+0000] {dag.py:2690} INFO - Sync 1 DAGs
[2025-10-08T01:00:55.505+0000] {logging_mixin.py:137} INFO - [2025-10-08T01:00:55.505+0000] {dag.py:3441} INFO - Setting next_dagrun for example_skip_dag to 2025-10-07T01:00:55.505401+00:00, run_after=2025-10-08T01:00:55.505401+00:00
[2025-10-08T01:00:55.515+0000] {processor.py:175} INFO - Processing /home/airflow/.local/lib/python3.7/site-packages/airflow/example_dags/example_skip_dag.py took 0.051 seconds
[2025-10-08T01:01:26.214+0000] {processor.py:153} INFO - Started process (PID=1385) to work on /home/airflow/.local/lib/python3.7/site-packages/airflow/example_dags/example_skip_dag.py
[2025-10-08T01:01:26.215+0000] {processor.py:743} INFO - Processing file /home/airflow/.local/lib/python3.7/site-packages/airflow/example_dags/example_skip_dag.py for tasks to queue
[2025-10-08T01:01:26.215+0000] {logging_mixin.py:137} INFO - [2025-10-08T01:01:26.215+0000] {dagbag.py:538} INFO - Filling up the DagBag from /home/airflow/.local/lib/python3.7/site-packages/airflow/example_dags/example_skip_dag.py
[2025-10-08T01:01:26.223+0000] {processor.py:753} INFO - DAG(s) dict_keys(['example_skip_dag']) retrieved from /home/airflow/.local/lib/python3.7/site-packages/airflow/example_dags/example_skip_dag.py
[2025-10-08T01:01:26.236+0000] {logging_mixin.py:137} INFO - [2025-10-08T01:01:26.236+0000] {dag.py:2690} INFO - Sync 1 DAGs
[2025-10-08T01:01:26.249+0000] {logging_mixin.py:137} INFO - [2025-10-08T01:01:26.249+0000] {dag.py:3441} INFO - Setting next_dagrun for example_skip_dag to 2025-10-07T01:01:26.249033+00:00, run_after=2025-10-08T01:01:26.249033+00:00
[2025-10-08T01:01:26.258+0000] {processor.py:175} INFO - Processing /home/airflow/.local/lib/python3.7/site-packages/airflow/example_dags/example_skip_dag.py took 0.046 seconds
