[2025-10-08T00:50:05.358+0000] {processor.py:153} INFO - Started process (PID=57) to work on /home/airflow/.local/lib/python3.7/site-packages/airflow/example_dags/example_branch_labels.py
[2025-10-08T00:50:05.360+0000] {processor.py:743} INFO - Processing file /home/airflow/.local/lib/python3.7/site-packages/airflow/example_dags/example_branch_labels.py for tasks to queue
[2025-10-08T00:50:05.361+0000] {logging_mixin.py:137} INFO - [2025-10-08T00:50:05.361+0000] {dagbag.py:538} INFO - Filling up the DagBag from /home/airflow/.local/lib/python3.7/site-packages/airflow/example_dags/example_branch_labels.py
[2025-10-08T00:50:05.372+0000] {processor.py:753} INFO - DAG(s) dict_keys(['example_branch_labels']) retrieved from /home/airflow/.local/lib/python3.7/site-packages/airflow/example_dags/example_branch_labels.py
[2025-10-08T00:50:05.387+0000] {logging_mixin.py:137} INFO - [2025-10-08T00:50:05.387+0000] {dag.py:2690} INFO - Sync 1 DAGs
[2025-10-08T00:50:05.415+0000] {logging_mixin.py:137} INFO - [2025-10-08T00:50:05.415+0000] {dag.py:3441} INFO - Setting next_dagrun for example_branch_labels to 2025-10-07T00:00:00+00:00, run_after=2025-10-08T00:00:00+00:00
[2025-10-08T00:50:05.430+0000] {processor.py:175} INFO - Processing /home/airflow/.local/lib/python3.7/site-packages/airflow/example_dags/example_branch_labels.py took 0.081 seconds
[2025-10-08T00:50:36.032+0000] {processor.py:153} INFO - Started process (PID=152) to work on /home/airflow/.local/lib/python3.7/site-packages/airflow/example_dags/example_branch_labels.py
[2025-10-08T00:50:36.033+0000] {processor.py:743} INFO - Processing file /home/airflow/.local/lib/python3.7/site-packages/airflow/example_dags/example_branch_labels.py for tasks to queue
[2025-10-08T00:50:36.034+0000] {logging_mixin.py:137} INFO - [2025-10-08T00:50:36.034+0000] {dagbag.py:538} INFO - Filling up the DagBag from /home/airflow/.local/lib/python3.7/site-packages/airflow/example_dags/example_branch_labels.py
[2025-10-08T00:50:36.045+0000] {processor.py:753} INFO - DAG(s) dict_keys(['example_branch_labels']) retrieved from /home/airflow/.local/lib/python3.7/site-packages/airflow/example_dags/example_branch_labels.py
[2025-10-08T00:50:36.066+0000] {logging_mixin.py:137} INFO - [2025-10-08T00:50:36.066+0000] {dag.py:2690} INFO - Sync 1 DAGs
[2025-10-08T00:50:36.079+0000] {logging_mixin.py:137} INFO - [2025-10-08T00:50:36.079+0000] {dag.py:3441} INFO - Setting next_dagrun for example_branch_labels to 2025-10-07T00:00:00+00:00, run_after=2025-10-08T00:00:00+00:00
[2025-10-08T00:50:36.094+0000] {processor.py:175} INFO - Processing /home/airflow/.local/lib/python3.7/site-packages/airflow/example_dags/example_branch_labels.py took 0.063 seconds
[2025-10-08T00:51:07.201+0000] {processor.py:153} INFO - Started process (PID=247) to work on /home/airflow/.local/lib/python3.7/site-packages/airflow/example_dags/example_branch_labels.py
[2025-10-08T00:51:07.202+0000] {processor.py:743} INFO - Processing file /home/airflow/.local/lib/python3.7/site-packages/airflow/example_dags/example_branch_labels.py for tasks to queue
[2025-10-08T00:51:07.203+0000] {logging_mixin.py:137} INFO - [2025-10-08T00:51:07.203+0000] {dagbag.py:538} INFO - Filling up the DagBag from /home/airflow/.local/lib/python3.7/site-packages/airflow/example_dags/example_branch_labels.py
[2025-10-08T00:51:07.215+0000] {processor.py:753} INFO - DAG(s) dict_keys(['example_branch_labels']) retrieved from /home/airflow/.local/lib/python3.7/site-packages/airflow/example_dags/example_branch_labels.py
[2025-10-08T00:51:07.233+0000] {logging_mixin.py:137} INFO - [2025-10-08T00:51:07.233+0000] {dag.py:2690} INFO - Sync 1 DAGs
[2025-10-08T00:51:07.250+0000] {logging_mixin.py:137} INFO - [2025-10-08T00:51:07.250+0000] {dag.py:3441} INFO - Setting next_dagrun for example_branch_labels to 2025-10-07T00:00:00+00:00, run_after=2025-10-08T00:00:00+00:00
[2025-10-08T00:51:07.264+0000] {processor.py:175} INFO - Processing /home/airflow/.local/lib/python3.7/site-packages/airflow/example_dags/example_branch_labels.py took 0.068 seconds
[2025-10-08T00:51:38.258+0000] {processor.py:153} INFO - Started process (PID=324) to work on /home/airflow/.local/lib/python3.7/site-packages/airflow/example_dags/example_branch_labels.py
[2025-10-08T00:51:38.259+0000] {processor.py:743} INFO - Processing file /home/airflow/.local/lib/python3.7/site-packages/airflow/example_dags/example_branch_labels.py for tasks to queue
[2025-10-08T00:51:38.259+0000] {logging_mixin.py:137} INFO - [2025-10-08T00:51:38.259+0000] {dagbag.py:538} INFO - Filling up the DagBag from /home/airflow/.local/lib/python3.7/site-packages/airflow/example_dags/example_branch_labels.py
[2025-10-08T00:51:38.267+0000] {processor.py:753} INFO - DAG(s) dict_keys(['example_branch_labels']) retrieved from /home/airflow/.local/lib/python3.7/site-packages/airflow/example_dags/example_branch_labels.py
[2025-10-08T00:51:38.281+0000] {logging_mixin.py:137} INFO - [2025-10-08T00:51:38.281+0000] {dag.py:2690} INFO - Sync 1 DAGs
[2025-10-08T00:51:38.294+0000] {logging_mixin.py:137} INFO - [2025-10-08T00:51:38.294+0000] {dag.py:3441} INFO - Setting next_dagrun for example_branch_labels to 2025-10-07T00:00:00+00:00, run_after=2025-10-08T00:00:00+00:00
[2025-10-08T00:51:38.302+0000] {processor.py:175} INFO - Processing /home/airflow/.local/lib/python3.7/site-packages/airflow/example_dags/example_branch_labels.py took 0.046 seconds
[2025-10-08T00:52:09.152+0000] {processor.py:153} INFO - Started process (PID=418) to work on /home/airflow/.local/lib/python3.7/site-packages/airflow/example_dags/example_branch_labels.py
[2025-10-08T00:52:09.152+0000] {processor.py:743} INFO - Processing file /home/airflow/.local/lib/python3.7/site-packages/airflow/example_dags/example_branch_labels.py for tasks to queue
[2025-10-08T00:52:09.154+0000] {logging_mixin.py:137} INFO - [2025-10-08T00:52:09.154+0000] {dagbag.py:538} INFO - Filling up the DagBag from /home/airflow/.local/lib/python3.7/site-packages/airflow/example_dags/example_branch_labels.py
[2025-10-08T00:52:09.162+0000] {processor.py:753} INFO - DAG(s) dict_keys(['example_branch_labels']) retrieved from /home/airflow/.local/lib/python3.7/site-packages/airflow/example_dags/example_branch_labels.py
[2025-10-08T00:52:09.177+0000] {logging_mixin.py:137} INFO - [2025-10-08T00:52:09.177+0000] {dag.py:2690} INFO - Sync 1 DAGs
[2025-10-08T00:52:09.191+0000] {logging_mixin.py:137} INFO - [2025-10-08T00:52:09.191+0000] {dag.py:3441} INFO - Setting next_dagrun for example_branch_labels to 2025-10-07T00:00:00+00:00, run_after=2025-10-08T00:00:00+00:00
[2025-10-08T00:52:09.202+0000] {processor.py:175} INFO - Processing /home/airflow/.local/lib/python3.7/site-packages/airflow/example_dags/example_branch_labels.py took 0.053 seconds
[2025-10-08T00:52:40.166+0000] {processor.py:153} INFO - Started process (PID=513) to work on /home/airflow/.local/lib/python3.7/site-packages/airflow/example_dags/example_branch_labels.py
[2025-10-08T00:52:40.167+0000] {processor.py:743} INFO - Processing file /home/airflow/.local/lib/python3.7/site-packages/airflow/example_dags/example_branch_labels.py for tasks to queue
[2025-10-08T00:52:40.168+0000] {logging_mixin.py:137} INFO - [2025-10-08T00:52:40.168+0000] {dagbag.py:538} INFO - Filling up the DagBag from /home/airflow/.local/lib/python3.7/site-packages/airflow/example_dags/example_branch_labels.py
[2025-10-08T00:52:40.176+0000] {processor.py:753} INFO - DAG(s) dict_keys(['example_branch_labels']) retrieved from /home/airflow/.local/lib/python3.7/site-packages/airflow/example_dags/example_branch_labels.py
[2025-10-08T00:52:40.191+0000] {logging_mixin.py:137} INFO - [2025-10-08T00:52:40.191+0000] {dag.py:2690} INFO - Sync 1 DAGs
[2025-10-08T00:52:40.206+0000] {logging_mixin.py:137} INFO - [2025-10-08T00:52:40.205+0000] {dag.py:3441} INFO - Setting next_dagrun for example_branch_labels to 2025-10-07T00:00:00+00:00, run_after=2025-10-08T00:00:00+00:00
[2025-10-08T00:52:40.220+0000] {processor.py:175} INFO - Processing /home/airflow/.local/lib/python3.7/site-packages/airflow/example_dags/example_branch_labels.py took 0.056 seconds
[2025-10-08T00:54:15.517+0000] {processor.py:153} INFO - Started process (PID=119) to work on /home/airflow/.local/lib/python3.7/site-packages/airflow/example_dags/example_branch_labels.py
[2025-10-08T00:54:15.520+0000] {processor.py:743} INFO - Processing file /home/airflow/.local/lib/python3.7/site-packages/airflow/example_dags/example_branch_labels.py for tasks to queue
[2025-10-08T00:54:15.521+0000] {logging_mixin.py:137} INFO - [2025-10-08T00:54:15.521+0000] {dagbag.py:538} INFO - Filling up the DagBag from /home/airflow/.local/lib/python3.7/site-packages/airflow/example_dags/example_branch_labels.py
[2025-10-08T00:54:15.531+0000] {processor.py:753} INFO - DAG(s) dict_keys(['example_branch_labels']) retrieved from /home/airflow/.local/lib/python3.7/site-packages/airflow/example_dags/example_branch_labels.py
[2025-10-08T00:54:15.555+0000] {logging_mixin.py:137} INFO - [2025-10-08T00:54:15.555+0000] {dag.py:2690} INFO - Sync 1 DAGs
[2025-10-08T00:54:15.575+0000] {logging_mixin.py:137} INFO - [2025-10-08T00:54:15.575+0000] {dag.py:3441} INFO - Setting next_dagrun for example_branch_labels to 2025-10-07T00:00:00+00:00, run_after=2025-10-08T00:00:00+00:00
[2025-10-08T00:54:15.590+0000] {processor.py:175} INFO - Processing /home/airflow/.local/lib/python3.7/site-packages/airflow/example_dags/example_branch_labels.py took 0.075 seconds
[2025-10-08T00:54:45.863+0000] {processor.py:153} INFO - Started process (PID=196) to work on /home/airflow/.local/lib/python3.7/site-packages/airflow/example_dags/example_branch_labels.py
[2025-10-08T00:54:45.865+0000] {processor.py:743} INFO - Processing file /home/airflow/.local/lib/python3.7/site-packages/airflow/example_dags/example_branch_labels.py for tasks to queue
[2025-10-08T00:54:45.866+0000] {logging_mixin.py:137} INFO - [2025-10-08T00:54:45.866+0000] {dagbag.py:538} INFO - Filling up the DagBag from /home/airflow/.local/lib/python3.7/site-packages/airflow/example_dags/example_branch_labels.py
[2025-10-08T00:54:45.874+0000] {processor.py:753} INFO - DAG(s) dict_keys(['example_branch_labels']) retrieved from /home/airflow/.local/lib/python3.7/site-packages/airflow/example_dags/example_branch_labels.py
[2025-10-08T00:54:45.894+0000] {logging_mixin.py:137} INFO - [2025-10-08T00:54:45.894+0000] {dag.py:2690} INFO - Sync 1 DAGs
[2025-10-08T00:54:45.911+0000] {logging_mixin.py:137} INFO - [2025-10-08T00:54:45.911+0000] {dag.py:3441} INFO - Setting next_dagrun for example_branch_labels to 2025-10-07T00:00:00+00:00, run_after=2025-10-08T00:00:00+00:00
[2025-10-08T00:54:45.929+0000] {processor.py:175} INFO - Processing /home/airflow/.local/lib/python3.7/site-packages/airflow/example_dags/example_branch_labels.py took 0.068 seconds
[2025-10-08T00:55:16.762+0000] {processor.py:153} INFO - Started process (PID=289) to work on /home/airflow/.local/lib/python3.7/site-packages/airflow/example_dags/example_branch_labels.py
[2025-10-08T00:55:16.763+0000] {processor.py:743} INFO - Processing file /home/airflow/.local/lib/python3.7/site-packages/airflow/example_dags/example_branch_labels.py for tasks to queue
[2025-10-08T00:55:16.763+0000] {logging_mixin.py:137} INFO - [2025-10-08T00:55:16.763+0000] {dagbag.py:538} INFO - Filling up the DagBag from /home/airflow/.local/lib/python3.7/site-packages/airflow/example_dags/example_branch_labels.py
[2025-10-08T00:55:16.774+0000] {processor.py:753} INFO - DAG(s) dict_keys(['example_branch_labels']) retrieved from /home/airflow/.local/lib/python3.7/site-packages/airflow/example_dags/example_branch_labels.py
[2025-10-08T00:55:16.793+0000] {logging_mixin.py:137} INFO - [2025-10-08T00:55:16.792+0000] {dag.py:2690} INFO - Sync 1 DAGs
[2025-10-08T00:55:16.808+0000] {logging_mixin.py:137} INFO - [2025-10-08T00:55:16.808+0000] {dag.py:3441} INFO - Setting next_dagrun for example_branch_labels to 2025-10-07T00:00:00+00:00, run_after=2025-10-08T00:00:00+00:00
[2025-10-08T00:55:16.828+0000] {processor.py:175} INFO - Processing /home/airflow/.local/lib/python3.7/site-packages/airflow/example_dags/example_branch_labels.py took 0.070 seconds
[2025-10-08T00:55:47.585+0000] {processor.py:153} INFO - Started process (PID=384) to work on /home/airflow/.local/lib/python3.7/site-packages/airflow/example_dags/example_branch_labels.py
[2025-10-08T00:55:47.591+0000] {processor.py:743} INFO - Processing file /home/airflow/.local/lib/python3.7/site-packages/airflow/example_dags/example_branch_labels.py for tasks to queue
[2025-10-08T00:55:47.593+0000] {logging_mixin.py:137} INFO - [2025-10-08T00:55:47.593+0000] {dagbag.py:538} INFO - Filling up the DagBag from /home/airflow/.local/lib/python3.7/site-packages/airflow/example_dags/example_branch_labels.py
[2025-10-08T00:55:47.606+0000] {processor.py:753} INFO - DAG(s) dict_keys(['example_branch_labels']) retrieved from /home/airflow/.local/lib/python3.7/site-packages/airflow/example_dags/example_branch_labels.py
[2025-10-08T00:55:47.625+0000] {logging_mixin.py:137} INFO - [2025-10-08T00:55:47.625+0000] {dag.py:2690} INFO - Sync 1 DAGs
[2025-10-08T00:55:47.641+0000] {logging_mixin.py:137} INFO - [2025-10-08T00:55:47.641+0000] {dag.py:3441} INFO - Setting next_dagrun for example_branch_labels to 2025-10-07T00:00:00+00:00, run_after=2025-10-08T00:00:00+00:00
[2025-10-08T00:55:47.656+0000] {processor.py:175} INFO - Processing /home/airflow/.local/lib/python3.7/site-packages/airflow/example_dags/example_branch_labels.py took 0.073 seconds
[2025-10-08T00:56:18.566+0000] {processor.py:153} INFO - Started process (PID=479) to work on /home/airflow/.local/lib/python3.7/site-packages/airflow/example_dags/example_branch_labels.py
[2025-10-08T00:56:18.567+0000] {processor.py:743} INFO - Processing file /home/airflow/.local/lib/python3.7/site-packages/airflow/example_dags/example_branch_labels.py for tasks to queue
[2025-10-08T00:56:18.569+0000] {logging_mixin.py:137} INFO - [2025-10-08T00:56:18.569+0000] {dagbag.py:538} INFO - Filling up the DagBag from /home/airflow/.local/lib/python3.7/site-packages/airflow/example_dags/example_branch_labels.py
[2025-10-08T00:56:18.583+0000] {processor.py:753} INFO - DAG(s) dict_keys(['example_branch_labels']) retrieved from /home/airflow/.local/lib/python3.7/site-packages/airflow/example_dags/example_branch_labels.py
[2025-10-08T00:56:18.600+0000] {logging_mixin.py:137} INFO - [2025-10-08T00:56:18.600+0000] {dag.py:2690} INFO - Sync 1 DAGs
[2025-10-08T00:56:18.616+0000] {logging_mixin.py:137} INFO - [2025-10-08T00:56:18.616+0000] {dag.py:3441} INFO - Setting next_dagrun for example_branch_labels to 2025-10-07T00:00:00+00:00, run_after=2025-10-08T00:00:00+00:00
[2025-10-08T00:56:18.627+0000] {processor.py:175} INFO - Processing /home/airflow/.local/lib/python3.7/site-packages/airflow/example_dags/example_branch_labels.py took 0.064 seconds
[2025-10-08T00:56:49.358+0000] {processor.py:153} INFO - Started process (PID=556) to work on /home/airflow/.local/lib/python3.7/site-packages/airflow/example_dags/example_branch_labels.py
[2025-10-08T00:56:49.359+0000] {processor.py:743} INFO - Processing file /home/airflow/.local/lib/python3.7/site-packages/airflow/example_dags/example_branch_labels.py for tasks to queue
[2025-10-08T00:56:49.360+0000] {logging_mixin.py:137} INFO - [2025-10-08T00:56:49.360+0000] {dagbag.py:538} INFO - Filling up the DagBag from /home/airflow/.local/lib/python3.7/site-packages/airflow/example_dags/example_branch_labels.py
[2025-10-08T00:56:49.368+0000] {processor.py:753} INFO - DAG(s) dict_keys(['example_branch_labels']) retrieved from /home/airflow/.local/lib/python3.7/site-packages/airflow/example_dags/example_branch_labels.py
[2025-10-08T00:56:49.385+0000] {logging_mixin.py:137} INFO - [2025-10-08T00:56:49.385+0000] {dag.py:2690} INFO - Sync 1 DAGs
[2025-10-08T00:56:49.399+0000] {logging_mixin.py:137} INFO - [2025-10-08T00:56:49.399+0000] {dag.py:3441} INFO - Setting next_dagrun for example_branch_labels to 2025-10-07T00:00:00+00:00, run_after=2025-10-08T00:00:00+00:00
[2025-10-08T00:56:49.409+0000] {processor.py:175} INFO - Processing /home/airflow/.local/lib/python3.7/site-packages/airflow/example_dags/example_branch_labels.py took 0.053 seconds
[2025-10-08T00:57:19.475+0000] {processor.py:153} INFO - Started process (PID=651) to work on /home/airflow/.local/lib/python3.7/site-packages/airflow/example_dags/example_branch_labels.py
[2025-10-08T00:57:19.479+0000] {processor.py:743} INFO - Processing file /home/airflow/.local/lib/python3.7/site-packages/airflow/example_dags/example_branch_labels.py for tasks to queue
[2025-10-08T00:57:19.479+0000] {logging_mixin.py:137} INFO - [2025-10-08T00:57:19.479+0000] {dagbag.py:538} INFO - Filling up the DagBag from /home/airflow/.local/lib/python3.7/site-packages/airflow/example_dags/example_branch_labels.py
[2025-10-08T00:57:19.487+0000] {processor.py:753} INFO - DAG(s) dict_keys(['example_branch_labels']) retrieved from /home/airflow/.local/lib/python3.7/site-packages/airflow/example_dags/example_branch_labels.py
[2025-10-08T00:57:19.505+0000] {logging_mixin.py:137} INFO - [2025-10-08T00:57:19.504+0000] {dag.py:2690} INFO - Sync 1 DAGs
[2025-10-08T00:57:19.520+0000] {logging_mixin.py:137} INFO - [2025-10-08T00:57:19.520+0000] {dag.py:3441} INFO - Setting next_dagrun for example_branch_labels to 2025-10-07T00:00:00+00:00, run_after=2025-10-08T00:00:00+00:00
[2025-10-08T00:57:19.530+0000] {processor.py:175} INFO - Processing /home/airflow/.local/lib/python3.7/site-packages/airflow/example_dags/example_branch_labels.py took 0.056 seconds
[2025-10-08T00:57:50.482+0000] {processor.py:153} INFO - Started process (PID=746) to work on /home/airflow/.local/lib/python3.7/site-packages/airflow/example_dags/example_branch_labels.py
[2025-10-08T00:57:50.484+0000] {processor.py:743} INFO - Processing file /home/airflow/.local/lib/python3.7/site-packages/airflow/example_dags/example_branch_labels.py for tasks to queue
[2025-10-08T00:57:50.484+0000] {logging_mixin.py:137} INFO - [2025-10-08T00:57:50.484+0000] {dagbag.py:538} INFO - Filling up the DagBag from /home/airflow/.local/lib/python3.7/site-packages/airflow/example_dags/example_branch_labels.py
[2025-10-08T00:57:50.492+0000] {processor.py:753} INFO - DAG(s) dict_keys(['example_branch_labels']) retrieved from /home/airflow/.local/lib/python3.7/site-packages/airflow/example_dags/example_branch_labels.py
[2025-10-08T00:57:50.507+0000] {logging_mixin.py:137} INFO - [2025-10-08T00:57:50.507+0000] {dag.py:2690} INFO - Sync 1 DAGs
[2025-10-08T00:57:50.521+0000] {logging_mixin.py:137} INFO - [2025-10-08T00:57:50.521+0000] {dag.py:3441} INFO - Setting next_dagrun for example_branch_labels to 2025-10-07T00:00:00+00:00, run_after=2025-10-08T00:00:00+00:00
[2025-10-08T00:57:50.534+0000] {processor.py:175} INFO - Processing /home/airflow/.local/lib/python3.7/site-packages/airflow/example_dags/example_branch_labels.py took 0.055 seconds
[2025-10-08T00:58:21.370+0000] {processor.py:153} INFO - Started process (PID=823) to work on /home/airflow/.local/lib/python3.7/site-packages/airflow/example_dags/example_branch_labels.py
[2025-10-08T00:58:21.370+0000] {processor.py:743} INFO - Processing file /home/airflow/.local/lib/python3.7/site-packages/airflow/example_dags/example_branch_labels.py for tasks to queue
[2025-10-08T00:58:21.371+0000] {logging_mixin.py:137} INFO - [2025-10-08T00:58:21.371+0000] {dagbag.py:538} INFO - Filling up the DagBag from /home/airflow/.local/lib/python3.7/site-packages/airflow/example_dags/example_branch_labels.py
[2025-10-08T00:58:21.380+0000] {processor.py:753} INFO - DAG(s) dict_keys(['example_branch_labels']) retrieved from /home/airflow/.local/lib/python3.7/site-packages/airflow/example_dags/example_branch_labels.py
[2025-10-08T00:58:21.399+0000] {logging_mixin.py:137} INFO - [2025-10-08T00:58:21.399+0000] {dag.py:2690} INFO - Sync 1 DAGs
[2025-10-08T00:58:21.413+0000] {logging_mixin.py:137} INFO - [2025-10-08T00:58:21.413+0000] {dag.py:3441} INFO - Setting next_dagrun for example_branch_labels to 2025-10-07T00:00:00+00:00, run_after=2025-10-08T00:00:00+00:00
[2025-10-08T00:58:21.426+0000] {processor.py:175} INFO - Processing /home/airflow/.local/lib/python3.7/site-packages/airflow/example_dags/example_branch_labels.py took 0.058 seconds
[2025-10-08T00:58:52.370+0000] {processor.py:153} INFO - Started process (PID=918) to work on /home/airflow/.local/lib/python3.7/site-packages/airflow/example_dags/example_branch_labels.py
[2025-10-08T00:58:52.372+0000] {processor.py:743} INFO - Processing file /home/airflow/.local/lib/python3.7/site-packages/airflow/example_dags/example_branch_labels.py for tasks to queue
[2025-10-08T00:58:52.373+0000] {logging_mixin.py:137} INFO - [2025-10-08T00:58:52.373+0000] {dagbag.py:538} INFO - Filling up the DagBag from /home/airflow/.local/lib/python3.7/site-packages/airflow/example_dags/example_branch_labels.py
[2025-10-08T00:58:52.381+0000] {processor.py:753} INFO - DAG(s) dict_keys(['example_branch_labels']) retrieved from /home/airflow/.local/lib/python3.7/site-packages/airflow/example_dags/example_branch_labels.py
[2025-10-08T00:58:52.394+0000] {logging_mixin.py:137} INFO - [2025-10-08T00:58:52.394+0000] {dag.py:2690} INFO - Sync 1 DAGs
[2025-10-08T00:58:52.407+0000] {logging_mixin.py:137} INFO - [2025-10-08T00:58:52.407+0000] {dag.py:3441} INFO - Setting next_dagrun for example_branch_labels to 2025-10-07T00:00:00+00:00, run_after=2025-10-08T00:00:00+00:00
[2025-10-08T00:58:52.420+0000] {processor.py:175} INFO - Processing /home/airflow/.local/lib/python3.7/site-packages/airflow/example_dags/example_branch_labels.py took 0.052 seconds
[2025-10-08T00:59:22.501+0000] {processor.py:153} INFO - Started process (PID=1013) to work on /home/airflow/.local/lib/python3.7/site-packages/airflow/example_dags/example_branch_labels.py
[2025-10-08T00:59:22.501+0000] {processor.py:743} INFO - Processing file /home/airflow/.local/lib/python3.7/site-packages/airflow/example_dags/example_branch_labels.py for tasks to queue
[2025-10-08T00:59:22.502+0000] {logging_mixin.py:137} INFO - [2025-10-08T00:59:22.502+0000] {dagbag.py:538} INFO - Filling up the DagBag from /home/airflow/.local/lib/python3.7/site-packages/airflow/example_dags/example_branch_labels.py
[2025-10-08T00:59:22.510+0000] {processor.py:753} INFO - DAG(s) dict_keys(['example_branch_labels']) retrieved from /home/airflow/.local/lib/python3.7/site-packages/airflow/example_dags/example_branch_labels.py
[2025-10-08T00:59:22.525+0000] {logging_mixin.py:137} INFO - [2025-10-08T00:59:22.525+0000] {dag.py:2690} INFO - Sync 1 DAGs
[2025-10-08T00:59:22.539+0000] {logging_mixin.py:137} INFO - [2025-10-08T00:59:22.539+0000] {dag.py:3441} INFO - Setting next_dagrun for example_branch_labels to 2025-10-07T00:00:00+00:00, run_after=2025-10-08T00:00:00+00:00
[2025-10-08T00:59:22.552+0000] {processor.py:175} INFO - Processing /home/airflow/.local/lib/python3.7/site-packages/airflow/example_dags/example_branch_labels.py took 0.053 seconds
[2025-10-08T00:59:53.360+0000] {processor.py:153} INFO - Started process (PID=1108) to work on /home/airflow/.local/lib/python3.7/site-packages/airflow/example_dags/example_branch_labels.py
[2025-10-08T00:59:53.361+0000] {processor.py:743} INFO - Processing file /home/airflow/.local/lib/python3.7/site-packages/airflow/example_dags/example_branch_labels.py for tasks to queue
[2025-10-08T00:59:53.362+0000] {logging_mixin.py:137} INFO - [2025-10-08T00:59:53.362+0000] {dagbag.py:538} INFO - Filling up the DagBag from /home/airflow/.local/lib/python3.7/site-packages/airflow/example_dags/example_branch_labels.py
[2025-10-08T00:59:53.380+0000] {processor.py:753} INFO - DAG(s) dict_keys(['example_branch_labels']) retrieved from /home/airflow/.local/lib/python3.7/site-packages/airflow/example_dags/example_branch_labels.py
[2025-10-08T00:59:53.406+0000] {logging_mixin.py:137} INFO - [2025-10-08T00:59:53.405+0000] {dag.py:2690} INFO - Sync 1 DAGs
[2025-10-08T00:59:53.422+0000] {logging_mixin.py:137} INFO - [2025-10-08T00:59:53.422+0000] {dag.py:3441} INFO - Setting next_dagrun for example_branch_labels to 2025-10-07T00:00:00+00:00, run_after=2025-10-08T00:00:00+00:00
[2025-10-08T00:59:53.433+0000] {processor.py:175} INFO - Processing /home/airflow/.local/lib/python3.7/site-packages/airflow/example_dags/example_branch_labels.py took 0.077 seconds
[2025-10-08T01:00:24.185+0000] {processor.py:153} INFO - Started process (PID=1185) to work on /home/airflow/.local/lib/python3.7/site-packages/airflow/example_dags/example_branch_labels.py
[2025-10-08T01:00:24.185+0000] {processor.py:743} INFO - Processing file /home/airflow/.local/lib/python3.7/site-packages/airflow/example_dags/example_branch_labels.py for tasks to queue
[2025-10-08T01:00:24.185+0000] {logging_mixin.py:137} INFO - [2025-10-08T01:00:24.185+0000] {dagbag.py:538} INFO - Filling up the DagBag from /home/airflow/.local/lib/python3.7/site-packages/airflow/example_dags/example_branch_labels.py
[2025-10-08T01:00:24.193+0000] {processor.py:753} INFO - DAG(s) dict_keys(['example_branch_labels']) retrieved from /home/airflow/.local/lib/python3.7/site-packages/airflow/example_dags/example_branch_labels.py
[2025-10-08T01:00:24.207+0000] {logging_mixin.py:137} INFO - [2025-10-08T01:00:24.207+0000] {dag.py:2690} INFO - Sync 1 DAGs
[2025-10-08T01:00:24.220+0000] {logging_mixin.py:137} INFO - [2025-10-08T01:00:24.220+0000] {dag.py:3441} INFO - Setting next_dagrun for example_branch_labels to 2025-10-07T00:00:00+00:00, run_after=2025-10-08T00:00:00+00:00
[2025-10-08T01:00:24.230+0000] {processor.py:175} INFO - Processing /home/airflow/.local/lib/python3.7/site-packages/airflow/example_dags/example_branch_labels.py took 0.047 seconds
[2025-10-08T01:00:55.101+0000] {processor.py:153} INFO - Started process (PID=1280) to work on /home/airflow/.local/lib/python3.7/site-packages/airflow/example_dags/example_branch_labels.py
[2025-10-08T01:00:55.102+0000] {processor.py:743} INFO - Processing file /home/airflow/.local/lib/python3.7/site-packages/airflow/example_dags/example_branch_labels.py for tasks to queue
[2025-10-08T01:00:55.103+0000] {logging_mixin.py:137} INFO - [2025-10-08T01:00:55.103+0000] {dagbag.py:538} INFO - Filling up the DagBag from /home/airflow/.local/lib/python3.7/site-packages/airflow/example_dags/example_branch_labels.py
[2025-10-08T01:00:55.111+0000] {processor.py:753} INFO - DAG(s) dict_keys(['example_branch_labels']) retrieved from /home/airflow/.local/lib/python3.7/site-packages/airflow/example_dags/example_branch_labels.py
[2025-10-08T01:00:55.127+0000] {logging_mixin.py:137} INFO - [2025-10-08T01:00:55.127+0000] {dag.py:2690} INFO - Sync 1 DAGs
[2025-10-08T01:00:55.142+0000] {logging_mixin.py:137} INFO - [2025-10-08T01:00:55.142+0000] {dag.py:3441} INFO - Setting next_dagrun for example_branch_labels to 2025-10-07T00:00:00+00:00, run_after=2025-10-08T00:00:00+00:00
[2025-10-08T01:00:55.152+0000] {processor.py:175} INFO - Processing /home/airflow/.local/lib/python3.7/site-packages/airflow/example_dags/example_branch_labels.py took 0.054 seconds
[2025-10-08T01:01:25.878+0000] {processor.py:153} INFO - Started process (PID=1375) to work on /home/airflow/.local/lib/python3.7/site-packages/airflow/example_dags/example_branch_labels.py
[2025-10-08T01:01:25.878+0000] {processor.py:743} INFO - Processing file /home/airflow/.local/lib/python3.7/site-packages/airflow/example_dags/example_branch_labels.py for tasks to queue
[2025-10-08T01:01:25.878+0000] {logging_mixin.py:137} INFO - [2025-10-08T01:01:25.878+0000] {dagbag.py:538} INFO - Filling up the DagBag from /home/airflow/.local/lib/python3.7/site-packages/airflow/example_dags/example_branch_labels.py
[2025-10-08T01:01:25.886+0000] {processor.py:753} INFO - DAG(s) dict_keys(['example_branch_labels']) retrieved from /home/airflow/.local/lib/python3.7/site-packages/airflow/example_dags/example_branch_labels.py
[2025-10-08T01:01:25.900+0000] {logging_mixin.py:137} INFO - [2025-10-08T01:01:25.900+0000] {dag.py:2690} INFO - Sync 1 DAGs
[2025-10-08T01:01:25.914+0000] {logging_mixin.py:137} INFO - [2025-10-08T01:01:25.914+0000] {dag.py:3441} INFO - Setting next_dagrun for example_branch_labels to 2025-10-07T00:00:00+00:00, run_after=2025-10-08T00:00:00+00:00
[2025-10-08T01:01:25.924+0000] {processor.py:175} INFO - Processing /home/airflow/.local/lib/python3.7/site-packages/airflow/example_dags/example_branch_labels.py took 0.048 seconds
