[2025-10-08T00:50:06.235+0000] {processor.py:153} INFO - Started process (PID=72) to work on /home/airflow/.local/lib/python3.7/site-packages/airflow/example_dags/example_subdag_operator.py
[2025-10-08T00:50:06.236+0000] {processor.py:743} INFO - Processing file /home/airflow/.local/lib/python3.7/site-packages/airflow/example_dags/example_subdag_operator.py for tasks to queue
[2025-10-08T00:50:06.237+0000] {logging_mixin.py:137} INFO - [2025-10-08T00:50:06.237+0000] {dagbag.py:538} INFO - Filling up the DagBag from /home/airflow/.local/lib/python3.7/site-packages/airflow/example_dags/example_subdag_operator.py
[2025-10-08T00:50:06.271+0000] {processor.py:753} INFO - DAG(s) dict_keys(['example_subdag_operator.section-1', 'example_subdag_operator.section-2', 'example_subdag_operator']) retrieved from /home/airflow/.local/lib/python3.7/site-packages/airflow/example_dags/example_subdag_operator.py
[2025-10-08T00:50:06.275+0000] {logging_mixin.py:137} INFO - [2025-10-08T00:50:06.275+0000] {dag.py:2690} INFO - Sync 3 DAGs
[2025-10-08T00:50:06.308+0000] {logging_mixin.py:137} INFO - [2025-10-08T00:50:06.308+0000] {dag.py:3441} INFO - Setting next_dagrun for example_subdag_operator to 2022-01-01T00:00:00+00:00, run_after=2022-01-01T00:00:00+00:00
[2025-10-08T00:50:06.312+0000] {logging_mixin.py:137} INFO - [2025-10-08T00:50:06.312+0000] {dag.py:3441} INFO - Setting next_dagrun for example_subdag_operator.section-1 to None, run_after=None
[2025-10-08T00:50:06.312+0000] {logging_mixin.py:137} INFO - [2025-10-08T00:50:06.312+0000] {dag.py:3441} INFO - Setting next_dagrun for example_subdag_operator.section-2 to None, run_after=None
[2025-10-08T00:50:06.320+0000] {logging_mixin.py:137} INFO - [2025-10-08T00:50:06.320+0000] {dag.py:2690} INFO - Sync 2 DAGs
[2025-10-08T00:50:06.324+0000] {logging_mixin.py:137} INFO - [2025-10-08T00:50:06.324+0000] {dag.py:3441} INFO - Setting next_dagrun for example_subdag_operator.section-1 to None, run_after=None
[2025-10-08T00:50:06.324+0000] {logging_mixin.py:137} INFO - [2025-10-08T00:50:06.324+0000] {dag.py:3441} INFO - Setting next_dagrun for example_subdag_operator.section-2 to None, run_after=None
[2025-10-08T00:50:06.338+0000] {processor.py:175} INFO - Processing /home/airflow/.local/lib/python3.7/site-packages/airflow/example_dags/example_subdag_operator.py took 0.106 seconds
[2025-10-08T00:50:36.644+0000] {processor.py:153} INFO - Started process (PID=167) to work on /home/airflow/.local/lib/python3.7/site-packages/airflow/example_dags/example_subdag_operator.py
[2025-10-08T00:50:36.645+0000] {processor.py:743} INFO - Processing file /home/airflow/.local/lib/python3.7/site-packages/airflow/example_dags/example_subdag_operator.py for tasks to queue
[2025-10-08T00:50:36.646+0000] {logging_mixin.py:137} INFO - [2025-10-08T00:50:36.646+0000] {dagbag.py:538} INFO - Filling up the DagBag from /home/airflow/.local/lib/python3.7/site-packages/airflow/example_dags/example_subdag_operator.py
[2025-10-08T00:50:36.667+0000] {processor.py:753} INFO - DAG(s) dict_keys(['example_subdag_operator.section-1', 'example_subdag_operator.section-2', 'example_subdag_operator']) retrieved from /home/airflow/.local/lib/python3.7/site-packages/airflow/example_dags/example_subdag_operator.py
[2025-10-08T00:50:36.678+0000] {logging_mixin.py:137} INFO - [2025-10-08T00:50:36.678+0000] {dag.py:2690} INFO - Sync 3 DAGs
[2025-10-08T00:50:36.692+0000] {logging_mixin.py:137} INFO - [2025-10-08T00:50:36.691+0000] {dag.py:3441} INFO - Setting next_dagrun for example_subdag_operator to 2022-01-01T00:00:00+00:00, run_after=2022-01-01T00:00:00+00:00
[2025-10-08T00:50:36.694+0000] {logging_mixin.py:137} INFO - [2025-10-08T00:50:36.694+0000] {dag.py:3441} INFO - Setting next_dagrun for example_subdag_operator.section-1 to None, run_after=None
[2025-10-08T00:50:36.697+0000] {logging_mixin.py:137} INFO - [2025-10-08T00:50:36.696+0000] {dag.py:3441} INFO - Setting next_dagrun for example_subdag_operator.section-2 to None, run_after=None
[2025-10-08T00:50:36.704+0000] {logging_mixin.py:137} INFO - [2025-10-08T00:50:36.703+0000] {dag.py:2690} INFO - Sync 2 DAGs
[2025-10-08T00:50:36.714+0000] {logging_mixin.py:137} INFO - [2025-10-08T00:50:36.714+0000] {dag.py:3441} INFO - Setting next_dagrun for example_subdag_operator.section-1 to None, run_after=None
[2025-10-08T00:50:36.715+0000] {logging_mixin.py:137} INFO - [2025-10-08T00:50:36.715+0000] {dag.py:3441} INFO - Setting next_dagrun for example_subdag_operator.section-2 to None, run_after=None
[2025-10-08T00:50:36.721+0000] {processor.py:175} INFO - Processing /home/airflow/.local/lib/python3.7/site-packages/airflow/example_dags/example_subdag_operator.py took 0.079 seconds
[2025-10-08T00:51:07.912+0000] {processor.py:153} INFO - Started process (PID=262) to work on /home/airflow/.local/lib/python3.7/site-packages/airflow/example_dags/example_subdag_operator.py
[2025-10-08T00:51:07.912+0000] {processor.py:743} INFO - Processing file /home/airflow/.local/lib/python3.7/site-packages/airflow/example_dags/example_subdag_operator.py for tasks to queue
[2025-10-08T00:51:07.913+0000] {logging_mixin.py:137} INFO - [2025-10-08T00:51:07.913+0000] {dagbag.py:538} INFO - Filling up the DagBag from /home/airflow/.local/lib/python3.7/site-packages/airflow/example_dags/example_subdag_operator.py
[2025-10-08T00:51:07.932+0000] {processor.py:753} INFO - DAG(s) dict_keys(['example_subdag_operator.section-1', 'example_subdag_operator.section-2', 'example_subdag_operator']) retrieved from /home/airflow/.local/lib/python3.7/site-packages/airflow/example_dags/example_subdag_operator.py
[2025-10-08T00:51:07.941+0000] {logging_mixin.py:137} INFO - [2025-10-08T00:51:07.941+0000] {dag.py:2690} INFO - Sync 3 DAGs
[2025-10-08T00:51:07.954+0000] {logging_mixin.py:137} INFO - [2025-10-08T00:51:07.954+0000] {dag.py:3441} INFO - Setting next_dagrun for example_subdag_operator to 2022-01-01T00:00:00+00:00, run_after=2022-01-01T00:00:00+00:00
[2025-10-08T00:51:07.957+0000] {logging_mixin.py:137} INFO - [2025-10-08T00:51:07.957+0000] {dag.py:3441} INFO - Setting next_dagrun for example_subdag_operator.section-1 to None, run_after=None
[2025-10-08T00:51:07.959+0000] {logging_mixin.py:137} INFO - [2025-10-08T00:51:07.959+0000] {dag.py:3441} INFO - Setting next_dagrun for example_subdag_operator.section-2 to None, run_after=None
[2025-10-08T00:51:07.964+0000] {logging_mixin.py:137} INFO - [2025-10-08T00:51:07.964+0000] {dag.py:2690} INFO - Sync 2 DAGs
[2025-10-08T00:51:07.969+0000] {logging_mixin.py:137} INFO - [2025-10-08T00:51:07.969+0000] {dag.py:3441} INFO - Setting next_dagrun for example_subdag_operator.section-1 to None, run_after=None
[2025-10-08T00:51:07.970+0000] {logging_mixin.py:137} INFO - [2025-10-08T00:51:07.970+0000] {dag.py:3441} INFO - Setting next_dagrun for example_subdag_operator.section-2 to None, run_after=None
[2025-10-08T00:51:07.981+0000] {processor.py:175} INFO - Processing /home/airflow/.local/lib/python3.7/site-packages/airflow/example_dags/example_subdag_operator.py took 0.071 seconds
[2025-10-08T00:51:38.925+0000] {processor.py:153} INFO - Started process (PID=339) to work on /home/airflow/.local/lib/python3.7/site-packages/airflow/example_dags/example_subdag_operator.py
[2025-10-08T00:51:38.926+0000] {processor.py:743} INFO - Processing file /home/airflow/.local/lib/python3.7/site-packages/airflow/example_dags/example_subdag_operator.py for tasks to queue
[2025-10-08T00:51:38.926+0000] {logging_mixin.py:137} INFO - [2025-10-08T00:51:38.926+0000] {dagbag.py:538} INFO - Filling up the DagBag from /home/airflow/.local/lib/python3.7/site-packages/airflow/example_dags/example_subdag_operator.py
[2025-10-08T00:51:38.948+0000] {processor.py:753} INFO - DAG(s) dict_keys(['example_subdag_operator.section-1', 'example_subdag_operator.section-2', 'example_subdag_operator']) retrieved from /home/airflow/.local/lib/python3.7/site-packages/airflow/example_dags/example_subdag_operator.py
[2025-10-08T00:51:38.960+0000] {logging_mixin.py:137} INFO - [2025-10-08T00:51:38.960+0000] {dag.py:2690} INFO - Sync 3 DAGs
[2025-10-08T00:51:38.976+0000] {logging_mixin.py:137} INFO - [2025-10-08T00:51:38.976+0000] {dag.py:3441} INFO - Setting next_dagrun for example_subdag_operator to 2022-01-01T00:00:00+00:00, run_after=2022-01-01T00:00:00+00:00
[2025-10-08T00:51:38.978+0000] {logging_mixin.py:137} INFO - [2025-10-08T00:51:38.978+0000] {dag.py:3441} INFO - Setting next_dagrun for example_subdag_operator.section-1 to None, run_after=None
[2025-10-08T00:51:38.979+0000] {logging_mixin.py:137} INFO - [2025-10-08T00:51:38.979+0000] {dag.py:3441} INFO - Setting next_dagrun for example_subdag_operator.section-2 to None, run_after=None
[2025-10-08T00:51:38.985+0000] {logging_mixin.py:137} INFO - [2025-10-08T00:51:38.985+0000] {dag.py:2690} INFO - Sync 2 DAGs
[2025-10-08T00:51:38.990+0000] {logging_mixin.py:137} INFO - [2025-10-08T00:51:38.990+0000] {dag.py:3441} INFO - Setting next_dagrun for example_subdag_operator.section-1 to None, run_after=None
[2025-10-08T00:51:38.990+0000] {logging_mixin.py:137} INFO - [2025-10-08T00:51:38.990+0000] {dag.py:3441} INFO - Setting next_dagrun for example_subdag_operator.section-2 to None, run_after=None
[2025-10-08T00:51:38.998+0000] {processor.py:175} INFO - Processing /home/airflow/.local/lib/python3.7/site-packages/airflow/example_dags/example_subdag_operator.py took 0.075 seconds
[2025-10-08T00:52:09.782+0000] {processor.py:153} INFO - Started process (PID=433) to work on /home/airflow/.local/lib/python3.7/site-packages/airflow/example_dags/example_subdag_operator.py
[2025-10-08T00:52:09.782+0000] {processor.py:743} INFO - Processing file /home/airflow/.local/lib/python3.7/site-packages/airflow/example_dags/example_subdag_operator.py for tasks to queue
[2025-10-08T00:52:09.783+0000] {logging_mixin.py:137} INFO - [2025-10-08T00:52:09.783+0000] {dagbag.py:538} INFO - Filling up the DagBag from /home/airflow/.local/lib/python3.7/site-packages/airflow/example_dags/example_subdag_operator.py
[2025-10-08T00:52:09.812+0000] {processor.py:753} INFO - DAG(s) dict_keys(['example_subdag_operator.section-1', 'example_subdag_operator.section-2', 'example_subdag_operator']) retrieved from /home/airflow/.local/lib/python3.7/site-packages/airflow/example_dags/example_subdag_operator.py
[2025-10-08T00:52:09.825+0000] {logging_mixin.py:137} INFO - [2025-10-08T00:52:09.825+0000] {dag.py:2690} INFO - Sync 3 DAGs
[2025-10-08T00:52:09.840+0000] {logging_mixin.py:137} INFO - [2025-10-08T00:52:09.840+0000] {dag.py:3441} INFO - Setting next_dagrun for example_subdag_operator to 2022-01-01T00:00:00+00:00, run_after=2022-01-01T00:00:00+00:00
[2025-10-08T00:52:09.842+0000] {logging_mixin.py:137} INFO - [2025-10-08T00:52:09.841+0000] {dag.py:3441} INFO - Setting next_dagrun for example_subdag_operator.section-1 to None, run_after=None
[2025-10-08T00:52:09.842+0000] {logging_mixin.py:137} INFO - [2025-10-08T00:52:09.842+0000] {dag.py:3441} INFO - Setting next_dagrun for example_subdag_operator.section-2 to None, run_after=None
[2025-10-08T00:52:09.846+0000] {logging_mixin.py:137} INFO - [2025-10-08T00:52:09.846+0000] {dag.py:2690} INFO - Sync 2 DAGs
[2025-10-08T00:52:09.850+0000] {logging_mixin.py:137} INFO - [2025-10-08T00:52:09.850+0000] {dag.py:3441} INFO - Setting next_dagrun for example_subdag_operator.section-1 to None, run_after=None
[2025-10-08T00:52:09.850+0000] {logging_mixin.py:137} INFO - [2025-10-08T00:52:09.850+0000] {dag.py:3441} INFO - Setting next_dagrun for example_subdag_operator.section-2 to None, run_after=None
[2025-10-08T00:52:09.860+0000] {processor.py:175} INFO - Processing /home/airflow/.local/lib/python3.7/site-packages/airflow/example_dags/example_subdag_operator.py took 0.080 seconds
[2025-10-08T00:52:40.860+0000] {processor.py:153} INFO - Started process (PID=528) to work on /home/airflow/.local/lib/python3.7/site-packages/airflow/example_dags/example_subdag_operator.py
[2025-10-08T00:52:40.861+0000] {processor.py:743} INFO - Processing file /home/airflow/.local/lib/python3.7/site-packages/airflow/example_dags/example_subdag_operator.py for tasks to queue
[2025-10-08T00:52:40.861+0000] {logging_mixin.py:137} INFO - [2025-10-08T00:52:40.861+0000] {dagbag.py:538} INFO - Filling up the DagBag from /home/airflow/.local/lib/python3.7/site-packages/airflow/example_dags/example_subdag_operator.py
[2025-10-08T00:52:40.881+0000] {processor.py:753} INFO - DAG(s) dict_keys(['example_subdag_operator.section-1', 'example_subdag_operator.section-2', 'example_subdag_operator']) retrieved from /home/airflow/.local/lib/python3.7/site-packages/airflow/example_dags/example_subdag_operator.py
[2025-10-08T00:52:40.893+0000] {logging_mixin.py:137} INFO - [2025-10-08T00:52:40.893+0000] {dag.py:2690} INFO - Sync 3 DAGs
[2025-10-08T00:52:40.911+0000] {logging_mixin.py:137} INFO - [2025-10-08T00:52:40.911+0000] {dag.py:3441} INFO - Setting next_dagrun for example_subdag_operator to 2022-01-01T00:00:00+00:00, run_after=2022-01-01T00:00:00+00:00
[2025-10-08T00:52:40.915+0000] {logging_mixin.py:137} INFO - [2025-10-08T00:52:40.915+0000] {dag.py:3441} INFO - Setting next_dagrun for example_subdag_operator.section-1 to None, run_after=None
[2025-10-08T00:52:40.917+0000] {logging_mixin.py:137} INFO - [2025-10-08T00:52:40.917+0000] {dag.py:3441} INFO - Setting next_dagrun for example_subdag_operator.section-2 to None, run_after=None
[2025-10-08T00:52:40.923+0000] {logging_mixin.py:137} INFO - [2025-10-08T00:52:40.923+0000] {dag.py:2690} INFO - Sync 2 DAGs
[2025-10-08T00:52:40.927+0000] {logging_mixin.py:137} INFO - [2025-10-08T00:52:40.927+0000] {dag.py:3441} INFO - Setting next_dagrun for example_subdag_operator.section-1 to None, run_after=None
[2025-10-08T00:52:40.930+0000] {logging_mixin.py:137} INFO - [2025-10-08T00:52:40.929+0000] {dag.py:3441} INFO - Setting next_dagrun for example_subdag_operator.section-2 to None, run_after=None
[2025-10-08T00:52:40.936+0000] {processor.py:175} INFO - Processing /home/airflow/.local/lib/python3.7/site-packages/airflow/example_dags/example_subdag_operator.py took 0.078 seconds
[2025-10-08T00:54:16.311+0000] {processor.py:153} INFO - Started process (PID=134) to work on /home/airflow/.local/lib/python3.7/site-packages/airflow/example_dags/example_subdag_operator.py
[2025-10-08T00:54:16.314+0000] {processor.py:743} INFO - Processing file /home/airflow/.local/lib/python3.7/site-packages/airflow/example_dags/example_subdag_operator.py for tasks to queue
[2025-10-08T00:54:16.317+0000] {logging_mixin.py:137} INFO - [2025-10-08T00:54:16.315+0000] {dagbag.py:538} INFO - Filling up the DagBag from /home/airflow/.local/lib/python3.7/site-packages/airflow/example_dags/example_subdag_operator.py
[2025-10-08T00:54:16.381+0000] {processor.py:753} INFO - DAG(s) dict_keys(['example_subdag_operator.section-1', 'example_subdag_operator.section-2', 'example_subdag_operator']) retrieved from /home/airflow/.local/lib/python3.7/site-packages/airflow/example_dags/example_subdag_operator.py
[2025-10-08T00:54:16.397+0000] {logging_mixin.py:137} INFO - [2025-10-08T00:54:16.397+0000] {dag.py:2690} INFO - Sync 3 DAGs
[2025-10-08T00:54:16.414+0000] {logging_mixin.py:137} INFO - [2025-10-08T00:54:16.414+0000] {dag.py:3441} INFO - Setting next_dagrun for example_subdag_operator to 2022-01-01T00:00:00+00:00, run_after=2022-01-01T00:00:00+00:00
[2025-10-08T00:54:16.416+0000] {logging_mixin.py:137} INFO - [2025-10-08T00:54:16.416+0000] {dag.py:3441} INFO - Setting next_dagrun for example_subdag_operator.section-1 to None, run_after=None
[2025-10-08T00:54:16.417+0000] {logging_mixin.py:137} INFO - [2025-10-08T00:54:16.417+0000] {dag.py:3441} INFO - Setting next_dagrun for example_subdag_operator.section-2 to None, run_after=None
[2025-10-08T00:54:16.422+0000] {logging_mixin.py:137} INFO - [2025-10-08T00:54:16.422+0000] {dag.py:2690} INFO - Sync 2 DAGs
[2025-10-08T00:54:16.427+0000] {logging_mixin.py:137} INFO - [2025-10-08T00:54:16.426+0000] {dag.py:3441} INFO - Setting next_dagrun for example_subdag_operator.section-1 to None, run_after=None
[2025-10-08T00:54:16.427+0000] {logging_mixin.py:137} INFO - [2025-10-08T00:54:16.427+0000] {dag.py:3441} INFO - Setting next_dagrun for example_subdag_operator.section-2 to None, run_after=None
[2025-10-08T00:54:16.440+0000] {processor.py:175} INFO - Processing /home/airflow/.local/lib/python3.7/site-packages/airflow/example_dags/example_subdag_operator.py took 0.130 seconds
[2025-10-08T00:54:47.424+0000] {processor.py:153} INFO - Started process (PID=229) to work on /home/airflow/.local/lib/python3.7/site-packages/airflow/example_dags/example_subdag_operator.py
[2025-10-08T00:54:47.424+0000] {processor.py:743} INFO - Processing file /home/airflow/.local/lib/python3.7/site-packages/airflow/example_dags/example_subdag_operator.py for tasks to queue
[2025-10-08T00:54:47.425+0000] {logging_mixin.py:137} INFO - [2025-10-08T00:54:47.425+0000] {dagbag.py:538} INFO - Filling up the DagBag from /home/airflow/.local/lib/python3.7/site-packages/airflow/example_dags/example_subdag_operator.py
[2025-10-08T00:54:47.445+0000] {processor.py:753} INFO - DAG(s) dict_keys(['example_subdag_operator.section-1', 'example_subdag_operator.section-2', 'example_subdag_operator']) retrieved from /home/airflow/.local/lib/python3.7/site-packages/airflow/example_dags/example_subdag_operator.py
[2025-10-08T00:54:47.457+0000] {logging_mixin.py:137} INFO - [2025-10-08T00:54:47.457+0000] {dag.py:2690} INFO - Sync 3 DAGs
[2025-10-08T00:54:47.479+0000] {logging_mixin.py:137} INFO - [2025-10-08T00:54:47.479+0000] {dag.py:3441} INFO - Setting next_dagrun for example_subdag_operator to 2022-01-01T00:00:00+00:00, run_after=2022-01-01T00:00:00+00:00
[2025-10-08T00:54:47.481+0000] {logging_mixin.py:137} INFO - [2025-10-08T00:54:47.481+0000] {dag.py:3441} INFO - Setting next_dagrun for example_subdag_operator.section-1 to None, run_after=None
[2025-10-08T00:54:47.482+0000] {logging_mixin.py:137} INFO - [2025-10-08T00:54:47.482+0000] {dag.py:3441} INFO - Setting next_dagrun for example_subdag_operator.section-2 to None, run_after=None
[2025-10-08T00:54:47.487+0000] {logging_mixin.py:137} INFO - [2025-10-08T00:54:47.487+0000] {dag.py:2690} INFO - Sync 2 DAGs
[2025-10-08T00:54:47.491+0000] {logging_mixin.py:137} INFO - [2025-10-08T00:54:47.491+0000] {dag.py:3441} INFO - Setting next_dagrun for example_subdag_operator.section-1 to None, run_after=None
[2025-10-08T00:54:47.491+0000] {logging_mixin.py:137} INFO - [2025-10-08T00:54:47.491+0000] {dag.py:3441} INFO - Setting next_dagrun for example_subdag_operator.section-2 to None, run_after=None
[2025-10-08T00:54:47.499+0000] {processor.py:175} INFO - Processing /home/airflow/.local/lib/python3.7/site-packages/airflow/example_dags/example_subdag_operator.py took 0.077 seconds
[2025-10-08T00:55:18.449+0000] {processor.py:153} INFO - Started process (PID=306) to work on /home/airflow/.local/lib/python3.7/site-packages/airflow/example_dags/example_subdag_operator.py
[2025-10-08T00:55:18.450+0000] {processor.py:743} INFO - Processing file /home/airflow/.local/lib/python3.7/site-packages/airflow/example_dags/example_subdag_operator.py for tasks to queue
[2025-10-08T00:55:18.450+0000] {logging_mixin.py:137} INFO - [2025-10-08T00:55:18.450+0000] {dagbag.py:538} INFO - Filling up the DagBag from /home/airflow/.local/lib/python3.7/site-packages/airflow/example_dags/example_subdag_operator.py
[2025-10-08T00:55:18.473+0000] {processor.py:753} INFO - DAG(s) dict_keys(['example_subdag_operator.section-1', 'example_subdag_operator.section-2', 'example_subdag_operator']) retrieved from /home/airflow/.local/lib/python3.7/site-packages/airflow/example_dags/example_subdag_operator.py
[2025-10-08T00:55:18.485+0000] {logging_mixin.py:137} INFO - [2025-10-08T00:55:18.485+0000] {dag.py:2690} INFO - Sync 3 DAGs
[2025-10-08T00:55:18.497+0000] {logging_mixin.py:137} INFO - [2025-10-08T00:55:18.496+0000] {dag.py:3441} INFO - Setting next_dagrun for example_subdag_operator to 2022-01-01T00:00:00+00:00, run_after=2022-01-01T00:00:00+00:00
[2025-10-08T00:55:18.498+0000] {logging_mixin.py:137} INFO - [2025-10-08T00:55:18.498+0000] {dag.py:3441} INFO - Setting next_dagrun for example_subdag_operator.section-1 to None, run_after=None
[2025-10-08T00:55:18.499+0000] {logging_mixin.py:137} INFO - [2025-10-08T00:55:18.499+0000] {dag.py:3441} INFO - Setting next_dagrun for example_subdag_operator.section-2 to None, run_after=None
[2025-10-08T00:55:18.502+0000] {logging_mixin.py:137} INFO - [2025-10-08T00:55:18.502+0000] {dag.py:2690} INFO - Sync 2 DAGs
[2025-10-08T00:55:18.505+0000] {logging_mixin.py:137} INFO - [2025-10-08T00:55:18.505+0000] {dag.py:3441} INFO - Setting next_dagrun for example_subdag_operator.section-1 to None, run_after=None
[2025-10-08T00:55:18.505+0000] {logging_mixin.py:137} INFO - [2025-10-08T00:55:18.505+0000] {dag.py:3441} INFO - Setting next_dagrun for example_subdag_operator.section-2 to None, run_after=None
[2025-10-08T00:55:18.511+0000] {processor.py:175} INFO - Processing /home/airflow/.local/lib/python3.7/site-packages/airflow/example_dags/example_subdag_operator.py took 0.063 seconds
[2025-10-08T00:55:49.397+0000] {processor.py:153} INFO - Started process (PID=401) to work on /home/airflow/.local/lib/python3.7/site-packages/airflow/example_dags/example_subdag_operator.py
[2025-10-08T00:55:49.398+0000] {processor.py:743} INFO - Processing file /home/airflow/.local/lib/python3.7/site-packages/airflow/example_dags/example_subdag_operator.py for tasks to queue
[2025-10-08T00:55:49.398+0000] {logging_mixin.py:137} INFO - [2025-10-08T00:55:49.398+0000] {dagbag.py:538} INFO - Filling up the DagBag from /home/airflow/.local/lib/python3.7/site-packages/airflow/example_dags/example_subdag_operator.py
[2025-10-08T00:55:49.419+0000] {processor.py:753} INFO - DAG(s) dict_keys(['example_subdag_operator.section-1', 'example_subdag_operator.section-2', 'example_subdag_operator']) retrieved from /home/airflow/.local/lib/python3.7/site-packages/airflow/example_dags/example_subdag_operator.py
[2025-10-08T00:55:49.431+0000] {logging_mixin.py:137} INFO - [2025-10-08T00:55:49.431+0000] {dag.py:2690} INFO - Sync 3 DAGs
[2025-10-08T00:55:49.444+0000] {logging_mixin.py:137} INFO - [2025-10-08T00:55:49.444+0000] {dag.py:3441} INFO - Setting next_dagrun for example_subdag_operator to 2022-01-01T00:00:00+00:00, run_after=2022-01-01T00:00:00+00:00
[2025-10-08T00:55:49.445+0000] {logging_mixin.py:137} INFO - [2025-10-08T00:55:49.445+0000] {dag.py:3441} INFO - Setting next_dagrun for example_subdag_operator.section-1 to None, run_after=None
[2025-10-08T00:55:49.446+0000] {logging_mixin.py:137} INFO - [2025-10-08T00:55:49.446+0000] {dag.py:3441} INFO - Setting next_dagrun for example_subdag_operator.section-2 to None, run_after=None
[2025-10-08T00:55:49.449+0000] {logging_mixin.py:137} INFO - [2025-10-08T00:55:49.449+0000] {dag.py:2690} INFO - Sync 2 DAGs
[2025-10-08T00:55:49.452+0000] {logging_mixin.py:137} INFO - [2025-10-08T00:55:49.452+0000] {dag.py:3441} INFO - Setting next_dagrun for example_subdag_operator.section-1 to None, run_after=None
[2025-10-08T00:55:49.452+0000] {logging_mixin.py:137} INFO - [2025-10-08T00:55:49.452+0000] {dag.py:3441} INFO - Setting next_dagrun for example_subdag_operator.section-2 to None, run_after=None
[2025-10-08T00:55:49.458+0000] {processor.py:175} INFO - Processing /home/airflow/.local/lib/python3.7/site-packages/airflow/example_dags/example_subdag_operator.py took 0.063 seconds
[2025-10-08T00:56:20.268+0000] {processor.py:153} INFO - Started process (PID=496) to work on /home/airflow/.local/lib/python3.7/site-packages/airflow/example_dags/example_subdag_operator.py
[2025-10-08T00:56:20.269+0000] {processor.py:743} INFO - Processing file /home/airflow/.local/lib/python3.7/site-packages/airflow/example_dags/example_subdag_operator.py for tasks to queue
[2025-10-08T00:56:20.269+0000] {logging_mixin.py:137} INFO - [2025-10-08T00:56:20.269+0000] {dagbag.py:538} INFO - Filling up the DagBag from /home/airflow/.local/lib/python3.7/site-packages/airflow/example_dags/example_subdag_operator.py
[2025-10-08T00:56:20.289+0000] {processor.py:753} INFO - DAG(s) dict_keys(['example_subdag_operator.section-1', 'example_subdag_operator.section-2', 'example_subdag_operator']) retrieved from /home/airflow/.local/lib/python3.7/site-packages/airflow/example_dags/example_subdag_operator.py
[2025-10-08T00:56:20.301+0000] {logging_mixin.py:137} INFO - [2025-10-08T00:56:20.301+0000] {dag.py:2690} INFO - Sync 3 DAGs
[2025-10-08T00:56:20.318+0000] {logging_mixin.py:137} INFO - [2025-10-08T00:56:20.318+0000] {dag.py:3441} INFO - Setting next_dagrun for example_subdag_operator to 2022-01-01T00:00:00+00:00, run_after=2022-01-01T00:00:00+00:00
[2025-10-08T00:56:20.321+0000] {logging_mixin.py:137} INFO - [2025-10-08T00:56:20.321+0000] {dag.py:3441} INFO - Setting next_dagrun for example_subdag_operator.section-1 to None, run_after=None
[2025-10-08T00:56:20.323+0000] {logging_mixin.py:137} INFO - [2025-10-08T00:56:20.322+0000] {dag.py:3441} INFO - Setting next_dagrun for example_subdag_operator.section-2 to None, run_after=None
[2025-10-08T00:56:20.329+0000] {logging_mixin.py:137} INFO - [2025-10-08T00:56:20.328+0000] {dag.py:2690} INFO - Sync 2 DAGs
[2025-10-08T00:56:20.332+0000] {logging_mixin.py:137} INFO - [2025-10-08T00:56:20.332+0000] {dag.py:3441} INFO - Setting next_dagrun for example_subdag_operator.section-1 to None, run_after=None
[2025-10-08T00:56:20.333+0000] {logging_mixin.py:137} INFO - [2025-10-08T00:56:20.332+0000] {dag.py:3441} INFO - Setting next_dagrun for example_subdag_operator.section-2 to None, run_after=None
[2025-10-08T00:56:20.342+0000] {processor.py:175} INFO - Processing /home/airflow/.local/lib/python3.7/site-packages/airflow/example_dags/example_subdag_operator.py took 0.075 seconds
[2025-10-08T00:56:51.090+0000] {processor.py:153} INFO - Started process (PID=573) to work on /home/airflow/.local/lib/python3.7/site-packages/airflow/example_dags/example_subdag_operator.py
[2025-10-08T00:56:51.091+0000] {processor.py:743} INFO - Processing file /home/airflow/.local/lib/python3.7/site-packages/airflow/example_dags/example_subdag_operator.py for tasks to queue
[2025-10-08T00:56:51.091+0000] {logging_mixin.py:137} INFO - [2025-10-08T00:56:51.091+0000] {dagbag.py:538} INFO - Filling up the DagBag from /home/airflow/.local/lib/python3.7/site-packages/airflow/example_dags/example_subdag_operator.py
[2025-10-08T00:56:51.109+0000] {processor.py:753} INFO - DAG(s) dict_keys(['example_subdag_operator.section-1', 'example_subdag_operator.section-2', 'example_subdag_operator']) retrieved from /home/airflow/.local/lib/python3.7/site-packages/airflow/example_dags/example_subdag_operator.py
[2025-10-08T00:56:51.122+0000] {logging_mixin.py:137} INFO - [2025-10-08T00:56:51.122+0000] {dag.py:2690} INFO - Sync 3 DAGs
[2025-10-08T00:56:51.138+0000] {logging_mixin.py:137} INFO - [2025-10-08T00:56:51.138+0000] {dag.py:3441} INFO - Setting next_dagrun for example_subdag_operator to 2022-01-01T00:00:00+00:00, run_after=2022-01-01T00:00:00+00:00
[2025-10-08T00:56:51.140+0000] {logging_mixin.py:137} INFO - [2025-10-08T00:56:51.140+0000] {dag.py:3441} INFO - Setting next_dagrun for example_subdag_operator.section-1 to None, run_after=None
[2025-10-08T00:56:51.141+0000] {logging_mixin.py:137} INFO - [2025-10-08T00:56:51.141+0000] {dag.py:3441} INFO - Setting next_dagrun for example_subdag_operator.section-2 to None, run_after=None
[2025-10-08T00:56:51.144+0000] {logging_mixin.py:137} INFO - [2025-10-08T00:56:51.144+0000] {dag.py:2690} INFO - Sync 2 DAGs
[2025-10-08T00:56:51.148+0000] {logging_mixin.py:137} INFO - [2025-10-08T00:56:51.148+0000] {dag.py:3441} INFO - Setting next_dagrun for example_subdag_operator.section-1 to None, run_after=None
[2025-10-08T00:56:51.148+0000] {logging_mixin.py:137} INFO - [2025-10-08T00:56:51.148+0000] {dag.py:3441} INFO - Setting next_dagrun for example_subdag_operator.section-2 to None, run_after=None
[2025-10-08T00:56:51.155+0000] {processor.py:175} INFO - Processing /home/airflow/.local/lib/python3.7/site-packages/airflow/example_dags/example_subdag_operator.py took 0.067 seconds
[2025-10-08T00:57:22.122+0000] {processor.py:153} INFO - Started process (PID=668) to work on /home/airflow/.local/lib/python3.7/site-packages/airflow/example_dags/example_subdag_operator.py
[2025-10-08T00:57:22.122+0000] {processor.py:743} INFO - Processing file /home/airflow/.local/lib/python3.7/site-packages/airflow/example_dags/example_subdag_operator.py for tasks to queue
[2025-10-08T00:57:22.123+0000] {logging_mixin.py:137} INFO - [2025-10-08T00:57:22.123+0000] {dagbag.py:538} INFO - Filling up the DagBag from /home/airflow/.local/lib/python3.7/site-packages/airflow/example_dags/example_subdag_operator.py
[2025-10-08T00:57:22.142+0000] {processor.py:753} INFO - DAG(s) dict_keys(['example_subdag_operator.section-1', 'example_subdag_operator.section-2', 'example_subdag_operator']) retrieved from /home/airflow/.local/lib/python3.7/site-packages/airflow/example_dags/example_subdag_operator.py
[2025-10-08T00:57:22.152+0000] {logging_mixin.py:137} INFO - [2025-10-08T00:57:22.152+0000] {dag.py:2690} INFO - Sync 3 DAGs
[2025-10-08T00:57:22.165+0000] {logging_mixin.py:137} INFO - [2025-10-08T00:57:22.164+0000] {dag.py:3441} INFO - Setting next_dagrun for example_subdag_operator to 2022-01-01T00:00:00+00:00, run_after=2022-01-01T00:00:00+00:00
[2025-10-08T00:57:22.166+0000] {logging_mixin.py:137} INFO - [2025-10-08T00:57:22.166+0000] {dag.py:3441} INFO - Setting next_dagrun for example_subdag_operator.section-1 to None, run_after=None
[2025-10-08T00:57:22.167+0000] {logging_mixin.py:137} INFO - [2025-10-08T00:57:22.167+0000] {dag.py:3441} INFO - Setting next_dagrun for example_subdag_operator.section-2 to None, run_after=None
[2025-10-08T00:57:22.171+0000] {logging_mixin.py:137} INFO - [2025-10-08T00:57:22.171+0000] {dag.py:2690} INFO - Sync 2 DAGs
[2025-10-08T00:57:22.174+0000] {logging_mixin.py:137} INFO - [2025-10-08T00:57:22.174+0000] {dag.py:3441} INFO - Setting next_dagrun for example_subdag_operator.section-1 to None, run_after=None
[2025-10-08T00:57:22.175+0000] {logging_mixin.py:137} INFO - [2025-10-08T00:57:22.175+0000] {dag.py:3441} INFO - Setting next_dagrun for example_subdag_operator.section-2 to None, run_after=None
[2025-10-08T00:57:22.180+0000] {processor.py:175} INFO - Processing /home/airflow/.local/lib/python3.7/site-packages/airflow/example_dags/example_subdag_operator.py took 0.060 seconds
[2025-10-08T00:57:53.034+0000] {processor.py:153} INFO - Started process (PID=763) to work on /home/airflow/.local/lib/python3.7/site-packages/airflow/example_dags/example_subdag_operator.py
[2025-10-08T00:57:53.034+0000] {processor.py:743} INFO - Processing file /home/airflow/.local/lib/python3.7/site-packages/airflow/example_dags/example_subdag_operator.py for tasks to queue
[2025-10-08T00:57:53.035+0000] {logging_mixin.py:137} INFO - [2025-10-08T00:57:53.035+0000] {dagbag.py:538} INFO - Filling up the DagBag from /home/airflow/.local/lib/python3.7/site-packages/airflow/example_dags/example_subdag_operator.py
[2025-10-08T00:57:53.054+0000] {processor.py:753} INFO - DAG(s) dict_keys(['example_subdag_operator.section-1', 'example_subdag_operator.section-2', 'example_subdag_operator']) retrieved from /home/airflow/.local/lib/python3.7/site-packages/airflow/example_dags/example_subdag_operator.py
[2025-10-08T00:57:53.063+0000] {logging_mixin.py:137} INFO - [2025-10-08T00:57:53.063+0000] {dag.py:2690} INFO - Sync 3 DAGs
[2025-10-08T00:57:53.077+0000] {logging_mixin.py:137} INFO - [2025-10-08T00:57:53.077+0000] {dag.py:3441} INFO - Setting next_dagrun for example_subdag_operator to 2022-01-01T00:00:00+00:00, run_after=2022-01-01T00:00:00+00:00
[2025-10-08T00:57:53.079+0000] {logging_mixin.py:137} INFO - [2025-10-08T00:57:53.079+0000] {dag.py:3441} INFO - Setting next_dagrun for example_subdag_operator.section-1 to None, run_after=None
[2025-10-08T00:57:53.080+0000] {logging_mixin.py:137} INFO - [2025-10-08T00:57:53.079+0000] {dag.py:3441} INFO - Setting next_dagrun for example_subdag_operator.section-2 to None, run_after=None
[2025-10-08T00:57:53.084+0000] {logging_mixin.py:137} INFO - [2025-10-08T00:57:53.084+0000] {dag.py:2690} INFO - Sync 2 DAGs
[2025-10-08T00:57:53.087+0000] {logging_mixin.py:137} INFO - [2025-10-08T00:57:53.086+0000] {dag.py:3441} INFO - Setting next_dagrun for example_subdag_operator.section-1 to None, run_after=None
[2025-10-08T00:57:53.087+0000] {logging_mixin.py:137} INFO - [2025-10-08T00:57:53.087+0000] {dag.py:3441} INFO - Setting next_dagrun for example_subdag_operator.section-2 to None, run_after=None
[2025-10-08T00:57:53.092+0000] {processor.py:175} INFO - Processing /home/airflow/.local/lib/python3.7/site-packages/airflow/example_dags/example_subdag_operator.py took 0.061 seconds
[2025-10-08T00:58:23.948+0000] {processor.py:153} INFO - Started process (PID=858) to work on /home/airflow/.local/lib/python3.7/site-packages/airflow/example_dags/example_subdag_operator.py
[2025-10-08T00:58:23.949+0000] {processor.py:743} INFO - Processing file /home/airflow/.local/lib/python3.7/site-packages/airflow/example_dags/example_subdag_operator.py for tasks to queue
[2025-10-08T00:58:23.950+0000] {logging_mixin.py:137} INFO - [2025-10-08T00:58:23.950+0000] {dagbag.py:538} INFO - Filling up the DagBag from /home/airflow/.local/lib/python3.7/site-packages/airflow/example_dags/example_subdag_operator.py
[2025-10-08T00:58:23.970+0000] {processor.py:753} INFO - DAG(s) dict_keys(['example_subdag_operator.section-1', 'example_subdag_operator.section-2', 'example_subdag_operator']) retrieved from /home/airflow/.local/lib/python3.7/site-packages/airflow/example_dags/example_subdag_operator.py
[2025-10-08T00:58:23.982+0000] {logging_mixin.py:137} INFO - [2025-10-08T00:58:23.982+0000] {dag.py:2690} INFO - Sync 3 DAGs
[2025-10-08T00:58:23.996+0000] {logging_mixin.py:137} INFO - [2025-10-08T00:58:23.996+0000] {dag.py:3441} INFO - Setting next_dagrun for example_subdag_operator to 2022-01-01T00:00:00+00:00, run_after=2022-01-01T00:00:00+00:00
[2025-10-08T00:58:23.998+0000] {logging_mixin.py:137} INFO - [2025-10-08T00:58:23.998+0000] {dag.py:3441} INFO - Setting next_dagrun for example_subdag_operator.section-1 to None, run_after=None
[2025-10-08T00:58:23.999+0000] {logging_mixin.py:137} INFO - [2025-10-08T00:58:23.999+0000] {dag.py:3441} INFO - Setting next_dagrun for example_subdag_operator.section-2 to None, run_after=None
[2025-10-08T00:58:24.003+0000] {logging_mixin.py:137} INFO - [2025-10-08T00:58:24.003+0000] {dag.py:2690} INFO - Sync 2 DAGs
[2025-10-08T00:58:24.006+0000] {logging_mixin.py:137} INFO - [2025-10-08T00:58:24.006+0000] {dag.py:3441} INFO - Setting next_dagrun for example_subdag_operator.section-1 to None, run_after=None
[2025-10-08T00:58:24.006+0000] {logging_mixin.py:137} INFO - [2025-10-08T00:58:24.006+0000] {dag.py:3441} INFO - Setting next_dagrun for example_subdag_operator.section-2 to None, run_after=None
[2025-10-08T00:58:24.013+0000] {processor.py:175} INFO - Processing /home/airflow/.local/lib/python3.7/site-packages/airflow/example_dags/example_subdag_operator.py took 0.068 seconds
[2025-10-08T00:58:54.059+0000] {processor.py:153} INFO - Started process (PID=933) to work on /home/airflow/.local/lib/python3.7/site-packages/airflow/example_dags/example_subdag_operator.py
[2025-10-08T00:58:54.060+0000] {processor.py:743} INFO - Processing file /home/airflow/.local/lib/python3.7/site-packages/airflow/example_dags/example_subdag_operator.py for tasks to queue
[2025-10-08T00:58:54.060+0000] {logging_mixin.py:137} INFO - [2025-10-08T00:58:54.060+0000] {dagbag.py:538} INFO - Filling up the DagBag from /home/airflow/.local/lib/python3.7/site-packages/airflow/example_dags/example_subdag_operator.py
[2025-10-08T00:58:54.082+0000] {processor.py:753} INFO - DAG(s) dict_keys(['example_subdag_operator.section-1', 'example_subdag_operator.section-2', 'example_subdag_operator']) retrieved from /home/airflow/.local/lib/python3.7/site-packages/airflow/example_dags/example_subdag_operator.py
[2025-10-08T00:58:54.094+0000] {logging_mixin.py:137} INFO - [2025-10-08T00:58:54.094+0000] {dag.py:2690} INFO - Sync 3 DAGs
[2025-10-08T00:58:54.108+0000] {logging_mixin.py:137} INFO - [2025-10-08T00:58:54.108+0000] {dag.py:3441} INFO - Setting next_dagrun for example_subdag_operator to 2022-01-01T00:00:00+00:00, run_after=2022-01-01T00:00:00+00:00
[2025-10-08T00:58:54.111+0000] {logging_mixin.py:137} INFO - [2025-10-08T00:58:54.111+0000] {dag.py:3441} INFO - Setting next_dagrun for example_subdag_operator.section-1 to None, run_after=None
[2025-10-08T00:58:54.112+0000] {logging_mixin.py:137} INFO - [2025-10-08T00:58:54.112+0000] {dag.py:3441} INFO - Setting next_dagrun for example_subdag_operator.section-2 to None, run_after=None
[2025-10-08T00:58:54.116+0000] {logging_mixin.py:137} INFO - [2025-10-08T00:58:54.116+0000] {dag.py:2690} INFO - Sync 2 DAGs
[2025-10-08T00:58:54.119+0000] {logging_mixin.py:137} INFO - [2025-10-08T00:58:54.119+0000] {dag.py:3441} INFO - Setting next_dagrun for example_subdag_operator.section-1 to None, run_after=None
[2025-10-08T00:58:54.119+0000] {logging_mixin.py:137} INFO - [2025-10-08T00:58:54.119+0000] {dag.py:3441} INFO - Setting next_dagrun for example_subdag_operator.section-2 to None, run_after=None
[2025-10-08T00:58:54.126+0000] {processor.py:175} INFO - Processing /home/airflow/.local/lib/python3.7/site-packages/airflow/example_dags/example_subdag_operator.py took 0.069 seconds
[2025-10-08T00:59:25.066+0000] {processor.py:153} INFO - Started process (PID=1029) to work on /home/airflow/.local/lib/python3.7/site-packages/airflow/example_dags/example_subdag_operator.py
[2025-10-08T00:59:25.068+0000] {processor.py:743} INFO - Processing file /home/airflow/.local/lib/python3.7/site-packages/airflow/example_dags/example_subdag_operator.py for tasks to queue
[2025-10-08T00:59:25.068+0000] {logging_mixin.py:137} INFO - [2025-10-08T00:59:25.068+0000] {dagbag.py:538} INFO - Filling up the DagBag from /home/airflow/.local/lib/python3.7/site-packages/airflow/example_dags/example_subdag_operator.py
[2025-10-08T00:59:25.087+0000] {processor.py:753} INFO - DAG(s) dict_keys(['example_subdag_operator.section-1', 'example_subdag_operator.section-2', 'example_subdag_operator']) retrieved from /home/airflow/.local/lib/python3.7/site-packages/airflow/example_dags/example_subdag_operator.py
[2025-10-08T00:59:25.098+0000] {logging_mixin.py:137} INFO - [2025-10-08T00:59:25.098+0000] {dag.py:2690} INFO - Sync 3 DAGs
[2025-10-08T00:59:25.112+0000] {logging_mixin.py:137} INFO - [2025-10-08T00:59:25.112+0000] {dag.py:3441} INFO - Setting next_dagrun for example_subdag_operator to 2022-01-01T00:00:00+00:00, run_after=2022-01-01T00:00:00+00:00
[2025-10-08T00:59:25.114+0000] {logging_mixin.py:137} INFO - [2025-10-08T00:59:25.114+0000] {dag.py:3441} INFO - Setting next_dagrun for example_subdag_operator.section-1 to None, run_after=None
[2025-10-08T00:59:25.115+0000] {logging_mixin.py:137} INFO - [2025-10-08T00:59:25.115+0000] {dag.py:3441} INFO - Setting next_dagrun for example_subdag_operator.section-2 to None, run_after=None
[2025-10-08T00:59:25.121+0000] {logging_mixin.py:137} INFO - [2025-10-08T00:59:25.121+0000] {dag.py:2690} INFO - Sync 2 DAGs
[2025-10-08T00:59:25.125+0000] {logging_mixin.py:137} INFO - [2025-10-08T00:59:25.125+0000] {dag.py:3441} INFO - Setting next_dagrun for example_subdag_operator.section-1 to None, run_after=None
[2025-10-08T00:59:25.125+0000] {logging_mixin.py:137} INFO - [2025-10-08T00:59:25.125+0000] {dag.py:3441} INFO - Setting next_dagrun for example_subdag_operator.section-2 to None, run_after=None
[2025-10-08T00:59:25.133+0000] {processor.py:175} INFO - Processing /home/airflow/.local/lib/python3.7/site-packages/airflow/example_dags/example_subdag_operator.py took 0.069 seconds
[2025-10-08T00:59:55.939+0000] {processor.py:153} INFO - Started process (PID=1124) to work on /home/airflow/.local/lib/python3.7/site-packages/airflow/example_dags/example_subdag_operator.py
[2025-10-08T00:59:55.941+0000] {processor.py:743} INFO - Processing file /home/airflow/.local/lib/python3.7/site-packages/airflow/example_dags/example_subdag_operator.py for tasks to queue
[2025-10-08T00:59:55.941+0000] {logging_mixin.py:137} INFO - [2025-10-08T00:59:55.941+0000] {dagbag.py:538} INFO - Filling up the DagBag from /home/airflow/.local/lib/python3.7/site-packages/airflow/example_dags/example_subdag_operator.py
[2025-10-08T00:59:55.961+0000] {processor.py:753} INFO - DAG(s) dict_keys(['example_subdag_operator.section-1', 'example_subdag_operator.section-2', 'example_subdag_operator']) retrieved from /home/airflow/.local/lib/python3.7/site-packages/airflow/example_dags/example_subdag_operator.py
[2025-10-08T00:59:55.973+0000] {logging_mixin.py:137} INFO - [2025-10-08T00:59:55.972+0000] {dag.py:2690} INFO - Sync 3 DAGs
[2025-10-08T00:59:55.989+0000] {logging_mixin.py:137} INFO - [2025-10-08T00:59:55.989+0000] {dag.py:3441} INFO - Setting next_dagrun for example_subdag_operator to 2022-01-01T00:00:00+00:00, run_after=2022-01-01T00:00:00+00:00
[2025-10-08T00:59:55.991+0000] {logging_mixin.py:137} INFO - [2025-10-08T00:59:55.990+0000] {dag.py:3441} INFO - Setting next_dagrun for example_subdag_operator.section-1 to None, run_after=None
[2025-10-08T00:59:55.992+0000] {logging_mixin.py:137} INFO - [2025-10-08T00:59:55.991+0000] {dag.py:3441} INFO - Setting next_dagrun for example_subdag_operator.section-2 to None, run_after=None
[2025-10-08T00:59:55.996+0000] {logging_mixin.py:137} INFO - [2025-10-08T00:59:55.996+0000] {dag.py:2690} INFO - Sync 2 DAGs
[2025-10-08T00:59:56.000+0000] {logging_mixin.py:137} INFO - [2025-10-08T00:59:56.000+0000] {dag.py:3441} INFO - Setting next_dagrun for example_subdag_operator.section-1 to None, run_after=None
[2025-10-08T00:59:56.000+0000] {logging_mixin.py:137} INFO - [2025-10-08T00:59:56.000+0000] {dag.py:3441} INFO - Setting next_dagrun for example_subdag_operator.section-2 to None, run_after=None
[2025-10-08T00:59:56.008+0000] {processor.py:175} INFO - Processing /home/airflow/.local/lib/python3.7/site-packages/airflow/example_dags/example_subdag_operator.py took 0.071 seconds
[2025-10-08T01:00:26.715+0000] {processor.py:153} INFO - Started process (PID=1210) to work on /home/airflow/.local/lib/python3.7/site-packages/airflow/example_dags/example_subdag_operator.py
[2025-10-08T01:00:26.716+0000] {processor.py:743} INFO - Processing file /home/airflow/.local/lib/python3.7/site-packages/airflow/example_dags/example_subdag_operator.py for tasks to queue
[2025-10-08T01:00:26.717+0000] {logging_mixin.py:137} INFO - [2025-10-08T01:00:26.717+0000] {dagbag.py:538} INFO - Filling up the DagBag from /home/airflow/.local/lib/python3.7/site-packages/airflow/example_dags/example_subdag_operator.py
[2025-10-08T01:00:26.738+0000] {processor.py:753} INFO - DAG(s) dict_keys(['example_subdag_operator.section-1', 'example_subdag_operator.section-2', 'example_subdag_operator']) retrieved from /home/airflow/.local/lib/python3.7/site-packages/airflow/example_dags/example_subdag_operator.py
[2025-10-08T01:00:26.749+0000] {logging_mixin.py:137} INFO - [2025-10-08T01:00:26.749+0000] {dag.py:2690} INFO - Sync 3 DAGs
[2025-10-08T01:00:26.766+0000] {logging_mixin.py:137} INFO - [2025-10-08T01:00:26.765+0000] {dag.py:3441} INFO - Setting next_dagrun for example_subdag_operator to 2022-01-01T00:00:00+00:00, run_after=2022-01-01T00:00:00+00:00
[2025-10-08T01:00:26.768+0000] {logging_mixin.py:137} INFO - [2025-10-08T01:00:26.768+0000] {dag.py:3441} INFO - Setting next_dagrun for example_subdag_operator.section-1 to None, run_after=None
[2025-10-08T01:00:26.769+0000] {logging_mixin.py:137} INFO - [2025-10-08T01:00:26.769+0000] {dag.py:3441} INFO - Setting next_dagrun for example_subdag_operator.section-2 to None, run_after=None
[2025-10-08T01:00:26.773+0000] {logging_mixin.py:137} INFO - [2025-10-08T01:00:26.773+0000] {dag.py:2690} INFO - Sync 2 DAGs
[2025-10-08T01:00:26.777+0000] {logging_mixin.py:137} INFO - [2025-10-08T01:00:26.777+0000] {dag.py:3441} INFO - Setting next_dagrun for example_subdag_operator.section-1 to None, run_after=None
[2025-10-08T01:00:26.777+0000] {logging_mixin.py:137} INFO - [2025-10-08T01:00:26.777+0000] {dag.py:3441} INFO - Setting next_dagrun for example_subdag_operator.section-2 to None, run_after=None
[2025-10-08T01:00:26.784+0000] {processor.py:175} INFO - Processing /home/airflow/.local/lib/python3.7/site-packages/airflow/example_dags/example_subdag_operator.py took 0.070 seconds
[2025-10-08T01:00:57.661+0000] {processor.py:153} INFO - Started process (PID=1296) to work on /home/airflow/.local/lib/python3.7/site-packages/airflow/example_dags/example_subdag_operator.py
[2025-10-08T01:00:57.663+0000] {processor.py:743} INFO - Processing file /home/airflow/.local/lib/python3.7/site-packages/airflow/example_dags/example_subdag_operator.py for tasks to queue
[2025-10-08T01:00:57.664+0000] {logging_mixin.py:137} INFO - [2025-10-08T01:00:57.664+0000] {dagbag.py:538} INFO - Filling up the DagBag from /home/airflow/.local/lib/python3.7/site-packages/airflow/example_dags/example_subdag_operator.py
[2025-10-08T01:00:57.689+0000] {processor.py:753} INFO - DAG(s) dict_keys(['example_subdag_operator.section-1', 'example_subdag_operator.section-2', 'example_subdag_operator']) retrieved from /home/airflow/.local/lib/python3.7/site-packages/airflow/example_dags/example_subdag_operator.py
[2025-10-08T01:00:57.702+0000] {logging_mixin.py:137} INFO - [2025-10-08T01:00:57.702+0000] {dag.py:2690} INFO - Sync 3 DAGs
[2025-10-08T01:00:57.719+0000] {logging_mixin.py:137} INFO - [2025-10-08T01:00:57.719+0000] {dag.py:3441} INFO - Setting next_dagrun for example_subdag_operator to 2022-01-01T00:00:00+00:00, run_after=2022-01-01T00:00:00+00:00
[2025-10-08T01:00:57.721+0000] {logging_mixin.py:137} INFO - [2025-10-08T01:00:57.721+0000] {dag.py:3441} INFO - Setting next_dagrun for example_subdag_operator.section-1 to None, run_after=None
[2025-10-08T01:00:57.722+0000] {logging_mixin.py:137} INFO - [2025-10-08T01:00:57.722+0000] {dag.py:3441} INFO - Setting next_dagrun for example_subdag_operator.section-2 to None, run_after=None
[2025-10-08T01:00:57.726+0000] {logging_mixin.py:137} INFO - [2025-10-08T01:00:57.726+0000] {dag.py:2690} INFO - Sync 2 DAGs
[2025-10-08T01:00:57.729+0000] {logging_mixin.py:137} INFO - [2025-10-08T01:00:57.729+0000] {dag.py:3441} INFO - Setting next_dagrun for example_subdag_operator.section-1 to None, run_after=None
[2025-10-08T01:00:57.729+0000] {logging_mixin.py:137} INFO - [2025-10-08T01:00:57.729+0000] {dag.py:3441} INFO - Setting next_dagrun for example_subdag_operator.section-2 to None, run_after=None
[2025-10-08T01:00:57.737+0000] {processor.py:175} INFO - Processing /home/airflow/.local/lib/python3.7/site-packages/airflow/example_dags/example_subdag_operator.py took 0.078 seconds
[2025-10-08T01:01:28.407+0000] {processor.py:153} INFO - Started process (PID=1391) to work on /home/airflow/.local/lib/python3.7/site-packages/airflow/example_dags/example_subdag_operator.py
[2025-10-08T01:01:28.408+0000] {processor.py:743} INFO - Processing file /home/airflow/.local/lib/python3.7/site-packages/airflow/example_dags/example_subdag_operator.py for tasks to queue
[2025-10-08T01:01:28.409+0000] {logging_mixin.py:137} INFO - [2025-10-08T01:01:28.409+0000] {dagbag.py:538} INFO - Filling up the DagBag from /home/airflow/.local/lib/python3.7/site-packages/airflow/example_dags/example_subdag_operator.py
[2025-10-08T01:01:28.427+0000] {processor.py:753} INFO - DAG(s) dict_keys(['example_subdag_operator.section-1', 'example_subdag_operator.section-2', 'example_subdag_operator']) retrieved from /home/airflow/.local/lib/python3.7/site-packages/airflow/example_dags/example_subdag_operator.py
[2025-10-08T01:01:28.440+0000] {logging_mixin.py:137} INFO - [2025-10-08T01:01:28.440+0000] {dag.py:2690} INFO - Sync 3 DAGs
[2025-10-08T01:01:28.457+0000] {logging_mixin.py:137} INFO - [2025-10-08T01:01:28.457+0000] {dag.py:3441} INFO - Setting next_dagrun for example_subdag_operator to 2022-01-01T00:00:00+00:00, run_after=2022-01-01T00:00:00+00:00
[2025-10-08T01:01:28.459+0000] {logging_mixin.py:137} INFO - [2025-10-08T01:01:28.459+0000] {dag.py:3441} INFO - Setting next_dagrun for example_subdag_operator.section-1 to None, run_after=None
[2025-10-08T01:01:28.459+0000] {logging_mixin.py:137} INFO - [2025-10-08T01:01:28.459+0000] {dag.py:3441} INFO - Setting next_dagrun for example_subdag_operator.section-2 to None, run_after=None
[2025-10-08T01:01:28.464+0000] {logging_mixin.py:137} INFO - [2025-10-08T01:01:28.464+0000] {dag.py:2690} INFO - Sync 2 DAGs
[2025-10-08T01:01:28.467+0000] {logging_mixin.py:137} INFO - [2025-10-08T01:01:28.467+0000] {dag.py:3441} INFO - Setting next_dagrun for example_subdag_operator.section-1 to None, run_after=None
[2025-10-08T01:01:28.467+0000] {logging_mixin.py:137} INFO - [2025-10-08T01:01:28.467+0000] {dag.py:3441} INFO - Setting next_dagrun for example_subdag_operator.section-2 to None, run_after=None
[2025-10-08T01:01:28.473+0000] {processor.py:175} INFO - Processing /home/airflow/.local/lib/python3.7/site-packages/airflow/example_dags/example_subdag_operator.py took 0.068 seconds
