[2025-10-08T00:50:05.137+0000] {processor.py:153} INFO - Started process (PID=53) to work on /home/airflow/.local/lib/python3.7/site-packages/airflow/example_dags/example_sensors.py
[2025-10-08T00:50:05.138+0000] {processor.py:743} INFO - Processing file /home/airflow/.local/lib/python3.7/site-packages/airflow/example_dags/example_sensors.py for tasks to queue
[2025-10-08T00:50:05.139+0000] {logging_mixin.py:137} INFO - [2025-10-08T00:50:05.139+0000] {dagbag.py:538} INFO - Filling up the DagBag from /home/airflow/.local/lib/python3.7/site-packages/airflow/example_dags/example_sensors.py
[2025-10-08T00:50:05.156+0000] {processor.py:753} INFO - DAG(s) dict_keys(['example_sensors']) retrieved from /home/airflow/.local/lib/python3.7/site-packages/airflow/example_dags/example_sensors.py
[2025-10-08T00:50:05.169+0000] {logging_mixin.py:137} INFO - [2025-10-08T00:50:05.169+0000] {dag.py:2690} INFO - Sync 1 DAGs
[2025-10-08T00:50:05.184+0000] {logging_mixin.py:137} INFO - [2025-10-08T00:50:05.184+0000] {dag.py:3441} INFO - Setting next_dagrun for example_sensors to None, run_after=None
[2025-10-08T00:50:05.199+0000] {processor.py:175} INFO - Processing /home/airflow/.local/lib/python3.7/site-packages/airflow/example_dags/example_sensors.py took 0.064 seconds
[2025-10-08T00:50:35.675+0000] {processor.py:153} INFO - Started process (PID=148) to work on /home/airflow/.local/lib/python3.7/site-packages/airflow/example_dags/example_sensors.py
[2025-10-08T00:50:35.676+0000] {processor.py:743} INFO - Processing file /home/airflow/.local/lib/python3.7/site-packages/airflow/example_dags/example_sensors.py for tasks to queue
[2025-10-08T00:50:35.677+0000] {logging_mixin.py:137} INFO - [2025-10-08T00:50:35.677+0000] {dagbag.py:538} INFO - Filling up the DagBag from /home/airflow/.local/lib/python3.7/site-packages/airflow/example_dags/example_sensors.py
[2025-10-08T00:50:35.691+0000] {processor.py:753} INFO - DAG(s) dict_keys(['example_sensors']) retrieved from /home/airflow/.local/lib/python3.7/site-packages/airflow/example_dags/example_sensors.py
[2025-10-08T00:50:35.712+0000] {logging_mixin.py:137} INFO - [2025-10-08T00:50:35.712+0000] {dag.py:2690} INFO - Sync 1 DAGs
[2025-10-08T00:50:35.729+0000] {logging_mixin.py:137} INFO - [2025-10-08T00:50:35.729+0000] {dag.py:3441} INFO - Setting next_dagrun for example_sensors to None, run_after=None
[2025-10-08T00:50:35.744+0000] {processor.py:175} INFO - Processing /home/airflow/.local/lib/python3.7/site-packages/airflow/example_dags/example_sensors.py took 0.071 seconds
[2025-10-08T00:51:06.819+0000] {processor.py:153} INFO - Started process (PID=243) to work on /home/airflow/.local/lib/python3.7/site-packages/airflow/example_dags/example_sensors.py
[2025-10-08T00:51:06.820+0000] {processor.py:743} INFO - Processing file /home/airflow/.local/lib/python3.7/site-packages/airflow/example_dags/example_sensors.py for tasks to queue
[2025-10-08T00:51:06.821+0000] {logging_mixin.py:137} INFO - [2025-10-08T00:51:06.820+0000] {dagbag.py:538} INFO - Filling up the DagBag from /home/airflow/.local/lib/python3.7/site-packages/airflow/example_dags/example_sensors.py
[2025-10-08T00:51:06.834+0000] {processor.py:753} INFO - DAG(s) dict_keys(['example_sensors']) retrieved from /home/airflow/.local/lib/python3.7/site-packages/airflow/example_dags/example_sensors.py
[2025-10-08T00:51:06.877+0000] {logging_mixin.py:137} INFO - [2025-10-08T00:51:06.877+0000] {dag.py:2690} INFO - Sync 1 DAGs
[2025-10-08T00:51:06.919+0000] {logging_mixin.py:137} INFO - [2025-10-08T00:51:06.919+0000] {dag.py:3441} INFO - Setting next_dagrun for example_sensors to None, run_after=None
[2025-10-08T00:51:06.955+0000] {processor.py:175} INFO - Processing /home/airflow/.local/lib/python3.7/site-packages/airflow/example_dags/example_sensors.py took 0.138 seconds
[2025-10-08T00:51:37.940+0000] {processor.py:153} INFO - Started process (PID=319) to work on /home/airflow/.local/lib/python3.7/site-packages/airflow/example_dags/example_sensors.py
[2025-10-08T00:51:37.941+0000] {processor.py:743} INFO - Processing file /home/airflow/.local/lib/python3.7/site-packages/airflow/example_dags/example_sensors.py for tasks to queue
[2025-10-08T00:51:37.942+0000] {logging_mixin.py:137} INFO - [2025-10-08T00:51:37.942+0000] {dagbag.py:538} INFO - Filling up the DagBag from /home/airflow/.local/lib/python3.7/site-packages/airflow/example_dags/example_sensors.py
[2025-10-08T00:51:37.956+0000] {processor.py:753} INFO - DAG(s) dict_keys(['example_sensors']) retrieved from /home/airflow/.local/lib/python3.7/site-packages/airflow/example_dags/example_sensors.py
[2025-10-08T00:51:37.976+0000] {logging_mixin.py:137} INFO - [2025-10-08T00:51:37.976+0000] {dag.py:2690} INFO - Sync 1 DAGs
[2025-10-08T00:51:37.990+0000] {logging_mixin.py:137} INFO - [2025-10-08T00:51:37.990+0000] {dag.py:3441} INFO - Setting next_dagrun for example_sensors to None, run_after=None
[2025-10-08T00:51:38.000+0000] {processor.py:175} INFO - Processing /home/airflow/.local/lib/python3.7/site-packages/airflow/example_dags/example_sensors.py took 0.063 seconds
[2025-10-08T00:52:08.882+0000] {processor.py:153} INFO - Started process (PID=413) to work on /home/airflow/.local/lib/python3.7/site-packages/airflow/example_dags/example_sensors.py
[2025-10-08T00:52:08.883+0000] {processor.py:743} INFO - Processing file /home/airflow/.local/lib/python3.7/site-packages/airflow/example_dags/example_sensors.py for tasks to queue
[2025-10-08T00:52:08.885+0000] {logging_mixin.py:137} INFO - [2025-10-08T00:52:08.884+0000] {dagbag.py:538} INFO - Filling up the DagBag from /home/airflow/.local/lib/python3.7/site-packages/airflow/example_dags/example_sensors.py
[2025-10-08T00:52:08.900+0000] {processor.py:753} INFO - DAG(s) dict_keys(['example_sensors']) retrieved from /home/airflow/.local/lib/python3.7/site-packages/airflow/example_dags/example_sensors.py
[2025-10-08T00:52:08.921+0000] {logging_mixin.py:137} INFO - [2025-10-08T00:52:08.921+0000] {dag.py:2690} INFO - Sync 1 DAGs
[2025-10-08T00:52:08.937+0000] {logging_mixin.py:137} INFO - [2025-10-08T00:52:08.937+0000] {dag.py:3441} INFO - Setting next_dagrun for example_sensors to None, run_after=None
[2025-10-08T00:52:08.948+0000] {processor.py:175} INFO - Processing /home/airflow/.local/lib/python3.7/site-packages/airflow/example_dags/example_sensors.py took 0.067 seconds
[2025-10-08T00:52:39.829+0000] {processor.py:153} INFO - Started process (PID=508) to work on /home/airflow/.local/lib/python3.7/site-packages/airflow/example_dags/example_sensors.py
[2025-10-08T00:52:39.832+0000] {processor.py:743} INFO - Processing file /home/airflow/.local/lib/python3.7/site-packages/airflow/example_dags/example_sensors.py for tasks to queue
[2025-10-08T00:52:39.832+0000] {logging_mixin.py:137} INFO - [2025-10-08T00:52:39.832+0000] {dagbag.py:538} INFO - Filling up the DagBag from /home/airflow/.local/lib/python3.7/site-packages/airflow/example_dags/example_sensors.py
[2025-10-08T00:52:39.846+0000] {processor.py:753} INFO - DAG(s) dict_keys(['example_sensors']) retrieved from /home/airflow/.local/lib/python3.7/site-packages/airflow/example_dags/example_sensors.py
[2025-10-08T00:52:39.866+0000] {logging_mixin.py:137} INFO - [2025-10-08T00:52:39.866+0000] {dag.py:2690} INFO - Sync 1 DAGs
[2025-10-08T00:52:39.881+0000] {logging_mixin.py:137} INFO - [2025-10-08T00:52:39.881+0000] {dag.py:3441} INFO - Setting next_dagrun for example_sensors to None, run_after=None
[2025-10-08T00:52:39.892+0000] {processor.py:175} INFO - Processing /home/airflow/.local/lib/python3.7/site-packages/airflow/example_dags/example_sensors.py took 0.066 seconds
[2025-10-08T00:54:15.174+0000] {processor.py:153} INFO - Started process (PID=115) to work on /home/airflow/.local/lib/python3.7/site-packages/airflow/example_dags/example_sensors.py
[2025-10-08T00:54:15.175+0000] {processor.py:743} INFO - Processing file /home/airflow/.local/lib/python3.7/site-packages/airflow/example_dags/example_sensors.py for tasks to queue
[2025-10-08T00:54:15.176+0000] {logging_mixin.py:137} INFO - [2025-10-08T00:54:15.176+0000] {dagbag.py:538} INFO - Filling up the DagBag from /home/airflow/.local/lib/python3.7/site-packages/airflow/example_dags/example_sensors.py
[2025-10-08T00:54:15.192+0000] {processor.py:753} INFO - DAG(s) dict_keys(['example_sensors']) retrieved from /home/airflow/.local/lib/python3.7/site-packages/airflow/example_dags/example_sensors.py
[2025-10-08T00:54:15.211+0000] {logging_mixin.py:137} INFO - [2025-10-08T00:54:15.211+0000] {dag.py:2690} INFO - Sync 1 DAGs
[2025-10-08T00:54:15.228+0000] {logging_mixin.py:137} INFO - [2025-10-08T00:54:15.228+0000] {dag.py:3441} INFO - Setting next_dagrun for example_sensors to None, run_after=None
[2025-10-08T00:54:15.243+0000] {processor.py:175} INFO - Processing /home/airflow/.local/lib/python3.7/site-packages/airflow/example_dags/example_sensors.py took 0.071 seconds
[2025-10-08T00:54:45.489+0000] {processor.py:153} INFO - Started process (PID=190) to work on /home/airflow/.local/lib/python3.7/site-packages/airflow/example_dags/example_sensors.py
[2025-10-08T00:54:45.490+0000] {processor.py:743} INFO - Processing file /home/airflow/.local/lib/python3.7/site-packages/airflow/example_dags/example_sensors.py for tasks to queue
[2025-10-08T00:54:45.490+0000] {logging_mixin.py:137} INFO - [2025-10-08T00:54:45.490+0000] {dagbag.py:538} INFO - Filling up the DagBag from /home/airflow/.local/lib/python3.7/site-packages/airflow/example_dags/example_sensors.py
[2025-10-08T00:54:45.502+0000] {processor.py:753} INFO - DAG(s) dict_keys(['example_sensors']) retrieved from /home/airflow/.local/lib/python3.7/site-packages/airflow/example_dags/example_sensors.py
[2025-10-08T00:54:45.518+0000] {logging_mixin.py:137} INFO - [2025-10-08T00:54:45.518+0000] {dag.py:2690} INFO - Sync 1 DAGs
[2025-10-08T00:54:45.533+0000] {logging_mixin.py:137} INFO - [2025-10-08T00:54:45.533+0000] {dag.py:3441} INFO - Setting next_dagrun for example_sensors to None, run_after=None
[2025-10-08T00:54:45.545+0000] {processor.py:175} INFO - Processing /home/airflow/.local/lib/python3.7/site-packages/airflow/example_dags/example_sensors.py took 0.058 seconds
[2025-10-08T00:55:15.619+0000] {processor.py:153} INFO - Started process (PID=285) to work on /home/airflow/.local/lib/python3.7/site-packages/airflow/example_dags/example_sensors.py
[2025-10-08T00:55:15.620+0000] {processor.py:743} INFO - Processing file /home/airflow/.local/lib/python3.7/site-packages/airflow/example_dags/example_sensors.py for tasks to queue
[2025-10-08T00:55:15.620+0000] {logging_mixin.py:137} INFO - [2025-10-08T00:55:15.620+0000] {dagbag.py:538} INFO - Filling up the DagBag from /home/airflow/.local/lib/python3.7/site-packages/airflow/example_dags/example_sensors.py
[2025-10-08T00:55:15.630+0000] {processor.py:753} INFO - DAG(s) dict_keys(['example_sensors']) retrieved from /home/airflow/.local/lib/python3.7/site-packages/airflow/example_dags/example_sensors.py
[2025-10-08T00:55:15.644+0000] {logging_mixin.py:137} INFO - [2025-10-08T00:55:15.644+0000] {dag.py:2690} INFO - Sync 1 DAGs
[2025-10-08T00:55:15.656+0000] {logging_mixin.py:137} INFO - [2025-10-08T00:55:15.656+0000] {dag.py:3441} INFO - Setting next_dagrun for example_sensors to None, run_after=None
[2025-10-08T00:55:15.665+0000] {processor.py:175} INFO - Processing /home/airflow/.local/lib/python3.7/site-packages/airflow/example_dags/example_sensors.py took 0.047 seconds
[2025-10-08T00:55:46.457+0000] {processor.py:153} INFO - Started process (PID=380) to work on /home/airflow/.local/lib/python3.7/site-packages/airflow/example_dags/example_sensors.py
[2025-10-08T00:55:46.457+0000] {processor.py:743} INFO - Processing file /home/airflow/.local/lib/python3.7/site-packages/airflow/example_dags/example_sensors.py for tasks to queue
[2025-10-08T00:55:46.458+0000] {logging_mixin.py:137} INFO - [2025-10-08T00:55:46.458+0000] {dagbag.py:538} INFO - Filling up the DagBag from /home/airflow/.local/lib/python3.7/site-packages/airflow/example_dags/example_sensors.py
[2025-10-08T00:55:46.468+0000] {processor.py:753} INFO - DAG(s) dict_keys(['example_sensors']) retrieved from /home/airflow/.local/lib/python3.7/site-packages/airflow/example_dags/example_sensors.py
[2025-10-08T00:55:46.483+0000] {logging_mixin.py:137} INFO - [2025-10-08T00:55:46.483+0000] {dag.py:2690} INFO - Sync 1 DAGs
[2025-10-08T00:55:46.501+0000] {logging_mixin.py:137} INFO - [2025-10-08T00:55:46.501+0000] {dag.py:3441} INFO - Setting next_dagrun for example_sensors to None, run_after=None
[2025-10-08T00:55:46.516+0000] {processor.py:175} INFO - Processing /home/airflow/.local/lib/python3.7/site-packages/airflow/example_dags/example_sensors.py took 0.062 seconds
[2025-10-08T00:56:17.385+0000] {processor.py:153} INFO - Started process (PID=466) to work on /home/airflow/.local/lib/python3.7/site-packages/airflow/example_dags/example_sensors.py
[2025-10-08T00:56:17.386+0000] {processor.py:743} INFO - Processing file /home/airflow/.local/lib/python3.7/site-packages/airflow/example_dags/example_sensors.py for tasks to queue
[2025-10-08T00:56:17.387+0000] {logging_mixin.py:137} INFO - [2025-10-08T00:56:17.387+0000] {dagbag.py:538} INFO - Filling up the DagBag from /home/airflow/.local/lib/python3.7/site-packages/airflow/example_dags/example_sensors.py
[2025-10-08T00:56:17.397+0000] {processor.py:753} INFO - DAG(s) dict_keys(['example_sensors']) retrieved from /home/airflow/.local/lib/python3.7/site-packages/airflow/example_dags/example_sensors.py
[2025-10-08T00:56:17.414+0000] {logging_mixin.py:137} INFO - [2025-10-08T00:56:17.414+0000] {dag.py:2690} INFO - Sync 1 DAGs
[2025-10-08T00:56:17.428+0000] {logging_mixin.py:137} INFO - [2025-10-08T00:56:17.428+0000] {dag.py:3441} INFO - Setting next_dagrun for example_sensors to None, run_after=None
[2025-10-08T00:56:17.447+0000] {processor.py:175} INFO - Processing /home/airflow/.local/lib/python3.7/site-packages/airflow/example_dags/example_sensors.py took 0.064 seconds
[2025-10-08T00:56:48.275+0000] {processor.py:153} INFO - Started process (PID=552) to work on /home/airflow/.local/lib/python3.7/site-packages/airflow/example_dags/example_sensors.py
[2025-10-08T00:56:48.276+0000] {processor.py:743} INFO - Processing file /home/airflow/.local/lib/python3.7/site-packages/airflow/example_dags/example_sensors.py for tasks to queue
[2025-10-08T00:56:48.276+0000] {logging_mixin.py:137} INFO - [2025-10-08T00:56:48.276+0000] {dagbag.py:538} INFO - Filling up the DagBag from /home/airflow/.local/lib/python3.7/site-packages/airflow/example_dags/example_sensors.py
[2025-10-08T00:56:48.289+0000] {processor.py:753} INFO - DAG(s) dict_keys(['example_sensors']) retrieved from /home/airflow/.local/lib/python3.7/site-packages/airflow/example_dags/example_sensors.py
[2025-10-08T00:56:48.304+0000] {logging_mixin.py:137} INFO - [2025-10-08T00:56:48.304+0000] {dag.py:2690} INFO - Sync 1 DAGs
[2025-10-08T00:56:48.320+0000] {logging_mixin.py:137} INFO - [2025-10-08T00:56:48.320+0000] {dag.py:3441} INFO - Setting next_dagrun for example_sensors to None, run_after=None
[2025-10-08T00:56:48.330+0000] {processor.py:175} INFO - Processing /home/airflow/.local/lib/python3.7/site-packages/airflow/example_dags/example_sensors.py took 0.058 seconds
[2025-10-08T00:57:19.321+0000] {processor.py:153} INFO - Started process (PID=647) to work on /home/airflow/.local/lib/python3.7/site-packages/airflow/example_dags/example_sensors.py
[2025-10-08T00:57:19.322+0000] {processor.py:743} INFO - Processing file /home/airflow/.local/lib/python3.7/site-packages/airflow/example_dags/example_sensors.py for tasks to queue
[2025-10-08T00:57:19.322+0000] {logging_mixin.py:137} INFO - [2025-10-08T00:57:19.322+0000] {dagbag.py:538} INFO - Filling up the DagBag from /home/airflow/.local/lib/python3.7/site-packages/airflow/example_dags/example_sensors.py
[2025-10-08T00:57:19.334+0000] {processor.py:753} INFO - DAG(s) dict_keys(['example_sensors']) retrieved from /home/airflow/.local/lib/python3.7/site-packages/airflow/example_dags/example_sensors.py
[2025-10-08T00:57:19.353+0000] {logging_mixin.py:137} INFO - [2025-10-08T00:57:19.353+0000] {dag.py:2690} INFO - Sync 1 DAGs
[2025-10-08T00:57:19.366+0000] {logging_mixin.py:137} INFO - [2025-10-08T00:57:19.366+0000] {dag.py:3441} INFO - Setting next_dagrun for example_sensors to None, run_after=None
[2025-10-08T00:57:19.378+0000] {processor.py:175} INFO - Processing /home/airflow/.local/lib/python3.7/site-packages/airflow/example_dags/example_sensors.py took 0.059 seconds
[2025-10-08T00:57:50.312+0000] {processor.py:153} INFO - Started process (PID=742) to work on /home/airflow/.local/lib/python3.7/site-packages/airflow/example_dags/example_sensors.py
[2025-10-08T00:57:50.312+0000] {processor.py:743} INFO - Processing file /home/airflow/.local/lib/python3.7/site-packages/airflow/example_dags/example_sensors.py for tasks to queue
[2025-10-08T00:57:50.313+0000] {logging_mixin.py:137} INFO - [2025-10-08T00:57:50.313+0000] {dagbag.py:538} INFO - Filling up the DagBag from /home/airflow/.local/lib/python3.7/site-packages/airflow/example_dags/example_sensors.py
[2025-10-08T00:57:50.324+0000] {processor.py:753} INFO - DAG(s) dict_keys(['example_sensors']) retrieved from /home/airflow/.local/lib/python3.7/site-packages/airflow/example_dags/example_sensors.py
[2025-10-08T00:57:50.341+0000] {logging_mixin.py:137} INFO - [2025-10-08T00:57:50.340+0000] {dag.py:2690} INFO - Sync 1 DAGs
[2025-10-08T00:57:50.355+0000] {logging_mixin.py:137} INFO - [2025-10-08T00:57:50.355+0000] {dag.py:3441} INFO - Setting next_dagrun for example_sensors to None, run_after=None
[2025-10-08T00:57:50.368+0000] {processor.py:175} INFO - Processing /home/airflow/.local/lib/python3.7/site-packages/airflow/example_dags/example_sensors.py took 0.059 seconds
[2025-10-08T00:58:21.206+0000] {processor.py:153} INFO - Started process (PID=819) to work on /home/airflow/.local/lib/python3.7/site-packages/airflow/example_dags/example_sensors.py
[2025-10-08T00:58:21.206+0000] {processor.py:743} INFO - Processing file /home/airflow/.local/lib/python3.7/site-packages/airflow/example_dags/example_sensors.py for tasks to queue
[2025-10-08T00:58:21.207+0000] {logging_mixin.py:137} INFO - [2025-10-08T00:58:21.207+0000] {dagbag.py:538} INFO - Filling up the DagBag from /home/airflow/.local/lib/python3.7/site-packages/airflow/example_dags/example_sensors.py
[2025-10-08T00:58:21.219+0000] {processor.py:753} INFO - DAG(s) dict_keys(['example_sensors']) retrieved from /home/airflow/.local/lib/python3.7/site-packages/airflow/example_dags/example_sensors.py
[2025-10-08T00:58:21.235+0000] {logging_mixin.py:137} INFO - [2025-10-08T00:58:21.235+0000] {dag.py:2690} INFO - Sync 1 DAGs
[2025-10-08T00:58:21.248+0000] {logging_mixin.py:137} INFO - [2025-10-08T00:58:21.247+0000] {dag.py:3441} INFO - Setting next_dagrun for example_sensors to None, run_after=None
[2025-10-08T00:58:21.257+0000] {processor.py:175} INFO - Processing /home/airflow/.local/lib/python3.7/site-packages/airflow/example_dags/example_sensors.py took 0.053 seconds
[2025-10-08T00:58:52.232+0000] {processor.py:153} INFO - Started process (PID=914) to work on /home/airflow/.local/lib/python3.7/site-packages/airflow/example_dags/example_sensors.py
[2025-10-08T00:58:52.232+0000] {processor.py:743} INFO - Processing file /home/airflow/.local/lib/python3.7/site-packages/airflow/example_dags/example_sensors.py for tasks to queue
[2025-10-08T00:58:52.233+0000] {logging_mixin.py:137} INFO - [2025-10-08T00:58:52.233+0000] {dagbag.py:538} INFO - Filling up the DagBag from /home/airflow/.local/lib/python3.7/site-packages/airflow/example_dags/example_sensors.py
[2025-10-08T00:58:52.242+0000] {processor.py:753} INFO - DAG(s) dict_keys(['example_sensors']) retrieved from /home/airflow/.local/lib/python3.7/site-packages/airflow/example_dags/example_sensors.py
[2025-10-08T00:58:52.256+0000] {logging_mixin.py:137} INFO - [2025-10-08T00:58:52.256+0000] {dag.py:2690} INFO - Sync 1 DAGs
[2025-10-08T00:58:52.267+0000] {logging_mixin.py:137} INFO - [2025-10-08T00:58:52.267+0000] {dag.py:3441} INFO - Setting next_dagrun for example_sensors to None, run_after=None
[2025-10-08T00:58:52.276+0000] {processor.py:175} INFO - Processing /home/airflow/.local/lib/python3.7/site-packages/airflow/example_dags/example_sensors.py took 0.046 seconds
[2025-10-08T00:59:22.328+0000] {processor.py:153} INFO - Started process (PID=1009) to work on /home/airflow/.local/lib/python3.7/site-packages/airflow/example_dags/example_sensors.py
[2025-10-08T00:59:22.329+0000] {processor.py:743} INFO - Processing file /home/airflow/.local/lib/python3.7/site-packages/airflow/example_dags/example_sensors.py for tasks to queue
[2025-10-08T00:59:22.331+0000] {logging_mixin.py:137} INFO - [2025-10-08T00:59:22.331+0000] {dagbag.py:538} INFO - Filling up the DagBag from /home/airflow/.local/lib/python3.7/site-packages/airflow/example_dags/example_sensors.py
[2025-10-08T00:59:22.341+0000] {processor.py:753} INFO - DAG(s) dict_keys(['example_sensors']) retrieved from /home/airflow/.local/lib/python3.7/site-packages/airflow/example_dags/example_sensors.py
[2025-10-08T00:59:22.358+0000] {logging_mixin.py:137} INFO - [2025-10-08T00:59:22.358+0000] {dag.py:2690} INFO - Sync 1 DAGs
[2025-10-08T00:59:22.372+0000] {logging_mixin.py:137} INFO - [2025-10-08T00:59:22.372+0000] {dag.py:3441} INFO - Setting next_dagrun for example_sensors to None, run_after=None
[2025-10-08T00:59:22.386+0000] {processor.py:175} INFO - Processing /home/airflow/.local/lib/python3.7/site-packages/airflow/example_dags/example_sensors.py took 0.060 seconds
[2025-10-08T00:59:53.138+0000] {processor.py:153} INFO - Started process (PID=1095) to work on /home/airflow/.local/lib/python3.7/site-packages/airflow/example_dags/example_sensors.py
[2025-10-08T00:59:53.139+0000] {processor.py:743} INFO - Processing file /home/airflow/.local/lib/python3.7/site-packages/airflow/example_dags/example_sensors.py for tasks to queue
[2025-10-08T00:59:53.140+0000] {logging_mixin.py:137} INFO - [2025-10-08T00:59:53.140+0000] {dagbag.py:538} INFO - Filling up the DagBag from /home/airflow/.local/lib/python3.7/site-packages/airflow/example_dags/example_sensors.py
[2025-10-08T00:59:53.153+0000] {processor.py:753} INFO - DAG(s) dict_keys(['example_sensors']) retrieved from /home/airflow/.local/lib/python3.7/site-packages/airflow/example_dags/example_sensors.py
[2025-10-08T00:59:53.171+0000] {logging_mixin.py:137} INFO - [2025-10-08T00:59:53.171+0000] {dag.py:2690} INFO - Sync 1 DAGs
[2025-10-08T00:59:53.185+0000] {logging_mixin.py:137} INFO - [2025-10-08T00:59:53.185+0000] {dag.py:3441} INFO - Setting next_dagrun for example_sensors to None, run_after=None
[2025-10-08T00:59:53.199+0000] {processor.py:175} INFO - Processing /home/airflow/.local/lib/python3.7/site-packages/airflow/example_dags/example_sensors.py took 0.064 seconds
[2025-10-08T01:00:24.040+0000] {processor.py:153} INFO - Started process (PID=1181) to work on /home/airflow/.local/lib/python3.7/site-packages/airflow/example_dags/example_sensors.py
[2025-10-08T01:00:24.041+0000] {processor.py:743} INFO - Processing file /home/airflow/.local/lib/python3.7/site-packages/airflow/example_dags/example_sensors.py for tasks to queue
[2025-10-08T01:00:24.043+0000] {logging_mixin.py:137} INFO - [2025-10-08T01:00:24.042+0000] {dagbag.py:538} INFO - Filling up the DagBag from /home/airflow/.local/lib/python3.7/site-packages/airflow/example_dags/example_sensors.py
[2025-10-08T01:00:24.053+0000] {processor.py:753} INFO - DAG(s) dict_keys(['example_sensors']) retrieved from /home/airflow/.local/lib/python3.7/site-packages/airflow/example_dags/example_sensors.py
[2025-10-08T01:00:24.070+0000] {logging_mixin.py:137} INFO - [2025-10-08T01:00:24.070+0000] {dag.py:2690} INFO - Sync 1 DAGs
[2025-10-08T01:00:24.083+0000] {logging_mixin.py:137} INFO - [2025-10-08T01:00:24.083+0000] {dag.py:3441} INFO - Setting next_dagrun for example_sensors to None, run_after=None
[2025-10-08T01:00:24.092+0000] {processor.py:175} INFO - Processing /home/airflow/.local/lib/python3.7/site-packages/airflow/example_dags/example_sensors.py took 0.054 seconds
[2025-10-08T01:00:54.934+0000] {processor.py:153} INFO - Started process (PID=1276) to work on /home/airflow/.local/lib/python3.7/site-packages/airflow/example_dags/example_sensors.py
[2025-10-08T01:00:54.936+0000] {processor.py:743} INFO - Processing file /home/airflow/.local/lib/python3.7/site-packages/airflow/example_dags/example_sensors.py for tasks to queue
[2025-10-08T01:00:54.937+0000] {logging_mixin.py:137} INFO - [2025-10-08T01:00:54.937+0000] {dagbag.py:538} INFO - Filling up the DagBag from /home/airflow/.local/lib/python3.7/site-packages/airflow/example_dags/example_sensors.py
[2025-10-08T01:00:54.948+0000] {processor.py:753} INFO - DAG(s) dict_keys(['example_sensors']) retrieved from /home/airflow/.local/lib/python3.7/site-packages/airflow/example_dags/example_sensors.py
[2025-10-08T01:00:54.965+0000] {logging_mixin.py:137} INFO - [2025-10-08T01:00:54.964+0000] {dag.py:2690} INFO - Sync 1 DAGs
[2025-10-08T01:00:54.978+0000] {logging_mixin.py:137} INFO - [2025-10-08T01:00:54.978+0000] {dag.py:3441} INFO - Setting next_dagrun for example_sensors to None, run_after=None
[2025-10-08T01:00:54.989+0000] {processor.py:175} INFO - Processing /home/airflow/.local/lib/python3.7/site-packages/airflow/example_dags/example_sensors.py took 0.057 seconds
[2025-10-08T01:01:25.737+0000] {processor.py:153} INFO - Started process (PID=1371) to work on /home/airflow/.local/lib/python3.7/site-packages/airflow/example_dags/example_sensors.py
[2025-10-08T01:01:25.738+0000] {processor.py:743} INFO - Processing file /home/airflow/.local/lib/python3.7/site-packages/airflow/example_dags/example_sensors.py for tasks to queue
[2025-10-08T01:01:25.738+0000] {logging_mixin.py:137} INFO - [2025-10-08T01:01:25.738+0000] {dagbag.py:538} INFO - Filling up the DagBag from /home/airflow/.local/lib/python3.7/site-packages/airflow/example_dags/example_sensors.py
[2025-10-08T01:01:25.749+0000] {processor.py:753} INFO - DAG(s) dict_keys(['example_sensors']) retrieved from /home/airflow/.local/lib/python3.7/site-packages/airflow/example_dags/example_sensors.py
[2025-10-08T01:01:25.764+0000] {logging_mixin.py:137} INFO - [2025-10-08T01:01:25.764+0000] {dag.py:2690} INFO - Sync 1 DAGs
[2025-10-08T01:01:25.777+0000] {logging_mixin.py:137} INFO - [2025-10-08T01:01:25.777+0000] {dag.py:3441} INFO - Setting next_dagrun for example_sensors to None, run_after=None
[2025-10-08T01:01:25.785+0000] {processor.py:175} INFO - Processing /home/airflow/.local/lib/python3.7/site-packages/airflow/example_dags/example_sensors.py took 0.050 seconds
