[2025-10-08T00:50:06.160+0000] {processor.py:153} INFO - Started process (PID=71) to work on /home/airflow/.local/lib/python3.7/site-packages/airflow/example_dags/example_task_group.py
[2025-10-08T00:50:06.161+0000] {processor.py:743} INFO - Processing file /home/airflow/.local/lib/python3.7/site-packages/airflow/example_dags/example_task_group.py for tasks to queue
[2025-10-08T00:50:06.162+0000] {logging_mixin.py:137} INFO - [2025-10-08T00:50:06.162+0000] {dagbag.py:538} INFO - Filling up the DagBag from /home/airflow/.local/lib/python3.7/site-packages/airflow/example_dags/example_task_group.py
[2025-10-08T00:50:06.172+0000] {processor.py:753} INFO - DAG(s) dict_keys(['example_task_group']) retrieved from /home/airflow/.local/lib/python3.7/site-packages/airflow/example_dags/example_task_group.py
[2025-10-08T00:50:06.181+0000] {logging_mixin.py:137} INFO - [2025-10-08T00:50:06.181+0000] {dag.py:2690} INFO - Sync 1 DAGs
[2025-10-08T00:50:06.203+0000] {logging_mixin.py:137} INFO - [2025-10-08T00:50:06.203+0000] {dag.py:3441} INFO - Setting next_dagrun for example_task_group to 2025-10-07T00:50:06.202772+00:00, run_after=2025-10-08T00:50:06.202772+00:00
[2025-10-08T00:50:06.220+0000] {processor.py:175} INFO - Processing /home/airflow/.local/lib/python3.7/site-packages/airflow/example_dags/example_task_group.py took 0.063 seconds
[2025-10-08T00:50:36.604+0000] {processor.py:153} INFO - Started process (PID=166) to work on /home/airflow/.local/lib/python3.7/site-packages/airflow/example_dags/example_task_group.py
[2025-10-08T00:50:36.604+0000] {processor.py:743} INFO - Processing file /home/airflow/.local/lib/python3.7/site-packages/airflow/example_dags/example_task_group.py for tasks to queue
[2025-10-08T00:50:36.605+0000] {logging_mixin.py:137} INFO - [2025-10-08T00:50:36.605+0000] {dagbag.py:538} INFO - Filling up the DagBag from /home/airflow/.local/lib/python3.7/site-packages/airflow/example_dags/example_task_group.py
[2025-10-08T00:50:36.615+0000] {processor.py:753} INFO - DAG(s) dict_keys(['example_task_group']) retrieved from /home/airflow/.local/lib/python3.7/site-packages/airflow/example_dags/example_task_group.py
[2025-10-08T00:50:36.635+0000] {logging_mixin.py:137} INFO - [2025-10-08T00:50:36.635+0000] {dag.py:2690} INFO - Sync 1 DAGs
[2025-10-08T00:50:36.649+0000] {logging_mixin.py:137} INFO - [2025-10-08T00:50:36.649+0000] {dag.py:3441} INFO - Setting next_dagrun for example_task_group to 2025-10-07T00:50:36.648919+00:00, run_after=2025-10-08T00:50:36.648919+00:00
[2025-10-08T00:50:36.661+0000] {processor.py:175} INFO - Processing /home/airflow/.local/lib/python3.7/site-packages/airflow/example_dags/example_task_group.py took 0.059 seconds
[2025-10-08T00:51:07.850+0000] {processor.py:153} INFO - Started process (PID=261) to work on /home/airflow/.local/lib/python3.7/site-packages/airflow/example_dags/example_task_group.py
[2025-10-08T00:51:07.850+0000] {processor.py:743} INFO - Processing file /home/airflow/.local/lib/python3.7/site-packages/airflow/example_dags/example_task_group.py for tasks to queue
[2025-10-08T00:51:07.851+0000] {logging_mixin.py:137} INFO - [2025-10-08T00:51:07.850+0000] {dagbag.py:538} INFO - Filling up the DagBag from /home/airflow/.local/lib/python3.7/site-packages/airflow/example_dags/example_task_group.py
[2025-10-08T00:51:07.860+0000] {processor.py:753} INFO - DAG(s) dict_keys(['example_task_group']) retrieved from /home/airflow/.local/lib/python3.7/site-packages/airflow/example_dags/example_task_group.py
[2025-10-08T00:51:07.875+0000] {logging_mixin.py:137} INFO - [2025-10-08T00:51:07.875+0000] {dag.py:2690} INFO - Sync 1 DAGs
[2025-10-08T00:51:07.890+0000] {logging_mixin.py:137} INFO - [2025-10-08T00:51:07.890+0000] {dag.py:3441} INFO - Setting next_dagrun for example_task_group to 2025-10-07T00:51:07.890006+00:00, run_after=2025-10-08T00:51:07.890006+00:00
[2025-10-08T00:51:07.900+0000] {processor.py:175} INFO - Processing /home/airflow/.local/lib/python3.7/site-packages/airflow/example_dags/example_task_group.py took 0.052 seconds
[2025-10-08T00:51:38.870+0000] {processor.py:153} INFO - Started process (PID=338) to work on /home/airflow/.local/lib/python3.7/site-packages/airflow/example_dags/example_task_group.py
[2025-10-08T00:51:38.870+0000] {processor.py:743} INFO - Processing file /home/airflow/.local/lib/python3.7/site-packages/airflow/example_dags/example_task_group.py for tasks to queue
[2025-10-08T00:51:38.870+0000] {logging_mixin.py:137} INFO - [2025-10-08T00:51:38.870+0000] {dagbag.py:538} INFO - Filling up the DagBag from /home/airflow/.local/lib/python3.7/site-packages/airflow/example_dags/example_task_group.py
[2025-10-08T00:51:38.878+0000] {processor.py:753} INFO - DAG(s) dict_keys(['example_task_group']) retrieved from /home/airflow/.local/lib/python3.7/site-packages/airflow/example_dags/example_task_group.py
[2025-10-08T00:51:38.891+0000] {logging_mixin.py:137} INFO - [2025-10-08T00:51:38.891+0000] {dag.py:2690} INFO - Sync 1 DAGs
[2025-10-08T00:51:38.903+0000] {logging_mixin.py:137} INFO - [2025-10-08T00:51:38.902+0000] {dag.py:3441} INFO - Setting next_dagrun for example_task_group to 2025-10-07T00:51:38.902828+00:00, run_after=2025-10-08T00:51:38.902828+00:00
[2025-10-08T00:51:38.913+0000] {processor.py:175} INFO - Processing /home/airflow/.local/lib/python3.7/site-packages/airflow/example_dags/example_task_group.py took 0.045 seconds
[2025-10-08T00:52:09.713+0000] {processor.py:153} INFO - Started process (PID=432) to work on /home/airflow/.local/lib/python3.7/site-packages/airflow/example_dags/example_task_group.py
[2025-10-08T00:52:09.715+0000] {processor.py:743} INFO - Processing file /home/airflow/.local/lib/python3.7/site-packages/airflow/example_dags/example_task_group.py for tasks to queue
[2025-10-08T00:52:09.717+0000] {logging_mixin.py:137} INFO - [2025-10-08T00:52:09.717+0000] {dagbag.py:538} INFO - Filling up the DagBag from /home/airflow/.local/lib/python3.7/site-packages/airflow/example_dags/example_task_group.py
[2025-10-08T00:52:09.726+0000] {processor.py:753} INFO - DAG(s) dict_keys(['example_task_group']) retrieved from /home/airflow/.local/lib/python3.7/site-packages/airflow/example_dags/example_task_group.py
[2025-10-08T00:52:09.743+0000] {logging_mixin.py:137} INFO - [2025-10-08T00:52:09.743+0000] {dag.py:2690} INFO - Sync 1 DAGs
[2025-10-08T00:52:09.758+0000] {logging_mixin.py:137} INFO - [2025-10-08T00:52:09.758+0000] {dag.py:3441} INFO - Setting next_dagrun for example_task_group to 2025-10-07T00:52:09.758213+00:00, run_after=2025-10-08T00:52:09.758213+00:00
[2025-10-08T00:52:09.775+0000] {processor.py:175} INFO - Processing /home/airflow/.local/lib/python3.7/site-packages/airflow/example_dags/example_task_group.py took 0.064 seconds
[2025-10-08T00:52:40.795+0000] {processor.py:153} INFO - Started process (PID=527) to work on /home/airflow/.local/lib/python3.7/site-packages/airflow/example_dags/example_task_group.py
[2025-10-08T00:52:40.796+0000] {processor.py:743} INFO - Processing file /home/airflow/.local/lib/python3.7/site-packages/airflow/example_dags/example_task_group.py for tasks to queue
[2025-10-08T00:52:40.796+0000] {logging_mixin.py:137} INFO - [2025-10-08T00:52:40.796+0000] {dagbag.py:538} INFO - Filling up the DagBag from /home/airflow/.local/lib/python3.7/site-packages/airflow/example_dags/example_task_group.py
[2025-10-08T00:52:40.806+0000] {processor.py:753} INFO - DAG(s) dict_keys(['example_task_group']) retrieved from /home/airflow/.local/lib/python3.7/site-packages/airflow/example_dags/example_task_group.py
[2025-10-08T00:52:40.820+0000] {logging_mixin.py:137} INFO - [2025-10-08T00:52:40.820+0000] {dag.py:2690} INFO - Sync 1 DAGs
[2025-10-08T00:52:40.836+0000] {logging_mixin.py:137} INFO - [2025-10-08T00:52:40.836+0000] {dag.py:3441} INFO - Setting next_dagrun for example_task_group to 2025-10-07T00:52:40.836116+00:00, run_after=2025-10-08T00:52:40.836116+00:00
[2025-10-08T00:52:40.847+0000] {processor.py:175} INFO - Processing /home/airflow/.local/lib/python3.7/site-packages/airflow/example_dags/example_task_group.py took 0.053 seconds
[2025-10-08T00:54:16.196+0000] {processor.py:153} INFO - Started process (PID=133) to work on /home/airflow/.local/lib/python3.7/site-packages/airflow/example_dags/example_task_group.py
[2025-10-08T00:54:16.200+0000] {processor.py:743} INFO - Processing file /home/airflow/.local/lib/python3.7/site-packages/airflow/example_dags/example_task_group.py for tasks to queue
[2025-10-08T00:54:16.202+0000] {logging_mixin.py:137} INFO - [2025-10-08T00:54:16.202+0000] {dagbag.py:538} INFO - Filling up the DagBag from /home/airflow/.local/lib/python3.7/site-packages/airflow/example_dags/example_task_group.py
[2025-10-08T00:54:16.213+0000] {processor.py:753} INFO - DAG(s) dict_keys(['example_task_group']) retrieved from /home/airflow/.local/lib/python3.7/site-packages/airflow/example_dags/example_task_group.py
[2025-10-08T00:54:16.231+0000] {logging_mixin.py:137} INFO - [2025-10-08T00:54:16.231+0000] {dag.py:2690} INFO - Sync 1 DAGs
[2025-10-08T00:54:16.251+0000] {logging_mixin.py:137} INFO - [2025-10-08T00:54:16.251+0000] {dag.py:3441} INFO - Setting next_dagrun for example_task_group to 2025-10-07T00:54:16.251122+00:00, run_after=2025-10-08T00:54:16.251122+00:00
[2025-10-08T00:54:16.285+0000] {processor.py:175} INFO - Processing /home/airflow/.local/lib/python3.7/site-packages/airflow/example_dags/example_task_group.py took 0.091 seconds
[2025-10-08T00:54:47.346+0000] {processor.py:153} INFO - Started process (PID=228) to work on /home/airflow/.local/lib/python3.7/site-packages/airflow/example_dags/example_task_group.py
[2025-10-08T00:54:47.348+0000] {processor.py:743} INFO - Processing file /home/airflow/.local/lib/python3.7/site-packages/airflow/example_dags/example_task_group.py for tasks to queue
[2025-10-08T00:54:47.349+0000] {logging_mixin.py:137} INFO - [2025-10-08T00:54:47.349+0000] {dagbag.py:538} INFO - Filling up the DagBag from /home/airflow/.local/lib/python3.7/site-packages/airflow/example_dags/example_task_group.py
[2025-10-08T00:54:47.359+0000] {processor.py:753} INFO - DAG(s) dict_keys(['example_task_group']) retrieved from /home/airflow/.local/lib/python3.7/site-packages/airflow/example_dags/example_task_group.py
[2025-10-08T00:54:47.377+0000] {logging_mixin.py:137} INFO - [2025-10-08T00:54:47.377+0000] {dag.py:2690} INFO - Sync 1 DAGs
[2025-10-08T00:54:47.393+0000] {logging_mixin.py:137} INFO - [2025-10-08T00:54:47.393+0000] {dag.py:3441} INFO - Setting next_dagrun for example_task_group to 2025-10-07T00:54:47.393620+00:00, run_after=2025-10-08T00:54:47.393620+00:00
[2025-10-08T00:54:47.411+0000] {processor.py:175} INFO - Processing /home/airflow/.local/lib/python3.7/site-packages/airflow/example_dags/example_task_group.py took 0.067 seconds
[2025-10-08T00:55:18.384+0000] {processor.py:153} INFO - Started process (PID=305) to work on /home/airflow/.local/lib/python3.7/site-packages/airflow/example_dags/example_task_group.py
[2025-10-08T00:55:18.385+0000] {processor.py:743} INFO - Processing file /home/airflow/.local/lib/python3.7/site-packages/airflow/example_dags/example_task_group.py for tasks to queue
[2025-10-08T00:55:18.385+0000] {logging_mixin.py:137} INFO - [2025-10-08T00:55:18.385+0000] {dagbag.py:538} INFO - Filling up the DagBag from /home/airflow/.local/lib/python3.7/site-packages/airflow/example_dags/example_task_group.py
[2025-10-08T00:55:18.394+0000] {processor.py:753} INFO - DAG(s) dict_keys(['example_task_group']) retrieved from /home/airflow/.local/lib/python3.7/site-packages/airflow/example_dags/example_task_group.py
[2025-10-08T00:55:18.409+0000] {logging_mixin.py:137} INFO - [2025-10-08T00:55:18.409+0000] {dag.py:2690} INFO - Sync 1 DAGs
[2025-10-08T00:55:18.424+0000] {logging_mixin.py:137} INFO - [2025-10-08T00:55:18.424+0000] {dag.py:3441} INFO - Setting next_dagrun for example_task_group to 2025-10-07T00:55:18.424265+00:00, run_after=2025-10-08T00:55:18.424265+00:00
[2025-10-08T00:55:18.436+0000] {processor.py:175} INFO - Processing /home/airflow/.local/lib/python3.7/site-packages/airflow/example_dags/example_task_group.py took 0.054 seconds
[2025-10-08T00:55:49.309+0000] {processor.py:153} INFO - Started process (PID=400) to work on /home/airflow/.local/lib/python3.7/site-packages/airflow/example_dags/example_task_group.py
[2025-10-08T00:55:49.309+0000] {processor.py:743} INFO - Processing file /home/airflow/.local/lib/python3.7/site-packages/airflow/example_dags/example_task_group.py for tasks to queue
[2025-10-08T00:55:49.310+0000] {logging_mixin.py:137} INFO - [2025-10-08T00:55:49.310+0000] {dagbag.py:538} INFO - Filling up the DagBag from /home/airflow/.local/lib/python3.7/site-packages/airflow/example_dags/example_task_group.py
[2025-10-08T00:55:49.326+0000] {processor.py:753} INFO - DAG(s) dict_keys(['example_task_group']) retrieved from /home/airflow/.local/lib/python3.7/site-packages/airflow/example_dags/example_task_group.py
[2025-10-08T00:55:49.346+0000] {logging_mixin.py:137} INFO - [2025-10-08T00:55:49.346+0000] {dag.py:2690} INFO - Sync 1 DAGs
[2025-10-08T00:55:49.369+0000] {logging_mixin.py:137} INFO - [2025-10-08T00:55:49.369+0000] {dag.py:3441} INFO - Setting next_dagrun for example_task_group to 2025-10-07T00:55:49.369121+00:00, run_after=2025-10-08T00:55:49.369121+00:00
[2025-10-08T00:55:49.384+0000] {processor.py:175} INFO - Processing /home/airflow/.local/lib/python3.7/site-packages/airflow/example_dags/example_task_group.py took 0.078 seconds
[2025-10-08T00:56:20.196+0000] {processor.py:153} INFO - Started process (PID=495) to work on /home/airflow/.local/lib/python3.7/site-packages/airflow/example_dags/example_task_group.py
[2025-10-08T00:56:20.197+0000] {processor.py:743} INFO - Processing file /home/airflow/.local/lib/python3.7/site-packages/airflow/example_dags/example_task_group.py for tasks to queue
[2025-10-08T00:56:20.197+0000] {logging_mixin.py:137} INFO - [2025-10-08T00:56:20.197+0000] {dagbag.py:538} INFO - Filling up the DagBag from /home/airflow/.local/lib/python3.7/site-packages/airflow/example_dags/example_task_group.py
[2025-10-08T00:56:20.206+0000] {processor.py:753} INFO - DAG(s) dict_keys(['example_task_group']) retrieved from /home/airflow/.local/lib/python3.7/site-packages/airflow/example_dags/example_task_group.py
[2025-10-08T00:56:20.227+0000] {logging_mixin.py:137} INFO - [2025-10-08T00:56:20.226+0000] {dag.py:2690} INFO - Sync 1 DAGs
[2025-10-08T00:56:20.242+0000] {logging_mixin.py:137} INFO - [2025-10-08T00:56:20.242+0000] {dag.py:3441} INFO - Setting next_dagrun for example_task_group to 2025-10-07T00:56:20.242631+00:00, run_after=2025-10-08T00:56:20.242631+00:00
[2025-10-08T00:56:20.254+0000] {processor.py:175} INFO - Processing /home/airflow/.local/lib/python3.7/site-packages/airflow/example_dags/example_task_group.py took 0.060 seconds
[2025-10-08T00:56:51.012+0000] {processor.py:153} INFO - Started process (PID=572) to work on /home/airflow/.local/lib/python3.7/site-packages/airflow/example_dags/example_task_group.py
[2025-10-08T00:56:51.013+0000] {processor.py:743} INFO - Processing file /home/airflow/.local/lib/python3.7/site-packages/airflow/example_dags/example_task_group.py for tasks to queue
[2025-10-08T00:56:51.013+0000] {logging_mixin.py:137} INFO - [2025-10-08T00:56:51.013+0000] {dagbag.py:538} INFO - Filling up the DagBag from /home/airflow/.local/lib/python3.7/site-packages/airflow/example_dags/example_task_group.py
[2025-10-08T00:56:51.024+0000] {processor.py:753} INFO - DAG(s) dict_keys(['example_task_group']) retrieved from /home/airflow/.local/lib/python3.7/site-packages/airflow/example_dags/example_task_group.py
[2025-10-08T00:56:51.044+0000] {logging_mixin.py:137} INFO - [2025-10-08T00:56:51.044+0000] {dag.py:2690} INFO - Sync 1 DAGs
[2025-10-08T00:56:51.063+0000] {logging_mixin.py:137} INFO - [2025-10-08T00:56:51.063+0000] {dag.py:3441} INFO - Setting next_dagrun for example_task_group to 2025-10-07T00:56:51.062833+00:00, run_after=2025-10-08T00:56:51.062833+00:00
[2025-10-08T00:56:51.076+0000] {processor.py:175} INFO - Processing /home/airflow/.local/lib/python3.7/site-packages/airflow/example_dags/example_task_group.py took 0.066 seconds
[2025-10-08T00:57:22.044+0000] {processor.py:153} INFO - Started process (PID=666) to work on /home/airflow/.local/lib/python3.7/site-packages/airflow/example_dags/example_task_group.py
[2025-10-08T00:57:22.045+0000] {processor.py:743} INFO - Processing file /home/airflow/.local/lib/python3.7/site-packages/airflow/example_dags/example_task_group.py for tasks to queue
[2025-10-08T00:57:22.046+0000] {logging_mixin.py:137} INFO - [2025-10-08T00:57:22.046+0000] {dagbag.py:538} INFO - Filling up the DagBag from /home/airflow/.local/lib/python3.7/site-packages/airflow/example_dags/example_task_group.py
[2025-10-08T00:57:22.057+0000] {processor.py:753} INFO - DAG(s) dict_keys(['example_task_group']) retrieved from /home/airflow/.local/lib/python3.7/site-packages/airflow/example_dags/example_task_group.py
[2025-10-08T00:57:22.080+0000] {logging_mixin.py:137} INFO - [2025-10-08T00:57:22.080+0000] {dag.py:2690} INFO - Sync 1 DAGs
[2025-10-08T00:57:22.098+0000] {logging_mixin.py:137} INFO - [2025-10-08T00:57:22.098+0000] {dag.py:3441} INFO - Setting next_dagrun for example_task_group to 2025-10-07T00:57:22.097910+00:00, run_after=2025-10-08T00:57:22.097910+00:00
[2025-10-08T00:57:22.110+0000] {processor.py:175} INFO - Processing /home/airflow/.local/lib/python3.7/site-packages/airflow/example_dags/example_task_group.py took 0.068 seconds
[2025-10-08T00:57:52.954+0000] {processor.py:153} INFO - Started process (PID=761) to work on /home/airflow/.local/lib/python3.7/site-packages/airflow/example_dags/example_task_group.py
[2025-10-08T00:57:52.955+0000] {processor.py:743} INFO - Processing file /home/airflow/.local/lib/python3.7/site-packages/airflow/example_dags/example_task_group.py for tasks to queue
[2025-10-08T00:57:52.956+0000] {logging_mixin.py:137} INFO - [2025-10-08T00:57:52.956+0000] {dagbag.py:538} INFO - Filling up the DagBag from /home/airflow/.local/lib/python3.7/site-packages/airflow/example_dags/example_task_group.py
[2025-10-08T00:57:52.971+0000] {processor.py:753} INFO - DAG(s) dict_keys(['example_task_group']) retrieved from /home/airflow/.local/lib/python3.7/site-packages/airflow/example_dags/example_task_group.py
[2025-10-08T00:57:52.993+0000] {logging_mixin.py:137} INFO - [2025-10-08T00:57:52.993+0000] {dag.py:2690} INFO - Sync 1 DAGs
[2025-10-08T00:57:53.012+0000] {logging_mixin.py:137} INFO - [2025-10-08T00:57:53.011+0000] {dag.py:3441} INFO - Setting next_dagrun for example_task_group to 2025-10-07T00:57:53.011722+00:00, run_after=2025-10-08T00:57:53.011722+00:00
[2025-10-08T00:57:53.023+0000] {processor.py:175} INFO - Processing /home/airflow/.local/lib/python3.7/site-packages/airflow/example_dags/example_task_group.py took 0.073 seconds
[2025-10-08T00:58:23.858+0000] {processor.py:153} INFO - Started process (PID=856) to work on /home/airflow/.local/lib/python3.7/site-packages/airflow/example_dags/example_task_group.py
[2025-10-08T00:58:23.860+0000] {processor.py:743} INFO - Processing file /home/airflow/.local/lib/python3.7/site-packages/airflow/example_dags/example_task_group.py for tasks to queue
[2025-10-08T00:58:23.863+0000] {logging_mixin.py:137} INFO - [2025-10-08T00:58:23.863+0000] {dagbag.py:538} INFO - Filling up the DagBag from /home/airflow/.local/lib/python3.7/site-packages/airflow/example_dags/example_task_group.py
[2025-10-08T00:58:23.877+0000] {processor.py:753} INFO - DAG(s) dict_keys(['example_task_group']) retrieved from /home/airflow/.local/lib/python3.7/site-packages/airflow/example_dags/example_task_group.py
[2025-10-08T00:58:23.900+0000] {logging_mixin.py:137} INFO - [2025-10-08T00:58:23.900+0000] {dag.py:2690} INFO - Sync 1 DAGs
[2025-10-08T00:58:23.921+0000] {logging_mixin.py:137} INFO - [2025-10-08T00:58:23.921+0000] {dag.py:3441} INFO - Setting next_dagrun for example_task_group to 2025-10-07T00:58:23.921667+00:00, run_after=2025-10-08T00:58:23.921667+00:00
[2025-10-08T00:58:23.935+0000] {processor.py:175} INFO - Processing /home/airflow/.local/lib/python3.7/site-packages/airflow/example_dags/example_task_group.py took 0.079 seconds
[2025-10-08T00:58:53.981+0000] {processor.py:153} INFO - Started process (PID=932) to work on /home/airflow/.local/lib/python3.7/site-packages/airflow/example_dags/example_task_group.py
[2025-10-08T00:58:53.982+0000] {processor.py:743} INFO - Processing file /home/airflow/.local/lib/python3.7/site-packages/airflow/example_dags/example_task_group.py for tasks to queue
[2025-10-08T00:58:53.982+0000] {logging_mixin.py:137} INFO - [2025-10-08T00:58:53.982+0000] {dagbag.py:538} INFO - Filling up the DagBag from /home/airflow/.local/lib/python3.7/site-packages/airflow/example_dags/example_task_group.py
[2025-10-08T00:58:53.994+0000] {processor.py:753} INFO - DAG(s) dict_keys(['example_task_group']) retrieved from /home/airflow/.local/lib/python3.7/site-packages/airflow/example_dags/example_task_group.py
[2025-10-08T00:58:54.013+0000] {logging_mixin.py:137} INFO - [2025-10-08T00:58:54.013+0000] {dag.py:2690} INFO - Sync 1 DAGs
[2025-10-08T00:58:54.029+0000] {logging_mixin.py:137} INFO - [2025-10-08T00:58:54.029+0000] {dag.py:3441} INFO - Setting next_dagrun for example_task_group to 2025-10-07T00:58:54.028968+00:00, run_after=2025-10-08T00:58:54.028968+00:00
[2025-10-08T00:58:54.041+0000] {processor.py:175} INFO - Processing /home/airflow/.local/lib/python3.7/site-packages/airflow/example_dags/example_task_group.py took 0.062 seconds
[2025-10-08T00:59:24.058+0000] {processor.py:153} INFO - Started process (PID=1027) to work on /home/airflow/.local/lib/python3.7/site-packages/airflow/example_dags/example_task_group.py
[2025-10-08T00:59:24.059+0000] {processor.py:743} INFO - Processing file /home/airflow/.local/lib/python3.7/site-packages/airflow/example_dags/example_task_group.py for tasks to queue
[2025-10-08T00:59:24.060+0000] {logging_mixin.py:137} INFO - [2025-10-08T00:59:24.060+0000] {dagbag.py:538} INFO - Filling up the DagBag from /home/airflow/.local/lib/python3.7/site-packages/airflow/example_dags/example_task_group.py
[2025-10-08T00:59:24.068+0000] {processor.py:753} INFO - DAG(s) dict_keys(['example_task_group']) retrieved from /home/airflow/.local/lib/python3.7/site-packages/airflow/example_dags/example_task_group.py
[2025-10-08T00:59:24.084+0000] {logging_mixin.py:137} INFO - [2025-10-08T00:59:24.084+0000] {dag.py:2690} INFO - Sync 1 DAGs
[2025-10-08T00:59:24.098+0000] {logging_mixin.py:137} INFO - [2025-10-08T00:59:24.098+0000] {dag.py:3441} INFO - Setting next_dagrun for example_task_group to 2025-10-07T00:59:24.098689+00:00, run_after=2025-10-08T00:59:24.098689+00:00
[2025-10-08T00:59:24.112+0000] {processor.py:175} INFO - Processing /home/airflow/.local/lib/python3.7/site-packages/airflow/example_dags/example_task_group.py took 0.056 seconds
[2025-10-08T00:59:54.929+0000] {processor.py:153} INFO - Started process (PID=1122) to work on /home/airflow/.local/lib/python3.7/site-packages/airflow/example_dags/example_task_group.py
[2025-10-08T00:59:54.929+0000] {processor.py:743} INFO - Processing file /home/airflow/.local/lib/python3.7/site-packages/airflow/example_dags/example_task_group.py for tasks to queue
[2025-10-08T00:59:54.930+0000] {logging_mixin.py:137} INFO - [2025-10-08T00:59:54.930+0000] {dagbag.py:538} INFO - Filling up the DagBag from /home/airflow/.local/lib/python3.7/site-packages/airflow/example_dags/example_task_group.py
[2025-10-08T00:59:54.938+0000] {processor.py:753} INFO - DAG(s) dict_keys(['example_task_group']) retrieved from /home/airflow/.local/lib/python3.7/site-packages/airflow/example_dags/example_task_group.py
[2025-10-08T00:59:54.952+0000] {logging_mixin.py:137} INFO - [2025-10-08T00:59:54.952+0000] {dag.py:2690} INFO - Sync 1 DAGs
[2025-10-08T00:59:54.966+0000] {logging_mixin.py:137} INFO - [2025-10-08T00:59:54.966+0000] {dag.py:3441} INFO - Setting next_dagrun for example_task_group to 2025-10-07T00:59:54.966064+00:00, run_after=2025-10-08T00:59:54.966064+00:00
[2025-10-08T00:59:54.976+0000] {processor.py:175} INFO - Processing /home/airflow/.local/lib/python3.7/site-packages/airflow/example_dags/example_task_group.py took 0.050 seconds
[2025-10-08T01:00:25.709+0000] {processor.py:153} INFO - Started process (PID=1199) to work on /home/airflow/.local/lib/python3.7/site-packages/airflow/example_dags/example_task_group.py
[2025-10-08T01:00:25.710+0000] {processor.py:743} INFO - Processing file /home/airflow/.local/lib/python3.7/site-packages/airflow/example_dags/example_task_group.py for tasks to queue
[2025-10-08T01:00:25.710+0000] {logging_mixin.py:137} INFO - [2025-10-08T01:00:25.710+0000] {dagbag.py:538} INFO - Filling up the DagBag from /home/airflow/.local/lib/python3.7/site-packages/airflow/example_dags/example_task_group.py
[2025-10-08T01:00:25.720+0000] {processor.py:753} INFO - DAG(s) dict_keys(['example_task_group']) retrieved from /home/airflow/.local/lib/python3.7/site-packages/airflow/example_dags/example_task_group.py
[2025-10-08T01:00:25.737+0000] {logging_mixin.py:137} INFO - [2025-10-08T01:00:25.737+0000] {dag.py:2690} INFO - Sync 1 DAGs
[2025-10-08T01:00:25.751+0000] {logging_mixin.py:137} INFO - [2025-10-08T01:00:25.751+0000] {dag.py:3441} INFO - Setting next_dagrun for example_task_group to 2025-10-07T01:00:25.751225+00:00, run_after=2025-10-08T01:00:25.751225+00:00
[2025-10-08T01:00:25.763+0000] {processor.py:175} INFO - Processing /home/airflow/.local/lib/python3.7/site-packages/airflow/example_dags/example_task_group.py took 0.057 seconds
[2025-10-08T01:00:56.639+0000] {processor.py:153} INFO - Started process (PID=1294) to work on /home/airflow/.local/lib/python3.7/site-packages/airflow/example_dags/example_task_group.py
[2025-10-08T01:00:56.640+0000] {processor.py:743} INFO - Processing file /home/airflow/.local/lib/python3.7/site-packages/airflow/example_dags/example_task_group.py for tasks to queue
[2025-10-08T01:00:56.640+0000] {logging_mixin.py:137} INFO - [2025-10-08T01:00:56.640+0000] {dagbag.py:538} INFO - Filling up the DagBag from /home/airflow/.local/lib/python3.7/site-packages/airflow/example_dags/example_task_group.py
[2025-10-08T01:00:56.648+0000] {processor.py:753} INFO - DAG(s) dict_keys(['example_task_group']) retrieved from /home/airflow/.local/lib/python3.7/site-packages/airflow/example_dags/example_task_group.py
[2025-10-08T01:00:56.661+0000] {logging_mixin.py:137} INFO - [2025-10-08T01:00:56.661+0000] {dag.py:2690} INFO - Sync 1 DAGs
[2025-10-08T01:00:56.672+0000] {logging_mixin.py:137} INFO - [2025-10-08T01:00:56.672+0000] {dag.py:3441} INFO - Setting next_dagrun for example_task_group to 2025-10-07T01:00:56.672668+00:00, run_after=2025-10-08T01:00:56.672668+00:00
[2025-10-08T01:00:56.681+0000] {processor.py:175} INFO - Processing /home/airflow/.local/lib/python3.7/site-packages/airflow/example_dags/example_task_group.py took 0.043 seconds
[2025-10-08T01:01:27.395+0000] {processor.py:153} INFO - Started process (PID=1389) to work on /home/airflow/.local/lib/python3.7/site-packages/airflow/example_dags/example_task_group.py
[2025-10-08T01:01:27.395+0000] {processor.py:743} INFO - Processing file /home/airflow/.local/lib/python3.7/site-packages/airflow/example_dags/example_task_group.py for tasks to queue
[2025-10-08T01:01:27.396+0000] {logging_mixin.py:137} INFO - [2025-10-08T01:01:27.396+0000] {dagbag.py:538} INFO - Filling up the DagBag from /home/airflow/.local/lib/python3.7/site-packages/airflow/example_dags/example_task_group.py
[2025-10-08T01:01:27.404+0000] {processor.py:753} INFO - DAG(s) dict_keys(['example_task_group']) retrieved from /home/airflow/.local/lib/python3.7/site-packages/airflow/example_dags/example_task_group.py
[2025-10-08T01:01:27.418+0000] {logging_mixin.py:137} INFO - [2025-10-08T01:01:27.418+0000] {dag.py:2690} INFO - Sync 1 DAGs
[2025-10-08T01:01:27.431+0000] {logging_mixin.py:137} INFO - [2025-10-08T01:01:27.431+0000] {dag.py:3441} INFO - Setting next_dagrun for example_task_group to 2025-10-07T01:01:27.431580+00:00, run_after=2025-10-08T01:01:27.431580+00:00
[2025-10-08T01:01:27.441+0000] {processor.py:175} INFO - Processing /home/airflow/.local/lib/python3.7/site-packages/airflow/example_dags/example_task_group.py took 0.048 seconds
