[2025-10-08T00:50:05.203+0000] {processor.py:153} INFO - Started process (PID=54) to work on /home/airflow/.local/lib/python3.7/site-packages/airflow/example_dags/example_branch_datetime_operator.py
[2025-10-08T00:50:05.204+0000] {processor.py:743} INFO - Processing file /home/airflow/.local/lib/python3.7/site-packages/airflow/example_dags/example_branch_datetime_operator.py for tasks to queue
[2025-10-08T00:50:05.204+0000] {logging_mixin.py:137} INFO - [2025-10-08T00:50:05.204+0000] {dagbag.py:538} INFO - Filling up the DagBag from /home/airflow/.local/lib/python3.7/site-packages/airflow/example_dags/example_branch_datetime_operator.py
[2025-10-08T00:50:05.228+0000] {processor.py:753} INFO - DAG(s) dict_keys(['example_branch_datetime_operator_2', 'example_branch_datetime_operator', 'example_branch_datetime_operator_3']) retrieved from /home/airflow/.local/lib/python3.7/site-packages/airflow/example_dags/example_branch_datetime_operator.py
[2025-10-08T00:50:05.244+0000] {logging_mixin.py:137} INFO - [2025-10-08T00:50:05.244+0000] {dag.py:2690} INFO - Sync 3 DAGs
[2025-10-08T00:50:05.271+0000] {logging_mixin.py:137} INFO - [2025-10-08T00:50:05.271+0000] {dag.py:3441} INFO - Setting next_dagrun for example_branch_datetime_operator to 2025-10-07T00:00:00+00:00, run_after=2025-10-08T00:00:00+00:00
[2025-10-08T00:50:05.277+0000] {logging_mixin.py:137} INFO - [2025-10-08T00:50:05.277+0000] {dag.py:3441} INFO - Setting next_dagrun for example_branch_datetime_operator_2 to 2025-10-07T00:00:00+00:00, run_after=2025-10-08T00:00:00+00:00
[2025-10-08T00:50:05.279+0000] {logging_mixin.py:137} INFO - [2025-10-08T00:50:05.279+0000] {dag.py:3441} INFO - Setting next_dagrun for example_branch_datetime_operator_3 to 2025-10-07T00:00:00+00:00, run_after=2025-10-08T00:00:00+00:00
[2025-10-08T00:50:05.300+0000] {processor.py:175} INFO - Processing /home/airflow/.local/lib/python3.7/site-packages/airflow/example_dags/example_branch_datetime_operator.py took 0.100 seconds
[2025-10-08T00:50:35.756+0000] {processor.py:153} INFO - Started process (PID=149) to work on /home/airflow/.local/lib/python3.7/site-packages/airflow/example_dags/example_branch_datetime_operator.py
[2025-10-08T00:50:35.758+0000] {processor.py:743} INFO - Processing file /home/airflow/.local/lib/python3.7/site-packages/airflow/example_dags/example_branch_datetime_operator.py for tasks to queue
[2025-10-08T00:50:35.759+0000] {logging_mixin.py:137} INFO - [2025-10-08T00:50:35.759+0000] {dagbag.py:538} INFO - Filling up the DagBag from /home/airflow/.local/lib/python3.7/site-packages/airflow/example_dags/example_branch_datetime_operator.py
[2025-10-08T00:50:35.775+0000] {processor.py:753} INFO - DAG(s) dict_keys(['example_branch_datetime_operator', 'example_branch_datetime_operator_2', 'example_branch_datetime_operator_3']) retrieved from /home/airflow/.local/lib/python3.7/site-packages/airflow/example_dags/example_branch_datetime_operator.py
[2025-10-08T00:50:35.807+0000] {logging_mixin.py:137} INFO - [2025-10-08T00:50:35.807+0000] {dag.py:2690} INFO - Sync 3 DAGs
[2025-10-08T00:50:35.826+0000] {logging_mixin.py:137} INFO - [2025-10-08T00:50:35.826+0000] {dag.py:3441} INFO - Setting next_dagrun for example_branch_datetime_operator to 2025-10-07T00:00:00+00:00, run_after=2025-10-08T00:00:00+00:00
[2025-10-08T00:50:35.829+0000] {logging_mixin.py:137} INFO - [2025-10-08T00:50:35.829+0000] {dag.py:3441} INFO - Setting next_dagrun for example_branch_datetime_operator_2 to 2025-10-07T00:00:00+00:00, run_after=2025-10-08T00:00:00+00:00
[2025-10-08T00:50:35.831+0000] {logging_mixin.py:137} INFO - [2025-10-08T00:50:35.830+0000] {dag.py:3441} INFO - Setting next_dagrun for example_branch_datetime_operator_3 to 2025-10-07T00:00:00+00:00, run_after=2025-10-08T00:00:00+00:00
[2025-10-08T00:50:35.851+0000] {processor.py:175} INFO - Processing /home/airflow/.local/lib/python3.7/site-packages/airflow/example_dags/example_branch_datetime_operator.py took 0.097 seconds
[2025-10-08T00:51:06.965+0000] {processor.py:153} INFO - Started process (PID=244) to work on /home/airflow/.local/lib/python3.7/site-packages/airflow/example_dags/example_branch_datetime_operator.py
[2025-10-08T00:51:06.966+0000] {processor.py:743} INFO - Processing file /home/airflow/.local/lib/python3.7/site-packages/airflow/example_dags/example_branch_datetime_operator.py for tasks to queue
[2025-10-08T00:51:06.967+0000] {logging_mixin.py:137} INFO - [2025-10-08T00:51:06.967+0000] {dagbag.py:538} INFO - Filling up the DagBag from /home/airflow/.local/lib/python3.7/site-packages/airflow/example_dags/example_branch_datetime_operator.py
[2025-10-08T00:51:06.984+0000] {processor.py:753} INFO - DAG(s) dict_keys(['example_branch_datetime_operator_3', 'example_branch_datetime_operator', 'example_branch_datetime_operator_2']) retrieved from /home/airflow/.local/lib/python3.7/site-packages/airflow/example_dags/example_branch_datetime_operator.py
[2025-10-08T00:51:07.016+0000] {logging_mixin.py:137} INFO - [2025-10-08T00:51:07.015+0000] {dag.py:2690} INFO - Sync 3 DAGs
[2025-10-08T00:51:07.034+0000] {logging_mixin.py:137} INFO - [2025-10-08T00:51:07.034+0000] {dag.py:3441} INFO - Setting next_dagrun for example_branch_datetime_operator to 2025-10-07T00:00:00+00:00, run_after=2025-10-08T00:00:00+00:00
[2025-10-08T00:51:07.037+0000] {logging_mixin.py:137} INFO - [2025-10-08T00:51:07.037+0000] {dag.py:3441} INFO - Setting next_dagrun for example_branch_datetime_operator_2 to 2025-10-07T00:00:00+00:00, run_after=2025-10-08T00:00:00+00:00
[2025-10-08T00:51:07.039+0000] {logging_mixin.py:137} INFO - [2025-10-08T00:51:07.039+0000] {dag.py:3441} INFO - Setting next_dagrun for example_branch_datetime_operator_3 to 2025-10-07T00:00:00+00:00, run_after=2025-10-08T00:00:00+00:00
[2025-10-08T00:51:07.048+0000] {processor.py:175} INFO - Processing /home/airflow/.local/lib/python3.7/site-packages/airflow/example_dags/example_branch_datetime_operator.py took 0.086 seconds
[2025-10-08T00:51:38.011+0000] {processor.py:153} INFO - Started process (PID=321) to work on /home/airflow/.local/lib/python3.7/site-packages/airflow/example_dags/example_branch_datetime_operator.py
[2025-10-08T00:51:38.012+0000] {processor.py:743} INFO - Processing file /home/airflow/.local/lib/python3.7/site-packages/airflow/example_dags/example_branch_datetime_operator.py for tasks to queue
[2025-10-08T00:51:38.012+0000] {logging_mixin.py:137} INFO - [2025-10-08T00:51:38.012+0000] {dagbag.py:538} INFO - Filling up the DagBag from /home/airflow/.local/lib/python3.7/site-packages/airflow/example_dags/example_branch_datetime_operator.py
[2025-10-08T00:51:38.022+0000] {processor.py:753} INFO - DAG(s) dict_keys(['example_branch_datetime_operator_3', 'example_branch_datetime_operator_2', 'example_branch_datetime_operator']) retrieved from /home/airflow/.local/lib/python3.7/site-packages/airflow/example_dags/example_branch_datetime_operator.py
[2025-10-08T00:51:38.040+0000] {logging_mixin.py:137} INFO - [2025-10-08T00:51:38.040+0000] {dag.py:2690} INFO - Sync 3 DAGs
[2025-10-08T00:51:38.055+0000] {logging_mixin.py:137} INFO - [2025-10-08T00:51:38.054+0000] {dag.py:3441} INFO - Setting next_dagrun for example_branch_datetime_operator to 2025-10-07T00:00:00+00:00, run_after=2025-10-08T00:00:00+00:00
[2025-10-08T00:51:38.057+0000] {logging_mixin.py:137} INFO - [2025-10-08T00:51:38.057+0000] {dag.py:3441} INFO - Setting next_dagrun for example_branch_datetime_operator_2 to 2025-10-07T00:00:00+00:00, run_after=2025-10-08T00:00:00+00:00
[2025-10-08T00:51:38.058+0000] {logging_mixin.py:137} INFO - [2025-10-08T00:51:38.058+0000] {dag.py:3441} INFO - Setting next_dagrun for example_branch_datetime_operator_3 to 2025-10-07T00:00:00+00:00, run_after=2025-10-08T00:00:00+00:00
[2025-10-08T00:51:38.067+0000] {processor.py:175} INFO - Processing /home/airflow/.local/lib/python3.7/site-packages/airflow/example_dags/example_branch_datetime_operator.py took 0.058 seconds
[2025-10-08T00:52:08.959+0000] {processor.py:153} INFO - Started process (PID=415) to work on /home/airflow/.local/lib/python3.7/site-packages/airflow/example_dags/example_branch_datetime_operator.py
[2025-10-08T00:52:08.959+0000] {processor.py:743} INFO - Processing file /home/airflow/.local/lib/python3.7/site-packages/airflow/example_dags/example_branch_datetime_operator.py for tasks to queue
[2025-10-08T00:52:08.960+0000] {logging_mixin.py:137} INFO - [2025-10-08T00:52:08.959+0000] {dagbag.py:538} INFO - Filling up the DagBag from /home/airflow/.local/lib/python3.7/site-packages/airflow/example_dags/example_branch_datetime_operator.py
[2025-10-08T00:52:08.969+0000] {processor.py:753} INFO - DAG(s) dict_keys(['example_branch_datetime_operator_3', 'example_branch_datetime_operator', 'example_branch_datetime_operator_2']) retrieved from /home/airflow/.local/lib/python3.7/site-packages/airflow/example_dags/example_branch_datetime_operator.py
[2025-10-08T00:52:08.987+0000] {logging_mixin.py:137} INFO - [2025-10-08T00:52:08.987+0000] {dag.py:2690} INFO - Sync 3 DAGs
[2025-10-08T00:52:09.001+0000] {logging_mixin.py:137} INFO - [2025-10-08T00:52:09.001+0000] {dag.py:3441} INFO - Setting next_dagrun for example_branch_datetime_operator to 2025-10-07T00:00:00+00:00, run_after=2025-10-08T00:00:00+00:00
[2025-10-08T00:52:09.004+0000] {logging_mixin.py:137} INFO - [2025-10-08T00:52:09.004+0000] {dag.py:3441} INFO - Setting next_dagrun for example_branch_datetime_operator_2 to 2025-10-07T00:00:00+00:00, run_after=2025-10-08T00:00:00+00:00
[2025-10-08T00:52:09.006+0000] {logging_mixin.py:137} INFO - [2025-10-08T00:52:09.006+0000] {dag.py:3441} INFO - Setting next_dagrun for example_branch_datetime_operator_3 to 2025-10-07T00:00:00+00:00, run_after=2025-10-08T00:00:00+00:00
[2025-10-08T00:52:09.014+0000] {processor.py:175} INFO - Processing /home/airflow/.local/lib/python3.7/site-packages/airflow/example_dags/example_branch_datetime_operator.py took 0.058 seconds
[2025-10-08T00:52:39.904+0000] {processor.py:153} INFO - Started process (PID=510) to work on /home/airflow/.local/lib/python3.7/site-packages/airflow/example_dags/example_branch_datetime_operator.py
[2025-10-08T00:52:39.905+0000] {processor.py:743} INFO - Processing file /home/airflow/.local/lib/python3.7/site-packages/airflow/example_dags/example_branch_datetime_operator.py for tasks to queue
[2025-10-08T00:52:39.905+0000] {logging_mixin.py:137} INFO - [2025-10-08T00:52:39.905+0000] {dagbag.py:538} INFO - Filling up the DagBag from /home/airflow/.local/lib/python3.7/site-packages/airflow/example_dags/example_branch_datetime_operator.py
[2025-10-08T00:52:39.915+0000] {processor.py:753} INFO - DAG(s) dict_keys(['example_branch_datetime_operator_3', 'example_branch_datetime_operator_2', 'example_branch_datetime_operator']) retrieved from /home/airflow/.local/lib/python3.7/site-packages/airflow/example_dags/example_branch_datetime_operator.py
[2025-10-08T00:52:39.933+0000] {logging_mixin.py:137} INFO - [2025-10-08T00:52:39.933+0000] {dag.py:2690} INFO - Sync 3 DAGs
[2025-10-08T00:52:39.947+0000] {logging_mixin.py:137} INFO - [2025-10-08T00:52:39.946+0000] {dag.py:3441} INFO - Setting next_dagrun for example_branch_datetime_operator to 2025-10-07T00:00:00+00:00, run_after=2025-10-08T00:00:00+00:00
[2025-10-08T00:52:39.950+0000] {logging_mixin.py:137} INFO - [2025-10-08T00:52:39.950+0000] {dag.py:3441} INFO - Setting next_dagrun for example_branch_datetime_operator_2 to 2025-10-07T00:00:00+00:00, run_after=2025-10-08T00:00:00+00:00
[2025-10-08T00:52:39.951+0000] {logging_mixin.py:137} INFO - [2025-10-08T00:52:39.951+0000] {dag.py:3441} INFO - Setting next_dagrun for example_branch_datetime_operator_3 to 2025-10-07T00:00:00+00:00, run_after=2025-10-08T00:00:00+00:00
[2025-10-08T00:52:39.960+0000] {processor.py:175} INFO - Processing /home/airflow/.local/lib/python3.7/site-packages/airflow/example_dags/example_branch_datetime_operator.py took 0.058 seconds
[2025-10-08T00:54:15.260+0000] {processor.py:153} INFO - Started process (PID=116) to work on /home/airflow/.local/lib/python3.7/site-packages/airflow/example_dags/example_branch_datetime_operator.py
[2025-10-08T00:54:15.261+0000] {processor.py:743} INFO - Processing file /home/airflow/.local/lib/python3.7/site-packages/airflow/example_dags/example_branch_datetime_operator.py for tasks to queue
[2025-10-08T00:54:15.262+0000] {logging_mixin.py:137} INFO - [2025-10-08T00:54:15.262+0000] {dagbag.py:538} INFO - Filling up the DagBag from /home/airflow/.local/lib/python3.7/site-packages/airflow/example_dags/example_branch_datetime_operator.py
[2025-10-08T00:54:15.274+0000] {processor.py:753} INFO - DAG(s) dict_keys(['example_branch_datetime_operator_2', 'example_branch_datetime_operator_3', 'example_branch_datetime_operator']) retrieved from /home/airflow/.local/lib/python3.7/site-packages/airflow/example_dags/example_branch_datetime_operator.py
[2025-10-08T00:54:15.298+0000] {logging_mixin.py:137} INFO - [2025-10-08T00:54:15.298+0000] {dag.py:2690} INFO - Sync 3 DAGs
[2025-10-08T00:54:15.318+0000] {logging_mixin.py:137} INFO - [2025-10-08T00:54:15.318+0000] {dag.py:3441} INFO - Setting next_dagrun for example_branch_datetime_operator to 2025-10-07T00:00:00+00:00, run_after=2025-10-08T00:00:00+00:00
[2025-10-08T00:54:15.321+0000] {logging_mixin.py:137} INFO - [2025-10-08T00:54:15.321+0000] {dag.py:3441} INFO - Setting next_dagrun for example_branch_datetime_operator_2 to 2025-10-07T00:00:00+00:00, run_after=2025-10-08T00:00:00+00:00
[2025-10-08T00:54:15.322+0000] {logging_mixin.py:137} INFO - [2025-10-08T00:54:15.322+0000] {dag.py:3441} INFO - Setting next_dagrun for example_branch_datetime_operator_3 to 2025-10-07T00:00:00+00:00, run_after=2025-10-08T00:00:00+00:00
[2025-10-08T00:54:15.332+0000] {processor.py:175} INFO - Processing /home/airflow/.local/lib/python3.7/site-packages/airflow/example_dags/example_branch_datetime_operator.py took 0.075 seconds
[2025-10-08T00:54:45.503+0000] {processor.py:153} INFO - Started process (PID=191) to work on /home/airflow/.local/lib/python3.7/site-packages/airflow/example_dags/example_branch_datetime_operator.py
[2025-10-08T00:54:45.504+0000] {processor.py:743} INFO - Processing file /home/airflow/.local/lib/python3.7/site-packages/airflow/example_dags/example_branch_datetime_operator.py for tasks to queue
[2025-10-08T00:54:45.505+0000] {logging_mixin.py:137} INFO - [2025-10-08T00:54:45.505+0000] {dagbag.py:538} INFO - Filling up the DagBag from /home/airflow/.local/lib/python3.7/site-packages/airflow/example_dags/example_branch_datetime_operator.py
[2025-10-08T00:54:45.515+0000] {processor.py:753} INFO - DAG(s) dict_keys(['example_branch_datetime_operator_3', 'example_branch_datetime_operator_2', 'example_branch_datetime_operator']) retrieved from /home/airflow/.local/lib/python3.7/site-packages/airflow/example_dags/example_branch_datetime_operator.py
[2025-10-08T00:54:45.535+0000] {logging_mixin.py:137} INFO - [2025-10-08T00:54:45.535+0000] {dag.py:2690} INFO - Sync 3 DAGs
[2025-10-08T00:54:45.552+0000] {logging_mixin.py:137} INFO - [2025-10-08T00:54:45.552+0000] {dag.py:3441} INFO - Setting next_dagrun for example_branch_datetime_operator to 2025-10-07T00:00:00+00:00, run_after=2025-10-08T00:00:00+00:00
[2025-10-08T00:54:45.555+0000] {logging_mixin.py:137} INFO - [2025-10-08T00:54:45.555+0000] {dag.py:3441} INFO - Setting next_dagrun for example_branch_datetime_operator_2 to 2025-10-07T00:00:00+00:00, run_after=2025-10-08T00:00:00+00:00
[2025-10-08T00:54:45.557+0000] {logging_mixin.py:137} INFO - [2025-10-08T00:54:45.557+0000] {dag.py:3441} INFO - Setting next_dagrun for example_branch_datetime_operator_3 to 2025-10-07T00:00:00+00:00, run_after=2025-10-08T00:00:00+00:00
[2025-10-08T00:54:45.569+0000] {processor.py:175} INFO - Processing /home/airflow/.local/lib/python3.7/site-packages/airflow/example_dags/example_branch_datetime_operator.py took 0.068 seconds
[2025-10-08T00:55:15.675+0000] {processor.py:153} INFO - Started process (PID=286) to work on /home/airflow/.local/lib/python3.7/site-packages/airflow/example_dags/example_branch_datetime_operator.py
[2025-10-08T00:55:15.675+0000] {processor.py:743} INFO - Processing file /home/airflow/.local/lib/python3.7/site-packages/airflow/example_dags/example_branch_datetime_operator.py for tasks to queue
[2025-10-08T00:55:15.676+0000] {logging_mixin.py:137} INFO - [2025-10-08T00:55:15.676+0000] {dagbag.py:538} INFO - Filling up the DagBag from /home/airflow/.local/lib/python3.7/site-packages/airflow/example_dags/example_branch_datetime_operator.py
[2025-10-08T00:55:15.684+0000] {processor.py:753} INFO - DAG(s) dict_keys(['example_branch_datetime_operator_3', 'example_branch_datetime_operator_2', 'example_branch_datetime_operator']) retrieved from /home/airflow/.local/lib/python3.7/site-packages/airflow/example_dags/example_branch_datetime_operator.py
[2025-10-08T00:55:15.699+0000] {logging_mixin.py:137} INFO - [2025-10-08T00:55:15.699+0000] {dag.py:2690} INFO - Sync 3 DAGs
[2025-10-08T00:55:15.711+0000] {logging_mixin.py:137} INFO - [2025-10-08T00:55:15.711+0000] {dag.py:3441} INFO - Setting next_dagrun for example_branch_datetime_operator to 2025-10-07T00:00:00+00:00, run_after=2025-10-08T00:00:00+00:00
[2025-10-08T00:55:15.713+0000] {logging_mixin.py:137} INFO - [2025-10-08T00:55:15.713+0000] {dag.py:3441} INFO - Setting next_dagrun for example_branch_datetime_operator_2 to 2025-10-07T00:00:00+00:00, run_after=2025-10-08T00:00:00+00:00
[2025-10-08T00:55:15.714+0000] {logging_mixin.py:137} INFO - [2025-10-08T00:55:15.714+0000] {dag.py:3441} INFO - Setting next_dagrun for example_branch_datetime_operator_3 to 2025-10-07T00:00:00+00:00, run_after=2025-10-08T00:00:00+00:00
[2025-10-08T00:55:15.722+0000] {processor.py:175} INFO - Processing /home/airflow/.local/lib/python3.7/site-packages/airflow/example_dags/example_branch_datetime_operator.py took 0.049 seconds
[2025-10-08T00:55:46.496+0000] {processor.py:153} INFO - Started process (PID=381) to work on /home/airflow/.local/lib/python3.7/site-packages/airflow/example_dags/example_branch_datetime_operator.py
[2025-10-08T00:55:46.498+0000] {processor.py:743} INFO - Processing file /home/airflow/.local/lib/python3.7/site-packages/airflow/example_dags/example_branch_datetime_operator.py for tasks to queue
[2025-10-08T00:55:46.498+0000] {logging_mixin.py:137} INFO - [2025-10-08T00:55:46.498+0000] {dagbag.py:538} INFO - Filling up the DagBag from /home/airflow/.local/lib/python3.7/site-packages/airflow/example_dags/example_branch_datetime_operator.py
[2025-10-08T00:55:46.509+0000] {processor.py:753} INFO - DAG(s) dict_keys(['example_branch_datetime_operator_3', 'example_branch_datetime_operator_2', 'example_branch_datetime_operator']) retrieved from /home/airflow/.local/lib/python3.7/site-packages/airflow/example_dags/example_branch_datetime_operator.py
[2025-10-08T00:55:46.529+0000] {logging_mixin.py:137} INFO - [2025-10-08T00:55:46.529+0000] {dag.py:2690} INFO - Sync 3 DAGs
[2025-10-08T00:55:46.544+0000] {logging_mixin.py:137} INFO - [2025-10-08T00:55:46.544+0000] {dag.py:3441} INFO - Setting next_dagrun for example_branch_datetime_operator to 2025-10-07T00:00:00+00:00, run_after=2025-10-08T00:00:00+00:00
[2025-10-08T00:55:46.547+0000] {logging_mixin.py:137} INFO - [2025-10-08T00:55:46.547+0000] {dag.py:3441} INFO - Setting next_dagrun for example_branch_datetime_operator_2 to 2025-10-07T00:00:00+00:00, run_after=2025-10-08T00:00:00+00:00
[2025-10-08T00:55:46.548+0000] {logging_mixin.py:137} INFO - [2025-10-08T00:55:46.548+0000] {dag.py:3441} INFO - Setting next_dagrun for example_branch_datetime_operator_3 to 2025-10-07T00:00:00+00:00, run_after=2025-10-08T00:00:00+00:00
[2025-10-08T00:55:46.558+0000] {processor.py:175} INFO - Processing /home/airflow/.local/lib/python3.7/site-packages/airflow/example_dags/example_branch_datetime_operator.py took 0.064 seconds
[2025-10-08T00:56:17.448+0000] {processor.py:153} INFO - Started process (PID=467) to work on /home/airflow/.local/lib/python3.7/site-packages/airflow/example_dags/example_branch_datetime_operator.py
[2025-10-08T00:56:17.449+0000] {processor.py:743} INFO - Processing file /home/airflow/.local/lib/python3.7/site-packages/airflow/example_dags/example_branch_datetime_operator.py for tasks to queue
[2025-10-08T00:56:17.450+0000] {logging_mixin.py:137} INFO - [2025-10-08T00:56:17.450+0000] {dagbag.py:538} INFO - Filling up the DagBag from /home/airflow/.local/lib/python3.7/site-packages/airflow/example_dags/example_branch_datetime_operator.py
[2025-10-08T00:56:17.460+0000] {processor.py:753} INFO - DAG(s) dict_keys(['example_branch_datetime_operator_2', 'example_branch_datetime_operator', 'example_branch_datetime_operator_3']) retrieved from /home/airflow/.local/lib/python3.7/site-packages/airflow/example_dags/example_branch_datetime_operator.py
[2025-10-08T00:56:17.480+0000] {logging_mixin.py:137} INFO - [2025-10-08T00:56:17.480+0000] {dag.py:2690} INFO - Sync 3 DAGs
[2025-10-08T00:56:17.508+0000] {logging_mixin.py:137} INFO - [2025-10-08T00:56:17.508+0000] {dag.py:3441} INFO - Setting next_dagrun for example_branch_datetime_operator to 2025-10-07T00:00:00+00:00, run_after=2025-10-08T00:00:00+00:00
[2025-10-08T00:56:17.511+0000] {logging_mixin.py:137} INFO - [2025-10-08T00:56:17.511+0000] {dag.py:3441} INFO - Setting next_dagrun for example_branch_datetime_operator_2 to 2025-10-07T00:00:00+00:00, run_after=2025-10-08T00:00:00+00:00
[2025-10-08T00:56:17.513+0000] {logging_mixin.py:137} INFO - [2025-10-08T00:56:17.513+0000] {dag.py:3441} INFO - Setting next_dagrun for example_branch_datetime_operator_3 to 2025-10-07T00:00:00+00:00, run_after=2025-10-08T00:00:00+00:00
[2025-10-08T00:56:17.536+0000] {processor.py:175} INFO - Processing /home/airflow/.local/lib/python3.7/site-packages/airflow/example_dags/example_branch_datetime_operator.py took 0.090 seconds
[2025-10-08T00:56:48.283+0000] {processor.py:153} INFO - Started process (PID=553) to work on /home/airflow/.local/lib/python3.7/site-packages/airflow/example_dags/example_branch_datetime_operator.py
[2025-10-08T00:56:48.284+0000] {processor.py:743} INFO - Processing file /home/airflow/.local/lib/python3.7/site-packages/airflow/example_dags/example_branch_datetime_operator.py for tasks to queue
[2025-10-08T00:56:48.285+0000] {logging_mixin.py:137} INFO - [2025-10-08T00:56:48.285+0000] {dagbag.py:538} INFO - Filling up the DagBag from /home/airflow/.local/lib/python3.7/site-packages/airflow/example_dags/example_branch_datetime_operator.py
[2025-10-08T00:56:48.294+0000] {processor.py:753} INFO - DAG(s) dict_keys(['example_branch_datetime_operator_2', 'example_branch_datetime_operator_3', 'example_branch_datetime_operator']) retrieved from /home/airflow/.local/lib/python3.7/site-packages/airflow/example_dags/example_branch_datetime_operator.py
[2025-10-08T00:56:48.312+0000] {logging_mixin.py:137} INFO - [2025-10-08T00:56:48.311+0000] {dag.py:2690} INFO - Sync 3 DAGs
[2025-10-08T00:56:48.325+0000] {logging_mixin.py:137} INFO - [2025-10-08T00:56:48.325+0000] {dag.py:3441} INFO - Setting next_dagrun for example_branch_datetime_operator to 2025-10-07T00:00:00+00:00, run_after=2025-10-08T00:00:00+00:00
[2025-10-08T00:56:48.328+0000] {logging_mixin.py:137} INFO - [2025-10-08T00:56:48.328+0000] {dag.py:3441} INFO - Setting next_dagrun for example_branch_datetime_operator_2 to 2025-10-07T00:00:00+00:00, run_after=2025-10-08T00:00:00+00:00
[2025-10-08T00:56:48.329+0000] {logging_mixin.py:137} INFO - [2025-10-08T00:56:48.329+0000] {dag.py:3441} INFO - Setting next_dagrun for example_branch_datetime_operator_3 to 2025-10-07T00:00:00+00:00, run_after=2025-10-08T00:00:00+00:00
[2025-10-08T00:56:48.339+0000] {processor.py:175} INFO - Processing /home/airflow/.local/lib/python3.7/site-packages/airflow/example_dags/example_branch_datetime_operator.py took 0.058 seconds
[2025-10-08T00:57:19.332+0000] {processor.py:153} INFO - Started process (PID=648) to work on /home/airflow/.local/lib/python3.7/site-packages/airflow/example_dags/example_branch_datetime_operator.py
[2025-10-08T00:57:19.332+0000] {processor.py:743} INFO - Processing file /home/airflow/.local/lib/python3.7/site-packages/airflow/example_dags/example_branch_datetime_operator.py for tasks to queue
[2025-10-08T00:57:19.334+0000] {logging_mixin.py:137} INFO - [2025-10-08T00:57:19.333+0000] {dagbag.py:538} INFO - Filling up the DagBag from /home/airflow/.local/lib/python3.7/site-packages/airflow/example_dags/example_branch_datetime_operator.py
[2025-10-08T00:57:19.345+0000] {processor.py:753} INFO - DAG(s) dict_keys(['example_branch_datetime_operator_2', 'example_branch_datetime_operator_3', 'example_branch_datetime_operator']) retrieved from /home/airflow/.local/lib/python3.7/site-packages/airflow/example_dags/example_branch_datetime_operator.py
[2025-10-08T00:57:19.365+0000] {logging_mixin.py:137} INFO - [2025-10-08T00:57:19.365+0000] {dag.py:2690} INFO - Sync 3 DAGs
[2025-10-08T00:57:19.378+0000] {logging_mixin.py:137} INFO - [2025-10-08T00:57:19.378+0000] {dag.py:3441} INFO - Setting next_dagrun for example_branch_datetime_operator to 2025-10-07T00:00:00+00:00, run_after=2025-10-08T00:00:00+00:00
[2025-10-08T00:57:19.382+0000] {logging_mixin.py:137} INFO - [2025-10-08T00:57:19.382+0000] {dag.py:3441} INFO - Setting next_dagrun for example_branch_datetime_operator_2 to 2025-10-07T00:00:00+00:00, run_after=2025-10-08T00:00:00+00:00
[2025-10-08T00:57:19.384+0000] {logging_mixin.py:137} INFO - [2025-10-08T00:57:19.384+0000] {dag.py:3441} INFO - Setting next_dagrun for example_branch_datetime_operator_3 to 2025-10-07T00:00:00+00:00, run_after=2025-10-08T00:00:00+00:00
[2025-10-08T00:57:19.394+0000] {processor.py:175} INFO - Processing /home/airflow/.local/lib/python3.7/site-packages/airflow/example_dags/example_branch_datetime_operator.py took 0.064 seconds
[2025-10-08T00:57:50.312+0000] {processor.py:153} INFO - Started process (PID=743) to work on /home/airflow/.local/lib/python3.7/site-packages/airflow/example_dags/example_branch_datetime_operator.py
[2025-10-08T00:57:50.312+0000] {processor.py:743} INFO - Processing file /home/airflow/.local/lib/python3.7/site-packages/airflow/example_dags/example_branch_datetime_operator.py for tasks to queue
[2025-10-08T00:57:50.313+0000] {logging_mixin.py:137} INFO - [2025-10-08T00:57:50.313+0000] {dagbag.py:538} INFO - Filling up the DagBag from /home/airflow/.local/lib/python3.7/site-packages/airflow/example_dags/example_branch_datetime_operator.py
[2025-10-08T00:57:50.323+0000] {processor.py:753} INFO - DAG(s) dict_keys(['example_branch_datetime_operator_2', 'example_branch_datetime_operator', 'example_branch_datetime_operator_3']) retrieved from /home/airflow/.local/lib/python3.7/site-packages/airflow/example_dags/example_branch_datetime_operator.py
[2025-10-08T00:57:50.343+0000] {logging_mixin.py:137} INFO - [2025-10-08T00:57:50.343+0000] {dag.py:2690} INFO - Sync 3 DAGs
[2025-10-08T00:57:50.358+0000] {logging_mixin.py:137} INFO - [2025-10-08T00:57:50.358+0000] {dag.py:3441} INFO - Setting next_dagrun for example_branch_datetime_operator to 2025-10-07T00:00:00+00:00, run_after=2025-10-08T00:00:00+00:00
[2025-10-08T00:57:50.363+0000] {logging_mixin.py:137} INFO - [2025-10-08T00:57:50.363+0000] {dag.py:3441} INFO - Setting next_dagrun for example_branch_datetime_operator_2 to 2025-10-07T00:00:00+00:00, run_after=2025-10-08T00:00:00+00:00
[2025-10-08T00:57:50.364+0000] {logging_mixin.py:137} INFO - [2025-10-08T00:57:50.364+0000] {dag.py:3441} INFO - Setting next_dagrun for example_branch_datetime_operator_3 to 2025-10-07T00:00:00+00:00, run_after=2025-10-08T00:00:00+00:00
[2025-10-08T00:57:50.377+0000] {processor.py:175} INFO - Processing /home/airflow/.local/lib/python3.7/site-packages/airflow/example_dags/example_branch_datetime_operator.py took 0.068 seconds
[2025-10-08T00:58:21.221+0000] {processor.py:153} INFO - Started process (PID=820) to work on /home/airflow/.local/lib/python3.7/site-packages/airflow/example_dags/example_branch_datetime_operator.py
[2025-10-08T00:58:21.222+0000] {processor.py:743} INFO - Processing file /home/airflow/.local/lib/python3.7/site-packages/airflow/example_dags/example_branch_datetime_operator.py for tasks to queue
[2025-10-08T00:58:21.222+0000] {logging_mixin.py:137} INFO - [2025-10-08T00:58:21.222+0000] {dagbag.py:538} INFO - Filling up the DagBag from /home/airflow/.local/lib/python3.7/site-packages/airflow/example_dags/example_branch_datetime_operator.py
[2025-10-08T00:58:21.231+0000] {processor.py:753} INFO - DAG(s) dict_keys(['example_branch_datetime_operator_3', 'example_branch_datetime_operator', 'example_branch_datetime_operator_2']) retrieved from /home/airflow/.local/lib/python3.7/site-packages/airflow/example_dags/example_branch_datetime_operator.py
[2025-10-08T00:58:21.249+0000] {logging_mixin.py:137} INFO - [2025-10-08T00:58:21.249+0000] {dag.py:2690} INFO - Sync 3 DAGs
[2025-10-08T00:58:21.265+0000] {logging_mixin.py:137} INFO - [2025-10-08T00:58:21.265+0000] {dag.py:3441} INFO - Setting next_dagrun for example_branch_datetime_operator to 2025-10-07T00:00:00+00:00, run_after=2025-10-08T00:00:00+00:00
[2025-10-08T00:58:21.268+0000] {logging_mixin.py:137} INFO - [2025-10-08T00:58:21.267+0000] {dag.py:3441} INFO - Setting next_dagrun for example_branch_datetime_operator_2 to 2025-10-07T00:00:00+00:00, run_after=2025-10-08T00:00:00+00:00
[2025-10-08T00:58:21.269+0000] {logging_mixin.py:137} INFO - [2025-10-08T00:58:21.269+0000] {dag.py:3441} INFO - Setting next_dagrun for example_branch_datetime_operator_3 to 2025-10-07T00:00:00+00:00, run_after=2025-10-08T00:00:00+00:00
[2025-10-08T00:58:21.279+0000] {processor.py:175} INFO - Processing /home/airflow/.local/lib/python3.7/site-packages/airflow/example_dags/example_branch_datetime_operator.py took 0.060 seconds
[2025-10-08T00:58:52.286+0000] {processor.py:153} INFO - Started process (PID=915) to work on /home/airflow/.local/lib/python3.7/site-packages/airflow/example_dags/example_branch_datetime_operator.py
[2025-10-08T00:58:52.287+0000] {processor.py:743} INFO - Processing file /home/airflow/.local/lib/python3.7/site-packages/airflow/example_dags/example_branch_datetime_operator.py for tasks to queue
[2025-10-08T00:58:52.287+0000] {logging_mixin.py:137} INFO - [2025-10-08T00:58:52.287+0000] {dagbag.py:538} INFO - Filling up the DagBag from /home/airflow/.local/lib/python3.7/site-packages/airflow/example_dags/example_branch_datetime_operator.py
[2025-10-08T00:58:52.298+0000] {processor.py:753} INFO - DAG(s) dict_keys(['example_branch_datetime_operator', 'example_branch_datetime_operator_3', 'example_branch_datetime_operator_2']) retrieved from /home/airflow/.local/lib/python3.7/site-packages/airflow/example_dags/example_branch_datetime_operator.py
[2025-10-08T00:58:52.318+0000] {logging_mixin.py:137} INFO - [2025-10-08T00:58:52.318+0000] {dag.py:2690} INFO - Sync 3 DAGs
[2025-10-08T00:58:52.331+0000] {logging_mixin.py:137} INFO - [2025-10-08T00:58:52.331+0000] {dag.py:3441} INFO - Setting next_dagrun for example_branch_datetime_operator to 2025-10-07T00:00:00+00:00, run_after=2025-10-08T00:00:00+00:00
[2025-10-08T00:58:52.333+0000] {logging_mixin.py:137} INFO - [2025-10-08T00:58:52.333+0000] {dag.py:3441} INFO - Setting next_dagrun for example_branch_datetime_operator_2 to 2025-10-07T00:00:00+00:00, run_after=2025-10-08T00:00:00+00:00
[2025-10-08T00:58:52.334+0000] {logging_mixin.py:137} INFO - [2025-10-08T00:58:52.334+0000] {dag.py:3441} INFO - Setting next_dagrun for example_branch_datetime_operator_3 to 2025-10-07T00:00:00+00:00, run_after=2025-10-08T00:00:00+00:00
[2025-10-08T00:58:52.344+0000] {processor.py:175} INFO - Processing /home/airflow/.local/lib/python3.7/site-packages/airflow/example_dags/example_branch_datetime_operator.py took 0.060 seconds
[2025-10-08T00:59:22.385+0000] {processor.py:153} INFO - Started process (PID=1010) to work on /home/airflow/.local/lib/python3.7/site-packages/airflow/example_dags/example_branch_datetime_operator.py
[2025-10-08T00:59:22.386+0000] {processor.py:743} INFO - Processing file /home/airflow/.local/lib/python3.7/site-packages/airflow/example_dags/example_branch_datetime_operator.py for tasks to queue
[2025-10-08T00:59:22.386+0000] {logging_mixin.py:137} INFO - [2025-10-08T00:59:22.386+0000] {dagbag.py:538} INFO - Filling up the DagBag from /home/airflow/.local/lib/python3.7/site-packages/airflow/example_dags/example_branch_datetime_operator.py
[2025-10-08T00:59:22.396+0000] {processor.py:753} INFO - DAG(s) dict_keys(['example_branch_datetime_operator', 'example_branch_datetime_operator_3', 'example_branch_datetime_operator_2']) retrieved from /home/airflow/.local/lib/python3.7/site-packages/airflow/example_dags/example_branch_datetime_operator.py
[2025-10-08T00:59:22.416+0000] {logging_mixin.py:137} INFO - [2025-10-08T00:59:22.416+0000] {dag.py:2690} INFO - Sync 3 DAGs
[2025-10-08T00:59:22.431+0000] {logging_mixin.py:137} INFO - [2025-10-08T00:59:22.431+0000] {dag.py:3441} INFO - Setting next_dagrun for example_branch_datetime_operator to 2025-10-07T00:00:00+00:00, run_after=2025-10-08T00:00:00+00:00
[2025-10-08T00:59:22.433+0000] {logging_mixin.py:137} INFO - [2025-10-08T00:59:22.433+0000] {dag.py:3441} INFO - Setting next_dagrun for example_branch_datetime_operator_2 to 2025-10-07T00:00:00+00:00, run_after=2025-10-08T00:00:00+00:00
[2025-10-08T00:59:22.435+0000] {logging_mixin.py:137} INFO - [2025-10-08T00:59:22.435+0000] {dag.py:3441} INFO - Setting next_dagrun for example_branch_datetime_operator_3 to 2025-10-07T00:00:00+00:00, run_after=2025-10-08T00:00:00+00:00
[2025-10-08T00:59:22.445+0000] {processor.py:175} INFO - Processing /home/airflow/.local/lib/python3.7/site-packages/airflow/example_dags/example_branch_datetime_operator.py took 0.063 seconds
[2025-10-08T00:59:53.149+0000] {processor.py:153} INFO - Started process (PID=1096) to work on /home/airflow/.local/lib/python3.7/site-packages/airflow/example_dags/example_branch_datetime_operator.py
[2025-10-08T00:59:53.150+0000] {processor.py:743} INFO - Processing file /home/airflow/.local/lib/python3.7/site-packages/airflow/example_dags/example_branch_datetime_operator.py for tasks to queue
[2025-10-08T00:59:53.150+0000] {logging_mixin.py:137} INFO - [2025-10-08T00:59:53.150+0000] {dagbag.py:538} INFO - Filling up the DagBag from /home/airflow/.local/lib/python3.7/site-packages/airflow/example_dags/example_branch_datetime_operator.py
[2025-10-08T00:59:53.159+0000] {processor.py:753} INFO - DAG(s) dict_keys(['example_branch_datetime_operator_3', 'example_branch_datetime_operator_2', 'example_branch_datetime_operator']) retrieved from /home/airflow/.local/lib/python3.7/site-packages/airflow/example_dags/example_branch_datetime_operator.py
[2025-10-08T00:59:53.177+0000] {logging_mixin.py:137} INFO - [2025-10-08T00:59:53.177+0000] {dag.py:2690} INFO - Sync 3 DAGs
[2025-10-08T00:59:53.192+0000] {logging_mixin.py:137} INFO - [2025-10-08T00:59:53.192+0000] {dag.py:3441} INFO - Setting next_dagrun for example_branch_datetime_operator to 2025-10-07T00:00:00+00:00, run_after=2025-10-08T00:00:00+00:00
[2025-10-08T00:59:53.194+0000] {logging_mixin.py:137} INFO - [2025-10-08T00:59:53.194+0000] {dag.py:3441} INFO - Setting next_dagrun for example_branch_datetime_operator_2 to 2025-10-07T00:00:00+00:00, run_after=2025-10-08T00:00:00+00:00
[2025-10-08T00:59:53.196+0000] {logging_mixin.py:137} INFO - [2025-10-08T00:59:53.196+0000] {dag.py:3441} INFO - Setting next_dagrun for example_branch_datetime_operator_3 to 2025-10-07T00:00:00+00:00, run_after=2025-10-08T00:00:00+00:00
[2025-10-08T00:59:53.206+0000] {processor.py:175} INFO - Processing /home/airflow/.local/lib/python3.7/site-packages/airflow/example_dags/example_branch_datetime_operator.py took 0.058 seconds
[2025-10-08T01:00:24.068+0000] {processor.py:153} INFO - Started process (PID=1182) to work on /home/airflow/.local/lib/python3.7/site-packages/airflow/example_dags/example_branch_datetime_operator.py
[2025-10-08T01:00:24.068+0000] {processor.py:743} INFO - Processing file /home/airflow/.local/lib/python3.7/site-packages/airflow/example_dags/example_branch_datetime_operator.py for tasks to queue
[2025-10-08T01:00:24.069+0000] {logging_mixin.py:137} INFO - [2025-10-08T01:00:24.069+0000] {dagbag.py:538} INFO - Filling up the DagBag from /home/airflow/.local/lib/python3.7/site-packages/airflow/example_dags/example_branch_datetime_operator.py
[2025-10-08T01:00:24.078+0000] {processor.py:753} INFO - DAG(s) dict_keys(['example_branch_datetime_operator', 'example_branch_datetime_operator_3', 'example_branch_datetime_operator_2']) retrieved from /home/airflow/.local/lib/python3.7/site-packages/airflow/example_dags/example_branch_datetime_operator.py
[2025-10-08T01:00:24.097+0000] {logging_mixin.py:137} INFO - [2025-10-08T01:00:24.097+0000] {dag.py:2690} INFO - Sync 3 DAGs
[2025-10-08T01:00:24.113+0000] {logging_mixin.py:137} INFO - [2025-10-08T01:00:24.113+0000] {dag.py:3441} INFO - Setting next_dagrun for example_branch_datetime_operator to 2025-10-07T00:00:00+00:00, run_after=2025-10-08T00:00:00+00:00
[2025-10-08T01:00:24.116+0000] {logging_mixin.py:137} INFO - [2025-10-08T01:00:24.116+0000] {dag.py:3441} INFO - Setting next_dagrun for example_branch_datetime_operator_2 to 2025-10-07T00:00:00+00:00, run_after=2025-10-08T00:00:00+00:00
[2025-10-08T01:00:24.118+0000] {logging_mixin.py:137} INFO - [2025-10-08T01:00:24.117+0000] {dag.py:3441} INFO - Setting next_dagrun for example_branch_datetime_operator_3 to 2025-10-07T00:00:00+00:00, run_after=2025-10-08T00:00:00+00:00
[2025-10-08T01:00:24.126+0000] {processor.py:175} INFO - Processing /home/airflow/.local/lib/python3.7/site-packages/airflow/example_dags/example_branch_datetime_operator.py took 0.061 seconds
[2025-10-08T01:00:54.959+0000] {processor.py:153} INFO - Started process (PID=1277) to work on /home/airflow/.local/lib/python3.7/site-packages/airflow/example_dags/example_branch_datetime_operator.py
[2025-10-08T01:00:54.960+0000] {processor.py:743} INFO - Processing file /home/airflow/.local/lib/python3.7/site-packages/airflow/example_dags/example_branch_datetime_operator.py for tasks to queue
[2025-10-08T01:00:54.960+0000] {logging_mixin.py:137} INFO - [2025-10-08T01:00:54.960+0000] {dagbag.py:538} INFO - Filling up the DagBag from /home/airflow/.local/lib/python3.7/site-packages/airflow/example_dags/example_branch_datetime_operator.py
[2025-10-08T01:00:54.969+0000] {processor.py:753} INFO - DAG(s) dict_keys(['example_branch_datetime_operator', 'example_branch_datetime_operator_2', 'example_branch_datetime_operator_3']) retrieved from /home/airflow/.local/lib/python3.7/site-packages/airflow/example_dags/example_branch_datetime_operator.py
[2025-10-08T01:00:54.986+0000] {logging_mixin.py:137} INFO - [2025-10-08T01:00:54.986+0000] {dag.py:2690} INFO - Sync 3 DAGs
[2025-10-08T01:00:55.000+0000] {logging_mixin.py:137} INFO - [2025-10-08T01:00:55.000+0000] {dag.py:3441} INFO - Setting next_dagrun for example_branch_datetime_operator to 2025-10-07T00:00:00+00:00, run_after=2025-10-08T00:00:00+00:00
[2025-10-08T01:00:55.003+0000] {logging_mixin.py:137} INFO - [2025-10-08T01:00:55.003+0000] {dag.py:3441} INFO - Setting next_dagrun for example_branch_datetime_operator_2 to 2025-10-07T00:00:00+00:00, run_after=2025-10-08T00:00:00+00:00
[2025-10-08T01:00:55.004+0000] {logging_mixin.py:137} INFO - [2025-10-08T01:00:55.004+0000] {dag.py:3441} INFO - Setting next_dagrun for example_branch_datetime_operator_3 to 2025-10-07T00:00:00+00:00, run_after=2025-10-08T00:00:00+00:00
[2025-10-08T01:00:55.016+0000] {processor.py:175} INFO - Processing /home/airflow/.local/lib/python3.7/site-packages/airflow/example_dags/example_branch_datetime_operator.py took 0.059 seconds
[2025-10-08T01:01:25.754+0000] {processor.py:153} INFO - Started process (PID=1372) to work on /home/airflow/.local/lib/python3.7/site-packages/airflow/example_dags/example_branch_datetime_operator.py
[2025-10-08T01:01:25.755+0000] {processor.py:743} INFO - Processing file /home/airflow/.local/lib/python3.7/site-packages/airflow/example_dags/example_branch_datetime_operator.py for tasks to queue
[2025-10-08T01:01:25.756+0000] {logging_mixin.py:137} INFO - [2025-10-08T01:01:25.756+0000] {dagbag.py:538} INFO - Filling up the DagBag from /home/airflow/.local/lib/python3.7/site-packages/airflow/example_dags/example_branch_datetime_operator.py
[2025-10-08T01:01:25.767+0000] {processor.py:753} INFO - DAG(s) dict_keys(['example_branch_datetime_operator_2', 'example_branch_datetime_operator_3', 'example_branch_datetime_operator']) retrieved from /home/airflow/.local/lib/python3.7/site-packages/airflow/example_dags/example_branch_datetime_operator.py
[2025-10-08T01:01:25.786+0000] {logging_mixin.py:137} INFO - [2025-10-08T01:01:25.786+0000] {dag.py:2690} INFO - Sync 3 DAGs
[2025-10-08T01:01:25.803+0000] {logging_mixin.py:137} INFO - [2025-10-08T01:01:25.803+0000] {dag.py:3441} INFO - Setting next_dagrun for example_branch_datetime_operator to 2025-10-07T00:00:00+00:00, run_after=2025-10-08T00:00:00+00:00
[2025-10-08T01:01:25.807+0000] {logging_mixin.py:137} INFO - [2025-10-08T01:01:25.807+0000] {dag.py:3441} INFO - Setting next_dagrun for example_branch_datetime_operator_2 to 2025-10-07T00:00:00+00:00, run_after=2025-10-08T00:00:00+00:00
[2025-10-08T01:01:25.808+0000] {logging_mixin.py:137} INFO - [2025-10-08T01:01:25.808+0000] {dag.py:3441} INFO - Setting next_dagrun for example_branch_datetime_operator_3 to 2025-10-07T00:00:00+00:00, run_after=2025-10-08T00:00:00+00:00
[2025-10-08T01:01:25.817+0000] {processor.py:175} INFO - Processing /home/airflow/.local/lib/python3.7/site-packages/airflow/example_dags/example_branch_datetime_operator.py took 0.065 seconds
