[2025-10-08T00:50:05.656+0000] {processor.py:153} INFO - Started process (PID=62) to work on /home/airflow/.local/lib/python3.7/site-packages/airflow/example_dags/example_complex.py
[2025-10-08T00:50:05.657+0000] {processor.py:743} INFO - Processing file /home/airflow/.local/lib/python3.7/site-packages/airflow/example_dags/example_complex.py for tasks to queue
[2025-10-08T00:50:05.659+0000] {logging_mixin.py:137} INFO - [2025-10-08T00:50:05.659+0000] {dagbag.py:538} INFO - Filling up the DagBag from /home/airflow/.local/lib/python3.7/site-packages/airflow/example_dags/example_complex.py
[2025-10-08T00:50:05.670+0000] {logging_mixin.py:137} INFO - [2025-10-08T00:50:05.670+0000] {taskmixin.py:205} WARNING - Dependency <Task(BashOperator): create_entry_group>, delete_entry_group already registered for DAG: example_complex
[2025-10-08T00:50:05.671+0000] {logging_mixin.py:137} INFO - [2025-10-08T00:50:05.671+0000] {taskmixin.py:205} WARNING - Dependency <Task(BashOperator): delete_entry_group>, create_entry_group already registered for DAG: example_complex
[2025-10-08T00:50:05.672+0000] {logging_mixin.py:137} INFO - [2025-10-08T00:50:05.672+0000] {taskmixin.py:205} WARNING - Dependency <Task(BashOperator): create_entry_gcs>, delete_entry already registered for DAG: example_complex
[2025-10-08T00:50:05.673+0000] {logging_mixin.py:137} INFO - [2025-10-08T00:50:05.673+0000] {taskmixin.py:205} WARNING - Dependency <Task(BashOperator): delete_entry>, create_entry_gcs already registered for DAG: example_complex
[2025-10-08T00:50:05.673+0000] {logging_mixin.py:137} INFO - [2025-10-08T00:50:05.673+0000] {taskmixin.py:205} WARNING - Dependency <Task(BashOperator): create_tag>, delete_tag already registered for DAG: example_complex
[2025-10-08T00:50:05.675+0000] {logging_mixin.py:137} INFO - [2025-10-08T00:50:05.674+0000] {taskmixin.py:205} WARNING - Dependency <Task(BashOperator): delete_tag>, create_tag already registered for DAG: example_complex
[2025-10-08T00:50:05.683+0000] {processor.py:753} INFO - DAG(s) dict_keys(['example_complex']) retrieved from /home/airflow/.local/lib/python3.7/site-packages/airflow/example_dags/example_complex.py
[2025-10-08T00:50:05.700+0000] {logging_mixin.py:137} INFO - [2025-10-08T00:50:05.700+0000] {dag.py:2690} INFO - Sync 1 DAGs
[2025-10-08T00:50:05.723+0000] {logging_mixin.py:137} INFO - [2025-10-08T00:50:05.723+0000] {dag.py:3441} INFO - Setting next_dagrun for example_complex to None, run_after=None
[2025-10-08T00:50:05.744+0000] {processor.py:175} INFO - Processing /home/airflow/.local/lib/python3.7/site-packages/airflow/example_dags/example_complex.py took 0.095 seconds
[2025-10-08T00:50:36.256+0000] {processor.py:153} INFO - Started process (PID=157) to work on /home/airflow/.local/lib/python3.7/site-packages/airflow/example_dags/example_complex.py
[2025-10-08T00:50:36.257+0000] {processor.py:743} INFO - Processing file /home/airflow/.local/lib/python3.7/site-packages/airflow/example_dags/example_complex.py for tasks to queue
[2025-10-08T00:50:36.259+0000] {logging_mixin.py:137} INFO - [2025-10-08T00:50:36.259+0000] {dagbag.py:538} INFO - Filling up the DagBag from /home/airflow/.local/lib/python3.7/site-packages/airflow/example_dags/example_complex.py
[2025-10-08T00:50:36.266+0000] {logging_mixin.py:137} INFO - [2025-10-08T00:50:36.265+0000] {taskmixin.py:205} WARNING - Dependency <Task(BashOperator): create_entry_group>, delete_entry_group already registered for DAG: example_complex
[2025-10-08T00:50:36.266+0000] {logging_mixin.py:137} INFO - [2025-10-08T00:50:36.266+0000] {taskmixin.py:205} WARNING - Dependency <Task(BashOperator): delete_entry_group>, create_entry_group already registered for DAG: example_complex
[2025-10-08T00:50:36.266+0000] {logging_mixin.py:137} INFO - [2025-10-08T00:50:36.266+0000] {taskmixin.py:205} WARNING - Dependency <Task(BashOperator): create_entry_gcs>, delete_entry already registered for DAG: example_complex
[2025-10-08T00:50:36.266+0000] {logging_mixin.py:137} INFO - [2025-10-08T00:50:36.266+0000] {taskmixin.py:205} WARNING - Dependency <Task(BashOperator): delete_entry>, create_entry_gcs already registered for DAG: example_complex
[2025-10-08T00:50:36.266+0000] {logging_mixin.py:137} INFO - [2025-10-08T00:50:36.266+0000] {taskmixin.py:205} WARNING - Dependency <Task(BashOperator): create_tag>, delete_tag already registered for DAG: example_complex
[2025-10-08T00:50:36.266+0000] {logging_mixin.py:137} INFO - [2025-10-08T00:50:36.266+0000] {taskmixin.py:205} WARNING - Dependency <Task(BashOperator): delete_tag>, create_tag already registered for DAG: example_complex
[2025-10-08T00:50:36.270+0000] {processor.py:753} INFO - DAG(s) dict_keys(['example_complex']) retrieved from /home/airflow/.local/lib/python3.7/site-packages/airflow/example_dags/example_complex.py
[2025-10-08T00:50:36.289+0000] {logging_mixin.py:137} INFO - [2025-10-08T00:50:36.289+0000] {dag.py:2690} INFO - Sync 1 DAGs
[2025-10-08T00:50:36.304+0000] {logging_mixin.py:137} INFO - [2025-10-08T00:50:36.304+0000] {dag.py:3441} INFO - Setting next_dagrun for example_complex to None, run_after=None
[2025-10-08T00:50:36.324+0000] {processor.py:175} INFO - Processing /home/airflow/.local/lib/python3.7/site-packages/airflow/example_dags/example_complex.py took 0.070 seconds
[2025-10-08T00:51:07.458+0000] {processor.py:153} INFO - Started process (PID=252) to work on /home/airflow/.local/lib/python3.7/site-packages/airflow/example_dags/example_complex.py
[2025-10-08T00:51:07.460+0000] {processor.py:743} INFO - Processing file /home/airflow/.local/lib/python3.7/site-packages/airflow/example_dags/example_complex.py for tasks to queue
[2025-10-08T00:51:07.460+0000] {logging_mixin.py:137} INFO - [2025-10-08T00:51:07.460+0000] {dagbag.py:538} INFO - Filling up the DagBag from /home/airflow/.local/lib/python3.7/site-packages/airflow/example_dags/example_complex.py
[2025-10-08T00:51:07.469+0000] {logging_mixin.py:137} INFO - [2025-10-08T00:51:07.469+0000] {taskmixin.py:205} WARNING - Dependency <Task(BashOperator): create_entry_group>, delete_entry_group already registered for DAG: example_complex
[2025-10-08T00:51:07.469+0000] {logging_mixin.py:137} INFO - [2025-10-08T00:51:07.469+0000] {taskmixin.py:205} WARNING - Dependency <Task(BashOperator): delete_entry_group>, create_entry_group already registered for DAG: example_complex
[2025-10-08T00:51:07.470+0000] {logging_mixin.py:137} INFO - [2025-10-08T00:51:07.470+0000] {taskmixin.py:205} WARNING - Dependency <Task(BashOperator): create_entry_gcs>, delete_entry already registered for DAG: example_complex
[2025-10-08T00:51:07.470+0000] {logging_mixin.py:137} INFO - [2025-10-08T00:51:07.470+0000] {taskmixin.py:205} WARNING - Dependency <Task(BashOperator): delete_entry>, create_entry_gcs already registered for DAG: example_complex
[2025-10-08T00:51:07.470+0000] {logging_mixin.py:137} INFO - [2025-10-08T00:51:07.470+0000] {taskmixin.py:205} WARNING - Dependency <Task(BashOperator): create_tag>, delete_tag already registered for DAG: example_complex
[2025-10-08T00:51:07.470+0000] {logging_mixin.py:137} INFO - [2025-10-08T00:51:07.470+0000] {taskmixin.py:205} WARNING - Dependency <Task(BashOperator): delete_tag>, create_tag already registered for DAG: example_complex
[2025-10-08T00:51:07.474+0000] {processor.py:753} INFO - DAG(s) dict_keys(['example_complex']) retrieved from /home/airflow/.local/lib/python3.7/site-packages/airflow/example_dags/example_complex.py
[2025-10-08T00:51:07.496+0000] {logging_mixin.py:137} INFO - [2025-10-08T00:51:07.496+0000] {dag.py:2690} INFO - Sync 1 DAGs
[2025-10-08T00:51:07.516+0000] {logging_mixin.py:137} INFO - [2025-10-08T00:51:07.516+0000] {dag.py:3441} INFO - Setting next_dagrun for example_complex to None, run_after=None
[2025-10-08T00:51:07.533+0000] {processor.py:175} INFO - Processing /home/airflow/.local/lib/python3.7/site-packages/airflow/example_dags/example_complex.py took 0.080 seconds
[2025-10-08T00:51:38.463+0000] {processor.py:153} INFO - Started process (PID=329) to work on /home/airflow/.local/lib/python3.7/site-packages/airflow/example_dags/example_complex.py
[2025-10-08T00:51:38.464+0000] {processor.py:743} INFO - Processing file /home/airflow/.local/lib/python3.7/site-packages/airflow/example_dags/example_complex.py for tasks to queue
[2025-10-08T00:51:38.464+0000] {logging_mixin.py:137} INFO - [2025-10-08T00:51:38.464+0000] {dagbag.py:538} INFO - Filling up the DagBag from /home/airflow/.local/lib/python3.7/site-packages/airflow/example_dags/example_complex.py
[2025-10-08T00:51:38.471+0000] {logging_mixin.py:137} INFO - [2025-10-08T00:51:38.471+0000] {taskmixin.py:205} WARNING - Dependency <Task(BashOperator): create_entry_group>, delete_entry_group already registered for DAG: example_complex
[2025-10-08T00:51:38.471+0000] {logging_mixin.py:137} INFO - [2025-10-08T00:51:38.471+0000] {taskmixin.py:205} WARNING - Dependency <Task(BashOperator): delete_entry_group>, create_entry_group already registered for DAG: example_complex
[2025-10-08T00:51:38.471+0000] {logging_mixin.py:137} INFO - [2025-10-08T00:51:38.471+0000] {taskmixin.py:205} WARNING - Dependency <Task(BashOperator): create_entry_gcs>, delete_entry already registered for DAG: example_complex
[2025-10-08T00:51:38.473+0000] {logging_mixin.py:137} INFO - [2025-10-08T00:51:38.472+0000] {taskmixin.py:205} WARNING - Dependency <Task(BashOperator): delete_entry>, create_entry_gcs already registered for DAG: example_complex
[2025-10-08T00:51:38.474+0000] {logging_mixin.py:137} INFO - [2025-10-08T00:51:38.474+0000] {taskmixin.py:205} WARNING - Dependency <Task(BashOperator): create_tag>, delete_tag already registered for DAG: example_complex
[2025-10-08T00:51:38.475+0000] {logging_mixin.py:137} INFO - [2025-10-08T00:51:38.475+0000] {taskmixin.py:205} WARNING - Dependency <Task(BashOperator): delete_tag>, create_tag already registered for DAG: example_complex
[2025-10-08T00:51:38.479+0000] {processor.py:753} INFO - DAG(s) dict_keys(['example_complex']) retrieved from /home/airflow/.local/lib/python3.7/site-packages/airflow/example_dags/example_complex.py
[2025-10-08T00:51:38.499+0000] {logging_mixin.py:137} INFO - [2025-10-08T00:51:38.499+0000] {dag.py:2690} INFO - Sync 1 DAGs
[2025-10-08T00:51:38.513+0000] {logging_mixin.py:137} INFO - [2025-10-08T00:51:38.513+0000] {dag.py:3441} INFO - Setting next_dagrun for example_complex to None, run_after=None
[2025-10-08T00:51:38.526+0000] {processor.py:175} INFO - Processing /home/airflow/.local/lib/python3.7/site-packages/airflow/example_dags/example_complex.py took 0.064 seconds
[2025-10-08T00:52:09.358+0000] {processor.py:153} INFO - Started process (PID=423) to work on /home/airflow/.local/lib/python3.7/site-packages/airflow/example_dags/example_complex.py
[2025-10-08T00:52:09.358+0000] {processor.py:743} INFO - Processing file /home/airflow/.local/lib/python3.7/site-packages/airflow/example_dags/example_complex.py for tasks to queue
[2025-10-08T00:52:09.359+0000] {logging_mixin.py:137} INFO - [2025-10-08T00:52:09.359+0000] {dagbag.py:538} INFO - Filling up the DagBag from /home/airflow/.local/lib/python3.7/site-packages/airflow/example_dags/example_complex.py
[2025-10-08T00:52:09.365+0000] {logging_mixin.py:137} INFO - [2025-10-08T00:52:09.365+0000] {taskmixin.py:205} WARNING - Dependency <Task(BashOperator): create_entry_group>, delete_entry_group already registered for DAG: example_complex
[2025-10-08T00:52:09.365+0000] {logging_mixin.py:137} INFO - [2025-10-08T00:52:09.365+0000] {taskmixin.py:205} WARNING - Dependency <Task(BashOperator): delete_entry_group>, create_entry_group already registered for DAG: example_complex
[2025-10-08T00:52:09.366+0000] {logging_mixin.py:137} INFO - [2025-10-08T00:52:09.366+0000] {taskmixin.py:205} WARNING - Dependency <Task(BashOperator): create_entry_gcs>, delete_entry already registered for DAG: example_complex
[2025-10-08T00:52:09.366+0000] {logging_mixin.py:137} INFO - [2025-10-08T00:52:09.366+0000] {taskmixin.py:205} WARNING - Dependency <Task(BashOperator): delete_entry>, create_entry_gcs already registered for DAG: example_complex
[2025-10-08T00:52:09.366+0000] {logging_mixin.py:137} INFO - [2025-10-08T00:52:09.366+0000] {taskmixin.py:205} WARNING - Dependency <Task(BashOperator): create_tag>, delete_tag already registered for DAG: example_complex
[2025-10-08T00:52:09.367+0000] {logging_mixin.py:137} INFO - [2025-10-08T00:52:09.367+0000] {taskmixin.py:205} WARNING - Dependency <Task(BashOperator): delete_tag>, create_tag already registered for DAG: example_complex
[2025-10-08T00:52:09.374+0000] {processor.py:753} INFO - DAG(s) dict_keys(['example_complex']) retrieved from /home/airflow/.local/lib/python3.7/site-packages/airflow/example_dags/example_complex.py
[2025-10-08T00:52:09.396+0000] {logging_mixin.py:137} INFO - [2025-10-08T00:52:09.396+0000] {dag.py:2690} INFO - Sync 1 DAGs
[2025-10-08T00:52:09.413+0000] {logging_mixin.py:137} INFO - [2025-10-08T00:52:09.413+0000] {dag.py:3441} INFO - Setting next_dagrun for example_complex to None, run_after=None
[2025-10-08T00:52:09.428+0000] {processor.py:175} INFO - Processing /home/airflow/.local/lib/python3.7/site-packages/airflow/example_dags/example_complex.py took 0.072 seconds
[2025-10-08T00:52:40.364+0000] {processor.py:153} INFO - Started process (PID=518) to work on /home/airflow/.local/lib/python3.7/site-packages/airflow/example_dags/example_complex.py
[2025-10-08T00:52:40.365+0000] {processor.py:743} INFO - Processing file /home/airflow/.local/lib/python3.7/site-packages/airflow/example_dags/example_complex.py for tasks to queue
[2025-10-08T00:52:40.365+0000] {logging_mixin.py:137} INFO - [2025-10-08T00:52:40.365+0000] {dagbag.py:538} INFO - Filling up the DagBag from /home/airflow/.local/lib/python3.7/site-packages/airflow/example_dags/example_complex.py
[2025-10-08T00:52:40.371+0000] {logging_mixin.py:137} INFO - [2025-10-08T00:52:40.371+0000] {taskmixin.py:205} WARNING - Dependency <Task(BashOperator): create_entry_group>, delete_entry_group already registered for DAG: example_complex
[2025-10-08T00:52:40.372+0000] {logging_mixin.py:137} INFO - [2025-10-08T00:52:40.372+0000] {taskmixin.py:205} WARNING - Dependency <Task(BashOperator): delete_entry_group>, create_entry_group already registered for DAG: example_complex
[2025-10-08T00:52:40.372+0000] {logging_mixin.py:137} INFO - [2025-10-08T00:52:40.372+0000] {taskmixin.py:205} WARNING - Dependency <Task(BashOperator): create_entry_gcs>, delete_entry already registered for DAG: example_complex
[2025-10-08T00:52:40.372+0000] {logging_mixin.py:137} INFO - [2025-10-08T00:52:40.372+0000] {taskmixin.py:205} WARNING - Dependency <Task(BashOperator): delete_entry>, create_entry_gcs already registered for DAG: example_complex
[2025-10-08T00:52:40.372+0000] {logging_mixin.py:137} INFO - [2025-10-08T00:52:40.372+0000] {taskmixin.py:205} WARNING - Dependency <Task(BashOperator): create_tag>, delete_tag already registered for DAG: example_complex
[2025-10-08T00:52:40.372+0000] {logging_mixin.py:137} INFO - [2025-10-08T00:52:40.372+0000] {taskmixin.py:205} WARNING - Dependency <Task(BashOperator): delete_tag>, create_tag already registered for DAG: example_complex
[2025-10-08T00:52:40.376+0000] {processor.py:753} INFO - DAG(s) dict_keys(['example_complex']) retrieved from /home/airflow/.local/lib/python3.7/site-packages/airflow/example_dags/example_complex.py
[2025-10-08T00:52:40.397+0000] {logging_mixin.py:137} INFO - [2025-10-08T00:52:40.397+0000] {dag.py:2690} INFO - Sync 1 DAGs
[2025-10-08T00:52:40.416+0000] {logging_mixin.py:137} INFO - [2025-10-08T00:52:40.416+0000] {dag.py:3441} INFO - Setting next_dagrun for example_complex to None, run_after=None
[2025-10-08T00:52:40.430+0000] {processor.py:175} INFO - Processing /home/airflow/.local/lib/python3.7/site-packages/airflow/example_dags/example_complex.py took 0.068 seconds
[2025-10-08T00:54:15.795+0000] {processor.py:153} INFO - Started process (PID=124) to work on /home/airflow/.local/lib/python3.7/site-packages/airflow/example_dags/example_complex.py
[2025-10-08T00:54:15.796+0000] {processor.py:743} INFO - Processing file /home/airflow/.local/lib/python3.7/site-packages/airflow/example_dags/example_complex.py for tasks to queue
[2025-10-08T00:54:15.797+0000] {logging_mixin.py:137} INFO - [2025-10-08T00:54:15.796+0000] {dagbag.py:538} INFO - Filling up the DagBag from /home/airflow/.local/lib/python3.7/site-packages/airflow/example_dags/example_complex.py
[2025-10-08T00:54:15.806+0000] {logging_mixin.py:137} INFO - [2025-10-08T00:54:15.806+0000] {taskmixin.py:205} WARNING - Dependency <Task(BashOperator): create_entry_group>, delete_entry_group already registered for DAG: example_complex
[2025-10-08T00:54:15.806+0000] {logging_mixin.py:137} INFO - [2025-10-08T00:54:15.806+0000] {taskmixin.py:205} WARNING - Dependency <Task(BashOperator): delete_entry_group>, create_entry_group already registered for DAG: example_complex
[2025-10-08T00:54:15.807+0000] {logging_mixin.py:137} INFO - [2025-10-08T00:54:15.806+0000] {taskmixin.py:205} WARNING - Dependency <Task(BashOperator): create_entry_gcs>, delete_entry already registered for DAG: example_complex
[2025-10-08T00:54:15.807+0000] {logging_mixin.py:137} INFO - [2025-10-08T00:54:15.807+0000] {taskmixin.py:205} WARNING - Dependency <Task(BashOperator): delete_entry>, create_entry_gcs already registered for DAG: example_complex
[2025-10-08T00:54:15.807+0000] {logging_mixin.py:137} INFO - [2025-10-08T00:54:15.807+0000] {taskmixin.py:205} WARNING - Dependency <Task(BashOperator): create_tag>, delete_tag already registered for DAG: example_complex
[2025-10-08T00:54:15.807+0000] {logging_mixin.py:137} INFO - [2025-10-08T00:54:15.807+0000] {taskmixin.py:205} WARNING - Dependency <Task(BashOperator): delete_tag>, create_tag already registered for DAG: example_complex
[2025-10-08T00:54:15.813+0000] {processor.py:753} INFO - DAG(s) dict_keys(['example_complex']) retrieved from /home/airflow/.local/lib/python3.7/site-packages/airflow/example_dags/example_complex.py
[2025-10-08T00:54:15.838+0000] {logging_mixin.py:137} INFO - [2025-10-08T00:54:15.838+0000] {dag.py:2690} INFO - Sync 1 DAGs
[2025-10-08T00:54:15.856+0000] {logging_mixin.py:137} INFO - [2025-10-08T00:54:15.856+0000] {dag.py:3441} INFO - Setting next_dagrun for example_complex to None, run_after=None
[2025-10-08T00:54:15.882+0000] {processor.py:175} INFO - Processing /home/airflow/.local/lib/python3.7/site-packages/airflow/example_dags/example_complex.py took 0.090 seconds
[2025-10-08T00:54:46.327+0000] {processor.py:153} INFO - Started process (PID=208) to work on /home/airflow/.local/lib/python3.7/site-packages/airflow/example_dags/example_complex.py
[2025-10-08T00:54:46.328+0000] {processor.py:743} INFO - Processing file /home/airflow/.local/lib/python3.7/site-packages/airflow/example_dags/example_complex.py for tasks to queue
[2025-10-08T00:54:46.329+0000] {logging_mixin.py:137} INFO - [2025-10-08T00:54:46.329+0000] {dagbag.py:538} INFO - Filling up the DagBag from /home/airflow/.local/lib/python3.7/site-packages/airflow/example_dags/example_complex.py
[2025-10-08T00:54:46.340+0000] {logging_mixin.py:137} INFO - [2025-10-08T00:54:46.340+0000] {taskmixin.py:205} WARNING - Dependency <Task(BashOperator): create_entry_group>, delete_entry_group already registered for DAG: example_complex
[2025-10-08T00:54:46.341+0000] {logging_mixin.py:137} INFO - [2025-10-08T00:54:46.341+0000] {taskmixin.py:205} WARNING - Dependency <Task(BashOperator): delete_entry_group>, create_entry_group already registered for DAG: example_complex
[2025-10-08T00:54:46.345+0000] {logging_mixin.py:137} INFO - [2025-10-08T00:54:46.344+0000] {taskmixin.py:205} WARNING - Dependency <Task(BashOperator): create_entry_gcs>, delete_entry already registered for DAG: example_complex
[2025-10-08T00:54:46.345+0000] {logging_mixin.py:137} INFO - [2025-10-08T00:54:46.345+0000] {taskmixin.py:205} WARNING - Dependency <Task(BashOperator): delete_entry>, create_entry_gcs already registered for DAG: example_complex
[2025-10-08T00:54:46.345+0000] {logging_mixin.py:137} INFO - [2025-10-08T00:54:46.345+0000] {taskmixin.py:205} WARNING - Dependency <Task(BashOperator): create_tag>, delete_tag already registered for DAG: example_complex
[2025-10-08T00:54:46.345+0000] {logging_mixin.py:137} INFO - [2025-10-08T00:54:46.345+0000] {taskmixin.py:205} WARNING - Dependency <Task(BashOperator): delete_tag>, create_tag already registered for DAG: example_complex
[2025-10-08T00:54:46.350+0000] {processor.py:753} INFO - DAG(s) dict_keys(['example_complex']) retrieved from /home/airflow/.local/lib/python3.7/site-packages/airflow/example_dags/example_complex.py
[2025-10-08T00:54:46.387+0000] {logging_mixin.py:137} INFO - [2025-10-08T00:54:46.387+0000] {dag.py:2690} INFO - Sync 1 DAGs
[2025-10-08T00:54:46.417+0000] {logging_mixin.py:137} INFO - [2025-10-08T00:54:46.417+0000] {dag.py:3441} INFO - Setting next_dagrun for example_complex to None, run_after=None
[2025-10-08T00:54:46.477+0000] {processor.py:175} INFO - Processing /home/airflow/.local/lib/python3.7/site-packages/airflow/example_dags/example_complex.py took 0.152 seconds
[2025-10-08T00:55:16.985+0000] {processor.py:153} INFO - Started process (PID=294) to work on /home/airflow/.local/lib/python3.7/site-packages/airflow/example_dags/example_complex.py
[2025-10-08T00:55:16.985+0000] {processor.py:743} INFO - Processing file /home/airflow/.local/lib/python3.7/site-packages/airflow/example_dags/example_complex.py for tasks to queue
[2025-10-08T00:55:16.986+0000] {logging_mixin.py:137} INFO - [2025-10-08T00:55:16.986+0000] {dagbag.py:538} INFO - Filling up the DagBag from /home/airflow/.local/lib/python3.7/site-packages/airflow/example_dags/example_complex.py
[2025-10-08T00:55:16.992+0000] {logging_mixin.py:137} INFO - [2025-10-08T00:55:16.992+0000] {taskmixin.py:205} WARNING - Dependency <Task(BashOperator): create_entry_group>, delete_entry_group already registered for DAG: example_complex
[2025-10-08T00:55:16.992+0000] {logging_mixin.py:137} INFO - [2025-10-08T00:55:16.992+0000] {taskmixin.py:205} WARNING - Dependency <Task(BashOperator): delete_entry_group>, create_entry_group already registered for DAG: example_complex
[2025-10-08T00:55:16.992+0000] {logging_mixin.py:137} INFO - [2025-10-08T00:55:16.992+0000] {taskmixin.py:205} WARNING - Dependency <Task(BashOperator): create_entry_gcs>, delete_entry already registered for DAG: example_complex
[2025-10-08T00:55:16.992+0000] {logging_mixin.py:137} INFO - [2025-10-08T00:55:16.992+0000] {taskmixin.py:205} WARNING - Dependency <Task(BashOperator): delete_entry>, create_entry_gcs already registered for DAG: example_complex
[2025-10-08T00:55:16.992+0000] {logging_mixin.py:137} INFO - [2025-10-08T00:55:16.992+0000] {taskmixin.py:205} WARNING - Dependency <Task(BashOperator): create_tag>, delete_tag already registered for DAG: example_complex
[2025-10-08T00:55:16.992+0000] {logging_mixin.py:137} INFO - [2025-10-08T00:55:16.992+0000] {taskmixin.py:205} WARNING - Dependency <Task(BashOperator): delete_tag>, create_tag already registered for DAG: example_complex
[2025-10-08T00:55:16.997+0000] {processor.py:753} INFO - DAG(s) dict_keys(['example_complex']) retrieved from /home/airflow/.local/lib/python3.7/site-packages/airflow/example_dags/example_complex.py
[2025-10-08T00:55:17.014+0000] {logging_mixin.py:137} INFO - [2025-10-08T00:55:17.013+0000] {dag.py:2690} INFO - Sync 1 DAGs
[2025-10-08T00:55:17.029+0000] {logging_mixin.py:137} INFO - [2025-10-08T00:55:17.029+0000] {dag.py:3441} INFO - Setting next_dagrun for example_complex to None, run_after=None
[2025-10-08T00:55:17.041+0000] {processor.py:175} INFO - Processing /home/airflow/.local/lib/python3.7/site-packages/airflow/example_dags/example_complex.py took 0.058 seconds
[2025-10-08T00:55:47.817+0000] {processor.py:153} INFO - Started process (PID=389) to work on /home/airflow/.local/lib/python3.7/site-packages/airflow/example_dags/example_complex.py
[2025-10-08T00:55:47.818+0000] {processor.py:743} INFO - Processing file /home/airflow/.local/lib/python3.7/site-packages/airflow/example_dags/example_complex.py for tasks to queue
[2025-10-08T00:55:47.818+0000] {logging_mixin.py:137} INFO - [2025-10-08T00:55:47.818+0000] {dagbag.py:538} INFO - Filling up the DagBag from /home/airflow/.local/lib/python3.7/site-packages/airflow/example_dags/example_complex.py
[2025-10-08T00:55:47.826+0000] {logging_mixin.py:137} INFO - [2025-10-08T00:55:47.826+0000] {taskmixin.py:205} WARNING - Dependency <Task(BashOperator): create_entry_group>, delete_entry_group already registered for DAG: example_complex
[2025-10-08T00:55:47.827+0000] {logging_mixin.py:137} INFO - [2025-10-08T00:55:47.827+0000] {taskmixin.py:205} WARNING - Dependency <Task(BashOperator): delete_entry_group>, create_entry_group already registered for DAG: example_complex
[2025-10-08T00:55:47.827+0000] {logging_mixin.py:137} INFO - [2025-10-08T00:55:47.827+0000] {taskmixin.py:205} WARNING - Dependency <Task(BashOperator): create_entry_gcs>, delete_entry already registered for DAG: example_complex
[2025-10-08T00:55:47.827+0000] {logging_mixin.py:137} INFO - [2025-10-08T00:55:47.827+0000] {taskmixin.py:205} WARNING - Dependency <Task(BashOperator): delete_entry>, create_entry_gcs already registered for DAG: example_complex
[2025-10-08T00:55:47.827+0000] {logging_mixin.py:137} INFO - [2025-10-08T00:55:47.827+0000] {taskmixin.py:205} WARNING - Dependency <Task(BashOperator): create_tag>, delete_tag already registered for DAG: example_complex
[2025-10-08T00:55:47.828+0000] {logging_mixin.py:137} INFO - [2025-10-08T00:55:47.827+0000] {taskmixin.py:205} WARNING - Dependency <Task(BashOperator): delete_tag>, create_tag already registered for DAG: example_complex
[2025-10-08T00:55:47.832+0000] {processor.py:753} INFO - DAG(s) dict_keys(['example_complex']) retrieved from /home/airflow/.local/lib/python3.7/site-packages/airflow/example_dags/example_complex.py
[2025-10-08T00:55:47.850+0000] {logging_mixin.py:137} INFO - [2025-10-08T00:55:47.850+0000] {dag.py:2690} INFO - Sync 1 DAGs
[2025-10-08T00:55:47.866+0000] {logging_mixin.py:137} INFO - [2025-10-08T00:55:47.866+0000] {dag.py:3441} INFO - Setting next_dagrun for example_complex to None, run_after=None
[2025-10-08T00:55:47.878+0000] {processor.py:175} INFO - Processing /home/airflow/.local/lib/python3.7/site-packages/airflow/example_dags/example_complex.py took 0.063 seconds
[2025-10-08T00:56:18.769+0000] {processor.py:153} INFO - Started process (PID=484) to work on /home/airflow/.local/lib/python3.7/site-packages/airflow/example_dags/example_complex.py
[2025-10-08T00:56:18.770+0000] {processor.py:743} INFO - Processing file /home/airflow/.local/lib/python3.7/site-packages/airflow/example_dags/example_complex.py for tasks to queue
[2025-10-08T00:56:18.771+0000] {logging_mixin.py:137} INFO - [2025-10-08T00:56:18.771+0000] {dagbag.py:538} INFO - Filling up the DagBag from /home/airflow/.local/lib/python3.7/site-packages/airflow/example_dags/example_complex.py
[2025-10-08T00:56:18.777+0000] {logging_mixin.py:137} INFO - [2025-10-08T00:56:18.777+0000] {taskmixin.py:205} WARNING - Dependency <Task(BashOperator): create_entry_group>, delete_entry_group already registered for DAG: example_complex
[2025-10-08T00:56:18.777+0000] {logging_mixin.py:137} INFO - [2025-10-08T00:56:18.777+0000] {taskmixin.py:205} WARNING - Dependency <Task(BashOperator): delete_entry_group>, create_entry_group already registered for DAG: example_complex
[2025-10-08T00:56:18.777+0000] {logging_mixin.py:137} INFO - [2025-10-08T00:56:18.777+0000] {taskmixin.py:205} WARNING - Dependency <Task(BashOperator): create_entry_gcs>, delete_entry already registered for DAG: example_complex
[2025-10-08T00:56:18.778+0000] {logging_mixin.py:137} INFO - [2025-10-08T00:56:18.778+0000] {taskmixin.py:205} WARNING - Dependency <Task(BashOperator): delete_entry>, create_entry_gcs already registered for DAG: example_complex
[2025-10-08T00:56:18.778+0000] {logging_mixin.py:137} INFO - [2025-10-08T00:56:18.778+0000] {taskmixin.py:205} WARNING - Dependency <Task(BashOperator): create_tag>, delete_tag already registered for DAG: example_complex
[2025-10-08T00:56:18.778+0000] {logging_mixin.py:137} INFO - [2025-10-08T00:56:18.778+0000] {taskmixin.py:205} WARNING - Dependency <Task(BashOperator): delete_tag>, create_tag already registered for DAG: example_complex
[2025-10-08T00:56:18.782+0000] {processor.py:753} INFO - DAG(s) dict_keys(['example_complex']) retrieved from /home/airflow/.local/lib/python3.7/site-packages/airflow/example_dags/example_complex.py
[2025-10-08T00:56:18.800+0000] {logging_mixin.py:137} INFO - [2025-10-08T00:56:18.800+0000] {dag.py:2690} INFO - Sync 1 DAGs
[2025-10-08T00:56:18.814+0000] {logging_mixin.py:137} INFO - [2025-10-08T00:56:18.814+0000] {dag.py:3441} INFO - Setting next_dagrun for example_complex to None, run_after=None
[2025-10-08T00:56:18.825+0000] {processor.py:175} INFO - Processing /home/airflow/.local/lib/python3.7/site-packages/airflow/example_dags/example_complex.py took 0.058 seconds
[2025-10-08T00:56:49.552+0000] {processor.py:153} INFO - Started process (PID=561) to work on /home/airflow/.local/lib/python3.7/site-packages/airflow/example_dags/example_complex.py
[2025-10-08T00:56:49.553+0000] {processor.py:743} INFO - Processing file /home/airflow/.local/lib/python3.7/site-packages/airflow/example_dags/example_complex.py for tasks to queue
[2025-10-08T00:56:49.553+0000] {logging_mixin.py:137} INFO - [2025-10-08T00:56:49.553+0000] {dagbag.py:538} INFO - Filling up the DagBag from /home/airflow/.local/lib/python3.7/site-packages/airflow/example_dags/example_complex.py
[2025-10-08T00:56:49.560+0000] {logging_mixin.py:137} INFO - [2025-10-08T00:56:49.560+0000] {taskmixin.py:205} WARNING - Dependency <Task(BashOperator): create_entry_group>, delete_entry_group already registered for DAG: example_complex
[2025-10-08T00:56:49.561+0000] {logging_mixin.py:137} INFO - [2025-10-08T00:56:49.560+0000] {taskmixin.py:205} WARNING - Dependency <Task(BashOperator): delete_entry_group>, create_entry_group already registered for DAG: example_complex
[2025-10-08T00:56:49.562+0000] {logging_mixin.py:137} INFO - [2025-10-08T00:56:49.562+0000] {taskmixin.py:205} WARNING - Dependency <Task(BashOperator): create_entry_gcs>, delete_entry already registered for DAG: example_complex
[2025-10-08T00:56:49.562+0000] {logging_mixin.py:137} INFO - [2025-10-08T00:56:49.562+0000] {taskmixin.py:205} WARNING - Dependency <Task(BashOperator): delete_entry>, create_entry_gcs already registered for DAG: example_complex
[2025-10-08T00:56:49.563+0000] {logging_mixin.py:137} INFO - [2025-10-08T00:56:49.563+0000] {taskmixin.py:205} WARNING - Dependency <Task(BashOperator): create_tag>, delete_tag already registered for DAG: example_complex
[2025-10-08T00:56:49.563+0000] {logging_mixin.py:137} INFO - [2025-10-08T00:56:49.563+0000] {taskmixin.py:205} WARNING - Dependency <Task(BashOperator): delete_tag>, create_tag already registered for DAG: example_complex
[2025-10-08T00:56:49.567+0000] {processor.py:753} INFO - DAG(s) dict_keys(['example_complex']) retrieved from /home/airflow/.local/lib/python3.7/site-packages/airflow/example_dags/example_complex.py
[2025-10-08T00:56:49.586+0000] {logging_mixin.py:137} INFO - [2025-10-08T00:56:49.586+0000] {dag.py:2690} INFO - Sync 1 DAGs
[2025-10-08T00:56:49.608+0000] {logging_mixin.py:137} INFO - [2025-10-08T00:56:49.608+0000] {dag.py:3441} INFO - Setting next_dagrun for example_complex to None, run_after=None
[2025-10-08T00:56:49.621+0000] {processor.py:175} INFO - Processing /home/airflow/.local/lib/python3.7/site-packages/airflow/example_dags/example_complex.py took 0.071 seconds
[2025-10-08T00:57:19.682+0000] {processor.py:153} INFO - Started process (PID=656) to work on /home/airflow/.local/lib/python3.7/site-packages/airflow/example_dags/example_complex.py
[2025-10-08T00:57:19.683+0000] {processor.py:743} INFO - Processing file /home/airflow/.local/lib/python3.7/site-packages/airflow/example_dags/example_complex.py for tasks to queue
[2025-10-08T00:57:19.683+0000] {logging_mixin.py:137} INFO - [2025-10-08T00:57:19.683+0000] {dagbag.py:538} INFO - Filling up the DagBag from /home/airflow/.local/lib/python3.7/site-packages/airflow/example_dags/example_complex.py
[2025-10-08T00:57:19.690+0000] {logging_mixin.py:137} INFO - [2025-10-08T00:57:19.690+0000] {taskmixin.py:205} WARNING - Dependency <Task(BashOperator): create_entry_group>, delete_entry_group already registered for DAG: example_complex
[2025-10-08T00:57:19.690+0000] {logging_mixin.py:137} INFO - [2025-10-08T00:57:19.690+0000] {taskmixin.py:205} WARNING - Dependency <Task(BashOperator): delete_entry_group>, create_entry_group already registered for DAG: example_complex
[2025-10-08T00:57:19.690+0000] {logging_mixin.py:137} INFO - [2025-10-08T00:57:19.690+0000] {taskmixin.py:205} WARNING - Dependency <Task(BashOperator): create_entry_gcs>, delete_entry already registered for DAG: example_complex
[2025-10-08T00:57:19.690+0000] {logging_mixin.py:137} INFO - [2025-10-08T00:57:19.690+0000] {taskmixin.py:205} WARNING - Dependency <Task(BashOperator): delete_entry>, create_entry_gcs already registered for DAG: example_complex
[2025-10-08T00:57:19.690+0000] {logging_mixin.py:137} INFO - [2025-10-08T00:57:19.690+0000] {taskmixin.py:205} WARNING - Dependency <Task(BashOperator): create_tag>, delete_tag already registered for DAG: example_complex
[2025-10-08T00:57:19.690+0000] {logging_mixin.py:137} INFO - [2025-10-08T00:57:19.690+0000] {taskmixin.py:205} WARNING - Dependency <Task(BashOperator): delete_tag>, create_tag already registered for DAG: example_complex
[2025-10-08T00:57:19.694+0000] {processor.py:753} INFO - DAG(s) dict_keys(['example_complex']) retrieved from /home/airflow/.local/lib/python3.7/site-packages/airflow/example_dags/example_complex.py
[2025-10-08T00:57:19.713+0000] {logging_mixin.py:137} INFO - [2025-10-08T00:57:19.713+0000] {dag.py:2690} INFO - Sync 1 DAGs
[2025-10-08T00:57:19.727+0000] {logging_mixin.py:137} INFO - [2025-10-08T00:57:19.727+0000] {dag.py:3441} INFO - Setting next_dagrun for example_complex to None, run_after=None
[2025-10-08T00:57:19.738+0000] {processor.py:175} INFO - Processing /home/airflow/.local/lib/python3.7/site-packages/airflow/example_dags/example_complex.py took 0.057 seconds
[2025-10-08T00:57:50.637+0000] {processor.py:153} INFO - Started process (PID=751) to work on /home/airflow/.local/lib/python3.7/site-packages/airflow/example_dags/example_complex.py
[2025-10-08T00:57:50.637+0000] {processor.py:743} INFO - Processing file /home/airflow/.local/lib/python3.7/site-packages/airflow/example_dags/example_complex.py for tasks to queue
[2025-10-08T00:57:50.638+0000] {logging_mixin.py:137} INFO - [2025-10-08T00:57:50.637+0000] {dagbag.py:538} INFO - Filling up the DagBag from /home/airflow/.local/lib/python3.7/site-packages/airflow/example_dags/example_complex.py
[2025-10-08T00:57:50.643+0000] {logging_mixin.py:137} INFO - [2025-10-08T00:57:50.643+0000] {taskmixin.py:205} WARNING - Dependency <Task(BashOperator): create_entry_group>, delete_entry_group already registered for DAG: example_complex
[2025-10-08T00:57:50.644+0000] {logging_mixin.py:137} INFO - [2025-10-08T00:57:50.643+0000] {taskmixin.py:205} WARNING - Dependency <Task(BashOperator): delete_entry_group>, create_entry_group already registered for DAG: example_complex
[2025-10-08T00:57:50.644+0000] {logging_mixin.py:137} INFO - [2025-10-08T00:57:50.644+0000] {taskmixin.py:205} WARNING - Dependency <Task(BashOperator): create_entry_gcs>, delete_entry already registered for DAG: example_complex
[2025-10-08T00:57:50.644+0000] {logging_mixin.py:137} INFO - [2025-10-08T00:57:50.644+0000] {taskmixin.py:205} WARNING - Dependency <Task(BashOperator): delete_entry>, create_entry_gcs already registered for DAG: example_complex
[2025-10-08T00:57:50.644+0000] {logging_mixin.py:137} INFO - [2025-10-08T00:57:50.644+0000] {taskmixin.py:205} WARNING - Dependency <Task(BashOperator): create_tag>, delete_tag already registered for DAG: example_complex
[2025-10-08T00:57:50.644+0000] {logging_mixin.py:137} INFO - [2025-10-08T00:57:50.644+0000] {taskmixin.py:205} WARNING - Dependency <Task(BashOperator): delete_tag>, create_tag already registered for DAG: example_complex
[2025-10-08T00:57:50.648+0000] {processor.py:753} INFO - DAG(s) dict_keys(['example_complex']) retrieved from /home/airflow/.local/lib/python3.7/site-packages/airflow/example_dags/example_complex.py
[2025-10-08T00:57:50.667+0000] {logging_mixin.py:137} INFO - [2025-10-08T00:57:50.667+0000] {dag.py:2690} INFO - Sync 1 DAGs
[2025-10-08T00:57:50.681+0000] {logging_mixin.py:137} INFO - [2025-10-08T00:57:50.681+0000] {dag.py:3441} INFO - Setting next_dagrun for example_complex to None, run_after=None
[2025-10-08T00:57:50.692+0000] {processor.py:175} INFO - Processing /home/airflow/.local/lib/python3.7/site-packages/airflow/example_dags/example_complex.py took 0.058 seconds
[2025-10-08T00:58:21.530+0000] {processor.py:153} INFO - Started process (PID=828) to work on /home/airflow/.local/lib/python3.7/site-packages/airflow/example_dags/example_complex.py
[2025-10-08T00:58:21.531+0000] {processor.py:743} INFO - Processing file /home/airflow/.local/lib/python3.7/site-packages/airflow/example_dags/example_complex.py for tasks to queue
[2025-10-08T00:58:21.532+0000] {logging_mixin.py:137} INFO - [2025-10-08T00:58:21.532+0000] {dagbag.py:538} INFO - Filling up the DagBag from /home/airflow/.local/lib/python3.7/site-packages/airflow/example_dags/example_complex.py
[2025-10-08T00:58:21.537+0000] {logging_mixin.py:137} INFO - [2025-10-08T00:58:21.537+0000] {taskmixin.py:205} WARNING - Dependency <Task(BashOperator): create_entry_group>, delete_entry_group already registered for DAG: example_complex
[2025-10-08T00:58:21.538+0000] {logging_mixin.py:137} INFO - [2025-10-08T00:58:21.537+0000] {taskmixin.py:205} WARNING - Dependency <Task(BashOperator): delete_entry_group>, create_entry_group already registered for DAG: example_complex
[2025-10-08T00:58:21.538+0000] {logging_mixin.py:137} INFO - [2025-10-08T00:58:21.538+0000] {taskmixin.py:205} WARNING - Dependency <Task(BashOperator): create_entry_gcs>, delete_entry already registered for DAG: example_complex
[2025-10-08T00:58:21.538+0000] {logging_mixin.py:137} INFO - [2025-10-08T00:58:21.538+0000] {taskmixin.py:205} WARNING - Dependency <Task(BashOperator): delete_entry>, create_entry_gcs already registered for DAG: example_complex
[2025-10-08T00:58:21.538+0000] {logging_mixin.py:137} INFO - [2025-10-08T00:58:21.538+0000] {taskmixin.py:205} WARNING - Dependency <Task(BashOperator): create_tag>, delete_tag already registered for DAG: example_complex
[2025-10-08T00:58:21.538+0000] {logging_mixin.py:137} INFO - [2025-10-08T00:58:21.538+0000] {taskmixin.py:205} WARNING - Dependency <Task(BashOperator): delete_tag>, create_tag already registered for DAG: example_complex
[2025-10-08T00:58:21.542+0000] {processor.py:753} INFO - DAG(s) dict_keys(['example_complex']) retrieved from /home/airflow/.local/lib/python3.7/site-packages/airflow/example_dags/example_complex.py
[2025-10-08T00:58:21.559+0000] {logging_mixin.py:137} INFO - [2025-10-08T00:58:21.559+0000] {dag.py:2690} INFO - Sync 1 DAGs
[2025-10-08T00:58:21.575+0000] {logging_mixin.py:137} INFO - [2025-10-08T00:58:21.575+0000] {dag.py:3441} INFO - Setting next_dagrun for example_complex to None, run_after=None
[2025-10-08T00:58:21.587+0000] {processor.py:175} INFO - Processing /home/airflow/.local/lib/python3.7/site-packages/airflow/example_dags/example_complex.py took 0.059 seconds
[2025-10-08T00:58:52.594+0000] {processor.py:153} INFO - Started process (PID=923) to work on /home/airflow/.local/lib/python3.7/site-packages/airflow/example_dags/example_complex.py
[2025-10-08T00:58:52.595+0000] {processor.py:743} INFO - Processing file /home/airflow/.local/lib/python3.7/site-packages/airflow/example_dags/example_complex.py for tasks to queue
[2025-10-08T00:58:52.596+0000] {logging_mixin.py:137} INFO - [2025-10-08T00:58:52.596+0000] {dagbag.py:538} INFO - Filling up the DagBag from /home/airflow/.local/lib/python3.7/site-packages/airflow/example_dags/example_complex.py
[2025-10-08T00:58:52.602+0000] {logging_mixin.py:137} INFO - [2025-10-08T00:58:52.602+0000] {taskmixin.py:205} WARNING - Dependency <Task(BashOperator): create_entry_group>, delete_entry_group already registered for DAG: example_complex
[2025-10-08T00:58:52.603+0000] {logging_mixin.py:137} INFO - [2025-10-08T00:58:52.603+0000] {taskmixin.py:205} WARNING - Dependency <Task(BashOperator): delete_entry_group>, create_entry_group already registered for DAG: example_complex
[2025-10-08T00:58:52.603+0000] {logging_mixin.py:137} INFO - [2025-10-08T00:58:52.603+0000] {taskmixin.py:205} WARNING - Dependency <Task(BashOperator): create_entry_gcs>, delete_entry already registered for DAG: example_complex
[2025-10-08T00:58:52.603+0000] {logging_mixin.py:137} INFO - [2025-10-08T00:58:52.603+0000] {taskmixin.py:205} WARNING - Dependency <Task(BashOperator): delete_entry>, create_entry_gcs already registered for DAG: example_complex
[2025-10-08T00:58:52.603+0000] {logging_mixin.py:137} INFO - [2025-10-08T00:58:52.603+0000] {taskmixin.py:205} WARNING - Dependency <Task(BashOperator): create_tag>, delete_tag already registered for DAG: example_complex
[2025-10-08T00:58:52.603+0000] {logging_mixin.py:137} INFO - [2025-10-08T00:58:52.603+0000] {taskmixin.py:205} WARNING - Dependency <Task(BashOperator): delete_tag>, create_tag already registered for DAG: example_complex
[2025-10-08T00:58:52.608+0000] {processor.py:753} INFO - DAG(s) dict_keys(['example_complex']) retrieved from /home/airflow/.local/lib/python3.7/site-packages/airflow/example_dags/example_complex.py
[2025-10-08T00:58:52.625+0000] {logging_mixin.py:137} INFO - [2025-10-08T00:58:52.625+0000] {dag.py:2690} INFO - Sync 1 DAGs
[2025-10-08T00:58:52.639+0000] {logging_mixin.py:137} INFO - [2025-10-08T00:58:52.639+0000] {dag.py:3441} INFO - Setting next_dagrun for example_complex to None, run_after=None
[2025-10-08T00:58:52.651+0000] {processor.py:175} INFO - Processing /home/airflow/.local/lib/python3.7/site-packages/airflow/example_dags/example_complex.py took 0.059 seconds
[2025-10-08T00:59:22.700+0000] {processor.py:153} INFO - Started process (PID=1018) to work on /home/airflow/.local/lib/python3.7/site-packages/airflow/example_dags/example_complex.py
[2025-10-08T00:59:22.701+0000] {processor.py:743} INFO - Processing file /home/airflow/.local/lib/python3.7/site-packages/airflow/example_dags/example_complex.py for tasks to queue
[2025-10-08T00:59:22.702+0000] {logging_mixin.py:137} INFO - [2025-10-08T00:59:22.702+0000] {dagbag.py:538} INFO - Filling up the DagBag from /home/airflow/.local/lib/python3.7/site-packages/airflow/example_dags/example_complex.py
[2025-10-08T00:59:22.710+0000] {logging_mixin.py:137} INFO - [2025-10-08T00:59:22.710+0000] {taskmixin.py:205} WARNING - Dependency <Task(BashOperator): create_entry_group>, delete_entry_group already registered for DAG: example_complex
[2025-10-08T00:59:22.711+0000] {logging_mixin.py:137} INFO - [2025-10-08T00:59:22.711+0000] {taskmixin.py:205} WARNING - Dependency <Task(BashOperator): delete_entry_group>, create_entry_group already registered for DAG: example_complex
[2025-10-08T00:59:22.711+0000] {logging_mixin.py:137} INFO - [2025-10-08T00:59:22.711+0000] {taskmixin.py:205} WARNING - Dependency <Task(BashOperator): create_entry_gcs>, delete_entry already registered for DAG: example_complex
[2025-10-08T00:59:22.711+0000] {logging_mixin.py:137} INFO - [2025-10-08T00:59:22.711+0000] {taskmixin.py:205} WARNING - Dependency <Task(BashOperator): delete_entry>, create_entry_gcs already registered for DAG: example_complex
[2025-10-08T00:59:22.712+0000] {logging_mixin.py:137} INFO - [2025-10-08T00:59:22.712+0000] {taskmixin.py:205} WARNING - Dependency <Task(BashOperator): create_tag>, delete_tag already registered for DAG: example_complex
[2025-10-08T00:59:22.712+0000] {logging_mixin.py:137} INFO - [2025-10-08T00:59:22.712+0000] {taskmixin.py:205} WARNING - Dependency <Task(BashOperator): delete_tag>, create_tag already registered for DAG: example_complex
[2025-10-08T00:59:22.716+0000] {processor.py:753} INFO - DAG(s) dict_keys(['example_complex']) retrieved from /home/airflow/.local/lib/python3.7/site-packages/airflow/example_dags/example_complex.py
[2025-10-08T00:59:22.735+0000] {logging_mixin.py:137} INFO - [2025-10-08T00:59:22.735+0000] {dag.py:2690} INFO - Sync 1 DAGs
[2025-10-08T00:59:22.749+0000] {logging_mixin.py:137} INFO - [2025-10-08T00:59:22.749+0000] {dag.py:3441} INFO - Setting next_dagrun for example_complex to None, run_after=None
[2025-10-08T00:59:22.761+0000] {processor.py:175} INFO - Processing /home/airflow/.local/lib/python3.7/site-packages/airflow/example_dags/example_complex.py took 0.062 seconds
[2025-10-08T00:59:53.551+0000] {processor.py:153} INFO - Started process (PID=1113) to work on /home/airflow/.local/lib/python3.7/site-packages/airflow/example_dags/example_complex.py
[2025-10-08T00:59:53.552+0000] {processor.py:743} INFO - Processing file /home/airflow/.local/lib/python3.7/site-packages/airflow/example_dags/example_complex.py for tasks to queue
[2025-10-08T00:59:53.553+0000] {logging_mixin.py:137} INFO - [2025-10-08T00:59:53.553+0000] {dagbag.py:538} INFO - Filling up the DagBag from /home/airflow/.local/lib/python3.7/site-packages/airflow/example_dags/example_complex.py
[2025-10-08T00:59:53.560+0000] {logging_mixin.py:137} INFO - [2025-10-08T00:59:53.560+0000] {taskmixin.py:205} WARNING - Dependency <Task(BashOperator): create_entry_group>, delete_entry_group already registered for DAG: example_complex
[2025-10-08T00:59:53.560+0000] {logging_mixin.py:137} INFO - [2025-10-08T00:59:53.560+0000] {taskmixin.py:205} WARNING - Dependency <Task(BashOperator): delete_entry_group>, create_entry_group already registered for DAG: example_complex
[2025-10-08T00:59:53.560+0000] {logging_mixin.py:137} INFO - [2025-10-08T00:59:53.560+0000] {taskmixin.py:205} WARNING - Dependency <Task(BashOperator): create_entry_gcs>, delete_entry already registered for DAG: example_complex
[2025-10-08T00:59:53.560+0000] {logging_mixin.py:137} INFO - [2025-10-08T00:59:53.560+0000] {taskmixin.py:205} WARNING - Dependency <Task(BashOperator): delete_entry>, create_entry_gcs already registered for DAG: example_complex
[2025-10-08T00:59:53.561+0000] {logging_mixin.py:137} INFO - [2025-10-08T00:59:53.561+0000] {taskmixin.py:205} WARNING - Dependency <Task(BashOperator): create_tag>, delete_tag already registered for DAG: example_complex
[2025-10-08T00:59:53.561+0000] {logging_mixin.py:137} INFO - [2025-10-08T00:59:53.561+0000] {taskmixin.py:205} WARNING - Dependency <Task(BashOperator): delete_tag>, create_tag already registered for DAG: example_complex
[2025-10-08T00:59:53.566+0000] {processor.py:753} INFO - DAG(s) dict_keys(['example_complex']) retrieved from /home/airflow/.local/lib/python3.7/site-packages/airflow/example_dags/example_complex.py
[2025-10-08T00:59:53.588+0000] {logging_mixin.py:137} INFO - [2025-10-08T00:59:53.588+0000] {dag.py:2690} INFO - Sync 1 DAGs
[2025-10-08T00:59:53.603+0000] {logging_mixin.py:137} INFO - [2025-10-08T00:59:53.603+0000] {dag.py:3441} INFO - Setting next_dagrun for example_complex to None, run_after=None
[2025-10-08T00:59:53.615+0000] {processor.py:175} INFO - Processing /home/airflow/.local/lib/python3.7/site-packages/airflow/example_dags/example_complex.py took 0.066 seconds
[2025-10-08T01:00:24.353+0000] {processor.py:153} INFO - Started process (PID=1190) to work on /home/airflow/.local/lib/python3.7/site-packages/airflow/example_dags/example_complex.py
[2025-10-08T01:00:24.354+0000] {processor.py:743} INFO - Processing file /home/airflow/.local/lib/python3.7/site-packages/airflow/example_dags/example_complex.py for tasks to queue
[2025-10-08T01:00:24.356+0000] {logging_mixin.py:137} INFO - [2025-10-08T01:00:24.356+0000] {dagbag.py:538} INFO - Filling up the DagBag from /home/airflow/.local/lib/python3.7/site-packages/airflow/example_dags/example_complex.py
[2025-10-08T01:00:24.362+0000] {logging_mixin.py:137} INFO - [2025-10-08T01:00:24.362+0000] {taskmixin.py:205} WARNING - Dependency <Task(BashOperator): create_entry_group>, delete_entry_group already registered for DAG: example_complex
[2025-10-08T01:00:24.362+0000] {logging_mixin.py:137} INFO - [2025-10-08T01:00:24.362+0000] {taskmixin.py:205} WARNING - Dependency <Task(BashOperator): delete_entry_group>, create_entry_group already registered for DAG: example_complex
[2025-10-08T01:00:24.363+0000] {logging_mixin.py:137} INFO - [2025-10-08T01:00:24.363+0000] {taskmixin.py:205} WARNING - Dependency <Task(BashOperator): create_entry_gcs>, delete_entry already registered for DAG: example_complex
[2025-10-08T01:00:24.363+0000] {logging_mixin.py:137} INFO - [2025-10-08T01:00:24.363+0000] {taskmixin.py:205} WARNING - Dependency <Task(BashOperator): delete_entry>, create_entry_gcs already registered for DAG: example_complex
[2025-10-08T01:00:24.363+0000] {logging_mixin.py:137} INFO - [2025-10-08T01:00:24.363+0000] {taskmixin.py:205} WARNING - Dependency <Task(BashOperator): create_tag>, delete_tag already registered for DAG: example_complex
[2025-10-08T01:00:24.363+0000] {logging_mixin.py:137} INFO - [2025-10-08T01:00:24.363+0000] {taskmixin.py:205} WARNING - Dependency <Task(BashOperator): delete_tag>, create_tag already registered for DAG: example_complex
[2025-10-08T01:00:24.367+0000] {processor.py:753} INFO - DAG(s) dict_keys(['example_complex']) retrieved from /home/airflow/.local/lib/python3.7/site-packages/airflow/example_dags/example_complex.py
[2025-10-08T01:00:24.384+0000] {logging_mixin.py:137} INFO - [2025-10-08T01:00:24.384+0000] {dag.py:2690} INFO - Sync 1 DAGs
[2025-10-08T01:00:24.396+0000] {logging_mixin.py:137} INFO - [2025-10-08T01:00:24.396+0000] {dag.py:3441} INFO - Setting next_dagrun for example_complex to None, run_after=None
[2025-10-08T01:00:24.407+0000] {processor.py:175} INFO - Processing /home/airflow/.local/lib/python3.7/site-packages/airflow/example_dags/example_complex.py took 0.055 seconds
[2025-10-08T01:00:55.268+0000] {processor.py:153} INFO - Started process (PID=1285) to work on /home/airflow/.local/lib/python3.7/site-packages/airflow/example_dags/example_complex.py
[2025-10-08T01:00:55.268+0000] {processor.py:743} INFO - Processing file /home/airflow/.local/lib/python3.7/site-packages/airflow/example_dags/example_complex.py for tasks to queue
[2025-10-08T01:00:55.268+0000] {logging_mixin.py:137} INFO - [2025-10-08T01:00:55.268+0000] {dagbag.py:538} INFO - Filling up the DagBag from /home/airflow/.local/lib/python3.7/site-packages/airflow/example_dags/example_complex.py
[2025-10-08T01:00:55.275+0000] {logging_mixin.py:137} INFO - [2025-10-08T01:00:55.275+0000] {taskmixin.py:205} WARNING - Dependency <Task(BashOperator): create_entry_group>, delete_entry_group already registered for DAG: example_complex
[2025-10-08T01:00:55.275+0000] {logging_mixin.py:137} INFO - [2025-10-08T01:00:55.275+0000] {taskmixin.py:205} WARNING - Dependency <Task(BashOperator): delete_entry_group>, create_entry_group already registered for DAG: example_complex
[2025-10-08T01:00:55.276+0000] {logging_mixin.py:137} INFO - [2025-10-08T01:00:55.276+0000] {taskmixin.py:205} WARNING - Dependency <Task(BashOperator): create_entry_gcs>, delete_entry already registered for DAG: example_complex
[2025-10-08T01:00:55.276+0000] {logging_mixin.py:137} INFO - [2025-10-08T01:00:55.276+0000] {taskmixin.py:205} WARNING - Dependency <Task(BashOperator): delete_entry>, create_entry_gcs already registered for DAG: example_complex
[2025-10-08T01:00:55.276+0000] {logging_mixin.py:137} INFO - [2025-10-08T01:00:55.276+0000] {taskmixin.py:205} WARNING - Dependency <Task(BashOperator): create_tag>, delete_tag already registered for DAG: example_complex
[2025-10-08T01:00:55.276+0000] {logging_mixin.py:137} INFO - [2025-10-08T01:00:55.276+0000] {taskmixin.py:205} WARNING - Dependency <Task(BashOperator): delete_tag>, create_tag already registered for DAG: example_complex
[2025-10-08T01:00:55.280+0000] {processor.py:753} INFO - DAG(s) dict_keys(['example_complex']) retrieved from /home/airflow/.local/lib/python3.7/site-packages/airflow/example_dags/example_complex.py
[2025-10-08T01:00:55.298+0000] {logging_mixin.py:137} INFO - [2025-10-08T01:00:55.297+0000] {dag.py:2690} INFO - Sync 1 DAGs
[2025-10-08T01:00:55.311+0000] {logging_mixin.py:137} INFO - [2025-10-08T01:00:55.311+0000] {dag.py:3441} INFO - Setting next_dagrun for example_complex to None, run_after=None
[2025-10-08T01:00:55.322+0000] {processor.py:175} INFO - Processing /home/airflow/.local/lib/python3.7/site-packages/airflow/example_dags/example_complex.py took 0.057 seconds
[2025-10-08T01:01:26.045+0000] {processor.py:153} INFO - Started process (PID=1380) to work on /home/airflow/.local/lib/python3.7/site-packages/airflow/example_dags/example_complex.py
[2025-10-08T01:01:26.048+0000] {processor.py:743} INFO - Processing file /home/airflow/.local/lib/python3.7/site-packages/airflow/example_dags/example_complex.py for tasks to queue
[2025-10-08T01:01:26.048+0000] {logging_mixin.py:137} INFO - [2025-10-08T01:01:26.048+0000] {dagbag.py:538} INFO - Filling up the DagBag from /home/airflow/.local/lib/python3.7/site-packages/airflow/example_dags/example_complex.py
[2025-10-08T01:01:26.055+0000] {logging_mixin.py:137} INFO - [2025-10-08T01:01:26.054+0000] {taskmixin.py:205} WARNING - Dependency <Task(BashOperator): create_entry_group>, delete_entry_group already registered for DAG: example_complex
[2025-10-08T01:01:26.055+0000] {logging_mixin.py:137} INFO - [2025-10-08T01:01:26.055+0000] {taskmixin.py:205} WARNING - Dependency <Task(BashOperator): delete_entry_group>, create_entry_group already registered for DAG: example_complex
[2025-10-08T01:01:26.055+0000] {logging_mixin.py:137} INFO - [2025-10-08T01:01:26.055+0000] {taskmixin.py:205} WARNING - Dependency <Task(BashOperator): create_entry_gcs>, delete_entry already registered for DAG: example_complex
[2025-10-08T01:01:26.055+0000] {logging_mixin.py:137} INFO - [2025-10-08T01:01:26.055+0000] {taskmixin.py:205} WARNING - Dependency <Task(BashOperator): delete_entry>, create_entry_gcs already registered for DAG: example_complex
[2025-10-08T01:01:26.055+0000] {logging_mixin.py:137} INFO - [2025-10-08T01:01:26.055+0000] {taskmixin.py:205} WARNING - Dependency <Task(BashOperator): create_tag>, delete_tag already registered for DAG: example_complex
[2025-10-08T01:01:26.055+0000] {logging_mixin.py:137} INFO - [2025-10-08T01:01:26.055+0000] {taskmixin.py:205} WARNING - Dependency <Task(BashOperator): delete_tag>, create_tag already registered for DAG: example_complex
[2025-10-08T01:01:26.059+0000] {processor.py:753} INFO - DAG(s) dict_keys(['example_complex']) retrieved from /home/airflow/.local/lib/python3.7/site-packages/airflow/example_dags/example_complex.py
[2025-10-08T01:01:26.077+0000] {logging_mixin.py:137} INFO - [2025-10-08T01:01:26.077+0000] {dag.py:2690} INFO - Sync 1 DAGs
[2025-10-08T01:01:26.091+0000] {logging_mixin.py:137} INFO - [2025-10-08T01:01:26.091+0000] {dag.py:3441} INFO - Setting next_dagrun for example_complex to None, run_after=None
[2025-10-08T01:01:26.101+0000] {processor.py:175} INFO - Processing /home/airflow/.local/lib/python3.7/site-packages/airflow/example_dags/example_complex.py took 0.058 seconds
