[2025-10-08T00:50:05.317+0000] {processor.py:153} INFO - Started process (PID=56) to work on /home/airflow/.local/lib/python3.7/site-packages/airflow/example_dags/example_dag_decorator.py
[2025-10-08T00:50:05.318+0000] {processor.py:743} INFO - Processing file /home/airflow/.local/lib/python3.7/site-packages/airflow/example_dags/example_dag_decorator.py for tasks to queue
[2025-10-08T00:50:05.318+0000] {logging_mixin.py:137} INFO - [2025-10-08T00:50:05.318+0000] {dagbag.py:538} INFO - Filling up the DagBag from /home/airflow/.local/lib/python3.7/site-packages/airflow/example_dags/example_dag_decorator.py
[2025-10-08T00:50:05.329+0000] {logging_mixin.py:137} INFO - [2025-10-08T00:50:05.329+0000] {taskmixin.py:205} WARNING - Dependency <Task(_PythonDecoratedOperator): prepare_email>, send_email already registered for DAG: example_dag_decorator
[2025-10-08T00:50:05.329+0000] {logging_mixin.py:137} INFO - [2025-10-08T00:50:05.329+0000] {taskmixin.py:205} WARNING - Dependency <Task(EmailOperator): send_email>, prepare_email already registered for DAG: example_dag_decorator
[2025-10-08T00:50:05.342+0000] {processor.py:753} INFO - DAG(s) dict_keys(['example_dag_decorator']) retrieved from /home/airflow/.local/lib/python3.7/site-packages/airflow/example_dags/example_dag_decorator.py
[2025-10-08T00:50:05.359+0000] {logging_mixin.py:137} INFO - [2025-10-08T00:50:05.359+0000] {dag.py:2690} INFO - Sync 1 DAGs
[2025-10-08T00:50:05.378+0000] {logging_mixin.py:137} INFO - [2025-10-08T00:50:05.378+0000] {dag.py:3441} INFO - Setting next_dagrun for example_dag_decorator to None, run_after=None
[2025-10-08T00:50:05.407+0000] {processor.py:175} INFO - Processing /home/airflow/.local/lib/python3.7/site-packages/airflow/example_dags/example_dag_decorator.py took 0.093 seconds
[2025-10-08T00:50:36.024+0000] {processor.py:153} INFO - Started process (PID=151) to work on /home/airflow/.local/lib/python3.7/site-packages/airflow/example_dags/example_dag_decorator.py
[2025-10-08T00:50:36.024+0000] {processor.py:743} INFO - Processing file /home/airflow/.local/lib/python3.7/site-packages/airflow/example_dags/example_dag_decorator.py for tasks to queue
[2025-10-08T00:50:36.025+0000] {logging_mixin.py:137} INFO - [2025-10-08T00:50:36.025+0000] {dagbag.py:538} INFO - Filling up the DagBag from /home/airflow/.local/lib/python3.7/site-packages/airflow/example_dags/example_dag_decorator.py
[2025-10-08T00:50:36.036+0000] {logging_mixin.py:137} INFO - [2025-10-08T00:50:36.036+0000] {taskmixin.py:205} WARNING - Dependency <Task(_PythonDecoratedOperator): prepare_email>, send_email already registered for DAG: example_dag_decorator
[2025-10-08T00:50:36.036+0000] {logging_mixin.py:137} INFO - [2025-10-08T00:50:36.036+0000] {taskmixin.py:205} WARNING - Dependency <Task(EmailOperator): send_email>, prepare_email already registered for DAG: example_dag_decorator
[2025-10-08T00:50:36.044+0000] {processor.py:753} INFO - DAG(s) dict_keys(['example_dag_decorator']) retrieved from /home/airflow/.local/lib/python3.7/site-packages/airflow/example_dags/example_dag_decorator.py
[2025-10-08T00:50:36.081+0000] {logging_mixin.py:137} INFO - [2025-10-08T00:50:36.081+0000] {dag.py:2690} INFO - Sync 1 DAGs
[2025-10-08T00:50:36.094+0000] {logging_mixin.py:137} INFO - [2025-10-08T00:50:36.094+0000] {dag.py:3441} INFO - Setting next_dagrun for example_dag_decorator to None, run_after=None
[2025-10-08T00:50:36.107+0000] {processor.py:175} INFO - Processing /home/airflow/.local/lib/python3.7/site-packages/airflow/example_dags/example_dag_decorator.py took 0.085 seconds
[2025-10-08T00:51:07.064+0000] {processor.py:153} INFO - Started process (PID=246) to work on /home/airflow/.local/lib/python3.7/site-packages/airflow/example_dags/example_dag_decorator.py
[2025-10-08T00:51:07.067+0000] {processor.py:743} INFO - Processing file /home/airflow/.local/lib/python3.7/site-packages/airflow/example_dags/example_dag_decorator.py for tasks to queue
[2025-10-08T00:51:07.070+0000] {logging_mixin.py:137} INFO - [2025-10-08T00:51:07.070+0000] {dagbag.py:538} INFO - Filling up the DagBag from /home/airflow/.local/lib/python3.7/site-packages/airflow/example_dags/example_dag_decorator.py
[2025-10-08T00:51:07.081+0000] {logging_mixin.py:137} INFO - [2025-10-08T00:51:07.081+0000] {taskmixin.py:205} WARNING - Dependency <Task(_PythonDecoratedOperator): prepare_email>, send_email already registered for DAG: example_dag_decorator
[2025-10-08T00:51:07.082+0000] {logging_mixin.py:137} INFO - [2025-10-08T00:51:07.082+0000] {taskmixin.py:205} WARNING - Dependency <Task(EmailOperator): send_email>, prepare_email already registered for DAG: example_dag_decorator
[2025-10-08T00:51:07.092+0000] {processor.py:753} INFO - DAG(s) dict_keys(['example_dag_decorator']) retrieved from /home/airflow/.local/lib/python3.7/site-packages/airflow/example_dags/example_dag_decorator.py
[2025-10-08T00:51:07.138+0000] {logging_mixin.py:137} INFO - [2025-10-08T00:51:07.138+0000] {dag.py:2690} INFO - Sync 1 DAGs
[2025-10-08T00:51:07.160+0000] {logging_mixin.py:137} INFO - [2025-10-08T00:51:07.159+0000] {dag.py:3441} INFO - Setting next_dagrun for example_dag_decorator to None, run_after=None
[2025-10-08T00:51:07.181+0000] {processor.py:175} INFO - Processing /home/airflow/.local/lib/python3.7/site-packages/airflow/example_dags/example_dag_decorator.py took 0.119 seconds
[2025-10-08T00:51:38.167+0000] {processor.py:153} INFO - Started process (PID=323) to work on /home/airflow/.local/lib/python3.7/site-packages/airflow/example_dags/example_dag_decorator.py
[2025-10-08T00:51:38.168+0000] {processor.py:743} INFO - Processing file /home/airflow/.local/lib/python3.7/site-packages/airflow/example_dags/example_dag_decorator.py for tasks to queue
[2025-10-08T00:51:38.168+0000] {logging_mixin.py:137} INFO - [2025-10-08T00:51:38.168+0000] {dagbag.py:538} INFO - Filling up the DagBag from /home/airflow/.local/lib/python3.7/site-packages/airflow/example_dags/example_dag_decorator.py
[2025-10-08T00:51:38.179+0000] {logging_mixin.py:137} INFO - [2025-10-08T00:51:38.179+0000] {taskmixin.py:205} WARNING - Dependency <Task(_PythonDecoratedOperator): prepare_email>, send_email already registered for DAG: example_dag_decorator
[2025-10-08T00:51:38.179+0000] {logging_mixin.py:137} INFO - [2025-10-08T00:51:38.179+0000] {taskmixin.py:205} WARNING - Dependency <Task(EmailOperator): send_email>, prepare_email already registered for DAG: example_dag_decorator
[2025-10-08T00:51:38.186+0000] {processor.py:753} INFO - DAG(s) dict_keys(['example_dag_decorator']) retrieved from /home/airflow/.local/lib/python3.7/site-packages/airflow/example_dags/example_dag_decorator.py
[2025-10-08T00:51:38.224+0000] {logging_mixin.py:137} INFO - [2025-10-08T00:51:38.224+0000] {dag.py:2690} INFO - Sync 1 DAGs
[2025-10-08T00:51:38.238+0000] {logging_mixin.py:137} INFO - [2025-10-08T00:51:38.238+0000] {dag.py:3441} INFO - Setting next_dagrun for example_dag_decorator to None, run_after=None
[2025-10-08T00:51:38.248+0000] {processor.py:175} INFO - Processing /home/airflow/.local/lib/python3.7/site-packages/airflow/example_dags/example_dag_decorator.py took 0.084 seconds
[2025-10-08T00:52:09.120+0000] {processor.py:153} INFO - Started process (PID=417) to work on /home/airflow/.local/lib/python3.7/site-packages/airflow/example_dags/example_dag_decorator.py
[2025-10-08T00:52:09.120+0000] {processor.py:743} INFO - Processing file /home/airflow/.local/lib/python3.7/site-packages/airflow/example_dags/example_dag_decorator.py for tasks to queue
[2025-10-08T00:52:09.121+0000] {logging_mixin.py:137} INFO - [2025-10-08T00:52:09.121+0000] {dagbag.py:538} INFO - Filling up the DagBag from /home/airflow/.local/lib/python3.7/site-packages/airflow/example_dags/example_dag_decorator.py
[2025-10-08T00:52:09.135+0000] {logging_mixin.py:137} INFO - [2025-10-08T00:52:09.134+0000] {taskmixin.py:205} WARNING - Dependency <Task(_PythonDecoratedOperator): prepare_email>, send_email already registered for DAG: example_dag_decorator
[2025-10-08T00:52:09.135+0000] {logging_mixin.py:137} INFO - [2025-10-08T00:52:09.135+0000] {taskmixin.py:205} WARNING - Dependency <Task(EmailOperator): send_email>, prepare_email already registered for DAG: example_dag_decorator
[2025-10-08T00:52:09.142+0000] {processor.py:753} INFO - DAG(s) dict_keys(['example_dag_decorator']) retrieved from /home/airflow/.local/lib/python3.7/site-packages/airflow/example_dags/example_dag_decorator.py
[2025-10-08T00:52:09.181+0000] {logging_mixin.py:137} INFO - [2025-10-08T00:52:09.181+0000] {dag.py:2690} INFO - Sync 1 DAGs
[2025-10-08T00:52:09.193+0000] {logging_mixin.py:137} INFO - [2025-10-08T00:52:09.193+0000] {dag.py:3441} INFO - Setting next_dagrun for example_dag_decorator to None, run_after=None
[2025-10-08T00:52:09.208+0000] {processor.py:175} INFO - Processing /home/airflow/.local/lib/python3.7/site-packages/airflow/example_dags/example_dag_decorator.py took 0.090 seconds
[2025-10-08T00:52:40.058+0000] {processor.py:153} INFO - Started process (PID=512) to work on /home/airflow/.local/lib/python3.7/site-packages/airflow/example_dags/example_dag_decorator.py
[2025-10-08T00:52:40.059+0000] {processor.py:743} INFO - Processing file /home/airflow/.local/lib/python3.7/site-packages/airflow/example_dags/example_dag_decorator.py for tasks to queue
[2025-10-08T00:52:40.059+0000] {logging_mixin.py:137} INFO - [2025-10-08T00:52:40.059+0000] {dagbag.py:538} INFO - Filling up the DagBag from /home/airflow/.local/lib/python3.7/site-packages/airflow/example_dags/example_dag_decorator.py
[2025-10-08T00:52:40.071+0000] {logging_mixin.py:137} INFO - [2025-10-08T00:52:40.071+0000] {taskmixin.py:205} WARNING - Dependency <Task(_PythonDecoratedOperator): prepare_email>, send_email already registered for DAG: example_dag_decorator
[2025-10-08T00:52:40.071+0000] {logging_mixin.py:137} INFO - [2025-10-08T00:52:40.071+0000] {taskmixin.py:205} WARNING - Dependency <Task(EmailOperator): send_email>, prepare_email already registered for DAG: example_dag_decorator
[2025-10-08T00:52:40.079+0000] {processor.py:753} INFO - DAG(s) dict_keys(['example_dag_decorator']) retrieved from /home/airflow/.local/lib/python3.7/site-packages/airflow/example_dags/example_dag_decorator.py
[2025-10-08T00:52:40.125+0000] {logging_mixin.py:137} INFO - [2025-10-08T00:52:40.125+0000] {dag.py:2690} INFO - Sync 1 DAGs
[2025-10-08T00:52:40.140+0000] {logging_mixin.py:137} INFO - [2025-10-08T00:52:40.139+0000] {dag.py:3441} INFO - Setting next_dagrun for example_dag_decorator to None, run_after=None
[2025-10-08T00:52:40.152+0000] {processor.py:175} INFO - Processing /home/airflow/.local/lib/python3.7/site-packages/airflow/example_dags/example_dag_decorator.py took 0.096 seconds
[2025-10-08T00:54:15.476+0000] {processor.py:153} INFO - Started process (PID=118) to work on /home/airflow/.local/lib/python3.7/site-packages/airflow/example_dags/example_dag_decorator.py
[2025-10-08T00:54:15.477+0000] {processor.py:743} INFO - Processing file /home/airflow/.local/lib/python3.7/site-packages/airflow/example_dags/example_dag_decorator.py for tasks to queue
[2025-10-08T00:54:15.477+0000] {logging_mixin.py:137} INFO - [2025-10-08T00:54:15.477+0000] {dagbag.py:538} INFO - Filling up the DagBag from /home/airflow/.local/lib/python3.7/site-packages/airflow/example_dags/example_dag_decorator.py
[2025-10-08T00:54:15.490+0000] {logging_mixin.py:137} INFO - [2025-10-08T00:54:15.490+0000] {taskmixin.py:205} WARNING - Dependency <Task(_PythonDecoratedOperator): prepare_email>, send_email already registered for DAG: example_dag_decorator
[2025-10-08T00:54:15.491+0000] {logging_mixin.py:137} INFO - [2025-10-08T00:54:15.491+0000] {taskmixin.py:205} WARNING - Dependency <Task(EmailOperator): send_email>, prepare_email already registered for DAG: example_dag_decorator
[2025-10-08T00:54:15.505+0000] {processor.py:753} INFO - DAG(s) dict_keys(['example_dag_decorator']) retrieved from /home/airflow/.local/lib/python3.7/site-packages/airflow/example_dags/example_dag_decorator.py
[2025-10-08T00:54:15.547+0000] {logging_mixin.py:137} INFO - [2025-10-08T00:54:15.547+0000] {dag.py:2690} INFO - Sync 1 DAGs
[2025-10-08T00:54:15.562+0000] {logging_mixin.py:137} INFO - [2025-10-08T00:54:15.562+0000] {dag.py:3441} INFO - Setting next_dagrun for example_dag_decorator to None, run_after=None
[2025-10-08T00:54:15.579+0000] {processor.py:175} INFO - Processing /home/airflow/.local/lib/python3.7/site-packages/airflow/example_dags/example_dag_decorator.py took 0.106 seconds
[2025-10-08T00:54:45.733+0000] {processor.py:153} INFO - Started process (PID=195) to work on /home/airflow/.local/lib/python3.7/site-packages/airflow/example_dags/example_dag_decorator.py
[2025-10-08T00:54:45.733+0000] {processor.py:743} INFO - Processing file /home/airflow/.local/lib/python3.7/site-packages/airflow/example_dags/example_dag_decorator.py for tasks to queue
[2025-10-08T00:54:45.734+0000] {logging_mixin.py:137} INFO - [2025-10-08T00:54:45.734+0000] {dagbag.py:538} INFO - Filling up the DagBag from /home/airflow/.local/lib/python3.7/site-packages/airflow/example_dags/example_dag_decorator.py
[2025-10-08T00:54:45.745+0000] {logging_mixin.py:137} INFO - [2025-10-08T00:54:45.745+0000] {taskmixin.py:205} WARNING - Dependency <Task(_PythonDecoratedOperator): prepare_email>, send_email already registered for DAG: example_dag_decorator
[2025-10-08T00:54:45.746+0000] {logging_mixin.py:137} INFO - [2025-10-08T00:54:45.746+0000] {taskmixin.py:205} WARNING - Dependency <Task(EmailOperator): send_email>, prepare_email already registered for DAG: example_dag_decorator
[2025-10-08T00:54:45.756+0000] {processor.py:753} INFO - DAG(s) dict_keys(['example_dag_decorator']) retrieved from /home/airflow/.local/lib/python3.7/site-packages/airflow/example_dags/example_dag_decorator.py
[2025-10-08T00:54:45.812+0000] {logging_mixin.py:137} INFO - [2025-10-08T00:54:45.812+0000] {dag.py:2690} INFO - Sync 1 DAGs
[2025-10-08T00:54:45.828+0000] {logging_mixin.py:137} INFO - [2025-10-08T00:54:45.828+0000] {dag.py:3441} INFO - Setting next_dagrun for example_dag_decorator to None, run_after=None
[2025-10-08T00:54:45.849+0000] {processor.py:175} INFO - Processing /home/airflow/.local/lib/python3.7/site-packages/airflow/example_dags/example_dag_decorator.py took 0.119 seconds
[2025-10-08T00:55:16.755+0000] {processor.py:153} INFO - Started process (PID=288) to work on /home/airflow/.local/lib/python3.7/site-packages/airflow/example_dags/example_dag_decorator.py
[2025-10-08T00:55:16.756+0000] {processor.py:743} INFO - Processing file /home/airflow/.local/lib/python3.7/site-packages/airflow/example_dags/example_dag_decorator.py for tasks to queue
[2025-10-08T00:55:16.757+0000] {logging_mixin.py:137} INFO - [2025-10-08T00:55:16.757+0000] {dagbag.py:538} INFO - Filling up the DagBag from /home/airflow/.local/lib/python3.7/site-packages/airflow/example_dags/example_dag_decorator.py
[2025-10-08T00:55:16.774+0000] {logging_mixin.py:137} INFO - [2025-10-08T00:55:16.773+0000] {taskmixin.py:205} WARNING - Dependency <Task(_PythonDecoratedOperator): prepare_email>, send_email already registered for DAG: example_dag_decorator
[2025-10-08T00:55:16.774+0000] {logging_mixin.py:137} INFO - [2025-10-08T00:55:16.774+0000] {taskmixin.py:205} WARNING - Dependency <Task(EmailOperator): send_email>, prepare_email already registered for DAG: example_dag_decorator
[2025-10-08T00:55:16.783+0000] {processor.py:753} INFO - DAG(s) dict_keys(['example_dag_decorator']) retrieved from /home/airflow/.local/lib/python3.7/site-packages/airflow/example_dags/example_dag_decorator.py
[2025-10-08T00:55:16.823+0000] {logging_mixin.py:137} INFO - [2025-10-08T00:55:16.823+0000] {dag.py:2690} INFO - Sync 1 DAGs
[2025-10-08T00:55:16.838+0000] {logging_mixin.py:137} INFO - [2025-10-08T00:55:16.838+0000] {dag.py:3441} INFO - Setting next_dagrun for example_dag_decorator to None, run_after=None
[2025-10-08T00:55:16.849+0000] {processor.py:175} INFO - Processing /home/airflow/.local/lib/python3.7/site-packages/airflow/example_dags/example_dag_decorator.py took 0.098 seconds
[2025-10-08T00:55:47.584+0000] {processor.py:153} INFO - Started process (PID=383) to work on /home/airflow/.local/lib/python3.7/site-packages/airflow/example_dags/example_dag_decorator.py
[2025-10-08T00:55:47.585+0000] {processor.py:743} INFO - Processing file /home/airflow/.local/lib/python3.7/site-packages/airflow/example_dags/example_dag_decorator.py for tasks to queue
[2025-10-08T00:55:47.585+0000] {logging_mixin.py:137} INFO - [2025-10-08T00:55:47.585+0000] {dagbag.py:538} INFO - Filling up the DagBag from /home/airflow/.local/lib/python3.7/site-packages/airflow/example_dags/example_dag_decorator.py
[2025-10-08T00:55:47.599+0000] {logging_mixin.py:137} INFO - [2025-10-08T00:55:47.599+0000] {taskmixin.py:205} WARNING - Dependency <Task(_PythonDecoratedOperator): prepare_email>, send_email already registered for DAG: example_dag_decorator
[2025-10-08T00:55:47.600+0000] {logging_mixin.py:137} INFO - [2025-10-08T00:55:47.599+0000] {taskmixin.py:205} WARNING - Dependency <Task(EmailOperator): send_email>, prepare_email already registered for DAG: example_dag_decorator
[2025-10-08T00:55:47.608+0000] {processor.py:753} INFO - DAG(s) dict_keys(['example_dag_decorator']) retrieved from /home/airflow/.local/lib/python3.7/site-packages/airflow/example_dags/example_dag_decorator.py
[2025-10-08T00:55:47.651+0000] {logging_mixin.py:137} INFO - [2025-10-08T00:55:47.651+0000] {dag.py:2690} INFO - Sync 1 DAGs
[2025-10-08T00:55:47.663+0000] {logging_mixin.py:137} INFO - [2025-10-08T00:55:47.663+0000] {dag.py:3441} INFO - Setting next_dagrun for example_dag_decorator to None, run_after=None
[2025-10-08T00:55:47.676+0000] {processor.py:175} INFO - Processing /home/airflow/.local/lib/python3.7/site-packages/airflow/example_dags/example_dag_decorator.py took 0.096 seconds
[2025-10-08T00:56:18.564+0000] {processor.py:153} INFO - Started process (PID=478) to work on /home/airflow/.local/lib/python3.7/site-packages/airflow/example_dags/example_dag_decorator.py
[2025-10-08T00:56:18.565+0000] {processor.py:743} INFO - Processing file /home/airflow/.local/lib/python3.7/site-packages/airflow/example_dags/example_dag_decorator.py for tasks to queue
[2025-10-08T00:56:18.566+0000] {logging_mixin.py:137} INFO - [2025-10-08T00:56:18.566+0000] {dagbag.py:538} INFO - Filling up the DagBag from /home/airflow/.local/lib/python3.7/site-packages/airflow/example_dags/example_dag_decorator.py
[2025-10-08T00:56:18.584+0000] {logging_mixin.py:137} INFO - [2025-10-08T00:56:18.584+0000] {taskmixin.py:205} WARNING - Dependency <Task(_PythonDecoratedOperator): prepare_email>, send_email already registered for DAG: example_dag_decorator
[2025-10-08T00:56:18.584+0000] {logging_mixin.py:137} INFO - [2025-10-08T00:56:18.584+0000] {taskmixin.py:205} WARNING - Dependency <Task(EmailOperator): send_email>, prepare_email already registered for DAG: example_dag_decorator
[2025-10-08T00:56:18.593+0000] {processor.py:753} INFO - DAG(s) dict_keys(['example_dag_decorator']) retrieved from /home/airflow/.local/lib/python3.7/site-packages/airflow/example_dags/example_dag_decorator.py
[2025-10-08T00:56:18.631+0000] {logging_mixin.py:137} INFO - [2025-10-08T00:56:18.631+0000] {dag.py:2690} INFO - Sync 1 DAGs
[2025-10-08T00:56:18.644+0000] {logging_mixin.py:137} INFO - [2025-10-08T00:56:18.644+0000] {dag.py:3441} INFO - Setting next_dagrun for example_dag_decorator to None, run_after=None
[2025-10-08T00:56:18.656+0000] {processor.py:175} INFO - Processing /home/airflow/.local/lib/python3.7/site-packages/airflow/example_dags/example_dag_decorator.py took 0.096 seconds
[2025-10-08T00:56:49.358+0000] {processor.py:153} INFO - Started process (PID=555) to work on /home/airflow/.local/lib/python3.7/site-packages/airflow/example_dags/example_dag_decorator.py
[2025-10-08T00:56:49.359+0000] {processor.py:743} INFO - Processing file /home/airflow/.local/lib/python3.7/site-packages/airflow/example_dags/example_dag_decorator.py for tasks to queue
[2025-10-08T00:56:49.360+0000] {logging_mixin.py:137} INFO - [2025-10-08T00:56:49.360+0000] {dagbag.py:538} INFO - Filling up the DagBag from /home/airflow/.local/lib/python3.7/site-packages/airflow/example_dags/example_dag_decorator.py
[2025-10-08T00:56:49.369+0000] {logging_mixin.py:137} INFO - [2025-10-08T00:56:49.369+0000] {taskmixin.py:205} WARNING - Dependency <Task(_PythonDecoratedOperator): prepare_email>, send_email already registered for DAG: example_dag_decorator
[2025-10-08T00:56:49.370+0000] {logging_mixin.py:137} INFO - [2025-10-08T00:56:49.370+0000] {taskmixin.py:205} WARNING - Dependency <Task(EmailOperator): send_email>, prepare_email already registered for DAG: example_dag_decorator
[2025-10-08T00:56:49.377+0000] {processor.py:753} INFO - DAG(s) dict_keys(['example_dag_decorator']) retrieved from /home/airflow/.local/lib/python3.7/site-packages/airflow/example_dags/example_dag_decorator.py
[2025-10-08T00:56:49.412+0000] {logging_mixin.py:137} INFO - [2025-10-08T00:56:49.412+0000] {dag.py:2690} INFO - Sync 1 DAGs
[2025-10-08T00:56:49.425+0000] {logging_mixin.py:137} INFO - [2025-10-08T00:56:49.425+0000] {dag.py:3441} INFO - Setting next_dagrun for example_dag_decorator to None, run_after=None
[2025-10-08T00:56:49.438+0000] {processor.py:175} INFO - Processing /home/airflow/.local/lib/python3.7/site-packages/airflow/example_dags/example_dag_decorator.py took 0.082 seconds
[2025-10-08T00:57:19.473+0000] {processor.py:153} INFO - Started process (PID=650) to work on /home/airflow/.local/lib/python3.7/site-packages/airflow/example_dags/example_dag_decorator.py
[2025-10-08T00:57:19.474+0000] {processor.py:743} INFO - Processing file /home/airflow/.local/lib/python3.7/site-packages/airflow/example_dags/example_dag_decorator.py for tasks to queue
[2025-10-08T00:57:19.474+0000] {logging_mixin.py:137} INFO - [2025-10-08T00:57:19.474+0000] {dagbag.py:538} INFO - Filling up the DagBag from /home/airflow/.local/lib/python3.7/site-packages/airflow/example_dags/example_dag_decorator.py
[2025-10-08T00:57:19.484+0000] {logging_mixin.py:137} INFO - [2025-10-08T00:57:19.484+0000] {taskmixin.py:205} WARNING - Dependency <Task(_PythonDecoratedOperator): prepare_email>, send_email already registered for DAG: example_dag_decorator
[2025-10-08T00:57:19.484+0000] {logging_mixin.py:137} INFO - [2025-10-08T00:57:19.484+0000] {taskmixin.py:205} WARNING - Dependency <Task(EmailOperator): send_email>, prepare_email already registered for DAG: example_dag_decorator
[2025-10-08T00:57:19.491+0000] {processor.py:753} INFO - DAG(s) dict_keys(['example_dag_decorator']) retrieved from /home/airflow/.local/lib/python3.7/site-packages/airflow/example_dags/example_dag_decorator.py
[2025-10-08T00:57:19.530+0000] {logging_mixin.py:137} INFO - [2025-10-08T00:57:19.530+0000] {dag.py:2690} INFO - Sync 1 DAGs
[2025-10-08T00:57:19.545+0000] {logging_mixin.py:137} INFO - [2025-10-08T00:57:19.545+0000] {dag.py:3441} INFO - Setting next_dagrun for example_dag_decorator to None, run_after=None
[2025-10-08T00:57:19.561+0000] {processor.py:175} INFO - Processing /home/airflow/.local/lib/python3.7/site-packages/airflow/example_dags/example_dag_decorator.py took 0.089 seconds
[2025-10-08T00:57:50.393+0000] {processor.py:153} INFO - Started process (PID=745) to work on /home/airflow/.local/lib/python3.7/site-packages/airflow/example_dags/example_dag_decorator.py
[2025-10-08T00:57:50.394+0000] {processor.py:743} INFO - Processing file /home/airflow/.local/lib/python3.7/site-packages/airflow/example_dags/example_dag_decorator.py for tasks to queue
[2025-10-08T00:57:50.395+0000] {logging_mixin.py:137} INFO - [2025-10-08T00:57:50.395+0000] {dagbag.py:538} INFO - Filling up the DagBag from /home/airflow/.local/lib/python3.7/site-packages/airflow/example_dags/example_dag_decorator.py
[2025-10-08T00:57:50.407+0000] {logging_mixin.py:137} INFO - [2025-10-08T00:57:50.407+0000] {taskmixin.py:205} WARNING - Dependency <Task(_PythonDecoratedOperator): prepare_email>, send_email already registered for DAG: example_dag_decorator
[2025-10-08T00:57:50.409+0000] {logging_mixin.py:137} INFO - [2025-10-08T00:57:50.409+0000] {taskmixin.py:205} WARNING - Dependency <Task(EmailOperator): send_email>, prepare_email already registered for DAG: example_dag_decorator
[2025-10-08T00:57:50.417+0000] {processor.py:753} INFO - DAG(s) dict_keys(['example_dag_decorator']) retrieved from /home/airflow/.local/lib/python3.7/site-packages/airflow/example_dags/example_dag_decorator.py
[2025-10-08T00:57:50.455+0000] {logging_mixin.py:137} INFO - [2025-10-08T00:57:50.455+0000] {dag.py:2690} INFO - Sync 1 DAGs
[2025-10-08T00:57:50.468+0000] {logging_mixin.py:137} INFO - [2025-10-08T00:57:50.468+0000] {dag.py:3441} INFO - Setting next_dagrun for example_dag_decorator to None, run_after=None
[2025-10-08T00:57:50.480+0000] {processor.py:175} INFO - Processing /home/airflow/.local/lib/python3.7/site-packages/airflow/example_dags/example_dag_decorator.py took 0.089 seconds
[2025-10-08T00:58:21.293+0000] {processor.py:153} INFO - Started process (PID=822) to work on /home/airflow/.local/lib/python3.7/site-packages/airflow/example_dags/example_dag_decorator.py
[2025-10-08T00:58:21.294+0000] {processor.py:743} INFO - Processing file /home/airflow/.local/lib/python3.7/site-packages/airflow/example_dags/example_dag_decorator.py for tasks to queue
[2025-10-08T00:58:21.296+0000] {logging_mixin.py:137} INFO - [2025-10-08T00:58:21.295+0000] {dagbag.py:538} INFO - Filling up the DagBag from /home/airflow/.local/lib/python3.7/site-packages/airflow/example_dags/example_dag_decorator.py
[2025-10-08T00:58:21.305+0000] {logging_mixin.py:137} INFO - [2025-10-08T00:58:21.305+0000] {taskmixin.py:205} WARNING - Dependency <Task(_PythonDecoratedOperator): prepare_email>, send_email already registered for DAG: example_dag_decorator
[2025-10-08T00:58:21.306+0000] {logging_mixin.py:137} INFO - [2025-10-08T00:58:21.306+0000] {taskmixin.py:205} WARNING - Dependency <Task(EmailOperator): send_email>, prepare_email already registered for DAG: example_dag_decorator
[2025-10-08T00:58:21.313+0000] {processor.py:753} INFO - DAG(s) dict_keys(['example_dag_decorator']) retrieved from /home/airflow/.local/lib/python3.7/site-packages/airflow/example_dags/example_dag_decorator.py
[2025-10-08T00:58:21.353+0000] {logging_mixin.py:137} INFO - [2025-10-08T00:58:21.352+0000] {dag.py:2690} INFO - Sync 1 DAGs
[2025-10-08T00:58:21.367+0000] {logging_mixin.py:137} INFO - [2025-10-08T00:58:21.367+0000] {dag.py:3441} INFO - Setting next_dagrun for example_dag_decorator to None, run_after=None
[2025-10-08T00:58:21.380+0000] {processor.py:175} INFO - Processing /home/airflow/.local/lib/python3.7/site-packages/airflow/example_dags/example_dag_decorator.py took 0.089 seconds
[2025-10-08T00:58:52.357+0000] {processor.py:153} INFO - Started process (PID=917) to work on /home/airflow/.local/lib/python3.7/site-packages/airflow/example_dags/example_dag_decorator.py
[2025-10-08T00:58:52.358+0000] {processor.py:743} INFO - Processing file /home/airflow/.local/lib/python3.7/site-packages/airflow/example_dags/example_dag_decorator.py for tasks to queue
[2025-10-08T00:58:52.359+0000] {logging_mixin.py:137} INFO - [2025-10-08T00:58:52.359+0000] {dagbag.py:538} INFO - Filling up the DagBag from /home/airflow/.local/lib/python3.7/site-packages/airflow/example_dags/example_dag_decorator.py
[2025-10-08T00:58:52.368+0000] {logging_mixin.py:137} INFO - [2025-10-08T00:58:52.368+0000] {taskmixin.py:205} WARNING - Dependency <Task(_PythonDecoratedOperator): prepare_email>, send_email already registered for DAG: example_dag_decorator
[2025-10-08T00:58:52.368+0000] {logging_mixin.py:137} INFO - [2025-10-08T00:58:52.368+0000] {taskmixin.py:205} WARNING - Dependency <Task(EmailOperator): send_email>, prepare_email already registered for DAG: example_dag_decorator
[2025-10-08T00:58:52.375+0000] {processor.py:753} INFO - DAG(s) dict_keys(['example_dag_decorator']) retrieved from /home/airflow/.local/lib/python3.7/site-packages/airflow/example_dags/example_dag_decorator.py
[2025-10-08T00:58:52.408+0000] {logging_mixin.py:137} INFO - [2025-10-08T00:58:52.408+0000] {dag.py:2690} INFO - Sync 1 DAGs
[2025-10-08T00:58:52.423+0000] {logging_mixin.py:137} INFO - [2025-10-08T00:58:52.423+0000] {dag.py:3441} INFO - Setting next_dagrun for example_dag_decorator to None, run_after=None
[2025-10-08T00:58:52.440+0000] {processor.py:175} INFO - Processing /home/airflow/.local/lib/python3.7/site-packages/airflow/example_dags/example_dag_decorator.py took 0.084 seconds
[2025-10-08T00:59:22.461+0000] {processor.py:153} INFO - Started process (PID=1012) to work on /home/airflow/.local/lib/python3.7/site-packages/airflow/example_dags/example_dag_decorator.py
[2025-10-08T00:59:22.462+0000] {processor.py:743} INFO - Processing file /home/airflow/.local/lib/python3.7/site-packages/airflow/example_dags/example_dag_decorator.py for tasks to queue
[2025-10-08T00:59:22.463+0000] {logging_mixin.py:137} INFO - [2025-10-08T00:59:22.462+0000] {dagbag.py:538} INFO - Filling up the DagBag from /home/airflow/.local/lib/python3.7/site-packages/airflow/example_dags/example_dag_decorator.py
[2025-10-08T00:59:22.472+0000] {logging_mixin.py:137} INFO - [2025-10-08T00:59:22.472+0000] {taskmixin.py:205} WARNING - Dependency <Task(_PythonDecoratedOperator): prepare_email>, send_email already registered for DAG: example_dag_decorator
[2025-10-08T00:59:22.472+0000] {logging_mixin.py:137} INFO - [2025-10-08T00:59:22.472+0000] {taskmixin.py:205} WARNING - Dependency <Task(EmailOperator): send_email>, prepare_email already registered for DAG: example_dag_decorator
[2025-10-08T00:59:22.480+0000] {processor.py:753} INFO - DAG(s) dict_keys(['example_dag_decorator']) retrieved from /home/airflow/.local/lib/python3.7/site-packages/airflow/example_dags/example_dag_decorator.py
[2025-10-08T00:59:22.517+0000] {logging_mixin.py:137} INFO - [2025-10-08T00:59:22.517+0000] {dag.py:2690} INFO - Sync 1 DAGs
[2025-10-08T00:59:22.530+0000] {logging_mixin.py:137} INFO - [2025-10-08T00:59:22.530+0000] {dag.py:3441} INFO - Setting next_dagrun for example_dag_decorator to None, run_after=None
[2025-10-08T00:59:22.542+0000] {processor.py:175} INFO - Processing /home/airflow/.local/lib/python3.7/site-packages/airflow/example_dags/example_dag_decorator.py took 0.083 seconds
[2025-10-08T00:59:53.226+0000] {processor.py:153} INFO - Started process (PID=1098) to work on /home/airflow/.local/lib/python3.7/site-packages/airflow/example_dags/example_dag_decorator.py
[2025-10-08T00:59:53.227+0000] {processor.py:743} INFO - Processing file /home/airflow/.local/lib/python3.7/site-packages/airflow/example_dags/example_dag_decorator.py for tasks to queue
[2025-10-08T00:59:53.227+0000] {logging_mixin.py:137} INFO - [2025-10-08T00:59:53.227+0000] {dagbag.py:538} INFO - Filling up the DagBag from /home/airflow/.local/lib/python3.7/site-packages/airflow/example_dags/example_dag_decorator.py
[2025-10-08T00:59:53.237+0000] {logging_mixin.py:137} INFO - [2025-10-08T00:59:53.237+0000] {taskmixin.py:205} WARNING - Dependency <Task(_PythonDecoratedOperator): prepare_email>, send_email already registered for DAG: example_dag_decorator
[2025-10-08T00:59:53.240+0000] {logging_mixin.py:137} INFO - [2025-10-08T00:59:53.240+0000] {taskmixin.py:205} WARNING - Dependency <Task(EmailOperator): send_email>, prepare_email already registered for DAG: example_dag_decorator
[2025-10-08T00:59:53.246+0000] {processor.py:753} INFO - DAG(s) dict_keys(['example_dag_decorator']) retrieved from /home/airflow/.local/lib/python3.7/site-packages/airflow/example_dags/example_dag_decorator.py
[2025-10-08T00:59:53.287+0000] {logging_mixin.py:137} INFO - [2025-10-08T00:59:53.287+0000] {dag.py:2690} INFO - Sync 1 DAGs
[2025-10-08T00:59:53.315+0000] {logging_mixin.py:137} INFO - [2025-10-08T00:59:53.315+0000] {dag.py:3441} INFO - Setting next_dagrun for example_dag_decorator to None, run_after=None
[2025-10-08T00:59:53.335+0000] {processor.py:175} INFO - Processing /home/airflow/.local/lib/python3.7/site-packages/airflow/example_dags/example_dag_decorator.py took 0.111 seconds
[2025-10-08T01:00:24.144+0000] {processor.py:153} INFO - Started process (PID=1184) to work on /home/airflow/.local/lib/python3.7/site-packages/airflow/example_dags/example_dag_decorator.py
[2025-10-08T01:00:24.149+0000] {processor.py:743} INFO - Processing file /home/airflow/.local/lib/python3.7/site-packages/airflow/example_dags/example_dag_decorator.py for tasks to queue
[2025-10-08T01:00:24.149+0000] {logging_mixin.py:137} INFO - [2025-10-08T01:00:24.149+0000] {dagbag.py:538} INFO - Filling up the DagBag from /home/airflow/.local/lib/python3.7/site-packages/airflow/example_dags/example_dag_decorator.py
[2025-10-08T01:00:24.158+0000] {logging_mixin.py:137} INFO - [2025-10-08T01:00:24.158+0000] {taskmixin.py:205} WARNING - Dependency <Task(_PythonDecoratedOperator): prepare_email>, send_email already registered for DAG: example_dag_decorator
[2025-10-08T01:00:24.160+0000] {logging_mixin.py:137} INFO - [2025-10-08T01:00:24.160+0000] {taskmixin.py:205} WARNING - Dependency <Task(EmailOperator): send_email>, prepare_email already registered for DAG: example_dag_decorator
[2025-10-08T01:00:24.166+0000] {processor.py:753} INFO - DAG(s) dict_keys(['example_dag_decorator']) retrieved from /home/airflow/.local/lib/python3.7/site-packages/airflow/example_dags/example_dag_decorator.py
[2025-10-08T01:00:24.200+0000] {logging_mixin.py:137} INFO - [2025-10-08T01:00:24.200+0000] {dag.py:2690} INFO - Sync 1 DAGs
[2025-10-08T01:00:24.212+0000] {logging_mixin.py:137} INFO - [2025-10-08T01:00:24.212+0000] {dag.py:3441} INFO - Setting next_dagrun for example_dag_decorator to None, run_after=None
[2025-10-08T01:00:24.223+0000] {processor.py:175} INFO - Processing /home/airflow/.local/lib/python3.7/site-packages/airflow/example_dags/example_dag_decorator.py took 0.081 seconds
[2025-10-08T01:00:55.030+0000] {processor.py:153} INFO - Started process (PID=1279) to work on /home/airflow/.local/lib/python3.7/site-packages/airflow/example_dags/example_dag_decorator.py
[2025-10-08T01:00:55.030+0000] {processor.py:743} INFO - Processing file /home/airflow/.local/lib/python3.7/site-packages/airflow/example_dags/example_dag_decorator.py for tasks to queue
[2025-10-08T01:00:55.031+0000] {logging_mixin.py:137} INFO - [2025-10-08T01:00:55.031+0000] {dagbag.py:538} INFO - Filling up the DagBag from /home/airflow/.local/lib/python3.7/site-packages/airflow/example_dags/example_dag_decorator.py
[2025-10-08T01:00:55.042+0000] {logging_mixin.py:137} INFO - [2025-10-08T01:00:55.042+0000] {taskmixin.py:205} WARNING - Dependency <Task(_PythonDecoratedOperator): prepare_email>, send_email already registered for DAG: example_dag_decorator
[2025-10-08T01:00:55.042+0000] {logging_mixin.py:137} INFO - [2025-10-08T01:00:55.042+0000] {taskmixin.py:205} WARNING - Dependency <Task(EmailOperator): send_email>, prepare_email already registered for DAG: example_dag_decorator
[2025-10-08T01:00:55.049+0000] {processor.py:753} INFO - DAG(s) dict_keys(['example_dag_decorator']) retrieved from /home/airflow/.local/lib/python3.7/site-packages/airflow/example_dags/example_dag_decorator.py
[2025-10-08T01:00:55.088+0000] {logging_mixin.py:137} INFO - [2025-10-08T01:00:55.088+0000] {dag.py:2690} INFO - Sync 1 DAGs
[2025-10-08T01:00:55.102+0000] {logging_mixin.py:137} INFO - [2025-10-08T01:00:55.102+0000] {dag.py:3441} INFO - Setting next_dagrun for example_dag_decorator to None, run_after=None
[2025-10-08T01:00:55.114+0000] {processor.py:175} INFO - Processing /home/airflow/.local/lib/python3.7/site-packages/airflow/example_dags/example_dag_decorator.py took 0.086 seconds
[2025-10-08T01:01:25.831+0000] {processor.py:153} INFO - Started process (PID=1374) to work on /home/airflow/.local/lib/python3.7/site-packages/airflow/example_dags/example_dag_decorator.py
[2025-10-08T01:01:25.831+0000] {processor.py:743} INFO - Processing file /home/airflow/.local/lib/python3.7/site-packages/airflow/example_dags/example_dag_decorator.py for tasks to queue
[2025-10-08T01:01:25.832+0000] {logging_mixin.py:137} INFO - [2025-10-08T01:01:25.832+0000] {dagbag.py:538} INFO - Filling up the DagBag from /home/airflow/.local/lib/python3.7/site-packages/airflow/example_dags/example_dag_decorator.py
[2025-10-08T01:01:25.841+0000] {logging_mixin.py:137} INFO - [2025-10-08T01:01:25.841+0000] {taskmixin.py:205} WARNING - Dependency <Task(_PythonDecoratedOperator): prepare_email>, send_email already registered for DAG: example_dag_decorator
[2025-10-08T01:01:25.841+0000] {logging_mixin.py:137} INFO - [2025-10-08T01:01:25.841+0000] {taskmixin.py:205} WARNING - Dependency <Task(EmailOperator): send_email>, prepare_email already registered for DAG: example_dag_decorator
[2025-10-08T01:01:25.849+0000] {processor.py:753} INFO - DAG(s) dict_keys(['example_dag_decorator']) retrieved from /home/airflow/.local/lib/python3.7/site-packages/airflow/example_dags/example_dag_decorator.py
[2025-10-08T01:01:25.886+0000] {logging_mixin.py:137} INFO - [2025-10-08T01:01:25.886+0000] {dag.py:2690} INFO - Sync 1 DAGs
[2025-10-08T01:01:25.897+0000] {logging_mixin.py:137} INFO - [2025-10-08T01:01:25.897+0000] {dag.py:3441} INFO - Setting next_dagrun for example_dag_decorator to None, run_after=None
[2025-10-08T01:01:25.910+0000] {processor.py:175} INFO - Processing /home/airflow/.local/lib/python3.7/site-packages/airflow/example_dags/example_dag_decorator.py took 0.081 seconds
