[2025-10-08T00:50:06.352+0000] {processor.py:153} INFO - Started process (PID=74) to work on /home/airflow/.local/lib/python3.7/site-packages/airflow/example_dags/example_short_circuit_operator.py
[2025-10-08T00:50:06.353+0000] {processor.py:743} INFO - Processing file /home/airflow/.local/lib/python3.7/site-packages/airflow/example_dags/example_short_circuit_operator.py for tasks to queue
[2025-10-08T00:50:06.353+0000] {logging_mixin.py:137} INFO - [2025-10-08T00:50:06.353+0000] {dagbag.py:538} INFO - Filling up the DagBag from /home/airflow/.local/lib/python3.7/site-packages/airflow/example_dags/example_short_circuit_operator.py
[2025-10-08T00:50:06.368+0000] {processor.py:753} INFO - DAG(s) dict_keys(['example_short_circuit_operator']) retrieved from /home/airflow/.local/lib/python3.7/site-packages/airflow/example_dags/example_short_circuit_operator.py
[2025-10-08T00:50:06.380+0000] {logging_mixin.py:137} INFO - [2025-10-08T00:50:06.379+0000] {dag.py:2690} INFO - Sync 1 DAGs
[2025-10-08T00:50:06.404+0000] {logging_mixin.py:137} INFO - [2025-10-08T00:50:06.404+0000] {dag.py:3441} INFO - Setting next_dagrun for example_short_circuit_operator to 2025-10-07T00:50:06.404306+00:00, run_after=2025-10-08T00:50:06.404306+00:00
[2025-10-08T00:50:06.419+0000] {processor.py:175} INFO - Processing /home/airflow/.local/lib/python3.7/site-packages/airflow/example_dags/example_short_circuit_operator.py took 0.069 seconds
[2025-10-08T00:50:36.734+0000] {processor.py:153} INFO - Started process (PID=169) to work on /home/airflow/.local/lib/python3.7/site-packages/airflow/example_dags/example_short_circuit_operator.py
[2025-10-08T00:50:36.735+0000] {processor.py:743} INFO - Processing file /home/airflow/.local/lib/python3.7/site-packages/airflow/example_dags/example_short_circuit_operator.py for tasks to queue
[2025-10-08T00:50:36.736+0000] {logging_mixin.py:137} INFO - [2025-10-08T00:50:36.736+0000] {dagbag.py:538} INFO - Filling up the DagBag from /home/airflow/.local/lib/python3.7/site-packages/airflow/example_dags/example_short_circuit_operator.py
[2025-10-08T00:50:36.747+0000] {processor.py:753} INFO - DAG(s) dict_keys(['example_short_circuit_operator']) retrieved from /home/airflow/.local/lib/python3.7/site-packages/airflow/example_dags/example_short_circuit_operator.py
[2025-10-08T00:50:36.762+0000] {logging_mixin.py:137} INFO - [2025-10-08T00:50:36.761+0000] {dag.py:2690} INFO - Sync 1 DAGs
[2025-10-08T00:50:36.775+0000] {logging_mixin.py:137} INFO - [2025-10-08T00:50:36.775+0000] {dag.py:3441} INFO - Setting next_dagrun for example_short_circuit_operator to 2025-10-07T00:50:36.775149+00:00, run_after=2025-10-08T00:50:36.775149+00:00
[2025-10-08T00:50:36.787+0000] {processor.py:175} INFO - Processing /home/airflow/.local/lib/python3.7/site-packages/airflow/example_dags/example_short_circuit_operator.py took 0.055 seconds
[2025-10-08T00:51:07.987+0000] {processor.py:153} INFO - Started process (PID=264) to work on /home/airflow/.local/lib/python3.7/site-packages/airflow/example_dags/example_short_circuit_operator.py
[2025-10-08T00:51:07.987+0000] {processor.py:743} INFO - Processing file /home/airflow/.local/lib/python3.7/site-packages/airflow/example_dags/example_short_circuit_operator.py for tasks to queue
[2025-10-08T00:51:07.988+0000] {logging_mixin.py:137} INFO - [2025-10-08T00:51:07.988+0000] {dagbag.py:538} INFO - Filling up the DagBag from /home/airflow/.local/lib/python3.7/site-packages/airflow/example_dags/example_short_circuit_operator.py
[2025-10-08T00:51:07.997+0000] {processor.py:753} INFO - DAG(s) dict_keys(['example_short_circuit_operator']) retrieved from /home/airflow/.local/lib/python3.7/site-packages/airflow/example_dags/example_short_circuit_operator.py
[2025-10-08T00:51:08.012+0000] {logging_mixin.py:137} INFO - [2025-10-08T00:51:08.012+0000] {dag.py:2690} INFO - Sync 1 DAGs
[2025-10-08T00:51:08.027+0000] {logging_mixin.py:137} INFO - [2025-10-08T00:51:08.027+0000] {dag.py:3441} INFO - Setting next_dagrun for example_short_circuit_operator to 2025-10-07T00:51:08.027064+00:00, run_after=2025-10-08T00:51:08.027064+00:00
[2025-10-08T00:51:08.046+0000] {processor.py:175} INFO - Processing /home/airflow/.local/lib/python3.7/site-packages/airflow/example_dags/example_short_circuit_operator.py took 0.061 seconds
[2025-10-08T00:51:39.004+0000] {processor.py:153} INFO - Started process (PID=341) to work on /home/airflow/.local/lib/python3.7/site-packages/airflow/example_dags/example_short_circuit_operator.py
[2025-10-08T00:51:39.004+0000] {processor.py:743} INFO - Processing file /home/airflow/.local/lib/python3.7/site-packages/airflow/example_dags/example_short_circuit_operator.py for tasks to queue
[2025-10-08T00:51:39.005+0000] {logging_mixin.py:137} INFO - [2025-10-08T00:51:39.005+0000] {dagbag.py:538} INFO - Filling up the DagBag from /home/airflow/.local/lib/python3.7/site-packages/airflow/example_dags/example_short_circuit_operator.py
[2025-10-08T00:51:39.014+0000] {processor.py:753} INFO - DAG(s) dict_keys(['example_short_circuit_operator']) retrieved from /home/airflow/.local/lib/python3.7/site-packages/airflow/example_dags/example_short_circuit_operator.py
[2025-10-08T00:51:39.029+0000] {logging_mixin.py:137} INFO - [2025-10-08T00:51:39.029+0000] {dag.py:2690} INFO - Sync 1 DAGs
[2025-10-08T00:51:39.048+0000] {logging_mixin.py:137} INFO - [2025-10-08T00:51:39.048+0000] {dag.py:3441} INFO - Setting next_dagrun for example_short_circuit_operator to 2025-10-07T00:51:39.047717+00:00, run_after=2025-10-08T00:51:39.047717+00:00
[2025-10-08T00:51:39.079+0000] {processor.py:175} INFO - Processing /home/airflow/.local/lib/python3.7/site-packages/airflow/example_dags/example_short_circuit_operator.py took 0.078 seconds
[2025-10-08T00:52:09.866+0000] {processor.py:153} INFO - Started process (PID=435) to work on /home/airflow/.local/lib/python3.7/site-packages/airflow/example_dags/example_short_circuit_operator.py
[2025-10-08T00:52:09.866+0000] {processor.py:743} INFO - Processing file /home/airflow/.local/lib/python3.7/site-packages/airflow/example_dags/example_short_circuit_operator.py for tasks to queue
[2025-10-08T00:52:09.867+0000] {logging_mixin.py:137} INFO - [2025-10-08T00:52:09.867+0000] {dagbag.py:538} INFO - Filling up the DagBag from /home/airflow/.local/lib/python3.7/site-packages/airflow/example_dags/example_short_circuit_operator.py
[2025-10-08T00:52:09.876+0000] {processor.py:753} INFO - DAG(s) dict_keys(['example_short_circuit_operator']) retrieved from /home/airflow/.local/lib/python3.7/site-packages/airflow/example_dags/example_short_circuit_operator.py
[2025-10-08T00:52:09.900+0000] {logging_mixin.py:137} INFO - [2025-10-08T00:52:09.899+0000] {dag.py:2690} INFO - Sync 1 DAGs
[2025-10-08T00:52:09.916+0000] {logging_mixin.py:137} INFO - [2025-10-08T00:52:09.916+0000] {dag.py:3441} INFO - Setting next_dagrun for example_short_circuit_operator to 2025-10-07T00:52:09.916407+00:00, run_after=2025-10-08T00:52:09.916407+00:00
[2025-10-08T00:52:09.930+0000] {processor.py:175} INFO - Processing /home/airflow/.local/lib/python3.7/site-packages/airflow/example_dags/example_short_circuit_operator.py took 0.066 seconds
[2025-10-08T00:52:40.939+0000] {processor.py:153} INFO - Started process (PID=530) to work on /home/airflow/.local/lib/python3.7/site-packages/airflow/example_dags/example_short_circuit_operator.py
[2025-10-08T00:52:40.939+0000] {processor.py:743} INFO - Processing file /home/airflow/.local/lib/python3.7/site-packages/airflow/example_dags/example_short_circuit_operator.py for tasks to queue
[2025-10-08T00:52:40.940+0000] {logging_mixin.py:137} INFO - [2025-10-08T00:52:40.940+0000] {dagbag.py:538} INFO - Filling up the DagBag from /home/airflow/.local/lib/python3.7/site-packages/airflow/example_dags/example_short_circuit_operator.py
[2025-10-08T00:52:40.949+0000] {processor.py:753} INFO - DAG(s) dict_keys(['example_short_circuit_operator']) retrieved from /home/airflow/.local/lib/python3.7/site-packages/airflow/example_dags/example_short_circuit_operator.py
[2025-10-08T00:52:40.964+0000] {logging_mixin.py:137} INFO - [2025-10-08T00:52:40.964+0000] {dag.py:2690} INFO - Sync 1 DAGs
[2025-10-08T00:52:40.977+0000] {logging_mixin.py:137} INFO - [2025-10-08T00:52:40.977+0000] {dag.py:3441} INFO - Setting next_dagrun for example_short_circuit_operator to 2025-10-07T00:52:40.977668+00:00, run_after=2025-10-08T00:52:40.977668+00:00
[2025-10-08T00:52:40.991+0000] {processor.py:175} INFO - Processing /home/airflow/.local/lib/python3.7/site-packages/airflow/example_dags/example_short_circuit_operator.py took 0.055 seconds
[2025-10-08T00:54:16.447+0000] {processor.py:153} INFO - Started process (PID=136) to work on /home/airflow/.local/lib/python3.7/site-packages/airflow/example_dags/example_short_circuit_operator.py
[2025-10-08T00:54:16.447+0000] {processor.py:743} INFO - Processing file /home/airflow/.local/lib/python3.7/site-packages/airflow/example_dags/example_short_circuit_operator.py for tasks to queue
[2025-10-08T00:54:16.448+0000] {logging_mixin.py:137} INFO - [2025-10-08T00:54:16.448+0000] {dagbag.py:538} INFO - Filling up the DagBag from /home/airflow/.local/lib/python3.7/site-packages/airflow/example_dags/example_short_circuit_operator.py
[2025-10-08T00:54:16.456+0000] {processor.py:753} INFO - DAG(s) dict_keys(['example_short_circuit_operator']) retrieved from /home/airflow/.local/lib/python3.7/site-packages/airflow/example_dags/example_short_circuit_operator.py
[2025-10-08T00:54:16.471+0000] {logging_mixin.py:137} INFO - [2025-10-08T00:54:16.471+0000] {dag.py:2690} INFO - Sync 1 DAGs
[2025-10-08T00:54:16.484+0000] {logging_mixin.py:137} INFO - [2025-10-08T00:54:16.484+0000] {dag.py:3441} INFO - Setting next_dagrun for example_short_circuit_operator to 2025-10-07T00:54:16.484574+00:00, run_after=2025-10-08T00:54:16.484574+00:00
[2025-10-08T00:54:16.493+0000] {processor.py:175} INFO - Processing /home/airflow/.local/lib/python3.7/site-packages/airflow/example_dags/example_short_circuit_operator.py took 0.048 seconds
[2025-10-08T00:54:47.521+0000] {processor.py:153} INFO - Started process (PID=231) to work on /home/airflow/.local/lib/python3.7/site-packages/airflow/example_dags/example_short_circuit_operator.py
[2025-10-08T00:54:47.524+0000] {processor.py:743} INFO - Processing file /home/airflow/.local/lib/python3.7/site-packages/airflow/example_dags/example_short_circuit_operator.py for tasks to queue
[2025-10-08T00:54:47.525+0000] {logging_mixin.py:137} INFO - [2025-10-08T00:54:47.525+0000] {dagbag.py:538} INFO - Filling up the DagBag from /home/airflow/.local/lib/python3.7/site-packages/airflow/example_dags/example_short_circuit_operator.py
[2025-10-08T00:54:47.541+0000] {processor.py:753} INFO - DAG(s) dict_keys(['example_short_circuit_operator']) retrieved from /home/airflow/.local/lib/python3.7/site-packages/airflow/example_dags/example_short_circuit_operator.py
[2025-10-08T00:54:47.562+0000] {logging_mixin.py:137} INFO - [2025-10-08T00:54:47.562+0000] {dag.py:2690} INFO - Sync 1 DAGs
[2025-10-08T00:54:47.576+0000] {logging_mixin.py:137} INFO - [2025-10-08T00:54:47.576+0000] {dag.py:3441} INFO - Setting next_dagrun for example_short_circuit_operator to 2025-10-07T00:54:47.576718+00:00, run_after=2025-10-08T00:54:47.576718+00:00
[2025-10-08T00:54:47.597+0000] {processor.py:175} INFO - Processing /home/airflow/.local/lib/python3.7/site-packages/airflow/example_dags/example_short_circuit_operator.py took 0.078 seconds
[2025-10-08T00:55:18.586+0000] {processor.py:153} INFO - Started process (PID=308) to work on /home/airflow/.local/lib/python3.7/site-packages/airflow/example_dags/example_short_circuit_operator.py
[2025-10-08T00:55:18.588+0000] {processor.py:743} INFO - Processing file /home/airflow/.local/lib/python3.7/site-packages/airflow/example_dags/example_short_circuit_operator.py for tasks to queue
[2025-10-08T00:55:18.589+0000] {logging_mixin.py:137} INFO - [2025-10-08T00:55:18.588+0000] {dagbag.py:538} INFO - Filling up the DagBag from /home/airflow/.local/lib/python3.7/site-packages/airflow/example_dags/example_short_circuit_operator.py
[2025-10-08T00:55:18.597+0000] {processor.py:753} INFO - DAG(s) dict_keys(['example_short_circuit_operator']) retrieved from /home/airflow/.local/lib/python3.7/site-packages/airflow/example_dags/example_short_circuit_operator.py
[2025-10-08T00:55:18.612+0000] {logging_mixin.py:137} INFO - [2025-10-08T00:55:18.612+0000] {dag.py:2690} INFO - Sync 1 DAGs
[2025-10-08T00:55:18.625+0000] {logging_mixin.py:137} INFO - [2025-10-08T00:55:18.625+0000] {dag.py:3441} INFO - Setting next_dagrun for example_short_circuit_operator to 2025-10-07T00:55:18.625532+00:00, run_after=2025-10-08T00:55:18.625532+00:00
[2025-10-08T00:55:18.636+0000] {processor.py:175} INFO - Processing /home/airflow/.local/lib/python3.7/site-packages/airflow/example_dags/example_short_circuit_operator.py took 0.052 seconds
[2025-10-08T00:55:49.535+0000] {processor.py:153} INFO - Started process (PID=403) to work on /home/airflow/.local/lib/python3.7/site-packages/airflow/example_dags/example_short_circuit_operator.py
[2025-10-08T00:55:49.538+0000] {processor.py:743} INFO - Processing file /home/airflow/.local/lib/python3.7/site-packages/airflow/example_dags/example_short_circuit_operator.py for tasks to queue
[2025-10-08T00:55:49.539+0000] {logging_mixin.py:137} INFO - [2025-10-08T00:55:49.539+0000] {dagbag.py:538} INFO - Filling up the DagBag from /home/airflow/.local/lib/python3.7/site-packages/airflow/example_dags/example_short_circuit_operator.py
[2025-10-08T00:55:49.547+0000] {processor.py:753} INFO - DAG(s) dict_keys(['example_short_circuit_operator']) retrieved from /home/airflow/.local/lib/python3.7/site-packages/airflow/example_dags/example_short_circuit_operator.py
[2025-10-08T00:55:49.563+0000] {logging_mixin.py:137} INFO - [2025-10-08T00:55:49.563+0000] {dag.py:2690} INFO - Sync 1 DAGs
[2025-10-08T00:55:49.577+0000] {logging_mixin.py:137} INFO - [2025-10-08T00:55:49.577+0000] {dag.py:3441} INFO - Setting next_dagrun for example_short_circuit_operator to 2025-10-07T00:55:49.577665+00:00, run_after=2025-10-08T00:55:49.577665+00:00
[2025-10-08T00:55:49.591+0000] {processor.py:175} INFO - Processing /home/airflow/.local/lib/python3.7/site-packages/airflow/example_dags/example_short_circuit_operator.py took 0.058 seconds
[2025-10-08T00:56:20.437+0000] {processor.py:153} INFO - Started process (PID=498) to work on /home/airflow/.local/lib/python3.7/site-packages/airflow/example_dags/example_short_circuit_operator.py
[2025-10-08T00:56:20.438+0000] {processor.py:743} INFO - Processing file /home/airflow/.local/lib/python3.7/site-packages/airflow/example_dags/example_short_circuit_operator.py for tasks to queue
[2025-10-08T00:56:20.439+0000] {logging_mixin.py:137} INFO - [2025-10-08T00:56:20.439+0000] {dagbag.py:538} INFO - Filling up the DagBag from /home/airflow/.local/lib/python3.7/site-packages/airflow/example_dags/example_short_circuit_operator.py
[2025-10-08T00:56:20.448+0000] {processor.py:753} INFO - DAG(s) dict_keys(['example_short_circuit_operator']) retrieved from /home/airflow/.local/lib/python3.7/site-packages/airflow/example_dags/example_short_circuit_operator.py
[2025-10-08T00:56:20.463+0000] {logging_mixin.py:137} INFO - [2025-10-08T00:56:20.463+0000] {dag.py:2690} INFO - Sync 1 DAGs
[2025-10-08T00:56:20.478+0000] {logging_mixin.py:137} INFO - [2025-10-08T00:56:20.478+0000] {dag.py:3441} INFO - Setting next_dagrun for example_short_circuit_operator to 2025-10-07T00:56:20.478073+00:00, run_after=2025-10-08T00:56:20.478073+00:00
[2025-10-08T00:56:20.490+0000] {processor.py:175} INFO - Processing /home/airflow/.local/lib/python3.7/site-packages/airflow/example_dags/example_short_circuit_operator.py took 0.055 seconds
[2025-10-08T00:56:51.295+0000] {processor.py:153} INFO - Started process (PID=575) to work on /home/airflow/.local/lib/python3.7/site-packages/airflow/example_dags/example_short_circuit_operator.py
[2025-10-08T00:56:51.297+0000] {processor.py:743} INFO - Processing file /home/airflow/.local/lib/python3.7/site-packages/airflow/example_dags/example_short_circuit_operator.py for tasks to queue
[2025-10-08T00:56:51.298+0000] {logging_mixin.py:137} INFO - [2025-10-08T00:56:51.298+0000] {dagbag.py:538} INFO - Filling up the DagBag from /home/airflow/.local/lib/python3.7/site-packages/airflow/example_dags/example_short_circuit_operator.py
[2025-10-08T00:56:51.310+0000] {processor.py:753} INFO - DAG(s) dict_keys(['example_short_circuit_operator']) retrieved from /home/airflow/.local/lib/python3.7/site-packages/airflow/example_dags/example_short_circuit_operator.py
[2025-10-08T00:56:51.339+0000] {logging_mixin.py:137} INFO - [2025-10-08T00:56:51.339+0000] {dag.py:2690} INFO - Sync 1 DAGs
[2025-10-08T00:56:51.362+0000] {logging_mixin.py:137} INFO - [2025-10-08T00:56:51.362+0000] {dag.py:3441} INFO - Setting next_dagrun for example_short_circuit_operator to 2025-10-07T00:56:51.362166+00:00, run_after=2025-10-08T00:56:51.362166+00:00
[2025-10-08T00:56:51.382+0000] {processor.py:175} INFO - Processing /home/airflow/.local/lib/python3.7/site-packages/airflow/example_dags/example_short_circuit_operator.py took 0.094 seconds
[2025-10-08T00:57:22.257+0000] {processor.py:153} INFO - Started process (PID=670) to work on /home/airflow/.local/lib/python3.7/site-packages/airflow/example_dags/example_short_circuit_operator.py
[2025-10-08T00:57:22.258+0000] {processor.py:743} INFO - Processing file /home/airflow/.local/lib/python3.7/site-packages/airflow/example_dags/example_short_circuit_operator.py for tasks to queue
[2025-10-08T00:57:22.258+0000] {logging_mixin.py:137} INFO - [2025-10-08T00:57:22.258+0000] {dagbag.py:538} INFO - Filling up the DagBag from /home/airflow/.local/lib/python3.7/site-packages/airflow/example_dags/example_short_circuit_operator.py
[2025-10-08T00:57:22.267+0000] {processor.py:753} INFO - DAG(s) dict_keys(['example_short_circuit_operator']) retrieved from /home/airflow/.local/lib/python3.7/site-packages/airflow/example_dags/example_short_circuit_operator.py
[2025-10-08T00:57:22.282+0000] {logging_mixin.py:137} INFO - [2025-10-08T00:57:22.282+0000] {dag.py:2690} INFO - Sync 1 DAGs
[2025-10-08T00:57:22.298+0000] {logging_mixin.py:137} INFO - [2025-10-08T00:57:22.297+0000] {dag.py:3441} INFO - Setting next_dagrun for example_short_circuit_operator to 2025-10-07T00:57:22.297804+00:00, run_after=2025-10-08T00:57:22.297804+00:00
[2025-10-08T00:57:22.310+0000] {processor.py:175} INFO - Processing /home/airflow/.local/lib/python3.7/site-packages/airflow/example_dags/example_short_circuit_operator.py took 0.054 seconds
[2025-10-08T00:57:53.174+0000] {processor.py:153} INFO - Started process (PID=765) to work on /home/airflow/.local/lib/python3.7/site-packages/airflow/example_dags/example_short_circuit_operator.py
[2025-10-08T00:57:53.174+0000] {processor.py:743} INFO - Processing file /home/airflow/.local/lib/python3.7/site-packages/airflow/example_dags/example_short_circuit_operator.py for tasks to queue
[2025-10-08T00:57:53.175+0000] {logging_mixin.py:137} INFO - [2025-10-08T00:57:53.175+0000] {dagbag.py:538} INFO - Filling up the DagBag from /home/airflow/.local/lib/python3.7/site-packages/airflow/example_dags/example_short_circuit_operator.py
[2025-10-08T00:57:53.184+0000] {processor.py:753} INFO - DAG(s) dict_keys(['example_short_circuit_operator']) retrieved from /home/airflow/.local/lib/python3.7/site-packages/airflow/example_dags/example_short_circuit_operator.py
[2025-10-08T00:57:53.200+0000] {logging_mixin.py:137} INFO - [2025-10-08T00:57:53.200+0000] {dag.py:2690} INFO - Sync 1 DAGs
[2025-10-08T00:57:53.217+0000] {logging_mixin.py:137} INFO - [2025-10-08T00:57:53.217+0000] {dag.py:3441} INFO - Setting next_dagrun for example_short_circuit_operator to 2025-10-07T00:57:53.217322+00:00, run_after=2025-10-08T00:57:53.217322+00:00
[2025-10-08T00:57:53.231+0000] {processor.py:175} INFO - Processing /home/airflow/.local/lib/python3.7/site-packages/airflow/example_dags/example_short_circuit_operator.py took 0.059 seconds
[2025-10-08T00:58:24.100+0000] {processor.py:153} INFO - Started process (PID=860) to work on /home/airflow/.local/lib/python3.7/site-packages/airflow/example_dags/example_short_circuit_operator.py
[2025-10-08T00:58:24.100+0000] {processor.py:743} INFO - Processing file /home/airflow/.local/lib/python3.7/site-packages/airflow/example_dags/example_short_circuit_operator.py for tasks to queue
[2025-10-08T00:58:24.101+0000] {logging_mixin.py:137} INFO - [2025-10-08T00:58:24.101+0000] {dagbag.py:538} INFO - Filling up the DagBag from /home/airflow/.local/lib/python3.7/site-packages/airflow/example_dags/example_short_circuit_operator.py
[2025-10-08T00:58:24.110+0000] {processor.py:753} INFO - DAG(s) dict_keys(['example_short_circuit_operator']) retrieved from /home/airflow/.local/lib/python3.7/site-packages/airflow/example_dags/example_short_circuit_operator.py
[2025-10-08T00:58:24.131+0000] {logging_mixin.py:137} INFO - [2025-10-08T00:58:24.131+0000] {dag.py:2690} INFO - Sync 1 DAGs
[2025-10-08T00:58:24.152+0000] {logging_mixin.py:137} INFO - [2025-10-08T00:58:24.152+0000] {dag.py:3441} INFO - Setting next_dagrun for example_short_circuit_operator to 2025-10-07T00:58:24.152071+00:00, run_after=2025-10-08T00:58:24.152071+00:00
[2025-10-08T00:58:24.168+0000] {processor.py:175} INFO - Processing /home/airflow/.local/lib/python3.7/site-packages/airflow/example_dags/example_short_circuit_operator.py took 0.070 seconds
[2025-10-08T00:58:54.204+0000] {processor.py:153} INFO - Started process (PID=935) to work on /home/airflow/.local/lib/python3.7/site-packages/airflow/example_dags/example_short_circuit_operator.py
[2025-10-08T00:58:54.205+0000] {processor.py:743} INFO - Processing file /home/airflow/.local/lib/python3.7/site-packages/airflow/example_dags/example_short_circuit_operator.py for tasks to queue
[2025-10-08T00:58:54.205+0000] {logging_mixin.py:137} INFO - [2025-10-08T00:58:54.205+0000] {dagbag.py:538} INFO - Filling up the DagBag from /home/airflow/.local/lib/python3.7/site-packages/airflow/example_dags/example_short_circuit_operator.py
[2025-10-08T00:58:54.215+0000] {processor.py:753} INFO - DAG(s) dict_keys(['example_short_circuit_operator']) retrieved from /home/airflow/.local/lib/python3.7/site-packages/airflow/example_dags/example_short_circuit_operator.py
[2025-10-08T00:58:54.228+0000] {logging_mixin.py:137} INFO - [2025-10-08T00:58:54.228+0000] {dag.py:2690} INFO - Sync 1 DAGs
[2025-10-08T00:58:54.241+0000] {logging_mixin.py:137} INFO - [2025-10-08T00:58:54.240+0000] {dag.py:3441} INFO - Setting next_dagrun for example_short_circuit_operator to 2025-10-07T00:58:54.240694+00:00, run_after=2025-10-08T00:58:54.240694+00:00
[2025-10-08T00:58:54.249+0000] {processor.py:175} INFO - Processing /home/airflow/.local/lib/python3.7/site-packages/airflow/example_dags/example_short_circuit_operator.py took 0.047 seconds
[2025-10-08T00:59:25.215+0000] {processor.py:153} INFO - Started process (PID=1032) to work on /home/airflow/.local/lib/python3.7/site-packages/airflow/example_dags/example_short_circuit_operator.py
[2025-10-08T00:59:25.216+0000] {processor.py:743} INFO - Processing file /home/airflow/.local/lib/python3.7/site-packages/airflow/example_dags/example_short_circuit_operator.py for tasks to queue
[2025-10-08T00:59:25.216+0000] {logging_mixin.py:137} INFO - [2025-10-08T00:59:25.216+0000] {dagbag.py:538} INFO - Filling up the DagBag from /home/airflow/.local/lib/python3.7/site-packages/airflow/example_dags/example_short_circuit_operator.py
[2025-10-08T00:59:25.225+0000] {processor.py:753} INFO - DAG(s) dict_keys(['example_short_circuit_operator']) retrieved from /home/airflow/.local/lib/python3.7/site-packages/airflow/example_dags/example_short_circuit_operator.py
[2025-10-08T00:59:25.242+0000] {logging_mixin.py:137} INFO - [2025-10-08T00:59:25.242+0000] {dag.py:2690} INFO - Sync 1 DAGs
[2025-10-08T00:59:25.256+0000] {logging_mixin.py:137} INFO - [2025-10-08T00:59:25.256+0000] {dag.py:3441} INFO - Setting next_dagrun for example_short_circuit_operator to 2025-10-07T00:59:25.255933+00:00, run_after=2025-10-08T00:59:25.255933+00:00
[2025-10-08T00:59:25.268+0000] {processor.py:175} INFO - Processing /home/airflow/.local/lib/python3.7/site-packages/airflow/example_dags/example_short_circuit_operator.py took 0.055 seconds
[2025-10-08T00:59:56.085+0000] {processor.py:153} INFO - Started process (PID=1127) to work on /home/airflow/.local/lib/python3.7/site-packages/airflow/example_dags/example_short_circuit_operator.py
[2025-10-08T00:59:56.086+0000] {processor.py:743} INFO - Processing file /home/airflow/.local/lib/python3.7/site-packages/airflow/example_dags/example_short_circuit_operator.py for tasks to queue
[2025-10-08T00:59:56.086+0000] {logging_mixin.py:137} INFO - [2025-10-08T00:59:56.086+0000] {dagbag.py:538} INFO - Filling up the DagBag from /home/airflow/.local/lib/python3.7/site-packages/airflow/example_dags/example_short_circuit_operator.py
[2025-10-08T00:59:56.095+0000] {processor.py:753} INFO - DAG(s) dict_keys(['example_short_circuit_operator']) retrieved from /home/airflow/.local/lib/python3.7/site-packages/airflow/example_dags/example_short_circuit_operator.py
[2025-10-08T00:59:56.110+0000] {logging_mixin.py:137} INFO - [2025-10-08T00:59:56.110+0000] {dag.py:2690} INFO - Sync 1 DAGs
[2025-10-08T00:59:56.124+0000] {logging_mixin.py:137} INFO - [2025-10-08T00:59:56.124+0000] {dag.py:3441} INFO - Setting next_dagrun for example_short_circuit_operator to 2025-10-07T00:59:56.123974+00:00, run_after=2025-10-08T00:59:56.123974+00:00
[2025-10-08T00:59:56.135+0000] {processor.py:175} INFO - Processing /home/airflow/.local/lib/python3.7/site-packages/airflow/example_dags/example_short_circuit_operator.py took 0.052 seconds
[2025-10-08T01:00:26.863+0000] {processor.py:153} INFO - Started process (PID=1213) to work on /home/airflow/.local/lib/python3.7/site-packages/airflow/example_dags/example_short_circuit_operator.py
[2025-10-08T01:00:26.863+0000] {processor.py:743} INFO - Processing file /home/airflow/.local/lib/python3.7/site-packages/airflow/example_dags/example_short_circuit_operator.py for tasks to queue
[2025-10-08T01:00:26.864+0000] {logging_mixin.py:137} INFO - [2025-10-08T01:00:26.863+0000] {dagbag.py:538} INFO - Filling up the DagBag from /home/airflow/.local/lib/python3.7/site-packages/airflow/example_dags/example_short_circuit_operator.py
[2025-10-08T01:00:26.873+0000] {processor.py:753} INFO - DAG(s) dict_keys(['example_short_circuit_operator']) retrieved from /home/airflow/.local/lib/python3.7/site-packages/airflow/example_dags/example_short_circuit_operator.py
[2025-10-08T01:00:26.890+0000] {logging_mixin.py:137} INFO - [2025-10-08T01:00:26.890+0000] {dag.py:2690} INFO - Sync 1 DAGs
[2025-10-08T01:00:26.905+0000] {logging_mixin.py:137} INFO - [2025-10-08T01:00:26.905+0000] {dag.py:3441} INFO - Setting next_dagrun for example_short_circuit_operator to 2025-10-07T01:00:26.905047+00:00, run_after=2025-10-08T01:00:26.905047+00:00
[2025-10-08T01:00:26.916+0000] {processor.py:175} INFO - Processing /home/airflow/.local/lib/python3.7/site-packages/airflow/example_dags/example_short_circuit_operator.py took 0.055 seconds
[2025-10-08T01:00:57.808+0000] {processor.py:153} INFO - Started process (PID=1299) to work on /home/airflow/.local/lib/python3.7/site-packages/airflow/example_dags/example_short_circuit_operator.py
[2025-10-08T01:00:57.809+0000] {processor.py:743} INFO - Processing file /home/airflow/.local/lib/python3.7/site-packages/airflow/example_dags/example_short_circuit_operator.py for tasks to queue
[2025-10-08T01:00:57.809+0000] {logging_mixin.py:137} INFO - [2025-10-08T01:00:57.809+0000] {dagbag.py:538} INFO - Filling up the DagBag from /home/airflow/.local/lib/python3.7/site-packages/airflow/example_dags/example_short_circuit_operator.py
[2025-10-08T01:00:57.818+0000] {processor.py:753} INFO - DAG(s) dict_keys(['example_short_circuit_operator']) retrieved from /home/airflow/.local/lib/python3.7/site-packages/airflow/example_dags/example_short_circuit_operator.py
[2025-10-08T01:00:57.832+0000] {logging_mixin.py:137} INFO - [2025-10-08T01:00:57.832+0000] {dag.py:2690} INFO - Sync 1 DAGs
[2025-10-08T01:00:57.845+0000] {logging_mixin.py:137} INFO - [2025-10-08T01:00:57.845+0000] {dag.py:3441} INFO - Setting next_dagrun for example_short_circuit_operator to 2025-10-07T01:00:57.845025+00:00, run_after=2025-10-08T01:00:57.845025+00:00
[2025-10-08T01:00:57.855+0000] {processor.py:175} INFO - Processing /home/airflow/.local/lib/python3.7/site-packages/airflow/example_dags/example_short_circuit_operator.py took 0.049 seconds
[2025-10-08T01:01:28.549+0000] {processor.py:153} INFO - Started process (PID=1394) to work on /home/airflow/.local/lib/python3.7/site-packages/airflow/example_dags/example_short_circuit_operator.py
[2025-10-08T01:01:28.550+0000] {processor.py:743} INFO - Processing file /home/airflow/.local/lib/python3.7/site-packages/airflow/example_dags/example_short_circuit_operator.py for tasks to queue
[2025-10-08T01:01:28.550+0000] {logging_mixin.py:137} INFO - [2025-10-08T01:01:28.550+0000] {dagbag.py:538} INFO - Filling up the DagBag from /home/airflow/.local/lib/python3.7/site-packages/airflow/example_dags/example_short_circuit_operator.py
[2025-10-08T01:01:28.559+0000] {processor.py:753} INFO - DAG(s) dict_keys(['example_short_circuit_operator']) retrieved from /home/airflow/.local/lib/python3.7/site-packages/airflow/example_dags/example_short_circuit_operator.py
[2025-10-08T01:01:28.574+0000] {logging_mixin.py:137} INFO - [2025-10-08T01:01:28.574+0000] {dag.py:2690} INFO - Sync 1 DAGs
[2025-10-08T01:01:28.587+0000] {logging_mixin.py:137} INFO - [2025-10-08T01:01:28.587+0000] {dag.py:3441} INFO - Setting next_dagrun for example_short_circuit_operator to 2025-10-07T01:01:28.587090+00:00, run_after=2025-10-08T01:01:28.587090+00:00
[2025-10-08T01:01:28.597+0000] {processor.py:175} INFO - Processing /home/airflow/.local/lib/python3.7/site-packages/airflow/example_dags/example_short_circuit_operator.py took 0.050 seconds
