[2025-10-08T00:50:06.243+0000] {processor.py:153} INFO - Started process (PID=73) to work on /home/airflow/.local/lib/python3.7/site-packages/airflow/example_dags/example_xcom.py
[2025-10-08T00:50:06.246+0000] {processor.py:743} INFO - Processing file /home/airflow/.local/lib/python3.7/site-packages/airflow/example_dags/example_xcom.py for tasks to queue
[2025-10-08T00:50:06.247+0000] {logging_mixin.py:137} INFO - [2025-10-08T00:50:06.247+0000] {dagbag.py:538} INFO - Filling up the DagBag from /home/airflow/.local/lib/python3.7/site-packages/airflow/example_dags/example_xcom.py
[2025-10-08T00:50:06.274+0000] {processor.py:753} INFO - DAG(s) dict_keys(['example_xcom']) retrieved from /home/airflow/.local/lib/python3.7/site-packages/airflow/example_dags/example_xcom.py
[2025-10-08T00:50:06.290+0000] {logging_mixin.py:137} INFO - [2025-10-08T00:50:06.290+0000] {dag.py:2690} INFO - Sync 1 DAGs
[2025-10-08T00:50:06.315+0000] {logging_mixin.py:137} INFO - [2025-10-08T00:50:06.315+0000] {dag.py:3441} INFO - Setting next_dagrun for example_xcom to 2021-01-01T00:00:00+00:00, run_after=2021-01-01T00:00:00+00:00
[2025-10-08T00:50:06.336+0000] {processor.py:175} INFO - Processing /home/airflow/.local/lib/python3.7/site-packages/airflow/example_dags/example_xcom.py took 0.098 seconds
[2025-10-08T00:50:36.676+0000] {processor.py:153} INFO - Started process (PID=168) to work on /home/airflow/.local/lib/python3.7/site-packages/airflow/example_dags/example_xcom.py
[2025-10-08T00:50:36.676+0000] {processor.py:743} INFO - Processing file /home/airflow/.local/lib/python3.7/site-packages/airflow/example_dags/example_xcom.py for tasks to queue
[2025-10-08T00:50:36.677+0000] {logging_mixin.py:137} INFO - [2025-10-08T00:50:36.677+0000] {dagbag.py:538} INFO - Filling up the DagBag from /home/airflow/.local/lib/python3.7/site-packages/airflow/example_dags/example_xcom.py
[2025-10-08T00:50:36.693+0000] {processor.py:753} INFO - DAG(s) dict_keys(['example_xcom']) retrieved from /home/airflow/.local/lib/python3.7/site-packages/airflow/example_dags/example_xcom.py
[2025-10-08T00:50:36.709+0000] {logging_mixin.py:137} INFO - [2025-10-08T00:50:36.709+0000] {dag.py:2690} INFO - Sync 1 DAGs
[2025-10-08T00:50:36.725+0000] {logging_mixin.py:137} INFO - [2025-10-08T00:50:36.725+0000] {dag.py:3441} INFO - Setting next_dagrun for example_xcom to 2021-01-01T00:00:00+00:00, run_after=2021-01-01T00:00:00+00:00
[2025-10-08T00:50:36.735+0000] {processor.py:175} INFO - Processing /home/airflow/.local/lib/python3.7/site-packages/airflow/example_dags/example_xcom.py took 0.061 seconds
[2025-10-08T00:51:07.915+0000] {processor.py:153} INFO - Started process (PID=263) to work on /home/airflow/.local/lib/python3.7/site-packages/airflow/example_dags/example_xcom.py
[2025-10-08T00:51:07.916+0000] {processor.py:743} INFO - Processing file /home/airflow/.local/lib/python3.7/site-packages/airflow/example_dags/example_xcom.py for tasks to queue
[2025-10-08T00:51:07.917+0000] {logging_mixin.py:137} INFO - [2025-10-08T00:51:07.917+0000] {dagbag.py:538} INFO - Filling up the DagBag from /home/airflow/.local/lib/python3.7/site-packages/airflow/example_dags/example_xcom.py
[2025-10-08T00:51:07.929+0000] {processor.py:753} INFO - DAG(s) dict_keys(['example_xcom']) retrieved from /home/airflow/.local/lib/python3.7/site-packages/airflow/example_dags/example_xcom.py
[2025-10-08T00:51:07.944+0000] {logging_mixin.py:137} INFO - [2025-10-08T00:51:07.943+0000] {dag.py:2690} INFO - Sync 1 DAGs
[2025-10-08T00:51:07.961+0000] {logging_mixin.py:137} INFO - [2025-10-08T00:51:07.961+0000] {dag.py:3441} INFO - Setting next_dagrun for example_xcom to 2021-01-01T00:00:00+00:00, run_after=2021-01-01T00:00:00+00:00
[2025-10-08T00:51:07.975+0000] {processor.py:175} INFO - Processing /home/airflow/.local/lib/python3.7/site-packages/airflow/example_dags/example_xcom.py took 0.062 seconds
[2025-10-08T00:51:38.925+0000] {processor.py:153} INFO - Started process (PID=340) to work on /home/airflow/.local/lib/python3.7/site-packages/airflow/example_dags/example_xcom.py
[2025-10-08T00:51:38.925+0000] {processor.py:743} INFO - Processing file /home/airflow/.local/lib/python3.7/site-packages/airflow/example_dags/example_xcom.py for tasks to queue
[2025-10-08T00:51:38.926+0000] {logging_mixin.py:137} INFO - [2025-10-08T00:51:38.926+0000] {dagbag.py:538} INFO - Filling up the DagBag from /home/airflow/.local/lib/python3.7/site-packages/airflow/example_dags/example_xcom.py
[2025-10-08T00:51:38.938+0000] {processor.py:753} INFO - DAG(s) dict_keys(['example_xcom']) retrieved from /home/airflow/.local/lib/python3.7/site-packages/airflow/example_dags/example_xcom.py
[2025-10-08T00:51:38.957+0000] {logging_mixin.py:137} INFO - [2025-10-08T00:51:38.957+0000] {dag.py:2690} INFO - Sync 1 DAGs
[2025-10-08T00:51:38.975+0000] {logging_mixin.py:137} INFO - [2025-10-08T00:51:38.975+0000] {dag.py:3441} INFO - Setting next_dagrun for example_xcom to 2021-01-01T00:00:00+00:00, run_after=2021-01-01T00:00:00+00:00
[2025-10-08T00:51:38.990+0000] {processor.py:175} INFO - Processing /home/airflow/.local/lib/python3.7/site-packages/airflow/example_dags/example_xcom.py took 0.067 seconds
[2025-10-08T00:52:09.789+0000] {processor.py:153} INFO - Started process (PID=434) to work on /home/airflow/.local/lib/python3.7/site-packages/airflow/example_dags/example_xcom.py
[2025-10-08T00:52:09.792+0000] {processor.py:743} INFO - Processing file /home/airflow/.local/lib/python3.7/site-packages/airflow/example_dags/example_xcom.py for tasks to queue
[2025-10-08T00:52:09.792+0000] {logging_mixin.py:137} INFO - [2025-10-08T00:52:09.792+0000] {dagbag.py:538} INFO - Filling up the DagBag from /home/airflow/.local/lib/python3.7/site-packages/airflow/example_dags/example_xcom.py
[2025-10-08T00:52:09.805+0000] {processor.py:753} INFO - DAG(s) dict_keys(['example_xcom']) retrieved from /home/airflow/.local/lib/python3.7/site-packages/airflow/example_dags/example_xcom.py
[2025-10-08T00:52:09.824+0000] {logging_mixin.py:137} INFO - [2025-10-08T00:52:09.824+0000] {dag.py:2690} INFO - Sync 1 DAGs
[2025-10-08T00:52:09.838+0000] {logging_mixin.py:137} INFO - [2025-10-08T00:52:09.838+0000] {dag.py:3441} INFO - Setting next_dagrun for example_xcom to 2021-01-01T00:00:00+00:00, run_after=2021-01-01T00:00:00+00:00
[2025-10-08T00:52:09.854+0000] {processor.py:175} INFO - Processing /home/airflow/.local/lib/python3.7/site-packages/airflow/example_dags/example_xcom.py took 0.067 seconds
[2025-10-08T00:52:40.864+0000] {processor.py:153} INFO - Started process (PID=529) to work on /home/airflow/.local/lib/python3.7/site-packages/airflow/example_dags/example_xcom.py
[2025-10-08T00:52:40.865+0000] {processor.py:743} INFO - Processing file /home/airflow/.local/lib/python3.7/site-packages/airflow/example_dags/example_xcom.py for tasks to queue
[2025-10-08T00:52:40.866+0000] {logging_mixin.py:137} INFO - [2025-10-08T00:52:40.866+0000] {dagbag.py:538} INFO - Filling up the DagBag from /home/airflow/.local/lib/python3.7/site-packages/airflow/example_dags/example_xcom.py
[2025-10-08T00:52:40.879+0000] {processor.py:753} INFO - DAG(s) dict_keys(['example_xcom']) retrieved from /home/airflow/.local/lib/python3.7/site-packages/airflow/example_dags/example_xcom.py
[2025-10-08T00:52:40.898+0000] {logging_mixin.py:137} INFO - [2025-10-08T00:52:40.898+0000] {dag.py:2690} INFO - Sync 1 DAGs
[2025-10-08T00:52:40.913+0000] {logging_mixin.py:137} INFO - [2025-10-08T00:52:40.913+0000] {dag.py:3441} INFO - Setting next_dagrun for example_xcom to 2021-01-01T00:00:00+00:00, run_after=2021-01-01T00:00:00+00:00
[2025-10-08T00:52:40.926+0000] {processor.py:175} INFO - Processing /home/airflow/.local/lib/python3.7/site-packages/airflow/example_dags/example_xcom.py took 0.064 seconds
[2025-10-08T00:54:16.316+0000] {processor.py:153} INFO - Started process (PID=135) to work on /home/airflow/.local/lib/python3.7/site-packages/airflow/example_dags/example_xcom.py
[2025-10-08T00:54:16.320+0000] {processor.py:743} INFO - Processing file /home/airflow/.local/lib/python3.7/site-packages/airflow/example_dags/example_xcom.py for tasks to queue
[2025-10-08T00:54:16.321+0000] {logging_mixin.py:137} INFO - [2025-10-08T00:54:16.321+0000] {dagbag.py:538} INFO - Filling up the DagBag from /home/airflow/.local/lib/python3.7/site-packages/airflow/example_dags/example_xcom.py
[2025-10-08T00:54:16.353+0000] {processor.py:753} INFO - DAG(s) dict_keys(['example_xcom']) retrieved from /home/airflow/.local/lib/python3.7/site-packages/airflow/example_dags/example_xcom.py
[2025-10-08T00:54:16.383+0000] {logging_mixin.py:137} INFO - [2025-10-08T00:54:16.383+0000] {dag.py:2690} INFO - Sync 1 DAGs
[2025-10-08T00:54:16.402+0000] {logging_mixin.py:137} INFO - [2025-10-08T00:54:16.402+0000] {dag.py:3441} INFO - Setting next_dagrun for example_xcom to 2021-01-01T00:00:00+00:00, run_after=2021-01-01T00:00:00+00:00
[2025-10-08T00:54:16.435+0000] {processor.py:175} INFO - Processing /home/airflow/.local/lib/python3.7/site-packages/airflow/example_dags/example_xcom.py took 0.121 seconds
[2025-10-08T00:54:47.517+0000] {processor.py:153} INFO - Started process (PID=230) to work on /home/airflow/.local/lib/python3.7/site-packages/airflow/example_dags/example_xcom.py
[2025-10-08T00:54:47.518+0000] {processor.py:743} INFO - Processing file /home/airflow/.local/lib/python3.7/site-packages/airflow/example_dags/example_xcom.py for tasks to queue
[2025-10-08T00:54:47.519+0000] {logging_mixin.py:137} INFO - [2025-10-08T00:54:47.519+0000] {dagbag.py:538} INFO - Filling up the DagBag from /home/airflow/.local/lib/python3.7/site-packages/airflow/example_dags/example_xcom.py
[2025-10-08T00:54:47.538+0000] {processor.py:753} INFO - DAG(s) dict_keys(['example_xcom']) retrieved from /home/airflow/.local/lib/python3.7/site-packages/airflow/example_dags/example_xcom.py
[2025-10-08T00:54:47.560+0000] {logging_mixin.py:137} INFO - [2025-10-08T00:54:47.560+0000] {dag.py:2690} INFO - Sync 1 DAGs
[2025-10-08T00:54:47.576+0000] {logging_mixin.py:137} INFO - [2025-10-08T00:54:47.576+0000] {dag.py:3441} INFO - Setting next_dagrun for example_xcom to 2021-01-01T00:00:00+00:00, run_after=2021-01-01T00:00:00+00:00
[2025-10-08T00:54:47.592+0000] {processor.py:175} INFO - Processing /home/airflow/.local/lib/python3.7/site-packages/airflow/example_dags/example_xcom.py took 0.078 seconds
[2025-10-08T00:55:18.521+0000] {processor.py:153} INFO - Started process (PID=307) to work on /home/airflow/.local/lib/python3.7/site-packages/airflow/example_dags/example_xcom.py
[2025-10-08T00:55:18.522+0000] {processor.py:743} INFO - Processing file /home/airflow/.local/lib/python3.7/site-packages/airflow/example_dags/example_xcom.py for tasks to queue
[2025-10-08T00:55:18.522+0000] {logging_mixin.py:137} INFO - [2025-10-08T00:55:18.522+0000] {dagbag.py:538} INFO - Filling up the DagBag from /home/airflow/.local/lib/python3.7/site-packages/airflow/example_dags/example_xcom.py
[2025-10-08T00:55:18.534+0000] {processor.py:753} INFO - DAG(s) dict_keys(['example_xcom']) retrieved from /home/airflow/.local/lib/python3.7/site-packages/airflow/example_dags/example_xcom.py
[2025-10-08T00:55:18.548+0000] {logging_mixin.py:137} INFO - [2025-10-08T00:55:18.548+0000] {dag.py:2690} INFO - Sync 1 DAGs
[2025-10-08T00:55:18.561+0000] {logging_mixin.py:137} INFO - [2025-10-08T00:55:18.561+0000] {dag.py:3441} INFO - Setting next_dagrun for example_xcom to 2021-01-01T00:00:00+00:00, run_after=2021-01-01T00:00:00+00:00
[2025-10-08T00:55:18.574+0000] {processor.py:175} INFO - Processing /home/airflow/.local/lib/python3.7/site-packages/airflow/example_dags/example_xcom.py took 0.054 seconds
[2025-10-08T00:55:49.469+0000] {processor.py:153} INFO - Started process (PID=402) to work on /home/airflow/.local/lib/python3.7/site-packages/airflow/example_dags/example_xcom.py
[2025-10-08T00:55:49.470+0000] {processor.py:743} INFO - Processing file /home/airflow/.local/lib/python3.7/site-packages/airflow/example_dags/example_xcom.py for tasks to queue
[2025-10-08T00:55:49.470+0000] {logging_mixin.py:137} INFO - [2025-10-08T00:55:49.470+0000] {dagbag.py:538} INFO - Filling up the DagBag from /home/airflow/.local/lib/python3.7/site-packages/airflow/example_dags/example_xcom.py
[2025-10-08T00:55:49.483+0000] {processor.py:753} INFO - DAG(s) dict_keys(['example_xcom']) retrieved from /home/airflow/.local/lib/python3.7/site-packages/airflow/example_dags/example_xcom.py
[2025-10-08T00:55:49.499+0000] {logging_mixin.py:137} INFO - [2025-10-08T00:55:49.499+0000] {dag.py:2690} INFO - Sync 1 DAGs
[2025-10-08T00:55:49.513+0000] {logging_mixin.py:137} INFO - [2025-10-08T00:55:49.513+0000] {dag.py:3441} INFO - Setting next_dagrun for example_xcom to 2021-01-01T00:00:00+00:00, run_after=2021-01-01T00:00:00+00:00
[2025-10-08T00:55:49.523+0000] {processor.py:175} INFO - Processing /home/airflow/.local/lib/python3.7/site-packages/airflow/example_dags/example_xcom.py took 0.056 seconds
[2025-10-08T00:56:20.361+0000] {processor.py:153} INFO - Started process (PID=497) to work on /home/airflow/.local/lib/python3.7/site-packages/airflow/example_dags/example_xcom.py
[2025-10-08T00:56:20.362+0000] {processor.py:743} INFO - Processing file /home/airflow/.local/lib/python3.7/site-packages/airflow/example_dags/example_xcom.py for tasks to queue
[2025-10-08T00:56:20.363+0000] {logging_mixin.py:137} INFO - [2025-10-08T00:56:20.363+0000] {dagbag.py:538} INFO - Filling up the DagBag from /home/airflow/.local/lib/python3.7/site-packages/airflow/example_dags/example_xcom.py
[2025-10-08T00:56:20.378+0000] {processor.py:753} INFO - DAG(s) dict_keys(['example_xcom']) retrieved from /home/airflow/.local/lib/python3.7/site-packages/airflow/example_dags/example_xcom.py
[2025-10-08T00:56:20.395+0000] {logging_mixin.py:137} INFO - [2025-10-08T00:56:20.395+0000] {dag.py:2690} INFO - Sync 1 DAGs
[2025-10-08T00:56:20.413+0000] {logging_mixin.py:137} INFO - [2025-10-08T00:56:20.412+0000] {dag.py:3441} INFO - Setting next_dagrun for example_xcom to 2021-01-01T00:00:00+00:00, run_after=2021-01-01T00:00:00+00:00
[2025-10-08T00:56:20.423+0000] {processor.py:175} INFO - Processing /home/airflow/.local/lib/python3.7/site-packages/airflow/example_dags/example_xcom.py took 0.065 seconds
[2025-10-08T00:56:51.167+0000] {processor.py:153} INFO - Started process (PID=574) to work on /home/airflow/.local/lib/python3.7/site-packages/airflow/example_dags/example_xcom.py
[2025-10-08T00:56:51.168+0000] {processor.py:743} INFO - Processing file /home/airflow/.local/lib/python3.7/site-packages/airflow/example_dags/example_xcom.py for tasks to queue
[2025-10-08T00:56:51.168+0000] {logging_mixin.py:137} INFO - [2025-10-08T00:56:51.168+0000] {dagbag.py:538} INFO - Filling up the DagBag from /home/airflow/.local/lib/python3.7/site-packages/airflow/example_dags/example_xcom.py
[2025-10-08T00:56:51.181+0000] {processor.py:753} INFO - DAG(s) dict_keys(['example_xcom']) retrieved from /home/airflow/.local/lib/python3.7/site-packages/airflow/example_dags/example_xcom.py
[2025-10-08T00:56:51.205+0000] {logging_mixin.py:137} INFO - [2025-10-08T00:56:51.205+0000] {dag.py:2690} INFO - Sync 1 DAGs
[2025-10-08T00:56:51.241+0000] {logging_mixin.py:137} INFO - [2025-10-08T00:56:51.241+0000] {dag.py:3441} INFO - Setting next_dagrun for example_xcom to 2021-01-01T00:00:00+00:00, run_after=2021-01-01T00:00:00+00:00
[2025-10-08T00:56:51.275+0000] {processor.py:175} INFO - Processing /home/airflow/.local/lib/python3.7/site-packages/airflow/example_dags/example_xcom.py took 0.111 seconds
[2025-10-08T00:57:22.192+0000] {processor.py:153} INFO - Started process (PID=669) to work on /home/airflow/.local/lib/python3.7/site-packages/airflow/example_dags/example_xcom.py
[2025-10-08T00:57:22.193+0000] {processor.py:743} INFO - Processing file /home/airflow/.local/lib/python3.7/site-packages/airflow/example_dags/example_xcom.py for tasks to queue
[2025-10-08T00:57:22.193+0000] {logging_mixin.py:137} INFO - [2025-10-08T00:57:22.193+0000] {dagbag.py:538} INFO - Filling up the DagBag from /home/airflow/.local/lib/python3.7/site-packages/airflow/example_dags/example_xcom.py
[2025-10-08T00:57:22.206+0000] {processor.py:753} INFO - DAG(s) dict_keys(['example_xcom']) retrieved from /home/airflow/.local/lib/python3.7/site-packages/airflow/example_dags/example_xcom.py
[2025-10-08T00:57:22.220+0000] {logging_mixin.py:137} INFO - [2025-10-08T00:57:22.220+0000] {dag.py:2690} INFO - Sync 1 DAGs
[2025-10-08T00:57:22.234+0000] {logging_mixin.py:137} INFO - [2025-10-08T00:57:22.234+0000] {dag.py:3441} INFO - Setting next_dagrun for example_xcom to 2021-01-01T00:00:00+00:00, run_after=2021-01-01T00:00:00+00:00
[2025-10-08T00:57:22.246+0000] {processor.py:175} INFO - Processing /home/airflow/.local/lib/python3.7/site-packages/airflow/example_dags/example_xcom.py took 0.056 seconds
[2025-10-08T00:57:53.105+0000] {processor.py:153} INFO - Started process (PID=764) to work on /home/airflow/.local/lib/python3.7/site-packages/airflow/example_dags/example_xcom.py
[2025-10-08T00:57:53.105+0000] {processor.py:743} INFO - Processing file /home/airflow/.local/lib/python3.7/site-packages/airflow/example_dags/example_xcom.py for tasks to queue
[2025-10-08T00:57:53.105+0000] {logging_mixin.py:137} INFO - [2025-10-08T00:57:53.105+0000] {dagbag.py:538} INFO - Filling up the DagBag from /home/airflow/.local/lib/python3.7/site-packages/airflow/example_dags/example_xcom.py
[2025-10-08T00:57:53.119+0000] {processor.py:753} INFO - DAG(s) dict_keys(['example_xcom']) retrieved from /home/airflow/.local/lib/python3.7/site-packages/airflow/example_dags/example_xcom.py
[2025-10-08T00:57:53.136+0000] {logging_mixin.py:137} INFO - [2025-10-08T00:57:53.136+0000] {dag.py:2690} INFO - Sync 1 DAGs
[2025-10-08T00:57:53.151+0000] {logging_mixin.py:137} INFO - [2025-10-08T00:57:53.151+0000] {dag.py:3441} INFO - Setting next_dagrun for example_xcom to 2021-01-01T00:00:00+00:00, run_after=2021-01-01T00:00:00+00:00
[2025-10-08T00:57:53.162+0000] {processor.py:175} INFO - Processing /home/airflow/.local/lib/python3.7/site-packages/airflow/example_dags/example_xcom.py took 0.059 seconds
[2025-10-08T00:58:24.026+0000] {processor.py:153} INFO - Started process (PID=859) to work on /home/airflow/.local/lib/python3.7/site-packages/airflow/example_dags/example_xcom.py
[2025-10-08T00:58:24.027+0000] {processor.py:743} INFO - Processing file /home/airflow/.local/lib/python3.7/site-packages/airflow/example_dags/example_xcom.py for tasks to queue
[2025-10-08T00:58:24.027+0000] {logging_mixin.py:137} INFO - [2025-10-08T00:58:24.027+0000] {dagbag.py:538} INFO - Filling up the DagBag from /home/airflow/.local/lib/python3.7/site-packages/airflow/example_dags/example_xcom.py
[2025-10-08T00:58:24.040+0000] {processor.py:753} INFO - DAG(s) dict_keys(['example_xcom']) retrieved from /home/airflow/.local/lib/python3.7/site-packages/airflow/example_dags/example_xcom.py
[2025-10-08T00:58:24.061+0000] {logging_mixin.py:137} INFO - [2025-10-08T00:58:24.060+0000] {dag.py:2690} INFO - Sync 1 DAGs
[2025-10-08T00:58:24.075+0000] {logging_mixin.py:137} INFO - [2025-10-08T00:58:24.075+0000] {dag.py:3441} INFO - Setting next_dagrun for example_xcom to 2021-01-01T00:00:00+00:00, run_after=2021-01-01T00:00:00+00:00
[2025-10-08T00:58:24.087+0000] {processor.py:175} INFO - Processing /home/airflow/.local/lib/python3.7/site-packages/airflow/example_dags/example_xcom.py took 0.064 seconds
[2025-10-08T00:58:54.139+0000] {processor.py:153} INFO - Started process (PID=934) to work on /home/airflow/.local/lib/python3.7/site-packages/airflow/example_dags/example_xcom.py
[2025-10-08T00:58:54.139+0000] {processor.py:743} INFO - Processing file /home/airflow/.local/lib/python3.7/site-packages/airflow/example_dags/example_xcom.py for tasks to queue
[2025-10-08T00:58:54.140+0000] {logging_mixin.py:137} INFO - [2025-10-08T00:58:54.139+0000] {dagbag.py:538} INFO - Filling up the DagBag from /home/airflow/.local/lib/python3.7/site-packages/airflow/example_dags/example_xcom.py
[2025-10-08T00:58:54.153+0000] {processor.py:753} INFO - DAG(s) dict_keys(['example_xcom']) retrieved from /home/airflow/.local/lib/python3.7/site-packages/airflow/example_dags/example_xcom.py
[2025-10-08T00:58:54.168+0000] {logging_mixin.py:137} INFO - [2025-10-08T00:58:54.168+0000] {dag.py:2690} INFO - Sync 1 DAGs
[2025-10-08T00:58:54.182+0000] {logging_mixin.py:137} INFO - [2025-10-08T00:58:54.181+0000] {dag.py:3441} INFO - Setting next_dagrun for example_xcom to 2021-01-01T00:00:00+00:00, run_after=2021-01-01T00:00:00+00:00
[2025-10-08T00:58:54.193+0000] {processor.py:175} INFO - Processing /home/airflow/.local/lib/python3.7/site-packages/airflow/example_dags/example_xcom.py took 0.056 seconds
[2025-10-08T00:59:25.145+0000] {processor.py:153} INFO - Started process (PID=1031) to work on /home/airflow/.local/lib/python3.7/site-packages/airflow/example_dags/example_xcom.py
[2025-10-08T00:59:25.146+0000] {processor.py:743} INFO - Processing file /home/airflow/.local/lib/python3.7/site-packages/airflow/example_dags/example_xcom.py for tasks to queue
[2025-10-08T00:59:25.147+0000] {logging_mixin.py:137} INFO - [2025-10-08T00:59:25.147+0000] {dagbag.py:538} INFO - Filling up the DagBag from /home/airflow/.local/lib/python3.7/site-packages/airflow/example_dags/example_xcom.py
[2025-10-08T00:59:25.159+0000] {processor.py:753} INFO - DAG(s) dict_keys(['example_xcom']) retrieved from /home/airflow/.local/lib/python3.7/site-packages/airflow/example_dags/example_xcom.py
[2025-10-08T00:59:25.176+0000] {logging_mixin.py:137} INFO - [2025-10-08T00:59:25.176+0000] {dag.py:2690} INFO - Sync 1 DAGs
[2025-10-08T00:59:25.190+0000] {logging_mixin.py:137} INFO - [2025-10-08T00:59:25.190+0000] {dag.py:3441} INFO - Setting next_dagrun for example_xcom to 2021-01-01T00:00:00+00:00, run_after=2021-01-01T00:00:00+00:00
[2025-10-08T00:59:25.203+0000] {processor.py:175} INFO - Processing /home/airflow/.local/lib/python3.7/site-packages/airflow/example_dags/example_xcom.py took 0.059 seconds
[2025-10-08T00:59:56.018+0000] {processor.py:153} INFO - Started process (PID=1126) to work on /home/airflow/.local/lib/python3.7/site-packages/airflow/example_dags/example_xcom.py
[2025-10-08T00:59:56.019+0000] {processor.py:743} INFO - Processing file /home/airflow/.local/lib/python3.7/site-packages/airflow/example_dags/example_xcom.py for tasks to queue
[2025-10-08T00:59:56.019+0000] {logging_mixin.py:137} INFO - [2025-10-08T00:59:56.019+0000] {dagbag.py:538} INFO - Filling up the DagBag from /home/airflow/.local/lib/python3.7/site-packages/airflow/example_dags/example_xcom.py
[2025-10-08T00:59:56.032+0000] {processor.py:753} INFO - DAG(s) dict_keys(['example_xcom']) retrieved from /home/airflow/.local/lib/python3.7/site-packages/airflow/example_dags/example_xcom.py
[2025-10-08T00:59:56.048+0000] {logging_mixin.py:137} INFO - [2025-10-08T00:59:56.048+0000] {dag.py:2690} INFO - Sync 1 DAGs
[2025-10-08T00:59:56.061+0000] {logging_mixin.py:137} INFO - [2025-10-08T00:59:56.061+0000] {dag.py:3441} INFO - Setting next_dagrun for example_xcom to 2021-01-01T00:00:00+00:00, run_after=2021-01-01T00:00:00+00:00
[2025-10-08T00:59:56.073+0000] {processor.py:175} INFO - Processing /home/airflow/.local/lib/python3.7/site-packages/airflow/example_dags/example_xcom.py took 0.057 seconds
[2025-10-08T01:00:26.796+0000] {processor.py:153} INFO - Started process (PID=1212) to work on /home/airflow/.local/lib/python3.7/site-packages/airflow/example_dags/example_xcom.py
[2025-10-08T01:00:26.796+0000] {processor.py:743} INFO - Processing file /home/airflow/.local/lib/python3.7/site-packages/airflow/example_dags/example_xcom.py for tasks to queue
[2025-10-08T01:00:26.797+0000] {logging_mixin.py:137} INFO - [2025-10-08T01:00:26.797+0000] {dagbag.py:538} INFO - Filling up the DagBag from /home/airflow/.local/lib/python3.7/site-packages/airflow/example_dags/example_xcom.py
[2025-10-08T01:00:26.811+0000] {processor.py:753} INFO - DAG(s) dict_keys(['example_xcom']) retrieved from /home/airflow/.local/lib/python3.7/site-packages/airflow/example_dags/example_xcom.py
[2025-10-08T01:00:26.827+0000] {logging_mixin.py:137} INFO - [2025-10-08T01:00:26.827+0000] {dag.py:2690} INFO - Sync 1 DAGs
[2025-10-08T01:00:26.840+0000] {logging_mixin.py:137} INFO - [2025-10-08T01:00:26.840+0000] {dag.py:3441} INFO - Setting next_dagrun for example_xcom to 2021-01-01T00:00:00+00:00, run_after=2021-01-01T00:00:00+00:00
[2025-10-08T01:00:26.851+0000] {processor.py:175} INFO - Processing /home/airflow/.local/lib/python3.7/site-packages/airflow/example_dags/example_xcom.py took 0.057 seconds
[2025-10-08T01:00:57.747+0000] {processor.py:153} INFO - Started process (PID=1298) to work on /home/airflow/.local/lib/python3.7/site-packages/airflow/example_dags/example_xcom.py
[2025-10-08T01:00:57.747+0000] {processor.py:743} INFO - Processing file /home/airflow/.local/lib/python3.7/site-packages/airflow/example_dags/example_xcom.py for tasks to queue
[2025-10-08T01:00:57.748+0000] {logging_mixin.py:137} INFO - [2025-10-08T01:00:57.748+0000] {dagbag.py:538} INFO - Filling up the DagBag from /home/airflow/.local/lib/python3.7/site-packages/airflow/example_dags/example_xcom.py
[2025-10-08T01:00:57.761+0000] {processor.py:753} INFO - DAG(s) dict_keys(['example_xcom']) retrieved from /home/airflow/.local/lib/python3.7/site-packages/airflow/example_dags/example_xcom.py
[2025-10-08T01:00:57.775+0000] {logging_mixin.py:137} INFO - [2025-10-08T01:00:57.775+0000] {dag.py:2690} INFO - Sync 1 DAGs
[2025-10-08T01:00:57.786+0000] {logging_mixin.py:137} INFO - [2025-10-08T01:00:57.786+0000] {dag.py:3441} INFO - Setting next_dagrun for example_xcom to 2021-01-01T00:00:00+00:00, run_after=2021-01-01T00:00:00+00:00
[2025-10-08T01:00:57.796+0000] {processor.py:175} INFO - Processing /home/airflow/.local/lib/python3.7/site-packages/airflow/example_dags/example_xcom.py took 0.051 seconds
[2025-10-08T01:01:28.484+0000] {processor.py:153} INFO - Started process (PID=1393) to work on /home/airflow/.local/lib/python3.7/site-packages/airflow/example_dags/example_xcom.py
[2025-10-08T01:01:28.485+0000] {processor.py:743} INFO - Processing file /home/airflow/.local/lib/python3.7/site-packages/airflow/example_dags/example_xcom.py for tasks to queue
[2025-10-08T01:01:28.485+0000] {logging_mixin.py:137} INFO - [2025-10-08T01:01:28.485+0000] {dagbag.py:538} INFO - Filling up the DagBag from /home/airflow/.local/lib/python3.7/site-packages/airflow/example_dags/example_xcom.py
[2025-10-08T01:01:28.499+0000] {processor.py:753} INFO - DAG(s) dict_keys(['example_xcom']) retrieved from /home/airflow/.local/lib/python3.7/site-packages/airflow/example_dags/example_xcom.py
[2025-10-08T01:01:28.514+0000] {logging_mixin.py:137} INFO - [2025-10-08T01:01:28.514+0000] {dag.py:2690} INFO - Sync 1 DAGs
[2025-10-08T01:01:28.528+0000] {logging_mixin.py:137} INFO - [2025-10-08T01:01:28.528+0000] {dag.py:3441} INFO - Setting next_dagrun for example_xcom to 2021-01-01T00:00:00+00:00, run_after=2021-01-01T00:00:00+00:00
[2025-10-08T01:01:28.538+0000] {processor.py:175} INFO - Processing /home/airflow/.local/lib/python3.7/site-packages/airflow/example_dags/example_xcom.py took 0.055 seconds
