[2025-10-08T00:50:06.432+0000] {processor.py:153} INFO - Started process (PID=75) to work on /home/airflow/.local/lib/python3.7/site-packages/airflow/example_dags/example_branch_day_of_week_operator.py
[2025-10-08T00:50:06.432+0000] {processor.py:743} INFO - Processing file /home/airflow/.local/lib/python3.7/site-packages/airflow/example_dags/example_branch_day_of_week_operator.py for tasks to queue
[2025-10-08T00:50:06.433+0000] {logging_mixin.py:137} INFO - [2025-10-08T00:50:06.433+0000] {dagbag.py:538} INFO - Filling up the DagBag from /home/airflow/.local/lib/python3.7/site-packages/airflow/example_dags/example_branch_day_of_week_operator.py
[2025-10-08T00:50:06.449+0000] {processor.py:753} INFO - DAG(s) dict_keys(['example_weekday_branch_operator']) retrieved from /home/airflow/.local/lib/python3.7/site-packages/airflow/example_dags/example_branch_day_of_week_operator.py
[2025-10-08T00:50:06.464+0000] {logging_mixin.py:137} INFO - [2025-10-08T00:50:06.464+0000] {dag.py:2690} INFO - Sync 1 DAGs
[2025-10-08T00:50:06.492+0000] {logging_mixin.py:137} INFO - [2025-10-08T00:50:06.492+0000] {dag.py:3441} INFO - Setting next_dagrun for example_weekday_branch_operator to 2025-10-07T00:00:00+00:00, run_after=2025-10-08T00:00:00+00:00
[2025-10-08T00:50:06.518+0000] {processor.py:175} INFO - Processing /home/airflow/.local/lib/python3.7/site-packages/airflow/example_dags/example_branch_day_of_week_operator.py took 0.089 seconds
[2025-10-08T00:50:36.749+0000] {processor.py:153} INFO - Started process (PID=170) to work on /home/airflow/.local/lib/python3.7/site-packages/airflow/example_dags/example_branch_day_of_week_operator.py
[2025-10-08T00:50:36.750+0000] {processor.py:743} INFO - Processing file /home/airflow/.local/lib/python3.7/site-packages/airflow/example_dags/example_branch_day_of_week_operator.py for tasks to queue
[2025-10-08T00:50:36.750+0000] {logging_mixin.py:137} INFO - [2025-10-08T00:50:36.750+0000] {dagbag.py:538} INFO - Filling up the DagBag from /home/airflow/.local/lib/python3.7/site-packages/airflow/example_dags/example_branch_day_of_week_operator.py
[2025-10-08T00:50:36.759+0000] {processor.py:753} INFO - DAG(s) dict_keys(['example_weekday_branch_operator']) retrieved from /home/airflow/.local/lib/python3.7/site-packages/airflow/example_dags/example_branch_day_of_week_operator.py
[2025-10-08T00:50:36.774+0000] {logging_mixin.py:137} INFO - [2025-10-08T00:50:36.774+0000] {dag.py:2690} INFO - Sync 1 DAGs
[2025-10-08T00:50:36.790+0000] {logging_mixin.py:137} INFO - [2025-10-08T00:50:36.790+0000] {dag.py:3441} INFO - Setting next_dagrun for example_weekday_branch_operator to 2025-10-07T00:00:00+00:00, run_after=2025-10-08T00:00:00+00:00
[2025-10-08T00:50:36.800+0000] {processor.py:175} INFO - Processing /home/airflow/.local/lib/python3.7/site-packages/airflow/example_dags/example_branch_day_of_week_operator.py took 0.053 seconds
[2025-10-08T00:51:07.994+0000] {processor.py:153} INFO - Started process (PID=265) to work on /home/airflow/.local/lib/python3.7/site-packages/airflow/example_dags/example_branch_day_of_week_operator.py
[2025-10-08T00:51:07.994+0000] {processor.py:743} INFO - Processing file /home/airflow/.local/lib/python3.7/site-packages/airflow/example_dags/example_branch_day_of_week_operator.py for tasks to queue
[2025-10-08T00:51:07.995+0000] {logging_mixin.py:137} INFO - [2025-10-08T00:51:07.995+0000] {dagbag.py:538} INFO - Filling up the DagBag from /home/airflow/.local/lib/python3.7/site-packages/airflow/example_dags/example_branch_day_of_week_operator.py
[2025-10-08T00:51:08.005+0000] {processor.py:753} INFO - DAG(s) dict_keys(['example_weekday_branch_operator']) retrieved from /home/airflow/.local/lib/python3.7/site-packages/airflow/example_dags/example_branch_day_of_week_operator.py
[2025-10-08T00:51:08.029+0000] {logging_mixin.py:137} INFO - [2025-10-08T00:51:08.029+0000] {dag.py:2690} INFO - Sync 1 DAGs
[2025-10-08T00:51:08.050+0000] {logging_mixin.py:137} INFO - [2025-10-08T00:51:08.050+0000] {dag.py:3441} INFO - Setting next_dagrun for example_weekday_branch_operator to 2025-10-07T00:00:00+00:00, run_after=2025-10-08T00:00:00+00:00
[2025-10-08T00:51:08.060+0000] {processor.py:175} INFO - Processing /home/airflow/.local/lib/python3.7/site-packages/airflow/example_dags/example_branch_day_of_week_operator.py took 0.068 seconds
[2025-10-08T00:51:39.011+0000] {processor.py:153} INFO - Started process (PID=342) to work on /home/airflow/.local/lib/python3.7/site-packages/airflow/example_dags/example_branch_day_of_week_operator.py
[2025-10-08T00:51:39.012+0000] {processor.py:743} INFO - Processing file /home/airflow/.local/lib/python3.7/site-packages/airflow/example_dags/example_branch_day_of_week_operator.py for tasks to queue
[2025-10-08T00:51:39.013+0000] {logging_mixin.py:137} INFO - [2025-10-08T00:51:39.013+0000] {dagbag.py:538} INFO - Filling up the DagBag from /home/airflow/.local/lib/python3.7/site-packages/airflow/example_dags/example_branch_day_of_week_operator.py
[2025-10-08T00:51:39.022+0000] {processor.py:753} INFO - DAG(s) dict_keys(['example_weekday_branch_operator']) retrieved from /home/airflow/.local/lib/python3.7/site-packages/airflow/example_dags/example_branch_day_of_week_operator.py
[2025-10-08T00:51:39.055+0000] {logging_mixin.py:137} INFO - [2025-10-08T00:51:39.055+0000] {dag.py:2690} INFO - Sync 1 DAGs
[2025-10-08T00:51:39.086+0000] {logging_mixin.py:137} INFO - [2025-10-08T00:51:39.085+0000] {dag.py:3441} INFO - Setting next_dagrun for example_weekday_branch_operator to 2025-10-07T00:00:00+00:00, run_after=2025-10-08T00:00:00+00:00
[2025-10-08T00:51:39.096+0000] {processor.py:175} INFO - Processing /home/airflow/.local/lib/python3.7/site-packages/airflow/example_dags/example_branch_day_of_week_operator.py took 0.087 seconds
[2025-10-08T00:52:09.873+0000] {processor.py:153} INFO - Started process (PID=436) to work on /home/airflow/.local/lib/python3.7/site-packages/airflow/example_dags/example_branch_day_of_week_operator.py
[2025-10-08T00:52:09.876+0000] {processor.py:743} INFO - Processing file /home/airflow/.local/lib/python3.7/site-packages/airflow/example_dags/example_branch_day_of_week_operator.py for tasks to queue
[2025-10-08T00:52:09.877+0000] {logging_mixin.py:137} INFO - [2025-10-08T00:52:09.877+0000] {dagbag.py:538} INFO - Filling up the DagBag from /home/airflow/.local/lib/python3.7/site-packages/airflow/example_dags/example_branch_day_of_week_operator.py
[2025-10-08T00:52:09.885+0000] {processor.py:753} INFO - DAG(s) dict_keys(['example_weekday_branch_operator']) retrieved from /home/airflow/.local/lib/python3.7/site-packages/airflow/example_dags/example_branch_day_of_week_operator.py
[2025-10-08T00:52:09.904+0000] {logging_mixin.py:137} INFO - [2025-10-08T00:52:09.904+0000] {dag.py:2690} INFO - Sync 1 DAGs
[2025-10-08T00:52:09.919+0000] {logging_mixin.py:137} INFO - [2025-10-08T00:52:09.919+0000] {dag.py:3441} INFO - Setting next_dagrun for example_weekday_branch_operator to 2025-10-07T00:00:00+00:00, run_after=2025-10-08T00:00:00+00:00
[2025-10-08T00:52:09.934+0000] {processor.py:175} INFO - Processing /home/airflow/.local/lib/python3.7/site-packages/airflow/example_dags/example_branch_day_of_week_operator.py took 0.063 seconds
[2025-10-08T00:52:40.949+0000] {processor.py:153} INFO - Started process (PID=531) to work on /home/airflow/.local/lib/python3.7/site-packages/airflow/example_dags/example_branch_day_of_week_operator.py
[2025-10-08T00:52:40.951+0000] {processor.py:743} INFO - Processing file /home/airflow/.local/lib/python3.7/site-packages/airflow/example_dags/example_branch_day_of_week_operator.py for tasks to queue
[2025-10-08T00:52:40.952+0000] {logging_mixin.py:137} INFO - [2025-10-08T00:52:40.952+0000] {dagbag.py:538} INFO - Filling up the DagBag from /home/airflow/.local/lib/python3.7/site-packages/airflow/example_dags/example_branch_day_of_week_operator.py
[2025-10-08T00:52:40.960+0000] {processor.py:753} INFO - DAG(s) dict_keys(['example_weekday_branch_operator']) retrieved from /home/airflow/.local/lib/python3.7/site-packages/airflow/example_dags/example_branch_day_of_week_operator.py
[2025-10-08T00:52:40.974+0000] {logging_mixin.py:137} INFO - [2025-10-08T00:52:40.974+0000] {dag.py:2690} INFO - Sync 1 DAGs
[2025-10-08T00:52:40.989+0000] {logging_mixin.py:137} INFO - [2025-10-08T00:52:40.989+0000] {dag.py:3441} INFO - Setting next_dagrun for example_weekday_branch_operator to 2025-10-07T00:00:00+00:00, run_after=2025-10-08T00:00:00+00:00
[2025-10-08T00:52:41.001+0000] {processor.py:175} INFO - Processing /home/airflow/.local/lib/python3.7/site-packages/airflow/example_dags/example_branch_day_of_week_operator.py took 0.054 seconds
[2025-10-08T00:54:16.505+0000] {processor.py:153} INFO - Started process (PID=137) to work on /home/airflow/.local/lib/python3.7/site-packages/airflow/example_dags/example_branch_day_of_week_operator.py
[2025-10-08T00:54:16.505+0000] {processor.py:743} INFO - Processing file /home/airflow/.local/lib/python3.7/site-packages/airflow/example_dags/example_branch_day_of_week_operator.py for tasks to queue
[2025-10-08T00:54:16.506+0000] {logging_mixin.py:137} INFO - [2025-10-08T00:54:16.506+0000] {dagbag.py:538} INFO - Filling up the DagBag from /home/airflow/.local/lib/python3.7/site-packages/airflow/example_dags/example_branch_day_of_week_operator.py
[2025-10-08T00:54:16.518+0000] {processor.py:753} INFO - DAG(s) dict_keys(['example_weekday_branch_operator']) retrieved from /home/airflow/.local/lib/python3.7/site-packages/airflow/example_dags/example_branch_day_of_week_operator.py
[2025-10-08T00:54:16.537+0000] {logging_mixin.py:137} INFO - [2025-10-08T00:54:16.537+0000] {dag.py:2690} INFO - Sync 1 DAGs
[2025-10-08T00:54:16.554+0000] {logging_mixin.py:137} INFO - [2025-10-08T00:54:16.554+0000] {dag.py:3441} INFO - Setting next_dagrun for example_weekday_branch_operator to 2025-10-07T00:00:00+00:00, run_after=2025-10-08T00:00:00+00:00
[2025-10-08T00:54:16.571+0000] {processor.py:175} INFO - Processing /home/airflow/.local/lib/python3.7/site-packages/airflow/example_dags/example_branch_day_of_week_operator.py took 0.069 seconds
[2025-10-08T00:54:47.609+0000] {processor.py:153} INFO - Started process (PID=232) to work on /home/airflow/.local/lib/python3.7/site-packages/airflow/example_dags/example_branch_day_of_week_operator.py
[2025-10-08T00:54:47.610+0000] {processor.py:743} INFO - Processing file /home/airflow/.local/lib/python3.7/site-packages/airflow/example_dags/example_branch_day_of_week_operator.py for tasks to queue
[2025-10-08T00:54:47.611+0000] {logging_mixin.py:137} INFO - [2025-10-08T00:54:47.611+0000] {dagbag.py:538} INFO - Filling up the DagBag from /home/airflow/.local/lib/python3.7/site-packages/airflow/example_dags/example_branch_day_of_week_operator.py
[2025-10-08T00:54:47.622+0000] {processor.py:753} INFO - DAG(s) dict_keys(['example_weekday_branch_operator']) retrieved from /home/airflow/.local/lib/python3.7/site-packages/airflow/example_dags/example_branch_day_of_week_operator.py
[2025-10-08T00:54:47.641+0000] {logging_mixin.py:137} INFO - [2025-10-08T00:54:47.641+0000] {dag.py:2690} INFO - Sync 1 DAGs
[2025-10-08T00:54:47.659+0000] {logging_mixin.py:137} INFO - [2025-10-08T00:54:47.659+0000] {dag.py:3441} INFO - Setting next_dagrun for example_weekday_branch_operator to 2025-10-07T00:00:00+00:00, run_after=2025-10-08T00:00:00+00:00
[2025-10-08T00:54:47.672+0000] {processor.py:175} INFO - Processing /home/airflow/.local/lib/python3.7/site-packages/airflow/example_dags/example_branch_day_of_week_operator.py took 0.066 seconds
[2025-10-08T00:55:18.621+0000] {processor.py:153} INFO - Started process (PID=309) to work on /home/airflow/.local/lib/python3.7/site-packages/airflow/example_dags/example_branch_day_of_week_operator.py
[2025-10-08T00:55:18.623+0000] {processor.py:743} INFO - Processing file /home/airflow/.local/lib/python3.7/site-packages/airflow/example_dags/example_branch_day_of_week_operator.py for tasks to queue
[2025-10-08T00:55:18.623+0000] {logging_mixin.py:137} INFO - [2025-10-08T00:55:18.623+0000] {dagbag.py:538} INFO - Filling up the DagBag from /home/airflow/.local/lib/python3.7/site-packages/airflow/example_dags/example_branch_day_of_week_operator.py
[2025-10-08T00:55:18.631+0000] {processor.py:753} INFO - DAG(s) dict_keys(['example_weekday_branch_operator']) retrieved from /home/airflow/.local/lib/python3.7/site-packages/airflow/example_dags/example_branch_day_of_week_operator.py
[2025-10-08T00:55:18.649+0000] {logging_mixin.py:137} INFO - [2025-10-08T00:55:18.649+0000] {dag.py:2690} INFO - Sync 1 DAGs
[2025-10-08T00:55:18.664+0000] {logging_mixin.py:137} INFO - [2025-10-08T00:55:18.664+0000] {dag.py:3441} INFO - Setting next_dagrun for example_weekday_branch_operator to 2025-10-07T00:00:00+00:00, run_after=2025-10-08T00:00:00+00:00
[2025-10-08T00:55:18.686+0000] {processor.py:175} INFO - Processing /home/airflow/.local/lib/python3.7/site-packages/airflow/example_dags/example_branch_day_of_week_operator.py took 0.067 seconds
[2025-10-08T00:55:49.577+0000] {processor.py:153} INFO - Started process (PID=404) to work on /home/airflow/.local/lib/python3.7/site-packages/airflow/example_dags/example_branch_day_of_week_operator.py
[2025-10-08T00:55:49.577+0000] {processor.py:743} INFO - Processing file /home/airflow/.local/lib/python3.7/site-packages/airflow/example_dags/example_branch_day_of_week_operator.py for tasks to queue
[2025-10-08T00:55:49.577+0000] {logging_mixin.py:137} INFO - [2025-10-08T00:55:49.577+0000] {dagbag.py:538} INFO - Filling up the DagBag from /home/airflow/.local/lib/python3.7/site-packages/airflow/example_dags/example_branch_day_of_week_operator.py
[2025-10-08T00:55:49.588+0000] {processor.py:753} INFO - DAG(s) dict_keys(['example_weekday_branch_operator']) retrieved from /home/airflow/.local/lib/python3.7/site-packages/airflow/example_dags/example_branch_day_of_week_operator.py
[2025-10-08T00:55:49.604+0000] {logging_mixin.py:137} INFO - [2025-10-08T00:55:49.604+0000] {dag.py:2690} INFO - Sync 1 DAGs
[2025-10-08T00:55:49.618+0000] {logging_mixin.py:137} INFO - [2025-10-08T00:55:49.618+0000] {dag.py:3441} INFO - Setting next_dagrun for example_weekday_branch_operator to 2025-10-07T00:00:00+00:00, run_after=2025-10-08T00:00:00+00:00
[2025-10-08T00:55:49.629+0000] {processor.py:175} INFO - Processing /home/airflow/.local/lib/python3.7/site-packages/airflow/example_dags/example_branch_day_of_week_operator.py took 0.055 seconds
[2025-10-08T00:56:20.503+0000] {processor.py:153} INFO - Started process (PID=499) to work on /home/airflow/.local/lib/python3.7/site-packages/airflow/example_dags/example_branch_day_of_week_operator.py
[2025-10-08T00:56:20.504+0000] {processor.py:743} INFO - Processing file /home/airflow/.local/lib/python3.7/site-packages/airflow/example_dags/example_branch_day_of_week_operator.py for tasks to queue
[2025-10-08T00:56:20.505+0000] {logging_mixin.py:137} INFO - [2025-10-08T00:56:20.505+0000] {dagbag.py:538} INFO - Filling up the DagBag from /home/airflow/.local/lib/python3.7/site-packages/airflow/example_dags/example_branch_day_of_week_operator.py
[2025-10-08T00:56:20.513+0000] {processor.py:753} INFO - DAG(s) dict_keys(['example_weekday_branch_operator']) retrieved from /home/airflow/.local/lib/python3.7/site-packages/airflow/example_dags/example_branch_day_of_week_operator.py
[2025-10-08T00:56:20.528+0000] {logging_mixin.py:137} INFO - [2025-10-08T00:56:20.528+0000] {dag.py:2690} INFO - Sync 1 DAGs
[2025-10-08T00:56:20.542+0000] {logging_mixin.py:137} INFO - [2025-10-08T00:56:20.542+0000] {dag.py:3441} INFO - Setting next_dagrun for example_weekday_branch_operator to 2025-10-07T00:00:00+00:00, run_after=2025-10-08T00:00:00+00:00
[2025-10-08T00:56:20.553+0000] {processor.py:175} INFO - Processing /home/airflow/.local/lib/python3.7/site-packages/airflow/example_dags/example_branch_day_of_week_operator.py took 0.052 seconds
[2025-10-08T00:56:51.330+0000] {processor.py:153} INFO - Started process (PID=576) to work on /home/airflow/.local/lib/python3.7/site-packages/airflow/example_dags/example_branch_day_of_week_operator.py
[2025-10-08T00:56:51.332+0000] {processor.py:743} INFO - Processing file /home/airflow/.local/lib/python3.7/site-packages/airflow/example_dags/example_branch_day_of_week_operator.py for tasks to queue
[2025-10-08T00:56:51.333+0000] {logging_mixin.py:137} INFO - [2025-10-08T00:56:51.333+0000] {dagbag.py:538} INFO - Filling up the DagBag from /home/airflow/.local/lib/python3.7/site-packages/airflow/example_dags/example_branch_day_of_week_operator.py
[2025-10-08T00:56:51.349+0000] {processor.py:753} INFO - DAG(s) dict_keys(['example_weekday_branch_operator']) retrieved from /home/airflow/.local/lib/python3.7/site-packages/airflow/example_dags/example_branch_day_of_week_operator.py
[2025-10-08T00:56:51.377+0000] {logging_mixin.py:137} INFO - [2025-10-08T00:56:51.377+0000] {dag.py:2690} INFO - Sync 1 DAGs
[2025-10-08T00:56:51.394+0000] {logging_mixin.py:137} INFO - [2025-10-08T00:56:51.394+0000] {dag.py:3441} INFO - Setting next_dagrun for example_weekday_branch_operator to 2025-10-07T00:00:00+00:00, run_after=2025-10-08T00:00:00+00:00
[2025-10-08T00:56:51.406+0000] {processor.py:175} INFO - Processing /home/airflow/.local/lib/python3.7/site-packages/airflow/example_dags/example_branch_day_of_week_operator.py took 0.080 seconds
[2025-10-08T00:57:22.322+0000] {processor.py:153} INFO - Started process (PID=671) to work on /home/airflow/.local/lib/python3.7/site-packages/airflow/example_dags/example_branch_day_of_week_operator.py
[2025-10-08T00:57:22.323+0000] {processor.py:743} INFO - Processing file /home/airflow/.local/lib/python3.7/site-packages/airflow/example_dags/example_branch_day_of_week_operator.py for tasks to queue
[2025-10-08T00:57:22.323+0000] {logging_mixin.py:137} INFO - [2025-10-08T00:57:22.323+0000] {dagbag.py:538} INFO - Filling up the DagBag from /home/airflow/.local/lib/python3.7/site-packages/airflow/example_dags/example_branch_day_of_week_operator.py
[2025-10-08T00:57:22.333+0000] {processor.py:753} INFO - DAG(s) dict_keys(['example_weekday_branch_operator']) retrieved from /home/airflow/.local/lib/python3.7/site-packages/airflow/example_dags/example_branch_day_of_week_operator.py
[2025-10-08T00:57:22.350+0000] {logging_mixin.py:137} INFO - [2025-10-08T00:57:22.350+0000] {dag.py:2690} INFO - Sync 1 DAGs
[2025-10-08T00:57:22.365+0000] {logging_mixin.py:137} INFO - [2025-10-08T00:57:22.365+0000] {dag.py:3441} INFO - Setting next_dagrun for example_weekday_branch_operator to 2025-10-07T00:00:00+00:00, run_after=2025-10-08T00:00:00+00:00
[2025-10-08T00:57:22.378+0000] {processor.py:175} INFO - Processing /home/airflow/.local/lib/python3.7/site-packages/airflow/example_dags/example_branch_day_of_week_operator.py took 0.058 seconds
[2025-10-08T00:57:53.246+0000] {processor.py:153} INFO - Started process (PID=766) to work on /home/airflow/.local/lib/python3.7/site-packages/airflow/example_dags/example_branch_day_of_week_operator.py
[2025-10-08T00:57:53.247+0000] {processor.py:743} INFO - Processing file /home/airflow/.local/lib/python3.7/site-packages/airflow/example_dags/example_branch_day_of_week_operator.py for tasks to queue
[2025-10-08T00:57:53.248+0000] {logging_mixin.py:137} INFO - [2025-10-08T00:57:53.247+0000] {dagbag.py:538} INFO - Filling up the DagBag from /home/airflow/.local/lib/python3.7/site-packages/airflow/example_dags/example_branch_day_of_week_operator.py
[2025-10-08T00:57:53.259+0000] {processor.py:753} INFO - DAG(s) dict_keys(['example_weekday_branch_operator']) retrieved from /home/airflow/.local/lib/python3.7/site-packages/airflow/example_dags/example_branch_day_of_week_operator.py
[2025-10-08T00:57:53.283+0000] {logging_mixin.py:137} INFO - [2025-10-08T00:57:53.282+0000] {dag.py:2690} INFO - Sync 1 DAGs
[2025-10-08T00:57:53.300+0000] {logging_mixin.py:137} INFO - [2025-10-08T00:57:53.300+0000] {dag.py:3441} INFO - Setting next_dagrun for example_weekday_branch_operator to 2025-10-07T00:00:00+00:00, run_after=2025-10-08T00:00:00+00:00
[2025-10-08T00:57:53.311+0000] {processor.py:175} INFO - Processing /home/airflow/.local/lib/python3.7/site-packages/airflow/example_dags/example_branch_day_of_week_operator.py took 0.068 seconds
[2025-10-08T00:58:24.187+0000] {processor.py:153} INFO - Started process (PID=861) to work on /home/airflow/.local/lib/python3.7/site-packages/airflow/example_dags/example_branch_day_of_week_operator.py
[2025-10-08T00:58:24.188+0000] {processor.py:743} INFO - Processing file /home/airflow/.local/lib/python3.7/site-packages/airflow/example_dags/example_branch_day_of_week_operator.py for tasks to queue
[2025-10-08T00:58:24.188+0000] {logging_mixin.py:137} INFO - [2025-10-08T00:58:24.188+0000] {dagbag.py:538} INFO - Filling up the DagBag from /home/airflow/.local/lib/python3.7/site-packages/airflow/example_dags/example_branch_day_of_week_operator.py
[2025-10-08T00:58:24.200+0000] {processor.py:753} INFO - DAG(s) dict_keys(['example_weekday_branch_operator']) retrieved from /home/airflow/.local/lib/python3.7/site-packages/airflow/example_dags/example_branch_day_of_week_operator.py
[2025-10-08T00:58:24.217+0000] {logging_mixin.py:137} INFO - [2025-10-08T00:58:24.217+0000] {dag.py:2690} INFO - Sync 1 DAGs
[2025-10-08T00:58:24.231+0000] {logging_mixin.py:137} INFO - [2025-10-08T00:58:24.230+0000] {dag.py:3441} INFO - Setting next_dagrun for example_weekday_branch_operator to 2025-10-07T00:00:00+00:00, run_after=2025-10-08T00:00:00+00:00
[2025-10-08T00:58:24.242+0000] {processor.py:175} INFO - Processing /home/airflow/.local/lib/python3.7/site-packages/airflow/example_dags/example_branch_day_of_week_operator.py took 0.058 seconds
[2025-10-08T00:58:54.260+0000] {processor.py:153} INFO - Started process (PID=936) to work on /home/airflow/.local/lib/python3.7/site-packages/airflow/example_dags/example_branch_day_of_week_operator.py
[2025-10-08T00:58:54.260+0000] {processor.py:743} INFO - Processing file /home/airflow/.local/lib/python3.7/site-packages/airflow/example_dags/example_branch_day_of_week_operator.py for tasks to queue
[2025-10-08T00:58:54.261+0000] {logging_mixin.py:137} INFO - [2025-10-08T00:58:54.261+0000] {dagbag.py:538} INFO - Filling up the DagBag from /home/airflow/.local/lib/python3.7/site-packages/airflow/example_dags/example_branch_day_of_week_operator.py
[2025-10-08T00:58:54.268+0000] {processor.py:753} INFO - DAG(s) dict_keys(['example_weekday_branch_operator']) retrieved from /home/airflow/.local/lib/python3.7/site-packages/airflow/example_dags/example_branch_day_of_week_operator.py
[2025-10-08T00:58:54.284+0000] {logging_mixin.py:137} INFO - [2025-10-08T00:58:54.284+0000] {dag.py:2690} INFO - Sync 1 DAGs
[2025-10-08T00:58:54.359+0000] {logging_mixin.py:137} INFO - [2025-10-08T00:58:54.359+0000] {dag.py:3441} INFO - Setting next_dagrun for example_weekday_branch_operator to 2025-10-07T00:00:00+00:00, run_after=2025-10-08T00:00:00+00:00
[2025-10-08T00:58:54.386+0000] {processor.py:175} INFO - Processing /home/airflow/.local/lib/python3.7/site-packages/airflow/example_dags/example_branch_day_of_week_operator.py took 0.128 seconds
[2025-10-08T00:59:25.280+0000] {processor.py:153} INFO - Started process (PID=1033) to work on /home/airflow/.local/lib/python3.7/site-packages/airflow/example_dags/example_branch_day_of_week_operator.py
[2025-10-08T00:59:25.280+0000] {processor.py:743} INFO - Processing file /home/airflow/.local/lib/python3.7/site-packages/airflow/example_dags/example_branch_day_of_week_operator.py for tasks to queue
[2025-10-08T00:59:25.281+0000] {logging_mixin.py:137} INFO - [2025-10-08T00:59:25.281+0000] {dagbag.py:538} INFO - Filling up the DagBag from /home/airflow/.local/lib/python3.7/site-packages/airflow/example_dags/example_branch_day_of_week_operator.py
[2025-10-08T00:59:25.289+0000] {processor.py:753} INFO - DAG(s) dict_keys(['example_weekday_branch_operator']) retrieved from /home/airflow/.local/lib/python3.7/site-packages/airflow/example_dags/example_branch_day_of_week_operator.py
[2025-10-08T00:59:25.308+0000] {logging_mixin.py:137} INFO - [2025-10-08T00:59:25.308+0000] {dag.py:2690} INFO - Sync 1 DAGs
[2025-10-08T00:59:25.323+0000] {logging_mixin.py:137} INFO - [2025-10-08T00:59:25.323+0000] {dag.py:3441} INFO - Setting next_dagrun for example_weekday_branch_operator to 2025-10-07T00:00:00+00:00, run_after=2025-10-08T00:00:00+00:00
[2025-10-08T00:59:25.336+0000] {processor.py:175} INFO - Processing /home/airflow/.local/lib/python3.7/site-packages/airflow/example_dags/example_branch_day_of_week_operator.py took 0.058 seconds
[2025-10-08T00:59:56.147+0000] {processor.py:153} INFO - Started process (PID=1128) to work on /home/airflow/.local/lib/python3.7/site-packages/airflow/example_dags/example_branch_day_of_week_operator.py
[2025-10-08T00:59:56.148+0000] {processor.py:743} INFO - Processing file /home/airflow/.local/lib/python3.7/site-packages/airflow/example_dags/example_branch_day_of_week_operator.py for tasks to queue
[2025-10-08T00:59:56.148+0000] {logging_mixin.py:137} INFO - [2025-10-08T00:59:56.148+0000] {dagbag.py:538} INFO - Filling up the DagBag from /home/airflow/.local/lib/python3.7/site-packages/airflow/example_dags/example_branch_day_of_week_operator.py
[2025-10-08T00:59:56.158+0000] {processor.py:753} INFO - DAG(s) dict_keys(['example_weekday_branch_operator']) retrieved from /home/airflow/.local/lib/python3.7/site-packages/airflow/example_dags/example_branch_day_of_week_operator.py
[2025-10-08T00:59:56.173+0000] {logging_mixin.py:137} INFO - [2025-10-08T00:59:56.173+0000] {dag.py:2690} INFO - Sync 1 DAGs
[2025-10-08T00:59:56.190+0000] {logging_mixin.py:137} INFO - [2025-10-08T00:59:56.190+0000] {dag.py:3441} INFO - Setting next_dagrun for example_weekday_branch_operator to 2025-10-07T00:00:00+00:00, run_after=2025-10-08T00:00:00+00:00
[2025-10-08T00:59:56.202+0000] {processor.py:175} INFO - Processing /home/airflow/.local/lib/python3.7/site-packages/airflow/example_dags/example_branch_day_of_week_operator.py took 0.057 seconds
[2025-10-08T01:00:26.927+0000] {processor.py:153} INFO - Started process (PID=1214) to work on /home/airflow/.local/lib/python3.7/site-packages/airflow/example_dags/example_branch_day_of_week_operator.py
[2025-10-08T01:00:26.928+0000] {processor.py:743} INFO - Processing file /home/airflow/.local/lib/python3.7/site-packages/airflow/example_dags/example_branch_day_of_week_operator.py for tasks to queue
[2025-10-08T01:00:26.928+0000] {logging_mixin.py:137} INFO - [2025-10-08T01:00:26.928+0000] {dagbag.py:538} INFO - Filling up the DagBag from /home/airflow/.local/lib/python3.7/site-packages/airflow/example_dags/example_branch_day_of_week_operator.py
[2025-10-08T01:00:26.937+0000] {processor.py:753} INFO - DAG(s) dict_keys(['example_weekday_branch_operator']) retrieved from /home/airflow/.local/lib/python3.7/site-packages/airflow/example_dags/example_branch_day_of_week_operator.py
[2025-10-08T01:00:26.954+0000] {logging_mixin.py:137} INFO - [2025-10-08T01:00:26.954+0000] {dag.py:2690} INFO - Sync 1 DAGs
[2025-10-08T01:00:26.975+0000] {logging_mixin.py:137} INFO - [2025-10-08T01:00:26.975+0000] {dag.py:3441} INFO - Setting next_dagrun for example_weekday_branch_operator to 2025-10-07T00:00:00+00:00, run_after=2025-10-08T00:00:00+00:00
[2025-10-08T01:00:26.988+0000] {processor.py:175} INFO - Processing /home/airflow/.local/lib/python3.7/site-packages/airflow/example_dags/example_branch_day_of_week_operator.py took 0.063 seconds
[2025-10-08T01:00:57.866+0000] {processor.py:153} INFO - Started process (PID=1300) to work on /home/airflow/.local/lib/python3.7/site-packages/airflow/example_dags/example_branch_day_of_week_operator.py
[2025-10-08T01:00:57.867+0000] {processor.py:743} INFO - Processing file /home/airflow/.local/lib/python3.7/site-packages/airflow/example_dags/example_branch_day_of_week_operator.py for tasks to queue
[2025-10-08T01:00:57.867+0000] {logging_mixin.py:137} INFO - [2025-10-08T01:00:57.867+0000] {dagbag.py:538} INFO - Filling up the DagBag from /home/airflow/.local/lib/python3.7/site-packages/airflow/example_dags/example_branch_day_of_week_operator.py
[2025-10-08T01:00:57.875+0000] {processor.py:753} INFO - DAG(s) dict_keys(['example_weekday_branch_operator']) retrieved from /home/airflow/.local/lib/python3.7/site-packages/airflow/example_dags/example_branch_day_of_week_operator.py
[2025-10-08T01:00:57.891+0000] {logging_mixin.py:137} INFO - [2025-10-08T01:00:57.891+0000] {dag.py:2690} INFO - Sync 1 DAGs
[2025-10-08T01:00:57.905+0000] {logging_mixin.py:137} INFO - [2025-10-08T01:00:57.905+0000] {dag.py:3441} INFO - Setting next_dagrun for example_weekday_branch_operator to 2025-10-07T00:00:00+00:00, run_after=2025-10-08T00:00:00+00:00
[2025-10-08T01:00:57.915+0000] {processor.py:175} INFO - Processing /home/airflow/.local/lib/python3.7/site-packages/airflow/example_dags/example_branch_day_of_week_operator.py took 0.051 seconds
[2025-10-08T01:01:28.609+0000] {processor.py:153} INFO - Started process (PID=1395) to work on /home/airflow/.local/lib/python3.7/site-packages/airflow/example_dags/example_branch_day_of_week_operator.py
[2025-10-08T01:01:28.609+0000] {processor.py:743} INFO - Processing file /home/airflow/.local/lib/python3.7/site-packages/airflow/example_dags/example_branch_day_of_week_operator.py for tasks to queue
[2025-10-08T01:01:28.610+0000] {logging_mixin.py:137} INFO - [2025-10-08T01:01:28.610+0000] {dagbag.py:538} INFO - Filling up the DagBag from /home/airflow/.local/lib/python3.7/site-packages/airflow/example_dags/example_branch_day_of_week_operator.py
[2025-10-08T01:01:28.618+0000] {processor.py:753} INFO - DAG(s) dict_keys(['example_weekday_branch_operator']) retrieved from /home/airflow/.local/lib/python3.7/site-packages/airflow/example_dags/example_branch_day_of_week_operator.py
[2025-10-08T01:01:28.632+0000] {logging_mixin.py:137} INFO - [2025-10-08T01:01:28.632+0000] {dag.py:2690} INFO - Sync 1 DAGs
[2025-10-08T01:01:28.649+0000] {logging_mixin.py:137} INFO - [2025-10-08T01:01:28.648+0000] {dag.py:3441} INFO - Setting next_dagrun for example_weekday_branch_operator to 2025-10-07T00:00:00+00:00, run_after=2025-10-08T00:00:00+00:00
[2025-10-08T01:01:28.659+0000] {processor.py:175} INFO - Processing /home/airflow/.local/lib/python3.7/site-packages/airflow/example_dags/example_branch_day_of_week_operator.py took 0.052 seconds
