[2025-10-08T00:50:05.862+0000] {processor.py:153} INFO - Started process (PID=66) to work on /home/airflow/.local/lib/python3.7/site-packages/airflow/example_dags/example_xcomargs.py
[2025-10-08T00:50:05.864+0000] {processor.py:743} INFO - Processing file /home/airflow/.local/lib/python3.7/site-packages/airflow/example_dags/example_xcomargs.py for tasks to queue
[2025-10-08T00:50:05.866+0000] {logging_mixin.py:137} INFO - [2025-10-08T00:50:05.866+0000] {dagbag.py:538} INFO - Filling up the DagBag from /home/airflow/.local/lib/python3.7/site-packages/airflow/example_dags/example_xcomargs.py
[2025-10-08T00:50:05.888+0000] {processor.py:753} INFO - DAG(s) dict_keys(['example_xcom_args_with_operators', 'example_xcom_args']) retrieved from /home/airflow/.local/lib/python3.7/site-packages/airflow/example_dags/example_xcomargs.py
[2025-10-08T00:50:05.903+0000] {logging_mixin.py:137} INFO - [2025-10-08T00:50:05.903+0000] {dag.py:2690} INFO - Sync 2 DAGs
[2025-10-08T00:50:05.922+0000] {logging_mixin.py:137} INFO - [2025-10-08T00:50:05.922+0000] {dag.py:3441} INFO - Setting next_dagrun for example_xcom_args to None, run_after=None
[2025-10-08T00:50:05.927+0000] {logging_mixin.py:137} INFO - [2025-10-08T00:50:05.927+0000] {dag.py:3441} INFO - Setting next_dagrun for example_xcom_args_with_operators to None, run_after=None
[2025-10-08T00:50:05.949+0000] {processor.py:175} INFO - Processing /home/airflow/.local/lib/python3.7/site-packages/airflow/example_dags/example_xcomargs.py took 0.093 seconds
[2025-10-08T00:50:36.407+0000] {processor.py:153} INFO - Started process (PID=161) to work on /home/airflow/.local/lib/python3.7/site-packages/airflow/example_dags/example_xcomargs.py
[2025-10-08T00:50:36.408+0000] {processor.py:743} INFO - Processing file /home/airflow/.local/lib/python3.7/site-packages/airflow/example_dags/example_xcomargs.py for tasks to queue
[2025-10-08T00:50:36.409+0000] {logging_mixin.py:137} INFO - [2025-10-08T00:50:36.409+0000] {dagbag.py:538} INFO - Filling up the DagBag from /home/airflow/.local/lib/python3.7/site-packages/airflow/example_dags/example_xcomargs.py
[2025-10-08T00:50:36.423+0000] {processor.py:753} INFO - DAG(s) dict_keys(['example_xcom_args', 'example_xcom_args_with_operators']) retrieved from /home/airflow/.local/lib/python3.7/site-packages/airflow/example_dags/example_xcomargs.py
[2025-10-08T00:50:36.444+0000] {logging_mixin.py:137} INFO - [2025-10-08T00:50:36.444+0000] {dag.py:2690} INFO - Sync 2 DAGs
[2025-10-08T00:50:36.460+0000] {logging_mixin.py:137} INFO - [2025-10-08T00:50:36.460+0000] {dag.py:3441} INFO - Setting next_dagrun for example_xcom_args to None, run_after=None
[2025-10-08T00:50:36.462+0000] {logging_mixin.py:137} INFO - [2025-10-08T00:50:36.462+0000] {dag.py:3441} INFO - Setting next_dagrun for example_xcom_args_with_operators to None, run_after=None
[2025-10-08T00:50:36.475+0000] {processor.py:175} INFO - Processing /home/airflow/.local/lib/python3.7/site-packages/airflow/example_dags/example_xcomargs.py took 0.071 seconds
[2025-10-08T00:51:07.626+0000] {processor.py:153} INFO - Started process (PID=256) to work on /home/airflow/.local/lib/python3.7/site-packages/airflow/example_dags/example_xcomargs.py
[2025-10-08T00:51:07.627+0000] {processor.py:743} INFO - Processing file /home/airflow/.local/lib/python3.7/site-packages/airflow/example_dags/example_xcomargs.py for tasks to queue
[2025-10-08T00:51:07.627+0000] {logging_mixin.py:137} INFO - [2025-10-08T00:51:07.627+0000] {dagbag.py:538} INFO - Filling up the DagBag from /home/airflow/.local/lib/python3.7/site-packages/airflow/example_dags/example_xcomargs.py
[2025-10-08T00:51:07.642+0000] {processor.py:753} INFO - DAG(s) dict_keys(['example_xcom_args', 'example_xcom_args_with_operators']) retrieved from /home/airflow/.local/lib/python3.7/site-packages/airflow/example_dags/example_xcomargs.py
[2025-10-08T00:51:07.667+0000] {logging_mixin.py:137} INFO - [2025-10-08T00:51:07.667+0000] {dag.py:2690} INFO - Sync 2 DAGs
[2025-10-08T00:51:07.684+0000] {logging_mixin.py:137} INFO - [2025-10-08T00:51:07.684+0000] {dag.py:3441} INFO - Setting next_dagrun for example_xcom_args to None, run_after=None
[2025-10-08T00:51:07.689+0000] {logging_mixin.py:137} INFO - [2025-10-08T00:51:07.689+0000] {dag.py:3441} INFO - Setting next_dagrun for example_xcom_args_with_operators to None, run_after=None
[2025-10-08T00:51:07.703+0000] {processor.py:175} INFO - Processing /home/airflow/.local/lib/python3.7/site-packages/airflow/example_dags/example_xcomargs.py took 0.080 seconds
[2025-10-08T00:51:38.595+0000] {processor.py:153} INFO - Started process (PID=333) to work on /home/airflow/.local/lib/python3.7/site-packages/airflow/example_dags/example_xcomargs.py
[2025-10-08T00:51:38.597+0000] {processor.py:743} INFO - Processing file /home/airflow/.local/lib/python3.7/site-packages/airflow/example_dags/example_xcomargs.py for tasks to queue
[2025-10-08T00:51:38.598+0000] {logging_mixin.py:137} INFO - [2025-10-08T00:51:38.598+0000] {dagbag.py:538} INFO - Filling up the DagBag from /home/airflow/.local/lib/python3.7/site-packages/airflow/example_dags/example_xcomargs.py
[2025-10-08T00:51:38.611+0000] {processor.py:753} INFO - DAG(s) dict_keys(['example_xcom_args_with_operators', 'example_xcom_args']) retrieved from /home/airflow/.local/lib/python3.7/site-packages/airflow/example_dags/example_xcomargs.py
[2025-10-08T00:51:38.634+0000] {logging_mixin.py:137} INFO - [2025-10-08T00:51:38.634+0000] {dag.py:2690} INFO - Sync 2 DAGs
[2025-10-08T00:51:38.649+0000] {logging_mixin.py:137} INFO - [2025-10-08T00:51:38.649+0000] {dag.py:3441} INFO - Setting next_dagrun for example_xcom_args to None, run_after=None
[2025-10-08T00:51:38.652+0000] {logging_mixin.py:137} INFO - [2025-10-08T00:51:38.652+0000] {dag.py:3441} INFO - Setting next_dagrun for example_xcom_args_with_operators to None, run_after=None
[2025-10-08T00:51:38.665+0000] {processor.py:175} INFO - Processing /home/airflow/.local/lib/python3.7/site-packages/airflow/example_dags/example_xcomargs.py took 0.072 seconds
[2025-10-08T00:52:09.497+0000] {processor.py:153} INFO - Started process (PID=427) to work on /home/airflow/.local/lib/python3.7/site-packages/airflow/example_dags/example_xcomargs.py
[2025-10-08T00:52:09.498+0000] {processor.py:743} INFO - Processing file /home/airflow/.local/lib/python3.7/site-packages/airflow/example_dags/example_xcomargs.py for tasks to queue
[2025-10-08T00:52:09.498+0000] {logging_mixin.py:137} INFO - [2025-10-08T00:52:09.498+0000] {dagbag.py:538} INFO - Filling up the DagBag from /home/airflow/.local/lib/python3.7/site-packages/airflow/example_dags/example_xcomargs.py
[2025-10-08T00:52:09.511+0000] {processor.py:753} INFO - DAG(s) dict_keys(['example_xcom_args_with_operators', 'example_xcom_args']) retrieved from /home/airflow/.local/lib/python3.7/site-packages/airflow/example_dags/example_xcomargs.py
[2025-10-08T00:52:09.530+0000] {logging_mixin.py:137} INFO - [2025-10-08T00:52:09.530+0000] {dag.py:2690} INFO - Sync 2 DAGs
[2025-10-08T00:52:09.545+0000] {logging_mixin.py:137} INFO - [2025-10-08T00:52:09.545+0000] {dag.py:3441} INFO - Setting next_dagrun for example_xcom_args to None, run_after=None
[2025-10-08T00:52:09.547+0000] {logging_mixin.py:137} INFO - [2025-10-08T00:52:09.547+0000] {dag.py:3441} INFO - Setting next_dagrun for example_xcom_args_with_operators to None, run_after=None
[2025-10-08T00:52:09.563+0000] {processor.py:175} INFO - Processing /home/airflow/.local/lib/python3.7/site-packages/airflow/example_dags/example_xcomargs.py took 0.068 seconds
[2025-10-08T00:52:40.534+0000] {processor.py:153} INFO - Started process (PID=522) to work on /home/airflow/.local/lib/python3.7/site-packages/airflow/example_dags/example_xcomargs.py
[2025-10-08T00:52:40.534+0000] {processor.py:743} INFO - Processing file /home/airflow/.local/lib/python3.7/site-packages/airflow/example_dags/example_xcomargs.py for tasks to queue
[2025-10-08T00:52:40.535+0000] {logging_mixin.py:137} INFO - [2025-10-08T00:52:40.535+0000] {dagbag.py:538} INFO - Filling up the DagBag from /home/airflow/.local/lib/python3.7/site-packages/airflow/example_dags/example_xcomargs.py
[2025-10-08T00:52:40.548+0000] {processor.py:753} INFO - DAG(s) dict_keys(['example_xcom_args_with_operators', 'example_xcom_args']) retrieved from /home/airflow/.local/lib/python3.7/site-packages/airflow/example_dags/example_xcomargs.py
[2025-10-08T00:52:40.565+0000] {logging_mixin.py:137} INFO - [2025-10-08T00:52:40.565+0000] {dag.py:2690} INFO - Sync 2 DAGs
[2025-10-08T00:52:40.580+0000] {logging_mixin.py:137} INFO - [2025-10-08T00:52:40.580+0000] {dag.py:3441} INFO - Setting next_dagrun for example_xcom_args to None, run_after=None
[2025-10-08T00:52:40.582+0000] {logging_mixin.py:137} INFO - [2025-10-08T00:52:40.582+0000] {dag.py:3441} INFO - Setting next_dagrun for example_xcom_args_with_operators to None, run_after=None
[2025-10-08T00:52:40.593+0000] {processor.py:175} INFO - Processing /home/airflow/.local/lib/python3.7/site-packages/airflow/example_dags/example_xcomargs.py took 0.061 seconds
[2025-10-08T00:54:15.979+0000] {processor.py:153} INFO - Started process (PID=128) to work on /home/airflow/.local/lib/python3.7/site-packages/airflow/example_dags/example_xcomargs.py
[2025-10-08T00:54:15.981+0000] {processor.py:743} INFO - Processing file /home/airflow/.local/lib/python3.7/site-packages/airflow/example_dags/example_xcomargs.py for tasks to queue
[2025-10-08T00:54:15.981+0000] {logging_mixin.py:137} INFO - [2025-10-08T00:54:15.981+0000] {dagbag.py:538} INFO - Filling up the DagBag from /home/airflow/.local/lib/python3.7/site-packages/airflow/example_dags/example_xcomargs.py
[2025-10-08T00:54:16.000+0000] {processor.py:753} INFO - DAG(s) dict_keys(['example_xcom_args', 'example_xcom_args_with_operators']) retrieved from /home/airflow/.local/lib/python3.7/site-packages/airflow/example_dags/example_xcomargs.py
[2025-10-08T00:54:16.023+0000] {logging_mixin.py:137} INFO - [2025-10-08T00:54:16.023+0000] {dag.py:2690} INFO - Sync 2 DAGs
[2025-10-08T00:54:16.045+0000] {logging_mixin.py:137} INFO - [2025-10-08T00:54:16.045+0000] {dag.py:3441} INFO - Setting next_dagrun for example_xcom_args to None, run_after=None
[2025-10-08T00:54:16.050+0000] {logging_mixin.py:137} INFO - [2025-10-08T00:54:16.049+0000] {dag.py:3441} INFO - Setting next_dagrun for example_xcom_args_with_operators to None, run_after=None
[2025-10-08T00:54:16.066+0000] {processor.py:175} INFO - Processing /home/airflow/.local/lib/python3.7/site-packages/airflow/example_dags/example_xcomargs.py took 0.092 seconds
[2025-10-08T00:54:46.839+0000] {processor.py:153} INFO - Started process (PID=214) to work on /home/airflow/.local/lib/python3.7/site-packages/airflow/example_dags/example_xcomargs.py
[2025-10-08T00:54:46.841+0000] {processor.py:743} INFO - Processing file /home/airflow/.local/lib/python3.7/site-packages/airflow/example_dags/example_xcomargs.py for tasks to queue
[2025-10-08T00:54:46.842+0000] {logging_mixin.py:137} INFO - [2025-10-08T00:54:46.842+0000] {dagbag.py:538} INFO - Filling up the DagBag from /home/airflow/.local/lib/python3.7/site-packages/airflow/example_dags/example_xcomargs.py
[2025-10-08T00:54:46.861+0000] {processor.py:753} INFO - DAG(s) dict_keys(['example_xcom_args_with_operators', 'example_xcom_args']) retrieved from /home/airflow/.local/lib/python3.7/site-packages/airflow/example_dags/example_xcomargs.py
[2025-10-08T00:54:46.891+0000] {logging_mixin.py:137} INFO - [2025-10-08T00:54:46.891+0000] {dag.py:2690} INFO - Sync 2 DAGs
[2025-10-08T00:54:46.912+0000] {logging_mixin.py:137} INFO - [2025-10-08T00:54:46.912+0000] {dag.py:3441} INFO - Setting next_dagrun for example_xcom_args to None, run_after=None
[2025-10-08T00:54:46.916+0000] {logging_mixin.py:137} INFO - [2025-10-08T00:54:46.915+0000] {dag.py:3441} INFO - Setting next_dagrun for example_xcom_args_with_operators to None, run_after=None
[2025-10-08T00:54:46.953+0000] {processor.py:175} INFO - Processing /home/airflow/.local/lib/python3.7/site-packages/airflow/example_dags/example_xcomargs.py took 0.116 seconds
[2025-10-08T00:55:17.123+0000] {processor.py:153} INFO - Started process (PID=298) to work on /home/airflow/.local/lib/python3.7/site-packages/airflow/example_dags/example_xcomargs.py
[2025-10-08T00:55:17.123+0000] {processor.py:743} INFO - Processing file /home/airflow/.local/lib/python3.7/site-packages/airflow/example_dags/example_xcomargs.py for tasks to queue
[2025-10-08T00:55:17.124+0000] {logging_mixin.py:137} INFO - [2025-10-08T00:55:17.124+0000] {dagbag.py:538} INFO - Filling up the DagBag from /home/airflow/.local/lib/python3.7/site-packages/airflow/example_dags/example_xcomargs.py
[2025-10-08T00:55:17.138+0000] {processor.py:753} INFO - DAG(s) dict_keys(['example_xcom_args_with_operators', 'example_xcom_args']) retrieved from /home/airflow/.local/lib/python3.7/site-packages/airflow/example_dags/example_xcomargs.py
[2025-10-08T00:55:17.160+0000] {logging_mixin.py:137} INFO - [2025-10-08T00:55:17.160+0000] {dag.py:2690} INFO - Sync 2 DAGs
[2025-10-08T00:55:17.182+0000] {logging_mixin.py:137} INFO - [2025-10-08T00:55:17.181+0000] {dag.py:3441} INFO - Setting next_dagrun for example_xcom_args to None, run_after=None
[2025-10-08T00:55:17.184+0000] {logging_mixin.py:137} INFO - [2025-10-08T00:55:17.184+0000] {dag.py:3441} INFO - Setting next_dagrun for example_xcom_args_with_operators to None, run_after=None
[2025-10-08T00:55:17.195+0000] {processor.py:175} INFO - Processing /home/airflow/.local/lib/python3.7/site-packages/airflow/example_dags/example_xcomargs.py took 0.074 seconds
[2025-10-08T00:55:47.962+0000] {processor.py:153} INFO - Started process (PID=393) to work on /home/airflow/.local/lib/python3.7/site-packages/airflow/example_dags/example_xcomargs.py
[2025-10-08T00:55:47.964+0000] {processor.py:743} INFO - Processing file /home/airflow/.local/lib/python3.7/site-packages/airflow/example_dags/example_xcomargs.py for tasks to queue
[2025-10-08T00:55:47.964+0000] {logging_mixin.py:137} INFO - [2025-10-08T00:55:47.964+0000] {dagbag.py:538} INFO - Filling up the DagBag from /home/airflow/.local/lib/python3.7/site-packages/airflow/example_dags/example_xcomargs.py
[2025-10-08T00:55:47.980+0000] {processor.py:753} INFO - DAG(s) dict_keys(['example_xcom_args_with_operators', 'example_xcom_args']) retrieved from /home/airflow/.local/lib/python3.7/site-packages/airflow/example_dags/example_xcomargs.py
[2025-10-08T00:55:47.996+0000] {logging_mixin.py:137} INFO - [2025-10-08T00:55:47.996+0000] {dag.py:2690} INFO - Sync 2 DAGs
[2025-10-08T00:55:48.010+0000] {logging_mixin.py:137} INFO - [2025-10-08T00:55:48.010+0000] {dag.py:3441} INFO - Setting next_dagrun for example_xcom_args to None, run_after=None
[2025-10-08T00:55:48.013+0000] {logging_mixin.py:137} INFO - [2025-10-08T00:55:48.013+0000] {dag.py:3441} INFO - Setting next_dagrun for example_xcom_args_with_operators to None, run_after=None
[2025-10-08T00:55:48.026+0000] {processor.py:175} INFO - Processing /home/airflow/.local/lib/python3.7/site-packages/airflow/example_dags/example_xcomargs.py took 0.067 seconds
[2025-10-08T00:56:18.897+0000] {processor.py:153} INFO - Started process (PID=488) to work on /home/airflow/.local/lib/python3.7/site-packages/airflow/example_dags/example_xcomargs.py
[2025-10-08T00:56:18.897+0000] {processor.py:743} INFO - Processing file /home/airflow/.local/lib/python3.7/site-packages/airflow/example_dags/example_xcomargs.py for tasks to queue
[2025-10-08T00:56:18.898+0000] {logging_mixin.py:137} INFO - [2025-10-08T00:56:18.898+0000] {dagbag.py:538} INFO - Filling up the DagBag from /home/airflow/.local/lib/python3.7/site-packages/airflow/example_dags/example_xcomargs.py
[2025-10-08T00:56:18.910+0000] {processor.py:753} INFO - DAG(s) dict_keys(['example_xcom_args_with_operators', 'example_xcom_args']) retrieved from /home/airflow/.local/lib/python3.7/site-packages/airflow/example_dags/example_xcomargs.py
[2025-10-08T00:56:18.926+0000] {logging_mixin.py:137} INFO - [2025-10-08T00:56:18.926+0000] {dag.py:2690} INFO - Sync 2 DAGs
[2025-10-08T00:56:18.940+0000] {logging_mixin.py:137} INFO - [2025-10-08T00:56:18.940+0000] {dag.py:3441} INFO - Setting next_dagrun for example_xcom_args to None, run_after=None
[2025-10-08T00:56:18.943+0000] {logging_mixin.py:137} INFO - [2025-10-08T00:56:18.943+0000] {dag.py:3441} INFO - Setting next_dagrun for example_xcom_args_with_operators to None, run_after=None
[2025-10-08T00:56:18.953+0000] {processor.py:175} INFO - Processing /home/airflow/.local/lib/python3.7/site-packages/airflow/example_dags/example_xcomargs.py took 0.058 seconds
[2025-10-08T00:56:49.699+0000] {processor.py:153} INFO - Started process (PID=565) to work on /home/airflow/.local/lib/python3.7/site-packages/airflow/example_dags/example_xcomargs.py
[2025-10-08T00:56:49.699+0000] {processor.py:743} INFO - Processing file /home/airflow/.local/lib/python3.7/site-packages/airflow/example_dags/example_xcomargs.py for tasks to queue
[2025-10-08T00:56:49.700+0000] {logging_mixin.py:137} INFO - [2025-10-08T00:56:49.700+0000] {dagbag.py:538} INFO - Filling up the DagBag from /home/airflow/.local/lib/python3.7/site-packages/airflow/example_dags/example_xcomargs.py
[2025-10-08T00:56:49.713+0000] {processor.py:753} INFO - DAG(s) dict_keys(['example_xcom_args', 'example_xcom_args_with_operators']) retrieved from /home/airflow/.local/lib/python3.7/site-packages/airflow/example_dags/example_xcomargs.py
[2025-10-08T00:56:49.731+0000] {logging_mixin.py:137} INFO - [2025-10-08T00:56:49.731+0000] {dag.py:2690} INFO - Sync 2 DAGs
[2025-10-08T00:56:49.745+0000] {logging_mixin.py:137} INFO - [2025-10-08T00:56:49.745+0000] {dag.py:3441} INFO - Setting next_dagrun for example_xcom_args to None, run_after=None
[2025-10-08T00:56:49.747+0000] {logging_mixin.py:137} INFO - [2025-10-08T00:56:49.747+0000] {dag.py:3441} INFO - Setting next_dagrun for example_xcom_args_with_operators to None, run_after=None
[2025-10-08T00:56:49.758+0000] {processor.py:175} INFO - Processing /home/airflow/.local/lib/python3.7/site-packages/airflow/example_dags/example_xcomargs.py took 0.061 seconds
[2025-10-08T00:57:19.820+0000] {processor.py:153} INFO - Started process (PID=660) to work on /home/airflow/.local/lib/python3.7/site-packages/airflow/example_dags/example_xcomargs.py
[2025-10-08T00:57:19.822+0000] {processor.py:743} INFO - Processing file /home/airflow/.local/lib/python3.7/site-packages/airflow/example_dags/example_xcomargs.py for tasks to queue
[2025-10-08T00:57:19.822+0000] {logging_mixin.py:137} INFO - [2025-10-08T00:57:19.822+0000] {dagbag.py:538} INFO - Filling up the DagBag from /home/airflow/.local/lib/python3.7/site-packages/airflow/example_dags/example_xcomargs.py
[2025-10-08T00:57:19.835+0000] {processor.py:753} INFO - DAG(s) dict_keys(['example_xcom_args_with_operators', 'example_xcom_args']) retrieved from /home/airflow/.local/lib/python3.7/site-packages/airflow/example_dags/example_xcomargs.py
[2025-10-08T00:57:19.858+0000] {logging_mixin.py:137} INFO - [2025-10-08T00:57:19.858+0000] {dag.py:2690} INFO - Sync 2 DAGs
[2025-10-08T00:57:19.873+0000] {logging_mixin.py:137} INFO - [2025-10-08T00:57:19.873+0000] {dag.py:3441} INFO - Setting next_dagrun for example_xcom_args to None, run_after=None
[2025-10-08T00:57:19.876+0000] {logging_mixin.py:137} INFO - [2025-10-08T00:57:19.876+0000] {dag.py:3441} INFO - Setting next_dagrun for example_xcom_args_with_operators to None, run_after=None
[2025-10-08T00:57:19.886+0000] {processor.py:175} INFO - Processing /home/airflow/.local/lib/python3.7/site-packages/airflow/example_dags/example_xcomargs.py took 0.068 seconds
[2025-10-08T00:57:50.767+0000] {processor.py:153} INFO - Started process (PID=755) to work on /home/airflow/.local/lib/python3.7/site-packages/airflow/example_dags/example_xcomargs.py
[2025-10-08T00:57:50.768+0000] {processor.py:743} INFO - Processing file /home/airflow/.local/lib/python3.7/site-packages/airflow/example_dags/example_xcomargs.py for tasks to queue
[2025-10-08T00:57:50.769+0000] {logging_mixin.py:137} INFO - [2025-10-08T00:57:50.769+0000] {dagbag.py:538} INFO - Filling up the DagBag from /home/airflow/.local/lib/python3.7/site-packages/airflow/example_dags/example_xcomargs.py
[2025-10-08T00:57:50.782+0000] {processor.py:753} INFO - DAG(s) dict_keys(['example_xcom_args', 'example_xcom_args_with_operators']) retrieved from /home/airflow/.local/lib/python3.7/site-packages/airflow/example_dags/example_xcomargs.py
[2025-10-08T00:57:50.802+0000] {logging_mixin.py:137} INFO - [2025-10-08T00:57:50.802+0000] {dag.py:2690} INFO - Sync 2 DAGs
[2025-10-08T00:57:50.816+0000] {logging_mixin.py:137} INFO - [2025-10-08T00:57:50.816+0000] {dag.py:3441} INFO - Setting next_dagrun for example_xcom_args to None, run_after=None
[2025-10-08T00:57:50.819+0000] {logging_mixin.py:137} INFO - [2025-10-08T00:57:50.819+0000] {dag.py:3441} INFO - Setting next_dagrun for example_xcom_args_with_operators to None, run_after=None
[2025-10-08T00:57:50.828+0000] {processor.py:175} INFO - Processing /home/airflow/.local/lib/python3.7/site-packages/airflow/example_dags/example_xcomargs.py took 0.063 seconds
[2025-10-08T00:58:21.666+0000] {processor.py:153} INFO - Started process (PID=832) to work on /home/airflow/.local/lib/python3.7/site-packages/airflow/example_dags/example_xcomargs.py
[2025-10-08T00:58:21.666+0000] {processor.py:743} INFO - Processing file /home/airflow/.local/lib/python3.7/site-packages/airflow/example_dags/example_xcomargs.py for tasks to queue
[2025-10-08T00:58:21.667+0000] {logging_mixin.py:137} INFO - [2025-10-08T00:58:21.667+0000] {dagbag.py:538} INFO - Filling up the DagBag from /home/airflow/.local/lib/python3.7/site-packages/airflow/example_dags/example_xcomargs.py
[2025-10-08T00:58:21.680+0000] {processor.py:753} INFO - DAG(s) dict_keys(['example_xcom_args_with_operators', 'example_xcom_args']) retrieved from /home/airflow/.local/lib/python3.7/site-packages/airflow/example_dags/example_xcomargs.py
[2025-10-08T00:58:21.700+0000] {logging_mixin.py:137} INFO - [2025-10-08T00:58:21.700+0000] {dag.py:2690} INFO - Sync 2 DAGs
[2025-10-08T00:58:21.713+0000] {logging_mixin.py:137} INFO - [2025-10-08T00:58:21.713+0000] {dag.py:3441} INFO - Setting next_dagrun for example_xcom_args to None, run_after=None
[2025-10-08T00:58:21.715+0000] {logging_mixin.py:137} INFO - [2025-10-08T00:58:21.715+0000] {dag.py:3441} INFO - Setting next_dagrun for example_xcom_args_with_operators to None, run_after=None
[2025-10-08T00:58:21.728+0000] {processor.py:175} INFO - Processing /home/airflow/.local/lib/python3.7/site-packages/airflow/example_dags/example_xcomargs.py took 0.064 seconds
[2025-10-08T00:58:52.742+0000] {processor.py:153} INFO - Started process (PID=927) to work on /home/airflow/.local/lib/python3.7/site-packages/airflow/example_dags/example_xcomargs.py
[2025-10-08T00:58:52.742+0000] {processor.py:743} INFO - Processing file /home/airflow/.local/lib/python3.7/site-packages/airflow/example_dags/example_xcomargs.py for tasks to queue
[2025-10-08T00:58:52.743+0000] {logging_mixin.py:137} INFO - [2025-10-08T00:58:52.743+0000] {dagbag.py:538} INFO - Filling up the DagBag from /home/airflow/.local/lib/python3.7/site-packages/airflow/example_dags/example_xcomargs.py
[2025-10-08T00:58:52.756+0000] {processor.py:753} INFO - DAG(s) dict_keys(['example_xcom_args', 'example_xcom_args_with_operators']) retrieved from /home/airflow/.local/lib/python3.7/site-packages/airflow/example_dags/example_xcomargs.py
[2025-10-08T00:58:52.772+0000] {logging_mixin.py:137} INFO - [2025-10-08T00:58:52.772+0000] {dag.py:2690} INFO - Sync 2 DAGs
[2025-10-08T00:58:52.787+0000] {logging_mixin.py:137} INFO - [2025-10-08T00:58:52.786+0000] {dag.py:3441} INFO - Setting next_dagrun for example_xcom_args to None, run_after=None
[2025-10-08T00:58:52.788+0000] {logging_mixin.py:137} INFO - [2025-10-08T00:58:52.788+0000] {dag.py:3441} INFO - Setting next_dagrun for example_xcom_args_with_operators to None, run_after=None
[2025-10-08T00:58:52.798+0000] {processor.py:175} INFO - Processing /home/airflow/.local/lib/python3.7/site-packages/airflow/example_dags/example_xcomargs.py took 0.059 seconds
[2025-10-08T00:59:22.900+0000] {processor.py:153} INFO - Started process (PID=1022) to work on /home/airflow/.local/lib/python3.7/site-packages/airflow/example_dags/example_xcomargs.py
[2025-10-08T00:59:22.901+0000] {processor.py:743} INFO - Processing file /home/airflow/.local/lib/python3.7/site-packages/airflow/example_dags/example_xcomargs.py for tasks to queue
[2025-10-08T00:59:22.901+0000] {logging_mixin.py:137} INFO - [2025-10-08T00:59:22.901+0000] {dagbag.py:538} INFO - Filling up the DagBag from /home/airflow/.local/lib/python3.7/site-packages/airflow/example_dags/example_xcomargs.py
[2025-10-08T00:59:22.914+0000] {processor.py:753} INFO - DAG(s) dict_keys(['example_xcom_args', 'example_xcom_args_with_operators']) retrieved from /home/airflow/.local/lib/python3.7/site-packages/airflow/example_dags/example_xcomargs.py
[2025-10-08T00:59:22.930+0000] {logging_mixin.py:137} INFO - [2025-10-08T00:59:22.930+0000] {dag.py:2690} INFO - Sync 2 DAGs
[2025-10-08T00:59:22.943+0000] {logging_mixin.py:137} INFO - [2025-10-08T00:59:22.943+0000] {dag.py:3441} INFO - Setting next_dagrun for example_xcom_args to None, run_after=None
[2025-10-08T00:59:22.945+0000] {logging_mixin.py:137} INFO - [2025-10-08T00:59:22.945+0000] {dag.py:3441} INFO - Setting next_dagrun for example_xcom_args_with_operators to None, run_after=None
[2025-10-08T00:59:22.953+0000] {processor.py:175} INFO - Processing /home/airflow/.local/lib/python3.7/site-packages/airflow/example_dags/example_xcomargs.py took 0.055 seconds
[2025-10-08T00:59:53.706+0000] {processor.py:153} INFO - Started process (PID=1117) to work on /home/airflow/.local/lib/python3.7/site-packages/airflow/example_dags/example_xcomargs.py
[2025-10-08T00:59:53.707+0000] {processor.py:743} INFO - Processing file /home/airflow/.local/lib/python3.7/site-packages/airflow/example_dags/example_xcomargs.py for tasks to queue
[2025-10-08T00:59:53.708+0000] {logging_mixin.py:137} INFO - [2025-10-08T00:59:53.708+0000] {dagbag.py:538} INFO - Filling up the DagBag from /home/airflow/.local/lib/python3.7/site-packages/airflow/example_dags/example_xcomargs.py
[2025-10-08T00:59:53.725+0000] {processor.py:753} INFO - DAG(s) dict_keys(['example_xcom_args', 'example_xcom_args_with_operators']) retrieved from /home/airflow/.local/lib/python3.7/site-packages/airflow/example_dags/example_xcomargs.py
[2025-10-08T00:59:53.746+0000] {logging_mixin.py:137} INFO - [2025-10-08T00:59:53.746+0000] {dag.py:2690} INFO - Sync 2 DAGs
[2025-10-08T00:59:53.762+0000] {logging_mixin.py:137} INFO - [2025-10-08T00:59:53.762+0000] {dag.py:3441} INFO - Setting next_dagrun for example_xcom_args to None, run_after=None
[2025-10-08T00:59:53.764+0000] {logging_mixin.py:137} INFO - [2025-10-08T00:59:53.764+0000] {dag.py:3441} INFO - Setting next_dagrun for example_xcom_args_with_operators to None, run_after=None
[2025-10-08T00:59:53.775+0000] {processor.py:175} INFO - Processing /home/airflow/.local/lib/python3.7/site-packages/airflow/example_dags/example_xcomargs.py took 0.072 seconds
[2025-10-08T01:00:24.477+0000] {processor.py:153} INFO - Started process (PID=1194) to work on /home/airflow/.local/lib/python3.7/site-packages/airflow/example_dags/example_xcomargs.py
[2025-10-08T01:00:24.478+0000] {processor.py:743} INFO - Processing file /home/airflow/.local/lib/python3.7/site-packages/airflow/example_dags/example_xcomargs.py for tasks to queue
[2025-10-08T01:00:24.478+0000] {logging_mixin.py:137} INFO - [2025-10-08T01:00:24.478+0000] {dagbag.py:538} INFO - Filling up the DagBag from /home/airflow/.local/lib/python3.7/site-packages/airflow/example_dags/example_xcomargs.py
[2025-10-08T01:00:24.490+0000] {processor.py:753} INFO - DAG(s) dict_keys(['example_xcom_args', 'example_xcom_args_with_operators']) retrieved from /home/airflow/.local/lib/python3.7/site-packages/airflow/example_dags/example_xcomargs.py
[2025-10-08T01:00:24.506+0000] {logging_mixin.py:137} INFO - [2025-10-08T01:00:24.506+0000] {dag.py:2690} INFO - Sync 2 DAGs
[2025-10-08T01:00:24.519+0000] {logging_mixin.py:137} INFO - [2025-10-08T01:00:24.519+0000] {dag.py:3441} INFO - Setting next_dagrun for example_xcom_args to None, run_after=None
[2025-10-08T01:00:24.521+0000] {logging_mixin.py:137} INFO - [2025-10-08T01:00:24.521+0000] {dag.py:3441} INFO - Setting next_dagrun for example_xcom_args_with_operators to None, run_after=None
[2025-10-08T01:00:24.530+0000] {processor.py:175} INFO - Processing /home/airflow/.local/lib/python3.7/site-packages/airflow/example_dags/example_xcomargs.py took 0.055 seconds
[2025-10-08T01:00:55.408+0000] {processor.py:153} INFO - Started process (PID=1289) to work on /home/airflow/.local/lib/python3.7/site-packages/airflow/example_dags/example_xcomargs.py
[2025-10-08T01:00:55.409+0000] {processor.py:743} INFO - Processing file /home/airflow/.local/lib/python3.7/site-packages/airflow/example_dags/example_xcomargs.py for tasks to queue
[2025-10-08T01:00:55.410+0000] {logging_mixin.py:137} INFO - [2025-10-08T01:00:55.410+0000] {dagbag.py:538} INFO - Filling up the DagBag from /home/airflow/.local/lib/python3.7/site-packages/airflow/example_dags/example_xcomargs.py
[2025-10-08T01:00:55.424+0000] {processor.py:753} INFO - DAG(s) dict_keys(['example_xcom_args', 'example_xcom_args_with_operators']) retrieved from /home/airflow/.local/lib/python3.7/site-packages/airflow/example_dags/example_xcomargs.py
[2025-10-08T01:00:55.442+0000] {logging_mixin.py:137} INFO - [2025-10-08T01:00:55.442+0000] {dag.py:2690} INFO - Sync 2 DAGs
[2025-10-08T01:00:55.456+0000] {logging_mixin.py:137} INFO - [2025-10-08T01:00:55.456+0000] {dag.py:3441} INFO - Setting next_dagrun for example_xcom_args to None, run_after=None
[2025-10-08T01:00:55.459+0000] {logging_mixin.py:137} INFO - [2025-10-08T01:00:55.459+0000] {dag.py:3441} INFO - Setting next_dagrun for example_xcom_args_with_operators to None, run_after=None
[2025-10-08T01:00:55.471+0000] {processor.py:175} INFO - Processing /home/airflow/.local/lib/python3.7/site-packages/airflow/example_dags/example_xcomargs.py took 0.065 seconds
[2025-10-08T01:01:26.175+0000] {processor.py:153} INFO - Started process (PID=1384) to work on /home/airflow/.local/lib/python3.7/site-packages/airflow/example_dags/example_xcomargs.py
[2025-10-08T01:01:26.175+0000] {processor.py:743} INFO - Processing file /home/airflow/.local/lib/python3.7/site-packages/airflow/example_dags/example_xcomargs.py for tasks to queue
[2025-10-08T01:01:26.175+0000] {logging_mixin.py:137} INFO - [2025-10-08T01:01:26.175+0000] {dagbag.py:538} INFO - Filling up the DagBag from /home/airflow/.local/lib/python3.7/site-packages/airflow/example_dags/example_xcomargs.py
[2025-10-08T01:01:26.188+0000] {processor.py:753} INFO - DAG(s) dict_keys(['example_xcom_args_with_operators', 'example_xcom_args']) retrieved from /home/airflow/.local/lib/python3.7/site-packages/airflow/example_dags/example_xcomargs.py
[2025-10-08T01:01:26.203+0000] {logging_mixin.py:137} INFO - [2025-10-08T01:01:26.203+0000] {dag.py:2690} INFO - Sync 2 DAGs
[2025-10-08T01:01:26.217+0000] {logging_mixin.py:137} INFO - [2025-10-08T01:01:26.217+0000] {dag.py:3441} INFO - Setting next_dagrun for example_xcom_args to None, run_after=None
[2025-10-08T01:01:26.220+0000] {logging_mixin.py:137} INFO - [2025-10-08T01:01:26.219+0000] {dag.py:3441} INFO - Setting next_dagrun for example_xcom_args_with_operators to None, run_after=None
[2025-10-08T01:01:26.229+0000] {processor.py:175} INFO - Processing /home/airflow/.local/lib/python3.7/site-packages/airflow/example_dags/example_xcomargs.py took 0.056 seconds
