[2025-10-08T00:50:05.228+0000] {processor.py:153} INFO - Started process (PID=55) to work on /home/airflow/.local/lib/python3.7/site-packages/airflow/example_dags/example_datasets.py
[2025-10-08T00:50:05.230+0000] {processor.py:743} INFO - Processing file /home/airflow/.local/lib/python3.7/site-packages/airflow/example_dags/example_datasets.py for tasks to queue
[2025-10-08T00:50:05.232+0000] {logging_mixin.py:137} INFO - [2025-10-08T00:50:05.232+0000] {dagbag.py:538} INFO - Filling up the DagBag from /home/airflow/.local/lib/python3.7/site-packages/airflow/example_dags/example_datasets.py
[2025-10-08T00:50:05.244+0000] {processor.py:753} INFO - DAG(s) dict_keys(['dataset_consumes_1', 'dataset_produces_2', 'dataset_consumes_unknown_never_scheduled', 'dataset_consumes_1_and_2', 'dataset_produces_1', 'dataset_consumes_1_never_scheduled']) retrieved from /home/airflow/.local/lib/python3.7/site-packages/airflow/example_dags/example_datasets.py
[2025-10-08T00:50:05.265+0000] {logging_mixin.py:137} INFO - [2025-10-08T00:50:05.265+0000] {dag.py:2690} INFO - Sync 6 DAGs
[2025-10-08T00:50:05.295+0000] {logging_mixin.py:137} INFO - [2025-10-08T00:50:05.294+0000] {dag.py:3441} INFO - Setting next_dagrun for dataset_consumes_1 to None, run_after=None
[2025-10-08T00:50:05.300+0000] {logging_mixin.py:137} INFO - [2025-10-08T00:50:05.299+0000] {dag.py:3441} INFO - Setting next_dagrun for dataset_consumes_1_and_2 to None, run_after=None
[2025-10-08T00:50:05.302+0000] {logging_mixin.py:137} INFO - [2025-10-08T00:50:05.302+0000] {dag.py:3441} INFO - Setting next_dagrun for dataset_consumes_1_never_scheduled to None, run_after=None
[2025-10-08T00:50:05.304+0000] {logging_mixin.py:137} INFO - [2025-10-08T00:50:05.304+0000] {dag.py:3441} INFO - Setting next_dagrun for dataset_consumes_unknown_never_scheduled to None, run_after=None
[2025-10-08T00:50:05.307+0000] {logging_mixin.py:137} INFO - [2025-10-08T00:50:05.307+0000] {dag.py:3441} INFO - Setting next_dagrun for dataset_produces_1 to 2025-10-07T00:00:00+00:00, run_after=2025-10-08T00:00:00+00:00
[2025-10-08T00:50:05.308+0000] {logging_mixin.py:137} INFO - [2025-10-08T00:50:05.308+0000] {dag.py:3441} INFO - Setting next_dagrun for dataset_produces_2 to None, run_after=None
[2025-10-08T00:50:05.330+0000] {processor.py:175} INFO - Processing /home/airflow/.local/lib/python3.7/site-packages/airflow/example_dags/example_datasets.py took 0.112 seconds
[2025-10-08T00:50:35.870+0000] {processor.py:153} INFO - Started process (PID=150) to work on /home/airflow/.local/lib/python3.7/site-packages/airflow/example_dags/example_datasets.py
[2025-10-08T00:50:35.871+0000] {processor.py:743} INFO - Processing file /home/airflow/.local/lib/python3.7/site-packages/airflow/example_dags/example_datasets.py for tasks to queue
[2025-10-08T00:50:35.872+0000] {logging_mixin.py:137} INFO - [2025-10-08T00:50:35.872+0000] {dagbag.py:538} INFO - Filling up the DagBag from /home/airflow/.local/lib/python3.7/site-packages/airflow/example_dags/example_datasets.py
[2025-10-08T00:50:35.888+0000] {processor.py:753} INFO - DAG(s) dict_keys(['dataset_consumes_1', 'dataset_produces_2', 'dataset_consumes_1_and_2', 'dataset_consumes_unknown_never_scheduled', 'dataset_consumes_1_never_scheduled', 'dataset_produces_1']) retrieved from /home/airflow/.local/lib/python3.7/site-packages/airflow/example_dags/example_datasets.py
[2025-10-08T00:50:35.967+0000] {logging_mixin.py:137} INFO - [2025-10-08T00:50:35.967+0000] {dag.py:2690} INFO - Sync 6 DAGs
[2025-10-08T00:50:35.984+0000] {logging_mixin.py:137} INFO - [2025-10-08T00:50:35.984+0000] {dag.py:3441} INFO - Setting next_dagrun for dataset_consumes_1 to None, run_after=None
[2025-10-08T00:50:35.986+0000] {logging_mixin.py:137} INFO - [2025-10-08T00:50:35.986+0000] {dag.py:3441} INFO - Setting next_dagrun for dataset_consumes_1_and_2 to None, run_after=None
[2025-10-08T00:50:35.988+0000] {logging_mixin.py:137} INFO - [2025-10-08T00:50:35.988+0000] {dag.py:3441} INFO - Setting next_dagrun for dataset_consumes_1_never_scheduled to None, run_after=None
[2025-10-08T00:50:35.989+0000] {logging_mixin.py:137} INFO - [2025-10-08T00:50:35.989+0000] {dag.py:3441} INFO - Setting next_dagrun for dataset_consumes_unknown_never_scheduled to None, run_after=None
[2025-10-08T00:50:35.990+0000] {logging_mixin.py:137} INFO - [2025-10-08T00:50:35.990+0000] {dag.py:3441} INFO - Setting next_dagrun for dataset_produces_1 to 2025-10-07T00:00:00+00:00, run_after=2025-10-08T00:00:00+00:00
[2025-10-08T00:50:35.991+0000] {logging_mixin.py:137} INFO - [2025-10-08T00:50:35.991+0000] {dag.py:3441} INFO - Setting next_dagrun for dataset_produces_2 to None, run_after=None
[2025-10-08T00:50:36.017+0000] {processor.py:175} INFO - Processing /home/airflow/.local/lib/python3.7/site-packages/airflow/example_dags/example_datasets.py took 0.149 seconds
[2025-10-08T00:51:07.062+0000] {processor.py:153} INFO - Started process (PID=245) to work on /home/airflow/.local/lib/python3.7/site-packages/airflow/example_dags/example_datasets.py
[2025-10-08T00:51:07.062+0000] {processor.py:743} INFO - Processing file /home/airflow/.local/lib/python3.7/site-packages/airflow/example_dags/example_datasets.py for tasks to queue
[2025-10-08T00:51:07.063+0000] {logging_mixin.py:137} INFO - [2025-10-08T00:51:07.063+0000] {dagbag.py:538} INFO - Filling up the DagBag from /home/airflow/.local/lib/python3.7/site-packages/airflow/example_dags/example_datasets.py
[2025-10-08T00:51:07.075+0000] {processor.py:753} INFO - DAG(s) dict_keys(['dataset_produces_1', 'dataset_consumes_1_and_2', 'dataset_consumes_1', 'dataset_consumes_1_never_scheduled', 'dataset_consumes_unknown_never_scheduled', 'dataset_produces_2']) retrieved from /home/airflow/.local/lib/python3.7/site-packages/airflow/example_dags/example_datasets.py
[2025-10-08T00:51:07.110+0000] {logging_mixin.py:137} INFO - [2025-10-08T00:51:07.110+0000] {dag.py:2690} INFO - Sync 6 DAGs
[2025-10-08T00:51:07.131+0000] {logging_mixin.py:137} INFO - [2025-10-08T00:51:07.130+0000] {dag.py:3441} INFO - Setting next_dagrun for dataset_consumes_1 to None, run_after=None
[2025-10-08T00:51:07.138+0000] {logging_mixin.py:137} INFO - [2025-10-08T00:51:07.137+0000] {dag.py:3441} INFO - Setting next_dagrun for dataset_consumes_1_and_2 to None, run_after=None
[2025-10-08T00:51:07.139+0000] {logging_mixin.py:137} INFO - [2025-10-08T00:51:07.139+0000] {dag.py:3441} INFO - Setting next_dagrun for dataset_consumes_1_never_scheduled to None, run_after=None
[2025-10-08T00:51:07.143+0000] {logging_mixin.py:137} INFO - [2025-10-08T00:51:07.143+0000] {dag.py:3441} INFO - Setting next_dagrun for dataset_consumes_unknown_never_scheduled to None, run_after=None
[2025-10-08T00:51:07.145+0000] {logging_mixin.py:137} INFO - [2025-10-08T00:51:07.145+0000] {dag.py:3441} INFO - Setting next_dagrun for dataset_produces_1 to 2025-10-07T00:00:00+00:00, run_after=2025-10-08T00:00:00+00:00
[2025-10-08T00:51:07.148+0000] {logging_mixin.py:137} INFO - [2025-10-08T00:51:07.148+0000] {dag.py:3441} INFO - Setting next_dagrun for dataset_produces_2 to None, run_after=None
[2025-10-08T00:51:07.185+0000] {processor.py:175} INFO - Processing /home/airflow/.local/lib/python3.7/site-packages/airflow/example_dags/example_datasets.py took 0.126 seconds
[2025-10-08T00:51:38.078+0000] {processor.py:153} INFO - Started process (PID=322) to work on /home/airflow/.local/lib/python3.7/site-packages/airflow/example_dags/example_datasets.py
[2025-10-08T00:51:38.078+0000] {processor.py:743} INFO - Processing file /home/airflow/.local/lib/python3.7/site-packages/airflow/example_dags/example_datasets.py for tasks to queue
[2025-10-08T00:51:38.079+0000] {logging_mixin.py:137} INFO - [2025-10-08T00:51:38.079+0000] {dagbag.py:538} INFO - Filling up the DagBag from /home/airflow/.local/lib/python3.7/site-packages/airflow/example_dags/example_datasets.py
[2025-10-08T00:51:38.089+0000] {processor.py:753} INFO - DAG(s) dict_keys(['dataset_consumes_1', 'dataset_produces_1', 'dataset_consumes_1_and_2', 'dataset_produces_2', 'dataset_consumes_unknown_never_scheduled', 'dataset_consumes_1_never_scheduled']) retrieved from /home/airflow/.local/lib/python3.7/site-packages/airflow/example_dags/example_datasets.py
[2025-10-08T00:51:38.114+0000] {logging_mixin.py:137} INFO - [2025-10-08T00:51:38.114+0000] {dag.py:2690} INFO - Sync 6 DAGs
[2025-10-08T00:51:38.131+0000] {logging_mixin.py:137} INFO - [2025-10-08T00:51:38.130+0000] {dag.py:3441} INFO - Setting next_dagrun for dataset_consumes_1 to None, run_after=None
[2025-10-08T00:51:38.133+0000] {logging_mixin.py:137} INFO - [2025-10-08T00:51:38.133+0000] {dag.py:3441} INFO - Setting next_dagrun for dataset_consumes_1_and_2 to None, run_after=None
[2025-10-08T00:51:38.133+0000] {logging_mixin.py:137} INFO - [2025-10-08T00:51:38.133+0000] {dag.py:3441} INFO - Setting next_dagrun for dataset_consumes_1_never_scheduled to None, run_after=None
[2025-10-08T00:51:38.134+0000] {logging_mixin.py:137} INFO - [2025-10-08T00:51:38.134+0000] {dag.py:3441} INFO - Setting next_dagrun for dataset_consumes_unknown_never_scheduled to None, run_after=None
[2025-10-08T00:51:38.135+0000] {logging_mixin.py:137} INFO - [2025-10-08T00:51:38.135+0000] {dag.py:3441} INFO - Setting next_dagrun for dataset_produces_1 to 2025-10-07T00:00:00+00:00, run_after=2025-10-08T00:00:00+00:00
[2025-10-08T00:51:38.136+0000] {logging_mixin.py:137} INFO - [2025-10-08T00:51:38.136+0000] {dag.py:3441} INFO - Setting next_dagrun for dataset_produces_2 to None, run_after=None
[2025-10-08T00:51:38.154+0000] {processor.py:175} INFO - Processing /home/airflow/.local/lib/python3.7/site-packages/airflow/example_dags/example_datasets.py took 0.078 seconds
[2025-10-08T00:52:09.027+0000] {processor.py:153} INFO - Started process (PID=416) to work on /home/airflow/.local/lib/python3.7/site-packages/airflow/example_dags/example_datasets.py
[2025-10-08T00:52:09.028+0000] {processor.py:743} INFO - Processing file /home/airflow/.local/lib/python3.7/site-packages/airflow/example_dags/example_datasets.py for tasks to queue
[2025-10-08T00:52:09.028+0000] {logging_mixin.py:137} INFO - [2025-10-08T00:52:09.028+0000] {dagbag.py:538} INFO - Filling up the DagBag from /home/airflow/.local/lib/python3.7/site-packages/airflow/example_dags/example_datasets.py
[2025-10-08T00:52:09.038+0000] {processor.py:753} INFO - DAG(s) dict_keys(['dataset_consumes_unknown_never_scheduled', 'dataset_consumes_1', 'dataset_consumes_1_never_scheduled', 'dataset_produces_1', 'dataset_consumes_1_and_2', 'dataset_produces_2']) retrieved from /home/airflow/.local/lib/python3.7/site-packages/airflow/example_dags/example_datasets.py
[2025-10-08T00:52:09.061+0000] {logging_mixin.py:137} INFO - [2025-10-08T00:52:09.061+0000] {dag.py:2690} INFO - Sync 6 DAGs
[2025-10-08T00:52:09.075+0000] {logging_mixin.py:137} INFO - [2025-10-08T00:52:09.075+0000] {dag.py:3441} INFO - Setting next_dagrun for dataset_consumes_1 to None, run_after=None
[2025-10-08T00:52:09.077+0000] {logging_mixin.py:137} INFO - [2025-10-08T00:52:09.077+0000] {dag.py:3441} INFO - Setting next_dagrun for dataset_consumes_1_and_2 to None, run_after=None
[2025-10-08T00:52:09.077+0000] {logging_mixin.py:137} INFO - [2025-10-08T00:52:09.077+0000] {dag.py:3441} INFO - Setting next_dagrun for dataset_consumes_1_never_scheduled to None, run_after=None
[2025-10-08T00:52:09.078+0000] {logging_mixin.py:137} INFO - [2025-10-08T00:52:09.078+0000] {dag.py:3441} INFO - Setting next_dagrun for dataset_consumes_unknown_never_scheduled to None, run_after=None
[2025-10-08T00:52:09.079+0000] {logging_mixin.py:137} INFO - [2025-10-08T00:52:09.079+0000] {dag.py:3441} INFO - Setting next_dagrun for dataset_produces_1 to 2025-10-07T00:00:00+00:00, run_after=2025-10-08T00:00:00+00:00
[2025-10-08T00:52:09.081+0000] {logging_mixin.py:137} INFO - [2025-10-08T00:52:09.081+0000] {dag.py:3441} INFO - Setting next_dagrun for dataset_produces_2 to None, run_after=None
[2025-10-08T00:52:09.101+0000] {processor.py:175} INFO - Processing /home/airflow/.local/lib/python3.7/site-packages/airflow/example_dags/example_datasets.py took 0.077 seconds
[2025-10-08T00:52:39.970+0000] {processor.py:153} INFO - Started process (PID=511) to work on /home/airflow/.local/lib/python3.7/site-packages/airflow/example_dags/example_datasets.py
[2025-10-08T00:52:39.971+0000] {processor.py:743} INFO - Processing file /home/airflow/.local/lib/python3.7/site-packages/airflow/example_dags/example_datasets.py for tasks to queue
[2025-10-08T00:52:39.971+0000] {logging_mixin.py:137} INFO - [2025-10-08T00:52:39.971+0000] {dagbag.py:538} INFO - Filling up the DagBag from /home/airflow/.local/lib/python3.7/site-packages/airflow/example_dags/example_datasets.py
[2025-10-08T00:52:39.980+0000] {processor.py:753} INFO - DAG(s) dict_keys(['dataset_consumes_1_never_scheduled', 'dataset_consumes_1_and_2', 'dataset_produces_1', 'dataset_produces_2', 'dataset_consumes_1', 'dataset_consumes_unknown_never_scheduled']) retrieved from /home/airflow/.local/lib/python3.7/site-packages/airflow/example_dags/example_datasets.py
[2025-10-08T00:52:40.002+0000] {logging_mixin.py:137} INFO - [2025-10-08T00:52:40.002+0000] {dag.py:2690} INFO - Sync 6 DAGs
[2025-10-08T00:52:40.018+0000] {logging_mixin.py:137} INFO - [2025-10-08T00:52:40.018+0000] {dag.py:3441} INFO - Setting next_dagrun for dataset_consumes_1 to None, run_after=None
[2025-10-08T00:52:40.020+0000] {logging_mixin.py:137} INFO - [2025-10-08T00:52:40.020+0000] {dag.py:3441} INFO - Setting next_dagrun for dataset_consumes_1_and_2 to None, run_after=None
[2025-10-08T00:52:40.021+0000] {logging_mixin.py:137} INFO - [2025-10-08T00:52:40.021+0000] {dag.py:3441} INFO - Setting next_dagrun for dataset_consumes_1_never_scheduled to None, run_after=None
[2025-10-08T00:52:40.021+0000] {logging_mixin.py:137} INFO - [2025-10-08T00:52:40.021+0000] {dag.py:3441} INFO - Setting next_dagrun for dataset_consumes_unknown_never_scheduled to None, run_after=None
[2025-10-08T00:52:40.023+0000] {logging_mixin.py:137} INFO - [2025-10-08T00:52:40.023+0000] {dag.py:3441} INFO - Setting next_dagrun for dataset_produces_1 to 2025-10-07T00:00:00+00:00, run_after=2025-10-08T00:00:00+00:00
[2025-10-08T00:52:40.023+0000] {logging_mixin.py:137} INFO - [2025-10-08T00:52:40.023+0000] {dag.py:3441} INFO - Setting next_dagrun for dataset_produces_2 to None, run_after=None
[2025-10-08T00:52:40.045+0000] {processor.py:175} INFO - Processing /home/airflow/.local/lib/python3.7/site-packages/airflow/example_dags/example_datasets.py took 0.077 seconds
[2025-10-08T00:54:15.352+0000] {processor.py:153} INFO - Started process (PID=117) to work on /home/airflow/.local/lib/python3.7/site-packages/airflow/example_dags/example_datasets.py
[2025-10-08T00:54:15.353+0000] {processor.py:743} INFO - Processing file /home/airflow/.local/lib/python3.7/site-packages/airflow/example_dags/example_datasets.py for tasks to queue
[2025-10-08T00:54:15.353+0000] {logging_mixin.py:137} INFO - [2025-10-08T00:54:15.353+0000] {dagbag.py:538} INFO - Filling up the DagBag from /home/airflow/.local/lib/python3.7/site-packages/airflow/example_dags/example_datasets.py
[2025-10-08T00:54:15.365+0000] {processor.py:753} INFO - DAG(s) dict_keys(['dataset_consumes_1', 'dataset_consumes_1_never_scheduled', 'dataset_consumes_1_and_2', 'dataset_produces_2', 'dataset_produces_1', 'dataset_consumes_unknown_never_scheduled']) retrieved from /home/airflow/.local/lib/python3.7/site-packages/airflow/example_dags/example_datasets.py
[2025-10-08T00:54:15.444+0000] {logging_mixin.py:137} INFO - [2025-10-08T00:54:15.444+0000] {dag.py:2690} INFO - Sync 6 DAGs
[2025-10-08T00:54:15.461+0000] {logging_mixin.py:137} INFO - [2025-10-08T00:54:15.460+0000] {dag.py:3441} INFO - Setting next_dagrun for dataset_consumes_1 to None, run_after=None
[2025-10-08T00:54:15.463+0000] {logging_mixin.py:137} INFO - [2025-10-08T00:54:15.463+0000] {dag.py:3441} INFO - Setting next_dagrun for dataset_consumes_1_and_2 to None, run_after=None
[2025-10-08T00:54:15.464+0000] {logging_mixin.py:137} INFO - [2025-10-08T00:54:15.464+0000] {dag.py:3441} INFO - Setting next_dagrun for dataset_consumes_1_never_scheduled to None, run_after=None
[2025-10-08T00:54:15.464+0000] {logging_mixin.py:137} INFO - [2025-10-08T00:54:15.464+0000] {dag.py:3441} INFO - Setting next_dagrun for dataset_consumes_unknown_never_scheduled to None, run_after=None
[2025-10-08T00:54:15.466+0000] {logging_mixin.py:137} INFO - [2025-10-08T00:54:15.466+0000] {dag.py:3441} INFO - Setting next_dagrun for dataset_produces_1 to 2025-10-07T00:00:00+00:00, run_after=2025-10-08T00:00:00+00:00
[2025-10-08T00:54:15.467+0000] {logging_mixin.py:137} INFO - [2025-10-08T00:54:15.467+0000] {dag.py:3441} INFO - Setting next_dagrun for dataset_produces_2 to None, run_after=None
[2025-10-08T00:54:15.502+0000] {processor.py:175} INFO - Processing /home/airflow/.local/lib/python3.7/site-packages/airflow/example_dags/example_datasets.py took 0.152 seconds
[2025-10-08T00:54:45.584+0000] {processor.py:153} INFO - Started process (PID=193) to work on /home/airflow/.local/lib/python3.7/site-packages/airflow/example_dags/example_datasets.py
[2025-10-08T00:54:45.584+0000] {processor.py:743} INFO - Processing file /home/airflow/.local/lib/python3.7/site-packages/airflow/example_dags/example_datasets.py for tasks to queue
[2025-10-08T00:54:45.585+0000] {logging_mixin.py:137} INFO - [2025-10-08T00:54:45.585+0000] {dagbag.py:538} INFO - Filling up the DagBag from /home/airflow/.local/lib/python3.7/site-packages/airflow/example_dags/example_datasets.py
[2025-10-08T00:54:45.597+0000] {processor.py:753} INFO - DAG(s) dict_keys(['dataset_consumes_1_and_2', 'dataset_produces_2', 'dataset_produces_1', 'dataset_consumes_1_never_scheduled', 'dataset_consumes_1', 'dataset_consumes_unknown_never_scheduled']) retrieved from /home/airflow/.local/lib/python3.7/site-packages/airflow/example_dags/example_datasets.py
[2025-10-08T00:54:45.636+0000] {logging_mixin.py:137} INFO - [2025-10-08T00:54:45.636+0000] {dag.py:2690} INFO - Sync 6 DAGs
[2025-10-08T00:54:45.664+0000] {logging_mixin.py:137} INFO - [2025-10-08T00:54:45.664+0000] {dag.py:3441} INFO - Setting next_dagrun for dataset_consumes_1 to None, run_after=None
[2025-10-08T00:54:45.669+0000] {logging_mixin.py:137} INFO - [2025-10-08T00:54:45.668+0000] {dag.py:3441} INFO - Setting next_dagrun for dataset_consumes_1_and_2 to None, run_after=None
[2025-10-08T00:54:45.671+0000] {logging_mixin.py:137} INFO - [2025-10-08T00:54:45.671+0000] {dag.py:3441} INFO - Setting next_dagrun for dataset_consumes_1_never_scheduled to None, run_after=None
[2025-10-08T00:54:45.675+0000] {logging_mixin.py:137} INFO - [2025-10-08T00:54:45.674+0000] {dag.py:3441} INFO - Setting next_dagrun for dataset_consumes_unknown_never_scheduled to None, run_after=None
[2025-10-08T00:54:45.677+0000] {logging_mixin.py:137} INFO - [2025-10-08T00:54:45.677+0000] {dag.py:3441} INFO - Setting next_dagrun for dataset_produces_1 to 2025-10-07T00:00:00+00:00, run_after=2025-10-08T00:00:00+00:00
[2025-10-08T00:54:45.679+0000] {logging_mixin.py:137} INFO - [2025-10-08T00:54:45.679+0000] {dag.py:3441} INFO - Setting next_dagrun for dataset_produces_2 to None, run_after=None
[2025-10-08T00:54:45.717+0000] {processor.py:175} INFO - Processing /home/airflow/.local/lib/python3.7/site-packages/airflow/example_dags/example_datasets.py took 0.135 seconds
[2025-10-08T00:55:15.732+0000] {processor.py:153} INFO - Started process (PID=287) to work on /home/airflow/.local/lib/python3.7/site-packages/airflow/example_dags/example_datasets.py
[2025-10-08T00:55:15.732+0000] {processor.py:743} INFO - Processing file /home/airflow/.local/lib/python3.7/site-packages/airflow/example_dags/example_datasets.py for tasks to queue
[2025-10-08T00:55:15.733+0000] {logging_mixin.py:137} INFO - [2025-10-08T00:55:15.733+0000] {dagbag.py:538} INFO - Filling up the DagBag from /home/airflow/.local/lib/python3.7/site-packages/airflow/example_dags/example_datasets.py
[2025-10-08T00:55:15.740+0000] {processor.py:753} INFO - DAG(s) dict_keys(['dataset_produces_2', 'dataset_consumes_1_never_scheduled', 'dataset_produces_1', 'dataset_consumes_1_and_2', 'dataset_consumes_unknown_never_scheduled', 'dataset_consumes_1']) retrieved from /home/airflow/.local/lib/python3.7/site-packages/airflow/example_dags/example_datasets.py
[2025-10-08T00:55:15.759+0000] {logging_mixin.py:137} INFO - [2025-10-08T00:55:15.759+0000] {dag.py:2690} INFO - Sync 6 DAGs
[2025-10-08T00:55:15.771+0000] {logging_mixin.py:137} INFO - [2025-10-08T00:55:15.771+0000] {dag.py:3441} INFO - Setting next_dagrun for dataset_consumes_1 to None, run_after=None
[2025-10-08T00:55:15.773+0000] {logging_mixin.py:137} INFO - [2025-10-08T00:55:15.773+0000] {dag.py:3441} INFO - Setting next_dagrun for dataset_consumes_1_and_2 to None, run_after=None
[2025-10-08T00:55:15.773+0000] {logging_mixin.py:137} INFO - [2025-10-08T00:55:15.773+0000] {dag.py:3441} INFO - Setting next_dagrun for dataset_consumes_1_never_scheduled to None, run_after=None
[2025-10-08T00:55:15.774+0000] {logging_mixin.py:137} INFO - [2025-10-08T00:55:15.774+0000] {dag.py:3441} INFO - Setting next_dagrun for dataset_consumes_unknown_never_scheduled to None, run_after=None
[2025-10-08T00:55:15.775+0000] {logging_mixin.py:137} INFO - [2025-10-08T00:55:15.775+0000] {dag.py:3441} INFO - Setting next_dagrun for dataset_produces_1 to 2025-10-07T00:00:00+00:00, run_after=2025-10-08T00:00:00+00:00
[2025-10-08T00:55:15.775+0000] {logging_mixin.py:137} INFO - [2025-10-08T00:55:15.775+0000] {dag.py:3441} INFO - Setting next_dagrun for dataset_produces_2 to None, run_after=None
[2025-10-08T00:55:15.790+0000] {processor.py:175} INFO - Processing /home/airflow/.local/lib/python3.7/site-packages/airflow/example_dags/example_datasets.py took 0.060 seconds
[2025-10-08T00:55:46.529+0000] {processor.py:153} INFO - Started process (PID=382) to work on /home/airflow/.local/lib/python3.7/site-packages/airflow/example_dags/example_datasets.py
[2025-10-08T00:55:46.533+0000] {processor.py:743} INFO - Processing file /home/airflow/.local/lib/python3.7/site-packages/airflow/example_dags/example_datasets.py for tasks to queue
[2025-10-08T00:55:46.533+0000] {logging_mixin.py:137} INFO - [2025-10-08T00:55:46.533+0000] {dagbag.py:538} INFO - Filling up the DagBag from /home/airflow/.local/lib/python3.7/site-packages/airflow/example_dags/example_datasets.py
[2025-10-08T00:55:46.542+0000] {processor.py:753} INFO - DAG(s) dict_keys(['dataset_consumes_1_and_2', 'dataset_consumes_1', 'dataset_produces_1', 'dataset_consumes_1_never_scheduled', 'dataset_consumes_unknown_never_scheduled', 'dataset_produces_2']) retrieved from /home/airflow/.local/lib/python3.7/site-packages/airflow/example_dags/example_datasets.py
[2025-10-08T00:55:46.565+0000] {logging_mixin.py:137} INFO - [2025-10-08T00:55:46.564+0000] {dag.py:2690} INFO - Sync 6 DAGs
[2025-10-08T00:55:46.579+0000] {logging_mixin.py:137} INFO - [2025-10-08T00:55:46.578+0000] {dag.py:3441} INFO - Setting next_dagrun for dataset_consumes_1 to None, run_after=None
[2025-10-08T00:55:46.581+0000] {logging_mixin.py:137} INFO - [2025-10-08T00:55:46.581+0000] {dag.py:3441} INFO - Setting next_dagrun for dataset_consumes_1_and_2 to None, run_after=None
[2025-10-08T00:55:46.582+0000] {logging_mixin.py:137} INFO - [2025-10-08T00:55:46.582+0000] {dag.py:3441} INFO - Setting next_dagrun for dataset_consumes_1_never_scheduled to None, run_after=None
[2025-10-08T00:55:46.582+0000] {logging_mixin.py:137} INFO - [2025-10-08T00:55:46.582+0000] {dag.py:3441} INFO - Setting next_dagrun for dataset_consumes_unknown_never_scheduled to None, run_after=None
[2025-10-08T00:55:46.583+0000] {logging_mixin.py:137} INFO - [2025-10-08T00:55:46.583+0000] {dag.py:3441} INFO - Setting next_dagrun for dataset_produces_1 to 2025-10-07T00:00:00+00:00, run_after=2025-10-08T00:00:00+00:00
[2025-10-08T00:55:46.584+0000] {logging_mixin.py:137} INFO - [2025-10-08T00:55:46.584+0000] {dag.py:3441} INFO - Setting next_dagrun for dataset_produces_2 to None, run_after=None
[2025-10-08T00:55:46.600+0000] {processor.py:175} INFO - Processing /home/airflow/.local/lib/python3.7/site-packages/airflow/example_dags/example_datasets.py took 0.073 seconds
[2025-10-08T00:56:17.461+0000] {processor.py:153} INFO - Started process (PID=468) to work on /home/airflow/.local/lib/python3.7/site-packages/airflow/example_dags/example_datasets.py
[2025-10-08T00:56:17.462+0000] {processor.py:743} INFO - Processing file /home/airflow/.local/lib/python3.7/site-packages/airflow/example_dags/example_datasets.py for tasks to queue
[2025-10-08T00:56:17.465+0000] {logging_mixin.py:137} INFO - [2025-10-08T00:56:17.464+0000] {dagbag.py:538} INFO - Filling up the DagBag from /home/airflow/.local/lib/python3.7/site-packages/airflow/example_dags/example_datasets.py
[2025-10-08T00:56:17.475+0000] {processor.py:753} INFO - DAG(s) dict_keys(['dataset_consumes_1_and_2', 'dataset_consumes_1', 'dataset_produces_2', 'dataset_produces_1', 'dataset_consumes_1_never_scheduled', 'dataset_consumes_unknown_never_scheduled']) retrieved from /home/airflow/.local/lib/python3.7/site-packages/airflow/example_dags/example_datasets.py
[2025-10-08T00:56:17.504+0000] {logging_mixin.py:137} INFO - [2025-10-08T00:56:17.504+0000] {dag.py:2690} INFO - Sync 6 DAGs
[2025-10-08T00:56:17.523+0000] {logging_mixin.py:137} INFO - [2025-10-08T00:56:17.523+0000] {dag.py:3441} INFO - Setting next_dagrun for dataset_consumes_1 to None, run_after=None
[2025-10-08T00:56:17.526+0000] {logging_mixin.py:137} INFO - [2025-10-08T00:56:17.526+0000] {dag.py:3441} INFO - Setting next_dagrun for dataset_consumes_1_and_2 to None, run_after=None
[2025-10-08T00:56:17.527+0000] {logging_mixin.py:137} INFO - [2025-10-08T00:56:17.527+0000] {dag.py:3441} INFO - Setting next_dagrun for dataset_consumes_1_never_scheduled to None, run_after=None
[2025-10-08T00:56:17.528+0000] {logging_mixin.py:137} INFO - [2025-10-08T00:56:17.528+0000] {dag.py:3441} INFO - Setting next_dagrun for dataset_consumes_unknown_never_scheduled to None, run_after=None
[2025-10-08T00:56:17.532+0000] {logging_mixin.py:137} INFO - [2025-10-08T00:56:17.532+0000] {dag.py:3441} INFO - Setting next_dagrun for dataset_produces_1 to 2025-10-07T00:00:00+00:00, run_after=2025-10-08T00:00:00+00:00
[2025-10-08T00:56:17.534+0000] {logging_mixin.py:137} INFO - [2025-10-08T00:56:17.534+0000] {dag.py:3441} INFO - Setting next_dagrun for dataset_produces_2 to None, run_after=None
[2025-10-08T00:56:17.558+0000] {processor.py:175} INFO - Processing /home/airflow/.local/lib/python3.7/site-packages/airflow/example_dags/example_datasets.py took 0.099 seconds
[2025-10-08T00:56:48.342+0000] {processor.py:153} INFO - Started process (PID=554) to work on /home/airflow/.local/lib/python3.7/site-packages/airflow/example_dags/example_datasets.py
[2025-10-08T00:56:48.343+0000] {processor.py:743} INFO - Processing file /home/airflow/.local/lib/python3.7/site-packages/airflow/example_dags/example_datasets.py for tasks to queue
[2025-10-08T00:56:48.343+0000] {logging_mixin.py:137} INFO - [2025-10-08T00:56:48.343+0000] {dagbag.py:538} INFO - Filling up the DagBag from /home/airflow/.local/lib/python3.7/site-packages/airflow/example_dags/example_datasets.py
[2025-10-08T00:56:48.352+0000] {processor.py:753} INFO - DAG(s) dict_keys(['dataset_consumes_1_never_scheduled', 'dataset_produces_2', 'dataset_consumes_1', 'dataset_consumes_unknown_never_scheduled', 'dataset_consumes_1_and_2', 'dataset_produces_1']) retrieved from /home/airflow/.local/lib/python3.7/site-packages/airflow/example_dags/example_datasets.py
[2025-10-08T00:56:48.374+0000] {logging_mixin.py:137} INFO - [2025-10-08T00:56:48.374+0000] {dag.py:2690} INFO - Sync 6 DAGs
[2025-10-08T00:56:48.387+0000] {logging_mixin.py:137} INFO - [2025-10-08T00:56:48.387+0000] {dag.py:3441} INFO - Setting next_dagrun for dataset_consumes_1 to None, run_after=None
[2025-10-08T00:56:48.390+0000] {logging_mixin.py:137} INFO - [2025-10-08T00:56:48.390+0000] {dag.py:3441} INFO - Setting next_dagrun for dataset_consumes_1_and_2 to None, run_after=None
[2025-10-08T00:56:48.391+0000] {logging_mixin.py:137} INFO - [2025-10-08T00:56:48.391+0000] {dag.py:3441} INFO - Setting next_dagrun for dataset_consumes_1_never_scheduled to None, run_after=None
[2025-10-08T00:56:48.391+0000] {logging_mixin.py:137} INFO - [2025-10-08T00:56:48.391+0000] {dag.py:3441} INFO - Setting next_dagrun for dataset_consumes_unknown_never_scheduled to None, run_after=None
[2025-10-08T00:56:48.393+0000] {logging_mixin.py:137} INFO - [2025-10-08T00:56:48.393+0000] {dag.py:3441} INFO - Setting next_dagrun for dataset_produces_1 to 2025-10-07T00:00:00+00:00, run_after=2025-10-08T00:00:00+00:00
[2025-10-08T00:56:48.394+0000] {logging_mixin.py:137} INFO - [2025-10-08T00:56:48.394+0000] {dag.py:3441} INFO - Setting next_dagrun for dataset_produces_2 to None, run_after=None
[2025-10-08T00:56:48.413+0000] {processor.py:175} INFO - Processing /home/airflow/.local/lib/python3.7/site-packages/airflow/example_dags/example_datasets.py took 0.073 seconds
[2025-10-08T00:57:19.393+0000] {processor.py:153} INFO - Started process (PID=649) to work on /home/airflow/.local/lib/python3.7/site-packages/airflow/example_dags/example_datasets.py
[2025-10-08T00:57:19.394+0000] {processor.py:743} INFO - Processing file /home/airflow/.local/lib/python3.7/site-packages/airflow/example_dags/example_datasets.py for tasks to queue
[2025-10-08T00:57:19.395+0000] {logging_mixin.py:137} INFO - [2025-10-08T00:57:19.395+0000] {dagbag.py:538} INFO - Filling up the DagBag from /home/airflow/.local/lib/python3.7/site-packages/airflow/example_dags/example_datasets.py
[2025-10-08T00:57:19.404+0000] {processor.py:753} INFO - DAG(s) dict_keys(['dataset_produces_1', 'dataset_consumes_unknown_never_scheduled', 'dataset_produces_2', 'dataset_consumes_1_and_2', 'dataset_consumes_1', 'dataset_consumes_1_never_scheduled']) retrieved from /home/airflow/.local/lib/python3.7/site-packages/airflow/example_dags/example_datasets.py
[2025-10-08T00:57:19.428+0000] {logging_mixin.py:137} INFO - [2025-10-08T00:57:19.428+0000] {dag.py:2690} INFO - Sync 6 DAGs
[2025-10-08T00:57:19.442+0000] {logging_mixin.py:137} INFO - [2025-10-08T00:57:19.442+0000] {dag.py:3441} INFO - Setting next_dagrun for dataset_consumes_1 to None, run_after=None
[2025-10-08T00:57:19.444+0000] {logging_mixin.py:137} INFO - [2025-10-08T00:57:19.443+0000] {dag.py:3441} INFO - Setting next_dagrun for dataset_consumes_1_and_2 to None, run_after=None
[2025-10-08T00:57:19.444+0000] {logging_mixin.py:137} INFO - [2025-10-08T00:57:19.444+0000] {dag.py:3441} INFO - Setting next_dagrun for dataset_consumes_1_never_scheduled to None, run_after=None
[2025-10-08T00:57:19.445+0000] {logging_mixin.py:137} INFO - [2025-10-08T00:57:19.445+0000] {dag.py:3441} INFO - Setting next_dagrun for dataset_consumes_unknown_never_scheduled to None, run_after=None
[2025-10-08T00:57:19.446+0000] {logging_mixin.py:137} INFO - [2025-10-08T00:57:19.446+0000] {dag.py:3441} INFO - Setting next_dagrun for dataset_produces_1 to 2025-10-07T00:00:00+00:00, run_after=2025-10-08T00:00:00+00:00
[2025-10-08T00:57:19.446+0000] {logging_mixin.py:137} INFO - [2025-10-08T00:57:19.446+0000] {dag.py:3441} INFO - Setting next_dagrun for dataset_produces_2 to None, run_after=None
[2025-10-08T00:57:19.463+0000] {processor.py:175} INFO - Processing /home/airflow/.local/lib/python3.7/site-packages/airflow/example_dags/example_datasets.py took 0.072 seconds
[2025-10-08T00:57:50.385+0000] {processor.py:153} INFO - Started process (PID=744) to work on /home/airflow/.local/lib/python3.7/site-packages/airflow/example_dags/example_datasets.py
[2025-10-08T00:57:50.385+0000] {processor.py:743} INFO - Processing file /home/airflow/.local/lib/python3.7/site-packages/airflow/example_dags/example_datasets.py for tasks to queue
[2025-10-08T00:57:50.386+0000] {logging_mixin.py:137} INFO - [2025-10-08T00:57:50.385+0000] {dagbag.py:538} INFO - Filling up the DagBag from /home/airflow/.local/lib/python3.7/site-packages/airflow/example_dags/example_datasets.py
[2025-10-08T00:57:50.396+0000] {processor.py:753} INFO - DAG(s) dict_keys(['dataset_consumes_1', 'dataset_produces_2', 'dataset_consumes_1_never_scheduled', 'dataset_consumes_unknown_never_scheduled', 'dataset_produces_1', 'dataset_consumes_1_and_2']) retrieved from /home/airflow/.local/lib/python3.7/site-packages/airflow/example_dags/example_datasets.py
[2025-10-08T00:57:50.422+0000] {logging_mixin.py:137} INFO - [2025-10-08T00:57:50.421+0000] {dag.py:2690} INFO - Sync 6 DAGs
[2025-10-08T00:57:50.438+0000] {logging_mixin.py:137} INFO - [2025-10-08T00:57:50.437+0000] {dag.py:3441} INFO - Setting next_dagrun for dataset_consumes_1 to None, run_after=None
[2025-10-08T00:57:50.440+0000] {logging_mixin.py:137} INFO - [2025-10-08T00:57:50.440+0000] {dag.py:3441} INFO - Setting next_dagrun for dataset_consumes_1_and_2 to None, run_after=None
[2025-10-08T00:57:50.442+0000] {logging_mixin.py:137} INFO - [2025-10-08T00:57:50.442+0000] {dag.py:3441} INFO - Setting next_dagrun for dataset_consumes_1_never_scheduled to None, run_after=None
[2025-10-08T00:57:50.443+0000] {logging_mixin.py:137} INFO - [2025-10-08T00:57:50.443+0000] {dag.py:3441} INFO - Setting next_dagrun for dataset_consumes_unknown_never_scheduled to None, run_after=None
[2025-10-08T00:57:50.447+0000] {logging_mixin.py:137} INFO - [2025-10-08T00:57:50.447+0000] {dag.py:3441} INFO - Setting next_dagrun for dataset_produces_1 to 2025-10-07T00:00:00+00:00, run_after=2025-10-08T00:00:00+00:00
[2025-10-08T00:57:50.447+0000] {logging_mixin.py:137} INFO - [2025-10-08T00:57:50.447+0000] {dag.py:3441} INFO - Setting next_dagrun for dataset_produces_2 to None, run_after=None
[2025-10-08T00:57:50.468+0000] {processor.py:175} INFO - Processing /home/airflow/.local/lib/python3.7/site-packages/airflow/example_dags/example_datasets.py took 0.086 seconds
[2025-10-08T00:58:21.270+0000] {processor.py:153} INFO - Started process (PID=821) to work on /home/airflow/.local/lib/python3.7/site-packages/airflow/example_dags/example_datasets.py
[2025-10-08T00:58:21.272+0000] {processor.py:743} INFO - Processing file /home/airflow/.local/lib/python3.7/site-packages/airflow/example_dags/example_datasets.py for tasks to queue
[2025-10-08T00:58:21.273+0000] {logging_mixin.py:137} INFO - [2025-10-08T00:58:21.273+0000] {dagbag.py:538} INFO - Filling up the DagBag from /home/airflow/.local/lib/python3.7/site-packages/airflow/example_dags/example_datasets.py
[2025-10-08T00:58:21.282+0000] {processor.py:753} INFO - DAG(s) dict_keys(['dataset_consumes_1', 'dataset_consumes_unknown_never_scheduled', 'dataset_consumes_1_never_scheduled', 'dataset_consumes_1_and_2', 'dataset_produces_2', 'dataset_produces_1']) retrieved from /home/airflow/.local/lib/python3.7/site-packages/airflow/example_dags/example_datasets.py
[2025-10-08T00:58:21.306+0000] {logging_mixin.py:137} INFO - [2025-10-08T00:58:21.306+0000] {dag.py:2690} INFO - Sync 6 DAGs
[2025-10-08T00:58:21.326+0000] {logging_mixin.py:137} INFO - [2025-10-08T00:58:21.326+0000] {dag.py:3441} INFO - Setting next_dagrun for dataset_consumes_1 to None, run_after=None
[2025-10-08T00:58:21.328+0000] {logging_mixin.py:137} INFO - [2025-10-08T00:58:21.328+0000] {dag.py:3441} INFO - Setting next_dagrun for dataset_consumes_1_and_2 to None, run_after=None
[2025-10-08T00:58:21.329+0000] {logging_mixin.py:137} INFO - [2025-10-08T00:58:21.329+0000] {dag.py:3441} INFO - Setting next_dagrun for dataset_consumes_1_never_scheduled to None, run_after=None
[2025-10-08T00:58:21.329+0000] {logging_mixin.py:137} INFO - [2025-10-08T00:58:21.329+0000] {dag.py:3441} INFO - Setting next_dagrun for dataset_consumes_unknown_never_scheduled to None, run_after=None
[2025-10-08T00:58:21.333+0000] {logging_mixin.py:137} INFO - [2025-10-08T00:58:21.332+0000] {dag.py:3441} INFO - Setting next_dagrun for dataset_produces_1 to 2025-10-07T00:00:00+00:00, run_after=2025-10-08T00:00:00+00:00
[2025-10-08T00:58:21.334+0000] {logging_mixin.py:137} INFO - [2025-10-08T00:58:21.334+0000] {dag.py:3441} INFO - Setting next_dagrun for dataset_produces_2 to None, run_after=None
[2025-10-08T00:58:21.355+0000] {processor.py:175} INFO - Processing /home/airflow/.local/lib/python3.7/site-packages/airflow/example_dags/example_datasets.py took 0.086 seconds
[2025-10-08T00:58:52.289+0000] {processor.py:153} INFO - Started process (PID=916) to work on /home/airflow/.local/lib/python3.7/site-packages/airflow/example_dags/example_datasets.py
[2025-10-08T00:58:52.290+0000] {processor.py:743} INFO - Processing file /home/airflow/.local/lib/python3.7/site-packages/airflow/example_dags/example_datasets.py for tasks to queue
[2025-10-08T00:58:52.292+0000] {logging_mixin.py:137} INFO - [2025-10-08T00:58:52.292+0000] {dagbag.py:538} INFO - Filling up the DagBag from /home/airflow/.local/lib/python3.7/site-packages/airflow/example_dags/example_datasets.py
[2025-10-08T00:58:52.299+0000] {processor.py:753} INFO - DAG(s) dict_keys(['dataset_consumes_1_and_2', 'dataset_consumes_unknown_never_scheduled', 'dataset_produces_1', 'dataset_consumes_1', 'dataset_produces_2', 'dataset_consumes_1_never_scheduled']) retrieved from /home/airflow/.local/lib/python3.7/site-packages/airflow/example_dags/example_datasets.py
[2025-10-08T00:58:52.322+0000] {logging_mixin.py:137} INFO - [2025-10-08T00:58:52.322+0000] {dag.py:2690} INFO - Sync 6 DAGs
[2025-10-08T00:58:52.335+0000] {logging_mixin.py:137} INFO - [2025-10-08T00:58:52.335+0000] {dag.py:3441} INFO - Setting next_dagrun for dataset_consumes_1 to None, run_after=None
[2025-10-08T00:58:52.337+0000] {logging_mixin.py:137} INFO - [2025-10-08T00:58:52.337+0000] {dag.py:3441} INFO - Setting next_dagrun for dataset_consumes_1_and_2 to None, run_after=None
[2025-10-08T00:58:52.338+0000] {logging_mixin.py:137} INFO - [2025-10-08T00:58:52.338+0000] {dag.py:3441} INFO - Setting next_dagrun for dataset_consumes_1_never_scheduled to None, run_after=None
[2025-10-08T00:58:52.338+0000] {logging_mixin.py:137} INFO - [2025-10-08T00:58:52.338+0000] {dag.py:3441} INFO - Setting next_dagrun for dataset_consumes_unknown_never_scheduled to None, run_after=None
[2025-10-08T00:58:52.340+0000] {logging_mixin.py:137} INFO - [2025-10-08T00:58:52.340+0000] {dag.py:3441} INFO - Setting next_dagrun for dataset_produces_1 to 2025-10-07T00:00:00+00:00, run_after=2025-10-08T00:00:00+00:00
[2025-10-08T00:58:52.341+0000] {logging_mixin.py:137} INFO - [2025-10-08T00:58:52.340+0000] {dag.py:3441} INFO - Setting next_dagrun for dataset_produces_2 to None, run_after=None
[2025-10-08T00:58:52.359+0000] {processor.py:175} INFO - Processing /home/airflow/.local/lib/python3.7/site-packages/airflow/example_dags/example_datasets.py took 0.071 seconds
[2025-10-08T00:59:22.408+0000] {processor.py:153} INFO - Started process (PID=1011) to work on /home/airflow/.local/lib/python3.7/site-packages/airflow/example_dags/example_datasets.py
[2025-10-08T00:59:22.409+0000] {processor.py:743} INFO - Processing file /home/airflow/.local/lib/python3.7/site-packages/airflow/example_dags/example_datasets.py for tasks to queue
[2025-10-08T00:59:22.411+0000] {logging_mixin.py:137} INFO - [2025-10-08T00:59:22.410+0000] {dagbag.py:538} INFO - Filling up the DagBag from /home/airflow/.local/lib/python3.7/site-packages/airflow/example_dags/example_datasets.py
[2025-10-08T00:59:22.419+0000] {processor.py:753} INFO - DAG(s) dict_keys(['dataset_consumes_unknown_never_scheduled', 'dataset_consumes_1', 'dataset_produces_2', 'dataset_consumes_1_and_2', 'dataset_consumes_1_never_scheduled', 'dataset_produces_1']) retrieved from /home/airflow/.local/lib/python3.7/site-packages/airflow/example_dags/example_datasets.py
[2025-10-08T00:59:22.443+0000] {logging_mixin.py:137} INFO - [2025-10-08T00:59:22.442+0000] {dag.py:2690} INFO - Sync 6 DAGs
[2025-10-08T00:59:22.457+0000] {logging_mixin.py:137} INFO - [2025-10-08T00:59:22.457+0000] {dag.py:3441} INFO - Setting next_dagrun for dataset_consumes_1 to None, run_after=None
[2025-10-08T00:59:22.459+0000] {logging_mixin.py:137} INFO - [2025-10-08T00:59:22.459+0000] {dag.py:3441} INFO - Setting next_dagrun for dataset_consumes_1_and_2 to None, run_after=None
[2025-10-08T00:59:22.461+0000] {logging_mixin.py:137} INFO - [2025-10-08T00:59:22.460+0000] {dag.py:3441} INFO - Setting next_dagrun for dataset_consumes_1_never_scheduled to None, run_after=None
[2025-10-08T00:59:22.461+0000] {logging_mixin.py:137} INFO - [2025-10-08T00:59:22.461+0000] {dag.py:3441} INFO - Setting next_dagrun for dataset_consumes_unknown_never_scheduled to None, run_after=None
[2025-10-08T00:59:22.463+0000] {logging_mixin.py:137} INFO - [2025-10-08T00:59:22.463+0000] {dag.py:3441} INFO - Setting next_dagrun for dataset_produces_1 to 2025-10-07T00:00:00+00:00, run_after=2025-10-08T00:00:00+00:00
[2025-10-08T00:59:22.464+0000] {logging_mixin.py:137} INFO - [2025-10-08T00:59:22.464+0000] {dag.py:3441} INFO - Setting next_dagrun for dataset_produces_2 to None, run_after=None
[2025-10-08T00:59:22.487+0000] {processor.py:175} INFO - Processing /home/airflow/.local/lib/python3.7/site-packages/airflow/example_dags/example_datasets.py took 0.082 seconds
[2025-10-08T00:59:53.212+0000] {processor.py:153} INFO - Started process (PID=1097) to work on /home/airflow/.local/lib/python3.7/site-packages/airflow/example_dags/example_datasets.py
[2025-10-08T00:59:53.213+0000] {processor.py:743} INFO - Processing file /home/airflow/.local/lib/python3.7/site-packages/airflow/example_dags/example_datasets.py for tasks to queue
[2025-10-08T00:59:53.215+0000] {logging_mixin.py:137} INFO - [2025-10-08T00:59:53.214+0000] {dagbag.py:538} INFO - Filling up the DagBag from /home/airflow/.local/lib/python3.7/site-packages/airflow/example_dags/example_datasets.py
[2025-10-08T00:59:53.227+0000] {processor.py:753} INFO - DAG(s) dict_keys(['dataset_consumes_1', 'dataset_consumes_1_never_scheduled', 'dataset_produces_2', 'dataset_produces_1', 'dataset_consumes_1_and_2', 'dataset_consumes_unknown_never_scheduled']) retrieved from /home/airflow/.local/lib/python3.7/site-packages/airflow/example_dags/example_datasets.py
[2025-10-08T00:59:53.260+0000] {logging_mixin.py:137} INFO - [2025-10-08T00:59:53.260+0000] {dag.py:2690} INFO - Sync 6 DAGs
[2025-10-08T00:59:53.300+0000] {logging_mixin.py:137} INFO - [2025-10-08T00:59:53.300+0000] {dag.py:3441} INFO - Setting next_dagrun for dataset_consumes_1 to None, run_after=None
[2025-10-08T00:59:53.307+0000] {logging_mixin.py:137} INFO - [2025-10-08T00:59:53.307+0000] {dag.py:3441} INFO - Setting next_dagrun for dataset_consumes_1_and_2 to None, run_after=None
[2025-10-08T00:59:53.311+0000] {logging_mixin.py:137} INFO - [2025-10-08T00:59:53.311+0000] {dag.py:3441} INFO - Setting next_dagrun for dataset_consumes_1_never_scheduled to None, run_after=None
[2025-10-08T00:59:53.322+0000] {logging_mixin.py:137} INFO - [2025-10-08T00:59:53.322+0000] {dag.py:3441} INFO - Setting next_dagrun for dataset_consumes_unknown_never_scheduled to None, run_after=None
[2025-10-08T00:59:53.324+0000] {logging_mixin.py:137} INFO - [2025-10-08T00:59:53.324+0000] {dag.py:3441} INFO - Setting next_dagrun for dataset_produces_1 to 2025-10-07T00:00:00+00:00, run_after=2025-10-08T00:00:00+00:00
[2025-10-08T00:59:53.325+0000] {logging_mixin.py:137} INFO - [2025-10-08T00:59:53.325+0000] {dag.py:3441} INFO - Setting next_dagrun for dataset_produces_2 to None, run_after=None
[2025-10-08T00:59:53.372+0000] {processor.py:175} INFO - Processing /home/airflow/.local/lib/python3.7/site-packages/airflow/example_dags/example_datasets.py took 0.162 seconds
[2025-10-08T01:00:24.105+0000] {processor.py:153} INFO - Started process (PID=1183) to work on /home/airflow/.local/lib/python3.7/site-packages/airflow/example_dags/example_datasets.py
[2025-10-08T01:00:24.107+0000] {processor.py:743} INFO - Processing file /home/airflow/.local/lib/python3.7/site-packages/airflow/example_dags/example_datasets.py for tasks to queue
[2025-10-08T01:00:24.107+0000] {logging_mixin.py:137} INFO - [2025-10-08T01:00:24.107+0000] {dagbag.py:538} INFO - Filling up the DagBag from /home/airflow/.local/lib/python3.7/site-packages/airflow/example_dags/example_datasets.py
[2025-10-08T01:00:24.116+0000] {processor.py:753} INFO - DAG(s) dict_keys(['dataset_consumes_1_never_scheduled', 'dataset_consumes_unknown_never_scheduled', 'dataset_produces_2', 'dataset_consumes_1', 'dataset_produces_1', 'dataset_consumes_1_and_2']) retrieved from /home/airflow/.local/lib/python3.7/site-packages/airflow/example_dags/example_datasets.py
[2025-10-08T01:00:24.138+0000] {logging_mixin.py:137} INFO - [2025-10-08T01:00:24.138+0000] {dag.py:2690} INFO - Sync 6 DAGs
[2025-10-08T01:00:24.152+0000] {logging_mixin.py:137} INFO - [2025-10-08T01:00:24.152+0000] {dag.py:3441} INFO - Setting next_dagrun for dataset_consumes_1 to None, run_after=None
[2025-10-08T01:00:24.154+0000] {logging_mixin.py:137} INFO - [2025-10-08T01:00:24.153+0000] {dag.py:3441} INFO - Setting next_dagrun for dataset_consumes_1_and_2 to None, run_after=None
[2025-10-08T01:00:24.154+0000] {logging_mixin.py:137} INFO - [2025-10-08T01:00:24.154+0000] {dag.py:3441} INFO - Setting next_dagrun for dataset_consumes_1_never_scheduled to None, run_after=None
[2025-10-08T01:00:24.155+0000] {logging_mixin.py:137} INFO - [2025-10-08T01:00:24.155+0000] {dag.py:3441} INFO - Setting next_dagrun for dataset_consumes_unknown_never_scheduled to None, run_after=None
[2025-10-08T01:00:24.156+0000] {logging_mixin.py:137} INFO - [2025-10-08T01:00:24.156+0000] {dag.py:3441} INFO - Setting next_dagrun for dataset_produces_1 to 2025-10-07T00:00:00+00:00, run_after=2025-10-08T00:00:00+00:00
[2025-10-08T01:00:24.157+0000] {logging_mixin.py:137} INFO - [2025-10-08T01:00:24.157+0000] {dag.py:3441} INFO - Setting next_dagrun for dataset_produces_2 to None, run_after=None
[2025-10-08T01:00:24.173+0000] {processor.py:175} INFO - Processing /home/airflow/.local/lib/python3.7/site-packages/airflow/example_dags/example_datasets.py took 0.070 seconds
[2025-10-08T01:00:55.005+0000] {processor.py:153} INFO - Started process (PID=1278) to work on /home/airflow/.local/lib/python3.7/site-packages/airflow/example_dags/example_datasets.py
[2025-10-08T01:00:55.006+0000] {processor.py:743} INFO - Processing file /home/airflow/.local/lib/python3.7/site-packages/airflow/example_dags/example_datasets.py for tasks to queue
[2025-10-08T01:00:55.007+0000] {logging_mixin.py:137} INFO - [2025-10-08T01:00:55.007+0000] {dagbag.py:538} INFO - Filling up the DagBag from /home/airflow/.local/lib/python3.7/site-packages/airflow/example_dags/example_datasets.py
[2025-10-08T01:00:55.015+0000] {processor.py:753} INFO - DAG(s) dict_keys(['dataset_consumes_1', 'dataset_consumes_1_and_2', 'dataset_consumes_unknown_never_scheduled', 'dataset_consumes_1_never_scheduled', 'dataset_produces_2', 'dataset_produces_1']) retrieved from /home/airflow/.local/lib/python3.7/site-packages/airflow/example_dags/example_datasets.py
[2025-10-08T01:00:55.041+0000] {logging_mixin.py:137} INFO - [2025-10-08T01:00:55.041+0000] {dag.py:2690} INFO - Sync 6 DAGs
[2025-10-08T01:00:55.056+0000] {logging_mixin.py:137} INFO - [2025-10-08T01:00:55.055+0000] {dag.py:3441} INFO - Setting next_dagrun for dataset_consumes_1 to None, run_after=None
[2025-10-08T01:00:55.059+0000] {logging_mixin.py:137} INFO - [2025-10-08T01:00:55.059+0000] {dag.py:3441} INFO - Setting next_dagrun for dataset_consumes_1_and_2 to None, run_after=None
[2025-10-08T01:00:55.060+0000] {logging_mixin.py:137} INFO - [2025-10-08T01:00:55.060+0000] {dag.py:3441} INFO - Setting next_dagrun for dataset_consumes_1_never_scheduled to None, run_after=None
[2025-10-08T01:00:55.061+0000] {logging_mixin.py:137} INFO - [2025-10-08T01:00:55.061+0000] {dag.py:3441} INFO - Setting next_dagrun for dataset_consumes_unknown_never_scheduled to None, run_after=None
[2025-10-08T01:00:55.063+0000] {logging_mixin.py:137} INFO - [2025-10-08T01:00:55.063+0000] {dag.py:3441} INFO - Setting next_dagrun for dataset_produces_1 to 2025-10-07T00:00:00+00:00, run_after=2025-10-08T00:00:00+00:00
[2025-10-08T01:00:55.064+0000] {logging_mixin.py:137} INFO - [2025-10-08T01:00:55.063+0000] {dag.py:3441} INFO - Setting next_dagrun for dataset_produces_2 to None, run_after=None
[2025-10-08T01:00:55.085+0000] {processor.py:175} INFO - Processing /home/airflow/.local/lib/python3.7/site-packages/airflow/example_dags/example_datasets.py took 0.082 seconds
[2025-10-08T01:01:25.797+0000] {processor.py:153} INFO - Started process (PID=1373) to work on /home/airflow/.local/lib/python3.7/site-packages/airflow/example_dags/example_datasets.py
[2025-10-08T01:01:25.797+0000] {processor.py:743} INFO - Processing file /home/airflow/.local/lib/python3.7/site-packages/airflow/example_dags/example_datasets.py for tasks to queue
[2025-10-08T01:01:25.798+0000] {logging_mixin.py:137} INFO - [2025-10-08T01:01:25.798+0000] {dagbag.py:538} INFO - Filling up the DagBag from /home/airflow/.local/lib/python3.7/site-packages/airflow/example_dags/example_datasets.py
[2025-10-08T01:01:25.807+0000] {processor.py:753} INFO - DAG(s) dict_keys(['dataset_produces_2', 'dataset_consumes_1_and_2', 'dataset_consumes_1_never_scheduled', 'dataset_consumes_unknown_never_scheduled', 'dataset_consumes_1', 'dataset_produces_1']) retrieved from /home/airflow/.local/lib/python3.7/site-packages/airflow/example_dags/example_datasets.py
[2025-10-08T01:01:25.828+0000] {logging_mixin.py:137} INFO - [2025-10-08T01:01:25.828+0000] {dag.py:2690} INFO - Sync 6 DAGs
[2025-10-08T01:01:25.843+0000] {logging_mixin.py:137} INFO - [2025-10-08T01:01:25.843+0000] {dag.py:3441} INFO - Setting next_dagrun for dataset_consumes_1 to None, run_after=None
[2025-10-08T01:01:25.845+0000] {logging_mixin.py:137} INFO - [2025-10-08T01:01:25.845+0000] {dag.py:3441} INFO - Setting next_dagrun for dataset_consumes_1_and_2 to None, run_after=None
[2025-10-08T01:01:25.846+0000] {logging_mixin.py:137} INFO - [2025-10-08T01:01:25.845+0000] {dag.py:3441} INFO - Setting next_dagrun for dataset_consumes_1_never_scheduled to None, run_after=None
[2025-10-08T01:01:25.846+0000] {logging_mixin.py:137} INFO - [2025-10-08T01:01:25.846+0000] {dag.py:3441} INFO - Setting next_dagrun for dataset_consumes_unknown_never_scheduled to None, run_after=None
[2025-10-08T01:01:25.848+0000] {logging_mixin.py:137} INFO - [2025-10-08T01:01:25.847+0000] {dag.py:3441} INFO - Setting next_dagrun for dataset_produces_1 to 2025-10-07T00:00:00+00:00, run_after=2025-10-08T00:00:00+00:00
[2025-10-08T01:01:25.848+0000] {logging_mixin.py:137} INFO - [2025-10-08T01:01:25.848+0000] {dag.py:3441} INFO - Setting next_dagrun for dataset_produces_2 to None, run_after=None
[2025-10-08T01:01:25.865+0000] {processor.py:175} INFO - Processing /home/airflow/.local/lib/python3.7/site-packages/airflow/example_dags/example_datasets.py took 0.070 seconds
