[2025-10-08T00:50:05.769+0000] {processor.py:153} INFO - Started process (PID=65) to work on /home/airflow/.local/lib/python3.7/site-packages/airflow/example_dags/example_bash_operator.py
[2025-10-08T00:50:05.771+0000] {processor.py:743} INFO - Processing file /home/airflow/.local/lib/python3.7/site-packages/airflow/example_dags/example_bash_operator.py for tasks to queue
[2025-10-08T00:50:05.772+0000] {logging_mixin.py:137} INFO - [2025-10-08T00:50:05.772+0000] {dagbag.py:538} INFO - Filling up the DagBag from /home/airflow/.local/lib/python3.7/site-packages/airflow/example_dags/example_bash_operator.py
[2025-10-08T00:50:05.799+0000] {processor.py:753} INFO - DAG(s) dict_keys(['example_bash_operator']) retrieved from /home/airflow/.local/lib/python3.7/site-packages/airflow/example_dags/example_bash_operator.py
[2025-10-08T00:50:05.815+0000] {logging_mixin.py:137} INFO - [2025-10-08T00:50:05.815+0000] {dag.py:2690} INFO - Sync 1 DAGs
[2025-10-08T00:50:05.846+0000] {logging_mixin.py:137} INFO - [2025-10-08T00:50:05.846+0000] {dag.py:3441} INFO - Setting next_dagrun for example_bash_operator to 2025-10-07T00:00:00+00:00, run_after=2025-10-08T00:00:00+00:00
[2025-10-08T00:50:05.863+0000] {processor.py:175} INFO - Processing /home/airflow/.local/lib/python3.7/site-packages/airflow/example_dags/example_bash_operator.py took 0.098 seconds
[2025-10-08T00:50:36.363+0000] {processor.py:153} INFO - Started process (PID=160) to work on /home/airflow/.local/lib/python3.7/site-packages/airflow/example_dags/example_bash_operator.py
[2025-10-08T00:50:36.366+0000] {processor.py:743} INFO - Processing file /home/airflow/.local/lib/python3.7/site-packages/airflow/example_dags/example_bash_operator.py for tasks to queue
[2025-10-08T00:50:36.367+0000] {logging_mixin.py:137} INFO - [2025-10-08T00:50:36.367+0000] {dagbag.py:538} INFO - Filling up the DagBag from /home/airflow/.local/lib/python3.7/site-packages/airflow/example_dags/example_bash_operator.py
[2025-10-08T00:50:36.381+0000] {processor.py:753} INFO - DAG(s) dict_keys(['example_bash_operator']) retrieved from /home/airflow/.local/lib/python3.7/site-packages/airflow/example_dags/example_bash_operator.py
[2025-10-08T00:50:36.405+0000] {logging_mixin.py:137} INFO - [2025-10-08T00:50:36.404+0000] {dag.py:2690} INFO - Sync 1 DAGs
[2025-10-08T00:50:36.420+0000] {logging_mixin.py:137} INFO - [2025-10-08T00:50:36.420+0000] {dag.py:3441} INFO - Setting next_dagrun for example_bash_operator to 2025-10-07T00:00:00+00:00, run_after=2025-10-08T00:00:00+00:00
[2025-10-08T00:50:36.438+0000] {processor.py:175} INFO - Processing /home/airflow/.local/lib/python3.7/site-packages/airflow/example_dags/example_bash_operator.py took 0.078 seconds
[2025-10-08T00:51:07.567+0000] {processor.py:153} INFO - Started process (PID=255) to work on /home/airflow/.local/lib/python3.7/site-packages/airflow/example_dags/example_bash_operator.py
[2025-10-08T00:51:07.568+0000] {processor.py:743} INFO - Processing file /home/airflow/.local/lib/python3.7/site-packages/airflow/example_dags/example_bash_operator.py for tasks to queue
[2025-10-08T00:51:07.569+0000] {logging_mixin.py:137} INFO - [2025-10-08T00:51:07.569+0000] {dagbag.py:538} INFO - Filling up the DagBag from /home/airflow/.local/lib/python3.7/site-packages/airflow/example_dags/example_bash_operator.py
[2025-10-08T00:51:07.581+0000] {processor.py:753} INFO - DAG(s) dict_keys(['example_bash_operator']) retrieved from /home/airflow/.local/lib/python3.7/site-packages/airflow/example_dags/example_bash_operator.py
[2025-10-08T00:51:07.601+0000] {logging_mixin.py:137} INFO - [2025-10-08T00:51:07.601+0000] {dag.py:2690} INFO - Sync 1 DAGs
[2025-10-08T00:51:07.616+0000] {logging_mixin.py:137} INFO - [2025-10-08T00:51:07.615+0000] {dag.py:3441} INFO - Setting next_dagrun for example_bash_operator to 2025-10-07T00:00:00+00:00, run_after=2025-10-08T00:00:00+00:00
[2025-10-08T00:51:07.626+0000] {processor.py:175} INFO - Processing /home/airflow/.local/lib/python3.7/site-packages/airflow/example_dags/example_bash_operator.py took 0.062 seconds
[2025-10-08T00:51:38.592+0000] {processor.py:153} INFO - Started process (PID=332) to work on /home/airflow/.local/lib/python3.7/site-packages/airflow/example_dags/example_bash_operator.py
[2025-10-08T00:51:38.592+0000] {processor.py:743} INFO - Processing file /home/airflow/.local/lib/python3.7/site-packages/airflow/example_dags/example_bash_operator.py for tasks to queue
[2025-10-08T00:51:38.593+0000] {logging_mixin.py:137} INFO - [2025-10-08T00:51:38.593+0000] {dagbag.py:538} INFO - Filling up the DagBag from /home/airflow/.local/lib/python3.7/site-packages/airflow/example_dags/example_bash_operator.py
[2025-10-08T00:51:38.605+0000] {processor.py:753} INFO - DAG(s) dict_keys(['example_bash_operator']) retrieved from /home/airflow/.local/lib/python3.7/site-packages/airflow/example_dags/example_bash_operator.py
[2025-10-08T00:51:38.630+0000] {logging_mixin.py:137} INFO - [2025-10-08T00:51:38.629+0000] {dag.py:2690} INFO - Sync 1 DAGs
[2025-10-08T00:51:38.646+0000] {logging_mixin.py:137} INFO - [2025-10-08T00:51:38.645+0000] {dag.py:3441} INFO - Setting next_dagrun for example_bash_operator to 2025-10-07T00:00:00+00:00, run_after=2025-10-08T00:00:00+00:00
[2025-10-08T00:51:38.660+0000] {processor.py:175} INFO - Processing /home/airflow/.local/lib/python3.7/site-packages/airflow/example_dags/example_bash_operator.py took 0.070 seconds
[2025-10-08T00:52:09.497+0000] {processor.py:153} INFO - Started process (PID=426) to work on /home/airflow/.local/lib/python3.7/site-packages/airflow/example_dags/example_bash_operator.py
[2025-10-08T00:52:09.498+0000] {processor.py:743} INFO - Processing file /home/airflow/.local/lib/python3.7/site-packages/airflow/example_dags/example_bash_operator.py for tasks to queue
[2025-10-08T00:52:09.498+0000] {logging_mixin.py:137} INFO - [2025-10-08T00:52:09.498+0000] {dagbag.py:538} INFO - Filling up the DagBag from /home/airflow/.local/lib/python3.7/site-packages/airflow/example_dags/example_bash_operator.py
[2025-10-08T00:52:09.512+0000] {processor.py:753} INFO - DAG(s) dict_keys(['example_bash_operator']) retrieved from /home/airflow/.local/lib/python3.7/site-packages/airflow/example_dags/example_bash_operator.py
[2025-10-08T00:52:09.534+0000] {logging_mixin.py:137} INFO - [2025-10-08T00:52:09.534+0000] {dag.py:2690} INFO - Sync 1 DAGs
[2025-10-08T00:52:09.552+0000] {logging_mixin.py:137} INFO - [2025-10-08T00:52:09.552+0000] {dag.py:3441} INFO - Setting next_dagrun for example_bash_operator to 2025-10-07T00:00:00+00:00, run_after=2025-10-08T00:00:00+00:00
[2025-10-08T00:52:09.567+0000] {processor.py:175} INFO - Processing /home/airflow/.local/lib/python3.7/site-packages/airflow/example_dags/example_bash_operator.py took 0.072 seconds
[2025-10-08T00:52:40.534+0000] {processor.py:153} INFO - Started process (PID=521) to work on /home/airflow/.local/lib/python3.7/site-packages/airflow/example_dags/example_bash_operator.py
[2025-10-08T00:52:40.535+0000] {processor.py:743} INFO - Processing file /home/airflow/.local/lib/python3.7/site-packages/airflow/example_dags/example_bash_operator.py for tasks to queue
[2025-10-08T00:52:40.535+0000] {logging_mixin.py:137} INFO - [2025-10-08T00:52:40.535+0000] {dagbag.py:538} INFO - Filling up the DagBag from /home/airflow/.local/lib/python3.7/site-packages/airflow/example_dags/example_bash_operator.py
[2025-10-08T00:52:40.548+0000] {processor.py:753} INFO - DAG(s) dict_keys(['example_bash_operator']) retrieved from /home/airflow/.local/lib/python3.7/site-packages/airflow/example_dags/example_bash_operator.py
[2025-10-08T00:52:40.567+0000] {logging_mixin.py:137} INFO - [2025-10-08T00:52:40.567+0000] {dag.py:2690} INFO - Sync 1 DAGs
[2025-10-08T00:52:40.581+0000] {logging_mixin.py:137} INFO - [2025-10-08T00:52:40.581+0000] {dag.py:3441} INFO - Setting next_dagrun for example_bash_operator to 2025-10-07T00:00:00+00:00, run_after=2025-10-08T00:00:00+00:00
[2025-10-08T00:52:40.596+0000] {processor.py:175} INFO - Processing /home/airflow/.local/lib/python3.7/site-packages/airflow/example_dags/example_bash_operator.py took 0.064 seconds
[2025-10-08T00:54:15.917+0000] {processor.py:153} INFO - Started process (PID=127) to work on /home/airflow/.local/lib/python3.7/site-packages/airflow/example_dags/example_bash_operator.py
[2025-10-08T00:54:15.918+0000] {processor.py:743} INFO - Processing file /home/airflow/.local/lib/python3.7/site-packages/airflow/example_dags/example_bash_operator.py for tasks to queue
[2025-10-08T00:54:15.919+0000] {logging_mixin.py:137} INFO - [2025-10-08T00:54:15.919+0000] {dagbag.py:538} INFO - Filling up the DagBag from /home/airflow/.local/lib/python3.7/site-packages/airflow/example_dags/example_bash_operator.py
[2025-10-08T00:54:15.933+0000] {processor.py:753} INFO - DAG(s) dict_keys(['example_bash_operator']) retrieved from /home/airflow/.local/lib/python3.7/site-packages/airflow/example_dags/example_bash_operator.py
[2025-10-08T00:54:15.955+0000] {logging_mixin.py:137} INFO - [2025-10-08T00:54:15.955+0000] {dag.py:2690} INFO - Sync 1 DAGs
[2025-10-08T00:54:15.974+0000] {logging_mixin.py:137} INFO - [2025-10-08T00:54:15.973+0000] {dag.py:3441} INFO - Setting next_dagrun for example_bash_operator to 2025-10-07T00:00:00+00:00, run_after=2025-10-08T00:00:00+00:00
[2025-10-08T00:54:15.986+0000] {processor.py:175} INFO - Processing /home/airflow/.local/lib/python3.7/site-packages/airflow/example_dags/example_bash_operator.py took 0.072 seconds
[2025-10-08T00:54:46.726+0000] {processor.py:153} INFO - Started process (PID=213) to work on /home/airflow/.local/lib/python3.7/site-packages/airflow/example_dags/example_bash_operator.py
[2025-10-08T00:54:46.727+0000] {processor.py:743} INFO - Processing file /home/airflow/.local/lib/python3.7/site-packages/airflow/example_dags/example_bash_operator.py for tasks to queue
[2025-10-08T00:54:46.727+0000] {logging_mixin.py:137} INFO - [2025-10-08T00:54:46.727+0000] {dagbag.py:538} INFO - Filling up the DagBag from /home/airflow/.local/lib/python3.7/site-packages/airflow/example_dags/example_bash_operator.py
[2025-10-08T00:54:46.745+0000] {processor.py:753} INFO - DAG(s) dict_keys(['example_bash_operator']) retrieved from /home/airflow/.local/lib/python3.7/site-packages/airflow/example_dags/example_bash_operator.py
[2025-10-08T00:54:46.777+0000] {logging_mixin.py:137} INFO - [2025-10-08T00:54:46.777+0000] {dag.py:2690} INFO - Sync 1 DAGs
[2025-10-08T00:54:46.796+0000] {logging_mixin.py:137} INFO - [2025-10-08T00:54:46.796+0000] {dag.py:3441} INFO - Setting next_dagrun for example_bash_operator to 2025-10-07T00:00:00+00:00, run_after=2025-10-08T00:00:00+00:00
[2025-10-08T00:54:46.824+0000] {processor.py:175} INFO - Processing /home/airflow/.local/lib/python3.7/site-packages/airflow/example_dags/example_bash_operator.py took 0.100 seconds
[2025-10-08T00:55:17.068+0000] {processor.py:153} INFO - Started process (PID=297) to work on /home/airflow/.local/lib/python3.7/site-packages/airflow/example_dags/example_bash_operator.py
[2025-10-08T00:55:17.068+0000] {processor.py:743} INFO - Processing file /home/airflow/.local/lib/python3.7/site-packages/airflow/example_dags/example_bash_operator.py for tasks to queue
[2025-10-08T00:55:17.069+0000] {logging_mixin.py:137} INFO - [2025-10-08T00:55:17.069+0000] {dagbag.py:538} INFO - Filling up the DagBag from /home/airflow/.local/lib/python3.7/site-packages/airflow/example_dags/example_bash_operator.py
[2025-10-08T00:55:17.081+0000] {processor.py:753} INFO - DAG(s) dict_keys(['example_bash_operator']) retrieved from /home/airflow/.local/lib/python3.7/site-packages/airflow/example_dags/example_bash_operator.py
[2025-10-08T00:55:17.100+0000] {logging_mixin.py:137} INFO - [2025-10-08T00:55:17.100+0000] {dag.py:2690} INFO - Sync 1 DAGs
[2025-10-08T00:55:17.115+0000] {logging_mixin.py:137} INFO - [2025-10-08T00:55:17.115+0000] {dag.py:3441} INFO - Setting next_dagrun for example_bash_operator to 2025-10-07T00:00:00+00:00, run_after=2025-10-08T00:00:00+00:00
[2025-10-08T00:55:17.126+0000] {processor.py:175} INFO - Processing /home/airflow/.local/lib/python3.7/site-packages/airflow/example_dags/example_bash_operator.py took 0.060 seconds
[2025-10-08T00:55:47.906+0000] {processor.py:153} INFO - Started process (PID=392) to work on /home/airflow/.local/lib/python3.7/site-packages/airflow/example_dags/example_bash_operator.py
[2025-10-08T00:55:47.907+0000] {processor.py:743} INFO - Processing file /home/airflow/.local/lib/python3.7/site-packages/airflow/example_dags/example_bash_operator.py for tasks to queue
[2025-10-08T00:55:47.907+0000] {logging_mixin.py:137} INFO - [2025-10-08T00:55:47.907+0000] {dagbag.py:538} INFO - Filling up the DagBag from /home/airflow/.local/lib/python3.7/site-packages/airflow/example_dags/example_bash_operator.py
[2025-10-08T00:55:47.920+0000] {processor.py:753} INFO - DAG(s) dict_keys(['example_bash_operator']) retrieved from /home/airflow/.local/lib/python3.7/site-packages/airflow/example_dags/example_bash_operator.py
[2025-10-08T00:55:47.942+0000] {logging_mixin.py:137} INFO - [2025-10-08T00:55:47.942+0000] {dag.py:2690} INFO - Sync 1 DAGs
[2025-10-08T00:55:47.959+0000] {logging_mixin.py:137} INFO - [2025-10-08T00:55:47.959+0000] {dag.py:3441} INFO - Setting next_dagrun for example_bash_operator to 2025-10-07T00:00:00+00:00, run_after=2025-10-08T00:00:00+00:00
[2025-10-08T00:55:47.976+0000] {processor.py:175} INFO - Processing /home/airflow/.local/lib/python3.7/site-packages/airflow/example_dags/example_bash_operator.py took 0.072 seconds
[2025-10-08T00:56:18.873+0000] {processor.py:153} INFO - Started process (PID=487) to work on /home/airflow/.local/lib/python3.7/site-packages/airflow/example_dags/example_bash_operator.py
[2025-10-08T00:56:18.873+0000] {processor.py:743} INFO - Processing file /home/airflow/.local/lib/python3.7/site-packages/airflow/example_dags/example_bash_operator.py for tasks to queue
[2025-10-08T00:56:18.874+0000] {logging_mixin.py:137} INFO - [2025-10-08T00:56:18.874+0000] {dagbag.py:538} INFO - Filling up the DagBag from /home/airflow/.local/lib/python3.7/site-packages/airflow/example_dags/example_bash_operator.py
[2025-10-08T00:56:18.885+0000] {processor.py:753} INFO - DAG(s) dict_keys(['example_bash_operator']) retrieved from /home/airflow/.local/lib/python3.7/site-packages/airflow/example_dags/example_bash_operator.py
[2025-10-08T00:56:18.905+0000] {logging_mixin.py:137} INFO - [2025-10-08T00:56:18.904+0000] {dag.py:2690} INFO - Sync 1 DAGs
[2025-10-08T00:56:18.919+0000] {logging_mixin.py:137} INFO - [2025-10-08T00:56:18.919+0000] {dag.py:3441} INFO - Setting next_dagrun for example_bash_operator to 2025-10-07T00:00:00+00:00, run_after=2025-10-08T00:00:00+00:00
[2025-10-08T00:56:18.930+0000] {processor.py:175} INFO - Processing /home/airflow/.local/lib/python3.7/site-packages/airflow/example_dags/example_bash_operator.py took 0.059 seconds
[2025-10-08T00:56:49.668+0000] {processor.py:153} INFO - Started process (PID=564) to work on /home/airflow/.local/lib/python3.7/site-packages/airflow/example_dags/example_bash_operator.py
[2025-10-08T00:56:49.669+0000] {processor.py:743} INFO - Processing file /home/airflow/.local/lib/python3.7/site-packages/airflow/example_dags/example_bash_operator.py for tasks to queue
[2025-10-08T00:56:49.670+0000] {logging_mixin.py:137} INFO - [2025-10-08T00:56:49.669+0000] {dagbag.py:538} INFO - Filling up the DagBag from /home/airflow/.local/lib/python3.7/site-packages/airflow/example_dags/example_bash_operator.py
[2025-10-08T00:56:49.682+0000] {processor.py:753} INFO - DAG(s) dict_keys(['example_bash_operator']) retrieved from /home/airflow/.local/lib/python3.7/site-packages/airflow/example_dags/example_bash_operator.py
[2025-10-08T00:56:49.704+0000] {logging_mixin.py:137} INFO - [2025-10-08T00:56:49.704+0000] {dag.py:2690} INFO - Sync 1 DAGs
[2025-10-08T00:56:49.719+0000] {logging_mixin.py:137} INFO - [2025-10-08T00:56:49.719+0000] {dag.py:3441} INFO - Setting next_dagrun for example_bash_operator to 2025-10-07T00:00:00+00:00, run_after=2025-10-08T00:00:00+00:00
[2025-10-08T00:56:49.731+0000] {processor.py:175} INFO - Processing /home/airflow/.local/lib/python3.7/site-packages/airflow/example_dags/example_bash_operator.py took 0.064 seconds
[2025-10-08T00:57:19.804+0000] {processor.py:153} INFO - Started process (PID=659) to work on /home/airflow/.local/lib/python3.7/site-packages/airflow/example_dags/example_bash_operator.py
[2025-10-08T00:57:19.805+0000] {processor.py:743} INFO - Processing file /home/airflow/.local/lib/python3.7/site-packages/airflow/example_dags/example_bash_operator.py for tasks to queue
[2025-10-08T00:57:19.806+0000] {logging_mixin.py:137} INFO - [2025-10-08T00:57:19.806+0000] {dagbag.py:538} INFO - Filling up the DagBag from /home/airflow/.local/lib/python3.7/site-packages/airflow/example_dags/example_bash_operator.py
[2025-10-08T00:57:19.820+0000] {processor.py:753} INFO - DAG(s) dict_keys(['example_bash_operator']) retrieved from /home/airflow/.local/lib/python3.7/site-packages/airflow/example_dags/example_bash_operator.py
[2025-10-08T00:57:19.840+0000] {logging_mixin.py:137} INFO - [2025-10-08T00:57:19.840+0000] {dag.py:2690} INFO - Sync 1 DAGs
[2025-10-08T00:57:19.854+0000] {logging_mixin.py:137} INFO - [2025-10-08T00:57:19.854+0000] {dag.py:3441} INFO - Setting next_dagrun for example_bash_operator to 2025-10-07T00:00:00+00:00, run_after=2025-10-08T00:00:00+00:00
[2025-10-08T00:57:19.868+0000] {processor.py:175} INFO - Processing /home/airflow/.local/lib/python3.7/site-packages/airflow/example_dags/example_bash_operator.py took 0.065 seconds
[2025-10-08T00:57:50.759+0000] {processor.py:153} INFO - Started process (PID=754) to work on /home/airflow/.local/lib/python3.7/site-packages/airflow/example_dags/example_bash_operator.py
[2025-10-08T00:57:50.759+0000] {processor.py:743} INFO - Processing file /home/airflow/.local/lib/python3.7/site-packages/airflow/example_dags/example_bash_operator.py for tasks to queue
[2025-10-08T00:57:50.759+0000] {logging_mixin.py:137} INFO - [2025-10-08T00:57:50.759+0000] {dagbag.py:538} INFO - Filling up the DagBag from /home/airflow/.local/lib/python3.7/site-packages/airflow/example_dags/example_bash_operator.py
[2025-10-08T00:57:50.771+0000] {processor.py:753} INFO - DAG(s) dict_keys(['example_bash_operator']) retrieved from /home/airflow/.local/lib/python3.7/site-packages/airflow/example_dags/example_bash_operator.py
[2025-10-08T00:57:50.790+0000] {logging_mixin.py:137} INFO - [2025-10-08T00:57:50.790+0000] {dag.py:2690} INFO - Sync 1 DAGs
[2025-10-08T00:57:50.804+0000] {logging_mixin.py:137} INFO - [2025-10-08T00:57:50.804+0000] {dag.py:3441} INFO - Setting next_dagrun for example_bash_operator to 2025-10-07T00:00:00+00:00, run_after=2025-10-08T00:00:00+00:00
[2025-10-08T00:57:50.814+0000] {processor.py:175} INFO - Processing /home/airflow/.local/lib/python3.7/site-packages/airflow/example_dags/example_bash_operator.py took 0.057 seconds
[2025-10-08T00:58:21.659+0000] {processor.py:153} INFO - Started process (PID=831) to work on /home/airflow/.local/lib/python3.7/site-packages/airflow/example_dags/example_bash_operator.py
[2025-10-08T00:58:21.659+0000] {processor.py:743} INFO - Processing file /home/airflow/.local/lib/python3.7/site-packages/airflow/example_dags/example_bash_operator.py for tasks to queue
[2025-10-08T00:58:21.660+0000] {logging_mixin.py:137} INFO - [2025-10-08T00:58:21.660+0000] {dagbag.py:538} INFO - Filling up the DagBag from /home/airflow/.local/lib/python3.7/site-packages/airflow/example_dags/example_bash_operator.py
[2025-10-08T00:58:21.671+0000] {processor.py:753} INFO - DAG(s) dict_keys(['example_bash_operator']) retrieved from /home/airflow/.local/lib/python3.7/site-packages/airflow/example_dags/example_bash_operator.py
[2025-10-08T00:58:21.690+0000] {logging_mixin.py:137} INFO - [2025-10-08T00:58:21.690+0000] {dag.py:2690} INFO - Sync 1 DAGs
[2025-10-08T00:58:21.705+0000] {logging_mixin.py:137} INFO - [2025-10-08T00:58:21.705+0000] {dag.py:3441} INFO - Setting next_dagrun for example_bash_operator to 2025-10-07T00:00:00+00:00, run_after=2025-10-08T00:00:00+00:00
[2025-10-08T00:58:21.720+0000] {processor.py:175} INFO - Processing /home/airflow/.local/lib/python3.7/site-packages/airflow/example_dags/example_bash_operator.py took 0.063 seconds
[2025-10-08T00:58:52.698+0000] {processor.py:153} INFO - Started process (PID=926) to work on /home/airflow/.local/lib/python3.7/site-packages/airflow/example_dags/example_bash_operator.py
[2025-10-08T00:58:52.700+0000] {processor.py:743} INFO - Processing file /home/airflow/.local/lib/python3.7/site-packages/airflow/example_dags/example_bash_operator.py for tasks to queue
[2025-10-08T00:58:52.702+0000] {logging_mixin.py:137} INFO - [2025-10-08T00:58:52.701+0000] {dagbag.py:538} INFO - Filling up the DagBag from /home/airflow/.local/lib/python3.7/site-packages/airflow/example_dags/example_bash_operator.py
[2025-10-08T00:58:52.715+0000] {processor.py:753} INFO - DAG(s) dict_keys(['example_bash_operator']) retrieved from /home/airflow/.local/lib/python3.7/site-packages/airflow/example_dags/example_bash_operator.py
[2025-10-08T00:58:52.735+0000] {logging_mixin.py:137} INFO - [2025-10-08T00:58:52.735+0000] {dag.py:2690} INFO - Sync 1 DAGs
[2025-10-08T00:58:52.749+0000] {logging_mixin.py:137} INFO - [2025-10-08T00:58:52.749+0000] {dag.py:3441} INFO - Setting next_dagrun for example_bash_operator to 2025-10-07T00:00:00+00:00, run_after=2025-10-08T00:00:00+00:00
[2025-10-08T00:58:52.759+0000] {processor.py:175} INFO - Processing /home/airflow/.local/lib/python3.7/site-packages/airflow/example_dags/example_bash_operator.py took 0.063 seconds
[2025-10-08T00:59:22.832+0000] {processor.py:153} INFO - Started process (PID=1021) to work on /home/airflow/.local/lib/python3.7/site-packages/airflow/example_dags/example_bash_operator.py
[2025-10-08T00:59:22.832+0000] {processor.py:743} INFO - Processing file /home/airflow/.local/lib/python3.7/site-packages/airflow/example_dags/example_bash_operator.py for tasks to queue
[2025-10-08T00:59:22.833+0000] {logging_mixin.py:137} INFO - [2025-10-08T00:59:22.833+0000] {dagbag.py:538} INFO - Filling up the DagBag from /home/airflow/.local/lib/python3.7/site-packages/airflow/example_dags/example_bash_operator.py
[2025-10-08T00:59:22.844+0000] {processor.py:753} INFO - DAG(s) dict_keys(['example_bash_operator']) retrieved from /home/airflow/.local/lib/python3.7/site-packages/airflow/example_dags/example_bash_operator.py
[2025-10-08T00:59:22.863+0000] {logging_mixin.py:137} INFO - [2025-10-08T00:59:22.863+0000] {dag.py:2690} INFO - Sync 1 DAGs
[2025-10-08T00:59:22.878+0000] {logging_mixin.py:137} INFO - [2025-10-08T00:59:22.878+0000] {dag.py:3441} INFO - Setting next_dagrun for example_bash_operator to 2025-10-07T00:00:00+00:00, run_after=2025-10-08T00:00:00+00:00
[2025-10-08T00:59:22.888+0000] {processor.py:175} INFO - Processing /home/airflow/.local/lib/python3.7/site-packages/airflow/example_dags/example_bash_operator.py took 0.059 seconds
[2025-10-08T00:59:53.688+0000] {processor.py:153} INFO - Started process (PID=1116) to work on /home/airflow/.local/lib/python3.7/site-packages/airflow/example_dags/example_bash_operator.py
[2025-10-08T00:59:53.689+0000] {processor.py:743} INFO - Processing file /home/airflow/.local/lib/python3.7/site-packages/airflow/example_dags/example_bash_operator.py for tasks to queue
[2025-10-08T00:59:53.689+0000] {logging_mixin.py:137} INFO - [2025-10-08T00:59:53.689+0000] {dagbag.py:538} INFO - Filling up the DagBag from /home/airflow/.local/lib/python3.7/site-packages/airflow/example_dags/example_bash_operator.py
[2025-10-08T00:59:53.709+0000] {processor.py:753} INFO - DAG(s) dict_keys(['example_bash_operator']) retrieved from /home/airflow/.local/lib/python3.7/site-packages/airflow/example_dags/example_bash_operator.py
[2025-10-08T00:59:53.737+0000] {logging_mixin.py:137} INFO - [2025-10-08T00:59:53.737+0000] {dag.py:2690} INFO - Sync 1 DAGs
[2025-10-08T00:59:53.752+0000] {logging_mixin.py:137} INFO - [2025-10-08T00:59:53.752+0000] {dag.py:3441} INFO - Setting next_dagrun for example_bash_operator to 2025-10-07T00:00:00+00:00, run_after=2025-10-08T00:00:00+00:00
[2025-10-08T00:59:53.764+0000] {processor.py:175} INFO - Processing /home/airflow/.local/lib/python3.7/site-packages/airflow/example_dags/example_bash_operator.py took 0.079 seconds
[2025-10-08T01:00:24.450+0000] {processor.py:153} INFO - Started process (PID=1193) to work on /home/airflow/.local/lib/python3.7/site-packages/airflow/example_dags/example_bash_operator.py
[2025-10-08T01:00:24.452+0000] {processor.py:743} INFO - Processing file /home/airflow/.local/lib/python3.7/site-packages/airflow/example_dags/example_bash_operator.py for tasks to queue
[2025-10-08T01:00:24.452+0000] {logging_mixin.py:137} INFO - [2025-10-08T01:00:24.452+0000] {dagbag.py:538} INFO - Filling up the DagBag from /home/airflow/.local/lib/python3.7/site-packages/airflow/example_dags/example_bash_operator.py
[2025-10-08T01:00:24.463+0000] {processor.py:753} INFO - DAG(s) dict_keys(['example_bash_operator']) retrieved from /home/airflow/.local/lib/python3.7/site-packages/airflow/example_dags/example_bash_operator.py
[2025-10-08T01:00:24.483+0000] {logging_mixin.py:137} INFO - [2025-10-08T01:00:24.483+0000] {dag.py:2690} INFO - Sync 1 DAGs
[2025-10-08T01:00:24.496+0000] {logging_mixin.py:137} INFO - [2025-10-08T01:00:24.496+0000] {dag.py:3441} INFO - Setting next_dagrun for example_bash_operator to 2025-10-07T00:00:00+00:00, run_after=2025-10-08T00:00:00+00:00
[2025-10-08T01:00:24.507+0000] {processor.py:175} INFO - Processing /home/airflow/.local/lib/python3.7/site-packages/airflow/example_dags/example_bash_operator.py took 0.059 seconds
[2025-10-08T01:00:55.387+0000] {processor.py:153} INFO - Started process (PID=1288) to work on /home/airflow/.local/lib/python3.7/site-packages/airflow/example_dags/example_bash_operator.py
[2025-10-08T01:00:55.388+0000] {processor.py:743} INFO - Processing file /home/airflow/.local/lib/python3.7/site-packages/airflow/example_dags/example_bash_operator.py for tasks to queue
[2025-10-08T01:00:55.388+0000] {logging_mixin.py:137} INFO - [2025-10-08T01:00:55.388+0000] {dagbag.py:538} INFO - Filling up the DagBag from /home/airflow/.local/lib/python3.7/site-packages/airflow/example_dags/example_bash_operator.py
[2025-10-08T01:00:55.406+0000] {processor.py:753} INFO - DAG(s) dict_keys(['example_bash_operator']) retrieved from /home/airflow/.local/lib/python3.7/site-packages/airflow/example_dags/example_bash_operator.py
[2025-10-08T01:00:55.428+0000] {logging_mixin.py:137} INFO - [2025-10-08T01:00:55.427+0000] {dag.py:2690} INFO - Sync 1 DAGs
[2025-10-08T01:00:55.441+0000] {logging_mixin.py:137} INFO - [2025-10-08T01:00:55.441+0000] {dag.py:3441} INFO - Setting next_dagrun for example_bash_operator to 2025-10-07T00:00:00+00:00, run_after=2025-10-08T00:00:00+00:00
[2025-10-08T01:00:55.452+0000] {processor.py:175} INFO - Processing /home/airflow/.local/lib/python3.7/site-packages/airflow/example_dags/example_bash_operator.py took 0.067 seconds
[2025-10-08T01:01:26.146+0000] {processor.py:153} INFO - Started process (PID=1383) to work on /home/airflow/.local/lib/python3.7/site-packages/airflow/example_dags/example_bash_operator.py
[2025-10-08T01:01:26.146+0000] {processor.py:743} INFO - Processing file /home/airflow/.local/lib/python3.7/site-packages/airflow/example_dags/example_bash_operator.py for tasks to queue
[2025-10-08T01:01:26.147+0000] {logging_mixin.py:137} INFO - [2025-10-08T01:01:26.147+0000] {dagbag.py:538} INFO - Filling up the DagBag from /home/airflow/.local/lib/python3.7/site-packages/airflow/example_dags/example_bash_operator.py
[2025-10-08T01:01:26.158+0000] {processor.py:753} INFO - DAG(s) dict_keys(['example_bash_operator']) retrieved from /home/airflow/.local/lib/python3.7/site-packages/airflow/example_dags/example_bash_operator.py
[2025-10-08T01:01:26.178+0000] {logging_mixin.py:137} INFO - [2025-10-08T01:01:26.178+0000] {dag.py:2690} INFO - Sync 1 DAGs
[2025-10-08T01:01:26.192+0000] {logging_mixin.py:137} INFO - [2025-10-08T01:01:26.192+0000] {dag.py:3441} INFO - Setting next_dagrun for example_bash_operator to 2025-10-07T00:00:00+00:00, run_after=2025-10-08T00:00:00+00:00
[2025-10-08T01:01:26.202+0000] {processor.py:175} INFO - Processing /home/airflow/.local/lib/python3.7/site-packages/airflow/example_dags/example_bash_operator.py took 0.058 seconds
