[2025-10-08T00:50:05.124+0000] {processor.py:153} INFO - Started process (PID=52) to work on /home/airflow/.local/lib/python3.7/site-packages/airflow/example_dags/tutorial.py
[2025-10-08T00:50:05.126+0000] {processor.py:743} INFO - Processing file /home/airflow/.local/lib/python3.7/site-packages/airflow/example_dags/tutorial.py for tasks to queue
[2025-10-08T00:50:05.126+0000] {logging_mixin.py:137} INFO - [2025-10-08T00:50:05.126+0000] {dagbag.py:538} INFO - Filling up the DagBag from /home/airflow/.local/lib/python3.7/site-packages/airflow/example_dags/tutorial.py
[2025-10-08T00:50:05.138+0000] {processor.py:753} INFO - DAG(s) dict_keys(['tutorial']) retrieved from /home/airflow/.local/lib/python3.7/site-packages/airflow/example_dags/tutorial.py
[2025-10-08T00:50:05.149+0000] {logging_mixin.py:137} INFO - [2025-10-08T00:50:05.148+0000] {dag.py:2690} INFO - Sync 1 DAGs
[2025-10-08T00:50:05.168+0000] {logging_mixin.py:137} INFO - [2025-10-08T00:50:05.168+0000] {dag.py:3441} INFO - Setting next_dagrun for tutorial to 2025-10-07T00:50:05.168557+00:00, run_after=2025-10-08T00:50:05.168557+00:00
[2025-10-08T00:50:05.188+0000] {processor.py:175} INFO - Processing /home/airflow/.local/lib/python3.7/site-packages/airflow/example_dags/tutorial.py took 0.070 seconds
[2025-10-08T00:50:35.604+0000] {processor.py:153} INFO - Started process (PID=147) to work on /home/airflow/.local/lib/python3.7/site-packages/airflow/example_dags/tutorial.py
[2025-10-08T00:50:35.605+0000] {processor.py:743} INFO - Processing file /home/airflow/.local/lib/python3.7/site-packages/airflow/example_dags/tutorial.py for tasks to queue
[2025-10-08T00:50:35.606+0000] {logging_mixin.py:137} INFO - [2025-10-08T00:50:35.606+0000] {dagbag.py:538} INFO - Filling up the DagBag from /home/airflow/.local/lib/python3.7/site-packages/airflow/example_dags/tutorial.py
[2025-10-08T00:50:35.617+0000] {processor.py:753} INFO - DAG(s) dict_keys(['tutorial']) retrieved from /home/airflow/.local/lib/python3.7/site-packages/airflow/example_dags/tutorial.py
[2025-10-08T00:50:35.634+0000] {logging_mixin.py:137} INFO - [2025-10-08T00:50:35.634+0000] {dag.py:2690} INFO - Sync 1 DAGs
[2025-10-08T00:50:35.651+0000] {logging_mixin.py:137} INFO - [2025-10-08T00:50:35.651+0000] {dag.py:3441} INFO - Setting next_dagrun for tutorial to 2025-10-07T00:50:35.650851+00:00, run_after=2025-10-08T00:50:35.650851+00:00
[2025-10-08T00:50:35.661+0000] {processor.py:175} INFO - Processing /home/airflow/.local/lib/python3.7/site-packages/airflow/example_dags/tutorial.py took 0.059 seconds
[2025-10-08T00:51:06.690+0000] {processor.py:153} INFO - Started process (PID=233) to work on /home/airflow/.local/lib/python3.7/site-packages/airflow/example_dags/tutorial.py
[2025-10-08T00:51:06.691+0000] {processor.py:743} INFO - Processing file /home/airflow/.local/lib/python3.7/site-packages/airflow/example_dags/tutorial.py for tasks to queue
[2025-10-08T00:51:06.691+0000] {logging_mixin.py:137} INFO - [2025-10-08T00:51:06.691+0000] {dagbag.py:538} INFO - Filling up the DagBag from /home/airflow/.local/lib/python3.7/site-packages/airflow/example_dags/tutorial.py
[2025-10-08T00:51:06.703+0000] {processor.py:753} INFO - DAG(s) dict_keys(['tutorial']) retrieved from /home/airflow/.local/lib/python3.7/site-packages/airflow/example_dags/tutorial.py
[2025-10-08T00:51:06.740+0000] {logging_mixin.py:137} INFO - [2025-10-08T00:51:06.740+0000] {dag.py:2690} INFO - Sync 1 DAGs
[2025-10-08T00:51:06.767+0000] {logging_mixin.py:137} INFO - [2025-10-08T00:51:06.767+0000] {dag.py:3441} INFO - Setting next_dagrun for tutorial to 2025-10-07T00:51:06.767129+00:00, run_after=2025-10-08T00:51:06.767129+00:00
[2025-10-08T00:51:06.805+0000] {processor.py:175} INFO - Processing /home/airflow/.local/lib/python3.7/site-packages/airflow/example_dags/tutorial.py took 0.118 seconds
[2025-10-08T00:51:36.835+0000] {processor.py:153} INFO - Started process (PID=317) to work on /home/airflow/.local/lib/python3.7/site-packages/airflow/example_dags/tutorial.py
[2025-10-08T00:51:36.837+0000] {processor.py:743} INFO - Processing file /home/airflow/.local/lib/python3.7/site-packages/airflow/example_dags/tutorial.py for tasks to queue
[2025-10-08T00:51:36.841+0000] {logging_mixin.py:137} INFO - [2025-10-08T00:51:36.841+0000] {dagbag.py:538} INFO - Filling up the DagBag from /home/airflow/.local/lib/python3.7/site-packages/airflow/example_dags/tutorial.py
[2025-10-08T00:51:36.849+0000] {processor.py:753} INFO - DAG(s) dict_keys(['tutorial']) retrieved from /home/airflow/.local/lib/python3.7/site-packages/airflow/example_dags/tutorial.py
[2025-10-08T00:51:36.868+0000] {logging_mixin.py:137} INFO - [2025-10-08T00:51:36.868+0000] {dag.py:2690} INFO - Sync 1 DAGs
[2025-10-08T00:51:36.883+0000] {logging_mixin.py:137} INFO - [2025-10-08T00:51:36.883+0000] {dag.py:3441} INFO - Setting next_dagrun for tutorial to 2025-10-07T00:51:36.883583+00:00, run_after=2025-10-08T00:51:36.883583+00:00
[2025-10-08T00:51:36.898+0000] {processor.py:175} INFO - Processing /home/airflow/.local/lib/python3.7/site-packages/airflow/example_dags/tutorial.py took 0.066 seconds
[2025-10-08T00:52:07.795+0000] {processor.py:153} INFO - Started process (PID=411) to work on /home/airflow/.local/lib/python3.7/site-packages/airflow/example_dags/tutorial.py
[2025-10-08T00:52:07.797+0000] {processor.py:743} INFO - Processing file /home/airflow/.local/lib/python3.7/site-packages/airflow/example_dags/tutorial.py for tasks to queue
[2025-10-08T00:52:07.798+0000] {logging_mixin.py:137} INFO - [2025-10-08T00:52:07.797+0000] {dagbag.py:538} INFO - Filling up the DagBag from /home/airflow/.local/lib/python3.7/site-packages/airflow/example_dags/tutorial.py
[2025-10-08T00:52:07.809+0000] {processor.py:753} INFO - DAG(s) dict_keys(['tutorial']) retrieved from /home/airflow/.local/lib/python3.7/site-packages/airflow/example_dags/tutorial.py
[2025-10-08T00:52:07.829+0000] {logging_mixin.py:137} INFO - [2025-10-08T00:52:07.829+0000] {dag.py:2690} INFO - Sync 1 DAGs
[2025-10-08T00:52:07.843+0000] {logging_mixin.py:137} INFO - [2025-10-08T00:52:07.843+0000] {dag.py:3441} INFO - Setting next_dagrun for tutorial to 2025-10-07T00:52:07.842823+00:00, run_after=2025-10-08T00:52:07.842823+00:00
[2025-10-08T00:52:07.860+0000] {processor.py:175} INFO - Processing /home/airflow/.local/lib/python3.7/site-packages/airflow/example_dags/tutorial.py took 0.069 seconds
[2025-10-08T00:52:38.740+0000] {processor.py:153} INFO - Started process (PID=506) to work on /home/airflow/.local/lib/python3.7/site-packages/airflow/example_dags/tutorial.py
[2025-10-08T00:52:38.741+0000] {processor.py:743} INFO - Processing file /home/airflow/.local/lib/python3.7/site-packages/airflow/example_dags/tutorial.py for tasks to queue
[2025-10-08T00:52:38.742+0000] {logging_mixin.py:137} INFO - [2025-10-08T00:52:38.742+0000] {dagbag.py:538} INFO - Filling up the DagBag from /home/airflow/.local/lib/python3.7/site-packages/airflow/example_dags/tutorial.py
[2025-10-08T00:52:38.754+0000] {processor.py:753} INFO - DAG(s) dict_keys(['tutorial']) retrieved from /home/airflow/.local/lib/python3.7/site-packages/airflow/example_dags/tutorial.py
[2025-10-08T00:52:38.775+0000] {logging_mixin.py:137} INFO - [2025-10-08T00:52:38.774+0000] {dag.py:2690} INFO - Sync 1 DAGs
[2025-10-08T00:52:38.790+0000] {logging_mixin.py:137} INFO - [2025-10-08T00:52:38.790+0000] {dag.py:3441} INFO - Setting next_dagrun for tutorial to 2025-10-07T00:52:38.790234+00:00, run_after=2025-10-08T00:52:38.790234+00:00
[2025-10-08T00:52:38.806+0000] {processor.py:175} INFO - Processing /home/airflow/.local/lib/python3.7/site-packages/airflow/example_dags/tutorial.py took 0.070 seconds
[2025-10-08T00:54:15.071+0000] {processor.py:153} INFO - Started process (PID=114) to work on /home/airflow/.local/lib/python3.7/site-packages/airflow/example_dags/tutorial.py
[2025-10-08T00:54:15.072+0000] {processor.py:743} INFO - Processing file /home/airflow/.local/lib/python3.7/site-packages/airflow/example_dags/tutorial.py for tasks to queue
[2025-10-08T00:54:15.072+0000] {logging_mixin.py:137} INFO - [2025-10-08T00:54:15.072+0000] {dagbag.py:538} INFO - Filling up the DagBag from /home/airflow/.local/lib/python3.7/site-packages/airflow/example_dags/tutorial.py
[2025-10-08T00:54:15.088+0000] {processor.py:753} INFO - DAG(s) dict_keys(['tutorial']) retrieved from /home/airflow/.local/lib/python3.7/site-packages/airflow/example_dags/tutorial.py
[2025-10-08T00:54:15.116+0000] {logging_mixin.py:137} INFO - [2025-10-08T00:54:15.116+0000] {dag.py:2690} INFO - Sync 1 DAGs
[2025-10-08T00:54:15.140+0000] {logging_mixin.py:137} INFO - [2025-10-08T00:54:15.140+0000] {dag.py:3441} INFO - Setting next_dagrun for tutorial to 2025-10-07T00:54:15.139421+00:00, run_after=2025-10-08T00:54:15.139421+00:00
[2025-10-08T00:54:15.160+0000] {processor.py:175} INFO - Processing /home/airflow/.local/lib/python3.7/site-packages/airflow/example_dags/tutorial.py took 0.093 seconds
[2025-10-08T00:54:45.434+0000] {processor.py:153} INFO - Started process (PID=189) to work on /home/airflow/.local/lib/python3.7/site-packages/airflow/example_dags/tutorial.py
[2025-10-08T00:54:45.435+0000] {processor.py:743} INFO - Processing file /home/airflow/.local/lib/python3.7/site-packages/airflow/example_dags/tutorial.py for tasks to queue
[2025-10-08T00:54:45.437+0000] {logging_mixin.py:137} INFO - [2025-10-08T00:54:45.436+0000] {dagbag.py:538} INFO - Filling up the DagBag from /home/airflow/.local/lib/python3.7/site-packages/airflow/example_dags/tutorial.py
[2025-10-08T00:54:45.445+0000] {processor.py:753} INFO - DAG(s) dict_keys(['tutorial']) retrieved from /home/airflow/.local/lib/python3.7/site-packages/airflow/example_dags/tutorial.py
[2025-10-08T00:54:45.459+0000] {logging_mixin.py:137} INFO - [2025-10-08T00:54:45.459+0000] {dag.py:2690} INFO - Sync 1 DAGs
[2025-10-08T00:54:45.473+0000] {logging_mixin.py:137} INFO - [2025-10-08T00:54:45.473+0000] {dag.py:3441} INFO - Setting next_dagrun for tutorial to 2025-10-07T00:54:45.472932+00:00, run_after=2025-10-08T00:54:45.472932+00:00
[2025-10-08T00:54:45.486+0000] {processor.py:175} INFO - Processing /home/airflow/.local/lib/python3.7/site-packages/airflow/example_dags/tutorial.py took 0.054 seconds
[2025-10-08T00:55:15.556+0000] {processor.py:153} INFO - Started process (PID=284) to work on /home/airflow/.local/lib/python3.7/site-packages/airflow/example_dags/tutorial.py
[2025-10-08T00:55:15.557+0000] {processor.py:743} INFO - Processing file /home/airflow/.local/lib/python3.7/site-packages/airflow/example_dags/tutorial.py for tasks to queue
[2025-10-08T00:55:15.558+0000] {logging_mixin.py:137} INFO - [2025-10-08T00:55:15.558+0000] {dagbag.py:538} INFO - Filling up the DagBag from /home/airflow/.local/lib/python3.7/site-packages/airflow/example_dags/tutorial.py
[2025-10-08T00:55:15.565+0000] {processor.py:753} INFO - DAG(s) dict_keys(['tutorial']) retrieved from /home/airflow/.local/lib/python3.7/site-packages/airflow/example_dags/tutorial.py
[2025-10-08T00:55:15.582+0000] {logging_mixin.py:137} INFO - [2025-10-08T00:55:15.582+0000] {dag.py:2690} INFO - Sync 1 DAGs
[2025-10-08T00:55:15.595+0000] {logging_mixin.py:137} INFO - [2025-10-08T00:55:15.595+0000] {dag.py:3441} INFO - Setting next_dagrun for tutorial to 2025-10-07T00:55:15.594898+00:00, run_after=2025-10-08T00:55:15.594898+00:00
[2025-10-08T00:55:15.608+0000] {processor.py:175} INFO - Processing /home/airflow/.local/lib/python3.7/site-packages/airflow/example_dags/tutorial.py took 0.054 seconds
[2025-10-08T00:55:46.426+0000] {processor.py:153} INFO - Started process (PID=379) to work on /home/airflow/.local/lib/python3.7/site-packages/airflow/example_dags/tutorial.py
[2025-10-08T00:55:46.427+0000] {processor.py:743} INFO - Processing file /home/airflow/.local/lib/python3.7/site-packages/airflow/example_dags/tutorial.py for tasks to queue
[2025-10-08T00:55:46.427+0000] {logging_mixin.py:137} INFO - [2025-10-08T00:55:46.427+0000] {dagbag.py:538} INFO - Filling up the DagBag from /home/airflow/.local/lib/python3.7/site-packages/airflow/example_dags/tutorial.py
[2025-10-08T00:55:46.436+0000] {processor.py:753} INFO - DAG(s) dict_keys(['tutorial']) retrieved from /home/airflow/.local/lib/python3.7/site-packages/airflow/example_dags/tutorial.py
[2025-10-08T00:55:46.450+0000] {logging_mixin.py:137} INFO - [2025-10-08T00:55:46.450+0000] {dag.py:2690} INFO - Sync 1 DAGs
[2025-10-08T00:55:46.465+0000] {logging_mixin.py:137} INFO - [2025-10-08T00:55:46.465+0000] {dag.py:3441} INFO - Setting next_dagrun for tutorial to 2025-10-07T00:55:46.465324+00:00, run_after=2025-10-08T00:55:46.465324+00:00
[2025-10-08T00:55:46.480+0000] {processor.py:175} INFO - Processing /home/airflow/.local/lib/python3.7/site-packages/airflow/example_dags/tutorial.py took 0.056 seconds
[2025-10-08T00:56:17.380+0000] {processor.py:153} INFO - Started process (PID=465) to work on /home/airflow/.local/lib/python3.7/site-packages/airflow/example_dags/tutorial.py
[2025-10-08T00:56:17.380+0000] {processor.py:743} INFO - Processing file /home/airflow/.local/lib/python3.7/site-packages/airflow/example_dags/tutorial.py for tasks to queue
[2025-10-08T00:56:17.381+0000] {logging_mixin.py:137} INFO - [2025-10-08T00:56:17.381+0000] {dagbag.py:538} INFO - Filling up the DagBag from /home/airflow/.local/lib/python3.7/site-packages/airflow/example_dags/tutorial.py
[2025-10-08T00:56:17.390+0000] {processor.py:753} INFO - DAG(s) dict_keys(['tutorial']) retrieved from /home/airflow/.local/lib/python3.7/site-packages/airflow/example_dags/tutorial.py
[2025-10-08T00:56:17.404+0000] {logging_mixin.py:137} INFO - [2025-10-08T00:56:17.404+0000] {dag.py:2690} INFO - Sync 1 DAGs
[2025-10-08T00:56:17.419+0000] {logging_mixin.py:137} INFO - [2025-10-08T00:56:17.418+0000] {dag.py:3441} INFO - Setting next_dagrun for tutorial to 2025-10-07T00:56:17.418767+00:00, run_after=2025-10-08T00:56:17.418767+00:00
[2025-10-08T00:56:17.431+0000] {processor.py:175} INFO - Processing /home/airflow/.local/lib/python3.7/site-packages/airflow/example_dags/tutorial.py took 0.054 seconds
[2025-10-08T00:56:48.212+0000] {processor.py:153} INFO - Started process (PID=551) to work on /home/airflow/.local/lib/python3.7/site-packages/airflow/example_dags/tutorial.py
[2025-10-08T00:56:48.213+0000] {processor.py:743} INFO - Processing file /home/airflow/.local/lib/python3.7/site-packages/airflow/example_dags/tutorial.py for tasks to queue
[2025-10-08T00:56:48.213+0000] {logging_mixin.py:137} INFO - [2025-10-08T00:56:48.213+0000] {dagbag.py:538} INFO - Filling up the DagBag from /home/airflow/.local/lib/python3.7/site-packages/airflow/example_dags/tutorial.py
[2025-10-08T00:56:48.224+0000] {processor.py:753} INFO - DAG(s) dict_keys(['tutorial']) retrieved from /home/airflow/.local/lib/python3.7/site-packages/airflow/example_dags/tutorial.py
[2025-10-08T00:56:48.238+0000] {logging_mixin.py:137} INFO - [2025-10-08T00:56:48.238+0000] {dag.py:2690} INFO - Sync 1 DAGs
[2025-10-08T00:56:48.252+0000] {logging_mixin.py:137} INFO - [2025-10-08T00:56:48.252+0000] {dag.py:3441} INFO - Setting next_dagrun for tutorial to 2025-10-07T00:56:48.252122+00:00, run_after=2025-10-08T00:56:48.252122+00:00
[2025-10-08T00:56:48.262+0000] {processor.py:175} INFO - Processing /home/airflow/.local/lib/python3.7/site-packages/airflow/example_dags/tutorial.py took 0.052 seconds
[2025-10-08T00:57:19.253+0000] {processor.py:153} INFO - Started process (PID=646) to work on /home/airflow/.local/lib/python3.7/site-packages/airflow/example_dags/tutorial.py
[2025-10-08T00:57:19.253+0000] {processor.py:743} INFO - Processing file /home/airflow/.local/lib/python3.7/site-packages/airflow/example_dags/tutorial.py for tasks to queue
[2025-10-08T00:57:19.254+0000] {logging_mixin.py:137} INFO - [2025-10-08T00:57:19.254+0000] {dagbag.py:538} INFO - Filling up the DagBag from /home/airflow/.local/lib/python3.7/site-packages/airflow/example_dags/tutorial.py
[2025-10-08T00:57:19.263+0000] {processor.py:753} INFO - DAG(s) dict_keys(['tutorial']) retrieved from /home/airflow/.local/lib/python3.7/site-packages/airflow/example_dags/tutorial.py
[2025-10-08T00:57:19.279+0000] {logging_mixin.py:137} INFO - [2025-10-08T00:57:19.279+0000] {dag.py:2690} INFO - Sync 1 DAGs
[2025-10-08T00:57:19.293+0000] {logging_mixin.py:137} INFO - [2025-10-08T00:57:19.293+0000] {dag.py:3441} INFO - Setting next_dagrun for tutorial to 2025-10-07T00:57:19.293252+00:00, run_after=2025-10-08T00:57:19.293252+00:00
[2025-10-08T00:57:19.308+0000] {processor.py:175} INFO - Processing /home/airflow/.local/lib/python3.7/site-packages/airflow/example_dags/tutorial.py took 0.057 seconds
[2025-10-08T00:57:50.253+0000] {processor.py:153} INFO - Started process (PID=741) to work on /home/airflow/.local/lib/python3.7/site-packages/airflow/example_dags/tutorial.py
[2025-10-08T00:57:50.254+0000] {processor.py:743} INFO - Processing file /home/airflow/.local/lib/python3.7/site-packages/airflow/example_dags/tutorial.py for tasks to queue
[2025-10-08T00:57:50.254+0000] {logging_mixin.py:137} INFO - [2025-10-08T00:57:50.254+0000] {dagbag.py:538} INFO - Filling up the DagBag from /home/airflow/.local/lib/python3.7/site-packages/airflow/example_dags/tutorial.py
[2025-10-08T00:57:50.262+0000] {processor.py:753} INFO - DAG(s) dict_keys(['tutorial']) retrieved from /home/airflow/.local/lib/python3.7/site-packages/airflow/example_dags/tutorial.py
[2025-10-08T00:57:50.275+0000] {logging_mixin.py:137} INFO - [2025-10-08T00:57:50.275+0000] {dag.py:2690} INFO - Sync 1 DAGs
[2025-10-08T00:57:50.289+0000] {logging_mixin.py:137} INFO - [2025-10-08T00:57:50.289+0000] {dag.py:3441} INFO - Setting next_dagrun for tutorial to 2025-10-07T00:57:50.289477+00:00, run_after=2025-10-08T00:57:50.289477+00:00
[2025-10-08T00:57:50.299+0000] {processor.py:175} INFO - Processing /home/airflow/.local/lib/python3.7/site-packages/airflow/example_dags/tutorial.py took 0.048 seconds
[2025-10-08T00:58:21.148+0000] {processor.py:153} INFO - Started process (PID=818) to work on /home/airflow/.local/lib/python3.7/site-packages/airflow/example_dags/tutorial.py
[2025-10-08T00:58:21.151+0000] {processor.py:743} INFO - Processing file /home/airflow/.local/lib/python3.7/site-packages/airflow/example_dags/tutorial.py for tasks to queue
[2025-10-08T00:58:21.152+0000] {logging_mixin.py:137} INFO - [2025-10-08T00:58:21.152+0000] {dagbag.py:538} INFO - Filling up the DagBag from /home/airflow/.local/lib/python3.7/site-packages/airflow/example_dags/tutorial.py
[2025-10-08T00:58:21.160+0000] {processor.py:753} INFO - DAG(s) dict_keys(['tutorial']) retrieved from /home/airflow/.local/lib/python3.7/site-packages/airflow/example_dags/tutorial.py
[2025-10-08T00:58:21.174+0000] {logging_mixin.py:137} INFO - [2025-10-08T00:58:21.174+0000] {dag.py:2690} INFO - Sync 1 DAGs
[2025-10-08T00:58:21.190+0000] {logging_mixin.py:137} INFO - [2025-10-08T00:58:21.190+0000] {dag.py:3441} INFO - Setting next_dagrun for tutorial to 2025-10-07T00:58:21.190263+00:00, run_after=2025-10-08T00:58:21.190263+00:00
[2025-10-08T00:58:21.203+0000] {processor.py:175} INFO - Processing /home/airflow/.local/lib/python3.7/site-packages/airflow/example_dags/tutorial.py took 0.057 seconds
[2025-10-08T00:58:52.168+0000] {processor.py:153} INFO - Started process (PID=913) to work on /home/airflow/.local/lib/python3.7/site-packages/airflow/example_dags/tutorial.py
[2025-10-08T00:58:52.169+0000] {processor.py:743} INFO - Processing file /home/airflow/.local/lib/python3.7/site-packages/airflow/example_dags/tutorial.py for tasks to queue
[2025-10-08T00:58:52.171+0000] {logging_mixin.py:137} INFO - [2025-10-08T00:58:52.171+0000] {dagbag.py:538} INFO - Filling up the DagBag from /home/airflow/.local/lib/python3.7/site-packages/airflow/example_dags/tutorial.py
[2025-10-08T00:58:52.179+0000] {processor.py:753} INFO - DAG(s) dict_keys(['tutorial']) retrieved from /home/airflow/.local/lib/python3.7/site-packages/airflow/example_dags/tutorial.py
[2025-10-08T00:58:52.196+0000] {logging_mixin.py:137} INFO - [2025-10-08T00:58:52.196+0000] {dag.py:2690} INFO - Sync 1 DAGs
[2025-10-08T00:58:52.210+0000] {logging_mixin.py:137} INFO - [2025-10-08T00:58:52.210+0000] {dag.py:3441} INFO - Setting next_dagrun for tutorial to 2025-10-07T00:58:52.210728+00:00, run_after=2025-10-08T00:58:52.210728+00:00
[2025-10-08T00:58:52.223+0000] {processor.py:175} INFO - Processing /home/airflow/.local/lib/python3.7/site-packages/airflow/example_dags/tutorial.py took 0.056 seconds
[2025-10-08T00:59:22.319+0000] {processor.py:153} INFO - Started process (PID=1008) to work on /home/airflow/.local/lib/python3.7/site-packages/airflow/example_dags/tutorial.py
[2025-10-08T00:59:22.320+0000] {processor.py:743} INFO - Processing file /home/airflow/.local/lib/python3.7/site-packages/airflow/example_dags/tutorial.py for tasks to queue
[2025-10-08T00:59:22.321+0000] {logging_mixin.py:137} INFO - [2025-10-08T00:59:22.321+0000] {dagbag.py:538} INFO - Filling up the DagBag from /home/airflow/.local/lib/python3.7/site-packages/airflow/example_dags/tutorial.py
[2025-10-08T00:59:22.330+0000] {processor.py:753} INFO - DAG(s) dict_keys(['tutorial']) retrieved from /home/airflow/.local/lib/python3.7/site-packages/airflow/example_dags/tutorial.py
[2025-10-08T00:59:22.344+0000] {logging_mixin.py:137} INFO - [2025-10-08T00:59:22.344+0000] {dag.py:2690} INFO - Sync 1 DAGs
[2025-10-08T00:59:22.358+0000] {logging_mixin.py:137} INFO - [2025-10-08T00:59:22.358+0000] {dag.py:3441} INFO - Setting next_dagrun for tutorial to 2025-10-07T00:59:22.358505+00:00, run_after=2025-10-08T00:59:22.358505+00:00
[2025-10-08T00:59:22.371+0000] {processor.py:175} INFO - Processing /home/airflow/.local/lib/python3.7/site-packages/airflow/example_dags/tutorial.py took 0.053 seconds
[2025-10-08T00:59:53.080+0000] {processor.py:153} INFO - Started process (PID=1094) to work on /home/airflow/.local/lib/python3.7/site-packages/airflow/example_dags/tutorial.py
[2025-10-08T00:59:53.081+0000] {processor.py:743} INFO - Processing file /home/airflow/.local/lib/python3.7/site-packages/airflow/example_dags/tutorial.py for tasks to queue
[2025-10-08T00:59:53.081+0000] {logging_mixin.py:137} INFO - [2025-10-08T00:59:53.081+0000] {dagbag.py:538} INFO - Filling up the DagBag from /home/airflow/.local/lib/python3.7/site-packages/airflow/example_dags/tutorial.py
[2025-10-08T00:59:53.089+0000] {processor.py:753} INFO - DAG(s) dict_keys(['tutorial']) retrieved from /home/airflow/.local/lib/python3.7/site-packages/airflow/example_dags/tutorial.py
[2025-10-08T00:59:53.104+0000] {logging_mixin.py:137} INFO - [2025-10-08T00:59:53.104+0000] {dag.py:2690} INFO - Sync 1 DAGs
[2025-10-08T00:59:53.118+0000] {logging_mixin.py:137} INFO - [2025-10-08T00:59:53.118+0000] {dag.py:3441} INFO - Setting next_dagrun for tutorial to 2025-10-07T00:59:53.118721+00:00, run_after=2025-10-08T00:59:53.118721+00:00
[2025-10-08T00:59:53.132+0000] {processor.py:175} INFO - Processing /home/airflow/.local/lib/python3.7/site-packages/airflow/example_dags/tutorial.py took 0.054 seconds
[2025-10-08T01:00:24.006+0000] {processor.py:153} INFO - Started process (PID=1180) to work on /home/airflow/.local/lib/python3.7/site-packages/airflow/example_dags/tutorial.py
[2025-10-08T01:00:24.006+0000] {processor.py:743} INFO - Processing file /home/airflow/.local/lib/python3.7/site-packages/airflow/example_dags/tutorial.py for tasks to queue
[2025-10-08T01:00:24.007+0000] {logging_mixin.py:137} INFO - [2025-10-08T01:00:24.006+0000] {dagbag.py:538} INFO - Filling up the DagBag from /home/airflow/.local/lib/python3.7/site-packages/airflow/example_dags/tutorial.py
[2025-10-08T01:00:24.014+0000] {processor.py:753} INFO - DAG(s) dict_keys(['tutorial']) retrieved from /home/airflow/.local/lib/python3.7/site-packages/airflow/example_dags/tutorial.py
[2025-10-08T01:00:24.026+0000] {logging_mixin.py:137} INFO - [2025-10-08T01:00:24.026+0000] {dag.py:2690} INFO - Sync 1 DAGs
[2025-10-08T01:00:24.040+0000] {logging_mixin.py:137} INFO - [2025-10-08T01:00:24.040+0000] {dag.py:3441} INFO - Setting next_dagrun for tutorial to 2025-10-07T01:00:24.039995+00:00, run_after=2025-10-08T01:00:24.039995+00:00
[2025-10-08T01:00:24.050+0000] {processor.py:175} INFO - Processing /home/airflow/.local/lib/python3.7/site-packages/airflow/example_dags/tutorial.py took 0.046 seconds
[2025-10-08T01:00:54.898+0000] {processor.py:153} INFO - Started process (PID=1275) to work on /home/airflow/.local/lib/python3.7/site-packages/airflow/example_dags/tutorial.py
[2025-10-08T01:00:54.899+0000] {processor.py:743} INFO - Processing file /home/airflow/.local/lib/python3.7/site-packages/airflow/example_dags/tutorial.py for tasks to queue
[2025-10-08T01:00:54.900+0000] {logging_mixin.py:137} INFO - [2025-10-08T01:00:54.900+0000] {dagbag.py:538} INFO - Filling up the DagBag from /home/airflow/.local/lib/python3.7/site-packages/airflow/example_dags/tutorial.py
[2025-10-08T01:00:54.908+0000] {processor.py:753} INFO - DAG(s) dict_keys(['tutorial']) retrieved from /home/airflow/.local/lib/python3.7/site-packages/airflow/example_dags/tutorial.py
[2025-10-08T01:00:54.922+0000] {logging_mixin.py:137} INFO - [2025-10-08T01:00:54.922+0000] {dag.py:2690} INFO - Sync 1 DAGs
[2025-10-08T01:00:54.937+0000] {logging_mixin.py:137} INFO - [2025-10-08T01:00:54.936+0000] {dag.py:3441} INFO - Setting next_dagrun for tutorial to 2025-10-07T01:00:54.936817+00:00, run_after=2025-10-08T01:00:54.936817+00:00
[2025-10-08T01:00:54.947+0000] {processor.py:175} INFO - Processing /home/airflow/.local/lib/python3.7/site-packages/airflow/example_dags/tutorial.py took 0.051 seconds
[2025-10-08T01:01:25.692+0000] {processor.py:153} INFO - Started process (PID=1370) to work on /home/airflow/.local/lib/python3.7/site-packages/airflow/example_dags/tutorial.py
[2025-10-08T01:01:25.693+0000] {processor.py:743} INFO - Processing file /home/airflow/.local/lib/python3.7/site-packages/airflow/example_dags/tutorial.py for tasks to queue
[2025-10-08T01:01:25.693+0000] {logging_mixin.py:137} INFO - [2025-10-08T01:01:25.693+0000] {dagbag.py:538} INFO - Filling up the DagBag from /home/airflow/.local/lib/python3.7/site-packages/airflow/example_dags/tutorial.py
[2025-10-08T01:01:25.701+0000] {processor.py:753} INFO - DAG(s) dict_keys(['tutorial']) retrieved from /home/airflow/.local/lib/python3.7/site-packages/airflow/example_dags/tutorial.py
[2025-10-08T01:01:25.714+0000] {logging_mixin.py:137} INFO - [2025-10-08T01:01:25.714+0000] {dag.py:2690} INFO - Sync 1 DAGs
[2025-10-08T01:01:25.727+0000] {logging_mixin.py:137} INFO - [2025-10-08T01:01:25.727+0000] {dag.py:3441} INFO - Setting next_dagrun for tutorial to 2025-10-07T01:01:25.727107+00:00, run_after=2025-10-08T01:01:25.727107+00:00
[2025-10-08T01:01:25.739+0000] {processor.py:175} INFO - Processing /home/airflow/.local/lib/python3.7/site-packages/airflow/example_dags/tutorial.py took 0.049 seconds
