[2025-10-19T16:35:29.168+0000] {taskinstance.py:1083} INFO - Dependencies all met for <TaskInstance: iris_training_pipeline.preprocess_data manual__2025-10-19T16:35:27.048303+00:00 [queued]>
[2025-10-19T16:35:29.173+0000] {taskinstance.py:1083} INFO - Dependencies all met for <TaskInstance: iris_training_pipeline.preprocess_data manual__2025-10-19T16:35:27.048303+00:00 [queued]>
[2025-10-19T16:35:29.174+0000] {taskinstance.py:1279} INFO - 
--------------------------------------------------------------------------------
[2025-10-19T16:35:29.174+0000] {taskinstance.py:1280} INFO - Starting attempt 1 of 2
[2025-10-19T16:35:29.174+0000] {taskinstance.py:1281} INFO - 
--------------------------------------------------------------------------------
[2025-10-19T16:35:29.180+0000] {taskinstance.py:1300} INFO - Executing <Task(PythonOperator): preprocess_data> on 2025-10-19 16:35:27.048303+00:00
[2025-10-19T16:35:29.183+0000] {standard_task_runner.py:55} INFO - Started process 314 to run task
[2025-10-19T16:35:29.185+0000] {standard_task_runner.py:82} INFO - Running: ['***', 'tasks', 'run', 'iris_training_pipeline', 'preprocess_data', 'manual__2025-10-19T16:35:27.048303+00:00', '--job-id', '279', '--raw', '--subdir', 'DAGS_FOLDER/***.py', '--cfg-path', '/tmp/tmpo3kf6bmb']
[2025-10-19T16:35:29.185+0000] {standard_task_runner.py:83} INFO - Job 279: Subtask preprocess_data
[2025-10-19T16:35:29.219+0000] {task_command.py:388} INFO - Running <TaskInstance: iris_training_pipeline.preprocess_data manual__2025-10-19T16:35:27.048303+00:00 [running]> on host 4a1f5946dafc
[2025-10-19T16:35:29.252+0000] {taskinstance.py:1509} INFO - Exporting the following env vars:
AIRFLOW_CTX_DAG_OWNER=***
AIRFLOW_CTX_DAG_ID=iris_training_pipeline
AIRFLOW_CTX_TASK_ID=preprocess_data
AIRFLOW_CTX_EXECUTION_DATE=2025-10-19T16:35:27.048303+00:00
AIRFLOW_CTX_TRY_NUMBER=1
AIRFLOW_CTX_DAG_RUN_ID=manual__2025-10-19T16:35:27.048303+00:00
[2025-10-19T16:35:29.252+0000] {logging_mixin.py:137} INFO - [DAG] Preprocessing data...
[2025-10-19T16:35:29.255+0000] {logging_mixin.py:137} INFO - [INFO] Data preprocessed
[2025-10-19T16:35:29.256+0000] {logging_mixin.py:137} INFO - [DAG] Data preprocessed and saved to temp directory
[2025-10-19T16:35:29.256+0000] {python.py:177} INFO - Done. Returned value was: None
[2025-10-19T16:35:29.262+0000] {taskinstance.py:1323} INFO - Marking task as SUCCESS. dag_id=iris_training_pipeline, task_id=preprocess_data, execution_date=20251019T163527, start_date=20251019T163529, end_date=20251019T163529
[2025-10-19T16:35:29.283+0000] {local_task_job.py:208} INFO - Task exited with return code 0
[2025-10-19T16:35:29.299+0000] {taskinstance.py:2578} INFO - 1 downstream tasks scheduled from follow-on schedule check
