[2025-10-19T15:39:59.765+0000] {taskinstance.py:1083} INFO - Dependencies all met for <TaskInstance: iris_training_pipeline.load_data_task manual__2025-10-19T15:39:58.678823+00:00 [queued]>
[2025-10-19T15:39:59.776+0000] {taskinstance.py:1083} INFO - Dependencies all met for <TaskInstance: iris_training_pipeline.load_data_task manual__2025-10-19T15:39:58.678823+00:00 [queued]>
[2025-10-19T15:39:59.776+0000] {taskinstance.py:1279} INFO - 
--------------------------------------------------------------------------------
[2025-10-19T15:39:59.776+0000] {taskinstance.py:1280} INFO - Starting attempt 1 of 2
[2025-10-19T15:39:59.776+0000] {taskinstance.py:1281} INFO - 
--------------------------------------------------------------------------------
[2025-10-19T15:39:59.786+0000] {taskinstance.py:1300} INFO - Executing <Task(PythonOperator): load_data_task> on 2025-10-19 15:39:58.678823+00:00
[2025-10-19T15:39:59.791+0000] {standard_task_runner.py:55} INFO - Started process 828 to run task
[2025-10-19T15:39:59.794+0000] {standard_task_runner.py:82} INFO - Running: ['***', 'tasks', 'run', 'iris_training_pipeline', 'load_data_task', 'manual__2025-10-19T15:39:58.678823+00:00', '--job-id', '179', '--raw', '--subdir', 'DAGS_FOLDER/***.py', '--cfg-path', '/tmp/tmp4aj1r6sv']
[2025-10-19T15:39:59.794+0000] {standard_task_runner.py:83} INFO - Job 179: Subtask load_data_task
[2025-10-19T15:39:59.846+0000] {task_command.py:388} INFO - Running <TaskInstance: iris_training_pipeline.load_data_task manual__2025-10-19T15:39:58.678823+00:00 [running]> on host 73cc07e91aeb
[2025-10-19T15:39:59.886+0000] {taskinstance.py:1509} INFO - Exporting the following env vars:
AIRFLOW_CTX_DAG_OWNER=***
AIRFLOW_CTX_DAG_ID=iris_training_pipeline
AIRFLOW_CTX_TASK_ID=load_data_task
AIRFLOW_CTX_EXECUTION_DATE=2025-10-19T15:39:58.678823+00:00
AIRFLOW_CTX_TRY_NUMBER=1
AIRFLOW_CTX_DAG_RUN_ID=manual__2025-10-19T15:39:58.678823+00:00
[2025-10-19T15:39:59.888+0000] {logging_mixin.py:137} INFO - [INFO] Dataset loaded successfully.
[2025-10-19T15:39:59.893+0000] {taskinstance.py:1768} ERROR - Task failed with exception
Traceback (most recent call last):
  File "/home/airflow/.local/lib/python3.7/site-packages/airflow/operators/python.py", line 175, in execute
    return_value = self.execute_callable()
  File "/home/airflow/.local/lib/python3.7/site-packages/airflow/operators/python.py", line 192, in execute_callable
    return self.python_callable(*self.op_args, **self.op_kwargs)
  File "/opt/airflow/dags/airflow.py", line 69, in load_data_wrapper
    ti.xcom_push(key='X', value=X)
  File "/home/airflow/.local/lib/python3.7/site-packages/airflow/utils/session.py", line 75, in wrapper
    return func(*args, session=session, **kwargs)
  File "/home/airflow/.local/lib/python3.7/site-packages/airflow/models/taskinstance.py", line 2297, in xcom_push
    session=session,
  File "/home/airflow/.local/lib/python3.7/site-packages/airflow/utils/session.py", line 72, in wrapper
    return func(*args, **kwargs)
  File "/home/airflow/.local/lib/python3.7/site-packages/airflow/models/xcom.py", line 240, in set
    map_index=map_index,
  File "/home/airflow/.local/lib/python3.7/site-packages/airflow/models/xcom.py", line 627, in serialize_value
    return json.dumps(value, cls=XComEncoder).encode("UTF-8")
  File "/usr/local/lib/python3.7/json/__init__.py", line 238, in dumps
    **kw).encode(obj)
  File "/home/airflow/.local/lib/python3.7/site-packages/airflow/utils/json.py", line 176, in encode
    return super().encode(o)
  File "/usr/local/lib/python3.7/json/encoder.py", line 199, in encode
    chunks = self.iterencode(o, _one_shot=True)
  File "/usr/local/lib/python3.7/json/encoder.py", line 257, in iterencode
    return _iterencode(o, 0)
  File "/home/airflow/.local/lib/python3.7/site-packages/airflow/utils/json.py", line 153, in default
    CLASSNAME: o.__module__ + "." + o.__class__.__qualname__,
AttributeError: 'numpy.ndarray' object has no attribute '__module__'
[2025-10-19T15:39:59.901+0000] {taskinstance.py:1323} INFO - Marking task as UP_FOR_RETRY. dag_id=iris_training_pipeline, task_id=load_data_task, execution_date=20251019T153958, start_date=20251019T153959, end_date=20251019T153959
[2025-10-19T15:39:59.916+0000] {standard_task_runner.py:105} ERROR - Failed to execute job 179 for task load_data_task ('numpy.ndarray' object has no attribute '__module__'; 828)
[2025-10-19T15:39:59.931+0000] {local_task_job.py:208} INFO - Task exited with return code 1
[2025-10-19T15:39:59.957+0000] {taskinstance.py:2578} INFO - 0 downstream tasks scheduled from follow-on schedule check
