[2025-10-19T15:22:55.723+0000] {processor.py:153} INFO - Started process (PID=44) to work on /opt/airflow/dags/airflow.py
[2025-10-19T15:22:55.725+0000] {processor.py:743} INFO - Processing file /opt/airflow/dags/airflow.py for tasks to queue
[2025-10-19T15:22:55.727+0000] {logging_mixin.py:137} INFO - [2025-10-19T15:22:55.727+0000] {dagbag.py:538} INFO - Filling up the DagBag from /opt/airflow/dags/airflow.py
[2025-10-19T15:22:57.045+0000] {logging_mixin.py:137} INFO - [2025-10-19T15:22:57.040+0000] {dagbag.py:343} ERROR - Failed to import: /opt/airflow/dags/airflow.py
Traceback (most recent call last):
  File "/home/airflow/.local/lib/python3.7/site-packages/airflow/models/dagbag.py", line 339, in parse
    loader.exec_module(new_module)
  File "<frozen importlib._bootstrap_external>", line 728, in exec_module
  File "<frozen importlib._bootstrap>", line 219, in _call_with_frames_removed
  File "/opt/airflow/dags/airflow.py", line 85, in <module>
    op_args=[load_data_task.output[0], load_data_task.output[1]],
  File "/home/airflow/.local/lib/python3.7/site-packages/airflow/models/xcom_arg.py", line 236, in __getitem__
    raise ValueError(f"XComArg only supports str lookup, received {type(item).__name__}")
ValueError: XComArg only supports str lookup, received int
[2025-10-19T15:22:57.046+0000] {processor.py:755} WARNING - No viable dags retrieved from /opt/airflow/dags/airflow.py
[2025-10-19T15:22:57.077+0000] {processor.py:175} INFO - Processing /opt/airflow/dags/airflow.py took 1.357 seconds
[2025-10-19T15:23:27.331+0000] {processor.py:153} INFO - Started process (PID=98) to work on /opt/airflow/dags/airflow.py
[2025-10-19T15:23:27.332+0000] {processor.py:743} INFO - Processing file /opt/airflow/dags/airflow.py for tasks to queue
[2025-10-19T15:23:27.333+0000] {logging_mixin.py:137} INFO - [2025-10-19T15:23:27.333+0000] {dagbag.py:538} INFO - Filling up the DagBag from /opt/airflow/dags/airflow.py
[2025-10-19T15:23:27.568+0000] {logging_mixin.py:137} INFO - [2025-10-19T15:23:27.567+0000] {dagbag.py:343} ERROR - Failed to import: /opt/airflow/dags/airflow.py
Traceback (most recent call last):
  File "/home/airflow/.local/lib/python3.7/site-packages/airflow/models/dagbag.py", line 339, in parse
    loader.exec_module(new_module)
  File "<frozen importlib._bootstrap_external>", line 728, in exec_module
  File "<frozen importlib._bootstrap>", line 219, in _call_with_frames_removed
  File "/opt/airflow/dags/airflow.py", line 85, in <module>
    op_args=[load_data_task.output[0], load_data_task.output[1]],
  File "/home/airflow/.local/lib/python3.7/site-packages/airflow/models/xcom_arg.py", line 236, in __getitem__
    raise ValueError(f"XComArg only supports str lookup, received {type(item).__name__}")
ValueError: XComArg only supports str lookup, received int
[2025-10-19T15:23:27.568+0000] {processor.py:755} WARNING - No viable dags retrieved from /opt/airflow/dags/airflow.py
[2025-10-19T15:23:27.581+0000] {processor.py:175} INFO - Processing /opt/airflow/dags/airflow.py took 0.255 seconds
[2025-10-19T15:24:17.401+0000] {processor.py:153} INFO - Started process (PID=65) to work on /opt/airflow/dags/airflow.py
[2025-10-19T15:24:17.402+0000] {processor.py:743} INFO - Processing file /opt/airflow/dags/airflow.py for tasks to queue
[2025-10-19T15:24:17.403+0000] {logging_mixin.py:137} INFO - [2025-10-19T15:24:17.403+0000] {dagbag.py:538} INFO - Filling up the DagBag from /opt/airflow/dags/airflow.py
[2025-10-19T15:24:17.644+0000] {logging_mixin.py:137} INFO - [2025-10-19T15:24:17.643+0000] {dagbag.py:343} ERROR - Failed to import: /opt/airflow/dags/airflow.py
Traceback (most recent call last):
  File "/home/airflow/.local/lib/python3.7/site-packages/airflow/models/dagbag.py", line 339, in parse
    loader.exec_module(new_module)
  File "<frozen importlib._bootstrap_external>", line 728, in exec_module
  File "<frozen importlib._bootstrap>", line 219, in _call_with_frames_removed
  File "/opt/airflow/dags/airflow.py", line 85, in <module>
    op_args=[load_data_task.output[0], load_data_task.output[1]],
  File "/home/airflow/.local/lib/python3.7/site-packages/airflow/models/xcom_arg.py", line 236, in __getitem__
    raise ValueError(f"XComArg only supports str lookup, received {type(item).__name__}")
ValueError: XComArg only supports str lookup, received int
[2025-10-19T15:24:17.644+0000] {processor.py:755} WARNING - No viable dags retrieved from /opt/airflow/dags/airflow.py
[2025-10-19T15:24:17.654+0000] {processor.py:175} INFO - Processing /opt/airflow/dags/airflow.py took 0.255 seconds
[2025-10-19T15:24:47.848+0000] {processor.py:153} INFO - Started process (PID=120) to work on /opt/airflow/dags/airflow.py
[2025-10-19T15:24:47.850+0000] {processor.py:743} INFO - Processing file /opt/airflow/dags/airflow.py for tasks to queue
[2025-10-19T15:24:47.852+0000] {logging_mixin.py:137} INFO - [2025-10-19T15:24:47.852+0000] {dagbag.py:538} INFO - Filling up the DagBag from /opt/airflow/dags/airflow.py
[2025-10-19T15:24:48.075+0000] {logging_mixin.py:137} INFO - [2025-10-19T15:24:48.074+0000] {dagbag.py:343} ERROR - Failed to import: /opt/airflow/dags/airflow.py
Traceback (most recent call last):
  File "/home/airflow/.local/lib/python3.7/site-packages/airflow/models/dagbag.py", line 339, in parse
    loader.exec_module(new_module)
  File "<frozen importlib._bootstrap_external>", line 728, in exec_module
  File "<frozen importlib._bootstrap>", line 219, in _call_with_frames_removed
  File "/opt/airflow/dags/airflow.py", line 85, in <module>
    op_args=[load_data_task.output[0], load_data_task.output[1]],
  File "/home/airflow/.local/lib/python3.7/site-packages/airflow/models/xcom_arg.py", line 236, in __getitem__
    raise ValueError(f"XComArg only supports str lookup, received {type(item).__name__}")
ValueError: XComArg only supports str lookup, received int
[2025-10-19T15:24:48.075+0000] {processor.py:755} WARNING - No viable dags retrieved from /opt/airflow/dags/airflow.py
[2025-10-19T15:24:48.087+0000] {processor.py:175} INFO - Processing /opt/airflow/dags/airflow.py took 0.241 seconds
[2025-10-19T15:25:18.337+0000] {processor.py:153} INFO - Started process (PID=157) to work on /opt/airflow/dags/airflow.py
[2025-10-19T15:25:18.339+0000] {processor.py:743} INFO - Processing file /opt/airflow/dags/airflow.py for tasks to queue
[2025-10-19T15:25:18.340+0000] {logging_mixin.py:137} INFO - [2025-10-19T15:25:18.340+0000] {dagbag.py:538} INFO - Filling up the DagBag from /opt/airflow/dags/airflow.py
[2025-10-19T15:25:18.649+0000] {logging_mixin.py:137} INFO - [2025-10-19T15:25:18.646+0000] {dagbag.py:343} ERROR - Failed to import: /opt/airflow/dags/airflow.py
Traceback (most recent call last):
  File "/home/airflow/.local/lib/python3.7/site-packages/airflow/models/dagbag.py", line 339, in parse
    loader.exec_module(new_module)
  File "<frozen importlib._bootstrap_external>", line 728, in exec_module
  File "<frozen importlib._bootstrap>", line 219, in _call_with_frames_removed
  File "/opt/airflow/dags/airflow.py", line 85, in <module>
    op_args=[load_data_task.output[0], load_data_task.output[1]],
  File "/home/airflow/.local/lib/python3.7/site-packages/airflow/models/xcom_arg.py", line 236, in __getitem__
    raise ValueError(f"XComArg only supports str lookup, received {type(item).__name__}")
ValueError: XComArg only supports str lookup, received int
[2025-10-19T15:25:18.649+0000] {processor.py:755} WARNING - No viable dags retrieved from /opt/airflow/dags/airflow.py
[2025-10-19T15:25:18.662+0000] {processor.py:175} INFO - Processing /opt/airflow/dags/airflow.py took 0.330 seconds
[2025-10-19T15:25:48.924+0000] {processor.py:153} INFO - Started process (PID=212) to work on /opt/airflow/dags/airflow.py
[2025-10-19T15:25:48.927+0000] {processor.py:743} INFO - Processing file /opt/airflow/dags/airflow.py for tasks to queue
[2025-10-19T15:25:48.928+0000] {logging_mixin.py:137} INFO - [2025-10-19T15:25:48.928+0000] {dagbag.py:538} INFO - Filling up the DagBag from /opt/airflow/dags/airflow.py
[2025-10-19T15:25:49.183+0000] {logging_mixin.py:137} INFO - [2025-10-19T15:25:49.182+0000] {dagbag.py:343} ERROR - Failed to import: /opt/airflow/dags/airflow.py
Traceback (most recent call last):
  File "/home/airflow/.local/lib/python3.7/site-packages/airflow/models/dagbag.py", line 339, in parse
    loader.exec_module(new_module)
  File "<frozen importlib._bootstrap_external>", line 728, in exec_module
  File "<frozen importlib._bootstrap>", line 219, in _call_with_frames_removed
  File "/opt/airflow/dags/airflow.py", line 85, in <module>
    op_args=[load_data_task.output[0], load_data_task.output[1]],
  File "/home/airflow/.local/lib/python3.7/site-packages/airflow/models/xcom_arg.py", line 236, in __getitem__
    raise ValueError(f"XComArg only supports str lookup, received {type(item).__name__}")
ValueError: XComArg only supports str lookup, received int
[2025-10-19T15:25:49.184+0000] {processor.py:755} WARNING - No viable dags retrieved from /opt/airflow/dags/airflow.py
[2025-10-19T15:25:49.202+0000] {processor.py:175} INFO - Processing /opt/airflow/dags/airflow.py took 0.283 seconds
[2025-10-19T15:26:19.454+0000] {processor.py:153} INFO - Started process (PID=267) to work on /opt/airflow/dags/airflow.py
[2025-10-19T15:26:19.455+0000] {processor.py:743} INFO - Processing file /opt/airflow/dags/airflow.py for tasks to queue
[2025-10-19T15:26:19.456+0000] {logging_mixin.py:137} INFO - [2025-10-19T15:26:19.456+0000] {dagbag.py:538} INFO - Filling up the DagBag from /opt/airflow/dags/airflow.py
[2025-10-19T15:26:19.735+0000] {logging_mixin.py:137} INFO - [2025-10-19T15:26:19.734+0000] {dagbag.py:343} ERROR - Failed to import: /opt/airflow/dags/airflow.py
Traceback (most recent call last):
  File "/home/airflow/.local/lib/python3.7/site-packages/airflow/models/dagbag.py", line 339, in parse
    loader.exec_module(new_module)
  File "<frozen importlib._bootstrap_external>", line 728, in exec_module
  File "<frozen importlib._bootstrap>", line 219, in _call_with_frames_removed
  File "/opt/airflow/dags/airflow.py", line 85, in <module>
    op_args=[load_data_task.output[0], load_data_task.output[1]],
  File "/home/airflow/.local/lib/python3.7/site-packages/airflow/models/xcom_arg.py", line 236, in __getitem__
    raise ValueError(f"XComArg only supports str lookup, received {type(item).__name__}")
ValueError: XComArg only supports str lookup, received int
[2025-10-19T15:26:19.735+0000] {processor.py:755} WARNING - No viable dags retrieved from /opt/airflow/dags/airflow.py
[2025-10-19T15:26:19.749+0000] {processor.py:175} INFO - Processing /opt/airflow/dags/airflow.py took 0.299 seconds
[2025-10-19T15:26:49.964+0000] {processor.py:153} INFO - Started process (PID=304) to work on /opt/airflow/dags/airflow.py
[2025-10-19T15:26:49.966+0000] {processor.py:743} INFO - Processing file /opt/airflow/dags/airflow.py for tasks to queue
[2025-10-19T15:26:49.966+0000] {logging_mixin.py:137} INFO - [2025-10-19T15:26:49.966+0000] {dagbag.py:538} INFO - Filling up the DagBag from /opt/airflow/dags/airflow.py
[2025-10-19T15:26:50.286+0000] {logging_mixin.py:137} INFO - [2025-10-19T15:26:50.285+0000] {dagbag.py:343} ERROR - Failed to import: /opt/airflow/dags/airflow.py
Traceback (most recent call last):
  File "/home/airflow/.local/lib/python3.7/site-packages/airflow/models/dagbag.py", line 339, in parse
    loader.exec_module(new_module)
  File "<frozen importlib._bootstrap_external>", line 728, in exec_module
  File "<frozen importlib._bootstrap>", line 219, in _call_with_frames_removed
  File "/opt/airflow/dags/airflow.py", line 85, in <module>
    op_args=[load_data_task.output[0], load_data_task.output[1]],
  File "/home/airflow/.local/lib/python3.7/site-packages/airflow/models/xcom_arg.py", line 236, in __getitem__
    raise ValueError(f"XComArg only supports str lookup, received {type(item).__name__}")
ValueError: XComArg only supports str lookup, received int
[2025-10-19T15:26:50.287+0000] {processor.py:755} WARNING - No viable dags retrieved from /opt/airflow/dags/airflow.py
[2025-10-19T15:26:50.307+0000] {processor.py:175} INFO - Processing /opt/airflow/dags/airflow.py took 0.348 seconds
[2025-10-19T15:27:20.529+0000] {processor.py:153} INFO - Started process (PID=359) to work on /opt/airflow/dags/airflow.py
[2025-10-19T15:27:20.532+0000] {processor.py:743} INFO - Processing file /opt/airflow/dags/airflow.py for tasks to queue
[2025-10-19T15:27:20.532+0000] {logging_mixin.py:137} INFO - [2025-10-19T15:27:20.532+0000] {dagbag.py:538} INFO - Filling up the DagBag from /opt/airflow/dags/airflow.py
[2025-10-19T15:27:20.804+0000] {logging_mixin.py:137} INFO - [2025-10-19T15:27:20.803+0000] {dagbag.py:343} ERROR - Failed to import: /opt/airflow/dags/airflow.py
Traceback (most recent call last):
  File "/home/airflow/.local/lib/python3.7/site-packages/airflow/models/dagbag.py", line 339, in parse
    loader.exec_module(new_module)
  File "<frozen importlib._bootstrap_external>", line 728, in exec_module
  File "<frozen importlib._bootstrap>", line 219, in _call_with_frames_removed
  File "/opt/airflow/dags/airflow.py", line 85, in <module>
    op_args=[load_data_task.output[0], load_data_task.output[1]],
  File "/home/airflow/.local/lib/python3.7/site-packages/airflow/models/xcom_arg.py", line 236, in __getitem__
    raise ValueError(f"XComArg only supports str lookup, received {type(item).__name__}")
ValueError: XComArg only supports str lookup, received int
[2025-10-19T15:27:20.805+0000] {processor.py:755} WARNING - No viable dags retrieved from /opt/airflow/dags/airflow.py
[2025-10-19T15:27:20.816+0000] {processor.py:175} INFO - Processing /opt/airflow/dags/airflow.py took 0.293 seconds
[2025-10-19T15:27:51.058+0000] {processor.py:153} INFO - Started process (PID=414) to work on /opt/airflow/dags/airflow.py
[2025-10-19T15:27:51.060+0000] {processor.py:743} INFO - Processing file /opt/airflow/dags/airflow.py for tasks to queue
[2025-10-19T15:27:51.060+0000] {logging_mixin.py:137} INFO - [2025-10-19T15:27:51.060+0000] {dagbag.py:538} INFO - Filling up the DagBag from /opt/airflow/dags/airflow.py
[2025-10-19T15:27:51.275+0000] {logging_mixin.py:137} INFO - [2025-10-19T15:27:51.274+0000] {dagbag.py:343} ERROR - Failed to import: /opt/airflow/dags/airflow.py
Traceback (most recent call last):
  File "/home/airflow/.local/lib/python3.7/site-packages/airflow/models/dagbag.py", line 339, in parse
    loader.exec_module(new_module)
  File "<frozen importlib._bootstrap_external>", line 728, in exec_module
  File "<frozen importlib._bootstrap>", line 219, in _call_with_frames_removed
  File "/opt/airflow/dags/airflow.py", line 85, in <module>
    op_args=[load_data_task.output[0], load_data_task.output[1]],
  File "/home/airflow/.local/lib/python3.7/site-packages/airflow/models/xcom_arg.py", line 236, in __getitem__
    raise ValueError(f"XComArg only supports str lookup, received {type(item).__name__}")
ValueError: XComArg only supports str lookup, received int
[2025-10-19T15:27:51.275+0000] {processor.py:755} WARNING - No viable dags retrieved from /opt/airflow/dags/airflow.py
[2025-10-19T15:27:51.287+0000] {processor.py:175} INFO - Processing /opt/airflow/dags/airflow.py took 0.231 seconds
[2025-10-19T15:28:21.474+0000] {processor.py:153} INFO - Started process (PID=451) to work on /opt/airflow/dags/airflow.py
[2025-10-19T15:28:21.476+0000] {processor.py:743} INFO - Processing file /opt/airflow/dags/airflow.py for tasks to queue
[2025-10-19T15:28:21.477+0000] {logging_mixin.py:137} INFO - [2025-10-19T15:28:21.477+0000] {dagbag.py:538} INFO - Filling up the DagBag from /opt/airflow/dags/airflow.py
[2025-10-19T15:28:21.683+0000] {logging_mixin.py:137} INFO - [2025-10-19T15:28:21.682+0000] {dagbag.py:343} ERROR - Failed to import: /opt/airflow/dags/airflow.py
Traceback (most recent call last):
  File "/home/airflow/.local/lib/python3.7/site-packages/airflow/models/dagbag.py", line 339, in parse
    loader.exec_module(new_module)
  File "<frozen importlib._bootstrap_external>", line 728, in exec_module
  File "<frozen importlib._bootstrap>", line 219, in _call_with_frames_removed
  File "/opt/airflow/dags/airflow.py", line 85, in <module>
    op_args=[load_data_task.output[0], load_data_task.output[1]],
  File "/home/airflow/.local/lib/python3.7/site-packages/airflow/models/xcom_arg.py", line 236, in __getitem__
    raise ValueError(f"XComArg only supports str lookup, received {type(item).__name__}")
ValueError: XComArg only supports str lookup, received int
[2025-10-19T15:28:21.683+0000] {processor.py:755} WARNING - No viable dags retrieved from /opt/airflow/dags/airflow.py
[2025-10-19T15:28:21.694+0000] {processor.py:175} INFO - Processing /opt/airflow/dags/airflow.py took 0.223 seconds
[2025-10-19T15:28:51.917+0000] {processor.py:153} INFO - Started process (PID=506) to work on /opt/airflow/dags/airflow.py
[2025-10-19T15:28:51.918+0000] {processor.py:743} INFO - Processing file /opt/airflow/dags/airflow.py for tasks to queue
[2025-10-19T15:28:51.920+0000] {logging_mixin.py:137} INFO - [2025-10-19T15:28:51.920+0000] {dagbag.py:538} INFO - Filling up the DagBag from /opt/airflow/dags/airflow.py
[2025-10-19T15:28:52.104+0000] {logging_mixin.py:137} INFO - [2025-10-19T15:28:52.103+0000] {dagbag.py:343} ERROR - Failed to import: /opt/airflow/dags/airflow.py
Traceback (most recent call last):
  File "/home/airflow/.local/lib/python3.7/site-packages/airflow/models/dagbag.py", line 339, in parse
    loader.exec_module(new_module)
  File "<frozen importlib._bootstrap_external>", line 728, in exec_module
  File "<frozen importlib._bootstrap>", line 219, in _call_with_frames_removed
  File "/opt/airflow/dags/airflow.py", line 85, in <module>
    op_args=[load_data_task.output[0], load_data_task.output[1]],
  File "/home/airflow/.local/lib/python3.7/site-packages/airflow/models/xcom_arg.py", line 236, in __getitem__
    raise ValueError(f"XComArg only supports str lookup, received {type(item).__name__}")
ValueError: XComArg only supports str lookup, received int
[2025-10-19T15:28:52.104+0000] {processor.py:755} WARNING - No viable dags retrieved from /opt/airflow/dags/airflow.py
[2025-10-19T15:28:52.114+0000] {processor.py:175} INFO - Processing /opt/airflow/dags/airflow.py took 0.202 seconds
[2025-10-19T15:29:22.369+0000] {processor.py:153} INFO - Started process (PID=561) to work on /opt/airflow/dags/airflow.py
[2025-10-19T15:29:22.370+0000] {processor.py:743} INFO - Processing file /opt/airflow/dags/airflow.py for tasks to queue
[2025-10-19T15:29:22.370+0000] {logging_mixin.py:137} INFO - [2025-10-19T15:29:22.370+0000] {dagbag.py:538} INFO - Filling up the DagBag from /opt/airflow/dags/airflow.py
[2025-10-19T15:29:22.615+0000] {logging_mixin.py:137} INFO - [2025-10-19T15:29:22.613+0000] {dagbag.py:343} ERROR - Failed to import: /opt/airflow/dags/airflow.py
Traceback (most recent call last):
  File "/home/airflow/.local/lib/python3.7/site-packages/airflow/models/dagbag.py", line 339, in parse
    loader.exec_module(new_module)
  File "<frozen importlib._bootstrap_external>", line 728, in exec_module
  File "<frozen importlib._bootstrap>", line 219, in _call_with_frames_removed
  File "/opt/airflow/dags/airflow.py", line 85, in <module>
    op_args=[load_data_task.output[0], load_data_task.output[1]],
  File "/home/airflow/.local/lib/python3.7/site-packages/airflow/models/xcom_arg.py", line 236, in __getitem__
    raise ValueError(f"XComArg only supports str lookup, received {type(item).__name__}")
ValueError: XComArg only supports str lookup, received int
[2025-10-19T15:29:22.615+0000] {processor.py:755} WARNING - No viable dags retrieved from /opt/airflow/dags/airflow.py
[2025-10-19T15:29:22.630+0000] {processor.py:175} INFO - Processing /opt/airflow/dags/airflow.py took 0.263 seconds
[2025-10-19T15:29:52.899+0000] {processor.py:153} INFO - Started process (PID=598) to work on /opt/airflow/dags/airflow.py
[2025-10-19T15:29:52.900+0000] {processor.py:743} INFO - Processing file /opt/airflow/dags/airflow.py for tasks to queue
[2025-10-19T15:29:52.901+0000] {logging_mixin.py:137} INFO - [2025-10-19T15:29:52.901+0000] {dagbag.py:538} INFO - Filling up the DagBag from /opt/airflow/dags/airflow.py
[2025-10-19T15:29:53.152+0000] {logging_mixin.py:137} INFO - [2025-10-19T15:29:53.150+0000] {dagbag.py:343} ERROR - Failed to import: /opt/airflow/dags/airflow.py
Traceback (most recent call last):
  File "/home/airflow/.local/lib/python3.7/site-packages/airflow/models/dagbag.py", line 339, in parse
    loader.exec_module(new_module)
  File "<frozen importlib._bootstrap_external>", line 728, in exec_module
  File "<frozen importlib._bootstrap>", line 219, in _call_with_frames_removed
  File "/opt/airflow/dags/airflow.py", line 85, in <module>
    op_args=[load_data_task.output[0], load_data_task.output[1]],
  File "/home/airflow/.local/lib/python3.7/site-packages/airflow/models/xcom_arg.py", line 236, in __getitem__
    raise ValueError(f"XComArg only supports str lookup, received {type(item).__name__}")
ValueError: XComArg only supports str lookup, received int
[2025-10-19T15:29:53.152+0000] {processor.py:755} WARNING - No viable dags retrieved from /opt/airflow/dags/airflow.py
[2025-10-19T15:29:53.165+0000] {processor.py:175} INFO - Processing /opt/airflow/dags/airflow.py took 0.270 seconds
[2025-10-19T15:30:23.401+0000] {processor.py:153} INFO - Started process (PID=653) to work on /opt/airflow/dags/airflow.py
[2025-10-19T15:30:23.401+0000] {processor.py:743} INFO - Processing file /opt/airflow/dags/airflow.py for tasks to queue
[2025-10-19T15:30:23.402+0000] {logging_mixin.py:137} INFO - [2025-10-19T15:30:23.402+0000] {dagbag.py:538} INFO - Filling up the DagBag from /opt/airflow/dags/airflow.py
[2025-10-19T15:30:23.597+0000] {logging_mixin.py:137} INFO - [2025-10-19T15:30:23.596+0000] {dagbag.py:343} ERROR - Failed to import: /opt/airflow/dags/airflow.py
Traceback (most recent call last):
  File "/home/airflow/.local/lib/python3.7/site-packages/airflow/models/dagbag.py", line 339, in parse
    loader.exec_module(new_module)
  File "<frozen importlib._bootstrap_external>", line 728, in exec_module
  File "<frozen importlib._bootstrap>", line 219, in _call_with_frames_removed
  File "/opt/airflow/dags/airflow.py", line 85, in <module>
    op_args=[load_data_task.output[0], load_data_task.output[1]],
  File "/home/airflow/.local/lib/python3.7/site-packages/airflow/models/xcom_arg.py", line 236, in __getitem__
    raise ValueError(f"XComArg only supports str lookup, received {type(item).__name__}")
ValueError: XComArg only supports str lookup, received int
[2025-10-19T15:30:23.598+0000] {processor.py:755} WARNING - No viable dags retrieved from /opt/airflow/dags/airflow.py
[2025-10-19T15:30:23.611+0000] {processor.py:175} INFO - Processing /opt/airflow/dags/airflow.py took 0.213 seconds
[2025-10-19T15:32:17.016+0000] {processor.py:153} INFO - Started process (PID=65) to work on /opt/airflow/dags/airflow.py
[2025-10-19T15:32:17.017+0000] {processor.py:743} INFO - Processing file /opt/airflow/dags/airflow.py for tasks to queue
[2025-10-19T15:32:17.018+0000] {logging_mixin.py:137} INFO - [2025-10-19T15:32:17.017+0000] {dagbag.py:538} INFO - Filling up the DagBag from /opt/airflow/dags/airflow.py
[2025-10-19T15:32:17.293+0000] {processor.py:753} INFO - DAG(s) dict_keys(['iris_training_pipeline']) retrieved from /opt/airflow/dags/airflow.py
[2025-10-19T15:32:17.340+0000] {logging_mixin.py:137} INFO - [2025-10-19T15:32:17.340+0000] {dag.py:2690} INFO - Sync 1 DAGs
[2025-10-19T15:32:17.355+0000] {logging_mixin.py:137} INFO - [2025-10-19T15:32:17.355+0000] {dag.py:3441} INFO - Setting next_dagrun for iris_training_pipeline to None, run_after=None
[2025-10-19T15:32:17.370+0000] {processor.py:175} INFO - Processing /opt/airflow/dags/airflow.py took 0.357 seconds
[2025-10-19T15:32:47.600+0000] {processor.py:153} INFO - Started process (PID=120) to work on /opt/airflow/dags/airflow.py
[2025-10-19T15:32:47.602+0000] {processor.py:743} INFO - Processing file /opt/airflow/dags/airflow.py for tasks to queue
[2025-10-19T15:32:47.602+0000] {logging_mixin.py:137} INFO - [2025-10-19T15:32:47.602+0000] {dagbag.py:538} INFO - Filling up the DagBag from /opt/airflow/dags/airflow.py
[2025-10-19T15:32:47.883+0000] {processor.py:753} INFO - DAG(s) dict_keys(['iris_training_pipeline']) retrieved from /opt/airflow/dags/airflow.py
[2025-10-19T15:32:47.900+0000] {logging_mixin.py:137} INFO - [2025-10-19T15:32:47.900+0000] {dag.py:2690} INFO - Sync 1 DAGs
[2025-10-19T15:32:47.914+0000] {logging_mixin.py:137} INFO - [2025-10-19T15:32:47.914+0000] {dag.py:3441} INFO - Setting next_dagrun for iris_training_pipeline to None, run_after=None
[2025-10-19T15:32:47.923+0000] {processor.py:175} INFO - Processing /opt/airflow/dags/airflow.py took 0.326 seconds
[2025-10-19T15:33:18.172+0000] {processor.py:153} INFO - Started process (PID=157) to work on /opt/airflow/dags/airflow.py
[2025-10-19T15:33:18.174+0000] {processor.py:743} INFO - Processing file /opt/airflow/dags/airflow.py for tasks to queue
[2025-10-19T15:33:18.175+0000] {logging_mixin.py:137} INFO - [2025-10-19T15:33:18.175+0000] {dagbag.py:538} INFO - Filling up the DagBag from /opt/airflow/dags/airflow.py
[2025-10-19T15:33:18.424+0000] {processor.py:753} INFO - DAG(s) dict_keys(['iris_training_pipeline']) retrieved from /opt/airflow/dags/airflow.py
[2025-10-19T15:33:18.440+0000] {logging_mixin.py:137} INFO - [2025-10-19T15:33:18.440+0000] {dag.py:2690} INFO - Sync 1 DAGs
[2025-10-19T15:33:18.454+0000] {logging_mixin.py:137} INFO - [2025-10-19T15:33:18.454+0000] {dag.py:3441} INFO - Setting next_dagrun for iris_training_pipeline to None, run_after=None
[2025-10-19T15:33:18.466+0000] {processor.py:175} INFO - Processing /opt/airflow/dags/airflow.py took 0.299 seconds
[2025-10-19T15:33:48.697+0000] {processor.py:153} INFO - Started process (PID=212) to work on /opt/airflow/dags/airflow.py
[2025-10-19T15:33:48.699+0000] {processor.py:743} INFO - Processing file /opt/airflow/dags/airflow.py for tasks to queue
[2025-10-19T15:33:48.701+0000] {logging_mixin.py:137} INFO - [2025-10-19T15:33:48.701+0000] {dagbag.py:538} INFO - Filling up the DagBag from /opt/airflow/dags/airflow.py
[2025-10-19T15:33:48.939+0000] {processor.py:753} INFO - DAG(s) dict_keys(['iris_training_pipeline']) retrieved from /opt/airflow/dags/airflow.py
[2025-10-19T15:33:48.960+0000] {logging_mixin.py:137} INFO - [2025-10-19T15:33:48.960+0000] {dag.py:2690} INFO - Sync 1 DAGs
[2025-10-19T15:33:48.981+0000] {logging_mixin.py:137} INFO - [2025-10-19T15:33:48.981+0000] {dag.py:3441} INFO - Setting next_dagrun for iris_training_pipeline to None, run_after=None
[2025-10-19T15:33:48.992+0000] {processor.py:175} INFO - Processing /opt/airflow/dags/airflow.py took 0.302 seconds
[2025-10-19T15:34:19.222+0000] {processor.py:153} INFO - Started process (PID=268) to work on /opt/airflow/dags/airflow.py
[2025-10-19T15:34:19.224+0000] {processor.py:743} INFO - Processing file /opt/airflow/dags/airflow.py for tasks to queue
[2025-10-19T15:34:19.224+0000] {logging_mixin.py:137} INFO - [2025-10-19T15:34:19.224+0000] {dagbag.py:538} INFO - Filling up the DagBag from /opt/airflow/dags/airflow.py
[2025-10-19T15:34:19.544+0000] {processor.py:753} INFO - DAG(s) dict_keys(['iris_training_pipeline']) retrieved from /opt/airflow/dags/airflow.py
[2025-10-19T15:34:19.562+0000] {logging_mixin.py:137} INFO - [2025-10-19T15:34:19.562+0000] {dag.py:2690} INFO - Sync 1 DAGs
[2025-10-19T15:34:19.580+0000] {logging_mixin.py:137} INFO - [2025-10-19T15:34:19.580+0000] {dag.py:3441} INFO - Setting next_dagrun for iris_training_pipeline to None, run_after=None
[2025-10-19T15:34:19.591+0000] {processor.py:175} INFO - Processing /opt/airflow/dags/airflow.py took 0.377 seconds
[2025-10-19T15:34:49.817+0000] {processor.py:153} INFO - Started process (PID=305) to work on /opt/airflow/dags/airflow.py
[2025-10-19T15:34:49.818+0000] {processor.py:743} INFO - Processing file /opt/airflow/dags/airflow.py for tasks to queue
[2025-10-19T15:34:49.818+0000] {logging_mixin.py:137} INFO - [2025-10-19T15:34:49.818+0000] {dagbag.py:538} INFO - Filling up the DagBag from /opt/airflow/dags/airflow.py
[2025-10-19T15:34:50.048+0000] {processor.py:753} INFO - DAG(s) dict_keys(['iris_training_pipeline']) retrieved from /opt/airflow/dags/airflow.py
[2025-10-19T15:34:50.068+0000] {logging_mixin.py:137} INFO - [2025-10-19T15:34:50.067+0000] {dag.py:2690} INFO - Sync 1 DAGs
[2025-10-19T15:34:50.085+0000] {logging_mixin.py:137} INFO - [2025-10-19T15:34:50.085+0000] {dag.py:3441} INFO - Setting next_dagrun for iris_training_pipeline to None, run_after=None
[2025-10-19T15:34:50.097+0000] {processor.py:175} INFO - Processing /opt/airflow/dags/airflow.py took 0.283 seconds
[2025-10-19T15:35:20.329+0000] {processor.py:153} INFO - Started process (PID=360) to work on /opt/airflow/dags/airflow.py
[2025-10-19T15:35:20.331+0000] {processor.py:743} INFO - Processing file /opt/airflow/dags/airflow.py for tasks to queue
[2025-10-19T15:35:20.332+0000] {logging_mixin.py:137} INFO - [2025-10-19T15:35:20.332+0000] {dagbag.py:538} INFO - Filling up the DagBag from /opt/airflow/dags/airflow.py
[2025-10-19T15:35:20.554+0000] {processor.py:753} INFO - DAG(s) dict_keys(['iris_training_pipeline']) retrieved from /opt/airflow/dags/airflow.py
[2025-10-19T15:35:20.569+0000] {logging_mixin.py:137} INFO - [2025-10-19T15:35:20.569+0000] {dag.py:2690} INFO - Sync 1 DAGs
[2025-10-19T15:35:20.583+0000] {logging_mixin.py:137} INFO - [2025-10-19T15:35:20.583+0000] {dag.py:3441} INFO - Setting next_dagrun for iris_training_pipeline to None, run_after=None
[2025-10-19T15:35:20.592+0000] {processor.py:175} INFO - Processing /opt/airflow/dags/airflow.py took 0.270 seconds
[2025-10-19T15:35:50.817+0000] {processor.py:153} INFO - Started process (PID=415) to work on /opt/airflow/dags/airflow.py
[2025-10-19T15:35:50.818+0000] {processor.py:743} INFO - Processing file /opt/airflow/dags/airflow.py for tasks to queue
[2025-10-19T15:35:50.819+0000] {logging_mixin.py:137} INFO - [2025-10-19T15:35:50.819+0000] {dagbag.py:538} INFO - Filling up the DagBag from /opt/airflow/dags/airflow.py
[2025-10-19T15:35:51.054+0000] {processor.py:753} INFO - DAG(s) dict_keys(['iris_training_pipeline']) retrieved from /opt/airflow/dags/airflow.py
[2025-10-19T15:35:51.070+0000] {logging_mixin.py:137} INFO - [2025-10-19T15:35:51.070+0000] {dag.py:2690} INFO - Sync 1 DAGs
[2025-10-19T15:35:51.085+0000] {logging_mixin.py:137} INFO - [2025-10-19T15:35:51.085+0000] {dag.py:3441} INFO - Setting next_dagrun for iris_training_pipeline to None, run_after=None
[2025-10-19T15:35:51.094+0000] {processor.py:175} INFO - Processing /opt/airflow/dags/airflow.py took 0.283 seconds
[2025-10-19T15:36:21.342+0000] {processor.py:153} INFO - Started process (PID=452) to work on /opt/airflow/dags/airflow.py
[2025-10-19T15:36:21.344+0000] {processor.py:743} INFO - Processing file /opt/airflow/dags/airflow.py for tasks to queue
[2025-10-19T15:36:21.345+0000] {logging_mixin.py:137} INFO - [2025-10-19T15:36:21.345+0000] {dagbag.py:538} INFO - Filling up the DagBag from /opt/airflow/dags/airflow.py
[2025-10-19T15:36:21.569+0000] {processor.py:753} INFO - DAG(s) dict_keys(['iris_training_pipeline']) retrieved from /opt/airflow/dags/airflow.py
[2025-10-19T15:36:21.586+0000] {logging_mixin.py:137} INFO - [2025-10-19T15:36:21.586+0000] {dag.py:2690} INFO - Sync 1 DAGs
[2025-10-19T15:36:21.602+0000] {logging_mixin.py:137} INFO - [2025-10-19T15:36:21.602+0000] {dag.py:3441} INFO - Setting next_dagrun for iris_training_pipeline to None, run_after=None
[2025-10-19T15:36:21.614+0000] {processor.py:175} INFO - Processing /opt/airflow/dags/airflow.py took 0.275 seconds
[2025-10-19T15:36:51.815+0000] {processor.py:153} INFO - Started process (PID=507) to work on /opt/airflow/dags/airflow.py
[2025-10-19T15:36:51.817+0000] {processor.py:743} INFO - Processing file /opt/airflow/dags/airflow.py for tasks to queue
[2025-10-19T15:36:51.818+0000] {logging_mixin.py:137} INFO - [2025-10-19T15:36:51.818+0000] {dagbag.py:538} INFO - Filling up the DagBag from /opt/airflow/dags/airflow.py
[2025-10-19T15:36:52.093+0000] {processor.py:753} INFO - DAG(s) dict_keys(['iris_training_pipeline']) retrieved from /opt/airflow/dags/airflow.py
[2025-10-19T15:36:52.117+0000] {logging_mixin.py:137} INFO - [2025-10-19T15:36:52.116+0000] {dag.py:2690} INFO - Sync 1 DAGs
[2025-10-19T15:36:52.133+0000] {logging_mixin.py:137} INFO - [2025-10-19T15:36:52.133+0000] {dag.py:3441} INFO - Setting next_dagrun for iris_training_pipeline to None, run_after=None
[2025-10-19T15:36:52.146+0000] {processor.py:175} INFO - Processing /opt/airflow/dags/airflow.py took 0.337 seconds
[2025-10-19T15:37:22.385+0000] {processor.py:153} INFO - Started process (PID=562) to work on /opt/airflow/dags/airflow.py
[2025-10-19T15:37:22.386+0000] {processor.py:743} INFO - Processing file /opt/airflow/dags/airflow.py for tasks to queue
[2025-10-19T15:37:22.387+0000] {logging_mixin.py:137} INFO - [2025-10-19T15:37:22.387+0000] {dagbag.py:538} INFO - Filling up the DagBag from /opt/airflow/dags/airflow.py
[2025-10-19T15:37:22.613+0000] {processor.py:753} INFO - DAG(s) dict_keys(['iris_training_pipeline']) retrieved from /opt/airflow/dags/airflow.py
[2025-10-19T15:37:22.629+0000] {logging_mixin.py:137} INFO - [2025-10-19T15:37:22.629+0000] {dag.py:2690} INFO - Sync 1 DAGs
[2025-10-19T15:37:22.644+0000] {logging_mixin.py:137} INFO - [2025-10-19T15:37:22.643+0000] {dag.py:3441} INFO - Setting next_dagrun for iris_training_pipeline to None, run_after=None
[2025-10-19T15:37:22.655+0000] {processor.py:175} INFO - Processing /opt/airflow/dags/airflow.py took 0.273 seconds
[2025-10-19T15:37:52.804+0000] {processor.py:153} INFO - Started process (PID=599) to work on /opt/airflow/dags/airflow.py
[2025-10-19T15:37:52.805+0000] {processor.py:743} INFO - Processing file /opt/airflow/dags/airflow.py for tasks to queue
[2025-10-19T15:37:52.805+0000] {logging_mixin.py:137} INFO - [2025-10-19T15:37:52.805+0000] {dagbag.py:538} INFO - Filling up the DagBag from /opt/airflow/dags/airflow.py
[2025-10-19T15:37:53.028+0000] {processor.py:753} INFO - DAG(s) dict_keys(['iris_training_pipeline']) retrieved from /opt/airflow/dags/airflow.py
[2025-10-19T15:37:53.045+0000] {logging_mixin.py:137} INFO - [2025-10-19T15:37:53.045+0000] {dag.py:2690} INFO - Sync 1 DAGs
[2025-10-19T15:37:53.061+0000] {logging_mixin.py:137} INFO - [2025-10-19T15:37:53.061+0000] {dag.py:3441} INFO - Setting next_dagrun for iris_training_pipeline to None, run_after=None
[2025-10-19T15:37:53.073+0000] {processor.py:175} INFO - Processing /opt/airflow/dags/airflow.py took 0.273 seconds
[2025-10-19T15:38:23.275+0000] {processor.py:153} INFO - Started process (PID=654) to work on /opt/airflow/dags/airflow.py
[2025-10-19T15:38:23.276+0000] {processor.py:743} INFO - Processing file /opt/airflow/dags/airflow.py for tasks to queue
[2025-10-19T15:38:23.277+0000] {logging_mixin.py:137} INFO - [2025-10-19T15:38:23.277+0000] {dagbag.py:538} INFO - Filling up the DagBag from /opt/airflow/dags/airflow.py
[2025-10-19T15:38:23.514+0000] {processor.py:753} INFO - DAG(s) dict_keys(['iris_training_pipeline']) retrieved from /opt/airflow/dags/airflow.py
[2025-10-19T15:38:23.531+0000] {logging_mixin.py:137} INFO - [2025-10-19T15:38:23.531+0000] {dag.py:2690} INFO - Sync 1 DAGs
[2025-10-19T15:38:23.547+0000] {logging_mixin.py:137} INFO - [2025-10-19T15:38:23.546+0000] {dag.py:3441} INFO - Setting next_dagrun for iris_training_pipeline to None, run_after=None
[2025-10-19T15:38:23.556+0000] {processor.py:175} INFO - Processing /opt/airflow/dags/airflow.py took 0.286 seconds
[2025-10-19T15:38:53.767+0000] {processor.py:153} INFO - Started process (PID=709) to work on /opt/airflow/dags/airflow.py
[2025-10-19T15:38:53.770+0000] {processor.py:743} INFO - Processing file /opt/airflow/dags/airflow.py for tasks to queue
[2025-10-19T15:38:53.771+0000] {logging_mixin.py:137} INFO - [2025-10-19T15:38:53.771+0000] {dagbag.py:538} INFO - Filling up the DagBag from /opt/airflow/dags/airflow.py
[2025-10-19T15:38:54.015+0000] {processor.py:753} INFO - DAG(s) dict_keys(['iris_training_pipeline']) retrieved from /opt/airflow/dags/airflow.py
[2025-10-19T15:38:54.032+0000] {logging_mixin.py:137} INFO - [2025-10-19T15:38:54.032+0000] {dag.py:2690} INFO - Sync 1 DAGs
[2025-10-19T15:38:54.047+0000] {logging_mixin.py:137} INFO - [2025-10-19T15:38:54.047+0000] {dag.py:3441} INFO - Setting next_dagrun for iris_training_pipeline to None, run_after=None
[2025-10-19T15:38:54.057+0000] {processor.py:175} INFO - Processing /opt/airflow/dags/airflow.py took 0.295 seconds
[2025-10-19T15:39:24.296+0000] {processor.py:153} INFO - Started process (PID=746) to work on /opt/airflow/dags/airflow.py
[2025-10-19T15:39:24.297+0000] {processor.py:743} INFO - Processing file /opt/airflow/dags/airflow.py for tasks to queue
[2025-10-19T15:39:24.299+0000] {logging_mixin.py:137} INFO - [2025-10-19T15:39:24.298+0000] {dagbag.py:538} INFO - Filling up the DagBag from /opt/airflow/dags/airflow.py
[2025-10-19T15:39:24.673+0000] {processor.py:753} INFO - DAG(s) dict_keys(['iris_training_pipeline']) retrieved from /opt/airflow/dags/airflow.py
[2025-10-19T15:39:24.720+0000] {logging_mixin.py:137} INFO - [2025-10-19T15:39:24.720+0000] {dag.py:2690} INFO - Sync 1 DAGs
[2025-10-19T15:39:24.744+0000] {logging_mixin.py:137} INFO - [2025-10-19T15:39:24.744+0000] {dag.py:3441} INFO - Setting next_dagrun for iris_training_pipeline to None, run_after=None
[2025-10-19T15:39:24.761+0000] {processor.py:175} INFO - Processing /opt/airflow/dags/airflow.py took 0.469 seconds
[2025-10-19T15:39:55.048+0000] {processor.py:153} INFO - Started process (PID=801) to work on /opt/airflow/dags/airflow.py
[2025-10-19T15:39:55.051+0000] {processor.py:743} INFO - Processing file /opt/airflow/dags/airflow.py for tasks to queue
[2025-10-19T15:39:55.052+0000] {logging_mixin.py:137} INFO - [2025-10-19T15:39:55.052+0000] {dagbag.py:538} INFO - Filling up the DagBag from /opt/airflow/dags/airflow.py
[2025-10-19T15:39:55.566+0000] {processor.py:753} INFO - DAG(s) dict_keys(['iris_training_pipeline']) retrieved from /opt/airflow/dags/airflow.py
[2025-10-19T15:39:55.590+0000] {logging_mixin.py:137} INFO - [2025-10-19T15:39:55.590+0000] {dag.py:2690} INFO - Sync 1 DAGs
[2025-10-19T15:39:55.614+0000] {logging_mixin.py:137} INFO - [2025-10-19T15:39:55.614+0000] {dag.py:3441} INFO - Setting next_dagrun for iris_training_pipeline to None, run_after=None
[2025-10-19T15:39:55.632+0000] {processor.py:175} INFO - Processing /opt/airflow/dags/airflow.py took 0.592 seconds
[2025-10-19T15:40:25.785+0000] {processor.py:153} INFO - Started process (PID=856) to work on /opt/airflow/dags/airflow.py
[2025-10-19T15:40:25.786+0000] {processor.py:743} INFO - Processing file /opt/airflow/dags/airflow.py for tasks to queue
[2025-10-19T15:40:25.786+0000] {logging_mixin.py:137} INFO - [2025-10-19T15:40:25.786+0000] {dagbag.py:538} INFO - Filling up the DagBag from /opt/airflow/dags/airflow.py
[2025-10-19T15:40:26.088+0000] {processor.py:753} INFO - DAG(s) dict_keys(['iris_training_pipeline']) retrieved from /opt/airflow/dags/airflow.py
[2025-10-19T15:40:26.113+0000] {logging_mixin.py:137} INFO - [2025-10-19T15:40:26.113+0000] {dag.py:2690} INFO - Sync 1 DAGs
[2025-10-19T15:40:26.143+0000] {logging_mixin.py:137} INFO - [2025-10-19T15:40:26.143+0000] {dag.py:3441} INFO - Setting next_dagrun for iris_training_pipeline to None, run_after=None
[2025-10-19T15:40:26.160+0000] {processor.py:175} INFO - Processing /opt/airflow/dags/airflow.py took 0.379 seconds
[2025-10-19T15:40:56.492+0000] {processor.py:153} INFO - Started process (PID=893) to work on /opt/airflow/dags/airflow.py
[2025-10-19T15:40:56.494+0000] {processor.py:743} INFO - Processing file /opt/airflow/dags/airflow.py for tasks to queue
[2025-10-19T15:40:56.494+0000] {logging_mixin.py:137} INFO - [2025-10-19T15:40:56.494+0000] {dagbag.py:538} INFO - Filling up the DagBag from /opt/airflow/dags/airflow.py
[2025-10-19T15:40:56.749+0000] {processor.py:753} INFO - DAG(s) dict_keys(['iris_training_pipeline']) retrieved from /opt/airflow/dags/airflow.py
[2025-10-19T15:40:56.770+0000] {logging_mixin.py:137} INFO - [2025-10-19T15:40:56.770+0000] {dag.py:2690} INFO - Sync 1 DAGs
[2025-10-19T15:40:56.786+0000] {logging_mixin.py:137} INFO - [2025-10-19T15:40:56.786+0000] {dag.py:3441} INFO - Setting next_dagrun for iris_training_pipeline to None, run_after=None
[2025-10-19T15:40:56.799+0000] {processor.py:175} INFO - Processing /opt/airflow/dags/airflow.py took 0.311 seconds
[2025-10-19T15:41:27.049+0000] {processor.py:153} INFO - Started process (PID=948) to work on /opt/airflow/dags/airflow.py
[2025-10-19T15:41:27.050+0000] {processor.py:743} INFO - Processing file /opt/airflow/dags/airflow.py for tasks to queue
[2025-10-19T15:41:27.051+0000] {logging_mixin.py:137} INFO - [2025-10-19T15:41:27.051+0000] {dagbag.py:538} INFO - Filling up the DagBag from /opt/airflow/dags/airflow.py
[2025-10-19T15:41:27.297+0000] {processor.py:753} INFO - DAG(s) dict_keys(['iris_training_pipeline']) retrieved from /opt/airflow/dags/airflow.py
[2025-10-19T15:41:27.335+0000] {logging_mixin.py:137} INFO - [2025-10-19T15:41:27.335+0000] {dag.py:2690} INFO - Sync 1 DAGs
[2025-10-19T15:41:27.342+0000] {logging_mixin.py:137} INFO - [2025-10-19T15:41:27.342+0000] {dag.py:2711} INFO - Creating ORM DAG for iris_training_pipeline
[2025-10-19T15:41:27.348+0000] {logging_mixin.py:137} INFO - [2025-10-19T15:41:27.348+0000] {dag.py:3441} INFO - Setting next_dagrun for iris_training_pipeline to None, run_after=None
[2025-10-19T15:41:27.359+0000] {processor.py:175} INFO - Processing /opt/airflow/dags/airflow.py took 0.314 seconds
[2025-10-19T15:41:57.552+0000] {processor.py:153} INFO - Started process (PID=1003) to work on /opt/airflow/dags/airflow.py
[2025-10-19T15:41:57.554+0000] {processor.py:743} INFO - Processing file /opt/airflow/dags/airflow.py for tasks to queue
[2025-10-19T15:41:57.555+0000] {logging_mixin.py:137} INFO - [2025-10-19T15:41:57.555+0000] {dagbag.py:538} INFO - Filling up the DagBag from /opt/airflow/dags/airflow.py
[2025-10-19T15:41:57.801+0000] {processor.py:753} INFO - DAG(s) dict_keys(['iris_training_pipeline']) retrieved from /opt/airflow/dags/airflow.py
[2025-10-19T15:41:57.823+0000] {logging_mixin.py:137} INFO - [2025-10-19T15:41:57.823+0000] {dag.py:2690} INFO - Sync 1 DAGs
[2025-10-19T15:41:57.839+0000] {logging_mixin.py:137} INFO - [2025-10-19T15:41:57.839+0000] {dag.py:3441} INFO - Setting next_dagrun for iris_training_pipeline to None, run_after=None
[2025-10-19T15:41:57.852+0000] {processor.py:175} INFO - Processing /opt/airflow/dags/airflow.py took 0.304 seconds
[2025-10-19T15:44:43.544+0000] {processor.py:153} INFO - Started process (PID=83) to work on /opt/airflow/dags/airflow.py
[2025-10-19T15:44:43.545+0000] {processor.py:743} INFO - Processing file /opt/airflow/dags/airflow.py for tasks to queue
[2025-10-19T15:44:43.546+0000] {logging_mixin.py:137} INFO - [2025-10-19T15:44:43.546+0000] {dagbag.py:538} INFO - Filling up the DagBag from /opt/airflow/dags/airflow.py
[2025-10-19T15:44:43.589+0000] {processor.py:753} INFO - DAG(s) dict_keys(['iris_training_pipeline']) retrieved from /opt/airflow/dags/airflow.py
[2025-10-19T15:44:43.648+0000] {logging_mixin.py:137} INFO - [2025-10-19T15:44:43.648+0000] {dag.py:2690} INFO - Sync 1 DAGs
[2025-10-19T15:44:43.665+0000] {logging_mixin.py:137} INFO - [2025-10-19T15:44:43.665+0000] {dag.py:3441} INFO - Setting next_dagrun for iris_training_pipeline to None, run_after=None
[2025-10-19T15:44:43.683+0000] {processor.py:175} INFO - Processing /opt/airflow/dags/airflow.py took 0.141 seconds
[2025-10-19T15:45:13.790+0000] {processor.py:153} INFO - Started process (PID=129) to work on /opt/airflow/dags/airflow.py
[2025-10-19T15:45:13.792+0000] {processor.py:743} INFO - Processing file /opt/airflow/dags/airflow.py for tasks to queue
[2025-10-19T15:45:13.792+0000] {logging_mixin.py:137} INFO - [2025-10-19T15:45:13.792+0000] {dagbag.py:538} INFO - Filling up the DagBag from /opt/airflow/dags/airflow.py
[2025-10-19T15:45:13.832+0000] {processor.py:753} INFO - DAG(s) dict_keys(['iris_training_pipeline']) retrieved from /opt/airflow/dags/airflow.py
[2025-10-19T15:45:13.868+0000] {logging_mixin.py:137} INFO - [2025-10-19T15:45:13.868+0000] {dag.py:2690} INFO - Sync 1 DAGs
[2025-10-19T15:45:13.914+0000] {logging_mixin.py:137} INFO - [2025-10-19T15:45:13.914+0000] {dag.py:3441} INFO - Setting next_dagrun for iris_training_pipeline to None, run_after=None
[2025-10-19T15:45:13.935+0000] {processor.py:175} INFO - Processing /opt/airflow/dags/airflow.py took 0.151 seconds
[2025-10-19T15:45:44.286+0000] {processor.py:153} INFO - Started process (PID=175) to work on /opt/airflow/dags/airflow.py
[2025-10-19T15:45:44.287+0000] {processor.py:743} INFO - Processing file /opt/airflow/dags/airflow.py for tasks to queue
[2025-10-19T15:45:44.288+0000] {logging_mixin.py:137} INFO - [2025-10-19T15:45:44.288+0000] {dagbag.py:538} INFO - Filling up the DagBag from /opt/airflow/dags/airflow.py
[2025-10-19T15:45:44.310+0000] {processor.py:753} INFO - DAG(s) dict_keys(['iris_training_pipeline']) retrieved from /opt/airflow/dags/airflow.py
[2025-10-19T15:45:44.332+0000] {logging_mixin.py:137} INFO - [2025-10-19T15:45:44.332+0000] {dag.py:2690} INFO - Sync 1 DAGs
[2025-10-19T15:45:44.346+0000] {logging_mixin.py:137} INFO - [2025-10-19T15:45:44.346+0000] {dag.py:3441} INFO - Setting next_dagrun for iris_training_pipeline to None, run_after=None
[2025-10-19T15:45:44.355+0000] {processor.py:175} INFO - Processing /opt/airflow/dags/airflow.py took 0.073 seconds
[2025-10-19T15:46:14.504+0000] {processor.py:153} INFO - Started process (PID=230) to work on /opt/airflow/dags/airflow.py
[2025-10-19T15:46:14.505+0000] {processor.py:743} INFO - Processing file /opt/airflow/dags/airflow.py for tasks to queue
[2025-10-19T15:46:14.506+0000] {logging_mixin.py:137} INFO - [2025-10-19T15:46:14.505+0000] {dagbag.py:538} INFO - Filling up the DagBag from /opt/airflow/dags/airflow.py
[2025-10-19T15:46:14.530+0000] {processor.py:753} INFO - DAG(s) dict_keys(['iris_training_pipeline']) retrieved from /opt/airflow/dags/airflow.py
[2025-10-19T15:46:14.553+0000] {logging_mixin.py:137} INFO - [2025-10-19T15:46:14.553+0000] {dag.py:2690} INFO - Sync 1 DAGs
[2025-10-19T15:46:14.570+0000] {logging_mixin.py:137} INFO - [2025-10-19T15:46:14.570+0000] {dag.py:3441} INFO - Setting next_dagrun for iris_training_pipeline to None, run_after=None
[2025-10-19T15:46:14.580+0000] {processor.py:175} INFO - Processing /opt/airflow/dags/airflow.py took 0.082 seconds
[2025-10-19T15:46:44.755+0000] {processor.py:153} INFO - Started process (PID=267) to work on /opt/airflow/dags/airflow.py
[2025-10-19T15:46:44.758+0000] {processor.py:743} INFO - Processing file /opt/airflow/dags/airflow.py for tasks to queue
[2025-10-19T15:46:44.759+0000] {logging_mixin.py:137} INFO - [2025-10-19T15:46:44.759+0000] {dagbag.py:538} INFO - Filling up the DagBag from /opt/airflow/dags/airflow.py
[2025-10-19T15:46:44.781+0000] {processor.py:753} INFO - DAG(s) dict_keys(['iris_training_pipeline']) retrieved from /opt/airflow/dags/airflow.py
[2025-10-19T15:46:44.802+0000] {logging_mixin.py:137} INFO - [2025-10-19T15:46:44.802+0000] {dag.py:2690} INFO - Sync 1 DAGs
[2025-10-19T15:46:44.821+0000] {logging_mixin.py:137} INFO - [2025-10-19T15:46:44.821+0000] {dag.py:3441} INFO - Setting next_dagrun for iris_training_pipeline to None, run_after=None
[2025-10-19T15:46:44.836+0000] {processor.py:175} INFO - Processing /opt/airflow/dags/airflow.py took 0.085 seconds
[2025-10-19T15:47:14.955+0000] {processor.py:153} INFO - Started process (PID=322) to work on /opt/airflow/dags/airflow.py
[2025-10-19T15:47:14.956+0000] {processor.py:743} INFO - Processing file /opt/airflow/dags/airflow.py for tasks to queue
[2025-10-19T15:47:14.956+0000] {logging_mixin.py:137} INFO - [2025-10-19T15:47:14.956+0000] {dagbag.py:538} INFO - Filling up the DagBag from /opt/airflow/dags/airflow.py
[2025-10-19T15:47:14.976+0000] {processor.py:753} INFO - DAG(s) dict_keys(['iris_training_pipeline']) retrieved from /opt/airflow/dags/airflow.py
[2025-10-19T15:47:14.995+0000] {logging_mixin.py:137} INFO - [2025-10-19T15:47:14.995+0000] {dag.py:2690} INFO - Sync 1 DAGs
[2025-10-19T15:47:15.009+0000] {logging_mixin.py:137} INFO - [2025-10-19T15:47:15.009+0000] {dag.py:3441} INFO - Setting next_dagrun for iris_training_pipeline to None, run_after=None
[2025-10-19T15:47:15.019+0000] {processor.py:175} INFO - Processing /opt/airflow/dags/airflow.py took 0.068 seconds
[2025-10-19T15:47:45.194+0000] {processor.py:153} INFO - Started process (PID=377) to work on /opt/airflow/dags/airflow.py
[2025-10-19T15:47:45.195+0000] {processor.py:743} INFO - Processing file /opt/airflow/dags/airflow.py for tasks to queue
[2025-10-19T15:47:45.195+0000] {logging_mixin.py:137} INFO - [2025-10-19T15:47:45.195+0000] {dagbag.py:538} INFO - Filling up the DagBag from /opt/airflow/dags/airflow.py
[2025-10-19T15:47:45.213+0000] {processor.py:753} INFO - DAG(s) dict_keys(['iris_training_pipeline']) retrieved from /opt/airflow/dags/airflow.py
[2025-10-19T15:47:45.231+0000] {logging_mixin.py:137} INFO - [2025-10-19T15:47:45.231+0000] {dag.py:2690} INFO - Sync 1 DAGs
[2025-10-19T15:47:45.246+0000] {logging_mixin.py:137} INFO - [2025-10-19T15:47:45.245+0000] {dag.py:3441} INFO - Setting next_dagrun for iris_training_pipeline to None, run_after=None
[2025-10-19T15:47:45.257+0000] {processor.py:175} INFO - Processing /opt/airflow/dags/airflow.py took 0.066 seconds
[2025-10-19T15:48:15.429+0000] {processor.py:153} INFO - Started process (PID=414) to work on /opt/airflow/dags/airflow.py
[2025-10-19T15:48:15.430+0000] {processor.py:743} INFO - Processing file /opt/airflow/dags/airflow.py for tasks to queue
[2025-10-19T15:48:15.430+0000] {logging_mixin.py:137} INFO - [2025-10-19T15:48:15.430+0000] {dagbag.py:538} INFO - Filling up the DagBag from /opt/airflow/dags/airflow.py
[2025-10-19T15:48:15.448+0000] {processor.py:753} INFO - DAG(s) dict_keys(['iris_training_pipeline']) retrieved from /opt/airflow/dags/airflow.py
[2025-10-19T15:48:15.468+0000] {logging_mixin.py:137} INFO - [2025-10-19T15:48:15.468+0000] {dag.py:2690} INFO - Sync 1 DAGs
[2025-10-19T15:48:15.483+0000] {logging_mixin.py:137} INFO - [2025-10-19T15:48:15.483+0000] {dag.py:3441} INFO - Setting next_dagrun for iris_training_pipeline to None, run_after=None
[2025-10-19T15:48:15.494+0000] {processor.py:175} INFO - Processing /opt/airflow/dags/airflow.py took 0.069 seconds
[2025-10-19T15:48:45.688+0000] {processor.py:153} INFO - Started process (PID=469) to work on /opt/airflow/dags/airflow.py
[2025-10-19T15:48:45.689+0000] {processor.py:743} INFO - Processing file /opt/airflow/dags/airflow.py for tasks to queue
[2025-10-19T15:48:45.690+0000] {logging_mixin.py:137} INFO - [2025-10-19T15:48:45.690+0000] {dagbag.py:538} INFO - Filling up the DagBag from /opt/airflow/dags/airflow.py
[2025-10-19T15:48:45.712+0000] {processor.py:753} INFO - DAG(s) dict_keys(['iris_training_pipeline']) retrieved from /opt/airflow/dags/airflow.py
[2025-10-19T15:48:45.739+0000] {logging_mixin.py:137} INFO - [2025-10-19T15:48:45.739+0000] {dag.py:2690} INFO - Sync 1 DAGs
[2025-10-19T15:48:45.755+0000] {logging_mixin.py:137} INFO - [2025-10-19T15:48:45.755+0000] {dag.py:3441} INFO - Setting next_dagrun for iris_training_pipeline to None, run_after=None
[2025-10-19T15:48:45.769+0000] {processor.py:175} INFO - Processing /opt/airflow/dags/airflow.py took 0.085 seconds
[2025-10-19T15:49:15.935+0000] {processor.py:153} INFO - Started process (PID=524) to work on /opt/airflow/dags/airflow.py
[2025-10-19T15:49:15.936+0000] {processor.py:743} INFO - Processing file /opt/airflow/dags/airflow.py for tasks to queue
[2025-10-19T15:49:15.937+0000] {logging_mixin.py:137} INFO - [2025-10-19T15:49:15.937+0000] {dagbag.py:538} INFO - Filling up the DagBag from /opt/airflow/dags/airflow.py
[2025-10-19T15:49:15.957+0000] {processor.py:753} INFO - DAG(s) dict_keys(['iris_training_pipeline']) retrieved from /opt/airflow/dags/airflow.py
[2025-10-19T15:49:15.980+0000] {logging_mixin.py:137} INFO - [2025-10-19T15:49:15.980+0000] {dag.py:2690} INFO - Sync 1 DAGs
[2025-10-19T15:49:15.996+0000] {logging_mixin.py:137} INFO - [2025-10-19T15:49:15.996+0000] {dag.py:3441} INFO - Setting next_dagrun for iris_training_pipeline to None, run_after=None
[2025-10-19T15:49:16.008+0000] {processor.py:175} INFO - Processing /opt/airflow/dags/airflow.py took 0.079 seconds
[2025-10-19T15:49:46.233+0000] {processor.py:153} INFO - Started process (PID=561) to work on /opt/airflow/dags/airflow.py
[2025-10-19T15:49:46.235+0000] {processor.py:743} INFO - Processing file /opt/airflow/dags/airflow.py for tasks to queue
[2025-10-19T15:49:46.236+0000] {logging_mixin.py:137} INFO - [2025-10-19T15:49:46.236+0000] {dagbag.py:538} INFO - Filling up the DagBag from /opt/airflow/dags/airflow.py
[2025-10-19T15:49:46.274+0000] {processor.py:753} INFO - DAG(s) dict_keys(['iris_training_pipeline']) retrieved from /opt/airflow/dags/airflow.py
[2025-10-19T15:49:46.292+0000] {logging_mixin.py:137} INFO - [2025-10-19T15:49:46.292+0000] {dag.py:2690} INFO - Sync 1 DAGs
[2025-10-19T15:49:46.306+0000] {logging_mixin.py:137} INFO - [2025-10-19T15:49:46.306+0000] {dag.py:3441} INFO - Setting next_dagrun for iris_training_pipeline to None, run_after=None
[2025-10-19T15:49:46.318+0000] {processor.py:175} INFO - Processing /opt/airflow/dags/airflow.py took 0.091 seconds
[2025-10-19T15:56:25.878+0000] {processor.py:153} INFO - Started process (PID=83) to work on /opt/airflow/dags/airflow.py
[2025-10-19T15:56:25.879+0000] {processor.py:743} INFO - Processing file /opt/airflow/dags/airflow.py for tasks to queue
[2025-10-19T15:56:25.880+0000] {logging_mixin.py:137} INFO - [2025-10-19T15:56:25.880+0000] {dagbag.py:538} INFO - Filling up the DagBag from /opt/airflow/dags/airflow.py
[2025-10-19T15:56:25.922+0000] {processor.py:753} INFO - DAG(s) dict_keys(['iris_training_pipeline']) retrieved from /opt/airflow/dags/airflow.py
[2025-10-19T15:56:25.979+0000] {logging_mixin.py:137} INFO - [2025-10-19T15:56:25.979+0000] {dag.py:2690} INFO - Sync 1 DAGs
[2025-10-19T15:56:26.000+0000] {logging_mixin.py:137} INFO - [2025-10-19T15:56:26.000+0000] {dag.py:3441} INFO - Setting next_dagrun for iris_training_pipeline to None, run_after=None
[2025-10-19T15:56:26.022+0000] {processor.py:175} INFO - Processing /opt/airflow/dags/airflow.py took 0.147 seconds
[2025-10-19T15:56:56.157+0000] {processor.py:153} INFO - Started process (PID=147) to work on /opt/airflow/dags/airflow.py
[2025-10-19T15:56:56.158+0000] {processor.py:743} INFO - Processing file /opt/airflow/dags/airflow.py for tasks to queue
[2025-10-19T15:56:56.159+0000] {logging_mixin.py:137} INFO - [2025-10-19T15:56:56.158+0000] {dagbag.py:538} INFO - Filling up the DagBag from /opt/airflow/dags/airflow.py
[2025-10-19T15:56:56.179+0000] {processor.py:753} INFO - DAG(s) dict_keys(['iris_training_pipeline']) retrieved from /opt/airflow/dags/airflow.py
[2025-10-19T15:56:56.198+0000] {logging_mixin.py:137} INFO - [2025-10-19T15:56:56.198+0000] {dag.py:2690} INFO - Sync 1 DAGs
[2025-10-19T15:56:56.213+0000] {logging_mixin.py:137} INFO - [2025-10-19T15:56:56.213+0000] {dag.py:3441} INFO - Setting next_dagrun for iris_training_pipeline to None, run_after=None
[2025-10-19T15:56:56.222+0000] {processor.py:175} INFO - Processing /opt/airflow/dags/airflow.py took 0.069 seconds
[2025-10-19T15:57:26.474+0000] {processor.py:153} INFO - Started process (PID=202) to work on /opt/airflow/dags/airflow.py
[2025-10-19T15:57:26.475+0000] {processor.py:743} INFO - Processing file /opt/airflow/dags/airflow.py for tasks to queue
[2025-10-19T15:57:26.476+0000] {logging_mixin.py:137} INFO - [2025-10-19T15:57:26.476+0000] {dagbag.py:538} INFO - Filling up the DagBag from /opt/airflow/dags/airflow.py
[2025-10-19T15:57:26.513+0000] {processor.py:753} INFO - DAG(s) dict_keys(['iris_training_pipeline']) retrieved from /opt/airflow/dags/airflow.py
[2025-10-19T15:57:26.539+0000] {logging_mixin.py:137} INFO - [2025-10-19T15:57:26.538+0000] {dag.py:2690} INFO - Sync 1 DAGs
[2025-10-19T15:57:26.565+0000] {logging_mixin.py:137} INFO - [2025-10-19T15:57:26.565+0000] {dag.py:3441} INFO - Setting next_dagrun for iris_training_pipeline to None, run_after=None
[2025-10-19T15:57:26.586+0000] {processor.py:175} INFO - Processing /opt/airflow/dags/airflow.py took 0.118 seconds
[2025-10-19T15:57:56.774+0000] {processor.py:153} INFO - Started process (PID=239) to work on /opt/airflow/dags/airflow.py
[2025-10-19T15:57:56.776+0000] {processor.py:743} INFO - Processing file /opt/airflow/dags/airflow.py for tasks to queue
[2025-10-19T15:57:56.777+0000] {logging_mixin.py:137} INFO - [2025-10-19T15:57:56.777+0000] {dagbag.py:538} INFO - Filling up the DagBag from /opt/airflow/dags/airflow.py
[2025-10-19T15:57:56.805+0000] {processor.py:753} INFO - DAG(s) dict_keys(['iris_training_pipeline']) retrieved from /opt/airflow/dags/airflow.py
[2025-10-19T15:57:56.826+0000] {logging_mixin.py:137} INFO - [2025-10-19T15:57:56.826+0000] {dag.py:2690} INFO - Sync 1 DAGs
[2025-10-19T15:57:56.843+0000] {logging_mixin.py:137} INFO - [2025-10-19T15:57:56.843+0000] {dag.py:3441} INFO - Setting next_dagrun for iris_training_pipeline to None, run_after=None
[2025-10-19T15:57:56.853+0000] {processor.py:175} INFO - Processing /opt/airflow/dags/airflow.py took 0.085 seconds
[2025-10-19T15:58:27.052+0000] {processor.py:153} INFO - Started process (PID=294) to work on /opt/airflow/dags/airflow.py
[2025-10-19T15:58:27.055+0000] {processor.py:743} INFO - Processing file /opt/airflow/dags/airflow.py for tasks to queue
[2025-10-19T15:58:27.056+0000] {logging_mixin.py:137} INFO - [2025-10-19T15:58:27.056+0000] {dagbag.py:538} INFO - Filling up the DagBag from /opt/airflow/dags/airflow.py
[2025-10-19T15:58:27.078+0000] {processor.py:753} INFO - DAG(s) dict_keys(['iris_training_pipeline']) retrieved from /opt/airflow/dags/airflow.py
[2025-10-19T15:58:27.122+0000] {logging_mixin.py:137} INFO - [2025-10-19T15:58:27.122+0000] {dag.py:2690} INFO - Sync 1 DAGs
[2025-10-19T15:58:27.132+0000] {logging_mixin.py:137} INFO - [2025-10-19T15:58:27.132+0000] {dag.py:2711} INFO - Creating ORM DAG for iris_training_pipeline
[2025-10-19T15:58:27.141+0000] {logging_mixin.py:137} INFO - [2025-10-19T15:58:27.140+0000] {dag.py:3441} INFO - Setting next_dagrun for iris_training_pipeline to None, run_after=None
[2025-10-19T15:58:27.151+0000] {processor.py:175} INFO - Processing /opt/airflow/dags/airflow.py took 0.111 seconds
[2025-10-19T15:58:57.454+0000] {processor.py:153} INFO - Started process (PID=331) to work on /opt/airflow/dags/airflow.py
[2025-10-19T15:58:57.456+0000] {processor.py:743} INFO - Processing file /opt/airflow/dags/airflow.py for tasks to queue
[2025-10-19T15:58:57.458+0000] {logging_mixin.py:137} INFO - [2025-10-19T15:58:57.458+0000] {dagbag.py:538} INFO - Filling up the DagBag from /opt/airflow/dags/airflow.py
[2025-10-19T15:58:57.490+0000] {processor.py:753} INFO - DAG(s) dict_keys(['iris_training_pipeline']) retrieved from /opt/airflow/dags/airflow.py
[2025-10-19T15:58:57.529+0000] {logging_mixin.py:137} INFO - [2025-10-19T15:58:57.529+0000] {dag.py:2690} INFO - Sync 1 DAGs
[2025-10-19T15:58:57.548+0000] {logging_mixin.py:137} INFO - [2025-10-19T15:58:57.548+0000] {dag.py:3441} INFO - Setting next_dagrun for iris_training_pipeline to None, run_after=None
[2025-10-19T15:58:57.560+0000] {processor.py:175} INFO - Processing /opt/airflow/dags/airflow.py took 0.113 seconds
[2025-10-19T15:59:27.702+0000] {processor.py:153} INFO - Started process (PID=386) to work on /opt/airflow/dags/airflow.py
[2025-10-19T15:59:27.703+0000] {processor.py:743} INFO - Processing file /opt/airflow/dags/airflow.py for tasks to queue
[2025-10-19T15:59:27.704+0000] {logging_mixin.py:137} INFO - [2025-10-19T15:59:27.704+0000] {dagbag.py:538} INFO - Filling up the DagBag from /opt/airflow/dags/airflow.py
[2025-10-19T15:59:27.726+0000] {processor.py:753} INFO - DAG(s) dict_keys(['iris_training_pipeline']) retrieved from /opt/airflow/dags/airflow.py
[2025-10-19T15:59:27.753+0000] {logging_mixin.py:137} INFO - [2025-10-19T15:59:27.753+0000] {dag.py:2690} INFO - Sync 1 DAGs
[2025-10-19T15:59:27.770+0000] {logging_mixin.py:137} INFO - [2025-10-19T15:59:27.770+0000] {dag.py:3441} INFO - Setting next_dagrun for iris_training_pipeline to None, run_after=None
[2025-10-19T15:59:27.783+0000] {processor.py:175} INFO - Processing /opt/airflow/dags/airflow.py took 0.085 seconds
[2025-10-19T15:59:58.055+0000] {processor.py:153} INFO - Started process (PID=441) to work on /opt/airflow/dags/airflow.py
[2025-10-19T15:59:58.056+0000] {processor.py:743} INFO - Processing file /opt/airflow/dags/airflow.py for tasks to queue
[2025-10-19T15:59:58.057+0000] {logging_mixin.py:137} INFO - [2025-10-19T15:59:58.057+0000] {dagbag.py:538} INFO - Filling up the DagBag from /opt/airflow/dags/airflow.py
[2025-10-19T15:59:58.078+0000] {processor.py:753} INFO - DAG(s) dict_keys(['iris_training_pipeline']) retrieved from /opt/airflow/dags/airflow.py
[2025-10-19T15:59:58.098+0000] {logging_mixin.py:137} INFO - [2025-10-19T15:59:58.098+0000] {dag.py:2690} INFO - Sync 1 DAGs
[2025-10-19T15:59:58.114+0000] {logging_mixin.py:137} INFO - [2025-10-19T15:59:58.114+0000] {dag.py:3441} INFO - Setting next_dagrun for iris_training_pipeline to None, run_after=None
[2025-10-19T15:59:58.124+0000] {processor.py:175} INFO - Processing /opt/airflow/dags/airflow.py took 0.075 seconds
[2025-10-19T16:00:28.350+0000] {processor.py:153} INFO - Started process (PID=478) to work on /opt/airflow/dags/airflow.py
[2025-10-19T16:00:28.351+0000] {processor.py:743} INFO - Processing file /opt/airflow/dags/airflow.py for tasks to queue
[2025-10-19T16:00:28.352+0000] {logging_mixin.py:137} INFO - [2025-10-19T16:00:28.352+0000] {dagbag.py:538} INFO - Filling up the DagBag from /opt/airflow/dags/airflow.py
[2025-10-19T16:00:28.371+0000] {processor.py:753} INFO - DAG(s) dict_keys(['iris_training_pipeline']) retrieved from /opt/airflow/dags/airflow.py
[2025-10-19T16:00:28.389+0000] {logging_mixin.py:137} INFO - [2025-10-19T16:00:28.389+0000] {dag.py:2690} INFO - Sync 1 DAGs
[2025-10-19T16:00:28.404+0000] {logging_mixin.py:137} INFO - [2025-10-19T16:00:28.404+0000] {dag.py:3441} INFO - Setting next_dagrun for iris_training_pipeline to None, run_after=None
[2025-10-19T16:00:28.413+0000] {processor.py:175} INFO - Processing /opt/airflow/dags/airflow.py took 0.067 seconds
[2025-10-19T16:00:58.625+0000] {processor.py:153} INFO - Started process (PID=533) to work on /opt/airflow/dags/airflow.py
[2025-10-19T16:00:58.626+0000] {processor.py:743} INFO - Processing file /opt/airflow/dags/airflow.py for tasks to queue
[2025-10-19T16:00:58.627+0000] {logging_mixin.py:137} INFO - [2025-10-19T16:00:58.627+0000] {dagbag.py:538} INFO - Filling up the DagBag from /opt/airflow/dags/airflow.py
[2025-10-19T16:00:58.640+0000] {processor.py:753} INFO - DAG(s) dict_keys(['iris_training_pipeline']) retrieved from /opt/airflow/dags/airflow.py
[2025-10-19T16:00:58.657+0000] {logging_mixin.py:137} INFO - [2025-10-19T16:00:58.657+0000] {dag.py:2690} INFO - Sync 1 DAGs
[2025-10-19T16:00:58.672+0000] {logging_mixin.py:137} INFO - [2025-10-19T16:00:58.672+0000] {dag.py:3441} INFO - Setting next_dagrun for iris_training_pipeline to None, run_after=None
[2025-10-19T16:00:58.682+0000] {processor.py:175} INFO - Processing /opt/airflow/dags/airflow.py took 0.061 seconds
[2025-10-19T16:01:28.875+0000] {processor.py:153} INFO - Started process (PID=588) to work on /opt/airflow/dags/airflow.py
[2025-10-19T16:01:28.876+0000] {processor.py:743} INFO - Processing file /opt/airflow/dags/airflow.py for tasks to queue
[2025-10-19T16:01:28.877+0000] {logging_mixin.py:137} INFO - [2025-10-19T16:01:28.877+0000] {dagbag.py:538} INFO - Filling up the DagBag from /opt/airflow/dags/airflow.py
[2025-10-19T16:01:28.907+0000] {processor.py:753} INFO - DAG(s) dict_keys(['iris_training_pipeline']) retrieved from /opt/airflow/dags/airflow.py
[2025-10-19T16:01:28.923+0000] {logging_mixin.py:137} INFO - [2025-10-19T16:01:28.923+0000] {dag.py:2690} INFO - Sync 1 DAGs
[2025-10-19T16:01:28.936+0000] {logging_mixin.py:137} INFO - [2025-10-19T16:01:28.936+0000] {dag.py:3441} INFO - Setting next_dagrun for iris_training_pipeline to None, run_after=None
[2025-10-19T16:01:28.944+0000] {processor.py:175} INFO - Processing /opt/airflow/dags/airflow.py took 0.075 seconds
[2025-10-19T16:18:20.537+0000] {processor.py:153} INFO - Started process (PID=82) to work on /opt/airflow/dags/airflow.py
[2025-10-19T16:18:20.539+0000] {processor.py:743} INFO - Processing file /opt/airflow/dags/airflow.py for tasks to queue
[2025-10-19T16:18:20.543+0000] {logging_mixin.py:137} INFO - [2025-10-19T16:18:20.543+0000] {dagbag.py:538} INFO - Filling up the DagBag from /opt/airflow/dags/airflow.py
[2025-10-19T16:18:21.610+0000] {processor.py:753} INFO - DAG(s) dict_keys(['iris_training_pipeline']) retrieved from /opt/airflow/dags/airflow.py
[2025-10-19T16:18:21.692+0000] {logging_mixin.py:137} INFO - [2025-10-19T16:18:21.692+0000] {dag.py:2690} INFO - Sync 1 DAGs
[2025-10-19T16:18:21.720+0000] {logging_mixin.py:137} INFO - [2025-10-19T16:18:21.720+0000] {dag.py:3441} INFO - Setting next_dagrun for iris_training_pipeline to None, run_after=None
[2025-10-19T16:18:21.746+0000] {processor.py:175} INFO - Processing /opt/airflow/dags/airflow.py took 1.216 seconds
[2025-10-19T16:18:51.846+0000] {processor.py:153} INFO - Started process (PID=137) to work on /opt/airflow/dags/airflow.py
[2025-10-19T16:18:51.847+0000] {processor.py:743} INFO - Processing file /opt/airflow/dags/airflow.py for tasks to queue
[2025-10-19T16:18:51.848+0000] {logging_mixin.py:137} INFO - [2025-10-19T16:18:51.848+0000] {dagbag.py:538} INFO - Filling up the DagBag from /opt/airflow/dags/airflow.py
[2025-10-19T16:18:52.095+0000] {processor.py:753} INFO - DAG(s) dict_keys(['iris_training_pipeline']) retrieved from /opt/airflow/dags/airflow.py
[2025-10-19T16:18:52.116+0000] {logging_mixin.py:137} INFO - [2025-10-19T16:18:52.115+0000] {dag.py:2690} INFO - Sync 1 DAGs
[2025-10-19T16:18:52.130+0000] {logging_mixin.py:137} INFO - [2025-10-19T16:18:52.130+0000] {dag.py:3441} INFO - Setting next_dagrun for iris_training_pipeline to None, run_after=None
[2025-10-19T16:18:52.140+0000] {processor.py:175} INFO - Processing /opt/airflow/dags/airflow.py took 0.297 seconds
[2025-10-19T16:22:49.720+0000] {processor.py:153} INFO - Started process (PID=83) to work on /opt/airflow/dags/airflow.py
[2025-10-19T16:22:49.721+0000] {processor.py:743} INFO - Processing file /opt/airflow/dags/airflow.py for tasks to queue
[2025-10-19T16:22:49.724+0000] {logging_mixin.py:137} INFO - [2025-10-19T16:22:49.724+0000] {dagbag.py:538} INFO - Filling up the DagBag from /opt/airflow/dags/airflow.py
[2025-10-19T16:22:50.102+0000] {processor.py:753} INFO - DAG(s) dict_keys(['iris_training_pipeline']) retrieved from /opt/airflow/dags/airflow.py
[2025-10-19T16:22:50.185+0000] {logging_mixin.py:137} INFO - [2025-10-19T16:22:50.185+0000] {dag.py:2690} INFO - Sync 1 DAGs
[2025-10-19T16:22:50.204+0000] {logging_mixin.py:137} INFO - [2025-10-19T16:22:50.204+0000] {dag.py:3441} INFO - Setting next_dagrun for iris_training_pipeline to None, run_after=None
[2025-10-19T16:22:50.256+0000] {processor.py:175} INFO - Processing /opt/airflow/dags/airflow.py took 0.537 seconds
[2025-10-19T16:23:20.547+0000] {processor.py:153} INFO - Started process (PID=120) to work on /opt/airflow/dags/airflow.py
[2025-10-19T16:23:20.549+0000] {processor.py:743} INFO - Processing file /opt/airflow/dags/airflow.py for tasks to queue
[2025-10-19T16:23:20.550+0000] {logging_mixin.py:137} INFO - [2025-10-19T16:23:20.550+0000] {dagbag.py:538} INFO - Filling up the DagBag from /opt/airflow/dags/airflow.py
[2025-10-19T16:23:20.963+0000] {processor.py:753} INFO - DAG(s) dict_keys(['iris_training_pipeline']) retrieved from /opt/airflow/dags/airflow.py
[2025-10-19T16:23:20.998+0000] {logging_mixin.py:137} INFO - [2025-10-19T16:23:20.998+0000] {dag.py:2690} INFO - Sync 1 DAGs
[2025-10-19T16:23:21.032+0000] {logging_mixin.py:137} INFO - [2025-10-19T16:23:21.032+0000] {dag.py:3441} INFO - Setting next_dagrun for iris_training_pipeline to None, run_after=None
[2025-10-19T16:23:21.047+0000] {processor.py:175} INFO - Processing /opt/airflow/dags/airflow.py took 0.509 seconds
[2025-10-19T16:23:51.258+0000] {processor.py:153} INFO - Started process (PID=176) to work on /opt/airflow/dags/airflow.py
[2025-10-19T16:23:51.260+0000] {processor.py:743} INFO - Processing file /opt/airflow/dags/airflow.py for tasks to queue
[2025-10-19T16:23:51.261+0000] {logging_mixin.py:137} INFO - [2025-10-19T16:23:51.261+0000] {dagbag.py:538} INFO - Filling up the DagBag from /opt/airflow/dags/airflow.py
[2025-10-19T16:23:51.527+0000] {processor.py:753} INFO - DAG(s) dict_keys(['iris_training_pipeline']) retrieved from /opt/airflow/dags/airflow.py
[2025-10-19T16:23:51.544+0000] {logging_mixin.py:137} INFO - [2025-10-19T16:23:51.544+0000] {dag.py:2690} INFO - Sync 1 DAGs
[2025-10-19T16:23:51.557+0000] {logging_mixin.py:137} INFO - [2025-10-19T16:23:51.557+0000] {dag.py:3441} INFO - Setting next_dagrun for iris_training_pipeline to None, run_after=None
[2025-10-19T16:23:51.567+0000] {processor.py:175} INFO - Processing /opt/airflow/dags/airflow.py took 0.315 seconds
[2025-10-19T16:24:21.816+0000] {processor.py:153} INFO - Started process (PID=231) to work on /opt/airflow/dags/airflow.py
[2025-10-19T16:24:21.818+0000] {processor.py:743} INFO - Processing file /opt/airflow/dags/airflow.py for tasks to queue
[2025-10-19T16:24:21.819+0000] {logging_mixin.py:137} INFO - [2025-10-19T16:24:21.819+0000] {dagbag.py:538} INFO - Filling up the DagBag from /opt/airflow/dags/airflow.py
[2025-10-19T16:24:22.073+0000] {processor.py:753} INFO - DAG(s) dict_keys(['iris_training_pipeline']) retrieved from /opt/airflow/dags/airflow.py
[2025-10-19T16:24:22.089+0000] {logging_mixin.py:137} INFO - [2025-10-19T16:24:22.089+0000] {dag.py:2690} INFO - Sync 1 DAGs
[2025-10-19T16:24:22.105+0000] {logging_mixin.py:137} INFO - [2025-10-19T16:24:22.105+0000] {dag.py:3441} INFO - Setting next_dagrun for iris_training_pipeline to None, run_after=None
[2025-10-19T16:24:22.117+0000] {processor.py:175} INFO - Processing /opt/airflow/dags/airflow.py took 0.305 seconds
[2025-10-19T16:24:52.315+0000] {processor.py:153} INFO - Started process (PID=268) to work on /opt/airflow/dags/airflow.py
[2025-10-19T16:24:52.317+0000] {processor.py:743} INFO - Processing file /opt/airflow/dags/airflow.py for tasks to queue
[2025-10-19T16:24:52.317+0000] {logging_mixin.py:137} INFO - [2025-10-19T16:24:52.317+0000] {dagbag.py:538} INFO - Filling up the DagBag from /opt/airflow/dags/airflow.py
[2025-10-19T16:24:52.559+0000] {processor.py:753} INFO - DAG(s) dict_keys(['iris_training_pipeline']) retrieved from /opt/airflow/dags/airflow.py
[2025-10-19T16:24:52.576+0000] {logging_mixin.py:137} INFO - [2025-10-19T16:24:52.576+0000] {dag.py:2690} INFO - Sync 1 DAGs
[2025-10-19T16:24:52.592+0000] {logging_mixin.py:137} INFO - [2025-10-19T16:24:52.592+0000] {dag.py:3441} INFO - Setting next_dagrun for iris_training_pipeline to None, run_after=None
[2025-10-19T16:24:52.603+0000] {processor.py:175} INFO - Processing /opt/airflow/dags/airflow.py took 0.292 seconds
[2025-10-19T16:25:22.856+0000] {processor.py:153} INFO - Started process (PID=323) to work on /opt/airflow/dags/airflow.py
[2025-10-19T16:25:22.859+0000] {processor.py:743} INFO - Processing file /opt/airflow/dags/airflow.py for tasks to queue
[2025-10-19T16:25:22.860+0000] {logging_mixin.py:137} INFO - [2025-10-19T16:25:22.860+0000] {dagbag.py:538} INFO - Filling up the DagBag from /opt/airflow/dags/airflow.py
[2025-10-19T16:25:23.106+0000] {processor.py:753} INFO - DAG(s) dict_keys(['iris_training_pipeline']) retrieved from /opt/airflow/dags/airflow.py
[2025-10-19T16:25:23.122+0000] {logging_mixin.py:137} INFO - [2025-10-19T16:25:23.122+0000] {dag.py:2690} INFO - Sync 1 DAGs
[2025-10-19T16:25:23.136+0000] {logging_mixin.py:137} INFO - [2025-10-19T16:25:23.136+0000] {dag.py:3441} INFO - Setting next_dagrun for iris_training_pipeline to None, run_after=None
[2025-10-19T16:25:23.146+0000] {processor.py:175} INFO - Processing /opt/airflow/dags/airflow.py took 0.297 seconds
[2025-10-19T16:25:53.357+0000] {processor.py:153} INFO - Started process (PID=378) to work on /opt/airflow/dags/airflow.py
[2025-10-19T16:25:53.359+0000] {processor.py:743} INFO - Processing file /opt/airflow/dags/airflow.py for tasks to queue
[2025-10-19T16:25:53.360+0000] {logging_mixin.py:137} INFO - [2025-10-19T16:25:53.359+0000] {dagbag.py:538} INFO - Filling up the DagBag from /opt/airflow/dags/airflow.py
[2025-10-19T16:25:53.732+0000] {processor.py:753} INFO - DAG(s) dict_keys(['iris_training_pipeline']) retrieved from /opt/airflow/dags/airflow.py
[2025-10-19T16:25:53.770+0000] {logging_mixin.py:137} INFO - [2025-10-19T16:25:53.770+0000] {dag.py:2690} INFO - Sync 1 DAGs
[2025-10-19T16:25:53.794+0000] {logging_mixin.py:137} INFO - [2025-10-19T16:25:53.793+0000] {dag.py:3441} INFO - Setting next_dagrun for iris_training_pipeline to None, run_after=None
[2025-10-19T16:25:53.813+0000] {processor.py:175} INFO - Processing /opt/airflow/dags/airflow.py took 0.461 seconds
[2025-10-19T16:26:24.065+0000] {processor.py:153} INFO - Started process (PID=414) to work on /opt/airflow/dags/airflow.py
[2025-10-19T16:26:24.067+0000] {processor.py:743} INFO - Processing file /opt/airflow/dags/airflow.py for tasks to queue
[2025-10-19T16:26:24.067+0000] {logging_mixin.py:137} INFO - [2025-10-19T16:26:24.067+0000] {dagbag.py:538} INFO - Filling up the DagBag from /opt/airflow/dags/airflow.py
[2025-10-19T16:26:24.284+0000] {processor.py:753} INFO - DAG(s) dict_keys(['iris_training_pipeline']) retrieved from /opt/airflow/dags/airflow.py
[2025-10-19T16:26:24.300+0000] {logging_mixin.py:137} INFO - [2025-10-19T16:26:24.300+0000] {dag.py:2690} INFO - Sync 1 DAGs
[2025-10-19T16:26:24.314+0000] {logging_mixin.py:137} INFO - [2025-10-19T16:26:24.314+0000] {dag.py:3441} INFO - Setting next_dagrun for iris_training_pipeline to None, run_after=None
[2025-10-19T16:26:24.324+0000] {processor.py:175} INFO - Processing /opt/airflow/dags/airflow.py took 0.262 seconds
[2025-10-19T16:26:54.627+0000] {processor.py:153} INFO - Started process (PID=469) to work on /opt/airflow/dags/airflow.py
[2025-10-19T16:26:54.629+0000] {processor.py:743} INFO - Processing file /opt/airflow/dags/airflow.py for tasks to queue
[2025-10-19T16:26:54.630+0000] {logging_mixin.py:137} INFO - [2025-10-19T16:26:54.630+0000] {dagbag.py:538} INFO - Filling up the DagBag from /opt/airflow/dags/airflow.py
[2025-10-19T16:26:54.884+0000] {processor.py:753} INFO - DAG(s) dict_keys(['iris_training_pipeline']) retrieved from /opt/airflow/dags/airflow.py
[2025-10-19T16:26:54.904+0000] {logging_mixin.py:137} INFO - [2025-10-19T16:26:54.904+0000] {dag.py:2690} INFO - Sync 1 DAGs
[2025-10-19T16:26:54.920+0000] {logging_mixin.py:137} INFO - [2025-10-19T16:26:54.920+0000] {dag.py:3441} INFO - Setting next_dagrun for iris_training_pipeline to None, run_after=None
[2025-10-19T16:26:54.931+0000] {processor.py:175} INFO - Processing /opt/airflow/dags/airflow.py took 0.309 seconds
[2025-10-19T16:27:25.185+0000] {processor.py:153} INFO - Started process (PID=524) to work on /opt/airflow/dags/airflow.py
[2025-10-19T16:27:25.186+0000] {processor.py:743} INFO - Processing file /opt/airflow/dags/airflow.py for tasks to queue
[2025-10-19T16:27:25.188+0000] {logging_mixin.py:137} INFO - [2025-10-19T16:27:25.188+0000] {dagbag.py:538} INFO - Filling up the DagBag from /opt/airflow/dags/airflow.py
[2025-10-19T16:27:25.415+0000] {processor.py:753} INFO - DAG(s) dict_keys(['iris_training_pipeline']) retrieved from /opt/airflow/dags/airflow.py
[2025-10-19T16:27:25.438+0000] {logging_mixin.py:137} INFO - [2025-10-19T16:27:25.438+0000] {dag.py:2690} INFO - Sync 1 DAGs
[2025-10-19T16:27:25.453+0000] {logging_mixin.py:137} INFO - [2025-10-19T16:27:25.453+0000] {dag.py:3441} INFO - Setting next_dagrun for iris_training_pipeline to None, run_after=None
[2025-10-19T16:27:25.464+0000] {processor.py:175} INFO - Processing /opt/airflow/dags/airflow.py took 0.283 seconds
[2025-10-19T16:27:55.683+0000] {processor.py:153} INFO - Started process (PID=561) to work on /opt/airflow/dags/airflow.py
[2025-10-19T16:27:55.685+0000] {processor.py:743} INFO - Processing file /opt/airflow/dags/airflow.py for tasks to queue
[2025-10-19T16:27:55.685+0000] {logging_mixin.py:137} INFO - [2025-10-19T16:27:55.685+0000] {dagbag.py:538} INFO - Filling up the DagBag from /opt/airflow/dags/airflow.py
[2025-10-19T16:27:56.025+0000] {processor.py:753} INFO - DAG(s) dict_keys(['iris_training_pipeline']) retrieved from /opt/airflow/dags/airflow.py
[2025-10-19T16:27:56.043+0000] {logging_mixin.py:137} INFO - [2025-10-19T16:27:56.043+0000] {dag.py:2690} INFO - Sync 1 DAGs
[2025-10-19T16:27:56.059+0000] {logging_mixin.py:137} INFO - [2025-10-19T16:27:56.059+0000] {dag.py:3441} INFO - Setting next_dagrun for iris_training_pipeline to None, run_after=None
[2025-10-19T16:27:56.072+0000] {processor.py:175} INFO - Processing /opt/airflow/dags/airflow.py took 0.393 seconds
[2025-10-19T16:28:26.350+0000] {processor.py:153} INFO - Started process (PID=616) to work on /opt/airflow/dags/airflow.py
[2025-10-19T16:28:26.352+0000] {processor.py:743} INFO - Processing file /opt/airflow/dags/airflow.py for tasks to queue
[2025-10-19T16:28:26.352+0000] {logging_mixin.py:137} INFO - [2025-10-19T16:28:26.352+0000] {dagbag.py:538} INFO - Filling up the DagBag from /opt/airflow/dags/airflow.py
[2025-10-19T16:28:26.795+0000] {processor.py:753} INFO - DAG(s) dict_keys(['iris_training_pipeline']) retrieved from /opt/airflow/dags/airflow.py
[2025-10-19T16:28:26.829+0000] {logging_mixin.py:137} INFO - [2025-10-19T16:28:26.829+0000] {dag.py:2690} INFO - Sync 1 DAGs
[2025-10-19T16:28:26.849+0000] {logging_mixin.py:137} INFO - [2025-10-19T16:28:26.849+0000] {dag.py:3441} INFO - Setting next_dagrun for iris_training_pipeline to None, run_after=None
[2025-10-19T16:28:26.864+0000] {processor.py:175} INFO - Processing /opt/airflow/dags/airflow.py took 0.518 seconds
[2025-10-19T16:28:57.117+0000] {processor.py:153} INFO - Started process (PID=671) to work on /opt/airflow/dags/airflow.py
[2025-10-19T16:28:57.119+0000] {processor.py:743} INFO - Processing file /opt/airflow/dags/airflow.py for tasks to queue
[2025-10-19T16:28:57.120+0000] {logging_mixin.py:137} INFO - [2025-10-19T16:28:57.120+0000] {dagbag.py:538} INFO - Filling up the DagBag from /opt/airflow/dags/airflow.py
[2025-10-19T16:28:57.432+0000] {processor.py:753} INFO - DAG(s) dict_keys(['iris_training_pipeline']) retrieved from /opt/airflow/dags/airflow.py
[2025-10-19T16:28:57.451+0000] {logging_mixin.py:137} INFO - [2025-10-19T16:28:57.451+0000] {dag.py:2690} INFO - Sync 1 DAGs
[2025-10-19T16:28:57.471+0000] {logging_mixin.py:137} INFO - [2025-10-19T16:28:57.471+0000] {dag.py:3441} INFO - Setting next_dagrun for iris_training_pipeline to None, run_after=None
[2025-10-19T16:28:57.484+0000] {processor.py:175} INFO - Processing /opt/airflow/dags/airflow.py took 0.371 seconds
[2025-10-19T16:29:27.684+0000] {processor.py:153} INFO - Started process (PID=708) to work on /opt/airflow/dags/airflow.py
[2025-10-19T16:29:27.684+0000] {processor.py:743} INFO - Processing file /opt/airflow/dags/airflow.py for tasks to queue
[2025-10-19T16:29:27.685+0000] {logging_mixin.py:137} INFO - [2025-10-19T16:29:27.685+0000] {dagbag.py:538} INFO - Filling up the DagBag from /opt/airflow/dags/airflow.py
[2025-10-19T16:29:27.891+0000] {processor.py:753} INFO - DAG(s) dict_keys(['iris_training_pipeline']) retrieved from /opt/airflow/dags/airflow.py
[2025-10-19T16:29:27.909+0000] {logging_mixin.py:137} INFO - [2025-10-19T16:29:27.909+0000] {dag.py:2690} INFO - Sync 1 DAGs
[2025-10-19T16:29:27.925+0000] {logging_mixin.py:137} INFO - [2025-10-19T16:29:27.925+0000] {dag.py:3441} INFO - Setting next_dagrun for iris_training_pipeline to None, run_after=None
[2025-10-19T16:29:27.936+0000] {processor.py:175} INFO - Processing /opt/airflow/dags/airflow.py took 0.255 seconds
[2025-10-19T16:29:58.134+0000] {processor.py:153} INFO - Started process (PID=763) to work on /opt/airflow/dags/airflow.py
[2025-10-19T16:29:58.135+0000] {processor.py:743} INFO - Processing file /opt/airflow/dags/airflow.py for tasks to queue
[2025-10-19T16:29:58.136+0000] {logging_mixin.py:137} INFO - [2025-10-19T16:29:58.136+0000] {dagbag.py:538} INFO - Filling up the DagBag from /opt/airflow/dags/airflow.py
[2025-10-19T16:29:58.374+0000] {processor.py:753} INFO - DAG(s) dict_keys(['iris_training_pipeline']) retrieved from /opt/airflow/dags/airflow.py
[2025-10-19T16:29:58.390+0000] {logging_mixin.py:137} INFO - [2025-10-19T16:29:58.390+0000] {dag.py:2690} INFO - Sync 1 DAGs
[2025-10-19T16:29:58.403+0000] {logging_mixin.py:137} INFO - [2025-10-19T16:29:58.403+0000] {dag.py:3441} INFO - Setting next_dagrun for iris_training_pipeline to None, run_after=None
[2025-10-19T16:29:58.413+0000] {processor.py:175} INFO - Processing /opt/airflow/dags/airflow.py took 0.283 seconds
[2025-10-19T16:30:28.607+0000] {processor.py:153} INFO - Started process (PID=809) to work on /opt/airflow/dags/airflow.py
[2025-10-19T16:30:28.608+0000] {processor.py:743} INFO - Processing file /opt/airflow/dags/airflow.py for tasks to queue
[2025-10-19T16:30:28.609+0000] {logging_mixin.py:137} INFO - [2025-10-19T16:30:28.609+0000] {dagbag.py:538} INFO - Filling up the DagBag from /opt/airflow/dags/airflow.py
[2025-10-19T16:30:28.938+0000] {processor.py:753} INFO - DAG(s) dict_keys(['iris_training_pipeline']) retrieved from /opt/airflow/dags/airflow.py
[2025-10-19T16:30:28.971+0000] {logging_mixin.py:137} INFO - [2025-10-19T16:30:28.971+0000] {dag.py:2690} INFO - Sync 1 DAGs
[2025-10-19T16:30:28.992+0000] {logging_mixin.py:137} INFO - [2025-10-19T16:30:28.992+0000] {dag.py:3441} INFO - Setting next_dagrun for iris_training_pipeline to None, run_after=None
[2025-10-19T16:30:29.007+0000] {processor.py:175} INFO - Processing /opt/airflow/dags/airflow.py took 0.406 seconds
[2025-10-19T16:30:59.256+0000] {processor.py:153} INFO - Started process (PID=855) to work on /opt/airflow/dags/airflow.py
[2025-10-19T16:30:59.259+0000] {processor.py:743} INFO - Processing file /opt/airflow/dags/airflow.py for tasks to queue
[2025-10-19T16:30:59.260+0000] {logging_mixin.py:137} INFO - [2025-10-19T16:30:59.260+0000] {dagbag.py:538} INFO - Filling up the DagBag from /opt/airflow/dags/airflow.py
[2025-10-19T16:30:59.537+0000] {processor.py:753} INFO - DAG(s) dict_keys(['iris_training_pipeline']) retrieved from /opt/airflow/dags/airflow.py
[2025-10-19T16:30:59.557+0000] {logging_mixin.py:137} INFO - [2025-10-19T16:30:59.557+0000] {dag.py:2690} INFO - Sync 1 DAGs
[2025-10-19T16:30:59.577+0000] {logging_mixin.py:137} INFO - [2025-10-19T16:30:59.577+0000] {dag.py:3441} INFO - Setting next_dagrun for iris_training_pipeline to None, run_after=None
[2025-10-19T16:30:59.590+0000] {processor.py:175} INFO - Processing /opt/airflow/dags/airflow.py took 0.341 seconds
[2025-10-19T16:31:29.841+0000] {processor.py:153} INFO - Started process (PID=910) to work on /opt/airflow/dags/airflow.py
[2025-10-19T16:31:29.843+0000] {processor.py:743} INFO - Processing file /opt/airflow/dags/airflow.py for tasks to queue
[2025-10-19T16:31:29.843+0000] {logging_mixin.py:137} INFO - [2025-10-19T16:31:29.843+0000] {dagbag.py:538} INFO - Filling up the DagBag from /opt/airflow/dags/airflow.py
[2025-10-19T16:31:30.066+0000] {processor.py:753} INFO - DAG(s) dict_keys(['iris_training_pipeline']) retrieved from /opt/airflow/dags/airflow.py
[2025-10-19T16:31:30.083+0000] {logging_mixin.py:137} INFO - [2025-10-19T16:31:30.083+0000] {dag.py:2690} INFO - Sync 1 DAGs
[2025-10-19T16:31:30.096+0000] {logging_mixin.py:137} INFO - [2025-10-19T16:31:30.096+0000] {dag.py:3441} INFO - Setting next_dagrun for iris_training_pipeline to None, run_after=None
[2025-10-19T16:31:30.105+0000] {processor.py:175} INFO - Processing /opt/airflow/dags/airflow.py took 0.269 seconds
[2025-10-19T16:32:00.297+0000] {processor.py:153} INFO - Started process (PID=965) to work on /opt/airflow/dags/airflow.py
[2025-10-19T16:32:00.298+0000] {processor.py:743} INFO - Processing file /opt/airflow/dags/airflow.py for tasks to queue
[2025-10-19T16:32:00.298+0000] {logging_mixin.py:137} INFO - [2025-10-19T16:32:00.298+0000] {dagbag.py:538} INFO - Filling up the DagBag from /opt/airflow/dags/airflow.py
[2025-10-19T16:32:00.497+0000] {processor.py:753} INFO - DAG(s) dict_keys(['iris_training_pipeline']) retrieved from /opt/airflow/dags/airflow.py
[2025-10-19T16:32:00.520+0000] {logging_mixin.py:137} INFO - [2025-10-19T16:32:00.519+0000] {dag.py:2690} INFO - Sync 1 DAGs
[2025-10-19T16:32:00.536+0000] {logging_mixin.py:137} INFO - [2025-10-19T16:32:00.536+0000] {dag.py:3441} INFO - Setting next_dagrun for iris_training_pipeline to None, run_after=None
[2025-10-19T16:32:00.548+0000] {processor.py:175} INFO - Processing /opt/airflow/dags/airflow.py took 0.252 seconds
[2025-10-19T16:32:13.385+0000] {processor.py:153} INFO - Started process (PID=984) to work on /opt/airflow/dags/airflow.py
[2025-10-19T16:32:13.386+0000] {processor.py:743} INFO - Processing file /opt/airflow/dags/airflow.py for tasks to queue
[2025-10-19T16:32:13.387+0000] {logging_mixin.py:137} INFO - [2025-10-19T16:32:13.387+0000] {dagbag.py:538} INFO - Filling up the DagBag from /opt/airflow/dags/airflow.py
[2025-10-19T16:32:13.638+0000] {processor.py:753} INFO - DAG(s) dict_keys(['iris_training_pipeline']) retrieved from /opt/airflow/dags/airflow.py
[2025-10-19T16:32:13.653+0000] {logging_mixin.py:137} INFO - [2025-10-19T16:32:13.653+0000] {dag.py:2690} INFO - Sync 1 DAGs
[2025-10-19T16:32:13.673+0000] {logging_mixin.py:137} INFO - [2025-10-19T16:32:13.673+0000] {dag.py:3441} INFO - Setting next_dagrun for iris_training_pipeline to None, run_after=None
[2025-10-19T16:32:13.686+0000] {processor.py:175} INFO - Processing /opt/airflow/dags/airflow.py took 0.306 seconds
[2025-10-19T16:32:14.643+0000] {processor.py:153} INFO - Started process (PID=985) to work on /opt/airflow/dags/airflow.py
[2025-10-19T16:32:14.644+0000] {processor.py:743} INFO - Processing file /opt/airflow/dags/airflow.py for tasks to queue
[2025-10-19T16:32:14.644+0000] {logging_mixin.py:137} INFO - [2025-10-19T16:32:14.644+0000] {dagbag.py:538} INFO - Filling up the DagBag from /opt/airflow/dags/airflow.py
[2025-10-19T16:32:14.832+0000] {processor.py:753} INFO - DAG(s) dict_keys(['iris_training_pipeline']) retrieved from /opt/airflow/dags/airflow.py
[2025-10-19T16:32:14.846+0000] {logging_mixin.py:137} INFO - [2025-10-19T16:32:14.845+0000] {dag.py:2690} INFO - Sync 1 DAGs
[2025-10-19T16:32:14.859+0000] {logging_mixin.py:137} INFO - [2025-10-19T16:32:14.859+0000] {dag.py:3441} INFO - Setting next_dagrun for iris_training_pipeline to None, run_after=None
[2025-10-19T16:32:14.868+0000] {processor.py:175} INFO - Processing /opt/airflow/dags/airflow.py took 0.229 seconds
[2025-10-19T16:33:17.703+0000] {processor.py:153} INFO - Started process (PID=83) to work on /opt/airflow/dags/airflow.py
[2025-10-19T16:33:17.704+0000] {processor.py:743} INFO - Processing file /opt/airflow/dags/airflow.py for tasks to queue
[2025-10-19T16:33:17.705+0000] {logging_mixin.py:137} INFO - [2025-10-19T16:33:17.705+0000] {dagbag.py:538} INFO - Filling up the DagBag from /opt/airflow/dags/airflow.py
[2025-10-19T16:33:18.062+0000] {processor.py:753} INFO - DAG(s) dict_keys(['iris_training_pipeline']) retrieved from /opt/airflow/dags/airflow.py
[2025-10-19T16:33:18.122+0000] {logging_mixin.py:137} INFO - [2025-10-19T16:33:18.122+0000] {dag.py:2690} INFO - Sync 1 DAGs
[2025-10-19T16:33:18.138+0000] {logging_mixin.py:137} INFO - [2025-10-19T16:33:18.138+0000] {dag.py:3441} INFO - Setting next_dagrun for iris_training_pipeline to None, run_after=None
[2025-10-19T16:33:18.152+0000] {processor.py:175} INFO - Processing /opt/airflow/dags/airflow.py took 0.453 seconds
[2025-10-19T16:33:48.423+0000] {processor.py:153} INFO - Started process (PID=120) to work on /opt/airflow/dags/airflow.py
[2025-10-19T16:33:48.425+0000] {processor.py:743} INFO - Processing file /opt/airflow/dags/airflow.py for tasks to queue
[2025-10-19T16:33:48.426+0000] {logging_mixin.py:137} INFO - [2025-10-19T16:33:48.426+0000] {dagbag.py:538} INFO - Filling up the DagBag from /opt/airflow/dags/airflow.py
[2025-10-19T16:33:48.723+0000] {processor.py:753} INFO - DAG(s) dict_keys(['iris_training_pipeline']) retrieved from /opt/airflow/dags/airflow.py
[2025-10-19T16:33:48.752+0000] {logging_mixin.py:137} INFO - [2025-10-19T16:33:48.752+0000] {dag.py:2690} INFO - Sync 1 DAGs
[2025-10-19T16:33:48.774+0000] {logging_mixin.py:137} INFO - [2025-10-19T16:33:48.773+0000] {dag.py:3441} INFO - Setting next_dagrun for iris_training_pipeline to None, run_after=None
[2025-10-19T16:33:48.789+0000] {processor.py:175} INFO - Processing /opt/airflow/dags/airflow.py took 0.371 seconds
[2025-10-19T16:34:19.071+0000] {processor.py:153} INFO - Started process (PID=175) to work on /opt/airflow/dags/airflow.py
[2025-10-19T16:34:19.073+0000] {processor.py:743} INFO - Processing file /opt/airflow/dags/airflow.py for tasks to queue
[2025-10-19T16:34:19.073+0000] {logging_mixin.py:137} INFO - [2025-10-19T16:34:19.073+0000] {dagbag.py:538} INFO - Filling up the DagBag from /opt/airflow/dags/airflow.py
[2025-10-19T16:34:19.324+0000] {processor.py:753} INFO - DAG(s) dict_keys(['iris_training_pipeline']) retrieved from /opt/airflow/dags/airflow.py
[2025-10-19T16:34:19.342+0000] {logging_mixin.py:137} INFO - [2025-10-19T16:34:19.342+0000] {dag.py:2690} INFO - Sync 1 DAGs
[2025-10-19T16:34:19.359+0000] {logging_mixin.py:137} INFO - [2025-10-19T16:34:19.359+0000] {dag.py:3441} INFO - Setting next_dagrun for iris_training_pipeline to None, run_after=None
[2025-10-19T16:34:19.370+0000] {processor.py:175} INFO - Processing /opt/airflow/dags/airflow.py took 0.305 seconds
[2025-10-19T16:34:49.540+0000] {processor.py:153} INFO - Started process (PID=230) to work on /opt/airflow/dags/airflow.py
[2025-10-19T16:34:49.542+0000] {processor.py:743} INFO - Processing file /opt/airflow/dags/airflow.py for tasks to queue
[2025-10-19T16:34:49.542+0000] {logging_mixin.py:137} INFO - [2025-10-19T16:34:49.542+0000] {dagbag.py:538} INFO - Filling up the DagBag from /opt/airflow/dags/airflow.py
[2025-10-19T16:34:49.794+0000] {processor.py:753} INFO - DAG(s) dict_keys(['iris_training_pipeline']) retrieved from /opt/airflow/dags/airflow.py
[2025-10-19T16:34:49.813+0000] {logging_mixin.py:137} INFO - [2025-10-19T16:34:49.812+0000] {dag.py:2690} INFO - Sync 1 DAGs
[2025-10-19T16:34:49.826+0000] {logging_mixin.py:137} INFO - [2025-10-19T16:34:49.826+0000] {dag.py:3441} INFO - Setting next_dagrun for iris_training_pipeline to None, run_after=None
[2025-10-19T16:34:49.838+0000] {processor.py:175} INFO - Processing /opt/airflow/dags/airflow.py took 0.301 seconds
[2025-10-19T16:35:20.095+0000] {processor.py:153} INFO - Started process (PID=267) to work on /opt/airflow/dags/airflow.py
[2025-10-19T16:35:20.097+0000] {processor.py:743} INFO - Processing file /opt/airflow/dags/airflow.py for tasks to queue
[2025-10-19T16:35:20.098+0000] {logging_mixin.py:137} INFO - [2025-10-19T16:35:20.098+0000] {dagbag.py:538} INFO - Filling up the DagBag from /opt/airflow/dags/airflow.py
[2025-10-19T16:35:20.402+0000] {processor.py:753} INFO - DAG(s) dict_keys(['iris_training_pipeline']) retrieved from /opt/airflow/dags/airflow.py
[2025-10-19T16:35:20.420+0000] {logging_mixin.py:137} INFO - [2025-10-19T16:35:20.420+0000] {dag.py:2690} INFO - Sync 1 DAGs
[2025-10-19T16:35:20.434+0000] {logging_mixin.py:137} INFO - [2025-10-19T16:35:20.434+0000] {dag.py:3441} INFO - Setting next_dagrun for iris_training_pipeline to None, run_after=None
[2025-10-19T16:35:20.444+0000] {processor.py:175} INFO - Processing /opt/airflow/dags/airflow.py took 0.352 seconds
[2025-10-19T16:35:50.702+0000] {processor.py:153} INFO - Started process (PID=322) to work on /opt/airflow/dags/airflow.py
[2025-10-19T16:35:50.703+0000] {processor.py:743} INFO - Processing file /opt/airflow/dags/airflow.py for tasks to queue
[2025-10-19T16:35:50.703+0000] {logging_mixin.py:137} INFO - [2025-10-19T16:35:50.703+0000] {dagbag.py:538} INFO - Filling up the DagBag from /opt/airflow/dags/airflow.py
[2025-10-19T16:35:50.945+0000] {processor.py:753} INFO - DAG(s) dict_keys(['iris_training_pipeline']) retrieved from /opt/airflow/dags/airflow.py
[2025-10-19T16:35:50.962+0000] {logging_mixin.py:137} INFO - [2025-10-19T16:35:50.962+0000] {dag.py:2690} INFO - Sync 1 DAGs
[2025-10-19T16:35:50.976+0000] {logging_mixin.py:137} INFO - [2025-10-19T16:35:50.976+0000] {dag.py:3441} INFO - Setting next_dagrun for iris_training_pipeline to None, run_after=None
[2025-10-19T16:35:50.986+0000] {processor.py:175} INFO - Processing /opt/airflow/dags/airflow.py took 0.287 seconds
[2025-10-19T16:36:21.290+0000] {processor.py:153} INFO - Started process (PID=376) to work on /opt/airflow/dags/airflow.py
[2025-10-19T16:36:21.292+0000] {processor.py:743} INFO - Processing file /opt/airflow/dags/airflow.py for tasks to queue
[2025-10-19T16:36:21.293+0000] {logging_mixin.py:137} INFO - [2025-10-19T16:36:21.293+0000] {dagbag.py:538} INFO - Filling up the DagBag from /opt/airflow/dags/airflow.py
[2025-10-19T16:36:21.556+0000] {processor.py:753} INFO - DAG(s) dict_keys(['iris_training_pipeline']) retrieved from /opt/airflow/dags/airflow.py
[2025-10-19T16:36:21.572+0000] {logging_mixin.py:137} INFO - [2025-10-19T16:36:21.572+0000] {dag.py:2690} INFO - Sync 1 DAGs
[2025-10-19T16:36:21.586+0000] {logging_mixin.py:137} INFO - [2025-10-19T16:36:21.586+0000] {dag.py:3441} INFO - Setting next_dagrun for iris_training_pipeline to None, run_after=None
[2025-10-19T16:36:21.596+0000] {processor.py:175} INFO - Processing /opt/airflow/dags/airflow.py took 0.312 seconds
[2025-10-19T16:46:44.538+0000] {processor.py:153} INFO - Started process (PID=83) to work on /opt/airflow/dags/airflow.py
[2025-10-19T16:46:44.541+0000] {processor.py:743} INFO - Processing file /opt/airflow/dags/airflow.py for tasks to queue
[2025-10-19T16:46:44.542+0000] {logging_mixin.py:137} INFO - [2025-10-19T16:46:44.542+0000] {dagbag.py:538} INFO - Filling up the DagBag from /opt/airflow/dags/airflow.py
[2025-10-19T16:46:44.932+0000] {processor.py:753} INFO - DAG(s) dict_keys(['iris_training_pipeline']) retrieved from /opt/airflow/dags/airflow.py
[2025-10-19T16:46:44.985+0000] {logging_mixin.py:137} INFO - [2025-10-19T16:46:44.985+0000] {dag.py:2690} INFO - Sync 1 DAGs
[2025-10-19T16:46:44.998+0000] {logging_mixin.py:137} INFO - [2025-10-19T16:46:44.998+0000] {dag.py:3441} INFO - Setting next_dagrun for iris_training_pipeline to None, run_after=None
[2025-10-19T16:46:45.015+0000] {processor.py:175} INFO - Processing /opt/airflow/dags/airflow.py took 0.480 seconds
[2025-10-19T16:47:15.239+0000] {processor.py:153} INFO - Started process (PID=120) to work on /opt/airflow/dags/airflow.py
[2025-10-19T16:47:15.240+0000] {processor.py:743} INFO - Processing file /opt/airflow/dags/airflow.py for tasks to queue
[2025-10-19T16:47:15.241+0000] {logging_mixin.py:137} INFO - [2025-10-19T16:47:15.241+0000] {dagbag.py:538} INFO - Filling up the DagBag from /opt/airflow/dags/airflow.py
[2025-10-19T16:47:15.503+0000] {processor.py:753} INFO - DAG(s) dict_keys(['iris_training_pipeline']) retrieved from /opt/airflow/dags/airflow.py
[2025-10-19T16:47:15.524+0000] {logging_mixin.py:137} INFO - [2025-10-19T16:47:15.524+0000] {dag.py:2690} INFO - Sync 1 DAGs
[2025-10-19T16:47:15.555+0000] {logging_mixin.py:137} INFO - [2025-10-19T16:47:15.554+0000] {dag.py:3441} INFO - Setting next_dagrun for iris_training_pipeline to None, run_after=None
[2025-10-19T16:47:15.567+0000] {processor.py:175} INFO - Processing /opt/airflow/dags/airflow.py took 0.332 seconds
[2025-10-19T16:47:45.892+0000] {processor.py:153} INFO - Started process (PID=175) to work on /opt/airflow/dags/airflow.py
[2025-10-19T16:47:45.893+0000] {processor.py:743} INFO - Processing file /opt/airflow/dags/airflow.py for tasks to queue
[2025-10-19T16:47:45.894+0000] {logging_mixin.py:137} INFO - [2025-10-19T16:47:45.894+0000] {dagbag.py:538} INFO - Filling up the DagBag from /opt/airflow/dags/airflow.py
[2025-10-19T16:47:46.137+0000] {processor.py:753} INFO - DAG(s) dict_keys(['iris_training_pipeline']) retrieved from /opt/airflow/dags/airflow.py
[2025-10-19T16:47:46.156+0000] {logging_mixin.py:137} INFO - [2025-10-19T16:47:46.155+0000] {dag.py:2690} INFO - Sync 1 DAGs
[2025-10-19T16:47:46.170+0000] {logging_mixin.py:137} INFO - [2025-10-19T16:47:46.170+0000] {dag.py:3441} INFO - Setting next_dagrun for iris_training_pipeline to None, run_after=None
[2025-10-19T16:47:46.182+0000] {processor.py:175} INFO - Processing /opt/airflow/dags/airflow.py took 0.295 seconds
[2025-10-19T16:48:16.437+0000] {processor.py:153} INFO - Started process (PID=230) to work on /opt/airflow/dags/airflow.py
[2025-10-19T16:48:16.437+0000] {processor.py:743} INFO - Processing file /opt/airflow/dags/airflow.py for tasks to queue
[2025-10-19T16:48:16.438+0000] {logging_mixin.py:137} INFO - [2025-10-19T16:48:16.438+0000] {dagbag.py:538} INFO - Filling up the DagBag from /opt/airflow/dags/airflow.py
[2025-10-19T16:48:16.622+0000] {processor.py:753} INFO - DAG(s) dict_keys(['iris_training_pipeline']) retrieved from /opt/airflow/dags/airflow.py
[2025-10-19T16:48:16.637+0000] {logging_mixin.py:137} INFO - [2025-10-19T16:48:16.637+0000] {dag.py:2690} INFO - Sync 1 DAGs
[2025-10-19T16:48:16.649+0000] {logging_mixin.py:137} INFO - [2025-10-19T16:48:16.649+0000] {dag.py:3441} INFO - Setting next_dagrun for iris_training_pipeline to None, run_after=None
[2025-10-19T16:48:16.658+0000] {processor.py:175} INFO - Processing /opt/airflow/dags/airflow.py took 0.224 seconds
