[2025-10-19T16:23:11.315+0000] {taskinstance.py:1083} INFO - Dependencies all met for <TaskInstance: iris_training_pipeline.preprocess_data manual__2025-10-19T16:23:08.331858+00:00 [queued]>
[2025-10-19T16:23:11.320+0000] {taskinstance.py:1083} INFO - Dependencies all met for <TaskInstance: iris_training_pipeline.preprocess_data manual__2025-10-19T16:23:08.331858+00:00 [queued]>
[2025-10-19T16:23:11.320+0000] {taskinstance.py:1279} INFO - 
--------------------------------------------------------------------------------
[2025-10-19T16:23:11.320+0000] {taskinstance.py:1280} INFO - Starting attempt 1 of 2
[2025-10-19T16:23:11.320+0000] {taskinstance.py:1281} INFO - 
--------------------------------------------------------------------------------
[2025-10-19T16:23:11.327+0000] {taskinstance.py:1300} INFO - Executing <Task(PythonOperator): preprocess_data> on 2025-10-19 16:23:08.331858+00:00
[2025-10-19T16:23:11.331+0000] {standard_task_runner.py:55} INFO - Started process 122 to run task
[2025-10-19T16:23:11.333+0000] {standard_task_runner.py:82} INFO - Running: ['***', 'tasks', 'run', 'iris_training_pipeline', 'preprocess_data', 'manual__2025-10-19T16:23:08.331858+00:00', '--job-id', '266', '--raw', '--subdir', 'DAGS_FOLDER/***.py', '--cfg-path', '/tmp/tmpyutg9avt']
[2025-10-19T16:23:11.334+0000] {standard_task_runner.py:83} INFO - Job 266: Subtask preprocess_data
[2025-10-19T16:23:11.373+0000] {task_command.py:388} INFO - Running <TaskInstance: iris_training_pipeline.preprocess_data manual__2025-10-19T16:23:08.331858+00:00 [running]> on host 0c44ac7f9660
[2025-10-19T16:23:11.420+0000] {taskinstance.py:1509} INFO - Exporting the following env vars:
AIRFLOW_CTX_DAG_OWNER=***
AIRFLOW_CTX_DAG_ID=iris_training_pipeline
AIRFLOW_CTX_TASK_ID=preprocess_data
AIRFLOW_CTX_EXECUTION_DATE=2025-10-19T16:23:08.331858+00:00
AIRFLOW_CTX_TRY_NUMBER=1
AIRFLOW_CTX_DAG_RUN_ID=manual__2025-10-19T16:23:08.331858+00:00
[2025-10-19T16:23:11.421+0000] {logging_mixin.py:137} INFO - [DAG] Preprocessing data...
[2025-10-19T16:23:11.435+0000] {logging_mixin.py:137} INFO - [INFO] Data preprocessed
[2025-10-19T16:23:11.461+0000] {xcom.py:635} ERROR - Object of type StandardScaler is not JSON serializable. If you are using pickle instead of JSON for XCom, then you need to enable pickle support for XCom in your *** config or make sure to decorate your object with attr.
[2025-10-19T16:23:11.462+0000] {taskinstance.py:1768} ERROR - Task failed with exception
Traceback (most recent call last):
  File "/home/airflow/.local/lib/python3.7/site-packages/airflow/operators/python.py", line 175, in execute
    return_value = self.execute_callable()
  File "/home/airflow/.local/lib/python3.7/site-packages/airflow/operators/python.py", line 192, in execute_callable
    return self.python_callable(*self.op_args, **self.op_kwargs)
  File "/opt/airflow/dags/airflow.py", line 88, in preprocess_data_callable
    ti.xcom_push(key='scaler', value=scaler)
  File "/home/airflow/.local/lib/python3.7/site-packages/airflow/utils/session.py", line 75, in wrapper
    return func(*args, session=session, **kwargs)
  File "/home/airflow/.local/lib/python3.7/site-packages/airflow/models/taskinstance.py", line 2297, in xcom_push
    session=session,
  File "/home/airflow/.local/lib/python3.7/site-packages/airflow/utils/session.py", line 72, in wrapper
    return func(*args, **kwargs)
  File "/home/airflow/.local/lib/python3.7/site-packages/airflow/models/xcom.py", line 240, in set
    map_index=map_index,
  File "/home/airflow/.local/lib/python3.7/site-packages/airflow/models/xcom.py", line 627, in serialize_value
    return json.dumps(value, cls=XComEncoder).encode("UTF-8")
  File "/usr/local/lib/python3.7/json/__init__.py", line 238, in dumps
    **kw).encode(obj)
  File "/home/airflow/.local/lib/python3.7/site-packages/airflow/utils/json.py", line 176, in encode
    return super().encode(o)
  File "/usr/local/lib/python3.7/json/encoder.py", line 199, in encode
    chunks = self.iterencode(o, _one_shot=True)
  File "/usr/local/lib/python3.7/json/encoder.py", line 257, in iterencode
    return _iterencode(o, 0)
  File "/home/airflow/.local/lib/python3.7/site-packages/airflow/utils/json.py", line 170, in default
    return super().default(o)
  File "/usr/local/lib/python3.7/json/encoder.py", line 179, in default
    raise TypeError(f'Object of type {o.__class__.__name__} '
TypeError: Object of type StandardScaler is not JSON serializable
[2025-10-19T16:23:11.468+0000] {taskinstance.py:1323} INFO - Marking task as UP_FOR_RETRY. dag_id=iris_training_pipeline, task_id=preprocess_data, execution_date=20251019T162308, start_date=20251019T162311, end_date=20251019T162311
[2025-10-19T16:23:11.475+0000] {standard_task_runner.py:105} ERROR - Failed to execute job 266 for task preprocess_data (Object of type StandardScaler is not JSON serializable; 122)
[2025-10-19T16:23:11.513+0000] {local_task_job.py:208} INFO - Task exited with return code 1
[2025-10-19T16:23:11.535+0000] {taskinstance.py:2578} INFO - 0 downstream tasks scheduled from follow-on schedule check
