[2025-10-19T16:18:45.574+0000] {taskinstance.py:1083} INFO - Dependencies all met for <TaskInstance: iris_training_pipeline.train_and_evaluate_models manual__2025-10-19T16:18:44.279732+00:00 [queued]>
[2025-10-19T16:18:45.581+0000] {taskinstance.py:1083} INFO - Dependencies all met for <TaskInstance: iris_training_pipeline.train_and_evaluate_models manual__2025-10-19T16:18:44.279732+00:00 [queued]>
[2025-10-19T16:18:45.581+0000] {taskinstance.py:1279} INFO - 
--------------------------------------------------------------------------------
[2025-10-19T16:18:45.581+0000] {taskinstance.py:1280} INFO - Starting attempt 1 of 2
[2025-10-19T16:18:45.581+0000] {taskinstance.py:1281} INFO - 
--------------------------------------------------------------------------------
[2025-10-19T16:18:45.589+0000] {taskinstance.py:1300} INFO - Executing <Task(PythonOperator): train_and_evaluate_models> on 2025-10-19 16:18:44.279732+00:00
[2025-10-19T16:18:45.593+0000] {standard_task_runner.py:55} INFO - Started process 139 to run task
[2025-10-19T16:18:45.596+0000] {standard_task_runner.py:82} INFO - Running: ['***', 'tasks', 'run', 'iris_training_pipeline', 'train_and_evaluate_models', 'manual__2025-10-19T16:18:44.279732+00:00', '--job-id', '233', '--raw', '--subdir', 'DAGS_FOLDER/***.py', '--cfg-path', '/tmp/tmpliz20r0i']
[2025-10-19T16:18:45.596+0000] {standard_task_runner.py:83} INFO - Job 233: Subtask train_and_evaluate_models
[2025-10-19T16:18:45.645+0000] {task_command.py:388} INFO - Running <TaskInstance: iris_training_pipeline.train_and_evaluate_models manual__2025-10-19T16:18:44.279732+00:00 [running]> on host 4b05d90c9f59
[2025-10-19T16:18:45.690+0000] {taskinstance.py:1509} INFO - Exporting the following env vars:
AIRFLOW_CTX_DAG_OWNER=***
AIRFLOW_CTX_DAG_ID=iris_training_pipeline
AIRFLOW_CTX_TASK_ID=train_and_evaluate_models
AIRFLOW_CTX_EXECUTION_DATE=2025-10-19T16:18:44.279732+00:00
AIRFLOW_CTX_TRY_NUMBER=1
AIRFLOW_CTX_DAG_RUN_ID=manual__2025-10-19T16:18:44.279732+00:00
[2025-10-19T16:18:45.691+0000] {logging_mixin.py:137} INFO - [DAG] Starting Iris training pipeline...
[2025-10-19T16:18:45.693+0000] {logging_mixin.py:137} INFO - [INFO] Dataset loaded successfully.
[2025-10-19T16:18:45.696+0000] {logging_mixin.py:137} INFO - [INFO] Data preprocessed
[2025-10-19T16:18:45.701+0000] {logging_mixin.py:137} INFO - [INFO] Trained model: logistic_regression
[2025-10-19T16:18:45.746+0000] {logging_mixin.py:137} INFO - [INFO] Trained model: random_forest
[2025-10-19T16:18:45.750+0000] {logging_mixin.py:137} INFO - [INFO] Trained model: svm
[2025-10-19T16:18:45.752+0000] {logging_mixin.py:137} INFO - [INFO] Evaluation for logistic_regression: {'accuracy': 0.9333333333333333, 'precision': 0.9333333333333332, 'recall': 0.9333333333333332, 'f1_score': 0.9333333333333332}
[2025-10-19T16:18:45.755+0000] {logging_mixin.py:137} INFO - [INFO] Evaluation for random_forest: {'accuracy': 0.9, 'precision': 0.9023569023569024, 'recall': 0.9, 'f1_score': 0.899749373433584}
[2025-10-19T16:18:45.756+0000] {logging_mixin.py:137} INFO - [INFO] Evaluation for svm: {'accuracy': 0.9666666666666667, 'precision': 0.9696969696969697, 'recall': 0.9666666666666667, 'f1_score': 0.9665831244778613}
[2025-10-19T16:18:45.787+0000] {logging_mixin.py:137} INFO - [INFO] Saved models, scaler, and metrics to /opt/***/model
[2025-10-19T16:18:45.787+0000] {logging_mixin.py:137} INFO - [DAG] Pipeline complete. Metrics saved at: /opt/***/model/metrics.json
[2025-10-19T16:18:45.788+0000] {python.py:177} INFO - Done. Returned value was: /opt/***/model/metrics.json
[2025-10-19T16:18:45.802+0000] {taskinstance.py:1323} INFO - Marking task as SUCCESS. dag_id=iris_training_pipeline, task_id=train_and_evaluate_models, execution_date=20251019T161844, start_date=20251019T161845, end_date=20251019T161845
[2025-10-19T16:18:45.821+0000] {local_task_job.py:208} INFO - Task exited with return code 0
[2025-10-19T16:18:45.832+0000] {taskinstance.py:2578} INFO - 0 downstream tasks scheduled from follow-on schedule check
